
Note: Compatibility modes selected: hs a


Circuit: * tt_analog_ring, code 8

Doing analysis at TEMP = 27.000000 and TNOM = 27.000000

Using SPARSE 1.3 as Direct Linear Solver
 Reference value :  0.00000e+00
No. of Data Rows : 1
idd_dis=3.35132E-05 vbp=0.822422 vbn=0.274144 clk_dis=1.2
Doing analysis at TEMP = 27.000000 and TNOM = 27.000000

Using SPARSE 1.3 as Direct Linear Solver

Initial Transient Solution
--------------------------

Node                                   Voltage
----                                   -------
vpwr                                       1.2
code[0]                                      0
code[1]                                      0
code[2]                                      0
code[3]                                    1.2
code[4]                                      0
code[5]                                      0
code[6]                                      0
code[7]                                      0
enable                                       0
xdut.vbp                              0.822422
clk_out                                    1.2
xdut.b1                            9.31743e-07
xdut.s3                            2.19706e-05
xdut.s2                                1.19999
xdut.n_126                             1.19998
xdut.s1                            2.19719e-05
xdut.n_125                             1.19999
xdut.s10                               1.19999
xdut.s6                                1.19999
xdut.s5                            2.19706e-05
xdut.n_128                             1.19999
xdut.s9                            2.19706e-05
xdut.n_133                             1.19999
xdut.s4                                1.19999
xdut.n_129                             1.19998
xdut.s8                                1.19999
xdut.n_132                             1.19998
xdut.s7                            2.19706e-05
xdut.n_130                             1.19998
xdut.n_127                             1.19999
xdut.n_131                             1.19999
xdut.s0                                1.19999
xdut.n_124                             1.19998
xdut.n_71                          2.12416e-05
xdut.n_72                          2.12404e-05
xdut.n_70                          3.03402e-06
xdut.n_77                          2.12404e-05
xdut.n_75                          3.03402e-06
xdut.n_73                          3.03402e-06
xdut.n_67                          3.03402e-06
xdut.n_76                          3.03402e-06
xdut.n_69                          2.12404e-05
xdut.n_74                          2.12404e-05
xdut.n_122                             1.19999
xdut.n_i1005                           1.03091
xdut.n_68                          5.54674e-06
xdut.vbn                              0.274144
ven#branch                         2.39879e-11
vc7#branch                         2.50562e-11
vc6#branch                         1.25281e-11
vc5#branch                         6.26404e-12
vc4#branch                         3.13202e-12
vc3#branch                        -1.16385e-08
vc2#branch                         7.83005e-13
vc1#branch                         3.91503e-13
vc0#branch                         1.95751e-13
vdd#branch                        -3.35132e-05

 Reference value :  0.00000e+00
 Reference value :  2.26282e-08
 Reference value :  5.03524e-08
 Reference value :  7.80766e-08
 Reference value :  1.05801e-07
 Reference value :  1.31545e-07
 Reference value :  1.56629e-07
 Reference value :  1.82372e-07
 Reference value :  1.98541e-07
 Reference value :  2.10871e-07
 Reference value :  2.23413e-07
 Reference value :  2.35955e-07
 Reference value :  2.48652e-07
 Reference value :  2.61854e-07
 Reference value :  2.75056e-07
 Reference value :  2.87754e-07
 Reference value :  3.00956e-07
 Reference value :  3.14158e-07
 Reference value :  3.28020e-07
 Reference value :  3.40120e-07
 Reference value :  3.52662e-07
 Reference value :  3.65864e-07
 Reference value :  3.78618e-07
 Reference value :  3.91160e-07
 Reference value :  4.04362e-07
 Reference value :  4.17428e-07
 Reference value :  4.29437e-07
 Reference value :  4.41979e-07
 Reference value :  4.55181e-07
 Reference value :  4.67346e-07
 Reference value :  4.80548e-07
 Reference value :  4.93090e-07
 Reference value :  5.06004e-07
 Reference value :  5.18658e-07
 Reference value :  5.30540e-07
 Reference value :  5.42422e-07
 Reference value :  5.54063e-07
 Reference value :  5.65945e-07
 Reference value :  5.77827e-07
 Reference value :  5.91029e-07
 Reference value :  6.03825e-07
 Reference value :  6.17027e-07
 Reference value :  6.29569e-07
 Reference value :  6.40943e-07
 Reference value :  6.53484e-07
 Reference value :  6.66026e-07
 Reference value :  6.79228e-07
 Reference value :  6.90446e-07
 Reference value :  7.02328e-07
 Reference value :  7.14870e-07
 Reference value :  7.27889e-07
 Reference value :  7.40929e-07
 Reference value :  7.53471e-07
 Reference value :  7.66673e-07
 Reference value :  7.78527e-07
 Reference value :  7.91729e-07
 Reference value :  8.04931e-07
 Reference value :  8.17022e-07
 Reference value :  8.30157e-07
 Reference value :  8.42699e-07
 Reference value :  8.56561e-07
 Reference value :  8.67858e-07
 Reference value :  8.80400e-07
 Reference value :  8.92942e-07
 Reference value :  9.05452e-07
 Reference value :  9.17994e-07
 Reference value :  9.31196e-07
 Reference value :  9.45058e-07
 Reference value :  9.57154e-07
 Reference value :  9.69696e-07
 Reference value :  9.82898e-07
 Reference value :  9.95658e-07
 Reference value :  1.00886e-06
 Reference value :  1.02206e-06
 Reference value :  1.03526e-06
 Reference value :  1.04805e-06
 Reference value :  1.06059e-06
 Reference value :  1.07379e-06
 Reference value :  1.08514e-06
 Reference value :  1.09768e-06
 Reference value :  1.10956e-06
 Reference value :  1.12277e-06
 Reference value :  1.13400e-06
 Reference value :  1.14720e-06
 Reference value :  1.16041e-06
 Reference value :  1.17328e-06
 Reference value :  1.18649e-06
 Reference value :  1.19903e-06
 Reference value :  1.21223e-06
 Reference value :  1.22418e-06
 Reference value :  1.23672e-06
 Reference value :  1.24992e-06
 Reference value :  1.26272e-06
 Reference value :  1.27526e-06
 Reference value :  1.28781e-06
 Reference value :  1.30035e-06
 Reference value :  1.31299e-06
 Reference value :  1.32619e-06
 Reference value :  1.33873e-06
 Reference value :  1.35009e-06
 Reference value :  1.36263e-06
 Reference value :  1.37584e-06
 Reference value :  1.38889e-06
 Reference value :  1.40092e-06
 Reference value :  1.41347e-06
 Reference value :  1.42667e-06
 Reference value :  1.43887e-06
 Reference value :  1.45141e-06
 Reference value :  1.46329e-06
 Reference value :  1.47715e-06
 Reference value :  1.49034e-06
 Reference value :  1.50288e-06
 Reference value :  1.51543e-06
 Reference value :  1.52614e-06
 Reference value :  1.53802e-06
 Reference value :  1.54990e-06
 Reference value :  1.56310e-06
 Reference value :  1.57445e-06
 Reference value :  1.58699e-06
 Reference value :  1.60019e-06
 Reference value :  1.61321e-06
 Reference value :  1.62707e-06
 Reference value :  1.64027e-06
 Reference value :  1.65396e-06
 Reference value :  1.66761e-06
 Reference value :  1.68081e-06
 Reference value :  1.69401e-06
 Reference value :  1.70540e-06
 Reference value :  1.71794e-06
 Reference value :  1.73048e-06
 Reference value :  1.74264e-06
 Reference value :  1.75435e-06
 Reference value :  1.76624e-06
 Reference value :  1.78010e-06
 Reference value :  1.79248e-06
 Reference value :  1.80634e-06
 Reference value :  1.81954e-06
 Reference value :  1.83235e-06
 Reference value :  1.84622e-06
 Reference value :  1.85942e-06
 Reference value :  1.87328e-06
 Reference value :  1.88473e-06
 Reference value :  1.89662e-06
 Reference value :  1.90850e-06
 Reference value :  1.92060e-06
 Reference value :  1.93381e-06
 Reference value :  1.94701e-06
 Reference value :  1.96021e-06
 Reference value :  1.97155e-06
 Reference value :  1.98475e-06
 Reference value :  1.99862e-06
 Reference value :  2.01117e-06
 Reference value :  2.02437e-06
 Reference value :  2.03691e-06
 Reference value :  2.05078e-06
 Reference value :  2.06295e-06
 Reference value :  2.07615e-06
 Reference value :  2.09002e-06
 Reference value :  2.10252e-06
 Reference value :  2.11639e-06
 Reference value :  2.12959e-06
 Reference value :  2.14172e-06
 Reference value :  2.15552e-06
 Reference value :  2.16806e-06
 Reference value :  2.18192e-06
 Reference value :  2.19249e-06
 Reference value :  2.20569e-06
 Reference value :  2.21890e-06
 Reference value :  2.23113e-06
 Reference value :  2.24499e-06
 Reference value :  2.25885e-06
 Reference value :  2.27205e-06
 Reference value :  2.28420e-06
 Reference value :  2.29675e-06
 Reference value :  2.30995e-06
 Reference value :  2.32313e-06
 Reference value :  2.33567e-06
 Reference value :  2.34953e-06
 Reference value :  2.36278e-06
 Reference value :  2.37665e-06
 Reference value :  2.38919e-06
 Reference value :  2.40239e-06
 Reference value :  2.41309e-06
 Reference value :  2.42497e-06
 Reference value :  2.43751e-06
 Reference value :  2.44958e-06
 Reference value :  2.46195e-06
 Reference value :  2.47515e-06
 Reference value :  2.48836e-06
 Reference value :  2.50118e-06
 Reference value :  2.51439e-06
 Reference value :  2.52693e-06
 Reference value :  2.53865e-06
 Reference value :  2.55251e-06
 Reference value :  2.56440e-06
 Reference value :  2.57760e-06
 Reference value :  2.58850e-06
 Reference value :  2.60038e-06
 Reference value :  2.61227e-06
 Reference value :  2.62529e-06
 Reference value :  2.63812e-06
 Reference value :  2.65066e-06
 Reference value :  2.66453e-06
 Reference value :  2.67625e-06
 Reference value :  2.68945e-06
 Reference value :  2.70199e-06
 Reference value :  2.71480e-06
 Reference value :  2.72801e-06
 Reference value :  2.74187e-06
 Reference value :  2.75639e-06
 Reference value :  2.76850e-06
 Reference value :  2.78104e-06
 Reference value :  2.79425e-06
 Reference value :  2.80767e-06
 Reference value :  2.82154e-06
 Reference value :  2.83474e-06
 Reference value :  2.84711e-06
 Reference value :  2.85994e-06
 Reference value :  2.87315e-06
 Reference value :  2.88701e-06
 Reference value :  2.89890e-06
 Reference value :  2.91210e-06
 Reference value :  2.92530e-06
 Reference value :  2.93814e-06
 Reference value :  2.95134e-06
 Reference value :  2.96388e-06
 Reference value :  2.97774e-06
 Reference value :  2.98958e-06
 Reference value :  3.00345e-06
 Reference value :  3.01599e-06
 Reference value :  3.02806e-06
 Reference value :  3.04126e-06
 Reference value :  3.05446e-06
 Reference value :  3.06730e-06
 Reference value :  3.08020e-06
 Reference value :  3.09340e-06
 Reference value :  3.10726e-06
 Reference value :  3.12011e-06
 Reference value :  3.13331e-06
 Reference value :  3.14586e-06
 Reference value :  3.15907e-06
 Reference value :  3.17227e-06
 Reference value :  3.18613e-06
 Reference value :  3.19999e-06
 Reference value :  3.21199e-06
 Reference value :  3.22519e-06
 Reference value :  3.23905e-06
 Reference value :  3.25186e-06
 Reference value :  3.26506e-06
 Reference value :  3.27826e-06
 Reference value :  3.29037e-06
 Reference value :  3.30357e-06
 Reference value :  3.31677e-06
 Reference value :  3.33063e-06
 Reference value :  3.34249e-06
 Reference value :  3.35570e-06
 Reference value :  3.36956e-06
 Reference value :  3.38237e-06
 Reference value :  3.39557e-06
 Reference value :  3.40877e-06
 Reference value :  3.42127e-06
 Reference value :  3.43510e-06
 Reference value :  3.44830e-06
 Reference value :  3.46216e-06
 Reference value :  3.47354e-06
 Reference value :  3.48674e-06
 Reference value :  3.50060e-06
 Reference value :  3.51250e-06
 Reference value :  3.52570e-06
 Reference value :  3.53824e-06
 Reference value :  3.55145e-06
 Reference value :  3.56361e-06
 Reference value :  3.57615e-06
 Reference value :  3.58870e-06
 Reference value :  3.60107e-06
 Reference value :  3.61361e-06
 Reference value :  3.62682e-06
 Reference value :  3.64134e-06
 Reference value :  3.65363e-06
 Reference value :  3.66683e-06
 Reference value :  3.68069e-06
 Reference value :  3.69414e-06
 Reference value :  3.70734e-06
 Reference value :  3.72054e-06
 Reference value :  3.73257e-06
 Reference value :  3.74511e-06
 Reference value :  3.75766e-06
 Reference value :  3.77152e-06
 Reference value :  3.78272e-06
 Reference value :  3.79527e-06
 Reference value :  3.80781e-06
 Reference value :  3.81997e-06
 Reference value :  3.83384e-06
 Reference value :  3.84638e-06
 Reference value :  3.85958e-06
 Reference value :  3.87130e-06
 Reference value :  3.88384e-06
 Reference value :  3.89704e-06
 Reference value :  3.90992e-06
 Reference value :  3.92312e-06
 Reference value :  3.93566e-06
 Reference value :  3.94887e-06
 Reference value :  3.96000e-06
No. of Data Rows : 6080
vhold_min           =  1.20000e+00 at=  8.44928e-10
tfirst              =  2.40219e-07
t1                  =  2.40478e-06
t2                  =  2.49321e-06
t3                  =  2.58140e-06
t4                  =  2.66972e-06
t5                  =  2.75807e-06
t6                  =  2.84635e-06
t7                  =  2.93476e-06
t8                  =  3.02299e-06
t9                  =  3.11139e-06
t10                 =  3.19968e-06
t11                 =  3.28793e-06
t12                 =  3.37635e-06
idd_run             =  -3.64409e-05 from=  2.37600e-06 to=  3.96000e-06
vmax                =  1.23213e+00 at=  3.20046e-06
vmin                =  -3.34849e-02 at=  2.71370e-06
Note: Simulation executed from .control section 
Warning: m=xx on .subckt line will override multiplier m hierarchy!

Note: Starting dynamic gmin stepping
Note: Dynamic gmin stepping completed
Note: Starting dynamic gmin stepping
Note: Dynamic gmin stepping completed
