
Note: No compatibility mode selected!


Circuit: * output buffer into 108 ff

Doing analysis at TEMP = -40.000000 and TNOM = 27.000000

Using SPARSE 1.3 as Direct Linear Solver

Initial Transient Solution
--------------------------

Node                                   Voltage
----                                   -------
vpwr                                      1.08
s10                                          0
b1                                        1.08
clk_out                            8.87552e-09
vin#branch                         5.66217e-12
vdd#branch                        -2.00626e-11

 Reference value :  5.57000e-10
 Reference value :  1.75900e-09
 Reference value :  2.85700e-09
 Reference value :  3.95100e-09
 Reference value :  5.13900e-09
 Reference value :  6.34300e-09
 Reference value :  7.47500e-09
 Reference value :  8.54700e-09
 Reference value :  9.73500e-09
 Reference value :  1.09290e-08
 Reference value :  1.21030e-08
 Reference value :  1.31610e-08
 Reference value :  1.43230e-08
 Reference value :  1.55530e-08
 Reference value :  1.67810e-08
 Reference value :  1.78510e-08
No. of Data Rows : 9115
vmax                =  1.09119e+00 at=  1.38810e-08
vmin                =  -7.74385e-03 at=  1.53870e-08
tr2                 =  9.46738e-09
tr8                 =  9.73039e-09
tf8                 =  1.09980e-08
tf2                 =  1.13310e-08
trise=2.63014E-10 tfall=3.3302E-10
tin_r               =  9.28600e-09
tout_r              =  9.58185e-09
tpd=2.95851E-10
Note: Simulation executed from .control section 
