
Note: No compatibility mode selected!


Circuit: * tt_analog_ring, code 8

Doing analysis at TEMP = 27.000000 and TNOM = 27.000000

Using SPARSE 1.3 as Direct Linear Solver
 Reference value :  0.00000e+00
No. of Data Rows : 1
idd_dis=1.88582E-05 vbp=0.636511 vbn=0.359212 clk_dis=1.08
Doing analysis at TEMP = 27.000000 and TNOM = 27.000000

Using SPARSE 1.3 as Direct Linear Solver

Initial Transient Solution
--------------------------

Node                                   Voltage
----                                   -------
vpwr                                      1.08
code[0]                                      0
code[1]                                      0
code[2]                                      0
code[3]                                   1.08
code[4]                                      0
code[5]                                      0
code[6]                                      0
code[7]                                      0
enable                                       0
xdut.vbp                              0.636511
xdut.vbn                              0.359212
xdut.n0                            5.92321e-08
xdut.p0                                   1.08
xdut.na0                              0.886587
xdut.s0                                   1.08
xdut.s10                                  1.08
xdut.n1                            5.61302e-07
xdut.p1                                   1.08
xdut.s1                            5.75367e-07
xdut.n2                            2.53682e-08
xdut.p2                                   1.08
xdut.s2                                   1.08
xdut.n3                            5.61301e-07
xdut.p3                                   1.08
xdut.s3                            5.75366e-07
xdut.n4                            2.53682e-08
xdut.p4                                   1.08
xdut.s4                                   1.08
xdut.n5                            5.61301e-07
xdut.p5                                   1.08
xdut.s5                            5.75366e-07
xdut.n6                            2.53682e-08
xdut.p6                                   1.08
xdut.s6                                   1.08
xdut.n7                            5.61301e-07
xdut.p7                                   1.08
xdut.s7                            5.75366e-07
xdut.n8                            2.53682e-08
xdut.p8                                   1.08
xdut.s8                                   1.08
xdut.n9                            5.61301e-07
xdut.p9                                   1.08
xdut.s9                            5.75366e-07
xdut.n10                           2.53682e-08
xdut.p10                                  1.08
xdut.b1                            3.26882e-08
clk_out                                   1.08
ven#branch                         1.52808e-12
vc7#branch                         5.52977e-13
vc6#branch                         2.76488e-13
vc5#branch                         1.38244e-13
vc4#branch                         6.91221e-14
vc3#branch                        -5.10297e-10
vc2#branch                         1.72805e-14
vc1#branch                         8.64026e-15
vc0#branch                         4.32013e-15
vdd#branch                        -1.88582e-05

 Reference value :  0.00000e+00
 Reference value :  9.00240e-09
 Reference value :  2.02224e-08
 Reference value :  3.14424e-08
 Reference value :  4.23324e-08
 Reference value :  5.42124e-08
 Reference value :  6.57624e-08
 Reference value :  7.69824e-08
 Reference value :  8.82024e-08
 Reference value :  9.90200e-08
 Reference value :  1.03181e-07
 Reference value :  1.09451e-07
 Reference value :  1.15721e-07
 Reference value :  1.21991e-07
 Reference value :  1.28921e-07
 Reference value :  1.35647e-07
 Reference value :  1.41917e-07
 Reference value :  1.48847e-07
 Reference value :  1.55447e-07
 Reference value :  1.62377e-07
 Reference value :  1.68647e-07
 Reference value :  1.75247e-07
 Reference value :  1.81847e-07
 Reference value :  1.88447e-07
 Reference value :  1.95377e-07
 Reference value :  2.01072e-07
 Reference value :  2.07672e-07
 Reference value :  2.14272e-07
 Reference value :  2.20872e-07
 Reference value :  2.27802e-07
 Reference value :  2.34072e-07
 Reference value :  2.40672e-07
 Reference value :  2.47272e-07
 Reference value :  2.53872e-07
 Reference value :  2.61132e-07
 Reference value :  2.66824e-07
 Reference value :  2.73094e-07
 Reference value :  2.79694e-07
 Reference value :  2.86624e-07
 Reference value :  2.93554e-07
 Reference value :  3.00154e-07
 Reference value :  3.06754e-07
 Reference value :  3.13684e-07
 Reference value :  3.20614e-07
 Reference value :  3.26369e-07
 Reference value :  3.32969e-07
 Reference value :  3.39239e-07
 Reference value :  3.45509e-07
 Reference value :  3.52109e-07
 Reference value :  3.58709e-07
 Reference value :  3.64649e-07
 Reference value :  3.71249e-07
 Reference value :  3.77849e-07
 Reference value :  3.84779e-07
 Reference value :  3.90192e-07
 Reference value :  3.96792e-07
 Reference value :  4.04052e-07
 Reference value :  4.10652e-07
 Reference value :  4.17582e-07
 Reference value :  4.23522e-07
 Reference value :  4.30122e-07
 Reference value :  4.36722e-07
 Reference value :  4.43322e-07
 Reference value :  4.49592e-07
 Reference value :  4.55010e-07
 Reference value :  4.61280e-07
 Reference value :  4.67880e-07
 Reference value :  4.74150e-07
 Reference value :  4.80750e-07
 Reference value :  4.87020e-07
 Reference value :  4.93620e-07
 Reference value :  5.00220e-07
 Reference value :  5.07150e-07
 Reference value :  5.14080e-07
 Reference value :  5.19826e-07
 Reference value :  5.26756e-07
 Reference value :  5.33356e-07
 Reference value :  5.39956e-07
 Reference value :  5.46886e-07
 Reference value :  5.52496e-07
 Reference value :  5.58766e-07
 Reference value :  5.65366e-07
 Reference value :  5.71966e-07
 Reference value :  5.78896e-07
 Reference value :  5.84643e-07
 Reference value :  5.91243e-07
 Reference value :  5.98173e-07
 Reference value :  6.05103e-07
 Reference value :  6.12033e-07
 Reference value :  6.17973e-07
 Reference value :  6.24903e-07
 Reference value :  6.31503e-07
 Reference value :  6.38103e-07
 Reference value :  6.44635e-07
 Reference value :  6.50779e-07
 Reference value :  6.57379e-07
 Reference value :  6.64309e-07
 Reference value :  6.70579e-07
 Reference value :  6.77179e-07
 Reference value :  6.83449e-07
 Reference value :  6.90049e-07
 Reference value :  6.96979e-07
 Reference value :  7.03909e-07
 Reference value :  7.09656e-07
 Reference value :  7.16586e-07
 Reference value :  7.23516e-07
 Reference value :  7.30116e-07
 Reference value :  7.37046e-07
 Reference value :  7.42986e-07
 Reference value :  7.49256e-07
 Reference value :  7.55856e-07
 Reference value :  7.62786e-07
 Reference value :  7.69716e-07
 Reference value :  7.75132e-07
 Reference value :  7.82392e-07
 Reference value :  7.89322e-07
 Reference value :  7.96252e-07
 Reference value :  8.03182e-07
 Reference value :  8.09452e-07
 Reference value :  8.16382e-07
 Reference value :  8.23312e-07
 Reference value :  8.29912e-07
 Reference value :  8.36116e-07
 Reference value :  8.41928e-07
 Reference value :  8.48528e-07
 Reference value :  8.55458e-07
 Reference value :  8.62058e-07
 Reference value :  8.68658e-07
 Reference value :  8.74928e-07
 Reference value :  8.81858e-07
 Reference value :  8.88788e-07
 Reference value :  8.96048e-07
 Reference value :  9.01794e-07
 Reference value :  9.08724e-07
 Reference value :  9.15654e-07
 Reference value :  9.22254e-07
 Reference value :  9.29184e-07
 Reference value :  9.35454e-07
 Reference value :  9.42384e-07
 Reference value :  9.49314e-07
 Reference value :  9.55584e-07
 Reference value :  9.62514e-07
 Reference value :  9.68260e-07
 Reference value :  9.74860e-07
 Reference value :  9.81460e-07
 Reference value :  9.87730e-07
 Reference value :  9.94330e-07
 Reference value :  1.00027e-06
 Reference value :  1.00687e-06
 Reference value :  1.01347e-06
 Reference value :  1.02007e-06
 Reference value :  1.02700e-06
 Reference value :  1.03275e-06
 Reference value :  1.03968e-06
 Reference value :  1.04628e-06
 Reference value :  1.05288e-06
 Reference value :  1.05948e-06
 Reference value :  1.06542e-06
 Reference value :  1.07235e-06
 Reference value :  1.07928e-06
 Reference value :  1.08621e-06
 Reference value :  1.09199e-06
 Reference value :  1.09855e-06
 Reference value :  1.10515e-06
 Reference value :  1.11142e-06
 Reference value :  1.11802e-06
 Reference value :  1.12429e-06
 Reference value :  1.13056e-06
 Reference value :  1.13716e-06
 Reference value :  1.14376e-06
 Reference value :  1.15069e-06
 Reference value :  1.15611e-06
 Reference value :  1.16271e-06
 Reference value :  1.16964e-06
 Reference value :  1.17624e-06
 Reference value :  1.18317e-06
 Reference value :  1.18944e-06
 Reference value :  1.19604e-06
 Reference value :  1.20297e-06
 Reference value :  1.20957e-06
 Reference value :  1.21650e-06
 Reference value :  1.22225e-06
 Reference value :  1.22918e-06
 Reference value :  1.23578e-06
 Reference value :  1.24238e-06
 Reference value :  1.24964e-06
 Reference value :  1.25591e-06
 Reference value :  1.26251e-06
 Reference value :  1.26911e-06
 Reference value :  1.27571e-06
 Reference value :  1.28290e-06
 Reference value :  1.28937e-06
 Reference value :  1.29663e-06
 Reference value :  1.30323e-06
 Reference value :  1.30950e-06
 Reference value :  1.31610e-06
 Reference value :  1.32237e-06
 Reference value :  1.32930e-06
 Reference value :  1.33656e-06
 Reference value :  1.34349e-06
 Reference value :  1.34924e-06
 Reference value :  1.35650e-06
 Reference value :  1.36343e-06
 Reference value :  1.37003e-06
 Reference value :  1.37696e-06
 Reference value :  1.38323e-06
 Reference value :  1.38983e-06
 Reference value :  1.39643e-06
 Reference value :  1.40303e-06
 Reference value :  1.40963e-06
 Reference value :  1.41504e-06
 Reference value :  1.42131e-06
 Reference value :  1.42758e-06
 Reference value :  1.43385e-06
 Reference value :  1.44045e-06
 Reference value :  1.44672e-06
 Reference value :  1.45332e-06
 Reference value :  1.46025e-06
 Reference value :  1.46685e-06
 Reference value :  1.47378e-06
 Reference value :  1.47986e-06
 Reference value :  1.48679e-06
 Reference value :  1.49339e-06
 Reference value :  1.50032e-06
 Reference value :  1.50692e-06
 Reference value :  1.51319e-06
 Reference value :  1.52012e-06
 Reference value :  1.52672e-06
 Reference value :  1.53398e-06
 Reference value :  1.54006e-06
 Reference value :  1.54699e-06
 Reference value :  1.55392e-06
 Reference value :  1.56085e-06
 Reference value :  1.56745e-06
 Reference value :  1.57306e-06
 Reference value :  1.57933e-06
 Reference value :  1.58593e-06
 Reference value :  1.59220e-06
 Reference value :  1.59880e-06
 Reference value :  1.60388e-06
 Reference value :  1.61015e-06
 Reference value :  1.61675e-06
 Reference value :  1.62302e-06
 Reference value :  1.62962e-06
 Reference value :  1.63556e-06
 Reference value :  1.64183e-06
 Reference value :  1.64843e-06
 Reference value :  1.65503e-06
 Reference value :  1.66163e-06
 Reference value :  1.66705e-06
 Reference value :  1.67398e-06
 Reference value :  1.68091e-06
 Reference value :  1.68751e-06
 Reference value :  1.69444e-06
 Reference value :  1.70038e-06
 Reference value :  1.70665e-06
 Reference value :  1.71292e-06
 Reference value :  1.71985e-06
 Reference value :  1.72678e-06
 Reference value :  1.73187e-06
 Reference value :  1.73847e-06
 Reference value :  1.74540e-06
 Reference value :  1.75200e-06
 Reference value :  1.75926e-06
 Reference value :  1.76553e-06
 Reference value :  1.77246e-06
 Reference value :  1.77939e-06
 Reference value :  1.78599e-06
 Reference value :  1.79259e-06
 Reference value :  1.79833e-06
 Reference value :  1.80460e-06
 Reference value :  1.81087e-06
 Reference value :  1.81747e-06
 Reference value :  1.82374e-06
 Reference value :  1.82968e-06
 Reference value :  1.83628e-06
 Reference value :  1.84321e-06
 Reference value :  1.84981e-06
 Reference value :  1.85707e-06
 Reference value :  1.86282e-06
 Reference value :  1.86942e-06
 Reference value :  1.87602e-06
 Reference value :  1.88295e-06
 Reference value :  1.88955e-06
 Reference value :  1.89615e-06
 Reference value :  1.90275e-06
 Reference value :  1.90902e-06
 Reference value :  1.91628e-06
 Reference value :  1.92173e-06
 Reference value :  1.92830e-06
 Reference value :  1.93556e-06
 Reference value :  1.94216e-06
 Reference value :  1.94942e-06
 Reference value :  1.95569e-06
 Reference value :  1.96229e-06
 Reference value :  1.96922e-06
 Reference value :  1.97582e-06
No. of Data Rows : 6034
vhold_min           =  1.08000e+00 at=  1.32000e-11
tfirst              =  1.33625e-07
t1                  =  1.25095e-06
t2                  =  1.31478e-06
t3                  =  1.37860e-06
t4                  =  1.44243e-06
t5                  =  1.50625e-06
t6                  =  1.57008e-06
t7                  =  1.63391e-06
t8                  =  1.69773e-06
t9                  =  1.76156e-06
t10                 =  1.82538e-06
t11                 =  1.88921e-06
t12                 =  1.95304e-06
idd_run             =  -1.98294e-05 from=  1.18800e-06 to=  1.98000e-06
vmax                =  1.09547e+00 at=  1.25162e-06
vmin                =  -1.84742e-03 at=  1.95206e-06
Note: Simulation executed from .control section 
Note: Starting dynamic gmin stepping
Note: Dynamic gmin stepping completed
Note: Starting dynamic gmin stepping
Note: Dynamic gmin stepping completed
