
Note: Compatibility modes selected: hs a


Circuit: * tt_analog_ring, code 255

Doing analysis at TEMP = 125.000000 and TNOM = 27.000000

Using SPARSE 1.3 as Direct Linear Solver
 Reference value :  0.00000e+00
No. of Data Rows : 1
idd_dis=0.000421579 vbp=0.563271 vbn=0.551032 clk_dis=1.2
Doing analysis at TEMP = 125.000000 and TNOM = 27.000000

Using SPARSE 1.3 as Direct Linear Solver

Initial Transient Solution
--------------------------

Node                                   Voltage
----                                   -------
vpwr                                       1.2
code[0]                                    1.2
code[1]                                    1.2
code[2]                                    1.2
code[3]                                    1.2
code[4]                                    1.2
code[5]                                    1.2
code[6]                                    1.2
code[7]                                    1.2
enable                                       0
xdut.vbp                              0.563271
clk_out                                    1.2
xdut.b1                            1.04445e-05
xdut.s3                            6.42954e-05
xdut.s2                                    1.2
xdut.n_126                             1.19994
xdut.s1                             6.4299e-05
xdut.n_125                                 1.2
xdut.s10                                   1.2
xdut.s6                                    1.2
xdut.s5                            6.42954e-05
xdut.n_128                                 1.2
xdut.s9                            6.42954e-05
xdut.n_133                                 1.2
xdut.s4                                    1.2
xdut.n_129                             1.19994
xdut.s8                                    1.2
xdut.n_132                             1.19994
xdut.s7                            6.42954e-05
xdut.n_130                             1.19994
xdut.n_127                                 1.2
xdut.n_131                                 1.2
xdut.s0                                1.19999
xdut.n_124                             1.19994
xdut.n_71                          5.40963e-05
xdut.n_72                          5.40933e-05
xdut.n_70                          1.99837e-06
xdut.n_77                          5.40933e-05
xdut.n_75                          1.99837e-06
xdut.n_73                          1.99837e-06
xdut.n_67                          1.99837e-06
xdut.n_76                          1.99837e-06
xdut.n_69                          5.40933e-05
xdut.n_74                          5.40933e-05
xdut.n_122                             1.19999
xdut.n_i1005                           1.01878
xdut.n_68                          4.28459e-06
xdut.vbn                              0.551032
ven#branch                         2.07674e-11
vc7#branch                        -5.60801e-08
vc6#branch                        -2.80401e-08
vc5#branch                          -1.402e-08
vc4#branch                        -7.01001e-09
vc3#branch                        -3.50501e-09
vc2#branch                         -1.7525e-09
vc1#branch                        -8.76252e-10
vc0#branch                        -4.38126e-10
vdd#branch                        -0.000421579

 Reference value :  0.00000e+00
 Reference value :  3.02324e-09
 Reference value :  6.31636e-09
 Reference value :  9.12756e-09
 Reference value :  1.10151e-08
 Reference value :  1.28930e-08
 Reference value :  1.39773e-08
 Reference value :  1.52222e-08
 Reference value :  1.65074e-08
 Reference value :  1.76318e-08
 Reference value :  1.86760e-08
 Reference value :  1.99611e-08
 Reference value :  2.16478e-08
 Reference value :  2.36960e-08
 Reference value :  2.56237e-08
 Reference value :  2.76718e-08
 Reference value :  2.96397e-08
 Reference value :  3.17280e-08
 Reference value :  3.35754e-08
 Reference value :  3.56637e-08
 Reference value :  3.75914e-08
 Reference value :  3.96797e-08
 Reference value :  4.15672e-08
 Reference value :  4.36555e-08
 Reference value :  4.55832e-08
 Reference value :  4.76715e-08
 Reference value :  4.96394e-08
 Reference value :  5.17277e-08
 Reference value :  5.37758e-08
 Reference value :  5.59043e-08
 Reference value :  5.79525e-08
 Reference value :  6.00006e-08
 Reference value :  6.20890e-08
 Reference value :  6.41371e-08
 Reference value :  6.61853e-08
 Reference value :  6.81531e-08
 Reference value :  7.01611e-08
 Reference value :  7.20085e-08
 Reference value :  7.40968e-08
 Reference value :  7.60646e-08
 Reference value :  7.81530e-08
 Reference value :  8.01610e-08
 Reference value :  8.22894e-08
 Reference value :  8.42974e-08
 Reference value :  8.63858e-08
 Reference value :  8.83134e-08
 Reference value :  9.03616e-08
 Reference value :  9.23696e-08
 Reference value :  9.43374e-08
 Reference value :  9.63053e-08
 Reference value :  9.83534e-08
 Reference value :  1.00361e-07
 Reference value :  1.02410e-07
 Reference value :  1.04578e-07
 Reference value :  1.06546e-07
 Reference value :  1.08715e-07
 Reference value :  1.10562e-07
 Reference value :  1.12771e-07
 Reference value :  1.14779e-07
 Reference value :  1.16827e-07
 Reference value :  1.18715e-07
 Reference value :  1.20803e-07
 Reference value :  1.22771e-07
 Reference value :  1.24859e-07
 Reference value :  1.26787e-07
 Reference value :  1.28875e-07
 Reference value :  1.30803e-07
 Reference value :  1.32851e-07
 Reference value :  1.34819e-07
 Reference value :  1.36746e-07
 Reference value :  1.38554e-07
 Reference value :  1.40521e-07
 Reference value :  1.42288e-07
 Reference value :  1.44337e-07
 Reference value :  1.46304e-07
 Reference value :  1.48312e-07
 Reference value :  1.50320e-07
 Reference value :  1.52208e-07
 Reference value :  1.54296e-07
 Reference value :  1.56264e-07
 Reference value :  1.58312e-07
 Reference value :  1.60320e-07
 Reference value :  1.62328e-07
 Reference value :  1.64216e-07
 Reference value :  1.66264e-07
 Reference value :  1.68272e-07
 Reference value :  1.70280e-07
 Reference value :  1.72127e-07
 Reference value :  1.74135e-07
 Reference value :  1.75943e-07
 Reference value :  1.78031e-07
 Reference value :  1.79918e-07
 Reference value :  1.82208e-07
 Reference value :  1.84216e-07
 Reference value :  1.86224e-07
 Reference value :  1.88151e-07
 Reference value :  1.90119e-07
 Reference value :  1.92007e-07
 Reference value :  1.94095e-07
 Reference value :  1.95982e-07
 Reference value :  1.98111e-07
 Reference value :  2.00079e-07
 Reference value :  2.02047e-07
 Reference value :  2.03934e-07
 Reference value :  2.05982e-07
 Reference value :  2.07910e-07
 Reference value :  2.09275e-07
 Reference value :  2.10922e-07
 Reference value :  2.13010e-07
 Reference value :  2.14978e-07
 Reference value :  2.16986e-07
 Reference value :  2.18512e-07
 Reference value :  2.19717e-07
 Reference value :  2.21645e-07
 Reference value :  2.23733e-07
 Reference value :  2.25661e-07
 Reference value :  2.27388e-07
 Reference value :  2.29396e-07
 Reference value :  2.31564e-07
 Reference value :  2.33452e-07
 Reference value :  2.35540e-07
 Reference value :  2.37508e-07
 Reference value :  2.39556e-07
No. of Data Rows : 6014
vhold_min           =  1.20000e+00 at=  1.31725e-10
tfirst              =  1.62994e-08
t1                  =  1.50941e-07
t2                  =  1.58632e-07
t3                  =  1.66322e-07
t4                  =  1.74013e-07
t5                  =  1.81703e-07
t6                  =  1.89393e-07
t7                  =  1.97083e-07
t8                  =  2.04774e-07
t9                  =  2.12464e-07
t10                 =  2.20155e-07
t11                 =  2.27845e-07
t12                 =  2.35535e-07
idd_run             =  -4.36959e-04 from=  1.44600e-07 to=  2.41000e-07
vmax                =  1.20590e+00 at=  2.39074e-07
vmin                =  -2.91012e-03 at=  1.50682e-07
Note: Simulation executed from .control section 
Warning: m=xx on .subckt line will override multiplier m hierarchy!

Note: Starting dynamic gmin stepping
Note: Dynamic gmin stepping completed
Note: Starting dynamic gmin stepping
Note: Dynamic gmin stepping completed
