
Note: Compatibility modes selected: hs a


Circuit: * tt_analog_ring, code 15

Doing analysis at TEMP = 27.000000 and TNOM = 27.000000

Using SPARSE 1.3 as Direct Linear Solver
 Reference value :  0.00000e+00
No. of Data Rows : 1
idd_dis=4.81602E-05 vbp=0.749418 vbn=0.337342 clk_dis=1.2
Doing analysis at TEMP = 27.000000 and TNOM = 27.000000

Using SPARSE 1.3 as Direct Linear Solver

Initial Transient Solution
--------------------------

Node                                   Voltage
----                                   -------
vpwr                                       1.2
code[0]                                    1.2
code[1]                                    1.2
code[2]                                    1.2
code[3]                                    1.2
code[4]                                      0
code[5]                                      0
code[6]                                      0
code[7]                                      0
enable                                       0
xdut.vbp                              0.749418
clk_out                                    1.2
xdut.b1                            1.60407e-07
xdut.s3                            3.37435e-06
xdut.s2                                    1.2
xdut.n_126                                 1.2
xdut.s1                            2.04665e-06
xdut.n_125                                 1.2
xdut.s10                                   1.2
xdut.s6                                    1.2
xdut.s5                            2.52103e-06
xdut.n_128                                 1.2
xdut.s9                            3.82032e-06
xdut.n_133                                 1.2
xdut.s4                                    1.2
xdut.n_129                                 1.2
xdut.s8                                    1.2
xdut.n_132                                 1.2
xdut.s7                            2.51247e-06
xdut.n_130                                 1.2
xdut.n_127                                 1.2
xdut.n_131                                 1.2
xdut.s0                                    1.2
xdut.n_124                                 1.2
xdut.n_71                          1.97601e-06
xdut.n_72                          2.41691e-06
xdut.n_70                          2.11577e-07
xdut.n_77                          3.27007e-06
xdut.n_75                          3.18429e-07
xdut.n_73                            1.665e-07
xdut.n_67                          1.65226e-07
xdut.n_76                          5.52424e-07
xdut.n_69                          3.70243e-06
xdut.n_74                          2.43638e-06
xdut.n_122                                 1.2
xdut.n_i1005                           1.03169
xdut.n_68                          7.36061e-07
xdut.vbn                              0.337342
ven#branch                         7.28343e-12
vc7#branch                         4.11382e-12
vc6#branch                         2.06286e-12
vc5#branch                          1.0266e-12
vc4#branch                         5.09157e-13
vc3#branch                        -3.39881e-09
vc2#branch                        -1.70038e-09
vc1#branch                        -8.48416e-10
vc0#branch                        -4.20591e-10
vdd#branch                        -4.81602e-05

 Reference value :  0.00000e+00
 Reference value :  1.27496e-08
 Reference value :  2.80736e-08
 Reference value :  4.33976e-08
 Reference value :  5.87216e-08
 Reference value :  7.48118e-08
 Reference value :  9.05189e-08
 Reference value :  1.06226e-07
 Reference value :  1.15824e-07
 Reference value :  1.24252e-07
 Reference value :  1.31914e-07
 Reference value :  1.39193e-07
 Reference value :  1.47238e-07
 Reference value :  1.53948e-07
 Reference value :  1.61610e-07
 Reference value :  1.68889e-07
 Reference value :  1.77317e-07
 Reference value :  1.84084e-07
 Reference value :  1.91363e-07
 Reference value :  1.98642e-07
 Reference value :  2.06304e-07
 Reference value :  2.12856e-07
 Reference value :  2.20135e-07
 Reference value :  2.27031e-07
 Reference value :  2.34693e-07
 Reference value :  2.42355e-07
 Reference value :  2.49120e-07
 Reference value :  2.56016e-07
 Reference value :  2.63294e-07
 Reference value :  2.70956e-07
 Reference value :  2.78280e-07
 Reference value :  2.86708e-07
 Reference value :  2.95137e-07
 Reference value :  3.04331e-07
 Reference value :  3.12376e-07
 Reference value :  3.20804e-07
 Reference value :  3.29616e-07
 Reference value :  3.38094e-07
 Reference value :  3.46522e-07
 Reference value :  3.54567e-07
 Reference value :  3.62995e-07
 Reference value :  3.71308e-07
 Reference value :  3.79736e-07
 Reference value :  3.87781e-07
 Reference value :  3.96209e-07
 Reference value :  4.03450e-07
 Reference value :  4.11495e-07
 Reference value :  4.19540e-07
 Reference value :  4.28351e-07
 Reference value :  4.36377e-07
 Reference value :  4.44805e-07
 Reference value :  4.53233e-07
 Reference value :  4.62427e-07
 Reference value :  4.69697e-07
 Reference value :  4.78125e-07
 Reference value :  4.86170e-07
 Reference value :  4.94981e-07
 Reference value :  5.02116e-07
 Reference value :  5.09011e-07
 Reference value :  5.16673e-07
 Reference value :  5.24335e-07
 Reference value :  5.31287e-07
 Reference value :  5.38949e-07
 Reference value :  5.46611e-07
 Reference value :  5.55039e-07
 Reference value :  5.62211e-07
 Reference value :  5.69490e-07
 Reference value :  5.77535e-07
 Reference value :  5.85963e-07
 Reference value :  5.93180e-07
 Reference value :  6.01609e-07
 Reference value :  6.10037e-07
 Reference value :  6.18848e-07
 Reference value :  6.27254e-07
 Reference value :  6.36065e-07
 Reference value :  6.45259e-07
 Reference value :  6.54071e-07
 Reference value :  6.60186e-07
 Reference value :  6.67465e-07
 Reference value :  6.74744e-07
 Reference value :  6.82789e-07
 Reference value :  6.89545e-07
 Reference value :  6.96824e-07
 Reference value :  7.04103e-07
 Reference value :  7.11765e-07
 Reference value :  7.19093e-07
 Reference value :  7.26755e-07
 Reference value :  7.34417e-07
 Reference value :  7.42462e-07
 Reference value :  7.50007e-07
 Reference value :  7.57669e-07
 Reference value :  7.65714e-07
 Reference value :  7.73759e-07
 Reference value :  7.81247e-07
 Reference value :  7.88675e-07
 Reference value :  7.96720e-07
 Reference value :  8.04382e-07
 Reference value :  8.12044e-07
 Reference value :  8.18932e-07
 Reference value :  8.25828e-07
 Reference value :  8.33490e-07
 Reference value :  8.41918e-07
 Reference value :  8.48827e-07
 Reference value :  8.56489e-07
 Reference value :  8.64151e-07
 Reference value :  8.72196e-07
 Reference value :  8.80092e-07
 Reference value :  8.88520e-07
 Reference value :  8.96948e-07
 Reference value :  9.05760e-07
 Reference value :  9.13548e-07
 Reference value :  9.22360e-07
 Reference value :  9.31171e-07
 Reference value :  9.39982e-07
 Reference value :  9.48411e-07
 Reference value :  9.56839e-07
 Reference value :  9.65267e-07
 Reference value :  9.73373e-07
 Reference value :  9.81801e-07
 Reference value :  9.89846e-07
 Reference value :  9.98657e-07
 Reference value :  1.00660e-06
 Reference value :  1.01465e-06
 Reference value :  1.02269e-06
 Reference value :  1.03189e-06
 Reference value :  1.03987e-06
 Reference value :  1.04868e-06
 Reference value :  1.05672e-06
 Reference value :  1.06592e-06
 Reference value :  1.07434e-06
 Reference value :  1.08276e-06
 Reference value :  1.09119e-06
 Reference value :  1.09963e-06
 Reference value :  1.10767e-06
 Reference value :  1.11533e-06
 Reference value :  1.12376e-06
 Reference value :  1.13204e-06
 Reference value :  1.14047e-06
 Reference value :  1.14890e-06
 Reference value :  1.15771e-06
 Reference value :  1.16547e-06
 Reference value :  1.17352e-06
 Reference value :  1.18156e-06
 Reference value :  1.19038e-06
 Reference value :  1.19842e-06
 Reference value :  1.20685e-06
 Reference value :  1.21528e-06
 Reference value :  1.22447e-06
 Reference value :  1.23178e-06
 Reference value :  1.24021e-06
 Reference value :  1.24864e-06
 Reference value :  1.25693e-06
 Reference value :  1.26536e-06
 Reference value :  1.27379e-06
 Reference value :  1.28221e-06
 Reference value :  1.29000e-06
 Reference value :  1.29842e-06
 Reference value :  1.30685e-06
 Reference value :  1.31566e-06
 Reference value :  1.32365e-06
 Reference value :  1.33208e-06
 Reference value :  1.34051e-06
 Reference value :  1.34932e-06
 Reference value :  1.35664e-06
 Reference value :  1.36546e-06
 Reference value :  1.37388e-06
 Reference value :  1.38308e-06
 Reference value :  1.39100e-06
 Reference value :  1.39981e-06
 Reference value :  1.40786e-06
 Reference value :  1.41549e-06
 Reference value :  1.42354e-06
 Reference value :  1.43158e-06
 Reference value :  1.44078e-06
 Reference value :  1.44957e-06
 Reference value :  1.45799e-06
 Reference value :  1.46719e-06
 Reference value :  1.47638e-06
 Reference value :  1.48519e-06
 Reference value :  1.49400e-06
 Reference value :  1.50281e-06
 Reference value :  1.51071e-06
 Reference value :  1.51914e-06
 Reference value :  1.52757e-06
 Reference value :  1.53676e-06
 Reference value :  1.54448e-06
 Reference value :  1.55252e-06
 Reference value :  1.56057e-06
 Reference value :  1.56938e-06
 Reference value :  1.57693e-06
 Reference value :  1.58536e-06
 Reference value :  1.59379e-06
 Reference value :  1.60260e-06
 Reference value :  1.60981e-06
 Reference value :  1.61786e-06
 Reference value :  1.62590e-06
 Reference value :  1.63510e-06
 Reference value :  1.64311e-06
 Reference value :  1.65115e-06
 Reference value :  1.65958e-06
 Reference value :  1.66826e-06
 Reference value :  1.67598e-06
 Reference value :  1.68479e-06
 Reference value :  1.69322e-06
 Reference value :  1.70199e-06
 Reference value :  1.71004e-06
 Reference value :  1.71846e-06
 Reference value :  1.72728e-06
 Reference value :  1.73500e-06
 Reference value :  1.74305e-06
 Reference value :  1.75071e-06
 Reference value :  1.75952e-06
 Reference value :  1.76709e-06
 Reference value :  1.77514e-06
 Reference value :  1.78318e-06
 Reference value :  1.79199e-06
 Reference value :  1.79879e-06
 Reference value :  1.80683e-06
 Reference value :  1.81488e-06
 Reference value :  1.82369e-06
 Reference value :  1.83171e-06
 Reference value :  1.83975e-06
 Reference value :  1.84818e-06
 Reference value :  1.85699e-06
 Reference value :  1.86421e-06
 Reference value :  1.87263e-06
 Reference value :  1.88106e-06
 Reference value :  1.88987e-06
 Reference value :  1.89745e-06
 Reference value :  1.90550e-06
 Reference value :  1.91392e-06
 Reference value :  1.92183e-06
 Reference value :  1.93005e-06
 Reference value :  1.93848e-06
 Reference value :  1.94691e-06
 Reference value :  1.95521e-06
 Reference value :  1.96364e-06
 Reference value :  1.97207e-06
 Reference value :  1.98088e-06
 Reference value :  1.98818e-06
 Reference value :  1.99661e-06
 Reference value :  2.00465e-06
 Reference value :  2.01500e-06
 Reference value :  2.02419e-06
 Reference value :  2.03262e-06
 Reference value :  2.04105e-06
 Reference value :  2.04913e-06
 Reference value :  2.05756e-06
 Reference value :  2.06599e-06
 Reference value :  2.07480e-06
 Reference value :  2.08309e-06
 Reference value :  2.09190e-06
 Reference value :  2.10110e-06
 Reference value :  2.11029e-06
 Reference value :  2.11801e-06
 Reference value :  2.12683e-06
 Reference value :  2.13525e-06
 Reference value :  2.14407e-06
 Reference value :  2.15249e-06
 Reference value :  2.16092e-06
 Reference value :  2.16973e-06
 Reference value :  2.17745e-06
 Reference value :  2.18588e-06
 Reference value :  2.19431e-06
 Reference value :  2.20350e-06
 Reference value :  2.21145e-06
 Reference value :  2.21987e-06
 Reference value :  2.22869e-06
 Reference value :  2.23750e-06
 Reference value :  2.24470e-06
 Reference value :  2.25313e-06
 Reference value :  2.26156e-06
 Reference value :  2.27037e-06
 Reference value :  2.27878e-06
 Reference value :  2.28720e-06
 Reference value :  2.29602e-06
No. of Data Rows : 6057
vhold_min           =  1.20000e+00 at=  8.73468e-10
tfirst              =  1.46799e-07
t1                  =  1.38279e-06
t2                  =  1.44617e-06
t3                  =  1.50951e-06
t4                  =  1.57291e-06
t5                  =  1.63629e-06
t6                  =  1.69963e-06
t7                  =  1.76304e-06
t8                  =  1.82641e-06
t9                  =  1.88975e-06
t10                 =  1.95315e-06
t11                 =  2.01652e-06
t12                 =  2.07989e-06
idd_run             =  -5.06144e-05 from=  1.37900e-06 to=  2.29900e-06
vmax                =  1.22451e+00 at=  1.51000e-06
vmin                =  -2.64059e-02 at=  1.79495e-06
Note: Simulation executed from .control section 
Warning: m=xx on .subckt line will override multiplier m hierarchy!

Note: Starting dynamic gmin stepping
Note: Dynamic gmin stepping completed
Note: Starting dynamic gmin stepping
Note: Dynamic gmin stepping completed
