
Note: Compatibility modes selected: hs a


Circuit: * tt_analog_ring, code 64

Doing analysis at TEMP = 125.000000 and TNOM = 27.000000

Using SPARSE 1.3 as Direct Linear Solver
 Reference value :  0.00000e+00
No. of Data Rows : 1
idd_dis=0.000135426 vbp=0.681448 vbn=0.346098 clk_dis=1.2
Doing analysis at TEMP = 125.000000 and TNOM = 27.000000

Using SPARSE 1.3 as Direct Linear Solver

Initial Transient Solution
--------------------------

Node                                   Voltage
----                                   -------
vpwr                                       1.2
code[0]                                      0
code[1]                                      0
code[2]                                      0
code[3]                                      0
code[4]                                      0
code[5]                                      0
code[6]                                    1.2
code[7]                                      0
enable                                       0
xdut.vbp                              0.681448
clk_out                                    1.2
xdut.b1                            1.61377e-06
xdut.s3                            1.87183e-05
xdut.s2                                1.19997
xdut.n_126                             1.19998
xdut.s1                            1.87275e-05
xdut.n_125                             1.19997
xdut.s10                               1.19997
xdut.s6                                1.19997
xdut.s5                            1.87183e-05
xdut.n_128                             1.19997
xdut.s9                            1.87183e-05
xdut.n_133                             1.19997
xdut.s4                                1.19997
xdut.n_129                             1.19998
xdut.s8                                1.19997
xdut.n_132                             1.19998
xdut.s7                            1.87183e-05
xdut.n_130                             1.19998
xdut.n_127                             1.19997
xdut.n_131                             1.19997
xdut.s0                                1.19994
xdut.n_124                             1.19998
xdut.n_71                          1.71876e-05
xdut.n_72                          1.71793e-05
xdut.n_70                          2.73766e-05
xdut.n_77                          1.71793e-05
xdut.n_75                          2.73766e-05
xdut.n_73                          2.73766e-05
xdut.n_67                          2.73766e-05
xdut.n_76                          2.73766e-05
xdut.n_69                          1.71793e-05
xdut.n_74                          1.71793e-05
xdut.n_122                             1.19994
xdut.n_i1005                            1.0175
xdut.n_68                          5.11407e-05
xdut.vbn                              0.346098
ven#branch                         7.67446e-12
vc7#branch                         3.16489e-11
vc6#branch                        -9.55949e-08
vc5#branch                         7.91223e-12
vc4#branch                         3.95612e-12
vc3#branch                         1.97806e-12
vc2#branch                         9.89029e-13
vc1#branch                         4.94514e-13
vc0#branch                         2.47257e-13
vdd#branch                        -0.000135426

 Reference value :  0.00000e+00
 Reference value :  8.07042e-09
 Reference value :  1.68518e-08
 Reference value :  2.56332e-08
 Reference value :  3.26956e-08
 Reference value :  3.76682e-08
 Reference value :  4.23234e-08
 Reference value :  4.55954e-08
 Reference value :  4.94042e-08
 Reference value :  5.39536e-08
 Reference value :  5.79740e-08
 Reference value :  6.18886e-08
 Reference value :  6.60101e-08
 Reference value :  6.97131e-08
 Reference value :  7.37335e-08
 Reference value :  7.75423e-08
 Reference value :  8.13511e-08
 Reference value :  8.54773e-08
 Reference value :  8.92861e-08
 Reference value :  9.32007e-08
 Reference value :  9.72211e-08
 Reference value :  1.00818e-07
 Reference value :  1.04627e-07
 Reference value :  1.08753e-07
 Reference value :  1.12351e-07
 Reference value :  1.16159e-07
 Reference value :  1.20180e-07
 Reference value :  1.23777e-07
 Reference value :  1.27797e-07
 Reference value :  1.31606e-07
 Reference value :  1.34992e-07
 Reference value :  1.37637e-07
 Reference value :  1.40176e-07
 Reference value :  1.42398e-07
 Reference value :  1.44620e-07
 Reference value :  1.46736e-07
 Reference value :  1.49169e-07
 Reference value :  1.51497e-07
 Reference value :  1.53613e-07
 Reference value :  1.55940e-07
 Reference value :  1.58268e-07
 Reference value :  1.60913e-07
 Reference value :  1.63029e-07
 Reference value :  1.65251e-07
 Reference value :  1.67367e-07
 Reference value :  1.69800e-07
 Reference value :  1.72445e-07
 Reference value :  1.74773e-07
 Reference value :  1.77206e-07
 Reference value :  1.79534e-07
 Reference value :  1.82284e-07
 Reference value :  1.84718e-07
 Reference value :  1.87151e-07
 Reference value :  1.89479e-07
 Reference value :  1.92230e-07
 Reference value :  1.94663e-07
 Reference value :  1.97096e-07
 Reference value :  1.99424e-07
 Reference value :  2.02069e-07
 Reference value :  2.04397e-07
 Reference value :  2.06513e-07
 Reference value :  2.08629e-07
 Reference value :  2.10745e-07
 Reference value :  2.13178e-07
 Reference value :  2.15399e-07
 Reference value :  2.17515e-07
 Reference value :  2.19631e-07
 Reference value :  2.21747e-07
 Reference value :  2.24286e-07
 Reference value :  2.26508e-07
 Reference value :  2.28730e-07
 Reference value :  2.31057e-07
 Reference value :  2.33385e-07
 Reference value :  2.35920e-07
 Reference value :  2.38247e-07
 Reference value :  2.40575e-07
 Reference value :  2.42797e-07
 Reference value :  2.45336e-07
 Reference value :  2.47664e-07
 Reference value :  2.49780e-07
 Reference value :  2.51896e-07
 Reference value :  2.54012e-07
 Reference value :  2.56551e-07
 Reference value :  2.58765e-07
 Reference value :  2.60987e-07
 Reference value :  2.63421e-07
 Reference value :  2.66066e-07
 Reference value :  2.68711e-07
 Reference value :  2.71250e-07
 Reference value :  2.73683e-07
 Reference value :  2.76222e-07
 Reference value :  2.78859e-07
 Reference value :  2.81187e-07
 Reference value :  2.83409e-07
 Reference value :  2.85736e-07
 Reference value :  2.88593e-07
 Reference value :  2.91132e-07
 Reference value :  2.93566e-07
 Reference value :  2.96105e-07
 Reference value :  2.98856e-07
 Reference value :  3.01389e-07
 Reference value :  3.03929e-07
 Reference value :  3.06362e-07
 Reference value :  3.09007e-07
 Reference value :  3.11758e-07
 Reference value :  3.14297e-07
 Reference value :  3.17154e-07
 Reference value :  3.20010e-07
 Reference value :  3.22654e-07
 Reference value :  3.25088e-07
 Reference value :  3.27627e-07
 Reference value :  3.30060e-07
 Reference value :  3.33128e-07
 Reference value :  3.35562e-07
 Reference value :  3.38524e-07
 Reference value :  3.41275e-07
 Reference value :  3.44026e-07
 Reference value :  3.46777e-07
 Reference value :  3.49422e-07
 Reference value :  3.51961e-07
 Reference value :  3.54394e-07
 Reference value :  3.56616e-07
 Reference value :  3.58944e-07
 Reference value :  3.61165e-07
 Reference value :  3.63810e-07
 Reference value :  3.66138e-07
 Reference value :  3.68466e-07
 Reference value :  3.70793e-07
 Reference value :  3.73121e-07
 Reference value :  3.75660e-07
 Reference value :  3.77988e-07
 Reference value :  3.80421e-07
 Reference value :  3.82854e-07
 Reference value :  3.85394e-07
 Reference value :  3.87721e-07
 Reference value :  3.90049e-07
 Reference value :  3.92271e-07
 Reference value :  3.94810e-07
 Reference value :  3.97243e-07
 Reference value :  3.99571e-07
 Reference value :  4.01793e-07
 Reference value :  4.04014e-07
 Reference value :  4.06554e-07
 Reference value :  4.08775e-07
 Reference value :  4.10997e-07
 Reference value :  4.13219e-07
 Reference value :  4.15547e-07
 Reference value :  4.18086e-07
 Reference value :  4.20308e-07
 Reference value :  4.22635e-07
 Reference value :  4.24857e-07
 Reference value :  4.27502e-07
 Reference value :  4.29935e-07
 Reference value :  4.32263e-07
 Reference value :  4.34591e-07
 Reference value :  4.37236e-07
 Reference value :  4.39775e-07
 Reference value :  4.42208e-07
 Reference value :  4.44536e-07
 Reference value :  4.47075e-07
 Reference value :  4.49826e-07
 Reference value :  4.52365e-07
 Reference value :  4.54798e-07
 Reference value :  4.57232e-07
 Reference value :  4.60088e-07
 Reference value :  4.62522e-07
 Reference value :  4.64955e-07
 Reference value :  4.67388e-07
 Reference value :  4.70245e-07
 Reference value :  4.72886e-07
 Reference value :  4.75320e-07
 Reference value :  4.77753e-07
 Reference value :  4.80610e-07
 Reference value :  4.83149e-07
 Reference value :  4.85688e-07
 Reference value :  4.88227e-07
 Reference value :  4.90978e-07
 Reference value :  4.93616e-07
 Reference value :  4.96049e-07
 Reference value :  4.98589e-07
 Reference value :  5.01128e-07
 Reference value :  5.03773e-07
 Reference value :  5.06312e-07
 Reference value :  5.08745e-07
 Reference value :  5.11285e-07
 Reference value :  5.14027e-07
 Reference value :  5.16566e-07
 Reference value :  5.19106e-07
 Reference value :  5.21751e-07
 Reference value :  5.24607e-07
 Reference value :  5.27041e-07
 Reference value :  5.29580e-07
 Reference value :  5.32331e-07
 Reference value :  5.35075e-07
 Reference value :  5.37403e-07
 Reference value :  5.39731e-07
 Reference value :  5.41952e-07
 Reference value :  5.44492e-07
 Reference value :  5.46819e-07
 Reference value :  5.49147e-07
 Reference value :  5.51474e-07
 Reference value :  5.53802e-07
 Reference value :  5.56340e-07
 Reference value :  5.58667e-07
 Reference value :  5.60995e-07
 Reference value :  5.63322e-07
 Reference value :  5.65756e-07
 Reference value :  5.68189e-07
 Reference value :  5.70517e-07
 Reference value :  5.72844e-07
 Reference value :  5.75172e-07
 Reference value :  5.77711e-07
 Reference value :  5.80039e-07
 Reference value :  5.82366e-07
 Reference value :  5.84588e-07
 Reference value :  5.87022e-07
 Reference value :  5.89455e-07
 Reference value :  5.91783e-07
 Reference value :  5.94110e-07
 Reference value :  5.96332e-07
 Reference value :  5.98977e-07
 Reference value :  6.01093e-07
 Reference value :  6.03315e-07
 Reference value :  6.05431e-07
 Reference value :  6.07547e-07
 Reference value :  6.10086e-07
 Reference value :  6.12202e-07
 Reference value :  6.14635e-07
 Reference value :  6.17069e-07
 Reference value :  6.19820e-07
 Reference value :  6.22359e-07
 Reference value :  6.24898e-07
 Reference value :  6.27331e-07
 Reference value :  6.29976e-07
 Reference value :  6.32516e-07
No. of Data Rows : 6016
vhold_min           =  1.20000e+00 at=  6.77120e-11
tfirst              =  4.29832e-08
t1                  =  3.95800e-07
t2                  =  4.17178e-07
t3                  =  4.38556e-07
t4                  =  4.59935e-07
t5                  =  4.81313e-07
t6                  =  5.02692e-07
t7                  =  5.24073e-07
t8                  =  5.45452e-07
t9                  =  5.66831e-07
t10                 =  5.88209e-07
t11                 =  6.09587e-07
t12                 =  6.30965e-07
idd_run             =  -1.42313e-04 from=  3.81000e-07 to=  6.34900e-07
vmax                =  1.20577e+00 at=  4.81562e-07
vmin                =  -1.52638e-02 at=  4.49403e-07
Note: Simulation executed from .control section 
Warning: m=xx on .subckt line will override multiplier m hierarchy!

Note: Starting dynamic gmin stepping
Note: Dynamic gmin stepping completed
Note: Starting dynamic gmin stepping
Note: Dynamic gmin stepping completed
