
Note: Compatibility modes selected: hs a


Circuit: * tt_analog_ring, code 255

Doing analysis at TEMP = 27.000000 and TNOM = 27.000000

Using SPARSE 1.3 as Direct Linear Solver
 Reference value :  0.00000e+00
No. of Data Rows : 1
idd_dis=0.000581309 vbp=0.459975 vbn=0.574882 clk_dis=1.2
Doing analysis at TEMP = 27.000000 and TNOM = 27.000000

Using SPARSE 1.3 as Direct Linear Solver

Initial Transient Solution
--------------------------

Node                                   Voltage
----                                   -------
vpwr                                       1.2
code[0]                                    1.2
code[1]                                    1.2
code[2]                                    1.2
code[3]                                    1.2
code[4]                                    1.2
code[5]                                    1.2
code[6]                                    1.2
code[7]                                    1.2
enable                                       0
xdut.vbp                              0.459975
clk_out                                    1.2
xdut.b1                             1.7176e-07
xdut.s3                            5.15163e-07
xdut.s2                                    1.2
xdut.n_126                                 1.2
xdut.s1                            5.11171e-07
xdut.n_125                                 1.2
xdut.s10                                   1.2
xdut.s6                                    1.2
xdut.s5                            5.71995e-07
xdut.n_128                                 1.2
xdut.s9                            6.09274e-07
xdut.n_133                                 1.2
xdut.s4                                    1.2
xdut.n_129                                 1.2
xdut.s8                                    1.2
xdut.n_132                                 1.2
xdut.s7                            5.60555e-07
xdut.n_130                                 1.2
xdut.n_127                                 1.2
xdut.n_131                                 1.2
xdut.s0                                    1.2
xdut.n_124                                 1.2
xdut.n_71                          4.30614e-07
xdut.n_72                          4.59999e-07
xdut.n_70                          6.50506e-08
xdut.n_77                          4.25699e-07
xdut.n_75                          6.91553e-08
xdut.n_73                          9.82573e-08
xdut.n_67                          8.81445e-08
xdut.n_76                          6.73387e-08
xdut.n_69                          4.97184e-07
xdut.n_74                          4.82167e-07
xdut.n_122                                 1.2
xdut.n_i1005                           1.04323
xdut.n_68                           9.8816e-08
xdut.vbn                              0.574882
ven#branch                         7.50066e-12
vc7#branch                        -6.40369e-08
vc6#branch                        -3.19041e-08
vc5#branch                        -1.60272e-08
vc4#branch                        -7.98175e-09
vc3#branch                        -3.97199e-09
vc2#branch                        -1.99933e-09
vc1#branch                        -1.00438e-09
vc0#branch                        -5.07306e-10
vdd#branch                        -0.000581309

 Reference value :  0.00000e+00
 Reference value :  1.33652e-09
 Reference value :  2.98308e-09
 Reference value :  4.79028e-09
 Reference value :  6.59748e-09
 Reference value :  8.24404e-09
 Reference value :  9.89060e-09
 Reference value :  1.15372e-08
 Reference value :  1.25315e-08
 Reference value :  1.34552e-08
 Reference value :  1.44190e-08
 Reference value :  1.54632e-08
 Reference value :  1.63869e-08
 Reference value :  1.73106e-08
 Reference value :  1.83547e-08
 Reference value :  1.92382e-08
 Reference value :  2.01619e-08
 Reference value :  2.11659e-08
 Reference value :  2.21298e-08
 Reference value :  2.30133e-08
 Reference value :  2.39771e-08
 Reference value :  2.49008e-08
 Reference value :  2.58245e-08
 Reference value :  2.67883e-08
 Reference value :  2.77923e-08
 Reference value :  2.87963e-08
 Reference value :  2.98806e-08
 Reference value :  3.09248e-08
 Reference value :  3.18485e-08
 Reference value :  3.28123e-08
 Reference value :  3.37762e-08
 Reference value :  3.46597e-08
 Reference value :  3.55834e-08
 Reference value :  3.66677e-08
 Reference value :  3.75914e-08
 Reference value :  3.84749e-08
 Reference value :  3.94789e-08
 Reference value :  4.03624e-08
 Reference value :  4.12459e-08
 Reference value :  4.22098e-08
 Reference value :  4.30933e-08
 Reference value :  4.39768e-08
 Reference value :  4.49406e-08
 Reference value :  4.59446e-08
 Reference value :  4.69085e-08
 Reference value :  4.78322e-08
 Reference value :  4.88362e-08
 Reference value :  4.97598e-08
 Reference value :  5.06434e-08
 Reference value :  5.16072e-08
 Reference value :  5.25309e-08
 Reference value :  5.34144e-08
 Reference value :  5.45389e-08
 Reference value :  5.56634e-08
 Reference value :  5.65469e-08
 Reference value :  5.75910e-08
 Reference value :  5.85147e-08
 Reference value :  5.93982e-08
 Reference value :  6.04424e-08
 Reference value :  6.13661e-08
 Reference value :  6.22496e-08
 Reference value :  6.32134e-08
 Reference value :  6.41371e-08
 Reference value :  6.50206e-08
 Reference value :  6.59443e-08
 Reference value :  6.69082e-08
 Reference value :  6.77917e-08
 Reference value :  6.86752e-08
 Reference value :  6.96390e-08
 Reference value :  7.05226e-08
 Reference value :  7.14061e-08
 Reference value :  7.24502e-08
 Reference value :  7.33338e-08
 Reference value :  7.42173e-08
 Reference value :  7.52213e-08
 Reference value :  7.61048e-08
 Reference value :  7.69482e-08
 Reference value :  7.78317e-08
 Reference value :  7.87554e-08
 Reference value :  7.97192e-08
 Reference value :  8.06429e-08
 Reference value :  8.16469e-08
 Reference value :  8.25706e-08
 Reference value :  8.34942e-08
 Reference value :  8.45384e-08
 Reference value :  8.54621e-08
 Reference value :  8.63456e-08
 Reference value :  8.73496e-08
 Reference value :  8.82331e-08
 Reference value :  8.91568e-08
 Reference value :  9.00002e-08
 Reference value :  9.08435e-08
 Reference value :  9.17270e-08
 Reference value :  9.26106e-08
 Reference value :  9.36547e-08
 Reference value :  9.46186e-08
 Reference value :  9.55422e-08
 Reference value :  9.65864e-08
 Reference value :  9.75101e-08
 Reference value :  9.84338e-08
 Reference value :  9.94378e-08
 Reference value :  1.00361e-07
 Reference value :  1.01285e-07
 Reference value :  1.02329e-07
 Reference value :  1.03213e-07
 Reference value :  1.04096e-07
 Reference value :  1.05100e-07
 Reference value :  1.06024e-07
 Reference value :  1.06948e-07
 Reference value :  1.07912e-07
 Reference value :  1.08916e-07
 Reference value :  1.09839e-07
 Reference value :  1.10642e-07
 Reference value :  1.11566e-07
 Reference value :  1.12409e-07
 Reference value :  1.13253e-07
 Reference value :  1.14136e-07
 Reference value :  1.14940e-07
 Reference value :  1.15703e-07
 Reference value :  1.16506e-07
 Reference value :  1.17389e-07
 Reference value :  1.18192e-07
 Reference value :  1.18996e-07
 Reference value :  1.19799e-07
 Reference value :  1.20682e-07
 Reference value :  1.21526e-07
 Reference value :  1.22329e-07
 Reference value :  1.23293e-07
 Reference value :  1.24136e-07
 Reference value :  1.24980e-07
 Reference value :  1.25863e-07
 Reference value :  1.26787e-07
 Reference value :  1.27630e-07
 Reference value :  1.28473e-07
 Reference value :  1.29357e-07
 Reference value :  1.30160e-07
 Reference value :  1.30963e-07
 Reference value :  1.31767e-07
 Reference value :  1.32650e-07
 Reference value :  1.33453e-07
 Reference value :  1.34256e-07
 Reference value :  1.35180e-07
 Reference value :  1.36024e-07
 Reference value :  1.36947e-07
 Reference value :  1.37871e-07
 Reference value :  1.38875e-07
 Reference value :  1.39839e-07
 Reference value :  1.40762e-07
 Reference value :  1.41766e-07
 Reference value :  1.42730e-07
 Reference value :  1.43614e-07
 Reference value :  1.44658e-07
 Reference value :  1.45582e-07
 Reference value :  1.46505e-07
 Reference value :  1.47509e-07
 Reference value :  1.48433e-07
 Reference value :  1.49357e-07
 Reference value :  1.50401e-07
 Reference value :  1.51324e-07
 Reference value :  1.52288e-07
 Reference value :  1.53373e-07
 Reference value :  1.54377e-07
 Reference value :  1.55300e-07
 Reference value :  1.56385e-07
 Reference value :  1.57308e-07
 Reference value :  1.58232e-07
 Reference value :  1.59236e-07
 Reference value :  1.60160e-07
 Reference value :  1.61083e-07
 Reference value :  1.62128e-07
 Reference value :  1.63091e-07
 Reference value :  1.64055e-07
 Reference value :  1.65099e-07
 Reference value :  1.66063e-07
 Reference value :  1.66987e-07
 Reference value :  1.67951e-07
 Reference value :  1.68915e-07
 Reference value :  1.69838e-07
 Reference value :  1.70802e-07
 Reference value :  1.71806e-07
 Reference value :  1.72730e-07
 Reference value :  1.73653e-07
 Reference value :  1.74698e-07
 Reference value :  1.75541e-07
 Reference value :  1.76384e-07
 Reference value :  1.77469e-07
 Reference value :  1.78593e-07
 Reference value :  1.79557e-07
 Reference value :  1.80601e-07
 Reference value :  1.81565e-07
 Reference value :  1.82489e-07
 Reference value :  1.83533e-07
 Reference value :  1.84456e-07
 Reference value :  1.85380e-07
 Reference value :  1.86424e-07
 Reference value :  1.87348e-07
 Reference value :  1.88272e-07
 Reference value :  1.89316e-07
 Reference value :  1.90240e-07
 Reference value :  1.91163e-07
 Reference value :  1.92167e-07
 Reference value :  1.93091e-07
 Reference value :  1.93974e-07
 Reference value :  1.94938e-07
 Reference value :  1.95862e-07
 Reference value :  1.96786e-07
 Reference value :  1.97709e-07
 Reference value :  1.98713e-07
 Reference value :  1.99677e-07
 Reference value :  2.00601e-07
 Reference value :  2.01645e-07
 Reference value :  2.02609e-07
 Reference value :  2.03532e-07
 Reference value :  2.04577e-07
 Reference value :  2.05500e-07
 Reference value :  2.06424e-07
 Reference value :  2.07428e-07
 Reference value :  2.08352e-07
 Reference value :  2.09275e-07
 Reference value :  2.10320e-07
 Reference value :  2.11203e-07
 Reference value :  2.12127e-07
 Reference value :  2.13091e-07
 Reference value :  2.14014e-07
 Reference value :  2.14938e-07
 Reference value :  2.15862e-07
 Reference value :  2.16906e-07
 Reference value :  2.17829e-07
 Reference value :  2.18793e-07
 Reference value :  2.19797e-07
 Reference value :  2.20761e-07
 Reference value :  2.21685e-07
 Reference value :  2.22729e-07
 Reference value :  2.23653e-07
 Reference value :  2.24616e-07
 Reference value :  2.25661e-07
 Reference value :  2.26624e-07
 Reference value :  2.27548e-07
 Reference value :  2.28592e-07
 Reference value :  2.29516e-07
 Reference value :  2.30440e-07
 Reference value :  2.31484e-07
 Reference value :  2.32408e-07
 Reference value :  2.33331e-07
 Reference value :  2.34375e-07
 Reference value :  2.35299e-07
 Reference value :  2.36263e-07
 Reference value :  2.37227e-07
 Reference value :  2.38150e-07
 Reference value :  2.39074e-07
 Reference value :  2.40078e-07
No. of Data Rows : 6014
vhold_min           =  1.20000e+00 at=  2.12045e-10
tfirst              =  1.54543e-08
t1                  =  1.50499e-07
t2                  =  1.56498e-07
t3                  =  1.62498e-07
t4                  =  1.68496e-07
t5                  =  1.74496e-07
t6                  =  1.80495e-07
t7                  =  1.86494e-07
t8                  =  1.92494e-07
t9                  =  1.98493e-07
t10                 =  2.04492e-07
t11                 =  2.10491e-07
t12                 =  2.16490e-07
idd_run             =  -5.99197e-04 from=  1.44600e-07 to=  2.41000e-07
vmax                =  1.20973e+00 at=  1.95260e-07
vmin                =  -6.21889e-03 at=  2.16303e-07
Note: Simulation executed from .control section 
Warning: m=xx on .subckt line will override multiplier m hierarchy!

Note: Starting dynamic gmin stepping
Note: Dynamic gmin stepping completed
Note: Starting dynamic gmin stepping
Note: Dynamic gmin stepping completed
