
Note: No compatibility mode selected!


Circuit: * tt_analog_ring, code 255

Doing analysis at TEMP = 27.000000 and TNOM = 27.000000

Using SPARSE 1.3 as Direct Linear Solver
 Reference value :  0.00000e+00
No. of Data Rows : 1
idd_dis=0.00072859 vbp=0.50961 vbn=0.576408 clk_dis=1.32
Doing analysis at TEMP = 27.000000 and TNOM = 27.000000

Using SPARSE 1.3 as Direct Linear Solver

Initial Transient Solution
--------------------------

Node                                   Voltage
----                                   -------
vpwr                                      1.32
code[0]                                   1.32
code[1]                                   1.32
code[2]                                   1.32
code[3]                                   1.32
code[4]                                   1.32
code[5]                                   1.32
code[6]                                   1.32
code[7]                                   1.32
enable                                       0
xdut.vbp                               0.50961
xdut.vbn                              0.576408
xdut.n0                            3.48328e-07
xdut.p0                                   1.32
xdut.na0                               1.13769
xdut.s0                                   1.32
xdut.s10                                  1.32
xdut.n1                            3.56035e-07
xdut.p1                                   1.32
xdut.s1                            4.08535e-07
xdut.n2                            1.87013e-07
xdut.p2                                   1.32
xdut.s2                                   1.32
xdut.n3                            3.56035e-07
xdut.p3                                   1.32
xdut.s3                            4.08534e-07
xdut.n4                            1.87013e-07
xdut.p4                                   1.32
xdut.s4                                   1.32
xdut.n5                            3.56035e-07
xdut.p5                                   1.32
xdut.s5                            4.08534e-07
xdut.n6                            1.87013e-07
xdut.p6                                   1.32
xdut.s6                                   1.32
xdut.n7                            3.56035e-07
xdut.p7                                   1.32
xdut.s7                            4.08534e-07
xdut.n8                            1.87013e-07
xdut.p8                                   1.32
xdut.s8                                   1.32
xdut.n9                            3.56035e-07
xdut.p9                                   1.32
xdut.s9                            4.08534e-07
xdut.n10                           1.87013e-07
xdut.p10                                  1.32
xdut.b1                            9.95294e-08
clk_out                                   1.32
ven#branch                         6.63828e-12
vc7#branch                        -2.00795e-07
vc6#branch                        -1.00397e-07
vc5#branch                        -5.01987e-08
vc4#branch                        -2.50994e-08
vc3#branch                        -1.25497e-08
vc2#branch                        -6.27484e-09
vc1#branch                        -3.13742e-09
vc0#branch                        -1.56871e-09
vdd#branch                         -0.00072859

 Reference value :  0.00000e+00
 Reference value :  6.48182e-10
 Reference value :  1.41122e-09
 Reference value :  2.19434e-09
 Reference value :  2.97746e-09
 Reference value :  3.76058e-09
 Reference value :  4.54370e-09
 Reference value :  5.34690e-09
 Reference value :  6.03806e-09
 Reference value :  6.41516e-09
 Reference value :  6.83684e-09
 Reference value :  7.25852e-09
 Reference value :  7.72036e-09
 Reference value :  8.14204e-09
 Reference value :  8.56372e-09
 Reference value :  9.00548e-09
 Reference value :  9.42716e-09
 Reference value :  9.84884e-09
 Reference value :  1.02906e-08
 Reference value :  1.07123e-08
 Reference value :  1.11340e-08
 Reference value :  1.15757e-08
 Reference value :  1.19974e-08
 Reference value :  1.24392e-08
 Reference value :  1.29010e-08
 Reference value :  1.33026e-08
 Reference value :  1.37444e-08
 Reference value :  1.41660e-08
 Reference value :  1.45877e-08
 Reference value :  1.50496e-08
 Reference value :  1.54712e-08
 Reference value :  1.58929e-08
 Reference value :  1.63347e-08
 Reference value :  1.67363e-08
 Reference value :  1.71580e-08
 Reference value :  1.76198e-08
 Reference value :  1.80415e-08
 Reference value :  1.84632e-08
 Reference value :  1.89049e-08
 Reference value :  1.93065e-08
 Reference value :  1.97483e-08
 Reference value :  2.02101e-08
 Reference value :  2.06117e-08
 Reference value :  2.10133e-08
 Reference value :  2.14551e-08
 Reference value :  2.18768e-08
 Reference value :  2.23185e-08
 Reference value :  2.28004e-08
 Reference value :  2.32020e-08
 Reference value :  2.36237e-08
 Reference value :  2.40655e-08
 Reference value :  2.44671e-08
 Reference value :  2.48888e-08
 Reference value :  2.53506e-08
 Reference value :  2.57723e-08
 Reference value :  2.61739e-08
 Reference value :  2.66156e-08
 Reference value :  2.70172e-08
 Reference value :  2.74389e-08
 Reference value :  2.79008e-08
 Reference value :  2.83024e-08
 Reference value :  2.87040e-08
 Reference value :  2.91457e-08
 Reference value :  2.95674e-08
 Reference value :  2.99891e-08
 Reference value :  3.04509e-08
 Reference value :  3.08726e-08
 Reference value :  3.12943e-08
 Reference value :  3.17360e-08
 Reference value :  3.21376e-08
 Reference value :  3.25593e-08
 Reference value :  3.30212e-08
 Reference value :  3.34428e-08
 Reference value :  3.38444e-08
 Reference value :  3.42862e-08
 Reference value :  3.47079e-08
 Reference value :  3.51095e-08
 Reference value :  3.55512e-08
 Reference value :  3.59729e-08
 Reference value :  3.63745e-08
 Reference value :  3.68163e-08
 Reference value :  3.72380e-08
 Reference value :  3.76596e-08
 Reference value :  3.81215e-08
 Reference value :  3.85432e-08
 Reference value :  3.89448e-08
 Reference value :  3.93865e-08
 Reference value :  3.97881e-08
 Reference value :  4.02098e-08
 Reference value :  4.06516e-08
 Reference value :  4.10732e-08
 Reference value :  4.14748e-08
 Reference value :  4.19166e-08
 Reference value :  4.23584e-08
 Reference value :  4.28001e-08
 Reference value :  4.32620e-08
 Reference value :  4.36836e-08
 Reference value :  4.40852e-08
 Reference value :  4.45069e-08
 Reference value :  4.49286e-08
 Reference value :  4.53904e-08
 Reference value :  4.58322e-08
 Reference value :  4.62338e-08
 Reference value :  4.66555e-08
 Reference value :  4.70772e-08
 Reference value :  4.74988e-08
 Reference value :  4.79406e-08
 Reference value :  4.83623e-08
 Reference value :  4.88040e-08
 Reference value :  4.92458e-08
 Reference value :  4.96675e-08
 Reference value :  5.00892e-08
 Reference value :  5.05510e-08
 Reference value :  5.09727e-08
 Reference value :  5.13944e-08
 Reference value :  5.18361e-08
 Reference value :  5.22578e-08
 Reference value :  5.26795e-08
 Reference value :  5.31815e-08
 Reference value :  5.36032e-08
 Reference value :  5.40248e-08
 Reference value :  5.44867e-08
 Reference value :  5.49084e-08
 Reference value :  5.53300e-08
 Reference value :  5.57919e-08
 Reference value :  5.62136e-08
 Reference value :  5.66152e-08
 Reference value :  5.70569e-08
 Reference value :  5.74786e-08
 Reference value :  5.79003e-08
 Reference value :  5.83621e-08
 Reference value :  5.87838e-08
 Reference value :  5.92055e-08
 Reference value :  5.96673e-08
 Reference value :  6.00890e-08
 Reference value :  6.05107e-08
 Reference value :  6.09524e-08
 Reference value :  6.13741e-08
 Reference value :  6.17958e-08
 Reference value :  6.22376e-08
 Reference value :  6.26392e-08
 Reference value :  6.30608e-08
 Reference value :  6.35026e-08
 Reference value :  6.39243e-08
 Reference value :  6.43460e-08
 Reference value :  6.47877e-08
 Reference value :  6.51893e-08
 Reference value :  6.56110e-08
 Reference value :  6.60528e-08
 Reference value :  6.64544e-08
 Reference value :  6.68560e-08
 Reference value :  6.72776e-08
 Reference value :  6.76993e-08
 Reference value :  6.81411e-08
 Reference value :  6.85828e-08
 Reference value :  6.89844e-08
 Reference value :  6.94262e-08
 Reference value :  6.98278e-08
 Reference value :  7.02294e-08
 Reference value :  7.06511e-08
 Reference value :  7.10928e-08
 Reference value :  7.15145e-08
 Reference value :  7.19563e-08
 Reference value :  7.23980e-08
 Reference value :  7.27996e-08
 Reference value :  7.32213e-08
 Reference value :  7.36631e-08
 Reference value :  7.40647e-08
 Reference value :  7.45064e-08
 Reference value :  7.49482e-08
 Reference value :  7.53699e-08
 Reference value :  7.58116e-08
 Reference value :  7.62333e-08
 Reference value :  7.66349e-08
 Reference value :  7.70968e-08
 Reference value :  7.74984e-08
 Reference value :  7.79200e-08
 Reference value :  7.83819e-08
 Reference value :  7.88236e-08
 Reference value :  7.92453e-08
 Reference value :  7.97072e-08
 Reference value :  8.01288e-08
 Reference value :  8.05505e-08
 Reference value :  8.10124e-08
 Reference value :  8.14340e-08
 Reference value :  8.18557e-08
 Reference value :  8.22975e-08
 Reference value :  8.26991e-08
 Reference value :  8.31208e-08
 Reference value :  8.35826e-08
 Reference value :  8.40043e-08
 Reference value :  8.44059e-08
 Reference value :  8.48677e-08
 Reference value :  8.52894e-08
 Reference value :  8.57111e-08
 Reference value :  8.61729e-08
 Reference value :  8.65946e-08
 Reference value :  8.70163e-08
 Reference value :  8.74580e-08
 Reference value :  8.78797e-08
 Reference value :  8.83014e-08
 Reference value :  8.87632e-08
 Reference value :  8.91849e-08
 Reference value :  8.95865e-08
 Reference value :  9.00082e-08
 Reference value :  9.04299e-08
 Reference value :  9.08516e-08
 Reference value :  9.13134e-08
 Reference value :  9.17351e-08
 Reference value :  9.21568e-08
 Reference value :  9.25784e-08
 Reference value :  9.29800e-08
 Reference value :  9.34017e-08
 Reference value :  9.38636e-08
 Reference value :  9.43053e-08
 Reference value :  9.47270e-08
 Reference value :  9.51688e-08
 Reference value :  9.55904e-08
 Reference value :  9.60121e-08
 Reference value :  9.64539e-08
 Reference value :  9.68756e-08
 Reference value :  9.72972e-08
 Reference value :  9.77189e-08
 Reference value :  9.81406e-08
 Reference value :  9.86024e-08
 Reference value :  9.90241e-08
 Reference value :  9.94257e-08
 Reference value :  9.98675e-08
 Reference value :  1.00289e-07
 Reference value :  1.00711e-07
 Reference value :  1.01173e-07
 Reference value :  1.01594e-07
 Reference value :  1.02016e-07
 Reference value :  1.02458e-07
 Reference value :  1.02859e-07
 Reference value :  1.03281e-07
 Reference value :  1.03723e-07
 Reference value :  1.04145e-07
 Reference value :  1.04546e-07
 Reference value :  1.04988e-07
 Reference value :  1.05410e-07
 Reference value :  1.05831e-07
 Reference value :  1.06293e-07
 Reference value :  1.06715e-07
 Reference value :  1.07157e-07
 Reference value :  1.07618e-07
 Reference value :  1.08040e-07
 Reference value :  1.08462e-07
 Reference value :  1.08924e-07
 Reference value :  1.09325e-07
 Reference value :  1.09767e-07
 Reference value :  1.10209e-07
 Reference value :  1.10630e-07
 Reference value :  1.11052e-07
 Reference value :  1.11534e-07
 Reference value :  1.11956e-07
 Reference value :  1.12357e-07
 Reference value :  1.12779e-07
 Reference value :  1.13181e-07
 Reference value :  1.13602e-07
 Reference value :  1.14064e-07
 Reference value :  1.14486e-07
 Reference value :  1.14907e-07
 Reference value :  1.15349e-07
 Reference value :  1.15771e-07
 Reference value :  1.16193e-07
 Reference value :  1.16654e-07
 Reference value :  1.17076e-07
 Reference value :  1.17498e-07
 Reference value :  1.17960e-07
 Reference value :  1.18381e-07
 Reference value :  1.18823e-07
 Reference value :  1.19265e-07
 Reference value :  1.19686e-07
 Reference value :  1.20148e-07
No. of Data Rows : 6015
vhold_min           =  1.32000e+00 at=  2.86742e-10
tfirst              =  7.59131e-09
t1                  =  7.46896e-08
t2                  =  7.72219e-08
t3                  =  7.97541e-08
t4                  =  8.22863e-08
t5                  =  8.48186e-08
t6                  =  8.73509e-08
t7                  =  8.98832e-08
t8                  =  9.24155e-08
t9                  =  9.49479e-08
t10                 =  9.74802e-08
t11                 =  1.00012e-07
t12                 =  1.02545e-07
idd_run             =  -7.59182e-04 from=  7.22900e-08 to=  1.20500e-07
vmax                =  1.33529e+00 at=  8.34621e-08
vmin                =  -1.13203e-02 at=  9.23174e-08
Note: Simulation executed from .control section 
Note: Starting dynamic gmin stepping
Warning: Dynamic gmin stepping failed
Note: Starting true gmin stepping
Note: True gmin stepping completed
Note: Starting dynamic gmin stepping
Warning: Dynamic gmin stepping failed
Note: Starting true gmin stepping
Note: True gmin stepping completed
