
Note: No compatibility mode selected!


Circuit: * tt_analog_ring, code 64

Doing analysis at TEMP = 27.000000 and TNOM = 27.000000

Using SPARSE 1.3 as Direct Linear Solver
 Reference value :  0.00000e+00
No. of Data Rows : 1
idd_dis=0.000178238 vbp=0.636196 vbn=0.440241 clk_dis=1.2
Doing analysis at TEMP = 27.000000 and TNOM = 27.000000

Using SPARSE 1.3 as Direct Linear Solver

Initial Transient Solution
--------------------------

Node                                   Voltage
----                                   -------
vpwr                                       1.2
code[0]                                      0
code[1]                                      0
code[2]                                      0
code[3]                                      0
code[4]                                      0
code[5]                                      0
code[6]                                    1.2
code[7]                                      0
enable                                       0
xdut.vbp                              0.636196
xdut.vbn                              0.440241
xdut.n0                            2.67276e-07
xdut.p0                                    1.2
xdut.na0                               1.02583
xdut.s0                                    1.2
xdut.s10                                   1.2
xdut.n1                            8.90575e-07
xdut.p1                                    1.2
xdut.s1                            9.80974e-07
xdut.n2                            1.27382e-07
xdut.p2                                    1.2
xdut.s2                                    1.2
xdut.n3                            8.90571e-07
xdut.p3                                    1.2
xdut.s3                             9.8097e-07
xdut.n4                            1.27382e-07
xdut.p4                                    1.2
xdut.s4                                    1.2
xdut.n5                            8.90571e-07
xdut.p5                                    1.2
xdut.s5                             9.8097e-07
xdut.n6                            1.27382e-07
xdut.p6                                    1.2
xdut.s6                                    1.2
xdut.n7                            8.90571e-07
xdut.p7                                    1.2
xdut.s7                             9.8097e-07
xdut.n8                            1.27382e-07
xdut.p8                                    1.2
xdut.s8                                    1.2
xdut.n9                            8.90571e-07
xdut.p9                                    1.2
xdut.s9                             9.8097e-07
xdut.n10                           1.27382e-07
xdut.p10                                   1.2
xdut.b1                            1.55518e-07
clk_out                                    1.2
ven#branch                         7.40112e-12
vc7#branch                         2.48132e-12
vc6#branch                          -2.795e-08
vc5#branch                          6.2033e-13
vc4#branch                         3.10165e-13
vc3#branch                         1.55082e-13
vc2#branch                         7.75412e-14
vc1#branch                         3.87706e-14
vc0#branch                         1.93853e-14
vdd#branch                        -0.000178238

 Reference value :  0.00000e+00
 Reference value :  1.49629e-09
 Reference value :  3.34814e-09
 Reference value :  5.25290e-09
 Reference value :  7.21057e-09
 Reference value :  9.16824e-09
 Reference value :  1.10730e-08
 Reference value :  1.29778e-08
 Reference value :  1.48825e-08
 Reference value :  1.61552e-08
 Reference value :  1.72663e-08
 Reference value :  1.83774e-08
 Reference value :  1.94356e-08
 Reference value :  2.05467e-08
 Reference value :  2.16049e-08
 Reference value :  2.25573e-08
 Reference value :  2.36155e-08
 Reference value :  2.46208e-08
 Reference value :  2.55732e-08
 Reference value :  2.65785e-08
 Reference value :  2.75837e-08
 Reference value :  2.86949e-08
 Reference value :  2.97001e-08
 Reference value :  3.07583e-08
 Reference value :  3.17636e-08
 Reference value :  3.27689e-08
 Reference value :  3.37742e-08
 Reference value :  3.47795e-08
 Reference value :  3.58906e-08
 Reference value :  3.69488e-08
 Reference value :  3.79012e-08
 Reference value :  3.88536e-08
 Reference value :  3.98589e-08
 Reference value :  4.08112e-08
 Reference value :  4.18165e-08
 Reference value :  4.28218e-08
 Reference value :  4.39329e-08
 Reference value :  4.49911e-08
 Reference value :  4.60493e-08
 Reference value :  4.70546e-08
 Reference value :  4.81128e-08
 Reference value :  4.91710e-08
 Reference value :  5.02821e-08
 Reference value :  5.13403e-08
 Reference value :  5.24514e-08
 Reference value :  5.35626e-08
 Reference value :  5.45678e-08
 Reference value :  5.56260e-08
 Reference value :  5.66842e-08
 Reference value :  5.77424e-08
 Reference value :  5.86948e-08
 Reference value :  5.97530e-08
 Reference value :  6.08112e-08
 Reference value :  6.18694e-08
 Reference value :  6.28747e-08
 Reference value :  6.39329e-08
 Reference value :  6.49382e-08
 Reference value :  6.59435e-08
 Reference value :  6.70017e-08
 Reference value :  6.80599e-08
 Reference value :  6.89594e-08
 Reference value :  6.99647e-08
 Reference value :  7.09170e-08
 Reference value :  7.19223e-08
 Reference value :  7.29276e-08
 Reference value :  7.39329e-08
 Reference value :  7.49382e-08
 Reference value :  7.59964e-08
 Reference value :  7.70017e-08
 Reference value :  7.79541e-08
 Reference value :  7.89064e-08
 Reference value :  7.99646e-08
 Reference value :  8.09699e-08
 Reference value :  8.19752e-08
 Reference value :  8.29805e-08
 Reference value :  8.40916e-08
 Reference value :  8.50969e-08
 Reference value :  8.61022e-08
 Reference value :  8.71075e-08
 Reference value :  8.81128e-08
 Reference value :  8.91181e-08
 Reference value :  9.01234e-08
 Reference value :  9.10757e-08
 Reference value :  9.21869e-08
 Reference value :  9.32451e-08
 Reference value :  9.42503e-08
 Reference value :  9.52556e-08
 Reference value :  9.63138e-08
 Reference value :  9.73720e-08
 Reference value :  9.83773e-08
 Reference value :  9.94355e-08
 Reference value :  1.00547e-07
 Reference value :  1.01552e-07
 Reference value :  1.02610e-07
 Reference value :  1.03668e-07
 Reference value :  1.04727e-07
 Reference value :  1.05785e-07
 Reference value :  1.06843e-07
 Reference value :  1.07901e-07
 Reference value :  1.08906e-07
 Reference value :  1.09965e-07
 Reference value :  1.11023e-07
 Reference value :  1.12081e-07
 Reference value :  1.13192e-07
 Reference value :  1.14197e-07
 Reference value :  1.15256e-07
 Reference value :  1.16367e-07
 Reference value :  1.17372e-07
 Reference value :  1.18430e-07
 Reference value :  1.19488e-07
 Reference value :  1.20441e-07
 Reference value :  1.21446e-07
 Reference value :  1.22504e-07
 Reference value :  1.23562e-07
 Reference value :  1.24621e-07
 Reference value :  1.25679e-07
 Reference value :  1.26684e-07
 Reference value :  1.27795e-07
 Reference value :  1.28801e-07
 Reference value :  1.29806e-07
 Reference value :  1.30758e-07
 Reference value :  1.31869e-07
 Reference value :  1.32875e-07
 Reference value :  1.33880e-07
 Reference value :  1.34885e-07
 Reference value :  1.35996e-07
 Reference value :  1.37002e-07
 Reference value :  1.37954e-07
 Reference value :  1.38959e-07
 Reference value :  1.40070e-07
 Reference value :  1.41129e-07
 Reference value :  1.42187e-07
 Reference value :  1.43245e-07
 Reference value :  1.44250e-07
 Reference value :  1.45256e-07
 Reference value :  1.46208e-07
 Reference value :  1.47266e-07
 Reference value :  1.48324e-07
 Reference value :  1.49330e-07
 Reference value :  1.50388e-07
 Reference value :  1.51446e-07
 Reference value :  1.52504e-07
 Reference value :  1.53510e-07
 Reference value :  1.54515e-07
 Reference value :  1.55626e-07
 Reference value :  1.56684e-07
 Reference value :  1.57689e-07
 Reference value :  1.58695e-07
 Reference value :  1.59753e-07
 Reference value :  1.60758e-07
 Reference value :  1.61816e-07
 Reference value :  1.62822e-07
 Reference value :  1.63933e-07
 Reference value :  1.64991e-07
 Reference value :  1.66049e-07
 Reference value :  1.67055e-07
 Reference value :  1.68113e-07
 Reference value :  1.69171e-07
 Reference value :  1.70176e-07
 Reference value :  1.71234e-07
 Reference value :  1.72346e-07
 Reference value :  1.73404e-07
 Reference value :  1.74409e-07
 Reference value :  1.75467e-07
 Reference value :  1.76472e-07
 Reference value :  1.77425e-07
 Reference value :  1.78430e-07
 Reference value :  1.79488e-07
 Reference value :  1.80441e-07
 Reference value :  1.81446e-07
 Reference value :  1.82398e-07
 Reference value :  1.83510e-07
 Reference value :  1.84515e-07
 Reference value :  1.85520e-07
 Reference value :  1.86525e-07
 Reference value :  1.87689e-07
 Reference value :  1.88748e-07
 Reference value :  1.89753e-07
 Reference value :  1.90811e-07
 Reference value :  1.91869e-07
 Reference value :  1.92927e-07
 Reference value :  1.93986e-07
 Reference value :  1.95097e-07
 Reference value :  1.96155e-07
 Reference value :  1.97160e-07
 Reference value :  1.98218e-07
 Reference value :  1.99224e-07
 Reference value :  2.00229e-07
 Reference value :  2.01234e-07
 Reference value :  2.02240e-07
 Reference value :  2.03351e-07
 Reference value :  2.04356e-07
 Reference value :  2.05361e-07
 Reference value :  2.06367e-07
 Reference value :  2.07425e-07
 Reference value :  2.08377e-07
 Reference value :  2.09383e-07
 Reference value :  2.10335e-07
 Reference value :  2.11499e-07
 Reference value :  2.12504e-07
 Reference value :  2.13404e-07
 Reference value :  2.14409e-07
 Reference value :  2.15414e-07
 Reference value :  2.16420e-07
 Reference value :  2.17478e-07
 Reference value :  2.18483e-07
 Reference value :  2.19541e-07
 Reference value :  2.20547e-07
 Reference value :  2.21499e-07
 Reference value :  2.22451e-07
 Reference value :  2.23509e-07
 Reference value :  2.24462e-07
 Reference value :  2.25414e-07
 Reference value :  2.26367e-07
 Reference value :  2.27531e-07
 Reference value :  2.28536e-07
 Reference value :  2.29541e-07
 Reference value :  2.30599e-07
 Reference value :  2.31658e-07
 Reference value :  2.32716e-07
 Reference value :  2.33721e-07
 Reference value :  2.34779e-07
 Reference value :  2.35838e-07
 Reference value :  2.36896e-07
 Reference value :  2.37901e-07
 Reference value :  2.38906e-07
 Reference value :  2.39912e-07
 Reference value :  2.40811e-07
 Reference value :  2.41763e-07
 Reference value :  2.42822e-07
 Reference value :  2.43880e-07
 Reference value :  2.44832e-07
 Reference value :  2.45785e-07
 Reference value :  2.46790e-07
 Reference value :  2.47742e-07
 Reference value :  2.48748e-07
 Reference value :  2.49700e-07
 Reference value :  2.50705e-07
 Reference value :  2.51763e-07
 Reference value :  2.52716e-07
 Reference value :  2.53721e-07
 Reference value :  2.54726e-07
 Reference value :  2.55679e-07
 Reference value :  2.56684e-07
 Reference value :  2.57742e-07
 Reference value :  2.58853e-07
 Reference value :  2.59912e-07
 Reference value :  2.60970e-07
 Reference value :  2.61975e-07
 Reference value :  2.63086e-07
 Reference value :  2.64144e-07
 Reference value :  2.65203e-07
 Reference value :  2.66208e-07
 Reference value :  2.67425e-07
 Reference value :  2.68483e-07
 Reference value :  2.69594e-07
 Reference value :  2.70652e-07
 Reference value :  2.71658e-07
 Reference value :  2.72716e-07
 Reference value :  2.73774e-07
 Reference value :  2.74885e-07
 Reference value :  2.75943e-07
 Reference value :  2.76949e-07
 Reference value :  2.77901e-07
 Reference value :  2.78959e-07
 Reference value :  2.79912e-07
 Reference value :  2.80864e-07
 Reference value :  2.81816e-07
 Reference value :  2.82927e-07
 Reference value :  2.83933e-07
 Reference value :  2.84938e-07
 Reference value :  2.85943e-07
 Reference value :  2.87001e-07
 Reference value :  2.88007e-07
 Reference value :  2.89065e-07
 Reference value :  2.90123e-07
 Reference value :  2.91287e-07
 Reference value :  2.92345e-07
 Reference value :  2.93404e-07
 Reference value :  2.94409e-07
 Reference value :  2.95414e-07
 Reference value :  2.96419e-07
 Reference value :  2.97372e-07
 Reference value :  2.98377e-07
 Reference value :  2.99435e-07
 Reference value :  3.00388e-07
 Reference value :  3.01393e-07
 Reference value :  3.02451e-07
 Reference value :  3.03509e-07
 Reference value :  3.04568e-07
 Reference value :  3.05573e-07
 Reference value :  3.06631e-07
 Reference value :  3.07636e-07
 Reference value :  3.08642e-07
 Reference value :  3.09594e-07
 Reference value :  3.10599e-07
 Reference value :  3.11552e-07
 Reference value :  3.12557e-07
 Reference value :  3.13562e-07
 Reference value :  3.14568e-07
 Reference value :  3.15626e-07
 Reference value :  3.16684e-07
No. of Data Rows : 6015
vhold_min           =  1.20000e+00 at=  1.73545e-10
tfirst              =  2.04458e-08
t1                  =  1.91602e-07
t2                  =  1.99561e-07
t3                  =  2.07520e-07
t4                  =  2.15480e-07
t5                  =  2.23438e-07
t6                  =  2.31399e-07
t7                  =  2.39357e-07
t8                  =  2.47317e-07
t9                  =  2.55276e-07
t10                 =  2.63235e-07
t11                 =  2.71195e-07
t12                 =  2.79153e-07
idd_run             =  -1.87462e-04 from=  1.90500e-07 to=  3.17500e-07
vmax                =  1.20805e+00 at=  2.90864e-07
vmin                =  -1.02414e-02 at=  2.35467e-07
Note: Simulation executed from .control section 
Note: Starting dynamic gmin stepping
Note: Dynamic gmin stepping completed
Note: Starting dynamic gmin stepping
Note: Dynamic gmin stepping completed
