
Note: Compatibility modes selected: hs a


Circuit: * tt_analog_ring, code 0

Doing analysis at TEMP = 125.000000 and TNOM = 27.000000

Using SPARSE 1.3 as Direct Linear Solver
 Reference value :  0.00000e+00
No. of Data Rows : 1
idd_dis=4.03151E-06 vbp=0.982949 vbn=0.182912 clk_dis=1.2
Doing analysis at TEMP = 125.000000 and TNOM = 27.000000

Using SPARSE 1.3 as Direct Linear Solver

Initial Transient Solution
--------------------------

Node                                   Voltage
----                                   -------
vpwr                                       1.2
code[0]                                      0
code[1]                                      0
code[2]                                      0
code[3]                                      0
code[4]                                      0
code[5]                                      0
code[6]                                      0
code[7]                                      0
enable                                       0
xdut.vbp                              0.982949
clk_out                                    1.2
xdut.b1                            1.04579e-05
xdut.s3                              0.0015798
xdut.s2                                1.19993
xdut.n_126                             1.19855
xdut.s1                             0.00158161
xdut.n_125                             1.19993
xdut.s10                               1.19993
xdut.s6                                1.19993
xdut.s5                              0.0015798
xdut.n_128                             1.19993
xdut.s9                              0.0015798
xdut.n_133                             1.19993
xdut.s4                                1.19993
xdut.n_129                             1.19855
xdut.s8                                1.19993
xdut.n_132                             1.19855
xdut.s7                              0.0015798
xdut.n_130                             1.19855
xdut.n_127                             1.19993
xdut.n_131                             1.19993
xdut.s0                                1.19987
xdut.n_124                             1.19855
xdut.n_71                           0.00157169
xdut.n_72                           0.00156989
xdut.n_70                          6.01632e-05
xdut.n_77                           0.00156989
xdut.n_75                          6.01655e-05
xdut.n_73                          6.01632e-05
xdut.n_67                          6.01632e-05
xdut.n_76                          6.01632e-05
xdut.n_69                           0.00156989
xdut.n_74                           0.00156989
xdut.n_122                             1.19987
xdut.n_i1005                           1.01882
xdut.n_68                          0.000125372
xdut.vbn                              0.182912
ven#branch                         2.07596e-11
vc7#branch                         1.33182e-11
vc6#branch                         6.65909e-12
vc5#branch                         3.32955e-12
vc4#branch                         1.66477e-12
vc3#branch                         8.32386e-13
vc2#branch                         4.16193e-13
vc1#branch                         2.08097e-13
vc0#branch                         1.04048e-13
vdd#branch                        -4.03151e-06

 Reference value :  0.00000e+00
 Reference value :  2.53631e-07
 Reference value :  5.30842e-07
 Reference value :  8.11562e-07
 Reference value :  1.05312e-06
 Reference value :  1.18651e-06
 Reference value :  1.31283e-06
 Reference value :  1.41970e-06
 Reference value :  1.51094e-06
 Reference value :  1.60217e-06
 Reference value :  1.70042e-06
 Reference value :  1.80569e-06
 Reference value :  1.88840e-06
 Reference value :  1.97963e-06
 Reference value :  2.08841e-06
 Reference value :  2.21474e-06
 Reference value :  2.29532e-06
 Reference value :  2.40410e-06
 Reference value :  2.49884e-06
 Reference value :  2.59359e-06
 Reference value :  2.70018e-06
 Reference value :  2.85457e-06
 Reference value :  3.01599e-06
 Reference value :  3.15942e-06
 Reference value :  3.31382e-06
 Reference value :  3.46592e-06
 Reference value :  3.62382e-06
 Reference value :  3.77120e-06
 Reference value :  3.91826e-06
 Reference value :  4.07266e-06
 Reference value :  4.23407e-06
 Reference value :  4.38269e-06
 Reference value :  4.53708e-06
 Reference value :  4.68406e-06
 Reference value :  4.84196e-06
 Reference value :  4.99987e-06
 Reference value :  5.14868e-06
 Reference value :  5.30308e-06
 Reference value :  5.45359e-06
 Reference value :  5.60286e-06
 Reference value :  5.76077e-06
 Reference value :  5.91749e-06
 Reference value :  6.07189e-06
 Reference value :  6.23330e-06
 Reference value :  6.37276e-06
 Reference value :  6.49908e-06
 Reference value :  6.60435e-06
 Reference value :  6.76063e-06
 Reference value :  6.86590e-06
 Reference value :  6.96415e-06
 Reference value :  7.06591e-06
 Reference value :  7.15245e-06
 Reference value :  7.24719e-06
 Reference value :  7.35246e-06
 Reference value :  7.48931e-06
 Reference value :  7.64218e-06
 Reference value :  7.80008e-06
 Reference value :  7.92139e-06
 Reference value :  8.03017e-06
 Reference value :  8.12491e-06
 Reference value :  8.22316e-06
 Reference value :  8.31327e-06
 Reference value :  8.42906e-06
 Reference value :  8.58346e-06
 Reference value :  8.72587e-06
 Reference value :  8.86272e-06
 Reference value :  8.96097e-06
 Reference value :  9.05923e-06
 Reference value :  9.15275e-06
 Reference value :  9.24750e-06
 Reference value :  9.34575e-06
 Reference value :  9.49780e-06
 Reference value :  9.66338e-06
 Reference value :  9.82830e-06
 Reference value :  9.98886e-06
 Reference value :  1.01538e-05
 Reference value :  1.03064e-05
 Reference value :  1.04723e-05
 Reference value :  1.06407e-05
 Reference value :  1.08042e-05
 Reference value :  1.09656e-05
 Reference value :  1.11128e-05
 Reference value :  1.12531e-05
 Reference value :  1.13444e-05
 Reference value :  1.14461e-05
 Reference value :  1.15360e-05
 Reference value :  1.16854e-05
 Reference value :  1.18468e-05
 Reference value :  1.20107e-05
 Reference value :  1.21686e-05
 Reference value :  1.23370e-05
 Reference value :  1.24936e-05
 Reference value :  1.26515e-05
 Reference value :  1.27913e-05
 Reference value :  1.29527e-05
 Reference value :  1.31246e-05
 Reference value :  1.32753e-05
 Reference value :  1.34402e-05
 Reference value :  1.35908e-05
 Reference value :  1.37522e-05
 Reference value :  1.39172e-05
 Reference value :  1.40727e-05
 Reference value :  1.42377e-05
 Reference value :  1.43914e-05
 Reference value :  1.45599e-05
 Reference value :  1.47318e-05
 Reference value :  1.48803e-05
 Reference value :  1.49926e-05
 Reference value :  1.50874e-05
 Reference value :  1.51680e-05
 Reference value :  1.52697e-05
 Reference value :  1.53785e-05
 Reference value :  1.55470e-05
 Reference value :  1.56991e-05
 Reference value :  1.58605e-05
 Reference value :  1.60109e-05
 Reference value :  1.61723e-05
 Reference value :  1.63338e-05
 Reference value :  1.64930e-05
 Reference value :  1.66509e-05
 Reference value :  1.68014e-05
 Reference value :  1.69698e-05
 Reference value :  1.71312e-05
 Reference value :  1.72870e-05
 Reference value :  1.74449e-05
 Reference value :  1.75954e-05
 Reference value :  1.77603e-05
 Reference value :  1.79217e-05
 Reference value :  1.80776e-05
 Reference value :  1.82390e-05
 Reference value :  1.83828e-05
 Reference value :  1.85435e-05
 Reference value :  1.87049e-05
 Reference value :  1.88573e-05
 Reference value :  1.90222e-05
 Reference value :  1.91871e-05
 Reference value :  1.93446e-05
 Reference value :  1.95060e-05
 Reference value :  1.96585e-05
 Reference value :  1.98164e-05
 Reference value :  1.99813e-05
 Reference value :  2.01317e-05
 Reference value :  2.02896e-05
 Reference value :  2.04489e-05
 Reference value :  2.06103e-05
 Reference value :  2.07718e-05
 Reference value :  2.09012e-05
 Reference value :  2.09924e-05
No. of Data Rows : 6063
vhold_min           =  1.20000e+00 at=  1.12288e-09
tfirst              =  1.41317e-06
t1                  =  1.31472e-05
t2                  =  1.39544e-05
t3                  =  1.47623e-05
t4                  =  1.55702e-05
t5                  =  1.63781e-05
t6                  =  1.71860e-05
t7                  =  1.79939e-05
t8                  =  1.88018e-05
t9                  =  1.96098e-05
t10                 =  2.04178e-05
idd_run             =  -5.29975e-06 from=  1.26300e-05 to=  2.10500e-05
vmax                =  1.20947e+00 at=  2.04220e-05
vmin                =  -1.11484e-02 at=  1.51528e-05
Note: Simulation executed from .control section 
Warning: m=xx on .subckt line will override multiplier m hierarchy!

Note: Starting dynamic gmin stepping
Note: Dynamic gmin stepping completed
Note: Starting dynamic gmin stepping
Note: Dynamic gmin stepping completed

Error: measure  t11  when(WHEN) : out of interval
 meas tran t11 when v(clk_out)=6.000000e-01 rise=11 from=1.263000e-05 failed!


Error: measure  t12  when(WHEN) : out of interval
 meas tran t12 when v(clk_out)=6.000000e-01 rise=12 from=1.263000e-05 failed!

