
Note: No compatibility mode selected!


Circuit: * tt_analog_ring, code 128

Doing analysis at TEMP = 27.000000 and TNOM = 27.000000

Using SPARSE 1.3 as Direct Linear Solver
 Reference value :  0.00000e+00
No. of Data Rows : 1
idd_dis=0.000329484 vbp=0.558053 vbn=0.492766 clk_dis=1.2
Doing analysis at TEMP = 27.000000 and TNOM = 27.000000

Using SPARSE 1.3 as Direct Linear Solver

Initial Transient Solution
--------------------------

Node                                   Voltage
----                                   -------
vpwr                                       1.2
code[0]                                      0
code[1]                                      0
code[2]                                      0
code[3]                                      0
code[4]                                      0
code[5]                                      0
code[6]                                      0
code[7]                                    1.2
enable                                       0
xdut.vbp                              0.558053
xdut.vbn                              0.492766
xdut.n0                            3.17801e-07
xdut.p0                                    1.2
xdut.na0                               1.02721
xdut.s0                                    1.2
xdut.s10                                   1.2
xdut.n1                            6.21501e-07
xdut.p1                                    1.2
xdut.s1                            7.17191e-07
xdut.n2                            6.94768e-08
xdut.p2                                    1.2
xdut.s2                                    1.2
xdut.n3                            6.53038e-07
xdut.p3                                    1.2
xdut.s3                            7.51231e-07
xdut.n4                            7.54709e-08
xdut.p4                                    1.2
xdut.s4                                    1.2
xdut.n5                            6.73446e-07
xdut.p5                                    1.2
xdut.s5                            7.62169e-07
xdut.n6                            1.48836e-07
xdut.p6                                    1.2
xdut.s6                                    1.2
xdut.n7                            8.92498e-07
xdut.p7                                    1.2
xdut.s7                            1.00907e-06
xdut.n8                            6.86891e-08
xdut.p8                                    1.2
xdut.s8                                    1.2
xdut.n9                            7.28384e-07
xdut.p9                                    1.2
xdut.s9                            8.43547e-07
xdut.n10                           4.62733e-08
xdut.p10                                   1.2
xdut.b1                            1.58001e-07
clk_out                                    1.2
ven#branch                         7.53704e-12
vc7#branch                        -5.84443e-08
vc6#branch                         8.66944e-13
vc5#branch                         4.33514e-13
vc4#branch                         2.17348e-13
vc3#branch                         1.08454e-13
vc2#branch                         5.34404e-14
vc1#branch                           2.641e-14
vc0#branch                         1.36224e-14
vdd#branch                        -0.000329484

 Reference value :  0.00000e+00
 Reference value :  1.02702e-09
 Reference value :  2.26142e-09
 Reference value :  3.43410e-09
 Reference value :  4.66850e-09
 Reference value :  5.87204e-09
 Reference value :  7.04472e-09
 Reference value :  8.24826e-09
 Reference value :  9.30529e-09
 Reference value :  9.92991e-09
 Reference value :  1.06088e-08
 Reference value :  1.12569e-08
 Reference value :  1.19667e-08
 Reference value :  1.26765e-08
 Reference value :  1.33554e-08
 Reference value :  1.40343e-08
 Reference value :  1.47441e-08
 Reference value :  1.53921e-08
 Reference value :  1.60402e-08
 Reference value :  1.67500e-08
 Reference value :  1.74598e-08
 Reference value :  1.81078e-08
 Reference value :  1.87559e-08
 Reference value :  1.94657e-08
 Reference value :  2.01446e-08
 Reference value :  2.07926e-08
 Reference value :  2.15024e-08
 Reference value :  2.22431e-08
 Reference value :  2.29220e-08
 Reference value :  2.35700e-08
 Reference value :  2.42798e-08
 Reference value :  2.49587e-08
 Reference value :  2.56068e-08
 Reference value :  2.62857e-08
 Reference value :  2.70264e-08
 Reference value :  2.76436e-08
 Reference value :  2.83225e-08
 Reference value :  2.90323e-08
 Reference value :  2.96803e-08
 Reference value :  3.03592e-08
 Reference value :  3.10690e-08
 Reference value :  3.18097e-08
 Reference value :  3.24577e-08
 Reference value :  3.31366e-08
 Reference value :  3.38464e-08
 Reference value :  3.44636e-08
 Reference value :  3.51425e-08
 Reference value :  3.58523e-08
 Reference value :  3.65929e-08
 Reference value :  3.72719e-08
 Reference value :  3.79199e-08
 Reference value :  3.86297e-08
 Reference value :  3.92469e-08
 Reference value :  3.98641e-08
 Reference value :  4.05122e-08
 Reference value :  4.12219e-08
 Reference value :  4.18700e-08
 Reference value :  4.25489e-08
 Reference value :  4.32587e-08
 Reference value :  4.39376e-08
 Reference value :  4.45857e-08
 Reference value :  4.52029e-08
 Reference value :  4.59435e-08
 Reference value :  4.66224e-08
 Reference value :  4.73014e-08
 Reference value :  4.79494e-08
 Reference value :  4.86283e-08
 Reference value :  4.92764e-08
 Reference value :  4.99245e-08
 Reference value :  5.06651e-08
 Reference value :  5.13440e-08
 Reference value :  5.19612e-08
 Reference value :  5.26093e-08
 Reference value :  5.33191e-08
 Reference value :  5.39980e-08
 Reference value :  5.46460e-08
 Reference value :  5.53558e-08
 Reference value :  5.60656e-08
 Reference value :  5.67137e-08
 Reference value :  5.73926e-08
 Reference value :  5.80715e-08
 Reference value :  5.87504e-08
 Reference value :  5.94293e-08
 Reference value :  6.01391e-08
 Reference value :  6.08489e-08
 Reference value :  6.14970e-08
 Reference value :  6.21450e-08
 Reference value :  6.28239e-08
 Reference value :  6.35029e-08
 Reference value :  6.41509e-08
 Reference value :  6.48916e-08
 Reference value :  6.56013e-08
 Reference value :  6.63111e-08
 Reference value :  6.69900e-08
 Reference value :  6.76998e-08
 Reference value :  6.83787e-08
 Reference value :  6.90577e-08
 Reference value :  6.97983e-08
 Reference value :  7.04772e-08
 Reference value :  7.11253e-08
 Reference value :  7.18042e-08
 Reference value :  7.25140e-08
 Reference value :  7.31620e-08
 Reference value :  7.38101e-08
 Reference value :  7.45199e-08
 Reference value :  7.51988e-08
 Reference value :  7.58777e-08
 Reference value :  7.65258e-08
 Reference value :  7.72047e-08
 Reference value :  7.78836e-08
 Reference value :  7.85317e-08
 Reference value :  7.92106e-08
 Reference value :  7.99204e-08
 Reference value :  8.05993e-08
 Reference value :  8.12474e-08
 Reference value :  8.19572e-08
 Reference value :  8.25744e-08
 Reference value :  8.32533e-08
 Reference value :  8.38705e-08
 Reference value :  8.45803e-08
 Reference value :  8.52283e-08
 Reference value :  8.59072e-08
 Reference value :  8.66170e-08
 Reference value :  8.72959e-08
 Reference value :  8.79749e-08
 Reference value :  8.85921e-08
 Reference value :  8.93636e-08
 Reference value :  9.00425e-08
 Reference value :  9.07214e-08
 Reference value :  9.14003e-08
 Reference value :  9.20792e-08
 Reference value :  9.27273e-08
 Reference value :  9.33754e-08
 Reference value :  9.41469e-08
 Reference value :  9.48258e-08
 Reference value :  9.55047e-08
 Reference value :  9.62145e-08
 Reference value :  9.68934e-08
 Reference value :  9.75415e-08
 Reference value :  9.81895e-08
 Reference value :  9.89610e-08
 Reference value :  9.96399e-08
 Reference value :  1.00319e-07
 Reference value :  1.00998e-07
 Reference value :  1.01646e-07
 Reference value :  1.02325e-07
 Reference value :  1.03004e-07
 Reference value :  1.03806e-07
 Reference value :  1.04485e-07
 Reference value :  1.05164e-07
 Reference value :  1.05812e-07
 Reference value :  1.06491e-07
 Reference value :  1.07170e-07
 Reference value :  1.07849e-07
 Reference value :  1.08620e-07
 Reference value :  1.09268e-07
 Reference value :  1.09947e-07
 Reference value :  1.10595e-07
 Reference value :  1.11243e-07
 Reference value :  1.11891e-07
 Reference value :  1.12539e-07
 Reference value :  1.13280e-07
 Reference value :  1.13959e-07
 Reference value :  1.14607e-07
 Reference value :  1.15224e-07
 Reference value :  1.15934e-07
 Reference value :  1.16582e-07
 Reference value :  1.17261e-07
 Reference value :  1.17971e-07
 Reference value :  1.18650e-07
 Reference value :  1.19298e-07
 Reference value :  1.19977e-07
 Reference value :  1.20686e-07
 Reference value :  1.21335e-07
 Reference value :  1.21952e-07
 Reference value :  1.22661e-07
 Reference value :  1.23340e-07
 Reference value :  1.23988e-07
 Reference value :  1.24667e-07
 Reference value :  1.25377e-07
 Reference value :  1.25994e-07
 Reference value :  1.26673e-07
 Reference value :  1.27352e-07
 Reference value :  1.28093e-07
 Reference value :  1.28803e-07
 Reference value :  1.29451e-07
 Reference value :  1.30160e-07
 Reference value :  1.30809e-07
 Reference value :  1.31457e-07
 Reference value :  1.32105e-07
 Reference value :  1.32845e-07
 Reference value :  1.33524e-07
 Reference value :  1.34172e-07
 Reference value :  1.34882e-07
 Reference value :  1.35499e-07
 Reference value :  1.36147e-07
 Reference value :  1.36795e-07
 Reference value :  1.37598e-07
 Reference value :  1.38277e-07
 Reference value :  1.38956e-07
 Reference value :  1.39696e-07
 Reference value :  1.40375e-07
 Reference value :  1.41054e-07
 Reference value :  1.41733e-07
 Reference value :  1.42504e-07
 Reference value :  1.43183e-07
 Reference value :  1.43831e-07
 Reference value :  1.44541e-07
 Reference value :  1.45189e-07
 Reference value :  1.45868e-07
 Reference value :  1.46547e-07
 Reference value :  1.47257e-07
 Reference value :  1.47936e-07
 Reference value :  1.48615e-07
 Reference value :  1.49325e-07
 Reference value :  1.49973e-07
 Reference value :  1.50621e-07
 Reference value :  1.51269e-07
 Reference value :  1.52009e-07
 Reference value :  1.52657e-07
 Reference value :  1.53336e-07
 Reference value :  1.54015e-07
 Reference value :  1.54694e-07
 Reference value :  1.55342e-07
 Reference value :  1.55990e-07
 Reference value :  1.56731e-07
 Reference value :  1.57410e-07
 Reference value :  1.58089e-07
 Reference value :  1.58737e-07
 Reference value :  1.59416e-07
 Reference value :  1.60064e-07
 Reference value :  1.60712e-07
 Reference value :  1.61453e-07
 Reference value :  1.62131e-07
 Reference value :  1.62779e-07
 Reference value :  1.63428e-07
 Reference value :  1.64106e-07
 Reference value :  1.64755e-07
 Reference value :  1.65372e-07
 Reference value :  1.66112e-07
 Reference value :  1.66853e-07
 Reference value :  1.67532e-07
 Reference value :  1.68180e-07
 Reference value :  1.68859e-07
 Reference value :  1.69476e-07
 Reference value :  1.70124e-07
 Reference value :  1.70803e-07
 Reference value :  1.71575e-07
 Reference value :  1.72223e-07
 Reference value :  1.72871e-07
 Reference value :  1.73550e-07
 Reference value :  1.74198e-07
 Reference value :  1.74846e-07
 Reference value :  1.75494e-07
 Reference value :  1.76204e-07
 Reference value :  1.76852e-07
 Reference value :  1.77500e-07
 Reference value :  1.78179e-07
 Reference value :  1.78796e-07
 Reference value :  1.79475e-07
 Reference value :  1.80123e-07
 Reference value :  1.80863e-07
 Reference value :  1.81512e-07
 Reference value :  1.82160e-07
 Reference value :  1.82808e-07
 Reference value :  1.83517e-07
 Reference value :  1.84165e-07
 Reference value :  1.84814e-07
No. of Data Rows : 6015
vhold_min           =  1.20000e+00 at=  1.32081e-10
tfirst              =  1.21768e-08
t1                  =  1.15733e-07
t2                  =  1.20551e-07
t3                  =  1.25370e-07
t4                  =  1.30188e-07
t5                  =  1.35007e-07
t6                  =  1.39825e-07
t7                  =  1.44643e-07
t8                  =  1.49462e-07
t9                  =  1.54280e-07
t10                 =  1.59098e-07
t11                 =  1.63917e-07
t12                 =  1.68735e-07
idd_run             =  -3.43972e-04 from=  1.11100e-07 to=  1.85200e-07
vmax                =  1.21163e+00 at=  1.51762e-07
vmin                =  -7.92534e-03 at=  1.25223e-07
Note: Simulation executed from .control section 
Note: Starting dynamic gmin stepping
Note: Dynamic gmin stepping completed
Note: Starting dynamic gmin stepping
Note: Dynamic gmin stepping completed
