
Note: No compatibility mode selected!


Circuit: * tt_analog_ring, code 0

Doing analysis at TEMP = -40.000000 and TNOM = 27.000000

Using SPARSE 1.3 as Direct Linear Solver
 Reference value :  0.00000e+00
No. of Data Rows : 1
idd_dis=6.0687E-06 vbp=0.763803 vbn=0.367225 clk_dis=1.2
Doing analysis at TEMP = -40.000000 and TNOM = 27.000000

Using SPARSE 1.3 as Direct Linear Solver

Initial Transient Solution
--------------------------

Node                                   Voltage
----                                   -------
vpwr                                       1.2
code[0]                                      0
code[1]                                      0
code[2]                                      0
code[3]                                      0
code[4]                                      0
code[5]                                      0
code[6]                                      0
code[7]                                      0
enable                                       0
xdut.vbp                              0.763803
xdut.vbn                              0.367225
xdut.n0                            4.50912e-09
xdut.p0                                    1.2
xdut.na0                              0.904668
xdut.s0                                    1.2
xdut.s10                                   1.2
xdut.n1                            1.04908e-06
xdut.p1                                    1.2
xdut.s1                            1.05693e-06
xdut.n2                            4.06543e-09
xdut.p2                                    1.2
xdut.s2                                    1.2
xdut.n3                            1.04839e-06
xdut.p3                                    1.2
xdut.s3                            1.05623e-06
xdut.n4                            4.06535e-09
xdut.p4                                1.19948
xdut.s4                                1.19947
xdut.n5                            1.04832e-06
xdut.p5                                    1.2
xdut.s5                            1.05617e-06
xdut.n6                            4.06543e-09
xdut.p6                                    1.2
xdut.s6                                    1.2
xdut.n7                            1.04908e-06
xdut.p7                                    1.2
xdut.s7                            1.05693e-06
xdut.n8                            4.06542e-09
xdut.p8                                    1.2
xdut.s8                                    1.2
xdut.n9                            1.04908e-06
xdut.p9                                    1.2
xdut.s9                            1.05693e-06
xdut.n10                           4.06543e-09
xdut.p10                                   1.2
xdut.b1                            2.12626e-08
clk_out                                    1.2
ven#branch                         1.49145e-12
vc7#branch                         4.94123e-13
vc6#branch                         2.47061e-13
vc5#branch                         1.23531e-13
vc4#branch                         6.17654e-14
vc3#branch                         3.08827e-14
vc2#branch                         1.54413e-14
vc1#branch                         7.72067e-15
vc0#branch                         3.86034e-15
vdd#branch                         -6.0687e-06

 Reference value :  0.00000e+00
 Reference value :  5.31111e-08
 Reference value :  1.16255e-07
 Reference value :  1.77645e-07
 Reference value :  2.39035e-07
 Reference value :  3.00425e-07
 Reference value :  3.63569e-07
 Reference value :  4.28467e-07
 Reference value :  4.89857e-07
 Reference value :  5.26505e-07
 Reference value :  5.52741e-07
 Reference value :  5.80805e-07
 Reference value :  6.12377e-07
 Reference value :  6.41459e-07
 Reference value :  6.70073e-07
 Reference value :  6.98137e-07
 Reference value :  7.27955e-07
 Reference value :  7.55452e-07
 Reference value :  7.83393e-07
 Reference value :  8.13211e-07
 Reference value :  8.43029e-07
 Reference value :  8.71656e-07
 Reference value :  9.01474e-07
 Reference value :  9.31292e-07
 Reference value :  9.61110e-07
 Reference value :  9.86489e-07
 Reference value :  1.01455e-06
 Reference value :  1.04262e-06
 Reference value :  1.07244e-06
 Reference value :  1.09772e-06
 Reference value :  1.12579e-06
 Reference value :  1.15385e-06
 Reference value :  1.18192e-06
 Reference value :  1.20691e-06
 Reference value :  1.23497e-06
 Reference value :  1.26304e-06
 Reference value :  1.29461e-06
 Reference value :  1.32174e-06
 Reference value :  1.35156e-06
 Reference value :  1.38313e-06
 Reference value :  1.41470e-06
 Reference value :  1.44174e-06
 Reference value :  1.47156e-06
 Reference value :  1.49787e-06
 Reference value :  1.52593e-06
 Reference value :  1.55475e-06
 Reference value :  1.58281e-06
 Reference value :  1.61087e-06
 Reference value :  1.64046e-06
 Reference value :  1.66744e-06
 Reference value :  1.69550e-06
 Reference value :  1.72532e-06
 Reference value :  1.75249e-06
 Reference value :  1.78231e-06
 Reference value :  1.81037e-06
 Reference value :  1.84195e-06
 Reference value :  1.87059e-06
 Reference value :  1.90041e-06
 Reference value :  1.92848e-06
 Reference value :  1.95654e-06
 Reference value :  1.98544e-06
 Reference value :  2.01525e-06
 Reference value :  2.04683e-06
 Reference value :  2.07840e-06
 Reference value :  2.10168e-06
 Reference value :  2.13149e-06
 Reference value :  2.15956e-06
 Reference value :  2.19113e-06
 Reference value :  2.21832e-06
 Reference value :  2.24813e-06
 Reference value :  2.27795e-06
 Reference value :  2.30758e-06
 Reference value :  2.33461e-06
 Reference value :  2.36267e-06
 Reference value :  2.39249e-06
 Reference value :  2.41968e-06
 Reference value :  2.44775e-06
 Reference value :  2.47756e-06
 Reference value :  2.50914e-06
 Reference value :  2.53416e-06
 Reference value :  2.56573e-06
 Reference value :  2.59555e-06
 Reference value :  2.62712e-06
 Reference value :  2.65433e-06
 Reference value :  2.68240e-06
 Reference value :  2.71221e-06
 Reference value :  2.74028e-06
 Reference value :  2.76359e-06
 Reference value :  2.79341e-06
 Reference value :  2.82147e-06
 Reference value :  2.85129e-06
 Reference value :  2.87851e-06
 Reference value :  2.90657e-06
 Reference value :  2.93639e-06
 Reference value :  2.96621e-06
 Reference value :  2.99121e-06
 Reference value :  3.02278e-06
 Reference value :  3.05260e-06
 Reference value :  3.08242e-06
 Reference value :  3.10966e-06
 Reference value :  3.13948e-06
 Reference value :  3.16930e-06
 Reference value :  3.19703e-06
 Reference value :  3.22415e-06
 Reference value :  3.25221e-06
 Reference value :  3.28203e-06
 Reference value :  3.31103e-06
 Reference value :  3.34085e-06
 Reference value :  3.36892e-06
 Reference value :  3.39873e-06
 Reference value :  3.42374e-06
 Reference value :  3.45531e-06
 Reference value :  3.48513e-06
 Reference value :  3.51846e-06
 Reference value :  3.54571e-06
 Reference value :  3.57553e-06
 Reference value :  3.60535e-06
 Reference value :  3.63517e-06
 Reference value :  3.66019e-06
 Reference value :  3.69001e-06
 Reference value :  3.71983e-06
 Reference value :  3.74965e-06
 Reference value :  3.77691e-06
 Reference value :  3.80673e-06
 Reference value :  3.83654e-06
 Reference value :  3.86560e-06
 Reference value :  3.89484e-06
 Reference value :  3.92465e-06
 Reference value :  3.95272e-06
 Reference value :  3.98175e-06
 Reference value :  4.01157e-06
 Reference value :  4.03963e-06
 Reference value :  4.06945e-06
 Reference value :  4.09617e-06
 Reference value :  4.12774e-06
 Reference value :  4.15580e-06
 Reference value :  4.18562e-06
 Reference value :  4.21291e-06
 Reference value :  4.24098e-06
 Reference value :  4.27079e-06
 Reference value :  4.30061e-06
 Reference value :  4.32553e-06
 Reference value :  4.35534e-06
 Reference value :  4.38341e-06
 Reference value :  4.41498e-06
 Reference value :  4.44229e-06
 Reference value :  4.47211e-06
 Reference value :  4.49842e-06
 Reference value :  4.52824e-06
 Reference value :  4.55326e-06
 Reference value :  4.58308e-06
 Reference value :  4.61114e-06
 Reference value :  4.64096e-06
 Reference value :  4.67002e-06
 Reference value :  4.69983e-06
 Reference value :  4.72790e-06
 Reference value :  4.75509e-06
 Reference value :  4.78420e-06
 Reference value :  4.81226e-06
 Reference value :  4.84208e-06
 Reference value :  4.87126e-06
 Reference value :  4.89932e-06
 Reference value :  4.92563e-06
 Reference value :  4.95721e-06
 Reference value :  4.98416e-06
 Reference value :  5.01398e-06
 Reference value :  5.04379e-06
 Reference value :  5.07361e-06
 Reference value :  5.10266e-06
 Reference value :  5.13248e-06
 Reference value :  5.16230e-06
 Reference value :  5.19212e-06
 Reference value :  5.21474e-06
 Reference value :  5.24280e-06
 Reference value :  5.27086e-06
 Reference value :  5.30244e-06
 Reference value :  5.33050e-06
 Reference value :  5.35856e-06
 Reference value :  5.38663e-06
 Reference value :  5.41645e-06
 Reference value :  5.43664e-06
 Reference value :  5.46470e-06
 Reference value :  5.49277e-06
 Reference value :  5.52434e-06
 Reference value :  5.55032e-06
 Reference value :  5.57663e-06
 Reference value :  5.60469e-06
 Reference value :  5.63451e-06
 Reference value :  5.65842e-06
 Reference value :  5.68648e-06
 Reference value :  5.71454e-06
 Reference value :  5.74612e-06
 Reference value :  5.77266e-06
 Reference value :  5.80072e-06
 Reference value :  5.82879e-06
 Reference value :  5.85861e-06
 Reference value :  5.88661e-06
 Reference value :  5.91643e-06
 Reference value :  5.94449e-06
 Reference value :  5.97431e-06
 Reference value :  6.00158e-06
 Reference value :  6.03140e-06
 Reference value :  6.05771e-06
 Reference value :  6.08548e-06
 Reference value :  6.11229e-06
 Reference value :  6.14035e-06
 Reference value :  6.17017e-06
 Reference value :  6.19794e-06
 Reference value :  6.22740e-06
 Reference value :  6.25546e-06
 Reference value :  6.28528e-06
 Reference value :  6.31245e-06
 Reference value :  6.34386e-06
 Reference value :  6.37192e-06
 Reference value :  6.39999e-06
 Reference value :  6.42903e-06
 Reference value :  6.45884e-06
 Reference value :  6.48691e-06
 Reference value :  6.51497e-06
 Reference value :  6.53924e-06
 Reference value :  6.56555e-06
 Reference value :  6.59537e-06
 Reference value :  6.62343e-06
 Reference value :  6.65051e-06
 Reference value :  6.68208e-06
 Reference value :  6.71366e-06
 Reference value :  6.74347e-06
 Reference value :  6.76915e-06
 Reference value :  6.79897e-06
 Reference value :  6.82703e-06
 Reference value :  6.85860e-06
 Reference value :  6.88597e-06
 Reference value :  6.91579e-06
 Reference value :  6.94385e-06
 Reference value :  6.97506e-06
 Reference value :  6.99983e-06
 Reference value :  7.02789e-06
 Reference value :  7.05771e-06
 Reference value :  7.08753e-06
 Reference value :  7.12077e-06
 Reference value :  7.14884e-06
 Reference value :  7.17866e-06
 Reference value :  7.20417e-06
 Reference value :  7.23224e-06
 Reference value :  7.26205e-06
 Reference value :  7.29363e-06
 Reference value :  7.32319e-06
 Reference value :  7.35126e-06
 Reference value :  7.38283e-06
 Reference value :  7.41440e-06
 Reference value :  7.44061e-06
 Reference value :  7.47042e-06
 Reference value :  7.50024e-06
 Reference value :  7.53006e-06
 Reference value :  7.55561e-06
 Reference value :  7.58368e-06
 Reference value :  7.61174e-06
 Reference value :  7.64156e-06
 Reference value :  7.66704e-06
 Reference value :  7.69510e-06
 Reference value :  7.72492e-06
 Reference value :  7.75298e-06
 Reference value :  7.77845e-06
 Reference value :  7.80826e-06
 Reference value :  7.83457e-06
 Reference value :  7.86389e-06
 Reference value :  7.88626e-06
 Reference value :  7.91433e-06
 Reference value :  7.94414e-06
 Reference value :  7.97221e-06
 Reference value :  7.99810e-06
 Reference value :  8.02616e-06
 Reference value :  8.05598e-06
 Reference value :  8.08755e-06
 Reference value :  8.11452e-06
 Reference value :  8.14259e-06
 Reference value :  8.17241e-06
 Reference value :  8.19907e-06
 Reference value :  8.22848e-06
 Reference value :  8.25829e-06
 Reference value :  8.28811e-06
 Reference value :  8.31333e-06
 Reference value :  8.33964e-06
 Reference value :  8.36770e-06
 Reference value :  8.39401e-06
 Reference value :  8.41973e-06
 Reference value :  8.44863e-06
 Reference value :  8.48020e-06
 Reference value :  8.51002e-06
 Reference value :  8.53527e-06
 Reference value :  8.56332e-06
 Reference value :  8.59314e-06
 Reference value :  8.62120e-06
 Reference value :  8.64782e-06
 Reference value :  8.67763e-06
 Reference value :  8.70745e-06
 Reference value :  8.73727e-06
 Reference value :  8.76429e-06
 Reference value :  8.79235e-06
 Reference value :  8.81866e-06
 Reference value :  8.84673e-06
 Reference value :  8.87339e-06
 Reference value :  8.90145e-06
 Reference value :  8.92952e-06
 Reference value :  8.95933e-06
 Reference value :  8.98461e-06
 Reference value :  9.01267e-06
 Reference value :  9.04074e-06
 Reference value :  9.06880e-06
 Reference value :  9.09552e-06
 Reference value :  9.12534e-06
 Reference value :  9.15691e-06
 Reference value :  9.18673e-06
 Reference value :  9.21201e-06
 Reference value :  9.24183e-06
 Reference value :  9.26990e-06
 Reference value :  9.30147e-06
 Reference value :  9.32649e-06
 Reference value :  9.35280e-06
 Reference value :  9.38086e-06
 Reference value :  9.41068e-06
 Reference value :  9.43246e-06
 Reference value :  9.46053e-06
 Reference value :  9.48684e-06
 Reference value :  9.51665e-06
 Reference value :  9.54347e-06
 Reference value :  9.57153e-06
 Reference value :  9.60135e-06
 Reference value :  9.62942e-06
 Reference value :  9.65468e-06
 Reference value :  9.68274e-06
 Reference value :  9.70905e-06
 Reference value :  9.73712e-06
 Reference value :  9.76223e-06
 Reference value :  9.79029e-06
 Reference value :  9.81836e-06
 Reference value :  9.84818e-06
 Reference value :  9.87342e-06
 Reference value :  9.90148e-06
 Reference value :  9.93130e-06
 Reference value :  9.96112e-06
 Reference value :  9.98803e-06
 Reference value :  1.00161e-05
 Reference value :  1.00477e-05
 Reference value :  1.00792e-05
 Reference value :  1.01062e-05
 Reference value :  1.01360e-05
 Reference value :  1.01659e-05
 Reference value :  1.01957e-05
 Reference value :  1.02226e-05
 Reference value :  1.02507e-05
 Reference value :  1.02787e-05
 Reference value :  1.03086e-05
 Reference value :  1.03338e-05
 Reference value :  1.03618e-05
 Reference value :  1.03899e-05
 Reference value :  1.04193e-05
 Reference value :  1.04484e-05
 Reference value :  1.04783e-05
 Reference value :  1.05098e-05
No. of Data Rows : 6081
vhold_min           =  1.20000e+00 at=  1.40320e-10
tfirst              =  6.39019e-07
t1                  =  6.53078e-06
t2                  =  6.75325e-06
t3                  =  6.97544e-06
t4                  =  7.19783e-06
t5                  =  7.41976e-06
t6                  =  7.64178e-06
t7                  =  7.86419e-06
t8                  =  8.08629e-06
t9                  =  8.30837e-06
t10                 =  8.53030e-06
t11                 =  8.75227e-06
t12                 =  8.97431e-06
idd_run             =  -6.46840e-06 from=  6.31600e-06 to=  1.05300e-05
vmax                =  1.22279e+00 at=  8.31041e-06
vmin                =  -1.48080e-02 at=  6.86531e-06
Note: Simulation executed from .control section 
Note: Starting dynamic gmin stepping
Note: Dynamic gmin stepping completed
Note: Starting dynamic gmin stepping
Note: Dynamic gmin stepping completed
