
Note: Compatibility modes selected: hs a


Circuit: * tt_analog_ring, code 255

Doing analysis at TEMP = 27.000000 and TNOM = 27.000000

Using SPARSE 1.3 as Direct Linear Solver
 Reference value :  0.00000e+00
No. of Data Rows : 1
idd_dis=0.000580781 vbp=0.461134 vbn=0.574992 clk_dis=1.2
Doing analysis at TEMP = 27.000000 and TNOM = 27.000000

Using SPARSE 1.3 as Direct Linear Solver

Initial Transient Solution
--------------------------

Node                                   Voltage
----                                   -------
vpwr                                       1.2
code[0]                                    1.2
code[1]                                    1.2
code[2]                                    1.2
code[3]                                    1.2
code[4]                                    1.2
code[5]                                    1.2
code[6]                                    1.2
code[7]                                    1.2
enable                                       0
xdut.vbp                              0.461134
clk_out                                    1.2
xdut.b1                            2.02245e-07
xdut.s3                            6.26984e-07
xdut.s2                                    1.2
xdut.n_126                                 1.2
xdut.s1                            5.12316e-07
xdut.n_125                                 1.2
xdut.s10                                   1.2
xdut.s6                                    1.2
xdut.s5                            4.14638e-07
xdut.n_128                                 1.2
xdut.s9                            5.09836e-07
xdut.n_133                                 1.2
xdut.s4                                    1.2
xdut.n_129                                 1.2
xdut.s8                                    1.2
xdut.n_132                                 1.2
xdut.s7                            5.14679e-07
xdut.n_130                                 1.2
xdut.n_127                                 1.2
xdut.n_131                                 1.2
xdut.s0                                    1.2
xdut.n_124                                 1.2
xdut.n_71                          4.19317e-07
xdut.n_72                          4.27064e-07
xdut.n_70                          6.25477e-08
xdut.n_77                          5.21072e-07
xdut.n_75                          1.81294e-07
xdut.n_73                          7.46616e-08
xdut.n_67                          5.65072e-08
xdut.n_76                          4.46778e-08
xdut.n_69                          4.27423e-07
xdut.n_74                          3.44476e-07
xdut.n_122                                 1.2
xdut.n_i1005                           1.03951
xdut.n_68                          6.70724e-08
xdut.vbn                              0.574992
ven#branch                         7.51554e-12
vc7#branch                        -6.38649e-08
vc6#branch                         -3.1817e-08
vc5#branch                        -1.59637e-08
vc4#branch                        -7.98198e-09
vc3#branch                        -3.96885e-09
vc2#branch                        -1.96421e-09
vc1#branch                        -9.96723e-10
vc0#branch                        -5.08178e-10
vdd#branch                        -0.000580781

 Reference value :  0.00000e+00
 Reference value :  2.78228e-09
 Reference value :  5.95492e-09
 Reference value :  9.04724e-09
 Reference value :  1.18986e-08
 Reference value :  1.35355e-08
 Reference value :  1.53829e-08
 Reference value :  1.71098e-08
 Reference value :  1.89170e-08
 Reference value :  2.06037e-08
 Reference value :  2.23707e-08
 Reference value :  2.41779e-08
 Reference value :  2.59450e-08
 Reference value :  2.77923e-08
 Reference value :  2.95594e-08
 Reference value :  3.15272e-08
 Reference value :  3.33344e-08
 Reference value :  3.50613e-08
 Reference value :  3.69086e-08
 Reference value :  3.85954e-08
 Reference value :  4.04026e-08
 Reference value :  4.20090e-08
 Reference value :  4.38162e-08
 Reference value :  4.56635e-08
 Reference value :  4.73904e-08
 Reference value :  4.92779e-08
 Reference value :  5.08843e-08
 Reference value :  5.26915e-08
 Reference value :  5.44586e-08
 Reference value :  5.62658e-08
 Reference value :  5.80730e-08
 Reference value :  5.97597e-08
 Reference value :  6.15669e-08
 Reference value :  6.32536e-08
 Reference value :  6.50608e-08
 Reference value :  6.69082e-08
 Reference value :  6.86350e-08
 Reference value :  7.04422e-08
 Reference value :  7.20888e-08
 Reference value :  7.39763e-08
 Reference value :  7.57835e-08
 Reference value :  7.75506e-08
 Reference value :  7.93979e-08
 Reference value :  8.11248e-08
 Reference value :  8.28918e-08
 Reference value :  8.44982e-08
 Reference value :  8.63456e-08
 Reference value :  8.81126e-08
 Reference value :  8.97994e-08
 Reference value :  9.16066e-08
 Reference value :  9.32531e-08
 Reference value :  9.50603e-08
 Reference value :  9.67470e-08
 Reference value :  9.85542e-08
 Reference value :  1.00402e-07
 Reference value :  1.02048e-07
 Reference value :  1.03896e-07
 Reference value :  1.05582e-07
 Reference value :  1.07349e-07
 Reference value :  1.09036e-07
 Reference value :  1.10843e-07
 Reference value :  1.12650e-07
 Reference value :  1.14337e-07
 Reference value :  1.16144e-07
 Reference value :  1.17831e-07
 Reference value :  1.19598e-07
 Reference value :  1.21365e-07
 Reference value :  1.23132e-07
 Reference value :  1.24899e-07
 Reference value :  1.26546e-07
 Reference value :  1.28393e-07
 Reference value :  1.30040e-07
 Reference value :  1.31164e-07
 Reference value :  1.32208e-07
 Reference value :  1.33534e-07
 Reference value :  1.34698e-07
 Reference value :  1.35662e-07
 Reference value :  1.36787e-07
 Reference value :  1.38594e-07
 Reference value :  1.40441e-07
 Reference value :  1.42168e-07
 Reference value :  1.43975e-07
 Reference value :  1.45863e-07
 Reference value :  1.47389e-07
 Reference value :  1.48393e-07
 Reference value :  1.49517e-07
 Reference value :  1.50561e-07
 Reference value :  1.51606e-07
 Reference value :  1.52770e-07
 Reference value :  1.53935e-07
 Reference value :  1.55220e-07
 Reference value :  1.56184e-07
 Reference value :  1.57148e-07
 Reference value :  1.58312e-07
 Reference value :  1.59718e-07
 Reference value :  1.61525e-07
 Reference value :  1.63252e-07
 Reference value :  1.65059e-07
 Reference value :  1.66746e-07
 Reference value :  1.68513e-07
 Reference value :  1.70280e-07
 Reference value :  1.72007e-07
 Reference value :  1.73814e-07
 Reference value :  1.75501e-07
 Reference value :  1.77348e-07
 Reference value :  1.79075e-07
 Reference value :  1.80802e-07
 Reference value :  1.82609e-07
 Reference value :  1.84256e-07
 Reference value :  1.86023e-07
 Reference value :  1.87709e-07
 Reference value :  1.89517e-07
 Reference value :  1.91284e-07
 Reference value :  1.93011e-07
 Reference value :  1.94858e-07
 Reference value :  1.96545e-07
 Reference value :  1.98312e-07
 Reference value :  1.99958e-07
 Reference value :  2.01846e-07
 Reference value :  2.03613e-07
 Reference value :  2.05300e-07
 Reference value :  2.07107e-07
 Reference value :  2.08793e-07
 Reference value :  2.10560e-07
 Reference value :  2.12247e-07
 Reference value :  2.14095e-07
 Reference value :  2.15902e-07
 Reference value :  2.17548e-07
 Reference value :  2.19396e-07
 Reference value :  2.21082e-07
 Reference value :  2.22890e-07
 Reference value :  2.24657e-07
 Reference value :  2.26504e-07
 Reference value :  2.28271e-07
 Reference value :  2.29958e-07
 Reference value :  2.31765e-07
 Reference value :  2.33452e-07
 Reference value :  2.35259e-07
 Reference value :  2.37026e-07
 Reference value :  2.38753e-07
 Reference value :  2.40520e-07
No. of Data Rows : 6014
vhold_min           =  1.20000e+00 at=  2.52205e-10
tfirst              =  1.54728e-08
t1                  =  1.46287e-07
t2                  =  1.52367e-07
t3                  =  1.58446e-07
t4                  =  1.64525e-07
t5                  =  1.70605e-07
t6                  =  1.76683e-07
t7                  =  1.82763e-07
t8                  =  1.88842e-07
t9                  =  1.94921e-07
t10                 =  2.01001e-07
t11                 =  2.07080e-07
t12                 =  2.13159e-07
idd_run             =  -5.98509e-04 from=  1.44600e-07 to=  2.41000e-07
vmax                =  1.20936e+00 at=  2.28070e-07
vmin                =  -5.65678e-03 at=  1.52168e-07
Note: Simulation executed from .control section 
Warning: m=xx on .subckt line will override multiplier m hierarchy!

Note: Starting dynamic gmin stepping
Note: Dynamic gmin stepping completed
Note: Starting dynamic gmin stepping
Note: Dynamic gmin stepping completed
