
Note: No compatibility mode selected!


Circuit: * stage delay at code 128

Doing analysis at TEMP = -40.000000 and TNOM = 27.000000

Using SPARSE 1.3 as Direct Linear Solver

Initial Transient Solution
--------------------------

Node                                   Voltage
----                                   -------
vpwr                                      1.08
code[0]                                      0
code[1]                                      0
code[2]                                      0
code[3]                                      0
code[4]                                      0
code[5]                                      0
code[6]                                      0
code[7]                                   1.08
vbp                                   0.412676
vbn                                   0.555669
a                                            0
xdrv.net1                                 1.08
b                                         1.08
xdrv.net2                          2.94695e-09
xdut.net1                                 1.08
y                                  5.03695e-08
xdut.net2                          4.29537e-08
xload.net1                                1.08
z                                         1.08
xload.net2                         2.94695e-09
xload2.net1                               1.08
zz                                 3.14157e-08
xload2.net2                        2.71855e-08
vin#branch                         1.02471e-12
vc7#branch                        -6.30676e-09
vc6#branch                         3.69654e-14
vc5#branch                         1.84826e-14
vc4#branch                         9.24114e-15
vc3#branch                         4.62042e-15
vc2#branch                         2.31006e-15
vc1#branch                         1.15489e-15
vc0#branch                         5.77296e-16
vdd#branch                        -0.000271785

 Reference value :  2.88356e-10
 Reference value :  1.82552e-09
 Reference value :  3.01551e-09
 Reference value :  4.26561e-09
 Reference value :  5.81204e-09
 Reference value :  7.22326e-09
 Reference value :  8.26038e-09
 Reference value :  9.79754e-09
 Reference value :  1.13208e-08
 Reference value :  1.24412e-08
 Reference value :  1.37885e-08
 Reference value :  1.53303e-08
 Reference value :  1.66813e-08
 Reference value :  1.78342e-08
 Reference value :  1.93760e-08
 Reference value :  2.08830e-08
 Reference value :  2.19317e-08
 Reference value :  2.33624e-08
 Reference value :  2.48903e-08
 Reference value :  2.61024e-08
 Reference value :  2.72738e-08
No. of Data Rows : 6045
tin_f               =  1.18219e-08
tout_r              =  1.20660e-08
tin_r               =  1.64694e-08
tout_f              =  1.67506e-08
tplh=2.4418E-10 tphl=2.8114E-10
t40r                =  1.20320e-08
t60r                =  1.21015e-08
t60f                =  1.67135e-08
t40f                =  1.67886e-08
sr_r=3.10657E+09 sr_f=-2.87846E+09
tr                  =  1.19652e-08
tr8                 =  1.22163e-08
tf                  =  1.66382e-08
tf2                 =  1.68927e-08
trise=2.5107E-10 tfall=2.5445E-10
Note: Simulation executed from .control section 
Note: Starting dynamic gmin stepping
Note: Dynamic gmin stepping completed
