
Note: Compatibility modes selected: hs a


Circuit: * tt_analog_ring, code 15

Doing analysis at TEMP = 27.000000 and TNOM = 27.000000

Using SPARSE 1.3 as Direct Linear Solver
 Reference value :  0.00000e+00
No. of Data Rows : 1
idd_dis=4.85576E-05 vbp=0.748746 vbn=0.356042 clk_dis=1.2
Doing analysis at TEMP = 27.000000 and TNOM = 27.000000

Using SPARSE 1.3 as Direct Linear Solver

Initial Transient Solution
--------------------------

Node                                   Voltage
----                                   -------
vpwr                                       1.2
code[0]                                    1.2
code[1]                                    1.2
code[2]                                    1.2
code[3]                                    1.2
code[4]                                      0
code[5]                                      0
code[6]                                      0
code[7]                                      0
enable                                       0
xdut.vbp                              0.748746
clk_out                                    1.2
xdut.b1                            1.58331e-07
xdut.s3                            2.08081e-06
xdut.s2                                    1.2
xdut.n_126                                 1.2
xdut.s1                            1.58471e-06
xdut.n_125                                 1.2
xdut.s10                                   1.2
xdut.s6                                    1.2
xdut.s5                            1.78249e-06
xdut.n_128                                 1.2
xdut.s9                            1.57459e-06
xdut.n_133                                 1.2
xdut.s4                                    1.2
xdut.n_129                                 1.2
xdut.s8                                    1.2
xdut.n_132                                 1.2
xdut.s7                            1.80078e-06
xdut.n_130                                 1.2
xdut.n_127                                 1.2
xdut.n_131                                 1.2
xdut.s0                                    1.2
xdut.n_124                                 1.2
xdut.n_71                          1.49769e-06
xdut.n_72                          1.72326e-06
xdut.n_70                          9.79261e-08
xdut.n_77                          1.97786e-06
xdut.n_75                          1.02749e-07
xdut.n_73                          1.17248e-07
xdut.n_67                          1.73065e-07
xdut.n_76                          5.33601e-07
xdut.n_69                          1.49935e-06
xdut.n_74                          1.69589e-06
xdut.n_122                                 1.2
xdut.n_i1005                           1.02747
xdut.n_68                          5.46603e-07
xdut.vbn                              0.356042
ven#branch                         7.38544e-12
vc7#branch                         4.08687e-12
vc6#branch                         2.04669e-12
vc5#branch                         1.02261e-12
vc4#branch                         5.15274e-13
vc3#branch                        -3.40694e-09
vc2#branch                        -1.69379e-09
vc1#branch                        -8.51603e-10
vc0#branch                        -4.30511e-10
vdd#branch                        -4.85576e-05

 Reference value :  0.00000e+00
 Reference value :  1.27496e-08
 Reference value :  2.80736e-08
 Reference value :  4.37807e-08
 Reference value :  5.94878e-08
 Reference value :  7.51949e-08
 Reference value :  9.12851e-08
 Reference value :  1.06992e-07
 Reference value :  1.16207e-07
 Reference value :  1.24252e-07
 Reference value :  1.32297e-07
 Reference value :  1.40726e-07
 Reference value :  1.47477e-07
 Reference value :  1.55139e-07
 Reference value :  1.63567e-07
 Reference value :  1.71613e-07
 Reference value :  1.80041e-07
 Reference value :  1.88086e-07
 Reference value :  1.95601e-07
 Reference value :  2.03263e-07
 Reference value :  2.11308e-07
 Reference value :  2.19736e-07
 Reference value :  2.27398e-07
 Reference value :  2.35443e-07
 Reference value :  2.43488e-07
 Reference value :  2.50240e-07
 Reference value :  2.57902e-07
 Reference value :  2.65564e-07
 Reference value :  2.72843e-07
 Reference value :  2.81271e-07
 Reference value :  2.89316e-07
 Reference value :  2.97744e-07
 Reference value :  3.04492e-07
 Reference value :  3.12920e-07
 Reference value :  3.20965e-07
 Reference value :  3.28627e-07
 Reference value :  3.36673e-07
 Reference value :  3.44718e-07
 Reference value :  3.52501e-07
 Reference value :  3.60663e-07
 Reference value :  3.67942e-07
 Reference value :  3.75604e-07
 Reference value :  3.83649e-07
 Reference value :  3.92077e-07
 Reference value :  4.00505e-07
 Reference value :  4.08019e-07
 Reference value :  4.15681e-07
 Reference value :  4.23343e-07
 Reference value :  4.31771e-07
 Reference value :  4.39433e-07
 Reference value :  4.47095e-07
 Reference value :  4.54757e-07
 Reference value :  4.61891e-07
 Reference value :  4.69936e-07
 Reference value :  4.78364e-07
 Reference value :  4.86792e-07
 Reference value :  4.95220e-07
 Reference value :  5.03649e-07
 Reference value :  5.11203e-07
 Reference value :  5.19208e-07
 Reference value :  5.27253e-07
 Reference value :  5.36064e-07
 Reference value :  5.43726e-07
 Reference value :  5.51771e-07
 Reference value :  5.59816e-07
 Reference value :  5.66566e-07
 Reference value :  5.75761e-07
 Reference value :  5.83806e-07
 Reference value :  5.92234e-07
 Reference value :  6.00279e-07
 Reference value :  6.08707e-07
 Reference value :  6.16377e-07
 Reference value :  6.24650e-07
 Reference value :  6.32312e-07
 Reference value :  6.41123e-07
 Reference value :  6.48785e-07
 Reference value :  6.56830e-07
 Reference value :  6.64492e-07
 Reference value :  6.71242e-07
 Reference value :  6.78904e-07
 Reference value :  6.86949e-07
 Reference value :  6.95760e-07
 Reference value :  7.03805e-07
 Reference value :  7.11850e-07
 Reference value :  7.20662e-07
 Reference value :  7.27793e-07
 Reference value :  7.35839e-07
 Reference value :  7.43884e-07
 Reference value :  7.51929e-07
 Reference value :  7.59974e-07
 Reference value :  7.68019e-07
 Reference value :  7.75151e-07
 Reference value :  7.82813e-07
 Reference value :  7.90858e-07
 Reference value :  7.99670e-07
 Reference value :  8.07715e-07
 Reference value :  8.15760e-07
 Reference value :  8.24188e-07
 Reference value :  8.31320e-07
 Reference value :  8.39365e-07
 Reference value :  8.47410e-07
 Reference value :  8.55838e-07
 Reference value :  8.63884e-07
 Reference value :  8.72312e-07
 Reference value :  8.79982e-07
 Reference value :  8.87872e-07
 Reference value :  8.95917e-07
 Reference value :  9.05112e-07
 Reference value :  9.12774e-07
 Reference value :  9.20819e-07
 Reference value :  9.29247e-07
 Reference value :  9.36762e-07
 Reference value :  9.45190e-07
 Reference value :  9.55917e-07
 Reference value :  9.65494e-07
 Reference value :  9.73540e-07
 Reference value :  9.81968e-07
 Reference value :  9.89100e-07
 Reference value :  9.97145e-07
 Reference value :  1.00557e-06
 Reference value :  1.01400e-06
 Reference value :  1.02243e-06
 Reference value :  1.03086e-06
 Reference value :  1.03814e-06
 Reference value :  1.04565e-06
 Reference value :  1.05293e-06
 Reference value :  1.06098e-06
 Reference value :  1.06864e-06
 Reference value :  1.07630e-06
 Reference value :  1.08358e-06
 Reference value :  1.09059e-06
 Reference value :  1.09761e-06
 Reference value :  1.10527e-06
 Reference value :  1.11331e-06
 Reference value :  1.12059e-06
 Reference value :  1.12787e-06
 Reference value :  1.13515e-06
 Reference value :  1.14281e-06
 Reference value :  1.14918e-06
 Reference value :  1.15684e-06
 Reference value :  1.16527e-06
 Reference value :  1.17370e-06
 Reference value :  1.18212e-06
 Reference value :  1.19055e-06
 Reference value :  1.19883e-06
 Reference value :  1.20726e-06
 Reference value :  1.21531e-06
 Reference value :  1.22412e-06
 Reference value :  1.23216e-06
 Reference value :  1.23983e-06
 Reference value :  1.24825e-06
 Reference value :  1.25539e-06
 Reference value :  1.26267e-06
 Reference value :  1.27109e-06
 Reference value :  1.27914e-06
 Reference value :  1.28718e-06
 Reference value :  1.29485e-06
 Reference value :  1.30202e-06
 Reference value :  1.30964e-06
 Reference value :  1.31768e-06
 Reference value :  1.32688e-06
 Reference value :  1.33492e-06
 Reference value :  1.34335e-06
 Reference value :  1.35216e-06
 Reference value :  1.35930e-06
 Reference value :  1.36734e-06
 Reference value :  1.37577e-06
 Reference value :  1.38420e-06
 Reference value :  1.39224e-06
 Reference value :  1.40029e-06
 Reference value :  1.40780e-06
 Reference value :  1.41585e-06
 Reference value :  1.42389e-06
 Reference value :  1.43309e-06
 Reference value :  1.44113e-06
 Reference value :  1.44918e-06
 Reference value :  1.45761e-06
 Reference value :  1.46435e-06
 Reference value :  1.47202e-06
 Reference value :  1.48006e-06
 Reference value :  1.48849e-06
 Reference value :  1.49654e-06
 Reference value :  1.50458e-06
 Reference value :  1.51236e-06
 Reference value :  1.52014e-06
 Reference value :  1.52819e-06
 Reference value :  1.53738e-06
 Reference value :  1.54543e-06
 Reference value :  1.55385e-06
 Reference value :  1.56266e-06
 Reference value :  1.56980e-06
 Reference value :  1.57822e-06
 Reference value :  1.58704e-06
 Reference value :  1.59546e-06
 Reference value :  1.60389e-06
 Reference value :  1.61194e-06
 Reference value :  1.61907e-06
 Reference value :  1.62673e-06
 Reference value :  1.63439e-06
 Reference value :  1.64206e-06
 Reference value :  1.64895e-06
 Reference value :  1.65623e-06
 Reference value :  1.66428e-06
 Reference value :  1.67179e-06
 Reference value :  1.67984e-06
 Reference value :  1.68711e-06
 Reference value :  1.69554e-06
 Reference value :  1.70244e-06
 Reference value :  1.70933e-06
 Reference value :  1.71700e-06
 Reference value :  1.72451e-06
 Reference value :  1.73256e-06
 Reference value :  1.74099e-06
 Reference value :  1.74941e-06
 Reference value :  1.75746e-06
 Reference value :  1.76589e-06
 Reference value :  1.77393e-06
 Reference value :  1.77991e-06
 Reference value :  1.78719e-06
 Reference value :  1.79447e-06
 Reference value :  1.80213e-06
 Reference value :  1.80980e-06
 Reference value :  1.81784e-06
 Reference value :  1.82627e-06
 Reference value :  1.83302e-06
 Reference value :  1.84106e-06
 Reference value :  1.84911e-06
 Reference value :  1.85869e-06
 Reference value :  1.86750e-06
 Reference value :  1.87554e-06
 Reference value :  1.88306e-06
 Reference value :  1.89110e-06
 Reference value :  1.89877e-06
 Reference value :  1.90758e-06
 Reference value :  1.91562e-06
 Reference value :  1.92405e-06
 Reference value :  1.93286e-06
 Reference value :  1.93961e-06
 Reference value :  1.94727e-06
 Reference value :  1.95532e-06
 Reference value :  1.96375e-06
 Reference value :  1.97217e-06
 Reference value :  1.98022e-06
 Reference value :  1.98773e-06
 Reference value :  1.99578e-06
 Reference value :  2.00382e-06
 Reference value :  2.01302e-06
 Reference value :  2.02106e-06
 Reference value :  2.02911e-06
 Reference value :  2.03754e-06
 Reference value :  2.04429e-06
 Reference value :  2.05310e-06
 Reference value :  2.06153e-06
 Reference value :  2.06957e-06
 Reference value :  2.07800e-06
 Reference value :  2.08643e-06
 Reference value :  2.09433e-06
 Reference value :  2.10275e-06
 Reference value :  2.11042e-06
 Reference value :  2.11923e-06
 Reference value :  2.12766e-06
 Reference value :  2.13570e-06
 Reference value :  2.14413e-06
 Reference value :  2.15088e-06
 Reference value :  2.15892e-06
 Reference value :  2.16773e-06
 Reference value :  2.17616e-06
 Reference value :  2.18421e-06
 Reference value :  2.19264e-06
 Reference value :  2.20015e-06
 Reference value :  2.20820e-06
 Reference value :  2.21624e-06
 Reference value :  2.22505e-06
 Reference value :  2.23310e-06
 Reference value :  2.24114e-06
 Reference value :  2.24957e-06
 Reference value :  2.25632e-06
 Reference value :  2.26437e-06
 Reference value :  2.27318e-06
 Reference value :  2.28122e-06
 Reference value :  2.28927e-06
 Reference value :  2.29731e-06
No. of Data Rows : 6075
vhold_min           =  1.20000e+00 at=  2.45184e-10
tfirst              =  1.40891e-07
t1                  =  1.38074e-06
t2                  =  1.43346e-06
t3                  =  1.48618e-06
t4                  =  1.53890e-06
t5                  =  1.59162e-06
t6                  =  1.64434e-06
t7                  =  1.69707e-06
t8                  =  1.74979e-06
t9                  =  1.80251e-06
t10                 =  1.85523e-06
t11                 =  1.90795e-06
t12                 =  1.96067e-06
idd_run             =  -5.15022e-05 from=  1.37900e-06 to=  2.29900e-06
vmax                =  1.20551e+00 at=  1.85600e-06
vmin                =  -3.24720e-02 at=  2.25022e-06
Note: Simulation executed from .control section 
Warning: m=xx on .subckt line will override multiplier m hierarchy!

Note: Starting dynamic gmin stepping
Note: Dynamic gmin stepping completed
Note: Starting dynamic gmin stepping
Note: Dynamic gmin stepping completed
