
Note: Compatibility modes selected: hs a


Circuit: * tt_analog_ring, code 2

Doing analysis at TEMP = 125.000000 and TNOM = 27.000000

Using SPARSE 1.3 as Direct Linear Solver
 Reference value :  0.00000e+00
No. of Data Rows : 1
idd_dis=7.17089E-06 vbp=0.8797 vbn=0.236909 clk_dis=1.2
Doing analysis at TEMP = 125.000000 and TNOM = 27.000000

Using SPARSE 1.3 as Direct Linear Solver

Initial Transient Solution
--------------------------

Node                                   Voltage
----                                   -------
vpwr                                       1.2
code[0]                                      0
code[1]                                    1.2
code[2]                                      0
code[3]                                      0
code[4]                                      0
code[5]                                      0
code[6]                                      0
code[7]                                      0
enable                                       0
xdut.vbp                                0.8797
clk_out                                    1.2
xdut.b1                            7.24888e-07
xdut.s3                            6.81539e-05
xdut.s2                                1.19999
xdut.n_126                             1.19996
xdut.s1                            6.81687e-05
xdut.n_125                             1.19999
xdut.s10                               1.19999
xdut.s6                                1.19999
xdut.s5                            6.81539e-05
xdut.n_128                             1.19999
xdut.s9                            6.81539e-05
xdut.n_133                             1.19999
xdut.s4                                1.19999
xdut.n_129                             1.19996
xdut.s8                                1.19999
xdut.n_132                             1.19996
xdut.s7                            6.81539e-05
xdut.n_130                             1.19996
xdut.n_127                             1.19999
xdut.n_131                             1.19999
xdut.s0                                1.19997
xdut.n_124                             1.19996
xdut.n_71                           6.7485e-05
xdut.n_72                          6.74703e-05
xdut.n_70                          1.14433e-05
xdut.n_77                          6.74703e-05
xdut.n_75                          1.14433e-05
xdut.n_73                          1.14433e-05
xdut.n_67                          1.14433e-05
xdut.n_76                          1.14433e-05
xdut.n_69                          6.74703e-05
xdut.n_74                          6.74703e-05
xdut.n_122                             1.19997
xdut.n_i1005                           1.02029
xdut.n_68                           2.6521e-05
xdut.vbn                              0.236909
ven#branch                         3.57902e-12
vc7#branch                         4.26176e-12
vc6#branch                         2.13088e-12
vc5#branch                         1.06544e-12
vc4#branch                          5.3272e-13
vc3#branch                          2.6636e-13
vc2#branch                          1.3318e-13
vc1#branch                        -3.98926e-10
vc0#branch                          3.3295e-14
vdd#branch                        -7.17089e-06

 Reference value :  0.00000e+00
 Reference value :  6.20025e-08
 Reference value :  1.35490e-07
 Reference value :  2.08977e-07
 Reference value :  2.82464e-07
 Reference value :  3.54242e-07
 Reference value :  4.26020e-07
 Reference value :  4.96089e-07
 Reference value :  5.26648e-07
 Reference value :  5.67664e-07
 Reference value :  6.06971e-07
 Reference value :  6.47987e-07
 Reference value :  6.89003e-07
 Reference value :  7.25382e-07
 Reference value :  7.64689e-07
 Reference value :  8.02287e-07
 Reference value :  8.41594e-07
 Reference value :  8.82610e-07
 Reference value :  9.25214e-07
 Reference value :  9.67939e-07
 Reference value :  1.00895e-06
 Reference value :  1.04655e-06
 Reference value :  1.08586e-06
 Reference value :  1.12453e-06
 Reference value :  1.16092e-06
 Reference value :  1.19681e-06
 Reference value :  1.23270e-06
 Reference value :  1.26859e-06
 Reference value :  1.30789e-06
 Reference value :  1.34284e-06
 Reference value :  1.38215e-06
 Reference value :  1.41975e-06
 Reference value :  1.45564e-06
 Reference value :  1.48982e-06
 Reference value :  1.52913e-06
 Reference value :  1.55968e-06
 Reference value :  1.59557e-06
 Reference value :  1.63146e-06
 Reference value :  1.66564e-06
 Reference value :  1.70153e-06
 Reference value :  1.74255e-06
 Reference value :  1.77592e-06
 Reference value :  1.81181e-06
 Reference value :  1.84599e-06
 Reference value :  1.88017e-06
 Reference value :  1.91606e-06
 Reference value :  1.95537e-06
 Reference value :  1.98957e-06
 Reference value :  2.02375e-06
 Reference value :  2.05963e-06
 Reference value :  2.09381e-06
 Reference value :  2.13141e-06
 Reference value :  2.17028e-06
 Reference value :  2.21421e-06
 Reference value :  2.25523e-06
 Reference value :  2.29283e-06
 Reference value :  2.33042e-06
 Reference value :  2.37245e-06
 Reference value :  2.41396e-06
 Reference value :  2.45326e-06
 Reference value :  2.49257e-06
 Reference value :  2.53359e-06
 Reference value :  2.57973e-06
 Reference value :  2.61823e-06
 Reference value :  2.65754e-06
 Reference value :  2.69684e-06
 Reference value :  2.73615e-06
 Reference value :  2.78058e-06
 Reference value :  2.81648e-06
 Reference value :  2.85579e-06
 Reference value :  2.89339e-06
 Reference value :  2.93099e-06
 Reference value :  2.97371e-06
 Reference value :  3.01550e-06
 Reference value :  3.06335e-06
 Reference value :  3.10266e-06
 Reference value :  3.14368e-06
 Reference value :  3.18811e-06
 Reference value :  3.23405e-06
 Reference value :  3.28703e-06
 Reference value :  3.32804e-06
 Reference value :  3.36564e-06
 Reference value :  3.40837e-06
 Reference value :  3.44344e-06
 Reference value :  3.48275e-06
 Reference value :  3.51864e-06
 Reference value :  3.55623e-06
 Reference value :  3.59554e-06
 Reference value :  3.62973e-06
 Reference value :  3.66733e-06
 Reference value :  3.70493e-06
 Reference value :  3.74253e-06
 Reference value :  3.77841e-06
 Reference value :  3.82285e-06
 Reference value :  3.85951e-06
 Reference value :  3.89882e-06
 Reference value :  3.93471e-06
 Reference value :  3.97402e-06
 Reference value :  4.01503e-06
 Reference value :  4.05072e-06
 Reference value :  4.09003e-06
 Reference value :  4.12762e-06
 Reference value :  4.16522e-06
 Reference value :  4.20282e-06
 Reference value :  4.24725e-06
 Reference value :  4.28403e-06
 Reference value :  4.32334e-06
 Reference value :  4.36093e-06
 Reference value :  4.39853e-06
 Reference value :  4.43955e-06
 Reference value :  4.47545e-06
 Reference value :  4.51305e-06
 Reference value :  4.55235e-06
 Reference value :  4.58995e-06
 Reference value :  4.62926e-06
 Reference value :  4.66773e-06
 Reference value :  4.70865e-06
 Reference value :  4.74796e-06
 Reference value :  4.78556e-06
 Reference value :  4.82315e-06
 Reference value :  4.86588e-06
 Reference value :  4.89986e-06
 Reference value :  4.93575e-06
 Reference value :  4.97164e-06
 Reference value :  5.00753e-06
 Reference value :  5.04684e-06
 Reference value :  5.08545e-06
 Reference value :  5.12633e-06
 Reference value :  5.16564e-06
 Reference value :  5.20324e-06
 Reference value :  5.24083e-06
 Reference value :  5.28356e-06
 Reference value :  5.32117e-06
 Reference value :  5.35706e-06
 Reference value :  5.39295e-06
 Reference value :  5.42713e-06
 Reference value :  5.46643e-06
 Reference value :  5.50310e-06
 Reference value :  5.54412e-06
 Reference value :  5.58172e-06
 Reference value :  5.61761e-06
 Reference value :  5.65691e-06
 Reference value :  5.69964e-06
 Reference value :  5.73533e-06
 Reference value :  5.77293e-06
 Reference value :  5.80882e-06
 Reference value :  5.84642e-06
 Reference value :  5.88914e-06
 Reference value :  5.92591e-06
 Reference value :  5.96863e-06
 Reference value :  6.00623e-06
 Reference value :  6.04383e-06
 Reference value :  6.08314e-06
 Reference value :  6.12245e-06
 Reference value :  6.16347e-06
 Reference value :  6.20278e-06
 Reference value :  6.24208e-06
 Reference value :  6.27968e-06
 Reference value :  6.32241e-06
 Reference value :  6.35908e-06
 Reference value :  6.40010e-06
 Reference value :  6.43770e-06
 Reference value :  6.47700e-06
 Reference value :  6.52144e-06
 Reference value :  6.55543e-06
 Reference value :  6.59302e-06
 Reference value :  6.63062e-06
 Reference value :  6.66822e-06
 Reference value :  6.70753e-06
 Reference value :  6.74645e-06
 Reference value :  6.78872e-06
 Reference value :  6.82803e-06
 Reference value :  6.86563e-06
 Reference value :  6.90322e-06
 Reference value :  6.94595e-06
 Reference value :  6.98355e-06
 Reference value :  7.02286e-06
 Reference value :  7.06217e-06
 Reference value :  7.10147e-06
 Reference value :  7.14420e-06
 Reference value :  7.17917e-06
 Reference value :  7.21848e-06
 Reference value :  7.25608e-06
 Reference value :  7.29196e-06
 Reference value :  7.33127e-06
 Reference value :  7.36576e-06
 Reference value :  7.40457e-06
 Reference value :  7.43875e-06
 Reference value :  7.47464e-06
 Reference value :  7.51224e-06
 Reference value :  7.55326e-06
 Reference value :  7.58830e-06
 Reference value :  7.62932e-06
 Reference value :  7.66691e-06
 Reference value :  7.70280e-06
 Reference value :  7.73869e-06
 Reference value :  7.77971e-06
 Reference value :  7.81731e-06
 Reference value :  7.85320e-06
 Reference value :  7.88909e-06
 Reference value :  7.92498e-06
 Reference value :  7.96429e-06
 Reference value :  7.99926e-06
 Reference value :  8.03857e-06
 Reference value :  8.07617e-06
 Reference value :  8.11205e-06
 Reference value :  8.14794e-06
 Reference value :  8.18896e-06
 Reference value :  8.21954e-06
 Reference value :  8.25543e-06
 Reference value :  8.28961e-06
 Reference value :  8.32550e-06
 Reference value :  8.36138e-06
 Reference value :  8.40411e-06
 Reference value :  8.43744e-06
 Reference value :  8.47504e-06
 Reference value :  8.50922e-06
 Reference value :  8.54340e-06
 Reference value :  8.57758e-06
 Reference value :  8.61289e-06
 Reference value :  8.65107e-06
 Reference value :  8.68696e-06
 Reference value :  8.72285e-06
 Reference value :  8.75874e-06
 Reference value :  8.79975e-06
 Reference value :  8.83473e-06
 Reference value :  8.87404e-06
 Reference value :  8.90822e-06
 Reference value :  8.94240e-06
 Reference value :  8.97829e-06
 Reference value :  9.01930e-06
 Reference value :  9.04988e-06
 Reference value :  9.08577e-06
 Reference value :  9.12337e-06
 Reference value :  9.15926e-06
 Reference value :  9.19686e-06
 Reference value :  9.23958e-06
 Reference value :  9.27462e-06
 Reference value :  9.31051e-06
 Reference value :  9.34469e-06
 Reference value :  9.38229e-06
 Reference value :  9.41989e-06
 Reference value :  9.45578e-06
 Reference value :  9.49337e-06
 Reference value :  9.53097e-06
 Reference value :  9.56857e-06
 Reference value :  9.60446e-06
 Reference value :  9.64548e-06
 Reference value :  9.67875e-06
 Reference value :  9.71635e-06
 Reference value :  9.75224e-06
 Reference value :  9.78642e-06
 Reference value :  9.82060e-06
 Reference value :  9.85990e-06
 Reference value :  9.89220e-06
 Reference value :  9.92638e-06
 Reference value :  9.96056e-06
 Reference value :  9.99644e-06
 Reference value :  1.00340e-05
 Reference value :  1.00747e-05
 Reference value :  1.01135e-05
 Reference value :  1.01511e-05
 Reference value :  1.01887e-05
 Reference value :  1.02263e-05
No. of Data Rows : 6058
vhold_min           =  1.20000e+00 at=  5.46880e-10
tfirst              =  7.06065e-07
t1                  =  6.32853e-06
t2                  =  6.74454e-06
t3                  =  7.16058e-06
t4                  =  7.57660e-06
t5                  =  7.99263e-06
t6                  =  8.40865e-06
t7                  =  8.82468e-06
t8                  =  9.24070e-06
t9                  =  9.65674e-06
t10                 =  1.00728e-05
idd_run             =  -8.03597e-06 from=  6.15400e-06 to=  1.02600e-05
vmax                =  1.21466e+00 at=  6.33053e-06
vmin                =  -1.43563e-02 at=  9.44494e-06
Note: Simulation executed from .control section 
Warning: m=xx on .subckt line will override multiplier m hierarchy!

Note: Starting dynamic gmin stepping
Note: Dynamic gmin stepping completed
Note: Starting dynamic gmin stepping
Note: Dynamic gmin stepping completed

Error: measure  t11  when(WHEN) : out of interval
 meas tran t11 when v(clk_out)=6.000000e-01 rise=11 from=6.154000e-06 failed!


Error: measure  t12  when(WHEN) : out of interval
 meas tran t12 when v(clk_out)=6.000000e-01 rise=12 from=6.154000e-06 failed!

