
Note: No compatibility mode selected!


Circuit: * tt_analog_ring, code 15

Doing analysis at TEMP = 27.000000 and TNOM = 27.000000

Using SPARSE 1.3 as Direct Linear Solver
 Reference value :  0.00000e+00
No. of Data Rows : 1
idd_dis=4.82226E-05 vbp=0.750094 vbn=0.351213 clk_dis=1.2
Doing analysis at TEMP = 27.000000 and TNOM = 27.000000

Using SPARSE 1.3 as Direct Linear Solver

Initial Transient Solution
--------------------------

Node                                   Voltage
----                                   -------
vpwr                                       1.2
code[0]                                    1.2
code[1]                                    1.2
code[2]                                    1.2
code[3]                                    1.2
code[4]                                      0
code[5]                                      0
code[6]                                      0
code[7]                                      0
enable                                       0
xdut.vbp                              0.750094
xdut.vbn                              0.351213
xdut.n0                            5.85251e-07
xdut.p0                                    1.2
xdut.na0                               1.02995
xdut.s0                                    1.2
xdut.s10                                   1.2
xdut.n1                            1.90423e-06
xdut.p1                                    1.2
xdut.s1                            1.98157e-06
xdut.n2                             3.6321e-07
xdut.p2                                    1.2
xdut.s2                                    1.2
xdut.n3                            2.24524e-06
xdut.p3                                    1.2
xdut.s3                            2.35017e-06
xdut.n4                            3.83872e-07
xdut.p4                                    1.2
xdut.s4                                    1.2
xdut.n5                            1.87669e-06
xdut.p5                                    1.2
xdut.s5                            1.95959e-06
xdut.n6                            4.12186e-07
xdut.p6                                    1.2
xdut.s6                                    1.2
xdut.n7                            1.84401e-06
xdut.p7                                    1.2
xdut.s7                            1.93821e-06
xdut.n8                            3.02951e-07
xdut.p8                                    1.2
xdut.s8                                    1.2
xdut.n9                             2.6425e-06
xdut.p9                                    1.2
xdut.s9                            2.76879e-06
xdut.n10                           2.01784e-07
xdut.p10                                   1.2
xdut.b1                            1.61377e-07
clk_out                                    1.2
ven#branch                         7.37472e-12
vc7#branch                         4.12558e-12
vc6#branch                         2.05674e-12
vc5#branch                         1.03892e-12
vc4#branch                         5.09576e-13
vc3#branch                         -3.3931e-09
vc2#branch                          -1.704e-09
vc1#branch                        -8.49291e-10
vc0#branch                         -4.2957e-10
vdd#branch                        -4.82226e-05

 Reference value :  0.00000e+00
 Reference value :  6.18485e-09
 Reference value :  1.36572e-08
 Reference value :  2.13212e-08
 Reference value :  2.87936e-08
 Reference value :  3.62660e-08
 Reference value :  4.39300e-08
 Reference value :  5.15940e-08
 Reference value :  5.75770e-08
 Reference value :  6.10442e-08
 Reference value :  6.46846e-08
 Reference value :  6.85166e-08
 Reference value :  7.25402e-08
 Reference value :  7.61511e-08
 Reference value :  7.99831e-08
 Reference value :  8.38151e-08
 Reference value :  8.74387e-08
 Reference value :  9.12707e-08
 Reference value :  9.52943e-08
 Reference value :  9.93179e-08
 Reference value :  1.03206e-07
 Reference value :  1.07229e-07
 Reference value :  1.11253e-07
 Reference value :  1.15277e-07
 Reference value :  1.19092e-07
 Reference value :  1.23307e-07
 Reference value :  1.27331e-07
 Reference value :  1.31217e-07
 Reference value :  1.35049e-07
 Reference value :  1.38881e-07
 Reference value :  1.42904e-07
 Reference value :  1.46720e-07
 Reference value :  1.50744e-07
 Reference value :  1.54768e-07
 Reference value :  1.58531e-07
 Reference value :  1.62474e-07
 Reference value :  1.66306e-07
 Reference value :  1.70330e-07
 Reference value :  1.74151e-07
 Reference value :  1.78174e-07
 Reference value :  1.82198e-07
 Reference value :  1.86413e-07
 Reference value :  1.89852e-07
 Reference value :  1.93876e-07
 Reference value :  1.97899e-07
 Reference value :  2.01731e-07
 Reference value :  2.05563e-07
 Reference value :  2.09587e-07
 Reference value :  2.13611e-07
 Reference value :  2.16831e-07
 Reference value :  2.20663e-07
 Reference value :  2.24686e-07
 Reference value :  2.28710e-07
 Reference value :  2.32525e-07
 Reference value :  2.36549e-07
 Reference value :  2.40572e-07
 Reference value :  2.44340e-07
 Reference value :  2.48099e-07
 Reference value :  2.51931e-07
 Reference value :  2.55954e-07
 Reference value :  2.59962e-07
 Reference value :  2.63985e-07
 Reference value :  2.67817e-07
 Reference value :  2.72033e-07
 Reference value :  2.75717e-07
 Reference value :  2.79549e-07
 Reference value :  2.83381e-07
 Reference value :  2.87404e-07
 Reference value :  2.91225e-07
 Reference value :  2.95248e-07
 Reference value :  2.99464e-07
 Reference value :  3.02907e-07
 Reference value :  3.06931e-07
 Reference value :  3.10763e-07
 Reference value :  3.14786e-07
 Reference value :  3.18618e-07
 Reference value :  3.22642e-07
 Reference value :  3.26665e-07
 Reference value :  3.30321e-07
 Reference value :  3.34292e-07
 Reference value :  3.38124e-07
 Reference value :  3.42148e-07
 Reference value :  3.45963e-07
 Reference value :  3.49987e-07
 Reference value :  3.54010e-07
 Reference value :  3.58225e-07
 Reference value :  3.61921e-07
 Reference value :  3.65945e-07
 Reference value :  3.69969e-07
 Reference value :  3.73975e-07
 Reference value :  3.77999e-07
 Reference value :  3.82023e-07
 Reference value :  3.86238e-07
 Reference value :  3.89932e-07
 Reference value :  3.93956e-07
 Reference value :  3.97596e-07
 Reference value :  4.01620e-07
 Reference value :  4.05244e-07
 Reference value :  4.09268e-07
 Reference value :  4.13100e-07
 Reference value :  4.16973e-07
 Reference value :  4.20997e-07
 Reference value :  4.24829e-07
 Reference value :  4.28852e-07
 Reference value :  4.32483e-07
 Reference value :  4.36315e-07
 Reference value :  4.40338e-07
 Reference value :  4.44362e-07
 Reference value :  4.47797e-07
 Reference value :  4.51821e-07
 Reference value :  4.55845e-07
 Reference value :  4.59677e-07
 Reference value :  4.63509e-07
 Reference value :  4.67532e-07
 Reference value :  4.71747e-07
 Reference value :  4.75357e-07
 Reference value :  4.79381e-07
 Reference value :  4.83213e-07
 Reference value :  4.87236e-07
 Reference value :  4.91051e-07
 Reference value :  4.95075e-07
 Reference value :  4.99099e-07
 Reference value :  5.02793e-07
 Reference value :  5.06625e-07
 Reference value :  5.10457e-07
 Reference value :  5.14481e-07
 Reference value :  5.18297e-07
 Reference value :  5.22129e-07
 Reference value :  5.26152e-07
 Reference value :  5.30176e-07
 Reference value :  5.33671e-07
 Reference value :  5.37503e-07
 Reference value :  5.41335e-07
 Reference value :  5.45154e-07
 Reference value :  5.48986e-07
 Reference value :  5.52818e-07
 Reference value :  5.56842e-07
 Reference value :  5.60292e-07
 Reference value :  5.64315e-07
 Reference value :  5.68339e-07
 Reference value :  5.72363e-07
 Reference value :  5.76195e-07
 Reference value :  5.80027e-07
 Reference value :  5.84050e-07
 Reference value :  5.87697e-07
 Reference value :  5.91667e-07
 Reference value :  5.95499e-07
 Reference value :  5.99522e-07
 Reference value :  6.03337e-07
 Reference value :  6.07361e-07
 Reference value :  6.11193e-07
 Reference value :  6.15217e-07
 Reference value :  6.18913e-07
 Reference value :  6.22745e-07
 Reference value :  6.26577e-07
 Reference value :  6.30600e-07
 Reference value :  6.34224e-07
 Reference value :  6.38439e-07
 Reference value :  6.42654e-07
 Reference value :  6.46540e-07
 Reference value :  6.50756e-07
 Reference value :  6.54588e-07
 Reference value :  6.58611e-07
 Reference value :  6.62427e-07
 Reference value :  6.66643e-07
 Reference value :  6.70475e-07
 Reference value :  6.74157e-07
 Reference value :  6.78180e-07
 Reference value :  6.82012e-07
 Reference value :  6.85844e-07
 Reference value :  6.89666e-07
 Reference value :  6.93881e-07
 Reference value :  6.97905e-07
 Reference value :  7.01737e-07
 Reference value :  7.05366e-07
 Reference value :  7.09198e-07
 Reference value :  7.13030e-07
 Reference value :  7.16862e-07
 Reference value :  7.20694e-07
 Reference value :  7.24909e-07
 Reference value :  7.29124e-07
 Reference value :  7.32537e-07
 Reference value :  7.36369e-07
 Reference value :  7.40201e-07
 Reference value :  7.44224e-07
 Reference value :  7.48040e-07
 Reference value :  7.52063e-07
 Reference value :  7.55895e-07
 Reference value :  7.59781e-07
 Reference value :  7.63805e-07
 Reference value :  7.67637e-07
 Reference value :  7.71469e-07
 Reference value :  7.75285e-07
 Reference value :  7.79117e-07
 Reference value :  7.83141e-07
 Reference value :  7.87164e-07
 Reference value :  7.90847e-07
 Reference value :  7.94870e-07
 Reference value :  7.98894e-07
 Reference value :  8.02524e-07
 Reference value :  8.06356e-07
 Reference value :  8.10379e-07
 Reference value :  8.14403e-07
 Reference value :  8.17650e-07
 Reference value :  8.21482e-07
 Reference value :  8.25506e-07
 Reference value :  8.29338e-07
 Reference value :  8.33361e-07
 Reference value :  8.37385e-07
 Reference value :  8.41409e-07
 Reference value :  8.45074e-07
 Reference value :  8.48855e-07
 Reference value :  8.52687e-07
 Reference value :  8.56711e-07
 Reference value :  8.60717e-07
 Reference value :  8.64741e-07
 Reference value :  8.68765e-07
 Reference value :  8.72788e-07
 Reference value :  8.76486e-07
 Reference value :  8.80510e-07
 Reference value :  8.84342e-07
 Reference value :  8.88349e-07
 Reference value :  8.92564e-07
 Reference value :  8.96587e-07
 Reference value :  9.00803e-07
 Reference value :  9.04498e-07
 Reference value :  9.08521e-07
 Reference value :  9.12545e-07
 Reference value :  9.16569e-07
 Reference value :  9.20576e-07
 Reference value :  9.24791e-07
 Reference value :  9.29006e-07
 Reference value :  9.32698e-07
 Reference value :  9.36530e-07
 Reference value :  9.40171e-07
 Reference value :  9.44194e-07
 Reference value :  9.48011e-07
 Reference value :  9.52035e-07
 Reference value :  9.56058e-07
 Reference value :  9.59734e-07
 Reference value :  9.63758e-07
 Reference value :  9.67781e-07
 Reference value :  9.71805e-07
 Reference value :  9.75632e-07
 Reference value :  9.79464e-07
 Reference value :  9.83487e-07
 Reference value :  9.87511e-07
 Reference value :  9.90932e-07
 Reference value :  9.94764e-07
 Reference value :  9.98787e-07
 Reference value :  1.00262e-06
 Reference value :  1.00664e-06
 Reference value :  1.01067e-06
 Reference value :  1.01488e-06
 Reference value :  1.01834e-06
 Reference value :  1.02217e-06
 Reference value :  1.02600e-06
 Reference value :  1.03002e-06
 Reference value :  1.03365e-06
 Reference value :  1.03748e-06
 Reference value :  1.04150e-06
 Reference value :  1.04524e-06
 Reference value :  1.04923e-06
 Reference value :  1.05306e-06
 Reference value :  1.05709e-06
 Reference value :  1.06090e-06
 Reference value :  1.06473e-06
 Reference value :  1.06876e-06
 Reference value :  1.07297e-06
 Reference value :  1.07668e-06
 Reference value :  1.08070e-06
 Reference value :  1.08453e-06
 Reference value :  1.08854e-06
 Reference value :  1.09237e-06
 Reference value :  1.09639e-06
 Reference value :  1.10061e-06
 Reference value :  1.10431e-06
 Reference value :  1.10814e-06
 Reference value :  1.11216e-06
 Reference value :  1.11619e-06
 Reference value :  1.12000e-06
 Reference value :  1.12422e-06
 Reference value :  1.12843e-06
 Reference value :  1.13232e-06
 Reference value :  1.13634e-06
 Reference value :  1.14018e-06
 Reference value :  1.14420e-06
 Reference value :  1.14801e-06
No. of Data Rows : 6049
vhold_min           =  1.20000e+00 at=  1.22624e-10
tfirst              =  7.24487e-08
t1                  =  7.16092e-07
t2                  =  7.44681e-07
t3                  =  7.73273e-07
t4                  =  8.01865e-07
t5                  =  8.30482e-07
t6                  =  8.59075e-07
t7                  =  8.87669e-07
t8                  =  9.16261e-07
t9                  =  9.44853e-07
t10                 =  9.73446e-07
t11                 =  1.00207e-06
t12                 =  1.03066e-06
idd_run             =  -5.14492e-05 from=  6.89700e-07 to=  1.14900e-06
vmax                =  1.22588e+00 at=  1.03098e-06
vmin                =  -2.18492e-02 at=  9.87819e-07
Note: Simulation executed from .control section 
Note: Starting dynamic gmin stepping
Note: Dynamic gmin stepping completed
Note: Starting dynamic gmin stepping
Note: Dynamic gmin stepping completed
