
Note: Compatibility modes selected: hs a


Circuit: * tt_analog_ring, code 8

Doing analysis at TEMP = -40.000000 and TNOM = 27.000000

Using SPARSE 1.3 as Direct Linear Solver
 Reference value :  0.00000e+00
No. of Data Rows : 1
idd_dis=2.34341E-05 vbp=0.594124 vbn=0.411465 clk_dis=1.08
Doing analysis at TEMP = -40.000000 and TNOM = 27.000000

Using SPARSE 1.3 as Direct Linear Solver

Initial Transient Solution
--------------------------

Node                                   Voltage
----                                   -------
vpwr                                      1.08
code[0]                                      0
code[1]                                      0
code[2]                                      0
code[3]                                   1.08
code[4]                                      0
code[5]                                      0
code[6]                                      0
code[7]                                      0
enable                                       0
xdut.vbp                              0.594124
clk_out                                   1.08
xdut.b1                            1.93471e-08
xdut.s3                            2.45626e-07
xdut.s2                                   1.08
xdut.n_126                                1.08
xdut.s1                            2.45626e-07
xdut.n_125                                1.08
xdut.s10                                  1.08
xdut.s6                                   1.08
xdut.s5                            2.45626e-07
xdut.n_128                                1.08
xdut.s9                            2.45626e-07
xdut.n_133                                1.08
xdut.s4                                   1.08
xdut.n_129                                1.08
xdut.s8                                   1.08
xdut.n_132                                1.08
xdut.s7                            2.45626e-07
xdut.n_130                                1.08
xdut.n_127                                1.08
xdut.n_131                                1.08
xdut.s0                                   1.08
xdut.n_124                                1.08
xdut.n_71                           2.3821e-07
xdut.n_72                           2.3821e-07
xdut.n_70                          3.36974e-09
xdut.n_77                           2.3821e-07
xdut.n_75                          3.36974e-09
xdut.n_73                          3.36974e-09
xdut.n_67                          3.36974e-09
xdut.n_76                          3.36974e-09
xdut.n_69                           2.3821e-07
xdut.n_74                           2.3821e-07
xdut.n_122                                1.08
xdut.n_i1005                          0.796998
xdut.n_68                          3.49728e-09
xdut.vbn                              0.411465
ven#branch                         1.01293e-12
vc7#branch                         2.11384e-13
vc6#branch                         1.05692e-13
vc5#branch                          5.2846e-14
vc4#branch                          2.6423e-14
vc3#branch                        -3.10195e-10
vc2#branch                         6.60574e-15
vc1#branch                         3.30287e-15
vc0#branch                         1.65144e-15
vdd#branch                        -2.34341e-05

 Reference value :  0.00000e+00
 Reference value :  3.38499e-08
 Reference value :  6.94953e-08
 Reference value :  1.08441e-07
 Reference value :  1.46727e-07
 Reference value :  1.87653e-07
 Reference value :  2.10211e-07
 Reference value :  2.31334e-07
 Reference value :  2.55758e-07
 Reference value :  2.75595e-07
 Reference value :  2.98039e-07
 Reference value :  3.19677e-07
 Reference value :  3.40801e-07
 Reference value :  3.63244e-07
 Reference value :  3.83209e-07
 Reference value :  4.04332e-07
 Reference value :  4.26775e-07
 Reference value :  4.47847e-07
 Reference value :  4.70951e-07
 Reference value :  4.91390e-07
 Reference value :  5.13833e-07
 Reference value :  5.36937e-07
 Reference value :  5.57939e-07
 Reference value :  5.80382e-07
 Reference value :  6.02826e-07
 Reference value :  6.24778e-07
 Reference value :  6.47882e-07
 Reference value :  6.70855e-07
 Reference value :  6.93299e-07
 Reference value :  7.15742e-07
 Reference value :  7.34210e-07
 Reference value :  7.54013e-07
 Reference value :  7.77643e-07
 Reference value :  8.00746e-07
 Reference value :  8.23190e-07
 Reference value :  8.40514e-07
 Reference value :  8.57016e-07
 Reference value :  8.73519e-07
 Reference value :  8.91279e-07
 Reference value :  9.08441e-07
 Reference value :  9.24944e-07
 Reference value :  9.44087e-07
 Reference value :  9.66505e-07
 Reference value :  9.90269e-07
 Reference value :  1.01397e-06
 Reference value :  1.03773e-06
 Reference value :  1.06084e-06
 Reference value :  1.08153e-06
 Reference value :  1.10397e-06
 Reference value :  1.12755e-06
 Reference value :  1.14999e-06
 Reference value :  1.16452e-06
 Reference value :  1.17837e-06
 Reference value :  1.19289e-06
 Reference value :  1.20808e-06
 Reference value :  1.22392e-06
 Reference value :  1.23908e-06
 Reference value :  1.25360e-06
 Reference value :  1.26879e-06
 Reference value :  1.28529e-06
 Reference value :  1.30031e-06
 Reference value :  1.31484e-06
 Reference value :  1.33266e-06
 Reference value :  1.35840e-06
 Reference value :  1.38283e-06
 Reference value :  1.40540e-06
 Reference value :  1.42970e-06
 Reference value :  1.45412e-06
 Reference value :  1.47774e-06
 Reference value :  1.50282e-06
 Reference value :  1.52609e-06
 Reference value :  1.55117e-06
 Reference value :  1.57692e-06
 Reference value :  1.60063e-06
 Reference value :  1.62505e-06
 Reference value :  1.64615e-06
 Reference value :  1.66925e-06
 Reference value :  1.69224e-06
 Reference value :  1.71732e-06
 Reference value :  1.74042e-06
 Reference value :  1.76304e-06
 Reference value :  1.78746e-06
 Reference value :  1.81043e-06
 Reference value :  1.83552e-06
 Reference value :  1.85928e-06
 Reference value :  1.88171e-06
 Reference value :  1.90679e-06
 Reference value :  1.92778e-06
 Reference value :  1.95221e-06
 Reference value :  1.97597e-06
 Reference value :  1.99791e-06
 Reference value :  2.02300e-06
 Reference value :  2.04604e-06
 Reference value :  2.07178e-06
 Reference value :  2.09420e-06
 Reference value :  2.11929e-06
 Reference value :  2.14503e-06
 Reference value :  2.16939e-06
 Reference value :  2.19447e-06
 Reference value :  2.21649e-06
 Reference value :  2.24223e-06
 Reference value :  2.26581e-06
 Reference value :  2.29023e-06
 Reference value :  2.31664e-06
 Reference value :  2.33577e-06
 Reference value :  2.36086e-06
 Reference value :  2.38460e-06
 Reference value :  2.40902e-06
 Reference value :  2.43411e-06
 Reference value :  2.45837e-06
 Reference value :  2.48214e-06
 Reference value :  2.50524e-06
 Reference value :  2.52570e-06
 Reference value :  2.54928e-06
 Reference value :  2.57125e-06
 Reference value :  2.59568e-06
 Reference value :  2.61798e-06
 Reference value :  2.64042e-06
 Reference value :  2.66394e-06
 Reference value :  2.68745e-06
 Reference value :  2.71319e-06
 Reference value :  2.73756e-06
 Reference value :  2.76199e-06
 Reference value :  2.78441e-06
 Reference value :  2.80883e-06
 Reference value :  2.83458e-06
 Reference value :  2.85756e-06
 Reference value :  2.88066e-06
 Reference value :  2.90130e-06
 Reference value :  2.92506e-06
 Reference value :  2.94882e-06
 Reference value :  2.97245e-06
 Reference value :  2.99754e-06
 Reference value :  3.02063e-06
 Reference value :  3.04439e-06
 Reference value :  3.06802e-06
 Reference value :  3.09178e-06
 Reference value :  3.11621e-06
 Reference value :  3.13815e-06
 Reference value :  3.16323e-06
 Reference value :  3.18826e-06
 Reference value :  3.21334e-06
 Reference value :  3.23720e-06
 Reference value :  3.26216e-06
 Reference value :  3.28857e-06
 Reference value :  3.31227e-06
 Reference value :  3.33537e-06
 Reference value :  3.35804e-06
 Reference value :  3.38247e-06
 Reference value :  3.40877e-06
 Reference value :  3.43311e-06
 Reference value :  3.45753e-06
 Reference value :  3.47931e-06
 Reference value :  3.50440e-06
 Reference value :  3.52880e-06
 Reference value :  3.55389e-06
 Reference value :  3.57963e-06
 Reference value :  3.59993e-06
 Reference value :  3.62436e-06
 Reference value :  3.64812e-06
 Reference value :  3.67255e-06
 Reference value :  3.69511e-06
 Reference value :  3.71677e-06
 Reference value :  3.74120e-06
 Reference value :  3.76482e-06
 Reference value :  3.78924e-06
 Reference value :  3.81316e-06
 Reference value :  3.83627e-06
 Reference value :  3.86333e-06
 Reference value :  3.88308e-06
 Reference value :  3.90619e-06
 Reference value :  3.92861e-06
 Reference value :  3.95237e-06
No. of Data Rows : 6049
vhold_min           =  1.08000e+00 at=  1.05616e-10
tfirst              =  2.58759e-07
t1                  =  2.37739e-06
t2                  =  2.49185e-06
t3                  =  2.60637e-06
t4                  =  2.72082e-06
t5                  =  2.83534e-06
t6                  =  2.94980e-06
t7                  =  3.06431e-06
t8                  =  3.17877e-06
t9                  =  3.29328e-06
t10                 =  3.40776e-06
t11                 =  3.52225e-06
t12                 =  3.63671e-06
idd_run             =  -2.42424e-05 from=  2.37600e-06 to=  3.96000e-06
vmax                =  1.09537e+00 at=  3.40877e-06
vmin                =  -1.40374e-02 at=  3.46523e-06
Note: Simulation executed from .control section 
Warning: m=xx on .subckt line will override multiplier m hierarchy!

Note: Starting dynamic gmin stepping
Warning: Dynamic gmin stepping failed
Note: Starting true gmin stepping
Note: True gmin stepping completed
Note: Starting dynamic gmin stepping
Warning: Dynamic gmin stepping failed
Note: Starting true gmin stepping
Note: True gmin stepping completed
