
Note: Compatibility modes selected: hs a


Circuit: * tt_analog_ring, code 0

Doing analysis at TEMP = 27.000000 and TNOM = 27.000000

Using SPARSE 1.3 as Direct Linear Solver
 Reference value :  0.00000e+00
No. of Data Rows : 1
idd_dis=5.71011E-06 vbp=0.856189 vbn=0.25898 clk_dis=1.2
Doing analysis at TEMP = 27.000000 and TNOM = 27.000000

Using SPARSE 1.3 as Direct Linear Solver

Initial Transient Solution
--------------------------

Node                                   Voltage
----                                   -------
vpwr                                       1.2
code[0]                                      0
code[1]                                      0
code[2]                                      0
code[3]                                      0
code[4]                                      0
code[5]                                      0
code[6]                                      0
code[7]                                      0
enable                                       0
xdut.vbp                              0.856189
clk_out                                    1.2
xdut.b1                             1.6914e-07
xdut.s3                            1.46974e-05
xdut.s2                                1.19999
xdut.n_126                             1.19999
xdut.s1                            1.18232e-05
xdut.n_125                             1.19999
xdut.s10                               1.19999
xdut.s6                                1.19999
xdut.s5                            1.61679e-05
xdut.n_128                             1.19999
xdut.s9                            9.03428e-06
xdut.n_133                             1.19999
xdut.s4                                1.19999
xdut.n_129                             1.19999
xdut.s8                                1.19999
xdut.n_132                             1.19999
xdut.s7                            1.22814e-05
xdut.n_130                             1.19999
xdut.n_127                             1.19999
xdut.n_131                             1.19999
xdut.s0                                1.19999
xdut.n_124                             1.19999
xdut.n_71                          1.17253e-05
xdut.n_72                          1.21853e-05
xdut.n_70                          8.52634e-07
xdut.n_77                          1.45903e-05
xdut.n_75                          2.41576e-06
xdut.n_73                          1.95882e-06
xdut.n_67                          2.73775e-06
xdut.n_76                          1.53053e-06
xdut.n_69                          8.95682e-06
xdut.n_74                          1.60733e-05
xdut.n_122                             1.19999
xdut.n_i1005                           1.00635
xdut.n_68                          4.48065e-06
xdut.vbn                               0.25898
ven#branch                         7.43835e-12
vc7#branch                         6.46249e-12
vc6#branch                         3.23439e-12
vc5#branch                         1.60679e-12
vc4#branch                         8.08543e-13
vc3#branch                         4.03165e-13
vc2#branch                         2.00057e-13
vc1#branch                         9.92755e-14
vc0#branch                         4.88625e-14
vdd#branch                        -5.71011e-06

 Reference value :  0.00000e+00
 Reference value :  1.20289e-07
 Reference value :  2.67667e-07
 Reference value :  4.15045e-07
 Reference value :  5.58914e-07
 Reference value :  7.06292e-07
 Reference value :  8.46652e-07
 Reference value :  9.90521e-07
 Reference value :  1.06019e-06
 Reference value :  1.12335e-06
 Reference value :  1.19002e-06
 Reference value :  1.26020e-06
 Reference value :  1.32412e-06
 Reference value :  1.38728e-06
 Reference value :  1.45746e-06
 Reference value :  1.52062e-06
 Reference value :  1.58165e-06
 Reference value :  1.64481e-06
 Reference value :  1.70096e-06
 Reference value :  1.76763e-06
 Reference value :  1.82388e-06
 Reference value :  1.88354e-06
 Reference value :  1.94670e-06
 Reference value :  2.00284e-06
 Reference value :  2.05972e-06
 Reference value :  2.12130e-06
 Reference value :  2.18096e-06
 Reference value :  2.24061e-06
 Reference value :  2.30417e-06
 Reference value :  2.36733e-06
 Reference value :  2.43049e-06
 Reference value :  2.49015e-06
 Reference value :  2.55682e-06
 Reference value :  2.60870e-06
 Reference value :  2.66835e-06
 Reference value :  2.73152e-06
 Reference value :  2.79819e-06
 Reference value :  2.85595e-06
 Reference value :  2.91911e-06
 Reference value :  2.97876e-06
 Reference value :  3.04543e-06
 Reference value :  3.09575e-06
 Reference value :  3.15891e-06
 Reference value :  3.22558e-06
 Reference value :  3.29927e-06
 Reference value :  3.36375e-06
 Reference value :  3.43393e-06
 Reference value :  3.50060e-06
 Reference value :  3.57327e-06
 Reference value :  3.64146e-06
 Reference value :  3.70813e-06
 Reference value :  3.77831e-06
 Reference value :  3.84906e-06
 Reference value :  3.91573e-06
 Reference value :  3.99293e-06
 Reference value :  4.07714e-06
 Reference value :  4.15882e-06
 Reference value :  4.23602e-06
 Reference value :  4.30971e-06
 Reference value :  4.37439e-06
 Reference value :  4.44106e-06
 Reference value :  4.50773e-06
 Reference value :  4.58076e-06
 Reference value :  4.64568e-06
 Reference value :  4.71235e-06
 Reference value :  4.77902e-06
 Reference value :  4.84241e-06
 Reference value :  4.91259e-06
 Reference value :  4.98628e-06
 Reference value :  5.05646e-06
 Reference value :  5.11881e-06
 Reference value :  5.18548e-06
 Reference value :  5.25216e-06
 Reference value :  5.32234e-06
 Reference value :  5.38518e-06
 Reference value :  5.45185e-06
 Reference value :  5.51852e-06
 Reference value :  5.59221e-06
 Reference value :  5.65246e-06
 Reference value :  5.71562e-06
 Reference value :  5.77878e-06
 Reference value :  5.83755e-06
 Reference value :  5.89917e-06
 Reference value :  5.96233e-06
 Reference value :  6.02199e-06
 Reference value :  6.09217e-06
 Reference value :  6.14334e-06
 Reference value :  6.20651e-06
 Reference value :  6.27318e-06
 Reference value :  6.33985e-06
 Reference value :  6.39976e-06
 Reference value :  6.46292e-06
 Reference value :  6.52257e-06
 Reference value :  6.58924e-06
 Reference value :  6.64596e-06
 Reference value :  6.70561e-06
 Reference value :  6.76526e-06
 Reference value :  6.82843e-06
 Reference value :  6.88601e-06
 Reference value :  6.94215e-06
 Reference value :  7.00181e-06
 Reference value :  7.06146e-06
 Reference value :  7.12035e-06
 Reference value :  7.18351e-06
 Reference value :  7.24316e-06
 Reference value :  7.30282e-06
 Reference value :  7.36733e-06
 Reference value :  7.43049e-06
 Reference value :  7.49014e-06
 Reference value :  7.55682e-06
 Reference value :  7.62483e-06
 Reference value :  7.69501e-06
 Reference value :  7.76168e-06
 Reference value :  7.82835e-06
 Reference value :  7.89691e-06
 Reference value :  7.96359e-06
 Reference value :  8.03026e-06
 Reference value :  8.10395e-06
 Reference value :  8.15778e-06
 Reference value :  8.22445e-06
 Reference value :  8.29112e-06
 Reference value :  8.36130e-06
 Reference value :  8.42487e-06
 Reference value :  8.49154e-06
 Reference value :  8.55821e-06
 Reference value :  8.63094e-06
 Reference value :  8.69973e-06
 Reference value :  8.76640e-06
 Reference value :  8.83658e-06
 Reference value :  8.90188e-06
 Reference value :  8.96855e-06
 Reference value :  9.03873e-06
 Reference value :  9.11242e-06
 Reference value :  9.18009e-06
 Reference value :  9.24326e-06
 Reference value :  9.32045e-06
 Reference value :  9.39205e-06
 Reference value :  9.46223e-06
 Reference value :  9.53241e-06
 Reference value :  9.59908e-06
 Reference value :  9.66080e-06
 Reference value :  9.72748e-06
 Reference value :  9.79766e-06
 Reference value :  9.87134e-06
 Reference value :  9.93756e-06
 Reference value :  1.00042e-05
 Reference value :  1.00744e-05
 Reference value :  1.01446e-05
 Reference value :  1.02093e-05
 Reference value :  1.02725e-05
 Reference value :  1.03321e-05
 Reference value :  1.03890e-05
 Reference value :  1.04514e-05
 Reference value :  1.05181e-05
 Reference value :  1.05848e-05
 Reference value :  1.06502e-05
 Reference value :  1.07182e-05
 Reference value :  1.07849e-05
 Reference value :  1.08550e-05
 Reference value :  1.09264e-05
 Reference value :  1.09931e-05
 Reference value :  1.10633e-05
 Reference value :  1.11369e-05
 Reference value :  1.12011e-05
 Reference value :  1.12677e-05
 Reference value :  1.13344e-05
 Reference value :  1.13994e-05
 Reference value :  1.14624e-05
 Reference value :  1.15326e-05
 Reference value :  1.15993e-05
 Reference value :  1.16577e-05
 Reference value :  1.17095e-05
 Reference value :  1.17692e-05
 Reference value :  1.18393e-05
 Reference value :  1.19076e-05
 Reference value :  1.19707e-05
 Reference value :  1.20409e-05
 Reference value :  1.21111e-05
 Reference value :  1.21729e-05
 Reference value :  1.22430e-05
 Reference value :  1.23132e-05
 Reference value :  1.23869e-05
 Reference value :  1.24481e-05
 Reference value :  1.25078e-05
 Reference value :  1.25709e-05
 Reference value :  1.26306e-05
 Reference value :  1.26813e-05
 Reference value :  1.27444e-05
 Reference value :  1.28076e-05
 Reference value :  1.28708e-05
 Reference value :  1.29320e-05
 Reference value :  1.29917e-05
 Reference value :  1.30549e-05
 Reference value :  1.31180e-05
 Reference value :  1.31803e-05
 Reference value :  1.32495e-05
 Reference value :  1.33196e-05
 Reference value :  1.34003e-05
 Reference value :  1.34720e-05
 Reference value :  1.35492e-05
 Reference value :  1.36299e-05
 Reference value :  1.36925e-05
 Reference value :  1.37592e-05
 Reference value :  1.38294e-05
 Reference value :  1.39031e-05
 Reference value :  1.39679e-05
 Reference value :  1.40381e-05
 Reference value :  1.41048e-05
 Reference value :  1.41820e-05
 Reference value :  1.42360e-05
 Reference value :  1.43061e-05
 Reference value :  1.43728e-05
 Reference value :  1.44399e-05
 Reference value :  1.45066e-05
 Reference value :  1.45768e-05
 Reference value :  1.46469e-05
 Reference value :  1.47149e-05
 Reference value :  1.47815e-05
 Reference value :  1.48482e-05
 Reference value :  1.49219e-05
 Reference value :  1.49819e-05
 Reference value :  1.50521e-05
 Reference value :  1.51188e-05
 Reference value :  1.51925e-05
 Reference value :  1.52476e-05
 Reference value :  1.53142e-05
 Reference value :  1.53809e-05
 Reference value :  1.54478e-05
 Reference value :  1.55180e-05
 Reference value :  1.55882e-05
 Reference value :  1.56584e-05
 Reference value :  1.57288e-05
 Reference value :  1.57955e-05
 Reference value :  1.58622e-05
 Reference value :  1.59359e-05
 Reference value :  1.60006e-05
 Reference value :  1.60708e-05
 Reference value :  1.61375e-05
 Reference value :  1.62070e-05
 Reference value :  1.62696e-05
 Reference value :  1.63363e-05
 Reference value :  1.63994e-05
 Reference value :  1.64687e-05
 Reference value :  1.65389e-05
 Reference value :  1.66056e-05
 Reference value :  1.66757e-05
 Reference value :  1.67434e-05
 Reference value :  1.68101e-05
 Reference value :  1.68908e-05
 Reference value :  1.69566e-05
 Reference value :  1.70253e-05
 Reference value :  1.70955e-05
 Reference value :  1.71622e-05
 Reference value :  1.72246e-05
 Reference value :  1.72942e-05
 Reference value :  1.73644e-05
 Reference value :  1.74381e-05
 Reference value :  1.75048e-05
 Reference value :  1.75785e-05
 Reference value :  1.76522e-05
 Reference value :  1.77214e-05
 Reference value :  1.77860e-05
 Reference value :  1.78491e-05
 Reference value :  1.79053e-05
 Reference value :  1.79677e-05
 Reference value :  1.80334e-05
 Reference value :  1.81000e-05
 Reference value :  1.81667e-05
 Reference value :  1.82311e-05
 Reference value :  1.82986e-05
 Reference value :  1.83688e-05
 Reference value :  1.84390e-05
 Reference value :  1.85048e-05
 Reference value :  1.85714e-05
 Reference value :  1.86416e-05
 Reference value :  1.87118e-05
 Reference value :  1.87831e-05
 Reference value :  1.88463e-05
 Reference value :  1.89165e-05
 Reference value :  1.89876e-05
 Reference value :  1.90578e-05
 Reference value :  1.91280e-05
 Reference value :  1.91911e-05
 Reference value :  1.92469e-05
 Reference value :  1.93130e-05
 Reference value :  1.93797e-05
 Reference value :  1.94499e-05
 Reference value :  1.95122e-05
 Reference value :  1.95789e-05
 Reference value :  1.96491e-05
 Reference value :  1.97157e-05
 Reference value :  1.97875e-05
 Reference value :  1.98542e-05
 Reference value :  1.99349e-05
 Reference value :  2.00021e-05
 Reference value :  2.00722e-05
 Reference value :  2.01459e-05
 Reference value :  2.02126e-05
 Reference value :  2.02814e-05
 Reference value :  2.03551e-05
 Reference value :  2.04288e-05
 Reference value :  2.04944e-05
 Reference value :  2.05627e-05
 Reference value :  2.06293e-05
 Reference value :  2.06960e-05
 Reference value :  2.07608e-05
 Reference value :  2.08262e-05
 Reference value :  2.08894e-05
 Reference value :  2.09560e-05
 Reference value :  2.10277e-05
No. of Data Rows : 6093
vhold_min           =  1.20000e+00 at=  2.80720e-10
tfirst              =  1.28302e-06
t1                  =  1.26688e-05
t2                  =  1.31736e-05
t3                  =  1.36792e-05
t4                  =  1.41837e-05
t5                  =  1.46901e-05
t6                  =  1.51945e-05
t7                  =  1.57011e-05
t8                  =  1.62058e-05
t9                  =  1.67122e-05
t10                 =  1.72166e-05
t11                 =  1.77231e-05
t12                 =  1.82279e-05
idd_run             =  -6.74945e-06 from=  1.26300e-05 to=  2.10500e-05
vmax                =  1.21338e+00 at=  1.77275e-05
vmin                =  -1.06912e-02 at=  1.29121e-05
Note: Simulation executed from .control section 
Warning: m=xx on .subckt line will override multiplier m hierarchy!

Note: Starting dynamic gmin stepping
Note: Dynamic gmin stepping completed
Note: Starting dynamic gmin stepping
Note: Dynamic gmin stepping completed
