
Note: No compatibility mode selected!


Circuit: * tt_analog_ring, code 255

Doing analysis at TEMP = 27.000000 and TNOM = 27.000000

Using SPARSE 1.3 as Direct Linear Solver
 Reference value :  0.00000e+00
No. of Data Rows : 1
idd_dis=0.00054205 vbp=0.465575 vbn=0.62381 clk_dis=1.2
Doing analysis at TEMP = 27.000000 and TNOM = 27.000000

Using SPARSE 1.3 as Direct Linear Solver

Initial Transient Solution
--------------------------

Node                                   Voltage
----                                   -------
vpwr                                       1.2
code[0]                                    1.2
code[1]                                    1.2
code[2]                                    1.2
code[3]                                    1.2
code[4]                                    1.2
code[5]                                    1.2
code[6]                                    1.2
code[7]                                    1.2
enable                                       0
xdut.vbp                              0.465575
xdut.vbn                               0.62381
xdut.n0                            3.68827e-08
xdut.p0                                    1.2
xdut.na0                               1.00527
xdut.s0                                    1.2
xdut.s10                                   1.2
xdut.n1                            2.83018e-07
xdut.p1                                    1.2
xdut.s1                            3.40306e-07
xdut.n2                            2.57671e-08
xdut.p2                                    1.2
xdut.s2                                    1.2
xdut.n3                            2.83018e-07
xdut.p3                                    1.2
xdut.s3                            3.40306e-07
xdut.n4                            2.57671e-08
xdut.p4                                    1.2
xdut.s4                                    1.2
xdut.n5                            2.83018e-07
xdut.p5                                    1.2
xdut.s5                            3.40306e-07
xdut.n6                            2.57671e-08
xdut.p6                                    1.2
xdut.s6                                    1.2
xdut.n7                            2.83018e-07
xdut.p7                                    1.2
xdut.s7                            3.40306e-07
xdut.n8                            2.57671e-08
xdut.p8                                    1.2
xdut.s8                                    1.2
xdut.n9                            2.83018e-07
xdut.p9                                    1.2
xdut.s9                            3.40306e-07
xdut.n10                           2.57671e-08
xdut.p10                                   1.2
xdut.b1                            1.11695e-07
clk_out                                    1.2
ven#branch                         5.79292e-12
vc7#branch                        -4.05923e-08
vc6#branch                        -2.02961e-08
vc5#branch                        -1.01481e-08
vc4#branch                        -5.07403e-09
vc3#branch                        -2.53702e-09
vc2#branch                        -1.26851e-09
vc1#branch                        -6.34254e-10
vc0#branch                        -3.17127e-10
vdd#branch                         -0.00054205

 Reference value :  0.00000e+00
 Reference value :  6.28102e-10
 Reference value :  1.41122e-09
 Reference value :  2.21442e-09
 Reference value :  2.99754e-09
 Reference value :  3.80074e-09
 Reference value :  4.58386e-09
 Reference value :  5.36698e-09
 Reference value :  6.05412e-09
 Reference value :  6.47540e-09
 Reference value :  6.93724e-09
 Reference value :  7.39908e-09
 Reference value :  7.88100e-09
 Reference value :  8.34284e-09
 Reference value :  8.82476e-09
 Reference value :  9.28660e-09
 Reference value :  9.78860e-09
 Reference value :  1.02504e-08
 Reference value :  1.07123e-08
 Reference value :  1.11942e-08
 Reference value :  1.16360e-08
 Reference value :  1.20978e-08
 Reference value :  1.25396e-08
 Reference value :  1.30014e-08
 Reference value :  1.34432e-08
 Reference value :  1.39251e-08
 Reference value :  1.43869e-08
 Reference value :  1.48688e-08
 Reference value :  1.53307e-08
 Reference value :  1.57524e-08
 Reference value :  1.62142e-08
 Reference value :  1.66560e-08
 Reference value :  1.71178e-08
 Reference value :  1.75796e-08
 Reference value :  1.80816e-08
 Reference value :  1.85435e-08
 Reference value :  1.89652e-08
 Reference value :  1.94270e-08
 Reference value :  1.99290e-08
 Reference value :  2.03708e-08
 Reference value :  2.08326e-08
 Reference value :  2.13145e-08
 Reference value :  2.17563e-08
 Reference value :  2.22181e-08
 Reference value :  2.26800e-08
 Reference value :  2.31619e-08
 Reference value :  2.36237e-08
 Reference value :  2.40856e-08
 Reference value :  2.45876e-08
 Reference value :  2.50494e-08
 Reference value :  2.54912e-08
 Reference value :  2.59731e-08
 Reference value :  2.64550e-08
 Reference value :  2.69168e-08
 Reference value :  2.73787e-08
 Reference value :  2.78807e-08
 Reference value :  2.83224e-08
 Reference value :  2.88044e-08
 Reference value :  2.92461e-08
 Reference value :  2.97080e-08
 Reference value :  3.01497e-08
 Reference value :  3.06116e-08
 Reference value :  3.10935e-08
 Reference value :  3.15754e-08
 Reference value :  3.20372e-08
 Reference value :  3.25192e-08
 Reference value :  3.30412e-08
 Reference value :  3.35031e-08
 Reference value :  3.39448e-08
 Reference value :  3.44268e-08
 Reference value :  3.49087e-08
 Reference value :  3.53705e-08
 Reference value :  3.58123e-08
 Reference value :  3.62942e-08
 Reference value :  3.67360e-08
 Reference value :  3.71978e-08
 Reference value :  3.76797e-08
 Reference value :  3.81616e-08
 Reference value :  3.86235e-08
 Reference value :  3.90652e-08
 Reference value :  3.95672e-08
 Reference value :  4.00090e-08
 Reference value :  4.04708e-08
 Reference value :  4.09126e-08
 Reference value :  4.14146e-08
 Reference value :  4.18764e-08
 Reference value :  4.23383e-08
 Reference value :  4.28202e-08
 Reference value :  4.32820e-08
 Reference value :  4.37439e-08
 Reference value :  4.42057e-08
 Reference value :  4.47278e-08
 Reference value :  4.51696e-08
 Reference value :  4.56314e-08
 Reference value :  4.60932e-08
 Reference value :  4.65752e-08
 Reference value :  4.70169e-08
 Reference value :  4.74788e-08
 Reference value :  4.79808e-08
 Reference value :  4.84225e-08
 Reference value :  4.88643e-08
 Reference value :  4.93462e-08
 Reference value :  4.98281e-08
 Reference value :  5.02900e-08
 Reference value :  5.07518e-08
 Reference value :  5.12538e-08
 Reference value :  5.16956e-08
 Reference value :  5.21373e-08
 Reference value :  5.25992e-08
 Reference value :  5.30811e-08
 Reference value :  5.35429e-08
 Reference value :  5.39847e-08
 Reference value :  5.44666e-08
 Reference value :  5.49284e-08
 Reference value :  5.53702e-08
 Reference value :  5.58320e-08
 Reference value :  5.63140e-08
 Reference value :  5.67758e-08
 Reference value :  5.72577e-08
 Reference value :  5.77396e-08
 Reference value :  5.82015e-08
 Reference value :  5.86834e-08
 Reference value :  5.91452e-08
 Reference value :  5.96472e-08
 Reference value :  6.01091e-08
 Reference value :  6.05508e-08
 Reference value :  6.10328e-08
 Reference value :  6.15147e-08
 Reference value :  6.19765e-08
 Reference value :  6.24384e-08
 Reference value :  6.29203e-08
 Reference value :  6.33620e-08
 Reference value :  6.38239e-08
 Reference value :  6.43058e-08
 Reference value :  6.47877e-08
 Reference value :  6.52295e-08
 Reference value :  6.56712e-08
 Reference value :  6.61532e-08
 Reference value :  6.65949e-08
 Reference value :  6.70367e-08
 Reference value :  6.74784e-08
 Reference value :  6.79804e-08
 Reference value :  6.84222e-08
 Reference value :  6.88640e-08
 Reference value :  6.93258e-08
 Reference value :  6.98077e-08
 Reference value :  7.02495e-08
 Reference value :  7.07113e-08
 Reference value :  7.12133e-08
 Reference value :  7.16752e-08
 Reference value :  7.21169e-08
 Reference value :  7.25788e-08
 Reference value :  7.30406e-08
 Reference value :  7.35024e-08
 Reference value :  7.39643e-08
 Reference value :  7.44462e-08
 Reference value :  7.49080e-08
 Reference value :  7.53498e-08
 Reference value :  7.58116e-08
 Reference value :  7.62936e-08
 Reference value :  7.67554e-08
 Reference value :  7.72172e-08
 Reference value :  7.77192e-08
 Reference value :  7.81610e-08
 Reference value :  7.86228e-08
 Reference value :  7.90847e-08
 Reference value :  7.95666e-08
 Reference value :  8.00084e-08
 Reference value :  8.04702e-08
 Reference value :  8.09320e-08
 Reference value :  8.14140e-08
 Reference value :  8.18758e-08
 Reference value :  8.22975e-08
 Reference value :  8.27995e-08
 Reference value :  8.32613e-08
 Reference value :  8.37031e-08
 Reference value :  8.41649e-08
 Reference value :  8.46669e-08
 Reference value :  8.51087e-08
 Reference value :  8.55705e-08
 Reference value :  8.60324e-08
 Reference value :  8.65143e-08
 Reference value :  8.69761e-08
 Reference value :  8.74179e-08
 Reference value :  8.79400e-08
 Reference value :  8.83817e-08
 Reference value :  8.88235e-08
 Reference value :  8.92853e-08
 Reference value :  8.97472e-08
 Reference value :  9.01889e-08
 Reference value :  9.06508e-08
 Reference value :  9.11528e-08
 Reference value :  9.16347e-08
 Reference value :  9.20764e-08
 Reference value :  9.25784e-08
 Reference value :  9.30604e-08
 Reference value :  9.35021e-08
 Reference value :  9.39840e-08
 Reference value :  9.45061e-08
 Reference value :  9.49479e-08
 Reference value :  9.53696e-08
 Reference value :  9.58113e-08
 Reference value :  9.62732e-08
 Reference value :  9.67350e-08
 Reference value :  9.71968e-08
 Reference value :  9.76587e-08
 Reference value :  9.81205e-08
 Reference value :  9.85824e-08
 Reference value :  9.90241e-08
 Reference value :  9.95462e-08
 Reference value :  9.99880e-08
 Reference value :  1.00450e-07
 Reference value :  1.00912e-07
 Reference value :  1.01394e-07
 Reference value :  1.01835e-07
 Reference value :  1.02277e-07
 Reference value :  1.02759e-07
 Reference value :  1.03201e-07
 Reference value :  1.03643e-07
 Reference value :  1.04104e-07
 Reference value :  1.04586e-07
 Reference value :  1.05028e-07
 Reference value :  1.05490e-07
 Reference value :  1.05952e-07
 Reference value :  1.06434e-07
 Reference value :  1.06875e-07
 Reference value :  1.07317e-07
 Reference value :  1.07799e-07
 Reference value :  1.08241e-07
 Reference value :  1.08683e-07
 Reference value :  1.09165e-07
 Reference value :  1.09626e-07
 Reference value :  1.10088e-07
 Reference value :  1.10530e-07
 Reference value :  1.11032e-07
 Reference value :  1.11494e-07
 Reference value :  1.11936e-07
 Reference value :  1.12377e-07
 Reference value :  1.12859e-07
 Reference value :  1.13321e-07
 Reference value :  1.13783e-07
 Reference value :  1.14265e-07
 Reference value :  1.14727e-07
 Reference value :  1.15189e-07
 Reference value :  1.15650e-07
 Reference value :  1.16172e-07
 Reference value :  1.16614e-07
 Reference value :  1.17076e-07
 Reference value :  1.17578e-07
 Reference value :  1.18040e-07
 Reference value :  1.18482e-07
 Reference value :  1.18903e-07
 Reference value :  1.19405e-07
 Reference value :  1.19867e-07
 Reference value :  1.20329e-07
No. of Data Rows : 6015
vhold_min           =  1.20000e+00 at=  1.26102e-10
tfirst              =  8.06331e-09
t1                  =  7.29122e-08
t2                  =  7.62376e-08
t3                  =  7.95628e-08
t4                  =  8.28882e-08
t5                  =  8.62136e-08
t6                  =  8.95388e-08
t7                  =  9.28642e-08
t8                  =  9.61894e-08
t9                  =  9.95148e-08
t10                 =  1.02840e-07
t11                 =  1.06165e-07
t12                 =  1.09491e-07
idd_run             =  -5.62731e-04 from=  7.22900e-08 to=  1.20500e-07
vmax                =  1.21921e+00 at=  8.77592e-08
vmin                =  -1.25896e-02 at=  9.60724e-08
Note: Simulation executed from .control section 
Note: Starting dynamic gmin stepping
Note: Dynamic gmin stepping completed
Note: Starting dynamic gmin stepping
Note: Dynamic gmin stepping completed
