
Note: Compatibility modes selected: hs a


Circuit: * tt_analog_ring, code 255

Doing analysis at TEMP = 27.000000 and TNOM = 27.000000

Using SPARSE 1.3 as Direct Linear Solver
 Reference value :  0.00000e+00
No. of Data Rows : 1
idd_dis=0.000581334 vbp=0.460794 vbn=0.564064 clk_dis=1.2
Doing analysis at TEMP = 27.000000 and TNOM = 27.000000

Using SPARSE 1.3 as Direct Linear Solver

Initial Transient Solution
--------------------------

Node                                   Voltage
----                                   -------
vpwr                                       1.2
code[0]                                    1.2
code[1]                                    1.2
code[2]                                    1.2
code[3]                                    1.2
code[4]                                    1.2
code[5]                                    1.2
code[6]                                    1.2
code[7]                                    1.2
enable                                       0
xdut.vbp                              0.460794
clk_out                                    1.2
xdut.b1                            1.64834e-07
xdut.s3                            5.28337e-07
xdut.s2                                    1.2
xdut.n_126                                 1.2
xdut.s1                            5.12881e-07
xdut.n_125                                 1.2
xdut.s10                                   1.2
xdut.s6                                    1.2
xdut.s5                             5.7021e-07
xdut.n_128                                 1.2
xdut.s9                            6.37214e-07
xdut.n_133                                 1.2
xdut.s4                                    1.2
xdut.n_129                                 1.2
xdut.s8                                    1.2
xdut.n_132                                 1.2
xdut.s7                            4.68482e-07
xdut.n_130                                 1.2
xdut.n_127                                 1.2
xdut.n_131                                 1.2
xdut.s0                                    1.2
xdut.n_124                                 1.2
xdut.n_71                          4.35483e-07
xdut.n_72                          3.90195e-07
xdut.n_70                          1.71052e-07
xdut.n_77                          4.44191e-07
xdut.n_75                          9.18518e-08
xdut.n_73                          1.11025e-07
xdut.n_67                          6.27109e-08
xdut.n_76                          7.13026e-08
xdut.n_69                          5.36801e-07
xdut.n_74                          4.70689e-07
xdut.n_122                                 1.2
xdut.n_i1005                           1.00154
xdut.n_68                          2.01577e-07
xdut.vbn                              0.564064
ven#branch                         7.59914e-12
vc7#branch                        -6.37932e-08
vc6#branch                        -3.18967e-08
vc5#branch                        -1.59822e-08
vc4#branch                        -7.98424e-09
vc3#branch                        -4.01571e-09
vc2#branch                        -1.97486e-09
vc1#branch                        -9.85475e-10
vc0#branch                         -5.0521e-10
vdd#branch                        -0.000581334

 Reference value :  0.00000e+00
 Reference value :  1.21604e-09
 Reference value :  2.78228e-09
 Reference value :  4.30836e-09
 Reference value :  5.83444e-09
 Reference value :  7.40068e-09
 Reference value :  8.92676e-09
 Reference value :  1.04528e-08
 Reference value :  1.19789e-08
 Reference value :  1.27323e-08
 Reference value :  1.36158e-08
 Reference value :  1.44994e-08
 Reference value :  1.54632e-08
 Reference value :  1.63066e-08
 Reference value :  1.71098e-08
 Reference value :  1.79531e-08
 Reference value :  1.89170e-08
 Reference value :  1.97603e-08
 Reference value :  2.06438e-08
 Reference value :  2.15675e-08
 Reference value :  2.24510e-08
 Reference value :  2.32944e-08
 Reference value :  2.41378e-08
 Reference value :  2.51418e-08
 Reference value :  2.60253e-08
 Reference value :  2.68686e-08
 Reference value :  2.78325e-08
 Reference value :  2.87562e-08
 Reference value :  2.95995e-08
 Reference value :  3.04830e-08
 Reference value :  3.14870e-08
 Reference value :  3.24509e-08
 Reference value :  3.33746e-08
 Reference value :  3.44187e-08
 Reference value :  3.53424e-08
 Reference value :  3.62661e-08
 Reference value :  3.72701e-08
 Reference value :  3.81938e-08
 Reference value :  3.91978e-08
 Reference value :  4.02419e-08
 Reference value :  4.12459e-08
 Reference value :  4.21696e-08
 Reference value :  4.30933e-08
 Reference value :  4.41374e-08
 Reference value :  4.50611e-08
 Reference value :  4.59848e-08
 Reference value :  4.70290e-08
 Reference value :  4.79526e-08
 Reference value :  4.88763e-08
 Reference value :  4.98803e-08
 Reference value :  5.08442e-08
 Reference value :  5.17678e-08
 Reference value :  5.27317e-08
 Reference value :  5.37357e-08
 Reference value :  5.46594e-08
 Reference value :  5.55429e-08
 Reference value :  5.65870e-08
 Reference value :  5.74706e-08
 Reference value :  5.83541e-08
 Reference value :  5.93982e-08
 Reference value :  6.03621e-08
 Reference value :  6.12858e-08
 Reference value :  6.22496e-08
 Reference value :  6.32536e-08
 Reference value :  6.41773e-08
 Reference value :  6.51010e-08
 Reference value :  6.61451e-08
 Reference value :  6.70286e-08
 Reference value :  6.79122e-08
 Reference value :  6.89563e-08
 Reference value :  6.98800e-08
 Reference value :  7.08037e-08
 Reference value :  7.17675e-08
 Reference value :  7.27314e-08
 Reference value :  7.36149e-08
 Reference value :  7.45386e-08
 Reference value :  7.55827e-08
 Reference value :  7.65064e-08
 Reference value :  7.74301e-08
 Reference value :  7.84742e-08
 Reference value :  7.94381e-08
 Reference value :  8.03618e-08
 Reference value :  8.13658e-08
 Reference value :  8.23698e-08
 Reference value :  8.33336e-08
 Reference value :  8.43376e-08
 Reference value :  8.53818e-08
 Reference value :  8.63456e-08
 Reference value :  8.72693e-08
 Reference value :  8.83536e-08
 Reference value :  8.93174e-08
 Reference value :  9.02813e-08
 Reference value :  9.13254e-08
 Reference value :  9.22491e-08
 Reference value :  9.31728e-08
 Reference value :  9.41768e-08
 Reference value :  9.51808e-08
 Reference value :  9.61045e-08
 Reference value :  9.70683e-08
 Reference value :  9.80723e-08
 Reference value :  9.89960e-08
 Reference value :  9.99197e-08
 Reference value :  1.01004e-07
 Reference value :  1.01968e-07
 Reference value :  1.02932e-07
 Reference value :  1.04016e-07
 Reference value :  1.04940e-07
 Reference value :  1.05863e-07
 Reference value :  1.06908e-07
 Reference value :  1.07831e-07
 Reference value :  1.08795e-07
 Reference value :  1.09839e-07
 Reference value :  1.10803e-07
 Reference value :  1.11727e-07
 Reference value :  1.12691e-07
 Reference value :  1.13695e-07
 Reference value :  1.14618e-07
 Reference value :  1.15542e-07
 Reference value :  1.16586e-07
 Reference value :  1.17429e-07
 Reference value :  1.18353e-07
 Reference value :  1.19397e-07
 Reference value :  1.20361e-07
 Reference value :  1.21325e-07
 Reference value :  1.22329e-07
 Reference value :  1.23293e-07
 Reference value :  1.24216e-07
 Reference value :  1.25140e-07
 Reference value :  1.26184e-07
 Reference value :  1.27068e-07
 Reference value :  1.27911e-07
 Reference value :  1.28875e-07
 Reference value :  1.29759e-07
 Reference value :  1.30562e-07
 Reference value :  1.31445e-07
 Reference value :  1.32489e-07
 Reference value :  1.33413e-07
 Reference value :  1.34337e-07
 Reference value :  1.35421e-07
 Reference value :  1.36546e-07
 Reference value :  1.37469e-07
 Reference value :  1.38554e-07
 Reference value :  1.39477e-07
 Reference value :  1.40401e-07
 Reference value :  1.41445e-07
 Reference value :  1.42409e-07
 Reference value :  1.43333e-07
 Reference value :  1.44337e-07
 Reference value :  1.45381e-07
 Reference value :  1.46345e-07
 Reference value :  1.47308e-07
 Reference value :  1.48353e-07
 Reference value :  1.49316e-07
 Reference value :  1.50240e-07
 Reference value :  1.51324e-07
 Reference value :  1.52288e-07
 Reference value :  1.53212e-07
 Reference value :  1.54296e-07
 Reference value :  1.55260e-07
 Reference value :  1.56184e-07
 Reference value :  1.57188e-07
 Reference value :  1.58192e-07
 Reference value :  1.59116e-07
 Reference value :  1.60079e-07
 Reference value :  1.61083e-07
 Reference value :  1.62047e-07
 Reference value :  1.63011e-07
 Reference value :  1.64095e-07
 Reference value :  1.65059e-07
 Reference value :  1.65983e-07
 Reference value :  1.67027e-07
 Reference value :  1.67991e-07
 Reference value :  1.68955e-07
 Reference value :  1.70039e-07
 Reference value :  1.71043e-07
 Reference value :  1.71967e-07
 Reference value :  1.72971e-07
 Reference value :  1.73935e-07
 Reference value :  1.74858e-07
 Reference value :  1.75822e-07
 Reference value :  1.76866e-07
 Reference value :  1.77790e-07
 Reference value :  1.78714e-07
 Reference value :  1.79758e-07
 Reference value :  1.80681e-07
 Reference value :  1.81565e-07
 Reference value :  1.82569e-07
 Reference value :  1.83493e-07
 Reference value :  1.84416e-07
 Reference value :  1.85420e-07
 Reference value :  1.86384e-07
 Reference value :  1.87308e-07
 Reference value :  1.88232e-07
 Reference value :  1.89316e-07
 Reference value :  1.90240e-07
 Reference value :  1.91203e-07
 Reference value :  1.92288e-07
 Reference value :  1.93211e-07
 Reference value :  1.94135e-07
 Reference value :  1.95179e-07
 Reference value :  1.96143e-07
 Reference value :  1.97067e-07
 Reference value :  1.98071e-07
 Reference value :  1.99075e-07
 Reference value :  1.99998e-07
 Reference value :  2.00922e-07
 Reference value :  2.01966e-07
 Reference value :  2.02890e-07
 Reference value :  2.03854e-07
 Reference value :  2.04938e-07
 Reference value :  2.05862e-07
 Reference value :  2.06785e-07
 Reference value :  2.07870e-07
 Reference value :  2.08753e-07
 Reference value :  2.09637e-07
 Reference value :  2.10520e-07
 Reference value :  2.11444e-07
 Reference value :  2.12287e-07
 Reference value :  2.13131e-07
 Reference value :  2.14095e-07
 Reference value :  2.14978e-07
 Reference value :  2.15821e-07
 Reference value :  2.16625e-07
 Reference value :  2.17548e-07
 Reference value :  2.18352e-07
 Reference value :  2.19155e-07
 Reference value :  2.19958e-07
 Reference value :  2.20882e-07
 Reference value :  2.21765e-07
 Reference value :  2.22608e-07
 Reference value :  2.23572e-07
 Reference value :  2.24456e-07
 Reference value :  2.25299e-07
 Reference value :  2.26143e-07
 Reference value :  2.27187e-07
 Reference value :  2.27990e-07
 Reference value :  2.28793e-07
 Reference value :  2.29677e-07
 Reference value :  2.30480e-07
 Reference value :  2.31283e-07
 Reference value :  2.32046e-07
 Reference value :  2.32970e-07
 Reference value :  2.33813e-07
 Reference value :  2.34656e-07
 Reference value :  2.35460e-07
 Reference value :  2.36383e-07
 Reference value :  2.37187e-07
 Reference value :  2.37990e-07
 Reference value :  2.38833e-07
 Reference value :  2.39797e-07
 Reference value :  2.40640e-07
No. of Data Rows : 6014
vhold_min           =  1.20000e+00 at=  2.52205e-10
tfirst              =  1.56608e-08
t1                  =  1.44979e-07
t2                  =  1.51288e-07
t3                  =  1.57597e-07
t4                  =  1.63906e-07
t5                  =  1.70215e-07
t6                  =  1.76524e-07
t7                  =  1.82833e-07
t8                  =  1.89143e-07
t9                  =  1.95452e-07
t10                 =  2.01761e-07
t11                 =  2.08071e-07
t12                 =  2.14380e-07
idd_run             =  -5.98606e-04 from=  1.44600e-07 to=  2.41000e-07
vmax                =  1.20894e+00 at=  1.98432e-07
vmin                =  -6.36406e-03 at=  1.82649e-07
Note: Simulation executed from .control section 
Warning: m=xx on .subckt line will override multiplier m hierarchy!

Note: Starting dynamic gmin stepping
Note: Dynamic gmin stepping completed
Note: Starting dynamic gmin stepping
Note: Dynamic gmin stepping completed
