
Note: No compatibility mode selected!


Circuit: * tt_analog_ring, code 128

Doing analysis at TEMP = 27.000000 and TNOM = 27.000000

Using SPARSE 1.3 as Direct Linear Solver
 Reference value :  0.00000e+00
No. of Data Rows : 1
idd_dis=0.000329427 vbp=0.556893 vbn=0.499882 clk_dis=1.2
Doing analysis at TEMP = 27.000000 and TNOM = 27.000000

Using SPARSE 1.3 as Direct Linear Solver

Initial Transient Solution
--------------------------

Node                                   Voltage
----                                   -------
vpwr                                       1.2
code[0]                                      0
code[1]                                      0
code[2]                                      0
code[3]                                      0
code[4]                                      0
code[5]                                      0
code[6]                                      0
code[7]                                    1.2
enable                                       0
xdut.vbp                              0.556893
xdut.vbn                              0.499882
xdut.n0                            1.54938e-07
xdut.p0                                    1.2
xdut.na0                               1.03261
xdut.s0                                    1.2
xdut.s10                                   1.2
xdut.n1                            5.40354e-07
xdut.p1                                    1.2
xdut.s1                             6.1551e-07
xdut.n2                             1.0146e-07
xdut.p2                                    1.2
xdut.s2                                    1.2
xdut.n3                            5.49919e-07
xdut.p3                                    1.2
xdut.s3                            6.42398e-07
xdut.n4                            2.19416e-07
xdut.p4                                    1.2
xdut.s4                                    1.2
xdut.n5                            7.13978e-07
xdut.p5                                    1.2
xdut.s5                            8.16161e-07
xdut.n6                            1.55439e-07
xdut.p6                                  1.209
xdut.s6                                1.21081
xdut.n7                            4.06194e-07
xdut.p7                                    1.2
xdut.s7                            4.63201e-07
xdut.n8                            4.63066e-08
xdut.p8                                    1.2
xdut.s8                                    1.2
xdut.n9                            5.89628e-07
xdut.p9                                    1.2
xdut.s9                            6.70951e-07
xdut.n10                           3.19046e-07
xdut.p10                                   1.2
xdut.b1                            1.34427e-07
clk_out                                    1.2
ven#branch                         7.46441e-12
vc7#branch                        -5.85489e-08
vc6#branch                          8.6093e-13
vc5#branch                         4.32307e-13
vc4#branch                         2.15666e-13
vc3#branch                         1.06202e-13
vc2#branch                         5.38102e-14
vc1#branch                         2.74951e-14
vc0#branch                         1.34612e-14
vdd#branch                        -0.000329427

 Reference value :  0.00000e+00
 Reference value :  9.34441e-10
 Reference value :  2.10712e-09
 Reference value :  3.34152e-09
 Reference value :  4.57592e-09
 Reference value :  5.81032e-09
 Reference value :  6.98300e-09
 Reference value :  8.18654e-09
 Reference value :  9.26826e-09
 Reference value :  9.86819e-09
 Reference value :  1.05163e-08
 Reference value :  1.11643e-08
 Reference value :  1.18741e-08
 Reference value :  1.25530e-08
 Reference value :  1.32011e-08
 Reference value :  1.38800e-08
 Reference value :  1.45898e-08
 Reference value :  1.52378e-08
 Reference value :  1.58859e-08
 Reference value :  1.65957e-08
 Reference value :  1.72746e-08
 Reference value :  1.79535e-08
 Reference value :  1.86016e-08
 Reference value :  1.92805e-08
 Reference value :  1.99594e-08
 Reference value :  2.06383e-08
 Reference value :  2.14098e-08
 Reference value :  2.20579e-08
 Reference value :  2.27368e-08
 Reference value :  2.34775e-08
 Reference value :  2.41255e-08
 Reference value :  2.47736e-08
 Reference value :  2.54525e-08
 Reference value :  2.61931e-08
 Reference value :  2.68721e-08
 Reference value :  2.75510e-08
 Reference value :  2.82608e-08
 Reference value :  2.89088e-08
 Reference value :  2.95877e-08
 Reference value :  3.02975e-08
 Reference value :  3.10073e-08
 Reference value :  3.16862e-08
 Reference value :  3.23651e-08
 Reference value :  3.30749e-08
 Reference value :  3.37230e-08
 Reference value :  3.44019e-08
 Reference value :  3.51117e-08
 Reference value :  3.57906e-08
 Reference value :  3.64386e-08
 Reference value :  3.70867e-08
 Reference value :  3.77965e-08
 Reference value :  3.84754e-08
 Reference value :  3.91543e-08
 Reference value :  3.98950e-08
 Reference value :  4.06047e-08
 Reference value :  4.12837e-08
 Reference value :  4.19934e-08
 Reference value :  4.26724e-08
 Reference value :  4.33513e-08
 Reference value :  4.40302e-08
 Reference value :  4.47708e-08
 Reference value :  4.54189e-08
 Reference value :  4.60670e-08
 Reference value :  4.67767e-08
 Reference value :  4.74248e-08
 Reference value :  4.81037e-08
 Reference value :  4.87826e-08
 Reference value :  4.95233e-08
 Reference value :  5.02022e-08
 Reference value :  5.08503e-08
 Reference value :  5.15600e-08
 Reference value :  5.22081e-08
 Reference value :  5.28870e-08
 Reference value :  5.35659e-08
 Reference value :  5.42757e-08
 Reference value :  5.49238e-08
 Reference value :  5.55718e-08
 Reference value :  5.62508e-08
 Reference value :  5.68988e-08
 Reference value :  5.75469e-08
 Reference value :  5.82567e-08
 Reference value :  5.89973e-08
 Reference value :  5.96454e-08
 Reference value :  6.02934e-08
 Reference value :  6.10032e-08
 Reference value :  6.16821e-08
 Reference value :  6.23610e-08
 Reference value :  6.30708e-08
 Reference value :  6.37497e-08
 Reference value :  6.44287e-08
 Reference value :  6.50459e-08
 Reference value :  6.57248e-08
 Reference value :  6.63728e-08
 Reference value :  6.70518e-08
 Reference value :  6.78233e-08
 Reference value :  6.85022e-08
 Reference value :  6.91502e-08
 Reference value :  6.98292e-08
 Reference value :  7.05081e-08
 Reference value :  7.11870e-08
 Reference value :  7.18351e-08
 Reference value :  7.25757e-08
 Reference value :  7.32546e-08
 Reference value :  7.39027e-08
 Reference value :  7.46125e-08
 Reference value :  7.52605e-08
 Reference value :  7.59086e-08
 Reference value :  7.65875e-08
 Reference value :  7.73281e-08
 Reference value :  7.80071e-08
 Reference value :  7.86551e-08
 Reference value :  7.93649e-08
 Reference value :  8.00438e-08
 Reference value :  8.06919e-08
 Reference value :  8.14325e-08
 Reference value :  8.21423e-08
 Reference value :  8.28212e-08
 Reference value :  8.34693e-08
 Reference value :  8.41482e-08
 Reference value :  8.48271e-08
 Reference value :  8.54752e-08
 Reference value :  8.62467e-08
 Reference value :  8.69565e-08
 Reference value :  8.76045e-08
 Reference value :  8.82526e-08
 Reference value :  8.89624e-08
 Reference value :  8.96104e-08
 Reference value :  9.02585e-08
 Reference value :  9.09991e-08
 Reference value :  9.16781e-08
 Reference value :  9.23570e-08
 Reference value :  9.30668e-08
 Reference value :  9.37457e-08
 Reference value :  9.44246e-08
 Reference value :  9.50727e-08
 Reference value :  9.58133e-08
 Reference value :  9.64922e-08
 Reference value :  9.71403e-08
 Reference value :  9.78809e-08
 Reference value :  9.85290e-08
 Reference value :  9.92079e-08
 Reference value :  9.98560e-08
 Reference value :  1.00597e-07
 Reference value :  1.01276e-07
 Reference value :  1.01954e-07
 Reference value :  1.02664e-07
 Reference value :  1.03343e-07
 Reference value :  1.03991e-07
 Reference value :  1.04732e-07
 Reference value :  1.05442e-07
 Reference value :  1.06090e-07
 Reference value :  1.06707e-07
 Reference value :  1.07386e-07
 Reference value :  1.08034e-07
 Reference value :  1.08682e-07
 Reference value :  1.09392e-07
 Reference value :  1.10101e-07
 Reference value :  1.10750e-07
 Reference value :  1.11398e-07
 Reference value :  1.12046e-07
 Reference value :  1.12663e-07
 Reference value :  1.13342e-07
 Reference value :  1.14082e-07
 Reference value :  1.14761e-07
 Reference value :  1.15409e-07
 Reference value :  1.16057e-07
 Reference value :  1.16767e-07
 Reference value :  1.17446e-07
 Reference value :  1.18125e-07
 Reference value :  1.18897e-07
 Reference value :  1.19545e-07
 Reference value :  1.20224e-07
 Reference value :  1.20902e-07
 Reference value :  1.21551e-07
 Reference value :  1.22199e-07
 Reference value :  1.22847e-07
 Reference value :  1.23618e-07
 Reference value :  1.24297e-07
 Reference value :  1.24976e-07
 Reference value :  1.25686e-07
 Reference value :  1.26334e-07
 Reference value :  1.26982e-07
 Reference value :  1.27661e-07
 Reference value :  1.28401e-07
 Reference value :  1.29080e-07
 Reference value :  1.29698e-07
 Reference value :  1.30438e-07
 Reference value :  1.31086e-07
 Reference value :  1.31765e-07
 Reference value :  1.32444e-07
 Reference value :  1.33154e-07
 Reference value :  1.33833e-07
 Reference value :  1.34512e-07
 Reference value :  1.35222e-07
 Reference value :  1.35900e-07
 Reference value :  1.36579e-07
 Reference value :  1.37289e-07
 Reference value :  1.37999e-07
 Reference value :  1.38678e-07
 Reference value :  1.39357e-07
 Reference value :  1.40036e-07
 Reference value :  1.40653e-07
 Reference value :  1.41332e-07
 Reference value :  1.42072e-07
 Reference value :  1.42720e-07
 Reference value :  1.43369e-07
 Reference value :  1.44017e-07
 Reference value :  1.44726e-07
 Reference value :  1.45344e-07
 Reference value :  1.46023e-07
 Reference value :  1.46794e-07
 Reference value :  1.47473e-07
 Reference value :  1.48121e-07
 Reference value :  1.48831e-07
 Reference value :  1.49510e-07
 Reference value :  1.50189e-07
 Reference value :  1.50837e-07
 Reference value :  1.51577e-07
 Reference value :  1.52225e-07
 Reference value :  1.52873e-07
 Reference value :  1.53552e-07
 Reference value :  1.54200e-07
 Reference value :  1.54848e-07
 Reference value :  1.55497e-07
 Reference value :  1.56237e-07
 Reference value :  1.56916e-07
 Reference value :  1.57533e-07
 Reference value :  1.58212e-07
 Reference value :  1.58891e-07
 Reference value :  1.59539e-07
 Reference value :  1.60218e-07
 Reference value :  1.60928e-07
 Reference value :  1.61607e-07
 Reference value :  1.62255e-07
 Reference value :  1.62965e-07
 Reference value :  1.63613e-07
 Reference value :  1.64261e-07
 Reference value :  1.64909e-07
 Reference value :  1.65588e-07
 Reference value :  1.66236e-07
 Reference value :  1.66884e-07
 Reference value :  1.67594e-07
 Reference value :  1.68242e-07
 Reference value :  1.68890e-07
 Reference value :  1.69569e-07
 Reference value :  1.70278e-07
 Reference value :  1.70957e-07
 Reference value :  1.71605e-07
 Reference value :  1.72284e-07
 Reference value :  1.72963e-07
 Reference value :  1.73580e-07
 Reference value :  1.74321e-07
 Reference value :  1.75031e-07
 Reference value :  1.75679e-07
 Reference value :  1.76358e-07
 Reference value :  1.77068e-07
 Reference value :  1.77777e-07
 Reference value :  1.78426e-07
 Reference value :  1.79135e-07
 Reference value :  1.79814e-07
 Reference value :  1.80493e-07
 Reference value :  1.81141e-07
 Reference value :  1.81820e-07
 Reference value :  1.82499e-07
 Reference value :  1.83178e-07
 Reference value :  1.83949e-07
 Reference value :  1.84628e-07
No. of Data Rows : 6015
vhold_min           =  1.20000e+00 at=  4.93760e-12
tfirst              =  1.20268e-08
t1                  =  1.11894e-07
t2                  =  1.16539e-07
t3                  =  1.21184e-07
t4                  =  1.25828e-07
t5                  =  1.30473e-07
t6                  =  1.35117e-07
t7                  =  1.39762e-07
t8                  =  1.44407e-07
t9                  =  1.49052e-07
t10                 =  1.53696e-07
t11                 =  1.58341e-07
t12                 =  1.62985e-07
idd_run             =  -3.45105e-04 from=  1.11100e-07 to=  1.85200e-07
vmax                =  1.21110e+00 at=  1.83733e-07
vmin                =  -7.50137e-03 at=  1.11737e-07
Note: Simulation executed from .control section 
Note: Starting dynamic gmin stepping
Note: Dynamic gmin stepping completed
Note: Starting dynamic gmin stepping
Note: Dynamic gmin stepping completed
