
Note: No compatibility mode selected!


Circuit: * nand as inverter: a=1, pulse b

Doing analysis at TEMP = -40.000000 and TNOM = 27.000000

Using SPARSE 1.3 as Direct Linear Solver

Initial Transient Solution
--------------------------

Node                                   Voltage
----                                   -------
vpwr                                      1.08
code[0]                                      0
code[1]                                      0
code[2]                                      0
code[3]                                      0
code[4]                                      0
code[5]                                      0
code[6]                                      0
code[7]                                      0
vbp                                   0.691372
vbn                                   0.307648
a                                         1.08
p                                            0
xdrv.net1                                 1.08
b                                         1.08
xdrv.net2                          2.65598e-08
xnand.net1                                1.08
y                                  4.54355e-06
xnand.net2                         4.53072e-06
xnand.net3                         4.51106e-06
xload.net1                                1.08
z                                         1.08
xload.net2                         2.65628e-08
xload2.net1                               1.08
zz                                 9.27774e-07
xload2.net2                        9.20629e-07
vin#branch                         3.26916e-12
va#branch                         -5.17743e-12
vc7#branch                         1.46746e-12
vc6#branch                         7.33728e-13
vc5#branch                         3.66861e-13
vc4#branch                         1.83427e-13
vc3#branch                         9.17099e-14
vc2#branch                         4.58515e-14
vc1#branch                         2.29223e-14
vc0#branch                         1.14576e-14
vdd#branch                        -5.81768e-06

 Reference value :  1.42865e-08
 Reference value :  1.00090e-07
 Reference value :  1.65784e-07
 Reference value :  2.42638e-07
 Reference value :  3.25546e-07
 Reference value :  4.00345e-07
 Reference value :  4.62197e-07
 Reference value :  5.42473e-07
 Reference value :  6.26434e-07
 Reference value :  6.89452e-07
 Reference value :  7.62359e-07
 Reference value :  8.42898e-07
 Reference value :  9.21225e-07
 Reference value :  9.81128e-07
 Reference value :  1.06140e-06
 Reference value :  1.14142e-06
 Reference value :  1.20707e-06
 Reference value :  1.27655e-06
 Reference value :  1.35630e-06
 Reference value :  1.43737e-06
 Reference value :  1.49453e-06
 Reference value :  1.57402e-06
No. of Data Rows : 6065
tin_f               =  6.65958e-07
tout_r              =  6.77059e-07
tin_r               =  9.31166e-07
tout_f              =  9.40864e-07
tplh=1.11006E-08 tphl=9.6983E-09
Note: Simulation executed from .control section 
Note: Starting dynamic gmin stepping
Note: Dynamic gmin stepping completed
