
Note: Compatibility modes selected: hs a


Circuit: * tt_analog_ring, code 127

Doing analysis at TEMP = 27.000000 and TNOM = 27.000000

Using SPARSE 1.3 as Direct Linear Solver
 Reference value :  0.00000e+00
No. of Data Rows : 1
idd_dis=0.000328597 vbp=0.557373 vbn=0.492214 clk_dis=1.2
Doing analysis at TEMP = 27.000000 and TNOM = 27.000000

Using SPARSE 1.3 as Direct Linear Solver

Initial Transient Solution
--------------------------

Node                                   Voltage
----                                   -------
vpwr                                       1.2
code[0]                                    1.2
code[1]                                    1.2
code[2]                                    1.2
code[3]                                    1.2
code[4]                                    1.2
code[5]                                    1.2
code[6]                                    1.2
code[7]                                      0
enable                                       0
xdut.vbp                              0.557373
clk_out                                    1.2
xdut.b1                            1.64834e-07
xdut.s3                            7.16363e-07
xdut.s2                                    1.2
xdut.n_126                                 1.2
xdut.s1                            6.89804e-07
xdut.n_125                                 1.2
xdut.s10                                   1.2
xdut.s6                                    1.2
xdut.s5                            7.50806e-07
xdut.n_128                                 1.2
xdut.s9                            8.65513e-07
xdut.n_133                                 1.2
xdut.s4                                    1.2
xdut.n_129                                 1.2
xdut.s8                                    1.2
xdut.n_132                                 1.2
xdut.s7                            6.17305e-07
xdut.n_130                                 1.2
xdut.n_127                                 1.2
xdut.n_131                                 1.2
xdut.s0                                    1.2
xdut.n_124                                 1.2
xdut.n_71                          6.12407e-07
xdut.n_72                          5.39018e-07
xdut.n_70                          2.39217e-07
xdut.n_77                          6.32217e-07
xdut.n_75                          1.19801e-07
xdut.n_73                          1.46351e-07
xdut.n_67                          7.90206e-08
xdut.n_76                          9.06214e-08
xdut.n_69                          7.65101e-07
xdut.n_74                          6.51284e-07
xdut.n_122                                 1.2
xdut.n_i1005                           1.00154
xdut.n_68                          2.75457e-07
xdut.vbn                              0.492214
ven#branch                         7.59914e-12
vc7#branch                         1.72033e-12
vc6#branch                        -2.92421e-08
vc5#branch                        -1.46512e-08
vc4#branch                        -7.31867e-09
vc3#branch                        -3.68121e-09
vc2#branch                         -1.8109e-09
vc1#branch                        -9.03575e-10
vc0#branch                        -4.62904e-10
vdd#branch                        -0.000328597

 Reference value :  0.00000e+00
 Reference value :  1.87797e-09
 Reference value :  4.04867e-09
 Reference value :  6.34341e-09
 Reference value :  8.63815e-09
 Reference value :  1.09949e-08
 Reference value :  1.32896e-08
 Reference value :  1.55844e-08
 Reference value :  1.79411e-08
 Reference value :  1.92810e-08
 Reference value :  2.05835e-08
 Reference value :  2.18859e-08
 Reference value :  2.32503e-08
 Reference value :  2.46148e-08
 Reference value :  2.59172e-08
 Reference value :  2.72196e-08
 Reference value :  2.87701e-08
 Reference value :  3.00725e-08
 Reference value :  3.13749e-08
 Reference value :  3.26774e-08
 Reference value :  3.41658e-08
 Reference value :  3.54683e-08
 Reference value :  3.67707e-08
 Reference value :  3.81351e-08
 Reference value :  3.95616e-08
 Reference value :  4.08640e-08
 Reference value :  4.22905e-08
 Reference value :  4.38410e-08
 Reference value :  4.53294e-08
 Reference value :  4.68179e-08
 Reference value :  4.83064e-08
 Reference value :  5.02290e-08
 Reference value :  5.16555e-08
 Reference value :  5.30199e-08
 Reference value :  5.45704e-08
 Reference value :  5.59349e-08
 Reference value :  5.72993e-08
 Reference value :  5.89118e-08
 Reference value :  6.03383e-08
 Reference value :  6.17647e-08
 Reference value :  6.32532e-08
 Reference value :  6.48037e-08
 Reference value :  6.62302e-08
 Reference value :  6.76566e-08
 Reference value :  6.92692e-08
 Reference value :  7.06336e-08
 Reference value :  7.20601e-08
 Reference value :  7.36106e-08
 Reference value :  7.52231e-08
 Reference value :  7.66495e-08
 Reference value :  7.82000e-08
 Reference value :  7.96885e-08
 Reference value :  8.11150e-08
 Reference value :  8.25414e-08
 Reference value :  8.41540e-08
 Reference value :  8.55184e-08
 Reference value :  8.69449e-08
 Reference value :  8.84333e-08
 Reference value :  8.99218e-08
 Reference value :  9.12863e-08
 Reference value :  9.26507e-08
 Reference value :  9.42632e-08
 Reference value :  9.56897e-08
 Reference value :  9.71161e-08
 Reference value :  9.87287e-08
 Reference value :  1.00155e-07
 Reference value :  1.01582e-07
 Reference value :  1.03070e-07
 Reference value :  1.04807e-07
 Reference value :  1.06481e-07
 Reference value :  1.07970e-07
 Reference value :  1.09520e-07
 Reference value :  1.11009e-07
 Reference value :  1.12435e-07
 Reference value :  1.14048e-07
 Reference value :  1.15474e-07
 Reference value :  1.16901e-07
 Reference value :  1.18451e-07
 Reference value :  1.19939e-07
 Reference value :  1.21366e-07
 Reference value :  1.22792e-07
 Reference value :  1.24405e-07
 Reference value :  1.25893e-07
 Reference value :  1.27382e-07
 Reference value :  1.29180e-07
 Reference value :  1.30607e-07
 Reference value :  1.32033e-07
 Reference value :  1.33584e-07
 Reference value :  1.35072e-07
 Reference value :  1.36499e-07
 Reference value :  1.37863e-07
 Reference value :  1.39538e-07
 Reference value :  1.40964e-07
 Reference value :  1.42391e-07
 Reference value :  1.43941e-07
 Reference value :  1.45368e-07
 Reference value :  1.46794e-07
 Reference value :  1.48345e-07
 Reference value :  1.49833e-07
 Reference value :  1.51260e-07
 Reference value :  1.52686e-07
 Reference value :  1.54299e-07
 Reference value :  1.55725e-07
 Reference value :  1.57151e-07
 Reference value :  1.58764e-07
 Reference value :  1.60190e-07
 Reference value :  1.61617e-07
 Reference value :  1.63043e-07
 Reference value :  1.64656e-07
 Reference value :  1.66082e-07
 Reference value :  1.67509e-07
 Reference value :  1.69121e-07
 Reference value :  1.70548e-07
 Reference value :  1.72222e-07
 Reference value :  1.73773e-07
 Reference value :  1.75199e-07
 Reference value :  1.76688e-07
 Reference value :  1.78176e-07
 Reference value :  1.79727e-07
 Reference value :  1.81153e-07
 Reference value :  1.82580e-07
 Reference value :  1.84192e-07
 Reference value :  1.85619e-07
 Reference value :  1.87045e-07
 Reference value :  1.88596e-07
 Reference value :  1.90084e-07
 Reference value :  1.91387e-07
 Reference value :  1.92689e-07
 Reference value :  1.94177e-07
 Reference value :  1.95480e-07
 Reference value :  1.96844e-07
 Reference value :  1.98333e-07
 Reference value :  1.99821e-07
 Reference value :  2.01186e-07
 Reference value :  2.02612e-07
 Reference value :  2.04225e-07
 Reference value :  2.05651e-07
 Reference value :  2.07140e-07
 Reference value :  2.08752e-07
 Reference value :  2.10179e-07
 Reference value :  2.11481e-07
 Reference value :  2.12783e-07
 Reference value :  2.14210e-07
 Reference value :  2.15450e-07
 Reference value :  2.16691e-07
 Reference value :  2.17993e-07
 Reference value :  2.19420e-07
 Reference value :  2.20660e-07
 Reference value :  2.21962e-07
 Reference value :  2.23451e-07
 Reference value :  2.24939e-07
 Reference value :  2.26366e-07
 Reference value :  2.27730e-07
 Reference value :  2.29343e-07
 Reference value :  2.30769e-07
 Reference value :  2.32134e-07
 Reference value :  2.33622e-07
 Reference value :  2.35111e-07
 Reference value :  2.36537e-07
 Reference value :  2.38026e-07
 Reference value :  2.39638e-07
 Reference value :  2.41065e-07
 Reference value :  2.42553e-07
 Reference value :  2.44166e-07
 Reference value :  2.45592e-07
 Reference value :  2.47018e-07
 Reference value :  2.48569e-07
 Reference value :  2.50057e-07
 Reference value :  2.51546e-07
 Reference value :  2.52910e-07
 Reference value :  2.54523e-07
 Reference value :  2.55949e-07
 Reference value :  2.57314e-07
 Reference value :  2.58926e-07
 Reference value :  2.60353e-07
 Reference value :  2.61717e-07
 Reference value :  2.63082e-07
 Reference value :  2.64632e-07
 Reference value :  2.66059e-07
 Reference value :  2.67485e-07
 Reference value :  2.69160e-07
 Reference value :  2.70586e-07
 Reference value :  2.72013e-07
 Reference value :  2.73501e-07
 Reference value :  2.75052e-07
 Reference value :  2.76478e-07
 Reference value :  2.77904e-07
 Reference value :  2.79517e-07
 Reference value :  2.80943e-07
 Reference value :  2.82370e-07
 Reference value :  2.83920e-07
 Reference value :  2.85347e-07
 Reference value :  2.86773e-07
 Reference value :  2.88262e-07
 Reference value :  2.89688e-07
 Reference value :  2.91115e-07
 Reference value :  2.92541e-07
 Reference value :  2.94154e-07
 Reference value :  2.95580e-07
 Reference value :  2.97007e-07
 Reference value :  2.98557e-07
 Reference value :  3.00046e-07
 Reference value :  3.01472e-07
 Reference value :  3.02836e-07
 Reference value :  3.04449e-07
 Reference value :  3.05937e-07
 Reference value :  3.07426e-07
 Reference value :  3.09100e-07
 Reference value :  3.10527e-07
 Reference value :  3.11953e-07
 Reference value :  3.13380e-07
 Reference value :  3.14868e-07
 Reference value :  3.16295e-07
 Reference value :  3.17721e-07
 Reference value :  3.19334e-07
 Reference value :  3.20760e-07
 Reference value :  3.22187e-07
 Reference value :  3.23737e-07
 Reference value :  3.25226e-07
 Reference value :  3.26714e-07
 Reference value :  3.28203e-07
 Reference value :  3.29815e-07
 Reference value :  3.31304e-07
 Reference value :  3.32730e-07
 Reference value :  3.34405e-07
 Reference value :  3.35831e-07
 Reference value :  3.37258e-07
 Reference value :  3.38808e-07
 Reference value :  3.40297e-07
 Reference value :  3.41723e-07
 Reference value :  3.43149e-07
 Reference value :  3.44762e-07
 Reference value :  3.46188e-07
 Reference value :  3.47615e-07
 Reference value :  3.49289e-07
 Reference value :  3.50716e-07
 Reference value :  3.52142e-07
 Reference value :  3.53693e-07
 Reference value :  3.55181e-07
 Reference value :  3.56670e-07
 Reference value :  3.58096e-07
 Reference value :  3.59709e-07
 Reference value :  3.61135e-07
 Reference value :  3.62562e-07
 Reference value :  3.64112e-07
 Reference value :  3.65601e-07
 Reference value :  3.67027e-07
 Reference value :  3.68516e-07
 Reference value :  3.70128e-07
 Reference value :  3.71555e-07
No. of Data Rows : 6014
vhold_min           =  1.20000e+00 at=  2.65446e-10
tfirst              =  2.42117e-08
t1                  =  2.29328e-07
t2                  =  2.39336e-07
t3                  =  2.49341e-07
t4                  =  2.59348e-07
t5                  =  2.69356e-07
t6                  =  2.79362e-07
t7                  =  2.89369e-07
t8                  =  2.99376e-07
t9                  =  3.09382e-07
t10                 =  3.19389e-07
t11                 =  3.29397e-07
t12                 =  3.39402e-07
idd_run             =  -3.39782e-04 from=  2.23300e-07 to=  3.72100e-07
vmax                =  1.20623e+00 at=  3.04139e-07
vmin                =  -9.15964e-03 at=  3.14558e-07
Note: Simulation executed from .control section 
Warning: m=xx on .subckt line will override multiplier m hierarchy!

Note: Starting dynamic gmin stepping
Note: Dynamic gmin stepping completed
Note: Starting dynamic gmin stepping
Note: Dynamic gmin stepping completed
