
Note: Compatibility modes selected: hs a


Circuit: * tt_analog_ring, code 255

Doing analysis at TEMP = 27.000000 and TNOM = 27.000000

Using SPARSE 1.3 as Direct Linear Solver
 Reference value :  0.00000e+00
No. of Data Rows : 1
idd_dis=0.000581818 vbp=0.460462 vbn=0.561009 clk_dis=1.2
Doing analysis at TEMP = 27.000000 and TNOM = 27.000000

Using SPARSE 1.3 as Direct Linear Solver

Initial Transient Solution
--------------------------

Node                                   Voltage
----                                   -------
vpwr                                       1.2
code[0]                                    1.2
code[1]                                    1.2
code[2]                                    1.2
code[3]                                    1.2
code[4]                                    1.2
code[5]                                    1.2
code[6]                                    1.2
code[7]                                    1.2
enable                                       0
xdut.vbp                              0.460462
clk_out                                    1.2
xdut.b1                            1.60405e-07
xdut.s3                            6.66869e-07
xdut.s2                                    1.2
xdut.n_126                                 1.2
xdut.s1                            4.40614e-07
xdut.n_125                                 1.2
xdut.s10                                   1.2
xdut.s6                                    1.2
xdut.s5                            5.40561e-07
xdut.n_128                                 1.2
xdut.s9                            7.40454e-07
xdut.n_133                                 1.2
xdut.s4                                    1.2
xdut.n_129                                 1.2
xdut.s8                                    1.2
xdut.n_132                                 1.2
xdut.s7                             5.5837e-07
xdut.n_130                                 1.2
xdut.n_127                                 1.2
xdut.n_131                                 1.2
xdut.s0                                    1.2
xdut.n_124                                 1.2
xdut.n_71                          3.69974e-07
xdut.n_72                           4.6281e-07
xdut.n_70                          5.18826e-08
xdut.n_77                          5.62591e-07
xdut.n_75                          6.67897e-08
xdut.n_73                          4.41922e-08
xdut.n_67                          4.64375e-08
xdut.n_76                          1.25131e-07
xdut.n_69                           6.2256e-07
xdut.n_74                           4.5591e-07
xdut.n_122                                 1.2
xdut.n_i1005                           1.03169
xdut.n_68                          1.51163e-07
xdut.vbn                              0.561009
ven#branch                         7.28345e-12
vc7#branch                        -6.40784e-08
vc6#branch                         -3.2083e-08
vc5#branch                        -1.59221e-08
vc4#branch                        -7.91617e-09
vc3#branch                        -4.01122e-09
vc2#branch                        -2.00734e-09
vc1#branch                        -1.00127e-09
vc0#branch                        -4.95842e-10
vdd#branch                        -0.000581818

 Reference value :  0.00000e+00
 Reference value :  1.41684e-09
 Reference value :  3.10356e-09
 Reference value :  4.79028e-09
 Reference value :  6.47700e-09
 Reference value :  8.08340e-09
 Reference value :  9.72996e-09
 Reference value :  1.14568e-08
 Reference value :  1.24512e-08
 Reference value :  1.33749e-08
 Reference value :  1.42584e-08
 Reference value :  1.52624e-08
 Reference value :  1.62664e-08
 Reference value :  1.73507e-08
 Reference value :  1.83949e-08
 Reference value :  1.93587e-08
 Reference value :  2.02824e-08
 Reference value :  2.12462e-08
 Reference value :  2.22502e-08
 Reference value :  2.31338e-08
 Reference value :  2.40173e-08
 Reference value :  2.50213e-08
 Reference value :  2.59048e-08
 Reference value :  2.67883e-08
 Reference value :  2.76718e-08
 Reference value :  2.85152e-08
 Reference value :  2.92782e-08
 Reference value :  3.00814e-08
 Reference value :  3.10453e-08
 Reference value :  3.19288e-08
 Reference value :  3.28525e-08
 Reference value :  3.38163e-08
 Reference value :  3.48605e-08
 Reference value :  3.57842e-08
 Reference value :  3.67078e-08
 Reference value :  3.77520e-08
 Reference value :  3.87962e-08
 Reference value :  3.97198e-08
 Reference value :  4.07640e-08
 Reference value :  4.16877e-08
 Reference value :  4.26114e-08
 Reference value :  4.36154e-08
 Reference value :  4.45792e-08
 Reference value :  4.55430e-08
 Reference value :  4.65069e-08
 Reference value :  4.74707e-08
 Reference value :  4.83944e-08
 Reference value :  4.92779e-08
 Reference value :  5.02819e-08
 Reference value :  5.11654e-08
 Reference value :  5.20891e-08
 Reference value :  5.31333e-08
 Reference value :  5.40971e-08
 Reference value :  5.50208e-08
 Reference value :  5.60248e-08
 Reference value :  5.69886e-08
 Reference value :  5.79525e-08
 Reference value :  5.89163e-08
 Reference value :  6.00408e-08
 Reference value :  6.09645e-08
 Reference value :  6.18480e-08
 Reference value :  6.28922e-08
 Reference value :  6.38158e-08
 Reference value :  6.47797e-08
 Reference value :  6.58238e-08
 Reference value :  6.67475e-08
 Reference value :  6.76712e-08
 Reference value :  6.86752e-08
 Reference value :  6.95989e-08
 Reference value :  7.05226e-08
 Reference value :  7.14864e-08
 Reference value :  7.24904e-08
 Reference value :  7.34141e-08
 Reference value :  7.43378e-08
 Reference value :  7.53819e-08
 Reference value :  7.63056e-08
 Reference value :  7.72293e-08
 Reference value :  7.82734e-08
 Reference value :  7.91971e-08
 Reference value :  8.01208e-08
 Reference value :  8.11248e-08
 Reference value :  8.20886e-08
 Reference value :  8.30525e-08
 Reference value :  8.40163e-08
 Reference value :  8.50203e-08
 Reference value :  8.59842e-08
 Reference value :  8.69078e-08
 Reference value :  8.79922e-08
 Reference value :  8.89560e-08
 Reference value :  8.98797e-08
 Reference value :  9.09238e-08
 Reference value :  9.18877e-08
 Reference value :  9.28114e-08
 Reference value :  9.38555e-08
 Reference value :  9.47792e-08
 Reference value :  9.57430e-08
 Reference value :  9.67470e-08
 Reference value :  9.76707e-08
 Reference value :  9.85944e-08
 Reference value :  9.94779e-08
 Reference value :  1.00522e-07
 Reference value :  1.01446e-07
 Reference value :  1.02369e-07
 Reference value :  1.03454e-07
 Reference value :  1.04377e-07
 Reference value :  1.05261e-07
 Reference value :  1.06265e-07
 Reference value :  1.07189e-07
 Reference value :  1.08032e-07
 Reference value :  1.08875e-07
 Reference value :  1.09879e-07
 Reference value :  1.10723e-07
 Reference value :  1.11646e-07
 Reference value :  1.12691e-07
 Reference value :  1.13614e-07
 Reference value :  1.14578e-07
 Reference value :  1.15582e-07
 Reference value :  1.16586e-07
 Reference value :  1.17510e-07
 Reference value :  1.18433e-07
 Reference value :  1.19478e-07
 Reference value :  1.20401e-07
 Reference value :  1.21325e-07
 Reference value :  1.22409e-07
 Reference value :  1.23373e-07
 Reference value :  1.24297e-07
 Reference value :  1.25381e-07
 Reference value :  1.26305e-07
 Reference value :  1.27269e-07
 Reference value :  1.28313e-07
 Reference value :  1.29277e-07
 Reference value :  1.30200e-07
 Reference value :  1.31124e-07
 Reference value :  1.32128e-07
 Reference value :  1.33012e-07
 Reference value :  1.33935e-07
 Reference value :  1.35020e-07
 Reference value :  1.35863e-07
 Reference value :  1.36666e-07
 Reference value :  1.37550e-07
 Reference value :  1.38393e-07
 Reference value :  1.39276e-07
 Reference value :  1.40280e-07
 Reference value :  1.41325e-07
 Reference value :  1.42248e-07
 Reference value :  1.43172e-07
 Reference value :  1.44256e-07
 Reference value :  1.45180e-07
 Reference value :  1.46144e-07
 Reference value :  1.47148e-07
 Reference value :  1.48031e-07
 Reference value :  1.48955e-07
 Reference value :  1.49879e-07
 Reference value :  1.50883e-07
 Reference value :  1.51766e-07
 Reference value :  1.52650e-07
 Reference value :  1.53614e-07
 Reference value :  1.54457e-07
 Reference value :  1.55300e-07
 Reference value :  1.56144e-07
 Reference value :  1.57067e-07
 Reference value :  1.57911e-07
 Reference value :  1.58754e-07
 Reference value :  1.59718e-07
 Reference value :  1.60601e-07
 Reference value :  1.61445e-07
 Reference value :  1.62288e-07
 Reference value :  1.63252e-07
 Reference value :  1.64095e-07
 Reference value :  1.64979e-07
 Reference value :  1.65943e-07
 Reference value :  1.66826e-07
 Reference value :  1.67710e-07
 Reference value :  1.68593e-07
 Reference value :  1.69678e-07
 Reference value :  1.70682e-07
 Reference value :  1.71605e-07
 Reference value :  1.72690e-07
 Reference value :  1.73613e-07
 Reference value :  1.74537e-07
 Reference value :  1.75621e-07
 Reference value :  1.76866e-07
 Reference value :  1.77830e-07
 Reference value :  1.78874e-07
 Reference value :  1.79798e-07
 Reference value :  1.80722e-07
 Reference value :  1.81766e-07
 Reference value :  1.82730e-07
 Reference value :  1.83693e-07
 Reference value :  1.84697e-07
 Reference value :  1.85621e-07
 Reference value :  1.86505e-07
 Reference value :  1.87348e-07
 Reference value :  1.88352e-07
 Reference value :  1.89236e-07
 Reference value :  1.90119e-07
 Reference value :  1.91083e-07
 Reference value :  1.91926e-07
 Reference value :  1.92810e-07
 Reference value :  1.93653e-07
 Reference value :  1.94617e-07
 Reference value :  1.95460e-07
 Reference value :  1.96344e-07
 Reference value :  1.97268e-07
 Reference value :  1.98151e-07
 Reference value :  1.98994e-07
 Reference value :  1.99878e-07
 Reference value :  2.00882e-07
 Reference value :  2.01725e-07
 Reference value :  2.02569e-07
 Reference value :  2.03492e-07
 Reference value :  2.04376e-07
 Reference value :  2.05219e-07
 Reference value :  2.06063e-07
 Reference value :  2.07067e-07
 Reference value :  2.07950e-07
 Reference value :  2.08874e-07
 Reference value :  2.09878e-07
 Reference value :  2.10842e-07
 Reference value :  2.11805e-07
 Reference value :  2.12769e-07
 Reference value :  2.13773e-07
 Reference value :  2.14817e-07
 Reference value :  2.15821e-07
 Reference value :  2.17066e-07
 Reference value :  2.18271e-07
 Reference value :  2.19315e-07
 Reference value :  2.20319e-07
 Reference value :  2.21323e-07
 Reference value :  2.22368e-07
 Reference value :  2.23331e-07
 Reference value :  2.24335e-07
 Reference value :  2.25701e-07
 Reference value :  2.26665e-07
 Reference value :  2.27628e-07
 Reference value :  2.28673e-07
 Reference value :  2.29636e-07
 Reference value :  2.30560e-07
 Reference value :  2.31524e-07
 Reference value :  2.32528e-07
 Reference value :  2.33492e-07
 Reference value :  2.34456e-07
 Reference value :  2.35540e-07
 Reference value :  2.36584e-07
 Reference value :  2.37548e-07
 Reference value :  2.38632e-07
 Reference value :  2.39556e-07
 Reference value :  2.40480e-07
No. of Data Rows : 6014
vhold_min           =  1.20000e+00 at=  2.52205e-10
tfirst              =  1.56536e-08
t1                  =  1.50619e-07
t2                  =  1.56896e-07
t3                  =  1.63174e-07
t4                  =  1.69451e-07
t5                  =  1.75728e-07
t6                  =  1.82005e-07
t7                  =  1.88283e-07
t8                  =  1.94559e-07
t9                  =  2.00837e-07
t10                 =  2.07115e-07
t11                 =  2.13391e-07
t12                 =  2.19669e-07
idd_run             =  -5.98781e-04 from=  1.44600e-07 to=  2.41000e-07
vmax                =  1.20966e+00 at=  2.16344e-07
vmin                =  -6.32297e-03 at=  1.75541e-07
Note: Simulation executed from .control section 
Warning: m=xx on .subckt line will override multiplier m hierarchy!

Note: Starting dynamic gmin stepping
Note: Dynamic gmin stepping completed
Note: Starting dynamic gmin stepping
Note: Dynamic gmin stepping completed
