
Note: No compatibility mode selected!


Circuit: * tt_analog_ring, code 128

Doing analysis at TEMP = 125.000000 and TNOM = 27.000000

Using SPARSE 1.3 as Direct Linear Solver
 Reference value :  0.00000e+00
No. of Data Rows : 1
idd_dis=0.000162069 vbp=0.514004 vbn=0.452809 clk_dis=1.08
Doing analysis at TEMP = 125.000000 and TNOM = 27.000000

Using SPARSE 1.3 as Direct Linear Solver

Initial Transient Solution
--------------------------

Node                                   Voltage
----                                   -------
vpwr                                      1.08
code[0]                                      0
code[1]                                      0
code[2]                                      0
code[3]                                      0
code[4]                                      0
code[5]                                      0
code[6]                                      0
code[7]                                   1.08
enable                                       0
xdut.vbp                              0.514004
xdut.vbn                              0.452809
xdut.n0                            2.35766e-06
xdut.p0                                   1.08
xdut.na0                              0.912589
xdut.s0                                   1.08
xdut.s10                                  1.08
xdut.n1                            5.80606e-06
xdut.p1                                   1.08
xdut.s1                             6.5535e-06
xdut.n2                             1.0294e-06
xdut.p2                                   1.08
xdut.s2                                   1.08
xdut.n3                            5.80592e-06
xdut.p3                                   1.08
xdut.s3                            6.55333e-06
xdut.n4                             1.0294e-06
xdut.p4                                   1.08
xdut.s4                                   1.08
xdut.n5                            5.80592e-06
xdut.p5                                   1.08
xdut.s5                            6.55333e-06
xdut.n6                             1.0294e-06
xdut.p6                                   1.08
xdut.s6                                   1.08
xdut.n7                            5.80592e-06
xdut.p7                                   1.08
xdut.s7                            6.55333e-06
xdut.n8                             1.0294e-06
xdut.p8                                   1.08
xdut.s8                                   1.08
xdut.n9                            5.80592e-06
xdut.p9                                   1.08
xdut.s9                            6.55333e-06
xdut.n10                            1.0294e-06
xdut.p10                                  1.08
xdut.b1                            7.81053e-07
clk_out                                   1.08
ven#branch                         2.40838e-12
vc7#branch                        -1.60702e-08
vc6#branch                         5.37345e-13
vc5#branch                         2.68672e-13
vc4#branch                         1.34336e-13
vc3#branch                         6.71681e-14
vc2#branch                          3.3584e-14
vc1#branch                          1.6792e-14
vc0#branch                         8.39601e-15
vdd#branch                        -0.000162069

 Reference value :  0.00000e+00
 Reference value :  1.02702e-09
 Reference value :  2.23056e-09
 Reference value :  3.43410e-09
 Reference value :  4.60678e-09
 Reference value :  5.77946e-09
 Reference value :  6.98300e-09
 Reference value :  8.18654e-09
 Reference value :  9.30529e-09
 Reference value :  1.00225e-08
 Reference value :  1.08249e-08
 Reference value :  1.15964e-08
 Reference value :  1.24296e-08
 Reference value :  1.32319e-08
 Reference value :  1.40652e-08
 Reference value :  1.48367e-08
 Reference value :  1.56699e-08
 Reference value :  1.64722e-08
 Reference value :  1.72746e-08
 Reference value :  1.81078e-08
 Reference value :  1.89102e-08
 Reference value :  1.97125e-08
 Reference value :  2.05149e-08
 Reference value :  2.13173e-08
 Reference value :  2.21505e-08
 Reference value :  2.29220e-08
 Reference value :  2.37243e-08
 Reference value :  2.45267e-08
 Reference value :  2.52982e-08
 Reference value :  2.60697e-08
 Reference value :  2.68721e-08
 Reference value :  2.76744e-08
 Reference value :  2.84459e-08
 Reference value :  2.92483e-08
 Reference value :  3.00198e-08
 Reference value :  3.08221e-08
 Reference value :  3.16245e-08
 Reference value :  3.24577e-08
 Reference value :  3.32292e-08
 Reference value :  3.40007e-08
 Reference value :  3.48339e-08
 Reference value :  3.56671e-08
 Reference value :  3.65004e-08
 Reference value :  3.73336e-08
 Reference value :  3.81359e-08
 Reference value :  3.89692e-08
 Reference value :  3.97407e-08
 Reference value :  4.05739e-08
 Reference value :  4.14071e-08
 Reference value :  4.22095e-08
 Reference value :  4.30118e-08
 Reference value :  4.38450e-08
 Reference value :  4.46474e-08
 Reference value :  4.54498e-08
 Reference value :  4.62521e-08
 Reference value :  4.70236e-08
 Reference value :  4.78568e-08
 Reference value :  4.86283e-08
 Reference value :  4.94616e-08
 Reference value :  5.02331e-08
 Reference value :  5.10354e-08
 Reference value :  5.18378e-08
 Reference value :  5.26401e-08
 Reference value :  5.34425e-08
 Reference value :  5.42140e-08
 Reference value :  5.49855e-08
 Reference value :  5.57879e-08
 Reference value :  5.65902e-08
 Reference value :  5.73926e-08
 Reference value :  5.81949e-08
 Reference value :  5.89664e-08
 Reference value :  5.97997e-08
 Reference value :  6.06020e-08
 Reference value :  6.13735e-08
 Reference value :  6.21759e-08
 Reference value :  6.29474e-08
 Reference value :  6.37497e-08
 Reference value :  6.45521e-08
 Reference value :  6.53236e-08
 Reference value :  6.61260e-08
 Reference value :  6.69283e-08
 Reference value :  6.77307e-08
 Reference value :  6.85330e-08
 Reference value :  6.93354e-08
 Reference value :  7.01069e-08
 Reference value :  7.09093e-08
 Reference value :  7.17116e-08
 Reference value :  7.25140e-08
 Reference value :  7.33163e-08
 Reference value :  7.41496e-08
 Reference value :  7.49519e-08
 Reference value :  7.57234e-08
 Reference value :  7.65258e-08
 Reference value :  7.73281e-08
 Reference value :  7.80996e-08
 Reference value :  7.88711e-08
 Reference value :  7.96118e-08
 Reference value :  8.03833e-08
 Reference value :  8.11857e-08
 Reference value :  8.20189e-08
 Reference value :  8.27904e-08
 Reference value :  8.35927e-08
 Reference value :  8.43951e-08
 Reference value :  8.51975e-08
 Reference value :  8.59998e-08
 Reference value :  8.68330e-08
 Reference value :  8.76045e-08
 Reference value :  8.84069e-08
 Reference value :  8.92093e-08
 Reference value :  9.00425e-08
 Reference value :  9.08757e-08
 Reference value :  9.17089e-08
 Reference value :  9.24804e-08
 Reference value :  9.32828e-08
 Reference value :  9.40851e-08
 Reference value :  9.48875e-08
 Reference value :  9.56899e-08
 Reference value :  9.65231e-08
 Reference value :  9.72946e-08
 Reference value :  9.81278e-08
 Reference value :  9.89610e-08
 Reference value :  9.97942e-08
 Reference value :  1.00627e-07
 Reference value :  1.01461e-07
 Reference value :  1.02263e-07
 Reference value :  1.03096e-07
 Reference value :  1.03899e-07
 Reference value :  1.04701e-07
 Reference value :  1.05503e-07
 Reference value :  1.06275e-07
 Reference value :  1.07108e-07
 Reference value :  1.07910e-07
 Reference value :  1.08744e-07
 Reference value :  1.09546e-07
 Reference value :  1.10379e-07
 Reference value :  1.11212e-07
 Reference value :  1.11984e-07
 Reference value :  1.12817e-07
 Reference value :  1.13589e-07
 Reference value :  1.14422e-07
 Reference value :  1.15286e-07
 Reference value :  1.16057e-07
 Reference value :  1.16860e-07
 Reference value :  1.17662e-07
 Reference value :  1.18465e-07
 Reference value :  1.19298e-07
 Reference value :  1.20131e-07
 Reference value :  1.20933e-07
 Reference value :  1.21705e-07
 Reference value :  1.22507e-07
 Reference value :  1.23279e-07
 Reference value :  1.24081e-07
 Reference value :  1.24914e-07
 Reference value :  1.25747e-07
 Reference value :  1.26550e-07
 Reference value :  1.27321e-07
 Reference value :  1.28124e-07
 Reference value :  1.28926e-07
 Reference value :  1.29728e-07
 Reference value :  1.30500e-07
 Reference value :  1.31302e-07
 Reference value :  1.32136e-07
 Reference value :  1.32969e-07
 Reference value :  1.33771e-07
 Reference value :  1.34573e-07
 Reference value :  1.35376e-07
 Reference value :  1.36178e-07
 Reference value :  1.36981e-07
 Reference value :  1.37752e-07
 Reference value :  1.38554e-07
 Reference value :  1.39357e-07
 Reference value :  1.40159e-07
 Reference value :  1.40992e-07
 Reference value :  1.41826e-07
 Reference value :  1.42628e-07
 Reference value :  1.43430e-07
 Reference value :  1.44233e-07
 Reference value :  1.45035e-07
 Reference value :  1.45806e-07
 Reference value :  1.46578e-07
 Reference value :  1.47349e-07
 Reference value :  1.48152e-07
 Reference value :  1.48954e-07
 Reference value :  1.49787e-07
 Reference value :  1.50621e-07
 Reference value :  1.51454e-07
 Reference value :  1.52256e-07
 Reference value :  1.53059e-07
 Reference value :  1.53861e-07
 Reference value :  1.54663e-07
 Reference value :  1.55466e-07
 Reference value :  1.56237e-07
 Reference value :  1.57040e-07
 Reference value :  1.57873e-07
 Reference value :  1.58644e-07
 Reference value :  1.59416e-07
 Reference value :  1.60218e-07
 Reference value :  1.61020e-07
 Reference value :  1.61854e-07
 Reference value :  1.62656e-07
 Reference value :  1.63458e-07
 Reference value :  1.64261e-07
 Reference value :  1.65063e-07
 Reference value :  1.65865e-07
 Reference value :  1.66699e-07
 Reference value :  1.67501e-07
 Reference value :  1.68303e-07
 Reference value :  1.69106e-07
 Reference value :  1.69908e-07
 Reference value :  1.70741e-07
 Reference value :  1.71544e-07
 Reference value :  1.72346e-07
 Reference value :  1.73148e-07
 Reference value :  1.73982e-07
 Reference value :  1.74815e-07
 Reference value :  1.75648e-07
 Reference value :  1.76512e-07
 Reference value :  1.77345e-07
 Reference value :  1.78179e-07
 Reference value :  1.79043e-07
 Reference value :  1.79845e-07
 Reference value :  1.80617e-07
 Reference value :  1.81419e-07
 Reference value :  1.82190e-07
 Reference value :  1.82993e-07
 Reference value :  1.83795e-07
 Reference value :  1.84598e-07
No. of Data Rows : 6015
vhold_min           =  1.08000e+00 at=  7.49281e-10
tfirst              =  1.42514e-08
t1                  =  1.11362e-07
t2                  =  1.19804e-07
t3                  =  1.28246e-07
t4                  =  1.36688e-07
t5                  =  1.45130e-07
t6                  =  1.53572e-07
t7                  =  1.62014e-07
t8                  =  1.70456e-07
t9                  =  1.78898e-07
idd_run             =  -1.69409e-04 from=  1.11100e-07 to=  1.85200e-07
vmax                =  1.08965e+00 at=  1.15317e-07
vmin                =  -6.58744e-03 at=  1.44881e-07
Note: Simulation executed from .control section 
Note: Starting dynamic gmin stepping
Note: Dynamic gmin stepping completed
Note: Starting dynamic gmin stepping
Note: Dynamic gmin stepping completed

Error: measure  t10  when(WHEN) : out of interval
 meas tran t10 when v(clk_out)=5.400000e-01 rise=10 from=1.111000e-07 failed!


Error: measure  t11  when(WHEN) : out of interval
 meas tran t11 when v(clk_out)=5.400000e-01 rise=11 from=1.111000e-07 failed!


Error: measure  t12  when(WHEN) : out of interval
 meas tran t12 when v(clk_out)=5.400000e-01 rise=12 from=1.111000e-07 failed!

