
Note: No compatibility mode selected!


Circuit: * nand as inverter: a=1, pulse b

Doing analysis at TEMP = -40.000000 and TNOM = 27.000000

Using SPARSE 1.3 as Direct Linear Solver

Initial Transient Solution
--------------------------

Node                                   Voltage
----                                   -------
vpwr                                      1.32
code[0]                                      0
code[1]                                      0
code[2]                                      0
code[3]                                      0
code[4]                                   1.32
code[5]                                      0
code[6]                                      0
code[7]                                      0
vbp                                   0.842761
vbn                                   0.437391
a                                         1.32
p                                            0
xdrv.net1                                 1.32
b                                         1.32
xdrv.net2                          4.70206e-09
xnand.net1                                1.32
y                                  1.53317e-06
xnand.net2                         1.50689e-06
xnand.net3                         1.47125e-06
xload.net1                                1.32
z                                         1.32
xload.net2                         4.70208e-09
xload2.net1                               1.32
zz                                 3.25805e-07
xload2.net2                        3.12257e-07
vin#branch                         1.15685e-11
va#branch                         -1.01298e-11
vc7#branch                         1.43356e-12
vc6#branch                         7.16781e-13
vc5#branch                          3.5839e-13
vc4#branch                        -4.16618e-09
vc3#branch                         8.95963e-14
vc2#branch                         4.47974e-14
vc1#branch                          2.2398e-14
vc0#branch                         1.11983e-14
vdd#branch                        -7.27007e-05

 Reference value :  1.43088e-10
 Reference value :  8.59829e-09
 Reference value :  1.56731e-08
 Reference value :  2.23126e-08
 Reference value :  3.07678e-08
 Reference value :  3.91147e-08
 Reference value :  4.50454e-08
 Reference value :  5.29315e-08
 Reference value :  6.13867e-08
 Reference value :  6.87891e-08
 Reference value :  7.50221e-08
 Reference value :  8.33689e-08
 Reference value :  9.16073e-08
 Reference value :  9.80258e-08
 Reference value :  1.05207e-07
 Reference value :  1.13419e-07
 Reference value :  1.21847e-07
 Reference value :  1.27217e-07
 Reference value :  1.35482e-07
 Reference value :  1.43639e-07
 Reference value :  1.50654e-07
 Reference value :  1.57023e-07
No. of Data Rows : 6044
tin_f               =  6.86634e-08
tout_r              =  6.97161e-08
tin_r               =  9.58462e-08
tout_f              =  9.68567e-08
tplh=1.05275E-09 tphl=1.01052E-09
Note: Simulation executed from .control section 
Note: Starting dynamic gmin stepping
Note: Dynamic gmin stepping completed
