GDS input file passed, running in LVS mode
Found cell tt_analog_ring in GDS /work/analog/macro/tt_analog_ring.gds (only top cell)
Cache miss: extracted LVSDB does not exist
/work/analog/out/pex/.kpex_cache/ihp-sg13g2/work/analog/macro/tt_analog_ring.gds/tt_analog_ring.lvsdb.gz
klayout -b -r /usr/local/lib/python3.12/dist-packages/klayout_pex/pdk/ihp-sg13g2/libs.tech/kpex/sg13g2.lvs -rd input=/work/analog/macro/tt_analog_ring.gds -rd report=/work/analog/out/pex/tt_analog_ring__tt_analog_ring/tt_analog_ring.lvsdb.gz -rd schematic=/work/analog/spice/tt_analog_ring.lvs.spice -rd thr=22 -rd run_mode=deep -rd spice_net_names=true -rd spice_comments=false -rd scale=false -rd verbose=false -rd schematic_simplify=false -rd net_only=false -rd top_lvl_pins=true -rd combine=false -rd combine_devices=false -rd purge=false -rd purge_nets=false -rd no_simplify=true
/work/analog/out/pex/tt_analog_ring__tt_analog_ring/tt_analog_ring_lvs.log
2026-09-08 00:25:05 +0200: Memory Usage (454804K) : Starting running SG13G2 Klayout LVS runset on /work/analog/macro/tt_analog_ring.gds
2026-09-08 00:25:05 +0200: Memory Usage (454804K) : Ruby Version for klayout: 3.2.3
2026-09-08 00:25:05 +0200: Memory Usage (455928K) : Loading database to memory is complete.
2026-09-08 00:25:05 +0200: Memory Usage (455928K) : SG13G2 Klayout LVS runset output at: /work/analog/out/pex/tt_analog_ring__tt_analog_ring/tt_analog_ring.lvsdb.gz
2026-09-08 00:25:05 +0200: Memory Usage (455928K) : Evaluate switches.
2026-09-08 00:25:05 +0200: Memory Usage (455928K) : Extracted netlist with net names: true
2026-09-08 00:25:05 +0200: Memory Usage (455928K) : Extracted netlist with comments in details: false
2026-09-08 00:25:05 +0200: Memory Usage (455928K) : Selected NET_ONLY option: false
2026-09-08 00:25:05 +0200: Memory Usage (455928K) : Selected LAYOUT_NETLIST option: (none)
2026-09-08 00:25:05 +0200: Memory Usage (455928K) : Selected IGNORE_TOP_PORTS_MISMATCH option: 
2026-09-08 00:25:05 +0200: Memory Usage (455928K) : Selected IMPLICIT_NETS option: (none)
2026-09-08 00:25:05 +0200: Memory Usage (455928K) : Selected TOP_LVL_PINS option: true
2026-09-08 00:25:05 +0200: Memory Usage (455928K) : Selected COMBINE DEVICES option: false
2026-09-08 00:25:05 +0200: Memory Usage (455928K) : Selected PURGE option: false
2026-09-08 00:25:05 +0200: Memory Usage (455928K) : Selected PURGE_NETS option: false
2026-09-08 00:25:05 +0200: Memory Usage (455928K) : Selected SIMPLIFY option: false
2026-09-08 00:25:05 +0200: Memory Usage (455928K) : Selected SERIES_RES option: true
2026-09-08 00:25:05 +0200: Memory Usage (455928K) : Selected PARALLEL_RES option: true
2026-09-08 00:25:05 +0200: Memory Usage (455928K) : Selected DISABLE_TAP_EXTRACTION option: false
2026-09-08 00:25:05 +0200: Memory Usage (455928K) : deep  mode is enabled.
2026-09-08 00:25:05 +0200: Memory Usage (456444K) : Netlist file: /work/analog/spice/tt_analog_ring.lvs.spice
2026-09-08 00:25:05 +0200: Memory Usage (456444K) : SG13G2 Klayout LVS extracted netlist file at: tt_analog_ring_extracted.cir
2026-09-08 00:25:05 +0200: Memory Usage (456444K) : Applying SRAM integration support.
2026-09-08 00:25:05 +0200: Memory Usage (456444K) : Starting SG13G2 LVS runset
2026-09-08 00:25:05 +0200: Memory Usage (456444K) : Read in polygons from layers.
2026-09-08 00:25:05 +0200: Memory Usage (457336K) : activ_drw has 643 polygons
2026-09-08 00:25:05 +0200: Memory Usage (457336K) : activ_filler has 0 polygons
2026-09-08 00:25:05 +0200: Memory Usage (457504K) : activ has 643 polygons
2026-09-08 00:25:05 +0200: Memory Usage (457504K) : activ_pin has 0 polygons
2026-09-08 00:25:05 +0200: Memory Usage (457504K) : activ_mask has 0 polygons
2026-09-08 00:25:05 +0200: Memory Usage (457504K) : activ_nofill has 0 polygons
2026-09-08 00:25:05 +0200: Memory Usage (457504K) : activ_OPC has 0 polygons
2026-09-08 00:25:05 +0200: Memory Usage (457664K) : activ_iOPC has 0 polygons
2026-09-08 00:25:05 +0200: Memory Usage (457664K) : activ_noqrc has 0 polygons
2026-09-08 00:25:05 +0200: Memory Usage (457664K) : biwind_drw has 0 polygons
2026-09-08 00:25:05 +0200: Memory Usage (457664K) : biwind_OPC has 0 polygons
2026-09-08 00:25:05 +0200: Memory Usage (457664K) : gatpoly_drw has 513 polygons
2026-09-08 00:25:05 +0200: Memory Usage (457664K) : gatpoly_filler has 0 polygons
2026-09-08 00:25:05 +0200: Memory Usage (457664K) : gatpoly has 513 polygons
2026-09-08 00:25:05 +0200: Memory Usage (457664K) : gatpoly_pin has 91 polygons
2026-09-08 00:25:05 +0200: Memory Usage (457664K) : gatpoly_nofill has 0 polygons
2026-09-08 00:25:05 +0200: Memory Usage (457664K) : gatpoly_OPC has 0 polygons
2026-09-08 00:25:05 +0200: Memory Usage (457664K) : gatpoly_iOPC has 0 polygons
2026-09-08 00:25:05 +0200: Memory Usage (457664K) : gatpoly_noqrc has 0 polygons
2026-09-08 00:25:05 +0200: Memory Usage (457664K) : cont_drw has 1631 polygons
2026-09-08 00:25:05 +0200: Memory Usage (457664K) : cont_OPC has 0 polygons
2026-09-08 00:25:05 +0200: Memory Usage (458144K) : nsd_drw has 0 polygons
2026-09-08 00:25:05 +0200: Memory Usage (458304K) : nsd_block has 0 polygons
2026-09-08 00:25:05 +0200: Memory Usage (458304K) : metal1_drw has 1169 polygons
2026-09-08 00:25:05 +0200: Memory Usage (458464K) : metal1_filler has 0 polygons
2026-09-08 00:25:05 +0200: Memory Usage (458624K) : metal1_slit has 0 polygons
2026-09-08 00:25:05 +0200: Memory Usage (458624K) : metal1 has 1169 polygons
2026-09-08 00:25:05 +0200: Memory Usage (458624K) : metal1_pin has 182 polygons
2026-09-08 00:25:05 +0200: Memory Usage (458624K) : metal1_mask has 0 polygons
2026-09-08 00:25:05 +0200: Memory Usage (458624K) : metal1_nofill has 0 polygons
2026-09-08 00:25:05 +0200: Memory Usage (459004K) : metal1_text has 13 polygons
2026-09-08 00:25:05 +0200: Memory Usage (459004K) : metal1_OPC has 0 polygons
2026-09-08 00:25:05 +0200: Memory Usage (459004K) : metal1_noqrc has 0 polygons
2026-09-08 00:25:05 +0200: Memory Usage (459164K) : metal1_res has 0 polygons
2026-09-08 00:25:05 +0200: Memory Usage (459164K) : metal1_iprobe has 0 polygons
2026-09-08 00:25:05 +0200: Memory Usage (459324K) : metal1_diffprb has 0 polygons
2026-09-08 00:25:05 +0200: Memory Usage (459324K) : passiv_drw has 0 polygons
2026-09-08 00:25:05 +0200: Memory Usage (459484K) : passiv_pin has 0 polygons
2026-09-08 00:25:05 +0200: Memory Usage (459484K) : passiv_sbump has 0 polygons
2026-09-08 00:25:05 +0200: Memory Usage (459644K) : passiv_pillar has 0 polygons
2026-09-08 00:25:05 +0200: Memory Usage (459644K) : passiv_pdl has 0 polygons
2026-09-08 00:25:05 +0200: Memory Usage (459804K) : metal2_drw has 121 polygons
2026-09-08 00:25:05 +0200: Memory Usage (459804K) : metal2_filler has 0 polygons
2026-09-08 00:25:05 +0200: Memory Usage (459964K) : metal2_slit has 0 polygons
2026-09-08 00:25:05 +0200: Memory Usage (459964K) : metal2 has 121 polygons
2026-09-08 00:25:05 +0200: Memory Usage (460124K) : metal2_pin has 0 polygons
2026-09-08 00:25:05 +0200: Memory Usage (460124K) : metal2_mask has 0 polygons
2026-09-08 00:25:05 +0200: Memory Usage (460284K) : metal2_nofill has 0 polygons
2026-09-08 00:25:05 +0200: Memory Usage (460284K) : metal2_text has 11 polygons
2026-09-08 00:25:05 +0200: Memory Usage (460444K) : metal2_OPC has 0 polygons
2026-09-08 00:25:05 +0200: Memory Usage (460444K) : metal2_noqrc has 0 polygons
2026-09-08 00:25:05 +0200: Memory Usage (460604K) : metal2_res has 0 polygons
2026-09-08 00:25:05 +0200: Memory Usage (460604K) : metal2_iprobe has 0 polygons
2026-09-08 00:25:05 +0200: Memory Usage (460764K) : metal2_diffprb has 0 polygons
2026-09-08 00:25:05 +0200: Memory Usage (460764K) : baspoly_drw has 0 polygons
2026-09-08 00:25:05 +0200: Memory Usage (460764K) : baspoly_pin has 0 polygons
2026-09-08 00:25:05 +0200: Memory Usage (460924K) : psd_drw has 94 polygons
2026-09-08 00:25:05 +0200: Memory Usage (460924K) : nldb_drw has 0 polygons
2026-09-08 00:25:05 +0200: Memory Usage (461084K) : digibnd_drw has 0 polygons
2026-09-08 00:25:05 +0200: Memory Usage (461084K) : via1_drw has 192 polygons
2026-09-08 00:25:05 +0200: Memory Usage (461244K) : backmetal1_drw has 0 polygons
2026-09-08 00:25:05 +0200: Memory Usage (461244K) : backmetal1_pin has 0 polygons
2026-09-08 00:25:05 +0200: Memory Usage (461404K) : backmetal1_mask has 0 polygons
2026-09-08 00:25:05 +0200: Memory Usage (461404K) : backmetal1_filler has 0 polygons
2026-09-08 00:25:05 +0200: Memory Usage (461564K) : backmetal1_nofill has 0 polygons
2026-09-08 00:25:05 +0200: Memory Usage (461564K) : backmetal1_slit has 0 polygons
2026-09-08 00:25:05 +0200: Memory Usage (461724K) : backmetal1_text has 0 polygons
2026-09-08 00:25:05 +0200: Memory Usage (461724K) : backmetal1_OPC has 0 polygons
2026-09-08 00:25:05 +0200: Memory Usage (461724K) : backmetal1_noqrc has 0 polygons
2026-09-08 00:25:05 +0200: Memory Usage (461884K) : backmetal1_res has 0 polygons
2026-09-08 00:25:05 +0200: Memory Usage (461884K) : backmetal1_iprobe has 0 polygons
2026-09-08 00:25:05 +0200: Memory Usage (462044K) : backmetal1_diffprb has 0 polygons
2026-09-08 00:25:05 +0200: Memory Usage (462044K) : backpassiv_drw has 0 polygons
2026-09-08 00:25:05 +0200: Memory Usage (462204K) : res_drw has 0 polygons
2026-09-08 00:25:05 +0200: Memory Usage (462204K) : sram_drw has 0 polygons
2026-09-08 00:25:05 +0200: Memory Usage (462364K) : trans_drw has 0 polygons
2026-09-08 00:25:05 +0200: Memory Usage (462364K) : ind_drw has 0 polygons
2026-09-08 00:25:05 +0200: Memory Usage (462524K) : ind_pin has 0 polygons
2026-09-08 00:25:05 +0200: Memory Usage (462524K) : ind_text has 0 polygons
2026-09-08 00:25:05 +0200: Memory Usage (462684K) : salblock_drw has 0 polygons
2026-09-08 00:25:05 +0200: Memory Usage (462684K) : via2_drw has 109 polygons
2026-09-08 00:25:05 +0200: Memory Usage (462844K) : metal3_drw has 14 polygons
2026-09-08 00:25:05 +0200: Memory Usage (462844K) : metal3_filler has 0 polygons
2026-09-08 00:25:05 +0200: Memory Usage (462844K) : metal3_slit has 0 polygons
2026-09-08 00:25:05 +0200: Memory Usage (463004K) : metal3 has 14 polygons
2026-09-08 00:25:05 +0200: Memory Usage (463164K) : metal3_pin has 0 polygons
2026-09-08 00:25:05 +0200: Memory Usage (463164K) : metal3_mask has 0 polygons
2026-09-08 00:25:05 +0200: Memory Usage (463324K) : metal3_nofill has 0 polygons
2026-09-08 00:25:05 +0200: Memory Usage (463324K) : metal3_text has 1 polygons
2026-09-08 00:25:05 +0200: Memory Usage (463484K) : metal3_OPC has 0 polygons
2026-09-08 00:25:05 +0200: Memory Usage (463484K) : metal3_noqrc has 0 polygons
2026-09-08 00:25:05 +0200: Memory Usage (463644K) : metal3_res has 0 polygons
2026-09-08 00:25:05 +0200: Memory Usage (463644K) : metal3_iprobe has 0 polygons
2026-09-08 00:25:05 +0200: Memory Usage (463644K) : metal3_diffprb has 0 polygons
2026-09-08 00:25:05 +0200: Memory Usage (463804K) : nwell_drw has 27 polygons
2026-09-08 00:25:05 +0200: Memory Usage (463804K) : nwell_pin has 0 polygons
2026-09-08 00:25:05 +0200: Memory Usage (463964K) : nwell_text has 0 polygons
2026-09-08 00:25:05 +0200: Memory Usage (463964K) : nbulay_drw has 0 polygons
2026-09-08 00:25:05 +0200: Memory Usage (464124K) : nbulay_pin has 0 polygons
2026-09-08 00:25:05 +0200: Memory Usage (464124K) : nbulay_block has 0 polygons
2026-09-08 00:25:05 +0200: Memory Usage (464284K) : emwind_drw has 0 polygons
2026-09-08 00:25:05 +0200: Memory Usage (464284K) : emwind_OPC has 0 polygons
2026-09-08 00:25:05 +0200: Memory Usage (464444K) : deepco_drw has 0 polygons
2026-09-08 00:25:05 +0200: Memory Usage (464444K) : mim_drw has 0 polygons
2026-09-08 00:25:05 +0200: Memory Usage (464604K) : edgeseal_drw has 0 polygons
2026-09-08 00:25:05 +0200: Memory Usage (464604K) : substrate_drw has 0 polygons
2026-09-08 00:25:05 +0200: Memory Usage (464764K) : substrate_text has 0 polygons
2026-09-08 00:25:05 +0200: Memory Usage (464764K) : dfpad_drw has 0 polygons
2026-09-08 00:25:05 +0200: Memory Usage (464764K) : dfpad_pillar has 0 polygons
2026-09-08 00:25:05 +0200: Memory Usage (464924K) : dfpad_sbump has 0 polygons
2026-09-08 00:25:05 +0200: Memory Usage (464924K) : thickgateox_drw has 0 polygons
2026-09-08 00:25:05 +0200: Memory Usage (465084K) : pldb_drw has 0 polygons
2026-09-08 00:25:05 +0200: Memory Usage (465084K) : pwell_drw has 0 polygons
2026-09-08 00:25:05 +0200: Memory Usage (465244K) : pwell_pin has 0 polygons
2026-09-08 00:25:05 +0200: Memory Usage (465244K) : pwell_block has 0 polygons
2026-09-08 00:25:05 +0200: Memory Usage (465404K) : ic_drw has 0 polygons
2026-09-08 00:25:05 +0200: Memory Usage (465404K) : via3_drw has 108 polygons
2026-09-08 00:25:05 +0200: Memory Usage (465564K) : metal4_drw has 14 polygons
2026-09-08 00:25:05 +0200: Memory Usage (465564K) : metal4_filler has 0 polygons
2026-09-08 00:25:05 +0200: Memory Usage (465724K) : metal4_slit has 0 polygons
2026-09-08 00:25:05 +0200: Memory Usage (465884K) : metal4 has 14 polygons
2026-09-08 00:25:05 +0200: Memory Usage (465884K) : metal4_pin has 0 polygons
2026-09-08 00:25:05 +0200: Memory Usage (466044K) : metal4_mask has 0 polygons
2026-09-08 00:25:05 +0200: Memory Usage (466044K) : metal4_nofill has 0 polygons
2026-09-08 00:25:05 +0200: Memory Usage (466044K) : metal4_text has 2 polygons
2026-09-08 00:25:05 +0200: Memory Usage (466204K) : metal4_OPC has 0 polygons
2026-09-08 00:25:05 +0200: Memory Usage (466204K) : metal4_noqrc has 0 polygons
2026-09-08 00:25:05 +0200: Memory Usage (466364K) : metal4_res has 0 polygons
2026-09-08 00:25:05 +0200: Memory Usage (466364K) : metal4_iprobe has 0 polygons
2026-09-08 00:25:05 +0200: Memory Usage (466524K) : metal4_diffprb has 0 polygons
2026-09-08 00:25:05 +0200: Memory Usage (466524K) : heattrans_drw has 0 polygons
2026-09-08 00:25:05 +0200: Memory Usage (466684K) : heatres_drw has 0 polygons
2026-09-08 00:25:05 +0200: Memory Usage (466684K) : fbe_drw has 0 polygons
2026-09-08 00:25:05 +0200: Memory Usage (466844K) : empoly_drw has 0 polygons
2026-09-08 00:25:05 +0200: Memory Usage (466844K) : digisub_drw has 0 polygons
2026-09-08 00:25:05 +0200: Memory Usage (467004K) : text_drw has 117 polygons
2026-09-08 00:25:05 +0200: Memory Usage (467004K) : via4_drw has 0 polygons
2026-09-08 00:25:05 +0200: Memory Usage (467164K) : metal5_drw has 0 polygons
2026-09-08 00:25:05 +0200: Memory Usage (467164K) : metal5_filler has 0 polygons
2026-09-08 00:25:05 +0200: Memory Usage (467324K) : metal5_slit has 0 polygons
2026-09-08 00:25:05 +0200: Memory Usage (467324K) : metal5 has 0 polygons
2026-09-08 00:25:05 +0200: Memory Usage (467484K) : metal5_pin has 0 polygons
2026-09-08 00:25:05 +0200: Memory Usage (467484K) : metal5_mask has 0 polygons
2026-09-08 00:25:05 +0200: Memory Usage (467644K) : metal5_nofill has 0 polygons
2026-09-08 00:25:05 +0200: Memory Usage (467644K) : metal5_text has 0 polygons
2026-09-08 00:25:05 +0200: Memory Usage (467804K) : metal5_OPC has 0 polygons
2026-09-08 00:25:05 +0200: Memory Usage (467804K) : metal5_noqrc has 0 polygons
2026-09-08 00:25:05 +0200: Memory Usage (467964K) : metal5_res has 0 polygons
2026-09-08 00:25:05 +0200: Memory Usage (467964K) : metal5_iprobe has 0 polygons
2026-09-08 00:25:05 +0200: Memory Usage (468124K) : metal5_diffprb has 0 polygons
2026-09-08 00:25:05 +0200: Memory Usage (468124K) : radhard_drw has 0 polygons
2026-09-08 00:25:05 +0200: Memory Usage (468124K) : memcap_drw has 0 polygons
2026-09-08 00:25:05 +0200: Memory Usage (468284K) : varicap_drw has 0 polygons
2026-09-08 00:25:05 +0200: Memory Usage (468284K) : intbondvia_drw has 0 polygons
2026-09-08 00:25:05 +0200: Memory Usage (468444K) : intbondmet_drw has 0 polygons
2026-09-08 00:25:05 +0200: Memory Usage (468444K) : devbondvia_drw has 0 polygons
2026-09-08 00:25:05 +0200: Memory Usage (468604K) : devbondmet_drw has 0 polygons
2026-09-08 00:25:05 +0200: Memory Usage (468604K) : devtrench_drw has 0 polygons
2026-09-08 00:25:05 +0200: Memory Usage (468764K) : redist_drw has 0 polygons
2026-09-08 00:25:05 +0200: Memory Usage (468764K) : graphbot_drw has 0 polygons
2026-09-08 00:25:05 +0200: Memory Usage (468924K) : graphtop_drw has 0 polygons
2026-09-08 00:25:05 +0200: Memory Usage (468924K) : antvia1_drw has 0 polygons
2026-09-08 00:25:05 +0200: Memory Usage (469084K) : antmetal2_drw has 0 polygons
2026-09-08 00:25:05 +0200: Memory Usage (469084K) : graphcont_drw has 0 polygons
2026-09-08 00:25:05 +0200: Memory Usage (469244K) : siwg_drw has 0 polygons
2026-09-08 00:25:05 +0200: Memory Usage (469244K) : siwg_filler has 0 polygons
2026-09-08 00:25:05 +0200: Memory Usage (469404K) : siwg_nofill has 0 polygons
2026-09-08 00:25:05 +0200: Memory Usage (469404K) : sigrating_drw has 0 polygons
2026-09-08 00:25:05 +0200: Memory Usage (469564K) : singrating_drw has 0 polygons
2026-09-08 00:25:05 +0200: Memory Usage (469564K) : graphpas_drw has 0 polygons
2026-09-08 00:25:05 +0200: Memory Usage (469724K) : emwind3_drw has 0 polygons
2026-09-08 00:25:05 +0200: Memory Usage (469724K) : emwihv3_drw has 0 polygons
2026-09-08 00:25:05 +0200: Memory Usage (469884K) : redbulay_drw has 0 polygons
2026-09-08 00:25:05 +0200: Memory Usage (469884K) : smos_drw has 0 polygons
2026-09-08 00:25:05 +0200: Memory Usage (469884K) : graphpad_drw has 0 polygons
2026-09-08 00:25:05 +0200: Memory Usage (470044K) : polimide_drw has 0 polygons
2026-09-08 00:25:05 +0200: Memory Usage (470044K) : polimide_pin has 0 polygons
2026-09-08 00:25:05 +0200: Memory Usage (470204K) : recog_drw has 0 polygons
2026-09-08 00:25:05 +0200: Memory Usage (470204K) : recog_pin has 0 polygons
2026-09-08 00:25:05 +0200: Memory Usage (470364K) : recog_esd has 0 polygons
2026-09-08 00:25:05 +0200: Memory Usage (470364K) : recog_diode has 0 polygons
2026-09-08 00:25:05 +0200: Memory Usage (470524K) : recog_tsv has 0 polygons
2026-09-08 00:25:05 +0200: Memory Usage (470524K) : recog_iprobe has 0 polygons
2026-09-08 00:25:05 +0200: Memory Usage (470684K) : recog_diffprb has 0 polygons
2026-09-08 00:25:05 +0200: Memory Usage (470684K) : recog_pillar has 0 polygons
2026-09-08 00:25:05 +0200: Memory Usage (470844K) : recog_sbump has 0 polygons
2026-09-08 00:25:05 +0200: Memory Usage (470844K) : recog_otp has 0 polygons
2026-09-08 00:25:05 +0200: Memory Usage (471004K) : recog_pdiode has 0 polygons
2026-09-08 00:25:05 +0200: Memory Usage (471004K) : recog_mom has 0 polygons
2026-09-08 00:25:05 +0200: Memory Usage (471164K) : recog_momf has 0 polygons
2026-09-08 00:25:05 +0200: Memory Usage (471164K) : recog_pcm has 0 polygons
2026-09-08 00:25:05 +0200: Memory Usage (471324K) : colopen_drw has 0 polygons
2026-09-08 00:25:05 +0200: Memory Usage (471324K) : graphmetal1_drw has 0 polygons
2026-09-08 00:25:05 +0200: Memory Usage (471324K) : graphmetal1_filler has 0 polygons
2026-09-08 00:25:05 +0200: Memory Usage (471484K) : graphmetal1_nofill has 0 polygons
2026-09-08 00:25:05 +0200: Memory Usage (471484K) : graphmetal1_slit has 0 polygons
2026-09-08 00:25:05 +0200: Memory Usage (471644K) : graphmetal1_OPC has 0 polygons
2026-09-08 00:25:05 +0200: Memory Usage (471644K) : graphmet1l_drw has 0 polygons
2026-09-08 00:25:05 +0200: Memory Usage (471804K) : graphmet1l_filler has 0 polygons
2026-09-08 00:25:05 +0200: Memory Usage (471804K) : graphmet1l_nofill has 0 polygons
2026-09-08 00:25:05 +0200: Memory Usage (471964K) : graphmet1l_slit has 0 polygons
2026-09-08 00:25:05 +0200: Memory Usage (471964K) : graphmet1l_OPC has 0 polygons
2026-09-08 00:25:05 +0200: Memory Usage (472124K) : extblock_drw has 0 polygons
2026-09-08 00:25:05 +0200: Memory Usage (472124K) : nldd_drw has 0 polygons
2026-09-08 00:25:05 +0200: Memory Usage (472284K) : pldd_drw has 0 polygons
2026-09-08 00:25:05 +0200: Memory Usage (472284K) : next_drw has 0 polygons
2026-09-08 00:25:05 +0200: Memory Usage (472444K) : pext_drw has 0 polygons
2026-09-08 00:25:05 +0200: Memory Usage (472444K) : nexthv_drw has 0 polygons
2026-09-08 00:25:05 +0200: Memory Usage (472604K) : pexthv_drw has 0 polygons
2026-09-08 00:25:05 +0200: Memory Usage (472604K) : graphgate_drw has 0 polygons
2026-09-08 00:25:05 +0200: Memory Usage (472764K) : sinwg_drw has 0 polygons
2026-09-08 00:25:05 +0200: Memory Usage (472764K) : sinwg_filler has 0 polygons
2026-09-08 00:25:05 +0200: Memory Usage (472924K) : sinwg_nofill has 0 polygons
2026-09-08 00:25:05 +0200: Memory Usage (472924K) : mempad_drw has 0 polygons
2026-09-08 00:25:05 +0200: Memory Usage (472924K) : topvia1_drw has 0 polygons
2026-09-08 00:25:05 +0200: Memory Usage (473084K) : topmetal1_drw has 0 polygons
2026-09-08 00:25:05 +0200: Memory Usage (473084K) : topmetal1_filler has 0 polygons
2026-09-08 00:25:05 +0200: Memory Usage (473244K) : topmetal1_slit has 0 polygons
2026-09-08 00:25:05 +0200: Memory Usage (473404K) : topmetal1 has 0 polygons
2026-09-08 00:25:05 +0200: Memory Usage (473404K) : topmetal1_pin has 0 polygons
2026-09-08 00:25:05 +0200: Memory Usage (473564K) : topmetal1_mask has 0 polygons
2026-09-08 00:25:05 +0200: Memory Usage (473564K) : topmetal1_nofill has 0 polygons
2026-09-08 00:25:05 +0200: Memory Usage (473724K) : topmetal1_text has 0 polygons
2026-09-08 00:25:05 +0200: Memory Usage (473724K) : topmetal1_noqrc has 0 polygons
2026-09-08 00:25:05 +0200: Memory Usage (473884K) : topmetal1_res has 0 polygons
2026-09-08 00:25:05 +0200: Memory Usage (473884K) : topmetal1_iprobe has 0 polygons
2026-09-08 00:25:05 +0200: Memory Usage (473884K) : topmetal1_diffprb has 0 polygons
2026-09-08 00:25:05 +0200: Memory Usage (474044K) : inldpwl_drw has 0 polygons
2026-09-08 00:25:05 +0200: Memory Usage (474044K) : polyres_drw has 0 polygons
2026-09-08 00:25:05 +0200: Memory Usage (474044K) : polyres_pin has 0 polygons
2026-09-08 00:25:05 +0200: Memory Usage (474204K) : vmim_drw has 0 polygons
2026-09-08 00:25:05 +0200: Memory Usage (474204K) : nbulaycut_drw has 0 polygons
2026-09-08 00:25:05 +0200: Memory Usage (474364K) : antmetal1_drw has 0 polygons
2026-09-08 00:25:05 +0200: Memory Usage (474364K) : topvia2_drw has 0 polygons
2026-09-08 00:25:05 +0200: Memory Usage (474364K) : topmetal2_drw has 0 polygons
2026-09-08 00:25:05 +0200: Memory Usage (474524K) : topmetal2_filler has 0 polygons
2026-09-08 00:25:05 +0200: Memory Usage (474524K) : topmetal2_slit has 0 polygons
2026-09-08 00:25:05 +0200: Memory Usage (474684K) : topmetal2 has 0 polygons
2026-09-08 00:25:05 +0200: Memory Usage (474684K) : topmetal2_pin has 0 polygons
2026-09-08 00:25:05 +0200: Memory Usage (474844K) : topmetal2_mask has 0 polygons
2026-09-08 00:25:05 +0200: Memory Usage (474844K) : topmetal2_nofill has 0 polygons
2026-09-08 00:25:05 +0200: Memory Usage (474844K) : topmetal2_text has 0 polygons
2026-09-08 00:25:05 +0200: Memory Usage (475004K) : topmetal2_noqrc has 0 polygons
2026-09-08 00:25:05 +0200: Memory Usage (475004K) : topmetal2_res has 0 polygons
2026-09-08 00:25:05 +0200: Memory Usage (475004K) : topmetal2_iprobe has 0 polygons
2026-09-08 00:25:05 +0200: Memory Usage (475164K) : topmetal2_diffprb has 0 polygons
2026-09-08 00:25:05 +0200: Memory Usage (475164K) : snsring_drw has 0 polygons
2026-09-08 00:25:05 +0200: Memory Usage (475164K) : sensor_drw has 0 polygons
2026-09-08 00:25:05 +0200: Memory Usage (475324K) : snsarms_drw has 0 polygons
2026-09-08 00:25:05 +0200: Memory Usage (475324K) : snscmosvia_drw has 0 polygons
2026-09-08 00:25:05 +0200: Memory Usage (475484K) : colwind_drw has 0 polygons
2026-09-08 00:25:05 +0200: Memory Usage (475484K) : flm_drw has 0 polygons
2026-09-08 00:25:05 +0200: Memory Usage (475484K) : hafniumox_drw has 0 polygons
2026-09-08 00:25:05 +0200: Memory Usage (475644K) : memvia_drw has 0 polygons
2026-09-08 00:25:05 +0200: Memory Usage (475644K) : thinfilmres_drw has 0 polygons
2026-09-08 00:25:05 +0200: Memory Usage (475804K) : rfmem_drw has 0 polygons
2026-09-08 00:25:05 +0200: Memory Usage (475804K) : norcx_drw has 0 polygons
2026-09-08 00:25:05 +0200: Memory Usage (475804K) : norcx_m2m3 has 0 polygons
2026-09-08 00:25:05 +0200: Memory Usage (475964K) : norcx_m2m4 has 0 polygons
2026-09-08 00:25:05 +0200: Memory Usage (475964K) : norcx_m2m5 has 0 polygons
2026-09-08 00:25:05 +0200: Memory Usage (475964K) : norcx_m2tm1 has 0 polygons
2026-09-08 00:25:05 +0200: Memory Usage (476124K) : norcx_m2tm2 has 0 polygons
2026-09-08 00:25:05 +0200: Memory Usage (476124K) : norcx_m3m4 has 0 polygons
2026-09-08 00:25:05 +0200: Memory Usage (476284K) : norcx_m3m5 has 0 polygons
2026-09-08 00:25:05 +0200: Memory Usage (476284K) : norcx_m3tm1 has 0 polygons
2026-09-08 00:25:05 +0200: Memory Usage (476284K) : norcx_m3tm2 has 0 polygons
2026-09-08 00:25:05 +0200: Memory Usage (476444K) : norcx_m4m5 has 0 polygons
2026-09-08 00:25:05 +0200: Memory Usage (476444K) : norcx_m4tm1 has 0 polygons
2026-09-08 00:25:05 +0200: Memory Usage (476444K) : norcx_m4tm2 has 0 polygons
2026-09-08 00:25:05 +0200: Memory Usage (476604K) : norcx_m5tm1 has 0 polygons
2026-09-08 00:25:05 +0200: Memory Usage (476604K) : norcx_m5tm2 has 0 polygons
2026-09-08 00:25:05 +0200: Memory Usage (476604K) : norcx_tm1tm2 has 0 polygons
2026-09-08 00:25:05 +0200: Memory Usage (476764K) : norcx_m1sub has 0 polygons
2026-09-08 00:25:05 +0200: Memory Usage (476764K) : norcx_m2sub has 0 polygons
2026-09-08 00:25:05 +0200: Memory Usage (476924K) : norcx_m3sub has 0 polygons
2026-09-08 00:25:05 +0200: Memory Usage (476924K) : norcx_m4sub has 0 polygons
2026-09-08 00:25:05 +0200: Memory Usage (476924K) : norcx_m5sub has 0 polygons
2026-09-08 00:25:05 +0200: Memory Usage (477084K) : norcx_tm1sub has 0 polygons
2026-09-08 00:25:05 +0200: Memory Usage (477084K) : norcx_tm2sub has 0 polygons
2026-09-08 00:25:05 +0200: Memory Usage (477084K) : snsbotvia_drw has 0 polygons
2026-09-08 00:25:05 +0200: Memory Usage (477244K) : snstopvia_drw has 0 polygons
2026-09-08 00:25:05 +0200: Memory Usage (477244K) : deepvia_drw has 0 polygons
2026-09-08 00:25:05 +0200: Memory Usage (477404K) : fgetch_drw has 0 polygons
2026-09-08 00:25:05 +0200: Memory Usage (477404K) : ctrgat_drw has 0 polygons
2026-09-08 00:25:05 +0200: Memory Usage (477404K) : fgimp_drw has 0 polygons
2026-09-08 00:25:05 +0200: Memory Usage (477564K) : emwihv_drw has 0 polygons
2026-09-08 00:25:05 +0200: Memory Usage (477564K) : lbe_drw has 0 polygons
2026-09-08 00:25:05 +0200: Memory Usage (477724K) : alcustop_drw has 0 polygons
2026-09-08 00:25:05 +0200: Memory Usage (477724K) : nometfiller_drw has 0 polygons
2026-09-08 00:25:05 +0200: Memory Usage (477724K) : prboundary_drw has 0 polygons
2026-09-08 00:25:05 +0200: Memory Usage (477884K) : exchange0_drw has 0 polygons
2026-09-08 00:25:05 +0200: Memory Usage (477884K) : exchange0_pin has 0 polygons
2026-09-08 00:25:05 +0200: Memory Usage (477884K) : exchange0_text has 0 polygons
2026-09-08 00:25:05 +0200: Memory Usage (478044K) : exchange1_drw has 0 polygons
2026-09-08 00:25:05 +0200: Memory Usage (478044K) : exchange1_pin has 0 polygons
2026-09-08 00:25:05 +0200: Memory Usage (478044K) : exchange1_text has 0 polygons
2026-09-08 00:25:05 +0200: Memory Usage (478204K) : exchange2_drw has 0 polygons
2026-09-08 00:25:05 +0200: Memory Usage (478204K) : exchange2_pin has 0 polygons
2026-09-08 00:25:05 +0200: Memory Usage (478204K) : exchange2_text has 0 polygons
2026-09-08 00:25:05 +0200: Memory Usage (478364K) : exchange3_drw has 0 polygons
2026-09-08 00:25:05 +0200: Memory Usage (478364K) : exchange3_pin has 0 polygons
2026-09-08 00:25:05 +0200: Memory Usage (478524K) : exchange3_text has 0 polygons
2026-09-08 00:25:05 +0200: Memory Usage (478524K) : exchange4_drw has 0 polygons
2026-09-08 00:25:05 +0200: Memory Usage (478524K) : exchange4_pin has 0 polygons
2026-09-08 00:25:05 +0200: Memory Usage (478684K) : exchange4_text has 0 polygons
2026-09-08 00:25:05 +0200: Memory Usage (478684K) : isonwell_drw has 0 polygons
2026-09-08 00:25:05 +0200: Memory Usage (478684K) : Total no. of polygons in the design is 5052
2026-09-08 00:25:05 +0200: Memory Usage (478684K) : Starting base layers derivations
2026-09-08 00:25:05 +0200: Memory Usage (478684K) : Starting general LVS derivations
2026-09-08 00:25:05 +0200: Memory Usage (486332K) : Starting MOSFET DERIVATIONS
2026-09-08 00:25:05 +0200: Memory Usage (487772K) : Starting NMOS DERIVATIONS
2026-09-08 00:25:05 +0200: Memory Usage (487932K) : Starting PMOS DERIVATIONS
2026-09-08 00:25:05 +0200: Memory Usage (488252K) : Starting RF-MOSFET DERIVATIONS
2026-09-08 00:25:05 +0200: Memory Usage (488252K) : Starting RF-NMOS DERIVATIONS
2026-09-08 00:25:05 +0200: Memory Usage (488412K) : Starting RF-PMOS DERIVATIONS
2026-09-08 00:25:05 +0200: Memory Usage (488572K) : Starting BJT DERIVATIONS
2026-09-08 00:25:05 +0200: Memory Usage (488572K) : Starting NPN-BJT DERIVATIONS
2026-09-08 00:25:05 +0200: Memory Usage (489212K) : Starting PNP-BJT DERIVATIONS
2026-09-08 00:25:05 +0200: Memory Usage (489212K) : Starting DIODE DERIVATIONS
2026-09-08 00:25:05 +0200: Memory Usage (489212K) : Starting RESISTOR DERIVATIONS
2026-09-08 00:25:06 +0200: Memory Usage (489212K) : Starting CAP DERIVATIONS
2026-09-08 00:25:06 +0200: Memory Usage (489212K) : Starting CAP_CMOM DERIVATIONS
2026-09-08 00:25:06 +0200: Memory Usage (489212K) : Starting CAP_CMOMF DERIVATIONS
2026-09-08 00:25:06 +0200: Memory Usage (489212K) : Starting ESD DERIVATIONS
2026-09-08 00:25:06 +0200: Memory Usage (489212K) : Starting Inductor DERIVATIONS
2026-09-08 00:25:06 +0200: Memory Usage (490972K) : Starting Taps DERIVATIONS
2026-09-08 00:25:06 +0200: Memory Usage (491164K) : Starting SG13G2 LVS connectivity setup
2026-09-08 00:25:06 +0200: Memory Usage (491164K) : Starting SG13G2 LVS connectivity setup (Inter-layer)
2026-09-08 00:25:06 +0200: Memory Usage (491164K) : Starting SG13G2 LVS connectivity setup (Global)
2026-09-08 00:25:06 +0200: Memory Usage (491164K) : Starting LVS MOSFET CONNECTIONS
2026-09-08 00:25:06 +0200: Memory Usage (491164K) : Starting LVS RF-MOSFET CONNECTIONS
2026-09-08 00:25:06 +0200: Memory Usage (491164K) : Starting LVS BJT CONNECTIONS
2026-09-08 00:25:06 +0200: Memory Usage (491164K) : Starting LVS DIODE CONNECTIONS
2026-09-08 00:25:06 +0200: Memory Usage (491164K) : Starting RESISTOR CONNECTIONS
2026-09-08 00:25:06 +0200: Memory Usage (491164K) : Starting LVS CAP CONNECTIONS
2026-09-08 00:25:06 +0200: Memory Usage (491164K) : Starting CAP_CMOM CONNECTIONS
2026-09-08 00:25:06 +0200: Memory Usage (491164K) : Starting CAP_CMOMF CONNECTIONS
2026-09-08 00:25:06 +0200: Memory Usage (491164K) : Starting ESD CONNECTIONS
2026-09-08 00:25:06 +0200: Memory Usage (491164K) : Starting Inductor CONNECTIONS
2026-09-08 00:25:06 +0200: Memory Usage (491164K) : Starting LVS Taps CONNECTIONS
2026-09-08 00:25:06 +0200: Memory Usage (491164K) : Starting SG13G2 LVS DEVICES EXTRACTION
2026-09-08 00:25:06 +0200: Memory Usage (491164K) : Starting MOSFET EXTRACTION
2026-09-08 00:25:06 +0200: Memory Usage (491164K) : Starting NMOS EXTRACTION
2026-09-08 00:25:06 +0200: Memory Usage (491164K) : Extraction of NMOS-LV transistor
2026-09-08 00:25:06 +0200: Memory Usage (491376K) : Extraction of NMOS-HV transistor
2026-09-08 00:25:06 +0200: Memory Usage (491540K) : Starting PMOS EXTRACTION
2026-09-08 00:25:06 +0200: Memory Usage (491540K) : Extraction of PMOS-LV transistor
2026-09-08 00:25:06 +0200: Memory Usage (491540K) : Extraction of PMOS-HV transistor
2026-09-08 00:25:06 +0200: Memory Usage (491540K) : Starting RF-MOSFET EXTRACTION
2026-09-08 00:25:06 +0200: Memory Usage (491540K) : Extraction of RF-NMOS-LV transistor
2026-09-08 00:25:06 +0200: Memory Usage (491540K) : Extraction of RF-NMOS-HV transistor
2026-09-08 00:25:06 +0200: Memory Usage (491540K) : Extraction of RF-PMOS-LV transistor
2026-09-08 00:25:06 +0200: Memory Usage (491540K) : Extraction of RF-PMOS-HV transistor
2026-09-08 00:25:06 +0200: Memory Usage (491540K) : Starting BJT EXTRACTION
2026-09-08 00:25:06 +0200: Memory Usage (491540K) : Starting NPN-BJT EXTRACTION
2026-09-08 00:25:06 +0200: Memory Usage (491540K) : Extraction of npn13G2 BJT transistor
2026-09-08 00:25:06 +0200: Memory Usage (491540K) : Extraction of npn13G2L BJT transistor
2026-09-08 00:25:06 +0200: Memory Usage (491540K) : Extraction of npn13G2V BJT transistor
2026-09-08 00:25:06 +0200: Memory Usage (491540K) : Starting PNP-BJT EXTRACTION
2026-09-08 00:25:06 +0200: Memory Usage (491540K) : Extracting pnpMPA BJT
2026-09-08 00:25:06 +0200: Memory Usage (491540K) : Starting DIODE EXTRACTION
2026-09-08 00:25:06 +0200: Memory Usage (491540K) : Extracting dantenna diode
2026-09-08 00:25:06 +0200: Memory Usage (491540K) : Extracting dpantenna diode
2026-09-08 00:25:06 +0200: Memory Usage (491540K) : Extracting schottky_nbl1 diode
2026-09-08 00:25:06 +0200: Memory Usage (491540K) : Extracting isolbox diode
2026-09-08 00:25:06 +0200: Memory Usage (491540K) : Starting RESISTOR EXTRACTION
2026-09-08 00:25:06 +0200: Memory Usage (491540K) : Extracting rsil resistor
2026-09-08 00:25:06 +0200: Memory Usage (491540K) : Extracting rppd resistor
2026-09-08 00:25:06 +0200: Memory Usage (491540K) : Extracting rhigh resistor
2026-09-08 00:25:06 +0200: Memory Usage (491540K) : Extracting res_metal1 resistor
2026-09-08 00:25:06 +0200: Memory Usage (491540K) : Extracting res_metal2 resistor
2026-09-08 00:25:06 +0200: Memory Usage (491540K) : Extracting res_metal3 resistor
2026-09-08 00:25:06 +0200: Memory Usage (491540K) : Extracting res_metal4 resistor
2026-09-08 00:25:06 +0200: Memory Usage (491540K) : Extracting res_metal5 resistor
2026-09-08 00:25:06 +0200: Memory Usage (491540K) : Extracting res_topmetal1 resistor
2026-09-08 00:25:06 +0200: Memory Usage (491540K) : Extracting res_topmetal2 resistor
2026-09-08 00:25:06 +0200: Memory Usage (491540K) : Starting CAP EXTRACTION
2026-09-08 00:25:06 +0200: Memory Usage (491540K) : Extracting cap_cmim device
2026-09-08 00:25:06 +0200: Memory Usage (491540K) : Extracting rfcmim device
2026-09-08 00:25:06 +0200: Memory Usage (491540K) : Extracting sg13_hv_svaricap varactor
2026-09-08 00:25:06 +0200: Memory Usage (491540K) : Extracting cap_cmomi device
2026-09-08 00:25:06 +0200: Memory Usage (491540K) : Extracting cap_cmomf device
2026-09-08 00:25:06 +0200: Memory Usage (491540K) : Extracting sg13_moscap_n capacitor
2026-09-08 00:25:06 +0200: Memory Usage (491540K) : Extracting sg13_moscap_p capacitor
2026-09-08 00:25:06 +0200: Memory Usage (491540K) : Starting ESD EXTRACTION
2026-09-08 00:25:06 +0200: Memory Usage (491540K) : Extracting diodevdd_2kv ESD device
2026-09-08 00:25:06 +0200: Memory Usage (491540K) : Extracting diodevdd_4kv ESD device
2026-09-08 00:25:06 +0200: Memory Usage (491540K) : Extracting diodevss_2kv ESD device
2026-09-08 00:25:06 +0200: Memory Usage (491540K) : Extracting diodevss_4kv ESD device
2026-09-08 00:25:06 +0200: Memory Usage (491540K) : Extracting idiodevdd_2kv ESD device
2026-09-08 00:25:06 +0200: Memory Usage (491540K) : Extracting idiodevdd_4kv ESD device
2026-09-08 00:25:06 +0200: Memory Usage (491540K) : Extracting idiodevss_2kv ESD device
2026-09-08 00:25:06 +0200: Memory Usage (491540K) : Extracting idiodevss_4kv ESD device
2026-09-08 00:25:06 +0200: Memory Usage (491540K) : Extracting nmoscl_2 ESD device
2026-09-08 00:25:06 +0200: Memory Usage (491540K) : Extracting nmoscl_4 ESD device
2026-09-08 00:25:06 +0200: Memory Usage (491540K) : Starting Inductor EXTRACTION
2026-09-08 00:25:06 +0200: Memory Usage (491540K) : Extracting Inductor2 device
2026-09-08 00:25:06 +0200: Memory Usage (491540K) : Extracting Inductor3 device
2026-09-08 00:25:06 +0200: Memory Usage (491540K) : Starting Taps EXTRACTION
2026-09-08 00:25:06 +0200: Memory Usage (491540K) : Extracting ntap1 device
2026-09-08 00:25:06 +0200: Memory Usage (491540K) : Extracting ptap1 device
2026-09-08 00:25:06 +0200: Memory Usage (491540K) : Starting SG13G2 LVS RF MOS Model Mapping
2026-09-08 00:25:06 +0200: Memory Usage (491540K) : [layout_netlist] Apply RF MOS model mapping and rfmode parameter.
2026-09-08 00:25:06 +0200: Memory Usage (491540K) : Starting SG13G2 LVS Options Preparations
2026-09-08 00:25:06 +0200: Memory Usage (491540K) : SG13G2 LVS flow: extraction -> alignment -> option preparation -> comparison.
2026-09-08 00:25:06 +0200: Memory Usage (491540K) : Starting SG13G2 LVS Alignment
2026-09-08 00:25:06 +0200: Memory Usage (491716K) : Starting SG13G2 LVS Simplification
2026-09-08 00:25:06 +0200: Memory Usage (491716K) : [layout_netlist] simplify: SKIPPED
2026-09-08 00:25:06 +0200: Memory Usage (491716K) : [layout_netlist] make_top_level_pins: ENABLED
2026-09-08 00:25:06 +0200: Memory Usage (491716K) : [layout_netlist] combine_devices: SKIPPED
2026-09-08 00:25:06 +0200: Memory Usage (491716K) : [layout_netlist] purge: SKIPPED
2026-09-08 00:25:06 +0200: Memory Usage (491716K) : [layout_netlist] purge_nets: SKIPPED
2026-09-08 00:25:06 +0200: Memory Usage (491716K) : [schematic_netlist] simplify: SKIPPED
2026-09-08 00:25:06 +0200: Memory Usage (491716K) : [schematic_netlist] make_top_level_pins: ENABLED
2026-09-08 00:25:06 +0200: Memory Usage (491716K) : [schematic_netlist] combine_devices: SKIPPED
2026-09-08 00:25:06 +0200: Memory Usage (491716K) : [schematic_netlist] purge: SKIPPED
2026-09-08 00:25:06 +0200: Memory Usage (491716K) : [schematic_netlist] purge_nets: SKIPPED
2026-09-08 00:25:06 +0200: Memory Usage (491716K) : Starting SG13G2 LVS Comparison in strict port mode.
2026-09-08 00:25:06 +0200: Memory Usage (491716K) : flag_missing_ports enabled: missing/mislabeled top-level ports are treated as errors.
2026-09-08 00:25:06 +0200: Memory Usage (491896K) : ==========================================
2026-09-08 00:25:06 +0200: Memory Usage (491896K) : INFO : Congratulations! Netlists match.
2026-09-08 00:25:06 +0200: Memory Usage (491896K) : ==========================================
2026-09-08 00:25:06 +0200: Memory Usage (491896K) : LVS Total Run time 1.071427 seconds
klayout LVS succeeded after 2.916s
Unable to find info about extracted LVS layer 'cont_drw'
(19, 0) -> (via1_drw)
(29, 0) -> (via2_drw)
(31, 0) -> (nwell_drw)
(49, 0) -> (via3_drw)
(46, 0) -> (pwell pwell_sub)
(5, 0) -> (poly_con)
(8, 0) -> (metal1_con)
(10, 0) -> (metal2_con)
(30, 0) -> (metal3_con)
(50, 0) -> (metal4_con)
(7, 0) -> (nsd_fet)
(14, 0) -> (psd_fet)
(65, 144) -> (ntap)
(65, 244) -> (ptap)
(8, 2) -> (metal1_pin_con)
(5, 2) -> (poly_pin_con)
(6, 4403) -> (cont_poly_con)
(6, 4401) -> (cont_nsd_con)
(6, 4402) -> (cont_psd_con)
Device;Net1;Net2;Capacitance [fF];Resistance [Ω]
C1;$122;$68;0.004;
C2;$122;enable;0.05;
C3;$122;s0;0.121;
C4;$122;s10;0.021;
C5;$122;vbn;0.0;
C6;$122;vbp;0.03;
C7;$122;VGND;0.003;
C8;$122;VPWR;0.166;
C9;$122;VSUBS;0.141;
C10;$124;s0;0.015;
C11;$124;s1;0.055;
C12;$124;s10;0.005;
C13;$124;vbn;0.0;
C14;$124;vbp;0.026;
C15;$124;VGND;0.001;
C16;$124;VPWR;0.07;
C17;$124;VSUBS;0.071;
C18;$125;s1;0.015;
C19;$125;s10;0.005;
C20;$125;s2;0.055;
C21;$125;vbn;0.0;
C22;$125;vbp;0.026;
C23;$125;VGND;0.001;
C24;$125;VPWR;0.07;
C25;$125;VSUBS;0.071;
C26;$126;s10;0.005;
C27;$126;s2;0.015;
C28;$126;s3;0.055;
C29;$126;vbn;0.0;
C30;$126;vbp;0.026;
C31;$126;VGND;0.001;
C32;$126;VPWR;0.071;
C33;$126;VSUBS;0.071;
C34;$127;s10;0.005;
C35;$127;s3;0.015;
C36;$127;s4;0.055;
C37;$127;vbn;0.0;
C38;$127;vbp;0.026;
C39;$127;VGND;0.001;
C40;$127;VPWR;0.07;
C41;$127;VSUBS;0.071;
C42;$128;s10;0.005;
C43;$128;s5;0.015;
C44;$128;s6;0.055;
C45;$128;vbn;0.0;
C46;$128;vbp;0.026;
C47;$128;VGND;0.001;
C48;$128;VPWR;0.07;
C49;$128;VSUBS;0.071;
C50;$129;s10;0.005;
C51;$129;s4;0.015;
C52;$129;s5;0.055;
C53;$129;vbn;0.0;
C54;$129;vbp;0.026;
C55;$129;VGND;0.001;
C56;$129;VPWR;0.07;
C57;$129;VSUBS;0.071;
C58;$130;s10;0.005;
C59;$130;s6;0.015;
C60;$130;s7;0.055;
C61;$130;vbn;0.0;
C62;$130;vbp;0.026;
C63;$130;VGND;0.001;
C64;$130;VPWR;0.07;
C65;$130;VSUBS;0.071;
C66;$131;s10;0.005;
C67;$131;s7;0.015;
C68;$131;s8;0.055;
C69;$131;vbn;0.0;
C70;$131;vbp;0.026;
C71;$131;VGND;0.001;
C72;$131;VPWR;0.07;
C73;$131;VSUBS;0.071;
C74;$132;s10;0.005;
C75;$132;s8;0.015;
C76;$132;s9;0.055;
C77;$132;vbn;0.0;
C78;$132;vbp;0.026;
C79;$132;VGND;0.001;
C80;$132;VPWR;0.07;
C81;$132;VSUBS;0.071;
C82;$133;s10;0.06;
C83;$133;s9;0.015;
C84;$133;vbp;0.026;
C85;$133;VGND;0.001;
C86;$133;VPWR;0.073;
C87;$133;VSUBS;0.071;
C88;$67;s10;0.039;
C89;$67;s9;0.023;
C90;$67;vbn;0.013;
C91;$67;vbp;0.018;
C92;$67;VGND;0.082;
C93;$67;VSUBS;0.033;
C94;$68;$I1005;0.065;
C95;$68;enable;0.009;
C96;$68;vbn;0.016;
C97;$68;vbp;0.0;
C98;$68;VGND;0.086;
C99;$68;VPWR;0.0;
C100;$68;VSUBS;0.049;
C101;$69;s8;0.023;
C102;$69;s9;0.039;
C103;$69;vbn;0.014;
C104;$69;vbp;0.0;
C105;$69;VGND;0.083;
C106;$69;VSUBS;0.033;
C107;$70;s7;0.023;
C108;$70;s8;0.039;
C109;$70;vbn;0.014;
C110;$70;VGND;0.083;
C111;$70;VSUBS;0.033;
C112;$71;s0;0.023;
C113;$71;s1;0.039;
C114;$71;vbn;0.014;
C115;$71;VGND;0.083;
C116;$71;VSUBS;0.033;
C117;$72;s6;0.022;
C118;$72;s7;0.039;
C119;$72;vbn;0.014;
C120;$72;VGND;0.084;
C121;$72;VSUBS;0.033;
C122;$73;s5;0.023;
C123;$73;s6;0.039;
C124;$73;vbn;0.014;
C125;$73;VGND;0.083;
C126;$73;VSUBS;0.033;
C127;$74;s4;0.023;
C128;$74;s5;0.039;
C129;$74;vbn;0.014;
C130;$74;VGND;0.083;
C131;$74;VSUBS;0.033;
C132;$75;s1;0.023;
C133;$75;s2;0.039;
C134;$75;vbn;0.014;
C135;$75;VGND;0.083;
C136;$75;VSUBS;0.033;
C137;$76;s3;0.023;
C138;$76;s4;0.039;
C139;$76;vbn;0.014;
C140;$76;VGND;0.083;
C141;$76;VSUBS;0.033;
C142;$77;s2;0.023;
C143;$77;s3;0.039;
C144;$77;vbn;0.014;
C145;$77;VGND;0.085;
C146;$77;VSUBS;0.033;
C147;$I1005;enable;0.006;
C148;$I1005;s0;0.064;
C149;$I1005;s10;0.006;
C150;$I1005;vbn;0.001;
C151;$I1005;VGND;0.015;
C152;$I1005;VPWR;0.0;
C153;$I1005;VSUBS;0.012;
C154;b1;clk_out;0.214;
C155;b1;s10;0.275;
C156;b1;vbp;0.009;
C157;clk_out;s10;0.002;
C158;clk_out;s8;0.0;
C159;clk_out;s9;0.0;
C160;clk_out;vbn;0.001;
C161;clk_out;vbp;0.008;
C162;code[0];code[1];3.816;
C163;code[0];code[2];0.035;
C164;code[0];code[3];0.035;
C165;code[0];code[4];0.07;
C166;code[0];code[5];0.139;
C167;code[0];code[6];0.278;
C168;code[0];code[7];0.556;
C169;code[0];enable;0.013;
C170;code[0];vbp;0.426;
C171;code[1];code[2];3.376;
C172;code[1];code[3];0.018;
C173;code[1];code[4];0.037;
C174;code[1];code[5];0.073;
C175;code[1];code[6];0.146;
C176;code[1];code[7];0.294;
C177;code[1];enable;0.022;
C178;code[1];vbp;0.699;
C179;code[2];code[3];5.499;
C180;code[2];code[4];0.036;
C181;code[2];code[5];0.073;
C182;code[2];code[6];0.145;
C183;code[2];code[7];0.292;
C184;code[2];enable;0.006;
C185;code[2];vbn;0.014;
C186;code[2];vbp;1.425;
C187;code[3];code[4];4.525;
C188;code[3];code[5];0.073;
C189;code[3];code[6];0.145;
C190;code[3];code[7];0.292;
C191;code[3];enable;0.02;
C192;code[3];s0;0.001;
C193;code[3];s1;0.001;
C194;code[3];s10;0.0;
C195;code[3];s2;0.001;
C196;code[3];s3;0.001;
C197;code[3];s4;0.001;
C198;code[3];s5;0.001;
C199;code[3];s6;0.001;
C200;code[3];s7;0.001;
C201;code[3];s8;0.001;
C202;code[3];s9;0.0;
C203;code[3];vbn;0.038;
C204;code[3];vbp;2.827;
C205;code[4];code[5];4.412;
C206;code[4];code[6];0.145;
C207;code[4];code[7];0.292;
C208;code[4];enable;0.032;
C209;code[4];vbp;5.581;
C210;code[5];code[6];4.172;
C211;code[5];code[7];0.292;
C212;code[5];enable;0.088;
C213;code[5];vbp;11.163;
C214;code[6];code[7];3.676;
C215;code[6];enable;0.279;
C216;code[6];vbp;22.326;
C217;code[7];enable;1.629;
C218;code[7];vbp;44.629;
C219;enable;s0;0.093;
C220;enable;s10;0.193;
C221;enable;vbn;0.068;
C222;enable;vbp;2.488;
C223;s0;s1;0.136;
C224;s0;s10;0.124;
C225;s0;vbn;0.23;
C226;s0;vbp;0.109;
C227;s1;s10;0.032;
C228;s1;s2;0.143;
C229;s1;vbn;0.216;
C230;s1;vbp;0.121;
C231;s10;s2;0.028;
C232;s10;s3;0.028;
C233;s10;s4;0.028;
C234;s10;s5;0.028;
C235;s10;s6;0.028;
C236;s10;s7;0.028;
C237;s10;s8;0.028;
C238;s10;s9;0.23;
C239;s10;vbn;0.048;
C240;s10;vbp;3.758;
C241;s2;s3;0.143;
C242;s2;vbn;0.216;
C243;s2;vbp;0.121;
C244;s3;s4;0.143;
C245;s3;vbn;0.216;
C246;s3;vbp;0.121;
C247;s4;s5;0.143;
C248;s4;vbn;0.216;
C249;s4;vbp;0.121;
C250;s5;s6;0.143;
C251;s5;vbn;0.216;
C252;s5;vbp;0.121;
C253;s6;s7;0.143;
C254;s6;vbn;0.216;
C255;s6;vbp;0.121;
C256;s7;s8;0.143;
C257;s7;vbn;0.216;
C258;s7;vbp;0.122;
C259;s8;s9;0.143;
C260;s8;vbn;0.216;
C261;s8;vbp;0.124;
C262;s9;vbn;0.173;
C263;s9;vbp;0.141;
C264;vbn;vbp;7.735;
C265;VGND;b1;0.161;
C266;VGND;clk_out;0.407;
C267;VGND;code[0];1.16;
C268;VGND;code[1];0.978;
C269;VGND;code[2];1.475;
C270;VGND;code[3];2.76;
C271;VGND;code[4];5.116;
C272;VGND;code[5];9.673;
C273;VGND;code[6];18.919;
C274;VGND;code[7];37.912;
C275;VGND;enable;0.455;
C276;VGND;s0;0.097;
C277;VGND;s1;0.091;
C278;VGND;s10;0.107;
C279;VGND;s2;0.093;
C280;VGND;s3;0.091;
C281;VGND;s4;0.091;
C282;VGND;s5;0.091;
C283;VGND;s6;0.097;
C284;VGND;s7;0.1;
C285;VGND;s8;0.091;
C286;VGND;s9;0.088;
C287;VGND;vbn;1.242;
C288;VGND;vbp;95.45;
C289;VGND;VPWR;3.241;
C290;VGND;VSUBS;68.448;
C291;VPWR;b1;0.126;
C292;VPWR;clk_out;0.25;
C293;VPWR;code[0];0.06;
C294;VPWR;code[1];0.04;
C295;VPWR;code[2];0.002;
C296;VPWR;enable;0.655;
C297;VPWR;s0;0.015;
C298;VPWR;s1;0.048;
C299;VPWR;s10;0.296;
C300;VPWR;s2;0.048;
C301;VPWR;s3;0.048;
C302;VPWR;s4;0.048;
C303;VPWR;s5;0.048;
C304;VPWR;s6;0.051;
C305;VPWR;s7;0.051;
C306;VPWR;s8;0.048;
C307;VPWR;s9;0.048;
C308;VPWR;vbn;0.154;
C309;VPWR;vbp;5.245;
C310;VPWR;VSUBS;18.745;
C311;VSUBS;b1;0.857;
C312;VSUBS;clk_out;0.679;
C313;VSUBS;code[0];1.93;
C314;VSUBS;code[1];2.739;
C315;VSUBS;code[2];4.586;
C316;VSUBS;code[3];9.089;
C317;VSUBS;code[4];15.164;
C318;VSUBS;code[5];29.872;
C319;VSUBS;code[6];59.372;
C320;VSUBS;code[7];120.135;
C321;VSUBS;enable;4.8;
C322;VSUBS;s0;0.76;
C323;VSUBS;s1;0.739;
C324;VSUBS;s10;1.832;
C325;VSUBS;s2;0.736;
C326;VSUBS;s3;0.736;
C327;VSUBS;s4;0.736;
C328;VSUBS;s5;0.736;
C329;VSUBS;s6;0.736;
C330;VSUBS;s7;0.736;
C331;VSUBS;s8;0.736;
C332;VSUBS;s9;0.733;
C333;VSUBS;vbn;5.413;
C334;VSUBS;vbp;33.004;
/work/analog/out/pex/tt_analog_ring__tt_analog_ring/tt_analog_ring_k25d_pex_netlist.csv
Wrote expanded netlist to: /work/analog/out/pex/tt_analog_ring__tt_analog_ring/tt_analog_ring_k25d_pex_netlist.spice
Copied expanded SPICE netlist to: /work/analog/out/pex/tt_analog_ring_pex.spice
