
Note: Compatibility modes selected: hs a


Circuit: * tt_analog_ring, code 255

Doing analysis at TEMP = -40.000000 and TNOM = 27.000000

Using SPARSE 1.3 as Direct Linear Solver
 Reference value :  0.00000e+00
No. of Data Rows : 1
idd_dis=0.000740056 vbp=0.425818 vbn=0.607913 clk_dis=1.2
Doing analysis at TEMP = -40.000000 and TNOM = 27.000000

Using SPARSE 1.3 as Direct Linear Solver

Initial Transient Solution
--------------------------

Node                                   Voltage
----                                   -------
vpwr                                       1.2
code[0]                                    1.2
code[1]                                    1.2
code[2]                                    1.2
code[3]                                    1.2
code[4]                                    1.2
code[5]                                    1.2
code[6]                                    1.2
code[7]                                    1.2
enable                                       0
xdut.vbp                              0.425818
clk_out                                    1.2
xdut.b1                             5.8108e-08
xdut.s3                             1.0966e-07
xdut.s2                                    1.2
xdut.n_126                                 1.2
xdut.s1                             1.0966e-07
xdut.n_125                                 1.2
xdut.s10                                   1.2
xdut.s6                                    1.2
xdut.s5                             1.0966e-07
xdut.n_128                                 1.2
xdut.s9                             1.0966e-07
xdut.n_133                                 1.2
xdut.s4                                    1.2
xdut.n_129                                 1.2
xdut.s8                                    1.2
xdut.n_132                                 1.2
xdut.s7                             1.0966e-07
xdut.n_130                                 1.2
xdut.n_127                                 1.2
xdut.n_131                                 1.2
xdut.s0                                    1.2
xdut.n_124                                 1.2
xdut.n_71                          9.08625e-08
xdut.n_72                          9.08625e-08
xdut.n_70                          1.05282e-08
xdut.n_77                          9.08625e-08
xdut.n_75                          1.05282e-08
xdut.n_73                          1.05282e-08
xdut.n_67                          1.05282e-08
xdut.n_76                          1.05282e-08
xdut.n_69                          9.08625e-08
xdut.n_74                          9.08625e-08
xdut.n_122                                 1.2
xdut.n_i1005                          0.980266
xdut.n_68                          1.13599e-08
xdut.vbn                              0.607913
ven#branch                         4.75585e-12
vc7#branch                        -3.84429e-08
vc6#branch                        -1.92214e-08
vc5#branch                        -9.61071e-09
vc4#branch                        -4.80536e-09
vc3#branch                        -2.40268e-09
vc2#branch                        -1.20134e-09
vc1#branch                         -6.0067e-10
vc0#branch                        -3.00335e-10
vdd#branch                        -0.000740056

 Reference value :  0.00000e+00
 Reference value :  1.37668e-09
 Reference value :  3.06340e-09
 Reference value :  4.75012e-09
 Reference value :  6.43684e-09
 Reference value :  8.12356e-09
 Reference value :  9.77012e-09
 Reference value :  1.14167e-08
 Reference value :  1.24512e-08
 Reference value :  1.33749e-08
 Reference value :  1.42986e-08
 Reference value :  1.53026e-08
 Reference value :  1.62262e-08
 Reference value :  1.71901e-08
 Reference value :  1.81539e-08
 Reference value :  1.90776e-08
 Reference value :  2.01218e-08
 Reference value :  2.10856e-08
 Reference value :  2.20494e-08
 Reference value :  2.30936e-08
 Reference value :  2.40173e-08
 Reference value :  2.49811e-08
 Reference value :  2.59450e-08
 Reference value :  2.68686e-08
 Reference value :  2.79128e-08
 Reference value :  2.87963e-08
 Reference value :  2.96798e-08
 Reference value :  3.06838e-08
 Reference value :  3.16075e-08
 Reference value :  3.25312e-08
 Reference value :  3.36155e-08
 Reference value :  3.45794e-08
 Reference value :  3.55834e-08
 Reference value :  3.65472e-08
 Reference value :  3.75110e-08
 Reference value :  3.85552e-08
 Reference value :  3.95190e-08
 Reference value :  4.04829e-08
 Reference value :  4.14869e-08
 Reference value :  4.24106e-08
 Reference value :  4.34146e-08
 Reference value :  4.43382e-08
 Reference value :  4.52619e-08
 Reference value :  4.63061e-08
 Reference value :  4.72699e-08
 Reference value :  4.82338e-08
 Reference value :  4.92378e-08
 Reference value :  5.01213e-08
 Reference value :  5.10851e-08
 Reference value :  5.20490e-08
 Reference value :  5.29726e-08
 Reference value :  5.40168e-08
 Reference value :  5.49405e-08
 Reference value :  5.58642e-08
 Reference value :  5.68682e-08
 Reference value :  5.77918e-08
 Reference value :  5.86754e-08
 Reference value :  5.96794e-08
 Reference value :  6.06030e-08
 Reference value :  6.16070e-08
 Reference value :  6.25709e-08
 Reference value :  6.35347e-08
 Reference value :  6.45789e-08
 Reference value :  6.55026e-08
 Reference value :  6.64664e-08
 Reference value :  6.74704e-08
 Reference value :  6.83941e-08
 Reference value :  6.93178e-08
 Reference value :  7.02414e-08
 Reference value :  7.11651e-08
 Reference value :  7.21290e-08
 Reference value :  7.30928e-08
 Reference value :  7.39763e-08
 Reference value :  7.49402e-08
 Reference value :  7.57032e-08
 Reference value :  7.66269e-08
 Reference value :  7.76710e-08
 Reference value :  7.85947e-08
 Reference value :  7.95184e-08
 Reference value :  8.05224e-08
 Reference value :  8.14461e-08
 Reference value :  8.24501e-08
 Reference value :  8.34139e-08
 Reference value :  8.43376e-08
 Reference value :  8.53818e-08
 Reference value :  8.63456e-08
 Reference value :  8.73094e-08
 Reference value :  8.83134e-08
 Reference value :  8.92371e-08
 Reference value :  9.02010e-08
 Reference value :  9.11648e-08
 Reference value :  9.20483e-08
 Reference value :  9.29318e-08
 Reference value :  9.37350e-08
 Reference value :  9.45382e-08
 Reference value :  9.53816e-08
 Reference value :  9.62250e-08
 Reference value :  9.70282e-08
 Reference value :  9.78715e-08
 Reference value :  9.87550e-08
 Reference value :  9.95582e-08
 Reference value :  1.00361e-07
 Reference value :  1.01365e-07
 Reference value :  1.02289e-07
 Reference value :  1.03253e-07
 Reference value :  1.04136e-07
 Reference value :  1.04900e-07
 Reference value :  1.05743e-07
 Reference value :  1.06626e-07
 Reference value :  1.07470e-07
 Reference value :  1.08353e-07
 Reference value :  1.09197e-07
 Reference value :  1.10000e-07
 Reference value :  1.10843e-07
 Reference value :  1.11767e-07
 Reference value :  1.12650e-07
 Reference value :  1.13574e-07
 Reference value :  1.14458e-07
 Reference value :  1.15341e-07
 Reference value :  1.16265e-07
 Reference value :  1.17188e-07
 Reference value :  1.18072e-07
 Reference value :  1.18996e-07
 Reference value :  1.19879e-07
 Reference value :  1.20723e-07
 Reference value :  1.21646e-07
 Reference value :  1.22530e-07
 Reference value :  1.23413e-07
 Reference value :  1.24377e-07
 Reference value :  1.25220e-07
 Reference value :  1.26024e-07
 Reference value :  1.26988e-07
 Reference value :  1.27871e-07
 Reference value :  1.28714e-07
 Reference value :  1.29638e-07
 Reference value :  1.30481e-07
 Reference value :  1.31325e-07
 Reference value :  1.32329e-07
 Reference value :  1.33212e-07
 Reference value :  1.34096e-07
 Reference value :  1.35060e-07
 Reference value :  1.35903e-07
 Reference value :  1.36706e-07
 Reference value :  1.37630e-07
 Reference value :  1.38433e-07
 Reference value :  1.39236e-07
 Reference value :  1.40200e-07
 Reference value :  1.41084e-07
 Reference value :  1.41967e-07
 Reference value :  1.42891e-07
 Reference value :  1.43694e-07
 Reference value :  1.44497e-07
 Reference value :  1.45421e-07
 Reference value :  1.46224e-07
 Reference value :  1.47027e-07
 Reference value :  1.47951e-07
 Reference value :  1.48754e-07
 Reference value :  1.49557e-07
 Reference value :  1.50481e-07
 Reference value :  1.51324e-07
 Reference value :  1.52168e-07
 Reference value :  1.53172e-07
 Reference value :  1.54015e-07
 Reference value :  1.54859e-07
 Reference value :  1.55742e-07
 Reference value :  1.56545e-07
 Reference value :  1.57348e-07
 Reference value :  1.58232e-07
 Reference value :  1.59035e-07
 Reference value :  1.59919e-07
 Reference value :  1.60963e-07
 Reference value :  1.61887e-07
 Reference value :  1.62810e-07
 Reference value :  1.63814e-07
 Reference value :  1.64738e-07
 Reference value :  1.65662e-07
 Reference value :  1.66625e-07
 Reference value :  1.67469e-07
 Reference value :  1.68232e-07
 Reference value :  1.69115e-07
 Reference value :  1.69919e-07
 Reference value :  1.70682e-07
 Reference value :  1.71605e-07
 Reference value :  1.72408e-07
 Reference value :  1.73212e-07
 Reference value :  1.74135e-07
 Reference value :  1.74939e-07
 Reference value :  1.75862e-07
 Reference value :  1.76906e-07
 Reference value :  1.77830e-07
 Reference value :  1.78794e-07
 Reference value :  1.79758e-07
 Reference value :  1.80681e-07
 Reference value :  1.81685e-07
 Reference value :  1.82569e-07
 Reference value :  1.83332e-07
 Reference value :  1.84216e-07
 Reference value :  1.85019e-07
 Reference value :  1.85822e-07
 Reference value :  1.86705e-07
 Reference value :  1.87509e-07
 Reference value :  1.88312e-07
 Reference value :  1.89155e-07
 Reference value :  1.90039e-07
 Reference value :  1.90962e-07
 Reference value :  1.91966e-07
 Reference value :  1.92930e-07
 Reference value :  1.93814e-07
 Reference value :  1.94818e-07
 Reference value :  1.95701e-07
 Reference value :  1.96625e-07
 Reference value :  1.97669e-07
 Reference value :  1.98593e-07
 Reference value :  1.99436e-07
 Reference value :  2.00360e-07
 Reference value :  2.01123e-07
 Reference value :  2.01926e-07
 Reference value :  2.02810e-07
 Reference value :  2.03613e-07
 Reference value :  2.04376e-07
 Reference value :  2.05300e-07
 Reference value :  2.06103e-07
 Reference value :  2.06946e-07
 Reference value :  2.07789e-07
 Reference value :  2.08633e-07
 Reference value :  2.09476e-07
 Reference value :  2.10400e-07
 Reference value :  2.11243e-07
 Reference value :  2.12087e-07
 Reference value :  2.13091e-07
 Reference value :  2.14014e-07
 Reference value :  2.14938e-07
 Reference value :  2.15942e-07
 Reference value :  2.16866e-07
 Reference value :  2.17829e-07
 Reference value :  2.18833e-07
 Reference value :  2.19757e-07
 Reference value :  2.20801e-07
 Reference value :  2.21645e-07
 Reference value :  2.22488e-07
 Reference value :  2.23372e-07
 Reference value :  2.24175e-07
 Reference value :  2.24978e-07
 Reference value :  2.25861e-07
 Reference value :  2.26705e-07
 Reference value :  2.27548e-07
 Reference value :  2.28432e-07
 Reference value :  2.29315e-07
 Reference value :  2.30199e-07
 Reference value :  2.31243e-07
 Reference value :  2.32167e-07
 Reference value :  2.33090e-07
 Reference value :  2.34134e-07
 Reference value :  2.35098e-07
 Reference value :  2.36102e-07
 Reference value :  2.37106e-07
 Reference value :  2.38070e-07
 Reference value :  2.39154e-07
 Reference value :  2.40118e-07
No. of Data Rows : 6014
vhold_min           =  1.20000e+00 at=  6.42560e-12
tfirst              =  1.50619e-08
t1                  =  1.47979e-07
t2                  =  1.53191e-07
t3                  =  1.58405e-07
t4                  =  1.63617e-07
t5                  =  1.68828e-07
t6                  =  1.74040e-07
t7                  =  1.79253e-07
t8                  =  1.84466e-07
t9                  =  1.89677e-07
t10                 =  1.94888e-07
t11                 =  2.00101e-07
t12                 =  2.05314e-07
idd_run             =  -7.60096e-04 from=  1.44600e-07 to=  2.41000e-07
vmax                =  1.21244e+00 at=  2.39034e-07
vmin                =  -9.00218e-03 at=  1.68674e-07
Note: Simulation executed from .control section 
Warning: m=xx on .subckt line will override multiplier m hierarchy!

Note: Starting dynamic gmin stepping
Note: Dynamic gmin stepping completed
Note: Starting dynamic gmin stepping
Note: Dynamic gmin stepping completed
