
Note: No compatibility mode selected!


Circuit: * tt_analog_ring, code 128

Doing analysis at TEMP = 27.000000 and TNOM = 27.000000

Using SPARSE 1.3 as Direct Linear Solver
 Reference value :  0.00000e+00
No. of Data Rows : 1
idd_dis=0.000330016 vbp=0.556584 vbn=0.506053 clk_dis=1.2
Doing analysis at TEMP = 27.000000 and TNOM = 27.000000

Using SPARSE 1.3 as Direct Linear Solver

Initial Transient Solution
--------------------------

Node                                   Voltage
----                                   -------
vpwr                                       1.2
code[0]                                      0
code[1]                                      0
code[2]                                      0
code[3]                                      0
code[4]                                      0
code[5]                                      0
code[6]                                      0
code[7]                                    1.2
enable                                       0
xdut.vbp                              0.556584
xdut.vbn                              0.506053
xdut.n0                            1.48247e-07
xdut.p0                                    1.2
xdut.na0                                1.0425
xdut.s0                                    1.2
xdut.s10                                   1.2
xdut.n1                            5.37522e-07
xdut.p1                                    1.2
xdut.s1                            6.23347e-07
xdut.n2                            8.14517e-08
xdut.p2                                    1.2
xdut.s2                                    1.2
xdut.n3                            6.41204e-07
xdut.p3                                    1.2
xdut.s3                            7.29893e-07
xdut.n4                            7.33434e-08
xdut.p4                                    1.2
xdut.s4                                    1.2
xdut.n5                            5.89067e-07
xdut.p5                                    1.2
xdut.s5                            6.79533e-07
xdut.n6                             1.1494e-07
xdut.p6                                    1.2
xdut.s6                                    1.2
xdut.n7                            5.17695e-07
xdut.p7                                    1.2
xdut.s7                            5.91494e-07
xdut.n8                            1.65185e-07
xdut.p8                                    1.2
xdut.s8                                    1.2
xdut.n9                            7.96553e-07
xdut.p9                                    1.2
xdut.s9                            9.23524e-07
xdut.n10                           6.41722e-08
xdut.p10                                   1.2
xdut.b1                            1.54253e-07
clk_out                                    1.2
ven#branch                         7.26768e-12
vc7#branch                        -5.85671e-08
vc6#branch                         8.60452e-13
vc5#branch                         4.30976e-13
vc4#branch                          2.1401e-13
vc3#branch                          1.0753e-13
vc2#branch                         5.41203e-14
vc1#branch                         2.69555e-14
vc0#branch                         1.36835e-14
vdd#branch                        -0.000330016

 Reference value :  0.00000e+00
 Reference value :  9.96161e-10
 Reference value :  2.19970e-09
 Reference value :  3.37238e-09
 Reference value :  4.57592e-09
 Reference value :  5.81032e-09
 Reference value :  7.01386e-09
 Reference value :  8.24826e-09
 Reference value :  9.30529e-09
 Reference value :  9.89905e-09
 Reference value :  1.05471e-08
 Reference value :  1.12260e-08
 Reference value :  1.19667e-08
 Reference value :  1.26147e-08
 Reference value :  1.32937e-08
 Reference value :  1.40034e-08
 Reference value :  1.47132e-08
 Reference value :  1.53613e-08
 Reference value :  1.60093e-08
 Reference value :  1.67500e-08
 Reference value :  1.74289e-08
 Reference value :  1.80770e-08
 Reference value :  1.87559e-08
 Reference value :  1.94039e-08
 Reference value :  2.00211e-08
 Reference value :  2.07001e-08
 Reference value :  2.14407e-08
 Reference value :  2.20888e-08
 Reference value :  2.27368e-08
 Reference value :  2.34157e-08
 Reference value :  2.40638e-08
 Reference value :  2.47427e-08
 Reference value :  2.54525e-08
 Reference value :  2.61314e-08
 Reference value :  2.67795e-08
 Reference value :  2.74275e-08
 Reference value :  2.81065e-08
 Reference value :  2.87545e-08
 Reference value :  2.94026e-08
 Reference value :  3.01741e-08
 Reference value :  3.08221e-08
 Reference value :  3.14702e-08
 Reference value :  3.21183e-08
 Reference value :  3.27972e-08
 Reference value :  3.34761e-08
 Reference value :  3.41241e-08
 Reference value :  3.48956e-08
 Reference value :  3.55437e-08
 Reference value :  3.61918e-08
 Reference value :  3.69015e-08
 Reference value :  3.75805e-08
 Reference value :  3.82285e-08
 Reference value :  3.89383e-08
 Reference value :  3.96172e-08
 Reference value :  4.02653e-08
 Reference value :  4.09133e-08
 Reference value :  4.16231e-08
 Reference value :  4.22712e-08
 Reference value :  4.29192e-08
 Reference value :  4.36290e-08
 Reference value :  4.43079e-08
 Reference value :  4.49251e-08
 Reference value :  4.55423e-08
 Reference value :  4.62213e-08
 Reference value :  4.69002e-08
 Reference value :  4.75174e-08
 Reference value :  4.82580e-08
 Reference value :  4.89678e-08
 Reference value :  4.96467e-08
 Reference value :  5.02948e-08
 Reference value :  5.09737e-08
 Reference value :  5.16526e-08
 Reference value :  5.23007e-08
 Reference value :  5.30413e-08
 Reference value :  5.36894e-08
 Reference value :  5.43683e-08
 Reference value :  5.50781e-08
 Reference value :  5.57570e-08
 Reference value :  5.64051e-08
 Reference value :  5.71457e-08
 Reference value :  5.78246e-08
 Reference value :  5.85035e-08
 Reference value :  5.91516e-08
 Reference value :  5.98305e-08
 Reference value :  6.04786e-08
 Reference value :  6.11266e-08
 Reference value :  6.18673e-08
 Reference value :  6.25462e-08
 Reference value :  6.32560e-08
 Reference value :  6.39040e-08
 Reference value :  6.46138e-08
 Reference value :  6.52927e-08
 Reference value :  6.59408e-08
 Reference value :  6.66814e-08
 Reference value :  6.73604e-08
 Reference value :  6.80084e-08
 Reference value :  6.87182e-08
 Reference value :  6.93663e-08
 Reference value :  7.00143e-08
 Reference value :  7.06932e-08
 Reference value :  7.14030e-08
 Reference value :  7.20819e-08
 Reference value :  7.27609e-08
 Reference value :  7.34706e-08
 Reference value :  7.41187e-08
 Reference value :  7.47668e-08
 Reference value :  7.55074e-08
 Reference value :  7.61555e-08
 Reference value :  7.68035e-08
 Reference value :  7.74824e-08
 Reference value :  7.81922e-08
 Reference value :  7.88403e-08
 Reference value :  7.94575e-08
 Reference value :  8.02599e-08
 Reference value :  8.09079e-08
 Reference value :  8.15868e-08
 Reference value :  8.22966e-08
 Reference value :  8.29755e-08
 Reference value :  8.36236e-08
 Reference value :  8.43025e-08
 Reference value :  8.50123e-08
 Reference value :  8.56912e-08
 Reference value :  8.63393e-08
 Reference value :  8.70491e-08
 Reference value :  8.77280e-08
 Reference value :  8.84069e-08
 Reference value :  8.91475e-08
 Reference value :  8.98265e-08
 Reference value :  9.05054e-08
 Reference value :  9.11843e-08
 Reference value :  9.18632e-08
 Reference value :  9.25113e-08
 Reference value :  9.31593e-08
 Reference value :  9.39000e-08
 Reference value :  9.45789e-08
 Reference value :  9.52887e-08
 Reference value :  9.59985e-08
 Reference value :  9.66465e-08
 Reference value :  9.72946e-08
 Reference value :  9.79735e-08
 Reference value :  9.86833e-08
 Reference value :  9.93931e-08
 Reference value :  1.00072e-07
 Reference value :  1.00782e-07
 Reference value :  1.01430e-07
 Reference value :  1.02109e-07
 Reference value :  1.02880e-07
 Reference value :  1.03559e-07
 Reference value :  1.04238e-07
 Reference value :  1.04948e-07
 Reference value :  1.05627e-07
 Reference value :  1.06306e-07
 Reference value :  1.06985e-07
 Reference value :  1.07725e-07
 Reference value :  1.08373e-07
 Reference value :  1.09021e-07
 Reference value :  1.09700e-07
 Reference value :  1.10348e-07
 Reference value :  1.10996e-07
 Reference value :  1.11706e-07
 Reference value :  1.12385e-07
 Reference value :  1.13064e-07
 Reference value :  1.13743e-07
 Reference value :  1.14422e-07
 Reference value :  1.15070e-07
 Reference value :  1.15749e-07
 Reference value :  1.16489e-07
 Reference value :  1.17138e-07
 Reference value :  1.17816e-07
 Reference value :  1.18465e-07
 Reference value :  1.19113e-07
 Reference value :  1.19761e-07
 Reference value :  1.20409e-07
 Reference value :  1.21180e-07
 Reference value :  1.21859e-07
 Reference value :  1.22507e-07
 Reference value :  1.23217e-07
 Reference value :  1.23865e-07
 Reference value :  1.24544e-07
 Reference value :  1.25223e-07
 Reference value :  1.25933e-07
 Reference value :  1.26612e-07
 Reference value :  1.27290e-07
 Reference value :  1.28000e-07
 Reference value :  1.28679e-07
 Reference value :  1.29327e-07
 Reference value :  1.30068e-07
 Reference value :  1.30747e-07
 Reference value :  1.31457e-07
 Reference value :  1.32136e-07
 Reference value :  1.32845e-07
 Reference value :  1.33493e-07
 Reference value :  1.34172e-07
 Reference value :  1.34882e-07
 Reference value :  1.35561e-07
 Reference value :  1.36209e-07
 Reference value :  1.36919e-07
 Reference value :  1.37598e-07
 Reference value :  1.38246e-07
 Reference value :  1.38956e-07
 Reference value :  1.39634e-07
 Reference value :  1.40283e-07
 Reference value :  1.40931e-07
 Reference value :  1.41610e-07
 Reference value :  1.42258e-07
 Reference value :  1.42906e-07
 Reference value :  1.43615e-07
 Reference value :  1.44294e-07
 Reference value :  1.44942e-07
 Reference value :  1.45590e-07
 Reference value :  1.46300e-07
 Reference value :  1.46948e-07
 Reference value :  1.47627e-07
 Reference value :  1.48399e-07
 Reference value :  1.49078e-07
 Reference value :  1.49726e-07
 Reference value :  1.50405e-07
 Reference value :  1.51084e-07
 Reference value :  1.51762e-07
 Reference value :  1.52441e-07
 Reference value :  1.53151e-07
 Reference value :  1.53799e-07
 Reference value :  1.54478e-07
 Reference value :  1.55188e-07
 Reference value :  1.55836e-07
 Reference value :  1.56484e-07
 Reference value :  1.57225e-07
 Reference value :  1.57904e-07
 Reference value :  1.58552e-07
 Reference value :  1.59200e-07
 Reference value :  1.59848e-07
 Reference value :  1.60496e-07
 Reference value :  1.61144e-07
 Reference value :  1.61885e-07
 Reference value :  1.62563e-07
 Reference value :  1.63212e-07
 Reference value :  1.63860e-07
 Reference value :  1.64569e-07
 Reference value :  1.65279e-07
 Reference value :  1.65896e-07
 Reference value :  1.66637e-07
 Reference value :  1.67285e-07
 Reference value :  1.67933e-07
 Reference value :  1.68643e-07
 Reference value :  1.69291e-07
 Reference value :  1.69939e-07
 Reference value :  1.70618e-07
 Reference value :  1.71359e-07
 Reference value :  1.72037e-07
 Reference value :  1.72716e-07
 Reference value :  1.73426e-07
 Reference value :  1.74105e-07
 Reference value :  1.74784e-07
 Reference value :  1.75556e-07
 Reference value :  1.76204e-07
 Reference value :  1.76883e-07
 Reference value :  1.77531e-07
 Reference value :  1.78209e-07
 Reference value :  1.78888e-07
 Reference value :  1.79536e-07
 Reference value :  1.80308e-07
 Reference value :  1.80956e-07
 Reference value :  1.81604e-07
 Reference value :  1.82314e-07
 Reference value :  1.82962e-07
 Reference value :  1.83610e-07
 Reference value :  1.84320e-07
 Reference value :  1.85030e-07
No. of Data Rows : 6015
vhold_min           =  1.20000e+00 at=  1.32081e-10
tfirst              =  1.19854e-08
t1                  =  1.14214e-07
t2                  =  1.18757e-07
t3                  =  1.23300e-07
t4                  =  1.27844e-07
t5                  =  1.32387e-07
t6                  =  1.36931e-07
t7                  =  1.41474e-07
t8                  =  1.46017e-07
t9                  =  1.50561e-07
t10                 =  1.55104e-07
t11                 =  1.59647e-07
t12                 =  1.64191e-07
idd_run             =  -3.45440e-04 from=  1.11100e-07 to=  1.85200e-07
vmax                =  1.21155e+00 at=  1.75401e-07
vmin                =  -7.67506e-03 at=  1.45868e-07
Note: Simulation executed from .control section 
Note: Starting dynamic gmin stepping
Note: Dynamic gmin stepping completed
Note: Starting dynamic gmin stepping
Note: Dynamic gmin stepping completed
