
Note: No compatibility mode selected!


Circuit: * tt_analog_ring, code 127

Doing analysis at TEMP = 27.000000 and TNOM = 27.000000

Using SPARSE 1.3 as Direct Linear Solver
 Reference value :  0.00000e+00
No. of Data Rows : 1
idd_dis=0.000327534 vbp=0.558893 vbn=0.499711 clk_dis=1.2
Doing analysis at TEMP = 27.000000 and TNOM = 27.000000

Using SPARSE 1.3 as Direct Linear Solver

Initial Transient Solution
--------------------------

Node                                   Voltage
----                                   -------
vpwr                                       1.2
code[0]                                    1.2
code[1]                                    1.2
code[2]                                    1.2
code[3]                                    1.2
code[4]                                    1.2
code[5]                                    1.2
code[6]                                    1.2
code[7]                                      0
enable                                       0
xdut.vbp                              0.558893
xdut.vbn                              0.499711
xdut.n0                            2.05168e-07
xdut.p0                                    1.2
xdut.na0                               1.01863
xdut.s0                                    1.2
xdut.s10                                   1.2
xdut.n1                            5.85662e-07
xdut.p1                                    1.2
xdut.s1                            6.71098e-07
xdut.n2                            1.41334e-07
xdut.p2                                    1.2
xdut.s2                                    1.2
xdut.n3                            5.24649e-07
xdut.p3                                    1.2
xdut.s3                            6.06713e-07
xdut.n4                            1.00636e-07
xdut.p4                                    1.2
xdut.s4                                    1.2
xdut.n5                            5.65204e-07
xdut.p5                                    1.2
xdut.s5                            6.53597e-07
xdut.n6                            1.65304e-07
xdut.p6                                    1.2
xdut.s6                                    1.2
xdut.n7                            6.77488e-07
xdut.p7                                    1.2
xdut.s7                            7.76962e-07
xdut.n8                            1.05332e-07
xdut.p8                                    1.2
xdut.s8                                    1.2
xdut.n9                            3.91951e-07
xdut.p9                                    1.2
xdut.s9                            4.53258e-07
xdut.n10                           6.23596e-08
xdut.p10                                   1.2
xdut.b1                             1.4863e-07
clk_out                                    1.2
ven#branch                         7.42314e-12
vc7#branch                         1.73984e-12
vc6#branch                        -2.92188e-08
vc5#branch                        -1.46804e-08
vc4#branch                        -7.29841e-09
vc3#branch                        -3.65969e-09
vc2#branch                        -1.81745e-09
vc1#branch                        -9.21347e-10
vc0#branch                        -4.58913e-10
vdd#branch                        -0.000327534

 Reference value :  0.00000e+00
 Reference value :  1.03201e-09
 Reference value :  2.27241e-09
 Reference value :  3.48180e-09
 Reference value :  4.72220e-09
 Reference value :  5.96260e-09
 Reference value :  7.20300e-09
 Reference value :  8.41239e-09
 Reference value :  9.40200e-09
 Reference value :  1.00377e-08
 Reference value :  1.07199e-08
 Reference value :  1.13711e-08
 Reference value :  1.21154e-08
 Reference value :  1.27976e-08
 Reference value :  1.34488e-08
 Reference value :  1.41310e-08
 Reference value :  1.48132e-08
 Reference value :  1.54955e-08
 Reference value :  1.61467e-08
 Reference value :  1.69219e-08
 Reference value :  1.75731e-08
 Reference value :  1.82243e-08
 Reference value :  1.89066e-08
 Reference value :  1.95578e-08
 Reference value :  2.02400e-08
 Reference value :  2.08912e-08
 Reference value :  2.16665e-08
 Reference value :  2.23177e-08
 Reference value :  2.29379e-08
 Reference value :  2.35891e-08
 Reference value :  2.42713e-08
 Reference value :  2.49535e-08
 Reference value :  2.56047e-08
 Reference value :  2.63800e-08
 Reference value :  2.70622e-08
 Reference value :  2.77134e-08
 Reference value :  2.84266e-08
 Reference value :  2.91089e-08
 Reference value :  2.97911e-08
 Reference value :  3.05043e-08
 Reference value :  3.11865e-08
 Reference value :  3.18687e-08
 Reference value :  3.24889e-08
 Reference value :  3.31712e-08
 Reference value :  3.37914e-08
 Reference value :  3.44426e-08
 Reference value :  3.50938e-08
 Reference value :  3.58070e-08
 Reference value :  3.64892e-08
 Reference value :  3.71094e-08
 Reference value :  3.78227e-08
 Reference value :  3.84429e-08
 Reference value :  3.91251e-08
 Reference value :  3.98073e-08
 Reference value :  4.05515e-08
 Reference value :  4.12338e-08
 Reference value :  4.18850e-08
 Reference value :  4.25982e-08
 Reference value :  4.32804e-08
 Reference value :  4.39626e-08
 Reference value :  4.47069e-08
 Reference value :  4.54201e-08
 Reference value :  4.61023e-08
 Reference value :  4.67535e-08
 Reference value :  4.74668e-08
 Reference value :  4.81490e-08
 Reference value :  4.88002e-08
 Reference value :  4.95134e-08
 Reference value :  5.02267e-08
 Reference value :  5.09089e-08
 Reference value :  5.15911e-08
 Reference value :  5.22733e-08
 Reference value :  5.29555e-08
 Reference value :  5.36068e-08
 Reference value :  5.43820e-08
 Reference value :  5.50642e-08
 Reference value :  5.57154e-08
 Reference value :  5.63666e-08
 Reference value :  5.70489e-08
 Reference value :  5.77001e-08
 Reference value :  5.83823e-08
 Reference value :  5.91575e-08
 Reference value :  5.98088e-08
 Reference value :  6.04600e-08
 Reference value :  6.11112e-08
 Reference value :  6.17624e-08
 Reference value :  6.24136e-08
 Reference value :  6.30338e-08
 Reference value :  6.38090e-08
 Reference value :  6.44913e-08
 Reference value :  6.51735e-08
 Reference value :  6.58867e-08
 Reference value :  6.65689e-08
 Reference value :  6.72201e-08
 Reference value :  6.78403e-08
 Reference value :  6.85846e-08
 Reference value :  6.92668e-08
 Reference value :  6.99490e-08
 Reference value :  7.06623e-08
 Reference value :  7.13135e-08
 Reference value :  7.19647e-08
 Reference value :  7.26159e-08
 Reference value :  7.33291e-08
 Reference value :  7.39803e-08
 Reference value :  7.46315e-08
 Reference value :  7.53138e-08
 Reference value :  7.59650e-08
 Reference value :  7.66162e-08
 Reference value :  7.72674e-08
 Reference value :  7.80426e-08
 Reference value :  7.87249e-08
 Reference value :  7.93451e-08
 Reference value :  8.00273e-08
 Reference value :  8.06785e-08
 Reference value :  8.13607e-08
 Reference value :  8.20739e-08
 Reference value :  8.28182e-08
 Reference value :  8.35004e-08
 Reference value :  8.41516e-08
 Reference value :  8.48648e-08
 Reference value :  8.55471e-08
 Reference value :  8.61983e-08
 Reference value :  8.68805e-08
 Reference value :  8.75937e-08
 Reference value :  8.82759e-08
 Reference value :  8.89582e-08
 Reference value :  8.96404e-08
 Reference value :  9.03226e-08
 Reference value :  9.09738e-08
 Reference value :  9.17180e-08
 Reference value :  9.24313e-08
 Reference value :  9.30825e-08
 Reference value :  9.37647e-08
 Reference value :  9.44159e-08
 Reference value :  9.50981e-08
 Reference value :  9.57493e-08
 Reference value :  9.65246e-08
 Reference value :  9.72068e-08
 Reference value :  9.78890e-08
 Reference value :  9.85402e-08
 Reference value :  9.92845e-08
 Reference value :  9.99047e-08
 Reference value :  1.00556e-07
 Reference value :  1.01331e-07
 Reference value :  1.02013e-07
 Reference value :  1.02696e-07
 Reference value :  1.03409e-07
 Reference value :  1.04060e-07
 Reference value :  1.04742e-07
 Reference value :  1.05393e-07
 Reference value :  1.06107e-07
 Reference value :  1.06789e-07
 Reference value :  1.07440e-07
 Reference value :  1.08153e-07
 Reference value :  1.08805e-07
 Reference value :  1.09456e-07
 Reference value :  1.10138e-07
 Reference value :  1.10882e-07
 Reference value :  1.11564e-07
 Reference value :  1.12185e-07
 Reference value :  1.12867e-07
 Reference value :  1.13518e-07
 Reference value :  1.14169e-07
 Reference value :  1.14883e-07
 Reference value :  1.15627e-07
 Reference value :  1.16340e-07
 Reference value :  1.16991e-07
 Reference value :  1.17704e-07
 Reference value :  1.18356e-07
 Reference value :  1.19007e-07
 Reference value :  1.19751e-07
 Reference value :  1.20464e-07
 Reference value :  1.21147e-07
 Reference value :  1.21767e-07
 Reference value :  1.22449e-07
 Reference value :  1.23100e-07
 Reference value :  1.23751e-07
 Reference value :  1.24434e-07
 Reference value :  1.25147e-07
 Reference value :  1.25829e-07
 Reference value :  1.26480e-07
 Reference value :  1.27162e-07
 Reference value :  1.27845e-07
 Reference value :  1.28496e-07
 Reference value :  1.29240e-07
 Reference value :  1.29953e-07
 Reference value :  1.30605e-07
 Reference value :  1.31256e-07
 Reference value :  1.31938e-07
 Reference value :  1.32589e-07
 Reference value :  1.33240e-07
 Reference value :  1.34016e-07
 Reference value :  1.34667e-07
 Reference value :  1.35349e-07
 Reference value :  1.36000e-07
 Reference value :  1.36652e-07
 Reference value :  1.37303e-07
 Reference value :  1.37923e-07
 Reference value :  1.38667e-07
 Reference value :  1.39349e-07
 Reference value :  1.40001e-07
 Reference value :  1.40683e-07
 Reference value :  1.41365e-07
 Reference value :  1.42016e-07
 Reference value :  1.42636e-07
 Reference value :  1.43381e-07
 Reference value :  1.44063e-07
 Reference value :  1.44714e-07
 Reference value :  1.45396e-07
 Reference value :  1.46110e-07
 Reference value :  1.46761e-07
 Reference value :  1.47443e-07
 Reference value :  1.48249e-07
 Reference value :  1.48900e-07
 Reference value :  1.49552e-07
 Reference value :  1.50234e-07
 Reference value :  1.50885e-07
 Reference value :  1.51567e-07
 Reference value :  1.52188e-07
 Reference value :  1.52963e-07
 Reference value :  1.53645e-07
 Reference value :  1.54327e-07
 Reference value :  1.55040e-07
 Reference value :  1.55692e-07
 Reference value :  1.56343e-07
 Reference value :  1.57025e-07
 Reference value :  1.57738e-07
 Reference value :  1.58421e-07
 Reference value :  1.59072e-07
 Reference value :  1.59754e-07
 Reference value :  1.60405e-07
 Reference value :  1.61087e-07
 Reference value :  1.61770e-07
 Reference value :  1.62514e-07
 Reference value :  1.63196e-07
 Reference value :  1.63847e-07
 Reference value :  1.64530e-07
 Reference value :  1.65181e-07
 Reference value :  1.65832e-07
 Reference value :  1.66514e-07
 Reference value :  1.67258e-07
 Reference value :  1.67910e-07
 Reference value :  1.68561e-07
 Reference value :  1.69274e-07
 Reference value :  1.69956e-07
 Reference value :  1.70607e-07
 Reference value :  1.71321e-07
 Reference value :  1.72034e-07
 Reference value :  1.72716e-07
 Reference value :  1.73367e-07
 Reference value :  1.74050e-07
 Reference value :  1.74732e-07
 Reference value :  1.75383e-07
 Reference value :  1.76096e-07
 Reference value :  1.76809e-07
 Reference value :  1.77461e-07
 Reference value :  1.78143e-07
 Reference value :  1.78825e-07
 Reference value :  1.79476e-07
 Reference value :  1.80128e-07
 Reference value :  1.80872e-07
 Reference value :  1.81554e-07
 Reference value :  1.82205e-07
 Reference value :  1.82856e-07
 Reference value :  1.83539e-07
 Reference value :  1.84221e-07
 Reference value :  1.84872e-07
 Reference value :  1.85647e-07
No. of Data Rows : 6012
vhold_min           =  1.20000e+00 at=  1.63733e-10
tfirst              =  1.21652e-08
t1                  =  1.12935e-07
t2                  =  1.17625e-07
t3                  =  1.22316e-07
t4                  =  1.27007e-07
t5                  =  1.31697e-07
t6                  =  1.36388e-07
t7                  =  1.41078e-07
t8                  =  1.45769e-07
t9                  =  1.50460e-07
t10                 =  1.55150e-07
t11                 =  1.59841e-07
t12                 =  1.64532e-07
idd_run             =  -3.42617e-04 from=  1.11600e-07 to=  1.86000e-07
vmax                =  1.21055e+00 at=  1.80872e-07
vmin                =  -7.95590e-03 at=  1.40931e-07
Note: Simulation executed from .control section 
Note: Starting dynamic gmin stepping
Note: Dynamic gmin stepping completed
Note: Starting dynamic gmin stepping
Note: Dynamic gmin stepping completed
