
Note: No compatibility mode selected!


Circuit: * tt_analog_ring, code 32

Doing analysis at TEMP = 125.000000 and TNOM = 27.000000

Using SPARSE 1.3 as Direct Linear Solver
 Reference value :  0.00000e+00
No. of Data Rows : 1
idd_dis=9.61458E-05 vbp=0.916737 vbn=0.288843 clk_dis=1.31999
Doing analysis at TEMP = 125.000000 and TNOM = 27.000000

Using SPARSE 1.3 as Direct Linear Solver

Initial Transient Solution
--------------------------

Node                                   Voltage
----                                   -------
vpwr                                      1.32
code[0]                                      0
code[1]                                      0
code[2]                                      0
code[3]                                      0
code[4]                                      0
code[5]                                   1.32
code[6]                                      0
code[7]                                      0
enable                                       0
xdut.vbp                              0.916737
xdut.vbn                              0.288843
xdut.n0                            0.000136233
xdut.p0                                1.31985
xdut.na0                                1.1264
xdut.s0                                1.31984
xdut.s10                                1.3199
xdut.n1                            0.000324603
xdut.p1                                1.31966
xdut.s1                            0.000346585
xdut.n2                             7.8077e-05
xdut.p2                                1.31991
xdut.s2                                 1.3199
xdut.n3                            0.000324216
xdut.p3                                1.31966
xdut.s3                             0.00034617
xdut.n4                            7.80763e-05
xdut.p4                                1.31991
xdut.s4                                 1.3199
xdut.n5                            0.000324216
xdut.p5                                1.31966
xdut.s5                             0.00034617
xdut.n6                            7.80763e-05
xdut.p6                                1.31991
xdut.s6                                 1.3199
xdut.n7                            0.000324216
xdut.p7                                1.31966
xdut.s7                             0.00034617
xdut.n8                            7.80763e-05
xdut.p8                                1.31991
xdut.s8                                 1.3199
xdut.n9                            0.000324216
xdut.p9                                1.31966
xdut.s9                             0.00034617
xdut.n10                           7.80763e-05
xdut.p10                               1.31991
xdut.b1                            2.26238e-05
clk_out                                1.31999
ven#branch                         5.60783e-11
vc7#branch                         1.35206e-10
vc6#branch                         6.76032e-11
vc5#branch                        -1.38248e-07
vc4#branch                         1.69008e-11
vc3#branch                          8.4504e-12
vc2#branch                          4.2252e-12
vc1#branch                          2.1126e-12
vc0#branch                          1.0563e-12
vdd#branch                        -9.61458e-05

 Reference value :  0.00000e+00
 Reference value :  3.14149e-09
 Reference value :  6.93697e-09
 Reference value :  1.08298e-08
 Reference value :  1.47226e-08
 Reference value :  1.85180e-08
 Reference value :  2.25082e-08
 Reference value :  2.63036e-08
 Reference value :  2.93212e-08
 Reference value :  3.13526e-08
 Reference value :  3.35910e-08
 Reference value :  3.57320e-08
 Reference value :  3.79704e-08
 Reference value :  3.99159e-08
 Reference value :  4.20569e-08
 Reference value :  4.41980e-08
 Reference value :  4.63390e-08
 Reference value :  4.85774e-08
 Reference value :  5.07184e-08
 Reference value :  5.28595e-08
 Reference value :  5.50005e-08
 Reference value :  5.70442e-08
 Reference value :  5.90591e-08
 Reference value :  6.11301e-08
 Reference value :  6.32712e-08
 Reference value :  6.55095e-08
 Reference value :  6.75532e-08
 Reference value :  6.96943e-08
 Reference value :  7.17380e-08
 Reference value :  7.38790e-08
 Reference value :  7.60201e-08
 Reference value :  7.81611e-08
 Reference value :  7.99106e-08
 Reference value :  8.19543e-08
 Reference value :  8.39980e-08
 Reference value :  8.61391e-08
 Reference value :  8.83774e-08
 Reference value :  9.06158e-08
 Reference value :  9.27568e-08
 Reference value :  9.48006e-08
 Reference value :  9.68443e-08
 Reference value :  9.87116e-08
 Reference value :  1.00929e-07
 Reference value :  1.03070e-07
 Reference value :  1.05114e-07
 Reference value :  1.07255e-07
 Reference value :  1.09396e-07
 Reference value :  1.11537e-07
 Reference value :  1.13678e-07
 Reference value :  1.15819e-07
 Reference value :  1.17960e-07
 Reference value :  1.19807e-07
 Reference value :  1.21948e-07
 Reference value :  1.24089e-07
 Reference value :  1.26230e-07
 Reference value :  1.28273e-07
 Reference value :  1.30512e-07
 Reference value :  1.32653e-07
 Reference value :  1.34697e-07
 Reference value :  1.36935e-07
 Reference value :  1.38783e-07
 Reference value :  1.40924e-07
 Reference value :  1.43065e-07
 Reference value :  1.45108e-07
 Reference value :  1.47249e-07
 Reference value :  1.49488e-07
 Reference value :  1.51532e-07
 Reference value :  1.53673e-07
 Reference value :  1.55814e-07
 Reference value :  1.57907e-07
 Reference value :  1.60096e-07
 Reference value :  1.62139e-07
 Reference value :  1.64183e-07
 Reference value :  1.66227e-07
 Reference value :  1.68368e-07
 Reference value :  1.70509e-07
 Reference value :  1.72552e-07
 Reference value :  1.74791e-07
 Reference value :  1.76932e-07
 Reference value :  1.78879e-07
 Reference value :  1.81020e-07
 Reference value :  1.83064e-07
 Reference value :  1.85205e-07
 Reference value :  1.87346e-07
 Reference value :  1.89584e-07
 Reference value :  1.91725e-07
 Reference value :  1.93866e-07
 Reference value :  1.95910e-07
 Reference value :  1.97857e-07
 Reference value :  1.99998e-07
 Reference value :  2.02042e-07
 Reference value :  2.04086e-07
 Reference value :  2.06227e-07
 Reference value :  2.08368e-07
 Reference value :  2.10412e-07
 Reference value :  2.12455e-07
 Reference value :  2.14596e-07
 Reference value :  2.16737e-07
 Reference value :  2.18685e-07
 Reference value :  2.20729e-07
 Reference value :  2.22772e-07
 Reference value :  2.24913e-07
 Reference value :  2.27054e-07
 Reference value :  2.29293e-07
 Reference value :  2.31336e-07
 Reference value :  2.33380e-07
 Reference value :  2.35618e-07
 Reference value :  2.37469e-07
 Reference value :  2.39610e-07
 Reference value :  2.41556e-07
 Reference value :  2.43697e-07
 Reference value :  2.45935e-07
 Reference value :  2.48076e-07
 Reference value :  2.50023e-07
 Reference value :  2.52261e-07
 Reference value :  2.54402e-07
 Reference value :  2.56618e-07
 Reference value :  2.58685e-07
 Reference value :  2.60826e-07
 Reference value :  2.62870e-07
 Reference value :  2.64914e-07
 Reference value :  2.67055e-07
 Reference value :  2.69099e-07
 Reference value :  2.71045e-07
 Reference value :  2.72991e-07
 Reference value :  2.75230e-07
 Reference value :  2.77177e-07
 Reference value :  2.79416e-07
 Reference value :  2.81459e-07
 Reference value :  2.83600e-07
 Reference value :  2.85741e-07
 Reference value :  2.87882e-07
 Reference value :  2.89829e-07
 Reference value :  2.91872e-07
 Reference value :  2.93916e-07
 Reference value :  2.96057e-07
 Reference value :  2.98005e-07
 Reference value :  3.00049e-07
 Reference value :  3.02092e-07
 Reference value :  3.04233e-07
 Reference value :  3.06374e-07
 Reference value :  3.08418e-07
 Reference value :  3.10462e-07
 Reference value :  3.12603e-07
 Reference value :  3.14841e-07
 Reference value :  3.16691e-07
 Reference value :  3.18930e-07
 Reference value :  3.20973e-07
 Reference value :  3.23114e-07
 Reference value :  3.25255e-07
 Reference value :  3.27397e-07
 Reference value :  3.29343e-07
 Reference value :  3.31387e-07
 Reference value :  3.33528e-07
 Reference value :  3.35646e-07
 Reference value :  3.37714e-07
 Reference value :  3.39757e-07
 Reference value :  3.41898e-07
 Reference value :  3.44039e-07
 Reference value :  3.46180e-07
 Reference value :  3.48224e-07
 Reference value :  3.50365e-07
 Reference value :  3.52604e-07
 Reference value :  3.54745e-07
 Reference value :  3.56595e-07
 Reference value :  3.58736e-07
 Reference value :  3.60779e-07
 Reference value :  3.62823e-07
 Reference value :  3.64964e-07
 Reference value :  3.67105e-07
 Reference value :  3.69149e-07
 Reference value :  3.71290e-07
 Reference value :  3.73334e-07
 Reference value :  3.75302e-07
 Reference value :  3.77422e-07
 Reference value :  3.79563e-07
 Reference value :  3.81607e-07
 Reference value :  3.83651e-07
 Reference value :  3.85792e-07
 Reference value :  3.87836e-07
 Reference value :  3.89879e-07
 Reference value :  3.92020e-07
 Reference value :  3.94161e-07
 Reference value :  3.96109e-07
 Reference value :  3.98153e-07
 Reference value :  4.00196e-07
 Reference value :  4.02337e-07
 Reference value :  4.04576e-07
 Reference value :  4.06619e-07
 Reference value :  4.08760e-07
 Reference value :  4.10804e-07
 Reference value :  4.12945e-07
 Reference value :  4.14893e-07
 Reference value :  4.17131e-07
 Reference value :  4.19272e-07
 Reference value :  4.21413e-07
 Reference value :  4.23554e-07
 Reference value :  4.25695e-07
 Reference value :  4.27739e-07
 Reference value :  4.29880e-07
 Reference value :  4.32021e-07
 Reference value :  4.34259e-07
 Reference value :  4.36207e-07
 Reference value :  4.38348e-07
 Reference value :  4.40489e-07
 Reference value :  4.42630e-07
 Reference value :  4.44771e-07
 Reference value :  4.46912e-07
 Reference value :  4.48956e-07
 Reference value :  4.51194e-07
 Reference value :  4.53432e-07
 Reference value :  4.55283e-07
 Reference value :  4.57424e-07
 Reference value :  4.59467e-07
 Reference value :  4.61608e-07
 Reference value :  4.63749e-07
 Reference value :  4.65890e-07
 Reference value :  4.67934e-07
 Reference value :  4.69978e-07
 Reference value :  4.72022e-07
 Reference value :  4.74087e-07
 Reference value :  4.76305e-07
 Reference value :  4.78446e-07
 Reference value :  4.80587e-07
 Reference value :  4.82728e-07
 Reference value :  4.84869e-07
 Reference value :  4.86913e-07
 Reference value :  4.89054e-07
 Reference value :  4.91097e-07
 Reference value :  4.93238e-07
 Reference value :  4.95186e-07
 Reference value :  4.97132e-07
 Reference value :  4.99079e-07
 Reference value :  5.01220e-07
 Reference value :  5.03361e-07
 Reference value :  5.05502e-07
 Reference value :  5.07546e-07
 Reference value :  5.09687e-07
 Reference value :  5.11828e-07
 Reference value :  5.13775e-07
 Reference value :  5.15916e-07
 Reference value :  5.18057e-07
 Reference value :  5.20101e-07
 Reference value :  5.22242e-07
 Reference value :  5.24383e-07
 Reference value :  5.26427e-07
 Reference value :  5.28470e-07
 Reference value :  5.30612e-07
 Reference value :  5.32753e-07
 Reference value :  5.34603e-07
 Reference value :  5.36744e-07
 Reference value :  5.38788e-07
 Reference value :  5.40929e-07
 Reference value :  5.43070e-07
 Reference value :  5.45211e-07
 Reference value :  5.47254e-07
 Reference value :  5.49298e-07
 Reference value :  5.51439e-07
 Reference value :  5.53387e-07
 Reference value :  5.55528e-07
 Reference value :  5.57669e-07
 Reference value :  5.59712e-07
 Reference value :  5.61853e-07
 Reference value :  5.63995e-07
 Reference value :  5.66038e-07
 Reference value :  5.68179e-07
 Reference value :  5.70320e-07
 Reference value :  5.72559e-07
 Reference value :  5.74506e-07
 Reference value :  5.76550e-07
 Reference value :  5.78594e-07
 Reference value :  5.80735e-07
 Reference value :  5.82876e-07
No. of Data Rows : 6042
vhold_min           =  1.31999e+00 at=  4.16530e-10
tfirst              =  3.91684e-08
t1                  =  3.65286e-07
t2                  =  3.85043e-07
t3                  =  4.04800e-07
t4                  =  4.24557e-07
t5                  =  4.44314e-07
t6                  =  4.64072e-07
t7                  =  4.83829e-07
t8                  =  5.03586e-07
t9                  =  5.23343e-07
t10                 =  5.43100e-07
t11                 =  5.62857e-07
t12                 =  5.82614e-07
idd_run             =  -1.04281e-04 from=  3.50400e-07 to=  5.83900e-07
vmax                =  1.33534e+00 at=  3.65451e-07
vmin                =  -4.01787e-03 at=  3.55403e-07
Note: Simulation executed from .control section 
Note: Starting dynamic gmin stepping
Note: Dynamic gmin stepping completed
Note: Starting dynamic gmin stepping
Note: Dynamic gmin stepping completed
