
Note: Compatibility modes selected: hs a


Circuit: * tt_analog_ring, code 0

Doing analysis at TEMP = 27.000000 and TNOM = 27.000000

Using SPARSE 1.3 as Direct Linear Solver
 Reference value :  0.00000e+00
No. of Data Rows : 1
idd_dis=5.8363E-06 vbp=0.854721 vbn=0.268249 clk_dis=1.2
Doing analysis at TEMP = 27.000000 and TNOM = 27.000000

Using SPARSE 1.3 as Direct Linear Solver

Initial Transient Solution
--------------------------

Node                                   Voltage
----                                   -------
vpwr                                       1.2
code[0]                                      0
code[1]                                      0
code[2]                                      0
code[3]                                      0
code[4]                                      0
code[5]                                      0
code[6]                                      0
code[7]                                      0
enable                                       0
xdut.vbp                              0.854721
clk_out                                    1.2
xdut.b1                            1.50563e-07
xdut.s3                            9.46751e-06
xdut.s2                                1.19999
xdut.n_126                             1.19999
xdut.s1                              7.198e-06
xdut.n_125                                 1.2
xdut.s10                                   1.2
xdut.s6                                1.19999
xdut.s5                            1.14353e-05
xdut.n_128                             1.19999
xdut.s9                            1.35257e-05
xdut.n_133                                 1.2
xdut.s4                                1.19999
xdut.n_129                             1.19999
xdut.s8                                1.19999
xdut.n_132                             1.19999
xdut.s7                            8.33404e-06
xdut.n_130                             1.19999
xdut.n_127                             1.19999
xdut.n_131                             1.19999
xdut.s0                                1.19999
xdut.n_124                                 1.2
xdut.n_71                          7.12673e-06
xdut.n_72                          8.25449e-06
xdut.n_70                          3.30683e-06
xdut.n_77                          9.37557e-06
xdut.n_75                          5.18877e-07
xdut.n_73                          4.59421e-07
xdut.n_67                          7.91405e-07
xdut.n_76                          1.39321e-06
xdut.n_69                          1.34283e-05
xdut.n_74                          1.13443e-05
xdut.n_122                             1.19999
xdut.n_i1005                           1.02759
xdut.n_68                          2.04815e-06
xdut.vbn                              0.268249
ven#branch                         7.24286e-12
vc7#branch                         6.41817e-12
vc6#branch                          3.2236e-12
vc5#branch                         1.60405e-12
vc4#branch                         8.04977e-13
vc3#branch                         4.01811e-13
vc2#branch                         2.01117e-13
vc1#branch                         9.79517e-14
vc0#branch                          4.9713e-14
vdd#branch                         -5.8363e-06

 Reference value :  0.00000e+00
 Reference value :  1.41343e-07
 Reference value :  3.06266e-07
 Reference value :  4.71189e-07
 Reference value :  6.36112e-07
 Reference value :  8.01035e-07
 Reference value :  9.69467e-07
 Reference value :  1.05668e-06
 Reference value :  1.12686e-06
 Reference value :  1.20055e-06
 Reference value :  1.27152e-06
 Reference value :  1.34871e-06
 Reference value :  1.42240e-06
 Reference value :  1.50261e-06
 Reference value :  1.56839e-06
 Reference value :  1.63857e-06
 Reference value :  1.71179e-06
 Reference value :  1.78548e-06
 Reference value :  1.85917e-06
 Reference value :  1.94338e-06
 Reference value :  2.00671e-06
 Reference value :  2.08040e-06
 Reference value :  2.15565e-06
 Reference value :  2.23285e-06
 Reference value :  2.31005e-06
 Reference value :  2.39426e-06
 Reference value :  2.45854e-06
 Reference value :  2.52872e-06
 Reference value :  2.59954e-06
 Reference value :  2.67674e-06
 Reference value :  2.75043e-06
 Reference value :  2.83114e-06
 Reference value :  2.90107e-06
 Reference value :  2.97476e-06
 Reference value :  3.04624e-06
 Reference value :  3.12343e-06
 Reference value :  3.20063e-06
 Reference value :  3.28485e-06
 Reference value :  3.34891e-06
 Reference value :  3.42260e-06
 Reference value :  3.49010e-06
 Reference value :  3.56730e-06
 Reference value :  3.64099e-06
 Reference value :  3.71819e-06
 Reference value :  3.78290e-06
 Reference value :  3.84606e-06
 Reference value :  3.91273e-06
 Reference value :  3.97988e-06
 Reference value :  4.04304e-06
 Reference value :  4.10971e-06
 Reference value :  4.18340e-06
 Reference value :  4.24191e-06
 Reference value :  4.30507e-06
 Reference value :  4.37525e-06
 Reference value :  4.44069e-06
 Reference value :  4.50385e-06
 Reference value :  4.57403e-06
 Reference value :  4.64747e-06
 Reference value :  4.70712e-06
 Reference value :  4.77379e-06
 Reference value :  4.83228e-06
 Reference value :  4.89544e-06
 Reference value :  4.95510e-06
 Reference value :  5.01826e-06
 Reference value :  5.08413e-06
 Reference value :  5.14378e-06
 Reference value :  5.19993e-06
 Reference value :  5.26309e-06
 Reference value :  5.31823e-06
 Reference value :  5.38140e-06
 Reference value :  5.44105e-06
 Reference value :  5.51123e-06
 Reference value :  5.56704e-06
 Reference value :  5.61968e-06
 Reference value :  5.67231e-06
 Reference value :  5.72751e-06
 Reference value :  5.78717e-06
 Reference value :  5.84331e-06
 Reference value :  5.90647e-06
 Reference value :  5.97314e-06
 Reference value :  6.03247e-06
 Reference value :  6.08861e-06
 Reference value :  6.14827e-06
 Reference value :  6.20361e-06
 Reference value :  6.25976e-06
 Reference value :  6.31941e-06
 Reference value :  6.37555e-06
 Reference value :  6.43851e-06
 Reference value :  6.49466e-06
 Reference value :  6.55431e-06
 Reference value :  6.60995e-06
 Reference value :  6.66833e-06
 Reference value :  6.73500e-06
 Reference value :  6.80518e-06
 Reference value :  6.86943e-06
 Reference value :  6.93406e-06
 Reference value :  6.99722e-06
 Reference value :  7.05954e-06
 Reference value :  7.12860e-06
 Reference value :  7.19527e-06
 Reference value :  7.26545e-06
 Reference value :  7.33230e-06
 Reference value :  7.39546e-06
 Reference value :  7.45862e-06
 Reference value :  7.52343e-06
 Reference value :  7.59010e-06
 Reference value :  7.65677e-06
 Reference value :  7.72695e-06
 Reference value :  7.79248e-06
 Reference value :  7.85564e-06
 Reference value :  7.91530e-06
 Reference value :  7.98100e-06
 Reference value :  8.04767e-06
 Reference value :  8.11434e-06
 Reference value :  8.18452e-06
 Reference value :  8.24768e-06
 Reference value :  8.31435e-06
 Reference value :  8.38453e-06
 Reference value :  8.44957e-06
 Reference value :  8.51273e-06
 Reference value :  8.58291e-06
 Reference value :  8.65980e-06
 Reference value :  8.72296e-06
 Reference value :  8.78612e-06
 Reference value :  8.84885e-06
 Reference value :  8.91849e-06
 Reference value :  8.98165e-06
 Reference value :  9.05183e-06
 Reference value :  9.12524e-06
 Reference value :  9.18489e-06
 Reference value :  9.24805e-06
 Reference value :  9.31743e-06
 Reference value :  9.38761e-06
 Reference value :  9.45428e-06
 Reference value :  9.53147e-06
 Reference value :  9.59438e-06
 Reference value :  9.65754e-06
 Reference value :  9.72070e-06
 Reference value :  9.78651e-06
 Reference value :  9.84967e-06
 Reference value :  9.91634e-06
 Reference value :  9.99266e-06
 Reference value :  1.00499e-05
 Reference value :  1.01166e-05
 Reference value :  1.01868e-05
 Reference value :  1.02522e-05
 Reference value :  1.03154e-05
 Reference value :  1.03855e-05
 Reference value :  1.04554e-05
 Reference value :  1.05151e-05
 Reference value :  1.05747e-05
 Reference value :  1.06379e-05
 Reference value :  1.07007e-05
 Reference value :  1.07604e-05
 Reference value :  1.08236e-05
 Reference value :  1.08867e-05
 Reference value :  1.09462e-05
 Reference value :  1.10093e-05
 Reference value :  1.10760e-05
 Reference value :  1.11338e-05
 Reference value :  1.12005e-05
 Reference value :  1.12672e-05
 Reference value :  1.13409e-05
 Reference value :  1.14037e-05
 Reference value :  1.14669e-05
 Reference value :  1.15256e-05
 Reference value :  1.15908e-05
 Reference value :  1.16575e-05
 Reference value :  1.17242e-05
 Reference value :  1.17975e-05
 Reference value :  1.18642e-05
 Reference value :  1.19204e-05
 Reference value :  1.19765e-05
 Reference value :  1.20360e-05
 Reference value :  1.20921e-05
 Reference value :  1.21518e-05
 Reference value :  1.22185e-05
 Reference value :  1.22759e-05
 Reference value :  1.23390e-05
 Reference value :  1.24057e-05
 Reference value :  1.24675e-05
 Reference value :  1.25376e-05
 Reference value :  1.26078e-05
 Reference value :  1.26811e-05
 Reference value :  1.27437e-05
 Reference value :  1.28069e-05
 Reference value :  1.28736e-05
 Reference value :  1.29399e-05
 Reference value :  1.30066e-05
 Reference value :  1.30732e-05
 Reference value :  1.31469e-05
 Reference value :  1.32101e-05
 Reference value :  1.32768e-05
 Reference value :  1.33282e-05
 Reference value :  1.33984e-05
 Reference value :  1.34651e-05
 Reference value :  1.35388e-05
 Reference value :  1.35977e-05
 Reference value :  1.36609e-05
 Reference value :  1.37276e-05
 Reference value :  1.37916e-05
 Reference value :  1.38583e-05
 Reference value :  1.39250e-05
 Reference value :  1.39987e-05
 Reference value :  1.40618e-05
 Reference value :  1.41285e-05
 Reference value :  1.41987e-05
 Reference value :  1.42782e-05
 Reference value :  1.43449e-05
 Reference value :  1.44150e-05
 Reference value :  1.44815e-05
 Reference value :  1.45377e-05
 Reference value :  1.45973e-05
 Reference value :  1.46605e-05
 Reference value :  1.47234e-05
 Reference value :  1.47865e-05
 Reference value :  1.48532e-05
 Reference value :  1.49198e-05
 Reference value :  1.49794e-05
 Reference value :  1.50356e-05
 Reference value :  1.50987e-05
 Reference value :  1.51580e-05
 Reference value :  1.52177e-05
 Reference value :  1.52808e-05
 Reference value :  1.53510e-05
 Reference value :  1.53951e-05
 Reference value :  1.54548e-05
 Reference value :  1.55109e-05
 Reference value :  1.55728e-05
 Reference value :  1.56360e-05
 Reference value :  1.56956e-05
 Reference value :  1.57588e-05
 Reference value :  1.58254e-05
 Reference value :  1.58816e-05
 Reference value :  1.59412e-05
 Reference value :  1.60009e-05
 Reference value :  1.60638e-05
 Reference value :  1.61269e-05
 Reference value :  1.61971e-05
 Reference value :  1.62742e-05
 Reference value :  1.63339e-05
 Reference value :  1.63935e-05
 Reference value :  1.64602e-05
 Reference value :  1.65268e-05
 Reference value :  1.65935e-05
 Reference value :  1.66637e-05
 Reference value :  1.67234e-05
 Reference value :  1.67866e-05
 Reference value :  1.68532e-05
 Reference value :  1.69221e-05
 Reference value :  1.69888e-05
 Reference value :  1.70590e-05
 Reference value :  1.71362e-05
 Reference value :  1.71991e-05
 Reference value :  1.72623e-05
 Reference value :  1.73290e-05
 Reference value :  1.73955e-05
 Reference value :  1.74587e-05
 Reference value :  1.75253e-05
 Reference value :  1.75942e-05
 Reference value :  1.76486e-05
 Reference value :  1.77048e-05
 Reference value :  1.77644e-05
 Reference value :  1.78297e-05
 Reference value :  1.78964e-05
 Reference value :  1.79596e-05
 Reference value :  1.80368e-05
 Reference value :  1.80997e-05
 Reference value :  1.81629e-05
 Reference value :  1.82331e-05
 Reference value :  1.83031e-05
 Reference value :  1.83663e-05
 Reference value :  1.84329e-05
 Reference value :  1.84978e-05
 Reference value :  1.85609e-05
 Reference value :  1.86206e-05
 Reference value :  1.86833e-05
 Reference value :  1.87528e-05
 Reference value :  1.88160e-05
 Reference value :  1.88827e-05
 Reference value :  1.89561e-05
 Reference value :  1.90193e-05
 Reference value :  1.90825e-05
 Reference value :  1.91450e-05
 Reference value :  1.92151e-05
 Reference value :  1.92818e-05
 Reference value :  1.93555e-05
 Reference value :  1.94112e-05
 Reference value :  1.94709e-05
 Reference value :  1.95340e-05
 Reference value :  1.95995e-05
 Reference value :  1.96662e-05
 Reference value :  1.97329e-05
 Reference value :  1.98065e-05
 Reference value :  1.98731e-05
 Reference value :  1.99362e-05
 Reference value :  2.00029e-05
 Reference value :  2.00695e-05
 Reference value :  2.01361e-05
 Reference value :  2.02028e-05
 Reference value :  2.02765e-05
 Reference value :  2.03396e-05
 Reference value :  2.04063e-05
 Reference value :  2.04666e-05
 Reference value :  2.05309e-05
 Reference value :  2.05975e-05
 Reference value :  2.06677e-05
 Reference value :  2.07270e-05
 Reference value :  2.07895e-05
 Reference value :  2.08562e-05
 Reference value :  2.09219e-05
 Reference value :  2.09920e-05
No. of Data Rows : 6059
vhold_min           =  1.20000e+00 at=  1.12288e-09
tfirst              =  1.24444e-06
t1                  =  1.26762e-05
t2                  =  1.31228e-05
t3                  =  1.35688e-05
t4                  =  1.40156e-05
t5                  =  1.44625e-05
t6                  =  1.49110e-05
t7                  =  1.53574e-05
t8                  =  1.58029e-05
t9                  =  1.62515e-05
t10                 =  1.66980e-05
t11                 =  1.71450e-05
t12                 =  1.75908e-05
idd_run             =  -6.75337e-06 from=  1.26300e-05 to=  2.10500e-05
vmax                =  1.21718e+00 at=  1.62568e-05
vmin                =  -1.21366e-02 at=  1.46605e-05
Note: Simulation executed from .control section 
Warning: m=xx on .subckt line will override multiplier m hierarchy!

Note: Starting dynamic gmin stepping
Note: Dynamic gmin stepping completed
Note: Starting dynamic gmin stepping
Note: Dynamic gmin stepping completed
