
Note: No compatibility mode selected!


Circuit: * nand as inverter: a=1, pulse b

Doing analysis at TEMP = 27.000000 and TNOM = 27.000000

Using SPARSE 1.3 as Direct Linear Solver

Initial Transient Solution
--------------------------

Node                                   Voltage
----                                   -------
vpwr                                      1.32
code[0]                                   1.32
code[1]                                   1.32
code[2]                                   1.32
code[3]                                   1.32
code[4]                                   1.32
code[5]                                   1.32
code[6]                                   1.32
code[7]                                   1.32
vbp                                   0.568862
vbn                                   0.635306
a                                         1.32
p                                            0
xdrv.net1                                 1.32
b                                         1.32
xdrv.net2                          2.26633e-08
xnand.net1                                1.32
y                                  2.88408e-06
xnand.net2                         2.64105e-06
xnand.net3                         2.38173e-06
xload.net1                                1.32
z                                         1.32
xload.net2                         2.26642e-08
xload2.net1                               1.32
zz                                  1.2385e-06
xload2.net2                        1.01729e-06
vin#branch                         1.80291e-11
va#branch                         -1.59889e-11
vc7#branch                        -6.02957e-08
vc6#branch                        -3.01146e-08
vc5#branch                         -1.5024e-08
vc4#branch                        -7.47875e-09
vc3#branch                        -3.70611e-09
vc2#branch                        -1.81979e-09
vc1#branch                        -8.76635e-10
vc0#branch                        -4.05055e-10
vdd#branch                        -0.000705823

 Reference value :  4.90354e-11
 Reference value :  9.61671e-10
 Reference value :  1.74726e-09
 Reference value :  2.44605e-09
 Reference value :  3.36169e-09
 Reference value :  4.26831e-09
 Reference value :  4.97191e-09
 Reference value :  5.77009e-09
 Reference value :  6.69176e-09
 Reference value :  7.58000e-09
 Reference value :  8.21704e-09
 Reference value :  9.13269e-09
 Reference value :  1.00634e-08
 Reference value :  1.08182e-08
 Reference value :  1.15200e-08
 Reference value :  1.24417e-08
 Reference value :  1.33664e-08
 Reference value :  1.40242e-08
 Reference value :  1.48314e-08
 Reference value :  1.57440e-08
 Reference value :  1.66416e-08
 Reference value :  1.72518e-08
No. of Data Rows : 6046
tin_f               =  7.67392e-09
tout_r              =  7.80264e-09
tin_r               =  1.07055e-08
tout_f              =  1.08396e-08
tplh=1.28717E-10 tphl=1.3408E-10
Note: Simulation executed from .control section 
Note: Starting dynamic gmin stepping
Note: Dynamic gmin stepping completed
