
Note: Compatibility modes selected: hs a


Circuit: * tt_analog_ring, code 255

Doing analysis at TEMP = 27.000000 and TNOM = 27.000000

Using SPARSE 1.3 as Direct Linear Solver
 Reference value :  0.00000e+00
No. of Data Rows : 1
idd_dis=0.000581846 vbp=0.46123 vbn=0.565825 clk_dis=1.2
Doing analysis at TEMP = 27.000000 and TNOM = 27.000000

Using SPARSE 1.3 as Direct Linear Solver

Initial Transient Solution
--------------------------

Node                                   Voltage
----                                   -------
vpwr                                       1.2
code[0]                                    1.2
code[1]                                    1.2
code[2]                                    1.2
code[3]                                    1.2
code[4]                                    1.2
code[5]                                    1.2
code[6]                                    1.2
code[7]                                    1.2
enable                                       0
xdut.vbp                               0.46123
clk_out                                    1.2
xdut.b1                            1.60431e-07
xdut.s3                            6.04115e-07
xdut.s2                                    1.2
xdut.n_126                                 1.2
xdut.s1                             4.1619e-07
xdut.n_125                                 1.2
xdut.s10                                   1.2
xdut.s6                                    1.2
xdut.s5                            4.81894e-07
xdut.n_128                                 1.2
xdut.s9                            6.42107e-07
xdut.n_133                                 1.2
xdut.s4                                    1.2
xdut.n_129                                 1.2
xdut.s8                                    1.2
xdut.n_132                                 1.2
xdut.s7                            5.64536e-07
xdut.n_130                                 1.2
xdut.n_127                                 1.2
xdut.n_131                                 1.2
xdut.s0                                    1.2
xdut.n_124                                 1.2
xdut.n_71                          3.47179e-07
xdut.n_72                          4.72854e-07
xdut.n_70                          6.91724e-08
xdut.n_77                          5.03691e-07
xdut.n_75                          6.65811e-08
xdut.n_73                          5.98839e-08
xdut.n_67                          6.42956e-08
xdut.n_76                          1.10398e-07
xdut.n_69                          5.33089e-07
xdut.n_74                          4.03287e-07
xdut.n_122                                 1.2
xdut.n_i1005                           1.01642
xdut.n_68                          1.52541e-07
xdut.vbn                              0.565825
ven#branch                         7.41932e-12
vc7#branch                        -6.38317e-08
vc6#branch                        -3.20932e-08
vc5#branch                        -1.59496e-08
vc4#branch                        -7.97254e-09
vc3#branch                        -3.97792e-09
vc2#branch                        -1.99851e-09
vc1#branch                        -1.00672e-09
vc0#branch                        -4.84339e-10
vdd#branch                        -0.000581846

 Reference value :  0.00000e+00
 Reference value :  1.21604e-09
 Reference value :  2.74212e-09
 Reference value :  4.26820e-09
 Reference value :  5.79428e-09
 Reference value :  7.32036e-09
 Reference value :  8.84644e-09
 Reference value :  1.03725e-08
 Reference value :  1.18986e-08
 Reference value :  1.26520e-08
 Reference value :  1.34954e-08
 Reference value :  1.43789e-08
 Reference value :  1.53427e-08
 Reference value :  1.62262e-08
 Reference value :  1.70696e-08
 Reference value :  1.79130e-08
 Reference value :  1.89170e-08
 Reference value :  1.97603e-08
 Reference value :  2.06037e-08
 Reference value :  2.16077e-08
 Reference value :  2.24912e-08
 Reference value :  2.33747e-08
 Reference value :  2.42984e-08
 Reference value :  2.54630e-08
 Reference value :  2.63867e-08
 Reference value :  2.72702e-08
 Reference value :  2.83144e-08
 Reference value :  2.91979e-08
 Reference value :  3.01216e-08
 Reference value :  3.13666e-08
 Reference value :  3.22902e-08
 Reference value :  3.34147e-08
 Reference value :  3.44187e-08
 Reference value :  3.53022e-08
 Reference value :  3.60653e-08
 Reference value :  3.68685e-08
 Reference value :  3.78323e-08
 Reference value :  3.86355e-08
 Reference value :  3.94387e-08
 Reference value :  4.03222e-08
 Reference value :  4.12058e-08
 Reference value :  4.20090e-08
 Reference value :  4.28122e-08
 Reference value :  4.37760e-08
 Reference value :  4.46194e-08
 Reference value :  4.54226e-08
 Reference value :  4.62258e-08
 Reference value :  4.71494e-08
 Reference value :  4.79526e-08
 Reference value :  4.87558e-08
 Reference value :  4.95590e-08
 Reference value :  5.04827e-08
 Reference value :  5.12859e-08
 Reference value :  5.21293e-08
 Reference value :  5.30530e-08
 Reference value :  5.39365e-08
 Reference value :  5.48200e-08
 Reference value :  5.57437e-08
 Reference value :  5.67878e-08
 Reference value :  5.77115e-08
 Reference value :  5.86352e-08
 Reference value :  5.96794e-08
 Reference value :  6.06030e-08
 Reference value :  6.15267e-08
 Reference value :  6.25307e-08
 Reference value :  6.34946e-08
 Reference value :  6.44182e-08
 Reference value :  6.53821e-08
 Reference value :  6.64262e-08
 Reference value :  6.73499e-08
 Reference value :  6.82736e-08
 Reference value :  6.93579e-08
 Reference value :  7.02816e-08
 Reference value :  7.12454e-08
 Reference value :  7.22896e-08
 Reference value :  7.32534e-08
 Reference value :  7.41771e-08
 Reference value :  7.53418e-08
 Reference value :  7.62654e-08
 Reference value :  7.71891e-08
 Reference value :  7.81931e-08
 Reference value :  7.91570e-08
 Reference value :  8.00806e-08
 Reference value :  8.09642e-08
 Reference value :  8.20083e-08
 Reference value :  8.28918e-08
 Reference value :  8.37754e-08
 Reference value :  8.48195e-08
 Reference value :  8.56227e-08
 Reference value :  8.64259e-08
 Reference value :  8.72291e-08
 Reference value :  8.81930e-08
 Reference value :  8.90363e-08
 Reference value :  8.98797e-08
 Reference value :  9.08034e-08
 Reference value :  9.16869e-08
 Reference value :  9.25302e-08
 Reference value :  9.33334e-08
 Reference value :  9.42170e-08
 Reference value :  9.50603e-08
 Reference value :  9.58635e-08
 Reference value :  9.66667e-08
 Reference value :  9.77510e-08
 Reference value :  9.86747e-08
 Reference value :  9.95582e-08
 Reference value :  1.00643e-07
 Reference value :  1.01526e-07
 Reference value :  1.02450e-07
 Reference value :  1.03454e-07
 Reference value :  1.04337e-07
 Reference value :  1.05221e-07
 Reference value :  1.06064e-07
 Reference value :  1.07028e-07
 Reference value :  1.07871e-07
 Reference value :  1.08715e-07
 Reference value :  1.09598e-07
 Reference value :  1.10522e-07
 Reference value :  1.11325e-07
 Reference value :  1.12128e-07
 Reference value :  1.13012e-07
 Reference value :  1.13855e-07
 Reference value :  1.14658e-07
 Reference value :  1.15462e-07
 Reference value :  1.16425e-07
 Reference value :  1.17229e-07
 Reference value :  1.18072e-07
 Reference value :  1.19036e-07
 Reference value :  1.20040e-07
 Reference value :  1.21004e-07
 Reference value :  1.21968e-07
 Reference value :  1.23052e-07
 Reference value :  1.23935e-07
 Reference value :  1.24779e-07
 Reference value :  1.25662e-07
 Reference value :  1.26465e-07
 Reference value :  1.27269e-07
 Reference value :  1.28112e-07
 Reference value :  1.29196e-07
 Reference value :  1.30120e-07
 Reference value :  1.31044e-07
 Reference value :  1.32128e-07
 Reference value :  1.33052e-07
 Reference value :  1.34016e-07
 Reference value :  1.35060e-07
 Reference value :  1.36024e-07
 Reference value :  1.36947e-07
 Reference value :  1.37911e-07
 Reference value :  1.38955e-07
 Reference value :  1.39919e-07
 Reference value :  1.40803e-07
 Reference value :  1.41887e-07
 Reference value :  1.42971e-07
 Reference value :  1.43935e-07
 Reference value :  1.44979e-07
 Reference value :  1.45903e-07
 Reference value :  1.46827e-07
 Reference value :  1.47871e-07
 Reference value :  1.48835e-07
 Reference value :  1.49758e-07
 Reference value :  1.50682e-07
 Reference value :  1.51565e-07
 Reference value :  1.52409e-07
 Reference value :  1.53172e-07
 Reference value :  1.54136e-07
 Reference value :  1.55019e-07
 Reference value :  1.55863e-07
 Reference value :  1.56706e-07
 Reference value :  1.57670e-07
 Reference value :  1.58513e-07
 Reference value :  1.59397e-07
 Reference value :  1.60360e-07
 Reference value :  1.61244e-07
 Reference value :  1.62087e-07
 Reference value :  1.62931e-07
 Reference value :  1.63895e-07
 Reference value :  1.64738e-07
 Reference value :  1.65581e-07
 Reference value :  1.66545e-07
 Reference value :  1.67469e-07
 Reference value :  1.68312e-07
 Reference value :  1.69156e-07
 Reference value :  1.70119e-07
 Reference value :  1.70963e-07
 Reference value :  1.71806e-07
 Reference value :  1.72690e-07
 Reference value :  1.73613e-07
 Reference value :  1.74457e-07
 Reference value :  1.75220e-07
 Reference value :  1.76103e-07
 Reference value :  1.76947e-07
 Reference value :  1.77790e-07
 Reference value :  1.78593e-07
 Reference value :  1.79557e-07
 Reference value :  1.80360e-07
 Reference value :  1.81123e-07
 Reference value :  1.81967e-07
 Reference value :  1.82890e-07
 Reference value :  1.83734e-07
 Reference value :  1.84657e-07
 Reference value :  1.85661e-07
 Reference value :  1.86585e-07
 Reference value :  1.87468e-07
 Reference value :  1.88432e-07
 Reference value :  1.89436e-07
 Reference value :  1.90400e-07
 Reference value :  1.91284e-07
 Reference value :  1.92368e-07
 Reference value :  1.93292e-07
 Reference value :  1.94175e-07
 Reference value :  1.95179e-07
 Reference value :  1.96143e-07
 Reference value :  1.97107e-07
 Reference value :  1.98151e-07
 Reference value :  1.99115e-07
 Reference value :  2.00039e-07
 Reference value :  2.01002e-07
 Reference value :  2.02006e-07
 Reference value :  2.03010e-07
 Reference value :  2.03894e-07
 Reference value :  2.04978e-07
 Reference value :  2.05862e-07
 Reference value :  2.06785e-07
 Reference value :  2.07830e-07
 Reference value :  2.08753e-07
 Reference value :  2.09677e-07
 Reference value :  2.10721e-07
 Reference value :  2.11685e-07
 Reference value :  2.12609e-07
 Reference value :  2.13572e-07
 Reference value :  2.14657e-07
 Reference value :  2.15661e-07
 Reference value :  2.16625e-07
 Reference value :  2.17709e-07
 Reference value :  2.18633e-07
 Reference value :  2.19516e-07
 Reference value :  2.20600e-07
 Reference value :  2.21524e-07
 Reference value :  2.22448e-07
 Reference value :  2.23492e-07
 Reference value :  2.24416e-07
 Reference value :  2.25219e-07
 Reference value :  2.26022e-07
 Reference value :  2.27026e-07
 Reference value :  2.27869e-07
 Reference value :  2.28713e-07
 Reference value :  2.29596e-07
 Reference value :  2.30440e-07
 Reference value :  2.31203e-07
 Reference value :  2.31966e-07
 Reference value :  2.32849e-07
 Reference value :  2.33693e-07
 Reference value :  2.34576e-07
 Reference value :  2.35379e-07
 Reference value :  2.36383e-07
 Reference value :  2.37227e-07
 Reference value :  2.38030e-07
 Reference value :  2.38833e-07
 Reference value :  2.39717e-07
 Reference value :  2.40480e-07
No. of Data Rows : 6014
vhold_min           =  1.20000e+00 at=  2.52205e-10
tfirst              =  1.57114e-08
t1                  =  1.44960e-07
t2                  =  1.51266e-07
t3                  =  1.57573e-07
t4                  =  1.63879e-07
t5                  =  1.70185e-07
t6                  =  1.76491e-07
t7                  =  1.82798e-07
t8                  =  1.89104e-07
t9                  =  1.95410e-07
t10                 =  2.01717e-07
t11                 =  2.08023e-07
t12                 =  2.14329e-07
idd_run             =  -5.99082e-04 from=  1.44600e-07 to=  2.41000e-07
vmax                =  1.20833e+00 at=  1.79477e-07
vmin                =  -6.25040e-03 at=  1.82609e-07
Note: Simulation executed from .control section 
Warning: m=xx on .subckt line will override multiplier m hierarchy!

Note: Starting dynamic gmin stepping
Note: Dynamic gmin stepping completed
Note: Starting dynamic gmin stepping
Note: Dynamic gmin stepping completed
