
Note: Compatibility modes selected: hs a


Circuit: * tt_analog_ring, code 0

Doing analysis at TEMP = 27.000000 and TNOM = 27.000000

Using SPARSE 1.3 as Direct Linear Solver
 Reference value :  0.00000e+00
No. of Data Rows : 1
idd_dis=5.59059E-06 vbp=0.856925 vbn=0.260621 clk_dis=1.2
Doing analysis at TEMP = 27.000000 and TNOM = 27.000000

Using SPARSE 1.3 as Direct Linear Solver

Initial Transient Solution
--------------------------

Node                                   Voltage
----                                   -------
vpwr                                       1.2
code[0]                                      0
code[1]                                      0
code[2]                                      0
code[3]                                      0
code[4]                                      0
code[5]                                      0
code[6]                                      0
code[7]                                      0
enable                                       0
xdut.vbp                              0.856925
clk_out                                    1.2
xdut.b1                            1.70193e-07
xdut.s3                            1.17959e-05
xdut.s2                                1.19999
xdut.n_126                             1.19999
xdut.s1                            1.08795e-05
xdut.n_125                             1.19999
xdut.s10                               1.19999
xdut.s6                                1.19999
xdut.s5                            8.97026e-06
xdut.n_128                             1.19999
xdut.s9                             1.4846e-05
xdut.n_133                             1.19999
xdut.s4                                1.19999
xdut.n_129                             1.19999
xdut.s8                                    1.2
xdut.n_132                             1.19999
xdut.s7                            8.85935e-06
xdut.n_130                             1.19999
xdut.n_127                             1.19999
xdut.n_131                                 1.2
xdut.s0                                1.19999
xdut.n_124                             1.19999
xdut.n_71                           1.0752e-05
xdut.n_72                          8.78534e-06
xdut.n_70                          1.00201e-06
xdut.n_77                          1.17111e-05
xdut.n_75                          2.70608e-06
xdut.n_73                          1.78413e-06
xdut.n_67                          2.99354e-06
xdut.n_76                           7.0973e-07
xdut.n_69                          1.47472e-05
xdut.n_74                          8.89154e-06
xdut.n_122                             1.19999
xdut.n_i1005                           1.01788
xdut.n_68                          4.15747e-06
xdut.vbn                              0.260621
ven#branch                         7.14057e-12
vc7#branch                         6.48238e-12
vc6#branch                         3.23831e-12
vc5#branch                         1.62462e-12
vc4#branch                         8.07045e-13
vc3#branch                         4.05872e-13
vc2#branch                         2.01472e-13
vc1#branch                         1.04044e-13
vc0#branch                         5.02674e-14
vdd#branch                        -5.59059e-06

 Reference value :  0.00000e+00
 Reference value :  2.43104e-07
 Reference value :  5.13297e-07
 Reference value :  7.83490e-07
 Reference value :  1.05300e-06
 Reference value :  1.13738e-06
 Reference value :  1.26371e-06
 Reference value :  1.39082e-06
 Reference value :  1.51714e-06
 Reference value :  1.61659e-06
 Reference value :  1.69028e-06
 Reference value :  1.77098e-06
 Reference value :  1.84328e-06
 Reference value :  1.91697e-06
 Reference value :  1.99066e-06
 Reference value :  2.05844e-06
 Reference value :  2.12862e-06
 Reference value :  2.20231e-06
 Reference value :  2.28255e-06
 Reference value :  2.36109e-06
 Reference value :  2.43477e-06
 Reference value :  2.50495e-06
 Reference value :  2.57199e-06
 Reference value :  2.63866e-06
 Reference value :  2.70884e-06
 Reference value :  2.78413e-06
 Reference value :  2.86107e-06
 Reference value :  2.93125e-06
 Reference value :  3.00143e-06
 Reference value :  3.06972e-06
 Reference value :  3.13639e-06
 Reference value :  3.21008e-06
 Reference value :  3.28038e-06
 Reference value :  3.35970e-06
 Reference value :  3.43339e-06
 Reference value :  3.50708e-06
 Reference value :  3.57470e-06
 Reference value :  3.64488e-06
 Reference value :  3.71857e-06
 Reference value :  3.79458e-06
 Reference value :  3.86827e-06
 Reference value :  3.94547e-06
 Reference value :  4.05044e-06
 Reference value :  4.17325e-06
 Reference value :  4.29927e-06
 Reference value :  4.41156e-06
 Reference value :  4.53598e-06
 Reference value :  4.64947e-06
 Reference value :  4.77479e-06
 Reference value :  4.90463e-06
 Reference value :  5.02744e-06
 Reference value :  5.14784e-06
 Reference value :  5.25662e-06
 Reference value :  5.37794e-06
 Reference value :  5.50777e-06
 Reference value :  5.61872e-06
 Reference value :  5.69592e-06
 Reference value :  5.82059e-06
 Reference value :  5.89779e-06
 Reference value :  5.97148e-06
 Reference value :  6.03571e-06
 Reference value :  6.10940e-06
 Reference value :  6.18309e-06
 Reference value :  6.26335e-06
 Reference value :  6.33986e-06
 Reference value :  6.41355e-06
 Reference value :  6.48724e-06
 Reference value :  6.55834e-06
 Reference value :  6.63203e-06
 Reference value :  6.70572e-06
 Reference value :  6.78525e-06
 Reference value :  6.85894e-06
 Reference value :  6.93263e-06
 Reference value :  7.01334e-06
 Reference value :  7.06915e-06
 Reference value :  7.13933e-06
 Reference value :  7.20951e-06
 Reference value :  7.30035e-06
 Reference value :  7.37053e-06
 Reference value :  7.45475e-06
 Reference value :  7.52518e-06
 Reference value :  7.59781e-06
 Reference value :  7.70308e-06
 Reference value :  7.80389e-06
 Reference value :  7.88460e-06
 Reference value :  7.96179e-06
 Reference value :  8.03156e-06
 Reference value :  8.10174e-06
 Reference value :  8.19297e-06
 Reference value :  8.31942e-06
 Reference value :  8.43872e-06
 Reference value :  8.55739e-06
 Reference value :  8.67670e-06
 Reference value :  8.79954e-06
 Reference value :  8.89078e-06
 Reference value :  8.98903e-06
 Reference value :  9.10588e-06
 Reference value :  9.23571e-06
 Reference value :  9.34998e-06
 Reference value :  9.42367e-06
 Reference value :  9.50086e-06
 Reference value :  9.56397e-06
 Reference value :  9.65872e-06
 Reference value :  9.75804e-06
 Reference value :  9.88086e-06
 Reference value :  1.00065e-05
 Reference value :  1.00972e-05
 Reference value :  1.01709e-05
 Reference value :  1.02498e-05
 Reference value :  1.03551e-05
 Reference value :  1.04252e-05
 Reference value :  1.05049e-05
 Reference value :  1.05642e-05
 Reference value :  1.06379e-05
 Reference value :  1.07589e-05
 Reference value :  1.08467e-05
 Reference value :  1.09239e-05
 Reference value :  1.10416e-05
 Reference value :  1.11679e-05
 Reference value :  1.12925e-05
 Reference value :  1.14189e-05
 Reference value :  1.15329e-05
 Reference value :  1.16592e-05
 Reference value :  1.17946e-05
 Reference value :  1.19244e-05
 Reference value :  1.20459e-05
 Reference value :  1.21687e-05
 Reference value :  1.23038e-05
 Reference value :  1.24337e-05
 Reference value :  1.25435e-05
 Reference value :  1.26663e-05
 Reference value :  1.28012e-05
 Reference value :  1.29275e-05
 Reference value :  1.30560e-05
 Reference value :  1.31789e-05
 Reference value :  1.33065e-05
 Reference value :  1.34328e-05
 Reference value :  1.35524e-05
 Reference value :  1.36682e-05
 Reference value :  1.38032e-05
 Reference value :  1.39295e-05
 Reference value :  1.40501e-05
 Reference value :  1.41729e-05
 Reference value :  1.43022e-05
 Reference value :  1.44285e-05
 Reference value :  1.45521e-05
 Reference value :  1.46749e-05
 Reference value :  1.47998e-05
 Reference value :  1.49261e-05
 Reference value :  1.50396e-05
 Reference value :  1.51624e-05
 Reference value :  1.52955e-05
 Reference value :  1.54218e-05
 Reference value :  1.55448e-05
 Reference value :  1.56712e-05
 Reference value :  1.57996e-05
 Reference value :  1.59259e-05
 Reference value :  1.60507e-05
 Reference value :  1.61840e-05
 Reference value :  1.63157e-05
 Reference value :  1.64420e-05
 Reference value :  1.65638e-05
 Reference value :  1.66691e-05
 Reference value :  1.67760e-05
 Reference value :  1.68848e-05
 Reference value :  1.69655e-05
 Reference value :  1.70586e-05
 Reference value :  1.71499e-05
 Reference value :  1.72655e-05
 Reference value :  1.73918e-05
 Reference value :  1.75033e-05
 Reference value :  1.76191e-05
 Reference value :  1.77388e-05
 Reference value :  1.78546e-05
 Reference value :  1.79769e-05
 Reference value :  1.80819e-05
 Reference value :  1.82117e-05
 Reference value :  1.83299e-05
 Reference value :  1.84036e-05
 Reference value :  1.84786e-05
 Reference value :  1.85523e-05
 Reference value :  1.86260e-05
 Reference value :  1.87067e-05
 Reference value :  1.87789e-05
 Reference value :  1.88561e-05
 Reference value :  1.89333e-05
 Reference value :  1.89981e-05
 Reference value :  1.90717e-05
 Reference value :  1.91489e-05
 Reference value :  1.92318e-05
 Reference value :  1.93090e-05
 Reference value :  1.93862e-05
 Reference value :  1.94669e-05
 Reference value :  1.95251e-05
 Reference value :  1.95988e-05
 Reference value :  1.96795e-05
 Reference value :  1.97516e-05
 Reference value :  1.98288e-05
 Reference value :  1.99025e-05
 Reference value :  1.99704e-05
 Reference value :  2.00368e-05
 Reference value :  2.01105e-05
 Reference value :  2.01912e-05
 Reference value :  2.02630e-05
 Reference value :  2.03402e-05
 Reference value :  2.04138e-05
 Reference value :  2.04842e-05
 Reference value :  2.05544e-05
 Reference value :  2.06280e-05
 Reference value :  2.07045e-05
 Reference value :  2.07843e-05
 Reference value :  2.08615e-05
 Reference value :  2.09352e-05
 Reference value :  2.10098e-05
No. of Data Rows : 6092
vhold_min           =  1.20000e+00 at=  2.55455e-08
tfirst              =  1.28303e-06
t1                  =  1.29978e-05
t2                  =  1.34966e-05
t3                  =  1.39934e-05
t4                  =  1.44900e-05
t5                  =  1.49888e-05
t6                  =  1.54867e-05
t7                  =  1.59854e-05
t8                  =  1.64842e-05
t9                  =  1.69811e-05
t10                 =  1.74782e-05
t11                 =  1.79756e-05
t12                 =  1.84722e-05
idd_run             =  -6.63381e-06 from=  1.26300e-05 to=  2.10500e-05
vmax                =  1.21295e+00 at=  1.44942e-05
vmin                =  -1.09961e-02 at=  1.67209e-05
Note: Simulation executed from .control section 
Warning: m=xx on .subckt line will override multiplier m hierarchy!

Note: Starting dynamic gmin stepping
Note: Dynamic gmin stepping completed
Note: Starting dynamic gmin stepping
Note: Dynamic gmin stepping completed
