
Note: No compatibility mode selected!


Circuit: * tt_analog_ring, code 2

Doing analysis at TEMP = -40.000000 and TNOM = 27.000000

Using SPARSE 1.3 as Direct Linear Solver
 Reference value :  0.00000e+00
No. of Data Rows : 1
idd_dis=1.21239E-05 vbp=0.740633 vbn=0.388536 clk_dis=1.2
Doing analysis at TEMP = -40.000000 and TNOM = 27.000000

Using SPARSE 1.3 as Direct Linear Solver

Initial Transient Solution
--------------------------

Node                                   Voltage
----                                   -------
vpwr                                       1.2
code[0]                                      0
code[1]                                    1.2
code[2]                                      0
code[3]                                      0
code[4]                                      0
code[5]                                      0
code[6]                                      0
code[7]                                      0
enable                                       0
xdut.vbp                              0.740633
xdut.vbn                              0.388536
xdut.n0                            3.93527e-09
xdut.p0                                    1.2
xdut.na0                              0.904669
xdut.s0                                    1.2
xdut.s10                                   1.2
xdut.n1                             5.7405e-07
xdut.p1                                    1.2
xdut.s1                            5.81899e-07
xdut.n2                             3.6931e-09
xdut.p2                                    1.2
xdut.s2                                    1.2
xdut.n3                            5.72427e-07
xdut.p3                                    1.2
xdut.s3                             5.8025e-07
xdut.n4                            3.69292e-09
xdut.p4                                1.19778
xdut.s4                                1.19772
xdut.n5                            5.72225e-07
xdut.p5                                    1.2
xdut.s5                            5.80092e-07
xdut.n6                             3.6931e-09
xdut.p6                                    1.2
xdut.s6                                    1.2
xdut.n7                             5.7405e-07
xdut.p7                                    1.2
xdut.s7                            5.81899e-07
xdut.n8                             3.6931e-09
xdut.p8                                    1.2
xdut.s8                                    1.2
xdut.n9                             5.7405e-07
xdut.p9                                    1.2
xdut.s9                            5.81899e-07
xdut.n10                            3.6931e-09
xdut.p10                                   1.2
xdut.b1                            2.12626e-08
clk_out                                    1.2
ven#branch                         1.49145e-12
vc7#branch                         4.42519e-13
vc6#branch                          2.2126e-13
vc5#branch                          1.1063e-13
vc4#branch                         5.53149e-14
vc3#branch                         2.76574e-14
vc2#branch                         1.38287e-14
vc1#branch                        -1.35621e-10
vc0#branch                         3.45718e-15
vdd#branch                        -1.21239e-05

 Reference value :  0.00000e+00
 Reference value :  2.24615e-08
 Reference value :  5.15213e-08
 Reference value :  8.05811e-08
 Reference value :  1.10496e-07
 Reference value :  1.40410e-07
 Reference value :  1.69470e-07
 Reference value :  2.00239e-07
 Reference value :  2.30154e-07
 Reference value :  2.56465e-07
 Reference value :  2.66791e-07
 Reference value :  2.80466e-07
 Reference value :  2.94996e-07
 Reference value :  3.11235e-07
 Reference value :  3.24363e-07
 Reference value :  3.38893e-07
 Reference value :  3.53423e-07
 Reference value :  3.69662e-07
 Reference value :  3.82050e-07
 Reference value :  3.96580e-07
 Reference value :  4.11110e-07
 Reference value :  4.26494e-07
 Reference value :  4.38301e-07
 Reference value :  4.52831e-07
 Reference value :  4.67361e-07
 Reference value :  4.82746e-07
 Reference value :  4.95928e-07
 Reference value :  5.09604e-07
 Reference value :  5.24134e-07
 Reference value :  5.38999e-07
 Reference value :  5.55201e-07
 Reference value :  5.70586e-07
 Reference value :  5.85116e-07
 Reference value :  5.99177e-07
 Reference value :  6.13707e-07
 Reference value :  6.28237e-07
 Reference value :  6.43621e-07
 Reference value :  6.57296e-07
 Reference value :  6.70971e-07
 Reference value :  6.86356e-07
 Reference value :  7.01741e-07
 Reference value :  7.14930e-07
 Reference value :  7.29460e-07
 Reference value :  7.44844e-07
 Reference value :  7.60229e-07
 Reference value :  7.74106e-07
 Reference value :  7.90345e-07
 Reference value :  8.05730e-07
 Reference value :  8.19692e-07
 Reference value :  8.35077e-07
 Reference value :  8.49607e-07
 Reference value :  8.64991e-07
 Reference value :  8.80547e-07
 Reference value :  8.95931e-07
 Reference value :  9.11316e-07
 Reference value :  9.27555e-07
 Reference value :  9.40631e-07
 Reference value :  9.56016e-07
 Reference value :  9.71400e-07
 Reference value :  9.86142e-07
 Reference value :  1.00153e-06
 Reference value :  1.01691e-06
 Reference value :  1.03230e-06
 Reference value :  1.04623e-06
 Reference value :  1.06076e-06
 Reference value :  1.07529e-06
 Reference value :  1.09068e-06
 Reference value :  1.10540e-06
 Reference value :  1.11993e-06
 Reference value :  1.13446e-06
 Reference value :  1.15070e-06
 Reference value :  1.16367e-06
 Reference value :  1.17820e-06
 Reference value :  1.19359e-06
 Reference value :  1.20846e-06
 Reference value :  1.22378e-06
 Reference value :  1.23831e-06
 Reference value :  1.25284e-06
 Reference value :  1.26494e-06
 Reference value :  1.27853e-06
 Reference value :  1.29392e-06
 Reference value :  1.30845e-06
 Reference value :  1.32330e-06
 Reference value :  1.33868e-06
 Reference value :  1.35321e-06
 Reference value :  1.36689e-06
 Reference value :  1.38056e-06
 Reference value :  1.39680e-06
 Reference value :  1.41133e-06
 Reference value :  1.42757e-06
 Reference value :  1.44159e-06
 Reference value :  1.45698e-06
 Reference value :  1.47065e-06
 Reference value :  1.48594e-06
 Reference value :  1.49796e-06
 Reference value :  1.51249e-06
 Reference value :  1.52787e-06
 Reference value :  1.54278e-06
 Reference value :  1.55901e-06
 Reference value :  1.57354e-06
 Reference value :  1.58807e-06
 Reference value :  1.60168e-06
 Reference value :  1.61621e-06
 Reference value :  1.63159e-06
 Reference value :  1.64698e-06
 Reference value :  1.66275e-06
 Reference value :  1.67643e-06
 Reference value :  1.69181e-06
 Reference value :  1.70805e-06
 Reference value :  1.71907e-06
 Reference value :  1.73360e-06
 Reference value :  1.74899e-06
 Reference value :  1.76437e-06
 Reference value :  1.77844e-06
 Reference value :  1.79382e-06
 Reference value :  1.80921e-06
 Reference value :  1.82206e-06
 Reference value :  1.83646e-06
 Reference value :  1.85185e-06
 Reference value :  1.86723e-06
 Reference value :  1.88216e-06
 Reference value :  1.89754e-06
 Reference value :  1.91293e-06
 Reference value :  1.92831e-06
 Reference value :  1.93933e-06
 Reference value :  1.95386e-06
 Reference value :  1.96839e-06
 Reference value :  1.98463e-06
 Reference value :  1.99871e-06
 Reference value :  2.01409e-06
 Reference value :  2.02776e-06
 Reference value :  2.04303e-06
 Reference value :  2.05586e-06
 Reference value :  2.06954e-06
 Reference value :  2.08492e-06
 Reference value :  2.09986e-06
 Reference value :  2.11610e-06
 Reference value :  2.13149e-06
 Reference value :  2.14773e-06
 Reference value :  2.15958e-06
 Reference value :  2.17325e-06
 Reference value :  2.18864e-06
 Reference value :  2.20402e-06
 Reference value :  2.21811e-06
 Reference value :  2.23264e-06
 Reference value :  2.24803e-06
 Reference value :  2.26427e-06
 Reference value :  2.27611e-06
 Reference value :  2.29064e-06
 Reference value :  2.30602e-06
 Reference value :  2.32141e-06
 Reference value :  2.33550e-06
 Reference value :  2.35089e-06
 Reference value :  2.36627e-06
 Reference value :  2.37849e-06
 Reference value :  2.39177e-06
 Reference value :  2.40630e-06
 Reference value :  2.42169e-06
 Reference value :  2.43579e-06
 Reference value :  2.45118e-06
 Reference value :  2.46571e-06
 Reference value :  2.48109e-06
 Reference value :  2.49376e-06
 Reference value :  2.50829e-06
 Reference value :  2.52197e-06
 Reference value :  2.53735e-06
 Reference value :  2.55061e-06
 Reference value :  2.56514e-06
 Reference value :  2.57967e-06
 Reference value :  2.59334e-06
 Reference value :  2.60515e-06
 Reference value :  2.61883e-06
 Reference value :  2.63336e-06
 Reference value :  2.64789e-06
 Reference value :  2.66200e-06
 Reference value :  2.67568e-06
 Reference value :  2.68936e-06
 Reference value :  2.70474e-06
 Reference value :  2.71654e-06
 Reference value :  2.73022e-06
 Reference value :  2.74475e-06
 Reference value :  2.75928e-06
 Reference value :  2.77340e-06
 Reference value :  2.78793e-06
 Reference value :  2.80246e-06
 Reference value :  2.81699e-06
 Reference value :  2.82879e-06
 Reference value :  2.84246e-06
 Reference value :  2.85699e-06
 Reference value :  2.87152e-06
 Reference value :  2.88479e-06
 Reference value :  2.89932e-06
 Reference value :  2.91471e-06
 Reference value :  2.93009e-06
 Reference value :  2.94103e-06
 Reference value :  2.95556e-06
 Reference value :  2.97009e-06
 Reference value :  2.98633e-06
 Reference value :  3.00046e-06
 Reference value :  3.01584e-06
 Reference value :  3.03037e-06
 Reference value :  3.04559e-06
 Reference value :  3.05840e-06
 Reference value :  3.07293e-06
 Reference value :  3.08746e-06
 Reference value :  3.10181e-06
 Reference value :  3.11613e-06
 Reference value :  3.13151e-06
 Reference value :  3.14690e-06
 Reference value :  3.15881e-06
 Reference value :  3.17235e-06
 Reference value :  3.18688e-06
 Reference value :  3.20056e-06
 Reference value :  3.21384e-06
 Reference value :  3.22837e-06
 Reference value :  3.24290e-06
 Reference value :  3.25829e-06
 Reference value :  3.27178e-06
 Reference value :  3.28631e-06
 Reference value :  3.30169e-06
 Reference value :  3.31708e-06
 Reference value :  3.33122e-06
 Reference value :  3.34575e-06
 Reference value :  3.36114e-06
 Reference value :  3.37652e-06
 Reference value :  3.38829e-06
 Reference value :  3.40282e-06
 Reference value :  3.41735e-06
 Reference value :  3.43359e-06
 Reference value :  3.44689e-06
 Reference value :  3.46313e-06
 Reference value :  3.47851e-06
 Reference value :  3.49240e-06
 Reference value :  3.50652e-06
 Reference value :  3.52276e-06
 Reference value :  3.53729e-06
 Reference value :  3.55230e-06
 Reference value :  3.56768e-06
 Reference value :  3.58307e-06
 Reference value :  3.59845e-06
 Reference value :  3.61022e-06
 Reference value :  3.62560e-06
 Reference value :  3.64013e-06
 Reference value :  3.65637e-06
 Reference value :  3.66882e-06
 Reference value :  3.68335e-06
 Reference value :  3.69959e-06
 Reference value :  3.71392e-06
 Reference value :  3.72673e-06
 Reference value :  3.74041e-06
 Reference value :  3.75494e-06
 Reference value :  3.76947e-06
 Reference value :  3.78192e-06
 Reference value :  3.79730e-06
 Reference value :  3.81183e-06
 Reference value :  3.82602e-06
 Reference value :  3.83812e-06
 Reference value :  3.85179e-06
 Reference value :  3.86632e-06
 Reference value :  3.88154e-06
 Reference value :  3.89587e-06
 Reference value :  3.91040e-06
 Reference value :  3.92579e-06
 Reference value :  3.93795e-06
 Reference value :  3.95207e-06
 Reference value :  3.96745e-06
 Reference value :  3.98113e-06
 Reference value :  3.99530e-06
 Reference value :  4.00983e-06
 Reference value :  4.02436e-06
 Reference value :  4.03889e-06
 Reference value :  4.05149e-06
 Reference value :  4.06516e-06
 Reference value :  4.08055e-06
 Reference value :  4.09508e-06
 Reference value :  4.10840e-06
 Reference value :  4.12208e-06
 Reference value :  4.13575e-06
 Reference value :  4.15028e-06
 Reference value :  4.16287e-06
 Reference value :  4.17655e-06
 Reference value :  4.19193e-06
 Reference value :  4.20646e-06
 Reference value :  4.22150e-06
 Reference value :  4.23688e-06
 Reference value :  4.25227e-06
 Reference value :  4.26680e-06
 Reference value :  4.27939e-06
 Reference value :  4.29392e-06
 Reference value :  4.30845e-06
 Reference value :  4.32469e-06
 Reference value :  4.33716e-06
 Reference value :  4.35084e-06
 Reference value :  4.36537e-06
 Reference value :  4.38075e-06
 Reference value :  4.39163e-06
 Reference value :  4.40530e-06
 Reference value :  4.41898e-06
 Reference value :  4.43436e-06
 Reference value :  4.44770e-06
 Reference value :  4.46137e-06
 Reference value :  4.47590e-06
 Reference value :  4.49129e-06
 Reference value :  4.50216e-06
 Reference value :  4.51669e-06
 Reference value :  4.53122e-06
 Reference value :  4.54746e-06
 Reference value :  4.56080e-06
 Reference value :  4.57704e-06
 Reference value :  4.59157e-06
 Reference value :  4.60572e-06
 Reference value :  4.61781e-06
 Reference value :  4.63149e-06
 Reference value :  4.64602e-06
 Reference value :  4.66055e-06
 Reference value :  4.67389e-06
 Reference value :  4.68842e-06
 Reference value :  4.70295e-06
 Reference value :  4.71710e-06
 Reference value :  4.73005e-06
 Reference value :  4.74373e-06
 Reference value :  4.75826e-06
 Reference value :  4.77264e-06
 Reference value :  4.78699e-06
 Reference value :  4.80152e-06
 Reference value :  4.81605e-06
 Reference value :  4.82904e-06
 Reference value :  4.84229e-06
 Reference value :  4.85682e-06
 Reference value :  4.87135e-06
 Reference value :  4.88470e-06
 Reference value :  4.89923e-06
 Reference value :  4.91291e-06
 Reference value :  4.92744e-06
 Reference value :  4.94042e-06
 Reference value :  4.95453e-06
 Reference value :  4.96991e-06
 Reference value :  4.98444e-06
 Reference value :  4.99951e-06
 Reference value :  5.01489e-06
 Reference value :  5.03028e-06
 Reference value :  5.04481e-06
 Reference value :  5.05736e-06
 Reference value :  5.07189e-06
 Reference value :  5.08642e-06
 Reference value :  5.10266e-06
 Reference value :  5.11602e-06
No. of Data Rows : 6089
vhold_min           =  1.20000e+00 at=  1.36752e-10
tfirst              =  3.14238e-07
t1                  =  3.15717e-06
t2                  =  3.26856e-06
t3                  =  3.37995e-06
t4                  =  3.49134e-06
t5                  =  3.60273e-06
t6                  =  3.71412e-06
t7                  =  3.82550e-06
t8                  =  3.93689e-06
t9                  =  4.04828e-06
t10                 =  4.15967e-06
t11                 =  4.27105e-06
t12                 =  4.38244e-06
idd_run             =  -1.28067e-05 from=  3.07700e-06 to=  5.12800e-06
vmax                =  1.21501e+00 at=  3.38101e-06
vmin                =  -2.19707e-02 at=  5.10679e-06
Note: Simulation executed from .control section 
Note: Starting dynamic gmin stepping
Note: Dynamic gmin stepping completed
Note: Starting dynamic gmin stepping
Note: Dynamic gmin stepping completed
