
Note: No compatibility mode selected!


Circuit: * tt_analog_ring, code 64

Doing analysis at TEMP = 125.000000 and TNOM = 27.000000

Using SPARSE 1.3 as Direct Linear Solver
 Reference value :  0.00000e+00
No. of Data Rows : 1
idd_dis=0.000129691 vbp=0.71166 vbn=0.371587 clk_dis=1.2
Doing analysis at TEMP = 125.000000 and TNOM = 27.000000

Using SPARSE 1.3 as Direct Linear Solver

Initial Transient Solution
--------------------------

Node                                   Voltage
----                                   -------
vpwr                                       1.2
code[0]                                      0
code[1]                                      0
code[2]                                      0
code[3]                                      0
code[4]                                      0
code[5]                                      0
code[6]                                    1.2
code[7]                                      0
enable                                       0
xdut.vbp                               0.71166
xdut.vbn                              0.371587
xdut.n0                            2.49903e-05
xdut.p0                                1.19997
xdut.na0                               1.01689
xdut.s0                                1.19997
xdut.s10                               1.19998
xdut.n1                            4.53877e-05
xdut.p1                                1.19995
xdut.s1                            4.94426e-05
xdut.n2                            1.24668e-05
xdut.p2                                1.19999
xdut.s2                                1.19998
xdut.n3                            4.53755e-05
xdut.p3                                1.19995
xdut.s3                            4.94292e-05
xdut.n4                            1.24668e-05
xdut.p4                                1.19999
xdut.s4                                1.19998
xdut.n5                            4.53755e-05
xdut.p5                                1.19995
xdut.s5                            4.94292e-05
xdut.n6                            1.24668e-05
xdut.p6                                1.19999
xdut.s6                                1.19998
xdut.n7                            4.53755e-05
xdut.p7                                1.19995
xdut.s7                            4.94292e-05
xdut.n8                            1.24668e-05
xdut.p8                                1.19999
xdut.s8                                1.19998
xdut.n9                            4.53755e-05
xdut.p9                                1.19995
xdut.s9                            4.94292e-05
xdut.n10                           1.24668e-05
xdut.p10                               1.19999
xdut.b1                            4.18282e-06
clk_out                                    1.2
ven#branch                         1.19663e-11
vc7#branch                         1.27261e-11
vc6#branch                        -4.95136e-08
vc5#branch                         3.18154e-12
vc4#branch                         1.59077e-12
vc3#branch                         7.95384e-13
vc2#branch                         3.97692e-13
vc1#branch                         1.98846e-13
vc0#branch                          9.9423e-14
vdd#branch                        -0.000129691

 Reference value :  0.00000e+00
 Reference value :  1.54920e-09
 Reference value :  3.40105e-09
 Reference value :  5.14708e-09
 Reference value :  6.99893e-09
 Reference value :  8.79787e-09
 Reference value :  1.06497e-08
 Reference value :  1.24487e-08
 Reference value :  1.42476e-08
 Reference value :  1.59070e-08
 Reference value :  1.68959e-08
 Reference value :  1.79541e-08
 Reference value :  1.90123e-08
 Reference value :  2.01234e-08
 Reference value :  2.12345e-08
 Reference value :  2.23986e-08
 Reference value :  2.35097e-08
 Reference value :  2.46208e-08
 Reference value :  2.56790e-08
 Reference value :  2.67901e-08
 Reference value :  2.80070e-08
 Reference value :  2.90652e-08
 Reference value :  3.01763e-08
 Reference value :  3.12874e-08
 Reference value :  3.23986e-08
 Reference value :  3.36155e-08
 Reference value :  3.46737e-08
 Reference value :  3.57319e-08
 Reference value :  3.67901e-08
 Reference value :  3.79012e-08
 Reference value :  3.90652e-08
 Reference value :  4.01763e-08
 Reference value :  4.12874e-08
 Reference value :  4.24515e-08
 Reference value :  4.35626e-08
 Reference value :  4.47266e-08
 Reference value :  4.58906e-08
 Reference value :  4.71075e-08
 Reference value :  4.81657e-08
 Reference value :  4.93298e-08
 Reference value :  5.04938e-08
 Reference value :  5.16049e-08
 Reference value :  5.27160e-08
 Reference value :  5.38800e-08
 Reference value :  5.49911e-08
 Reference value :  5.61551e-08
 Reference value :  5.72663e-08
 Reference value :  5.84303e-08
 Reference value :  5.94885e-08
 Reference value :  6.05467e-08
 Reference value :  6.17107e-08
 Reference value :  6.27689e-08
 Reference value :  6.38271e-08
 Reference value :  6.48324e-08
 Reference value :  6.58906e-08
 Reference value :  6.70546e-08
 Reference value :  6.81657e-08
 Reference value :  6.92239e-08
 Reference value :  7.02292e-08
 Reference value :  7.12874e-08
 Reference value :  7.24514e-08
 Reference value :  7.35096e-08
 Reference value :  7.45678e-08
 Reference value :  7.56260e-08
 Reference value :  7.67371e-08
 Reference value :  7.79012e-08
 Reference value :  7.90123e-08
 Reference value :  8.00176e-08
 Reference value :  8.10758e-08
 Reference value :  8.21340e-08
 Reference value :  8.32451e-08
 Reference value :  8.43033e-08
 Reference value :  8.53615e-08
 Reference value :  8.64197e-08
 Reference value :  8.74779e-08
 Reference value :  8.84832e-08
 Reference value :  8.97001e-08
 Reference value :  9.08641e-08
 Reference value :  9.19223e-08
 Reference value :  9.29805e-08
 Reference value :  9.40387e-08
 Reference value :  9.52027e-08
 Reference value :  9.62609e-08
 Reference value :  9.73191e-08
 Reference value :  9.83773e-08
 Reference value :  9.94355e-08
 Reference value :  1.00600e-07
 Reference value :  1.01711e-07
 Reference value :  1.02769e-07
 Reference value :  1.03880e-07
 Reference value :  1.04938e-07
 Reference value :  1.06155e-07
 Reference value :  1.07266e-07
 Reference value :  1.08377e-07
 Reference value :  1.09488e-07
 Reference value :  1.10600e-07
 Reference value :  1.11869e-07
 Reference value :  1.12980e-07
 Reference value :  1.14092e-07
 Reference value :  1.15203e-07
 Reference value :  1.16367e-07
 Reference value :  1.17584e-07
 Reference value :  1.18642e-07
 Reference value :  1.19753e-07
 Reference value :  1.20864e-07
 Reference value :  1.21922e-07
 Reference value :  1.23139e-07
 Reference value :  1.24250e-07
 Reference value :  1.25361e-07
 Reference value :  1.26367e-07
 Reference value :  1.27478e-07
 Reference value :  1.28642e-07
 Reference value :  1.29753e-07
 Reference value :  1.30864e-07
 Reference value :  1.31922e-07
 Reference value :  1.33033e-07
 Reference value :  1.34197e-07
 Reference value :  1.35361e-07
 Reference value :  1.36473e-07
 Reference value :  1.37584e-07
 Reference value :  1.38642e-07
 Reference value :  1.39806e-07
 Reference value :  1.40917e-07
 Reference value :  1.41975e-07
 Reference value :  1.43033e-07
 Reference value :  1.44039e-07
 Reference value :  1.45097e-07
 Reference value :  1.46314e-07
 Reference value :  1.47425e-07
 Reference value :  1.48536e-07
 Reference value :  1.49594e-07
 Reference value :  1.50705e-07
 Reference value :  1.51816e-07
 Reference value :  1.52875e-07
 Reference value :  1.53986e-07
 Reference value :  1.55097e-07
 Reference value :  1.56155e-07
 Reference value :  1.57372e-07
 Reference value :  1.58430e-07
 Reference value :  1.59488e-07
 Reference value :  1.60599e-07
 Reference value :  1.61658e-07
 Reference value :  1.62822e-07
 Reference value :  1.63933e-07
 Reference value :  1.64991e-07
 Reference value :  1.66102e-07
 Reference value :  1.67160e-07
 Reference value :  1.68324e-07
 Reference value :  1.69435e-07
 Reference value :  1.70547e-07
 Reference value :  1.71605e-07
 Reference value :  1.72716e-07
 Reference value :  1.73986e-07
 Reference value :  1.75097e-07
 Reference value :  1.76155e-07
 Reference value :  1.77213e-07
 Reference value :  1.78219e-07
 Reference value :  1.79330e-07
 Reference value :  1.80441e-07
 Reference value :  1.81499e-07
 Reference value :  1.82557e-07
 Reference value :  1.83615e-07
 Reference value :  1.84779e-07
 Reference value :  1.85838e-07
 Reference value :  1.86949e-07
 Reference value :  1.88007e-07
 Reference value :  1.89171e-07
 Reference value :  1.90335e-07
 Reference value :  1.91499e-07
 Reference value :  1.92557e-07
 Reference value :  1.93668e-07
 Reference value :  1.94726e-07
 Reference value :  1.95785e-07
 Reference value :  1.96896e-07
 Reference value :  1.97901e-07
 Reference value :  1.99012e-07
 Reference value :  2.00017e-07
 Reference value :  2.01129e-07
 Reference value :  2.02293e-07
 Reference value :  2.03404e-07
 Reference value :  2.04515e-07
 Reference value :  2.05573e-07
 Reference value :  2.06631e-07
 Reference value :  2.07689e-07
 Reference value :  2.08800e-07
 Reference value :  2.09859e-07
 Reference value :  2.10864e-07
 Reference value :  2.11922e-07
 Reference value :  2.13086e-07
 Reference value :  2.14144e-07
 Reference value :  2.15150e-07
 Reference value :  2.16208e-07
 Reference value :  2.17266e-07
 Reference value :  2.18377e-07
 Reference value :  2.19435e-07
 Reference value :  2.20494e-07
 Reference value :  2.21552e-07
 Reference value :  2.22610e-07
 Reference value :  2.23668e-07
 Reference value :  2.24832e-07
 Reference value :  2.25943e-07
 Reference value :  2.26949e-07
 Reference value :  2.28007e-07
 Reference value :  2.29065e-07
 Reference value :  2.30176e-07
 Reference value :  2.31181e-07
 Reference value :  2.32293e-07
 Reference value :  2.33351e-07
 Reference value :  2.34462e-07
 Reference value :  2.35626e-07
 Reference value :  2.36790e-07
 Reference value :  2.37901e-07
 Reference value :  2.38959e-07
 Reference value :  2.39964e-07
 Reference value :  2.41129e-07
 Reference value :  2.42134e-07
 Reference value :  2.43192e-07
 Reference value :  2.44250e-07
 Reference value :  2.45308e-07
 Reference value :  2.46420e-07
 Reference value :  2.47584e-07
 Reference value :  2.48642e-07
 Reference value :  2.49700e-07
 Reference value :  2.50758e-07
 Reference value :  2.51816e-07
 Reference value :  2.52980e-07
 Reference value :  2.54039e-07
 Reference value :  2.55097e-07
 Reference value :  2.56208e-07
 Reference value :  2.57319e-07
 Reference value :  2.58536e-07
 Reference value :  2.59647e-07
 Reference value :  2.60705e-07
 Reference value :  2.61763e-07
 Reference value :  2.62822e-07
 Reference value :  2.63986e-07
 Reference value :  2.65044e-07
 Reference value :  2.66102e-07
 Reference value :  2.67160e-07
 Reference value :  2.68218e-07
 Reference value :  2.69382e-07
 Reference value :  2.70441e-07
 Reference value :  2.71446e-07
 Reference value :  2.72451e-07
 Reference value :  2.73457e-07
 Reference value :  2.74568e-07
 Reference value :  2.75679e-07
 Reference value :  2.76790e-07
 Reference value :  2.77848e-07
 Reference value :  2.78906e-07
 Reference value :  2.80017e-07
 Reference value :  2.81181e-07
 Reference value :  2.82240e-07
 Reference value :  2.83351e-07
 Reference value :  2.84409e-07
 Reference value :  2.85467e-07
 Reference value :  2.86684e-07
 Reference value :  2.87742e-07
 Reference value :  2.88853e-07
 Reference value :  2.89964e-07
 Reference value :  2.91076e-07
 Reference value :  2.92240e-07
 Reference value :  2.93298e-07
 Reference value :  2.94356e-07
 Reference value :  2.95361e-07
 Reference value :  2.96367e-07
 Reference value :  2.97478e-07
 Reference value :  2.98536e-07
 Reference value :  2.99594e-07
 Reference value :  3.00599e-07
 Reference value :  3.01605e-07
 Reference value :  3.02610e-07
 Reference value :  3.03721e-07
 Reference value :  3.04779e-07
 Reference value :  3.05837e-07
 Reference value :  3.06896e-07
 Reference value :  3.08007e-07
 Reference value :  3.09171e-07
 Reference value :  3.10282e-07
 Reference value :  3.11393e-07
 Reference value :  3.12504e-07
 Reference value :  3.13509e-07
 Reference value :  3.14726e-07
 Reference value :  3.15837e-07
 Reference value :  3.16949e-07
No. of Data Rows : 6015
vhold_min           =  1.20000e+00 at=  1.43534e-08
tfirst              =  2.20041e-08
t1                  =  1.96520e-07
t2                  =  2.07773e-07
t3                  =  2.19027e-07
t4                  =  2.30282e-07
t5                  =  2.41534e-07
t6                  =  2.52789e-07
t7                  =  2.64043e-07
t8                  =  2.75296e-07
t9                  =  2.86550e-07
t10                 =  2.97805e-07
t11                 =  3.09058e-07
idd_run             =  -1.37532e-04 from=  1.90500e-07 to=  3.17500e-07
vmax                =  1.20500e+00 at=  2.35573e-07
vmin                =  -3.15003e-03 at=  2.13457e-07
Note: Simulation executed from .control section 
Note: Starting dynamic gmin stepping
Note: Dynamic gmin stepping completed
Note: Starting dynamic gmin stepping
Note: Dynamic gmin stepping completed

Error: measure  t12  when(WHEN) : out of interval
 meas tran t12 when v(clk_out)=6.000000e-01 rise=12 from=1.905000e-07 failed!

