
Note: Compatibility modes selected: hs a


Circuit: * tt_analog_ring, code 255

Doing analysis at TEMP = -40.000000 and TNOM = 27.000000

Using SPARSE 1.3 as Direct Linear Solver
 Reference value :  0.00000e+00
No. of Data Rows : 1
idd_dis=0.00063315 vbp=0.408007 vbn=0.648437 clk_dis=1.2
Doing analysis at TEMP = -40.000000 and TNOM = 27.000000

Using SPARSE 1.3 as Direct Linear Solver

Initial Transient Solution
--------------------------

Node                                   Voltage
----                                   -------
vpwr                                       1.2
code[0]                                    1.2
code[1]                                    1.2
code[2]                                    1.2
code[3]                                    1.2
code[4]                                    1.2
code[5]                                    1.2
code[6]                                    1.2
code[7]                                    1.2
enable                                       0
xdut.vbp                              0.408007
clk_out                                    1.2
xdut.b1                            2.12625e-08
xdut.s3                            4.45053e-08
xdut.s2                                    1.2
xdut.n_126                                 1.2
xdut.s1                            4.45053e-08
xdut.n_125                                 1.2
xdut.s10                                   1.2
xdut.s6                                    1.2
xdut.s5                            4.45053e-08
xdut.n_128                                 1.2
xdut.s9                            4.45053e-08
xdut.n_133                                 1.2
xdut.s4                                    1.2
xdut.n_129                                 1.2
xdut.s8                                    1.2
xdut.n_132                                 1.2
xdut.s7                            4.45053e-08
xdut.n_130                                 1.2
xdut.n_127                                 1.2
xdut.n_131                                 1.2
xdut.s0                                    1.2
xdut.n_124                                 1.2
xdut.n_71                          3.66564e-08
xdut.n_72                          3.66564e-08
xdut.n_70                          3.55225e-09
xdut.n_77                          3.66564e-08
xdut.n_75                          3.55225e-09
xdut.n_73                          3.55225e-09
xdut.n_67                          3.55225e-09
xdut.n_76                          3.55225e-09
xdut.n_69                          3.66564e-08
xdut.n_74                          3.66564e-08
xdut.n_122                                 1.2
xdut.n_i1005                          0.904719
xdut.n_68                          3.56631e-09
xdut.vbn                              0.648437
ven#branch                         1.49146e-12
vc7#branch                        -9.95389e-09
vc6#branch                        -4.97693e-09
vc5#branch                        -2.48847e-09
vc4#branch                        -1.24424e-09
vc3#branch                        -6.22118e-10
vc2#branch                        -3.11059e-10
vc1#branch                         -1.5553e-10
vc0#branch                        -7.77648e-11
vdd#branch                         -0.00063315

 Reference value :  0.00000e+00
 Reference value :  1.37668e-09
 Reference value :  3.10356e-09
 Reference value :  4.83044e-09
 Reference value :  6.55732e-09
 Reference value :  8.32436e-09
 Reference value :  1.04127e-08
 Reference value :  1.24914e-08
 Reference value :  1.38568e-08
 Reference value :  1.51419e-08
 Reference value :  1.63467e-08
 Reference value :  1.73909e-08
 Reference value :  1.83949e-08
 Reference value :  1.94390e-08
 Reference value :  2.04430e-08
 Reference value :  2.14069e-08
 Reference value :  2.24912e-08
 Reference value :  2.34550e-08
 Reference value :  2.43787e-08
 Reference value :  2.53827e-08
 Reference value :  2.62261e-08
 Reference value :  2.70694e-08
 Reference value :  2.80734e-08
 Reference value :  2.90774e-08
 Reference value :  3.00814e-08
 Reference value :  3.10453e-08
 Reference value :  3.21296e-08
 Reference value :  3.31336e-08
 Reference value :  3.40974e-08
 Reference value :  3.51818e-08
 Reference value :  3.61456e-08
 Reference value :  3.70693e-08
 Reference value :  3.80733e-08
 Reference value :  3.89166e-08
 Reference value :  3.97600e-08
 Reference value :  4.06034e-08
 Reference value :  4.16475e-08
 Reference value :  4.26114e-08
 Reference value :  4.36154e-08
 Reference value :  4.46997e-08
 Reference value :  4.57037e-08
 Reference value :  4.67077e-08
 Reference value :  4.77117e-08
 Reference value :  4.86755e-08
 Reference value :  4.95590e-08
 Reference value :  5.04426e-08
 Reference value :  5.14466e-08
 Reference value :  5.23301e-08
 Reference value :  5.32136e-08
 Reference value :  5.41774e-08
 Reference value :  5.51011e-08
 Reference value :  5.59846e-08
 Reference value :  5.68280e-08
 Reference value :  5.77517e-08
 Reference value :  5.85950e-08
 Reference value :  5.93982e-08
 Reference value :  6.02014e-08
 Reference value :  6.12054e-08
 Reference value :  6.20890e-08
 Reference value :  6.29323e-08
 Reference value :  6.38962e-08
 Reference value :  6.48198e-08
 Reference value :  6.57034e-08
 Reference value :  6.65467e-08
 Reference value :  6.75106e-08
 Reference value :  6.83539e-08
 Reference value :  6.91973e-08
 Reference value :  7.00406e-08
 Reference value :  7.10045e-08
 Reference value :  7.18880e-08
 Reference value :  7.27715e-08
 Reference value :  7.36952e-08
 Reference value :  7.46189e-08
 Reference value :  7.58237e-08
 Reference value :  7.67875e-08
 Reference value :  7.78718e-08
 Reference value :  7.88758e-08
 Reference value :  7.99200e-08
 Reference value :  8.09642e-08
 Reference value :  8.19682e-08
 Reference value :  8.29722e-08
 Reference value :  8.40966e-08
 Reference value :  8.51006e-08
 Reference value :  8.61046e-08
 Reference value :  8.72291e-08
 Reference value :  8.82331e-08
 Reference value :  8.91568e-08
 Reference value :  9.04018e-08
 Reference value :  9.13656e-08
 Reference value :  9.23294e-08
 Reference value :  9.35342e-08
 Reference value :  9.44579e-08
 Reference value :  9.54619e-08
 Reference value :  9.66266e-08
 Reference value :  9.75904e-08
 Reference value :  9.85141e-08
 Reference value :  9.95582e-08
 Reference value :  1.00683e-07
 Reference value :  1.01928e-07
 Reference value :  1.03132e-07
 Reference value :  1.04297e-07
 Reference value :  1.05462e-07
 Reference value :  1.06506e-07
 Reference value :  1.07430e-07
 Reference value :  1.08434e-07
 Reference value :  1.09518e-07
 Reference value :  1.10482e-07
 Reference value :  1.11405e-07
 Reference value :  1.12450e-07
 Reference value :  1.13494e-07
 Reference value :  1.14458e-07
 Reference value :  1.15421e-07
 Reference value :  1.16466e-07
 Reference value :  1.17429e-07
 Reference value :  1.18393e-07
 Reference value :  1.19518e-07
 Reference value :  1.20522e-07
 Reference value :  1.21526e-07
 Reference value :  1.22650e-07
 Reference value :  1.23654e-07
 Reference value :  1.24779e-07
 Reference value :  1.26064e-07
 Reference value :  1.27148e-07
 Reference value :  1.28032e-07
 Reference value :  1.29116e-07
 Reference value :  1.30321e-07
 Reference value :  1.31325e-07
 Reference value :  1.32449e-07
 Reference value :  1.33453e-07
 Reference value :  1.34497e-07
 Reference value :  1.35783e-07
 Reference value :  1.37108e-07
 Reference value :  1.38152e-07
 Reference value :  1.39236e-07
 Reference value :  1.40240e-07
 Reference value :  1.41204e-07
 Reference value :  1.42288e-07
 Reference value :  1.43292e-07
 Reference value :  1.44216e-07
 Reference value :  1.45341e-07
 Reference value :  1.46304e-07
 Reference value :  1.47308e-07
 Reference value :  1.48393e-07
 Reference value :  1.49397e-07
 Reference value :  1.50401e-07
 Reference value :  1.51445e-07
 Reference value :  1.52489e-07
 Reference value :  1.53453e-07
 Reference value :  1.54377e-07
 Reference value :  1.55300e-07
 Reference value :  1.56144e-07
 Reference value :  1.56947e-07
 Reference value :  1.57830e-07
 Reference value :  1.58754e-07
 Reference value :  1.59718e-07
 Reference value :  1.60561e-07
 Reference value :  1.61605e-07
 Reference value :  1.62569e-07
 Reference value :  1.63493e-07
 Reference value :  1.64658e-07
 Reference value :  1.65862e-07
 Reference value :  1.66826e-07
 Reference value :  1.67911e-07
 Reference value :  1.68874e-07
 Reference value :  1.69718e-07
 Reference value :  1.70561e-07
 Reference value :  1.71485e-07
 Reference value :  1.72328e-07
 Reference value :  1.73172e-07
 Reference value :  1.74055e-07
 Reference value :  1.74939e-07
 Reference value :  1.75782e-07
 Reference value :  1.76625e-07
 Reference value :  1.77589e-07
 Reference value :  1.78473e-07
 Reference value :  1.79396e-07
 Reference value :  1.80240e-07
 Reference value :  1.81204e-07
 Reference value :  1.82047e-07
 Reference value :  1.82890e-07
 Reference value :  1.83774e-07
 Reference value :  1.84657e-07
 Reference value :  1.85501e-07
 Reference value :  1.86304e-07
 Reference value :  1.87187e-07
 Reference value :  1.88031e-07
 Reference value :  1.88874e-07
 Reference value :  1.89717e-07
 Reference value :  1.90842e-07
 Reference value :  1.91806e-07
 Reference value :  1.92770e-07
 Reference value :  1.93814e-07
 Reference value :  1.94818e-07
 Reference value :  1.95782e-07
 Reference value :  1.96826e-07
 Reference value :  1.97870e-07
 Reference value :  1.98794e-07
 Reference value :  1.99757e-07
 Reference value :  2.00802e-07
 Reference value :  2.01765e-07
 Reference value :  2.02729e-07
 Reference value :  2.03814e-07
 Reference value :  2.04777e-07
 Reference value :  2.05741e-07
 Reference value :  2.06986e-07
 Reference value :  2.07870e-07
 Reference value :  2.08753e-07
 Reference value :  2.09717e-07
 Reference value :  2.10681e-07
 Reference value :  2.11564e-07
 Reference value :  2.12488e-07
 Reference value :  2.13572e-07
 Reference value :  2.14536e-07
 Reference value :  2.15500e-07
 Reference value :  2.16825e-07
 Reference value :  2.17789e-07
 Reference value :  2.18793e-07
 Reference value :  2.19958e-07
 Reference value :  2.20962e-07
 Reference value :  2.21926e-07
 Reference value :  2.23010e-07
 Reference value :  2.24054e-07
 Reference value :  2.24978e-07
 Reference value :  2.25942e-07
 Reference value :  2.26986e-07
 Reference value :  2.28070e-07
 Reference value :  2.29396e-07
 Reference value :  2.30520e-07
 Reference value :  2.31604e-07
 Reference value :  2.32568e-07
 Reference value :  2.33572e-07
 Reference value :  2.34536e-07
 Reference value :  2.35500e-07
 Reference value :  2.36544e-07
 Reference value :  2.37508e-07
 Reference value :  2.38432e-07
 Reference value :  2.39516e-07
 Reference value :  2.40520e-07
No. of Data Rows : 6014
vhold_min           =  1.20000e+00 at=  5.14048e-11
tfirst              =  1.57860e-08
t1                  =  1.48739e-07
t2                  =  1.55225e-07
t3                  =  1.61710e-07
t4                  =  1.68196e-07
t5                  =  1.74680e-07
t6                  =  1.81166e-07
t7                  =  1.87651e-07
t8                  =  1.94137e-07
t9                  =  2.00621e-07
t10                 =  2.07107e-07
t11                 =  2.13592e-07
t12                 =  2.20077e-07
idd_run             =  -6.49034e-04 from=  1.44600e-07 to=  2.41000e-07
vmax                =  1.21684e+00 at=  2.29636e-07
vmin                =  -1.26200e-02 at=  1.81003e-07
Note: Simulation executed from .control section 
Warning: m=xx on .subckt line will override multiplier m hierarchy!

Note: Starting dynamic gmin stepping
Warning: Dynamic gmin stepping failed
Note: Starting true gmin stepping
Note: True gmin stepping completed
Note: Starting dynamic gmin stepping
Warning: Dynamic gmin stepping failed
Note: Starting true gmin stepping
Note: True gmin stepping completed
