
Note: Compatibility modes selected: hs a


Circuit: * tt_analog_ring, code 255

Doing analysis at TEMP = 27.000000 and TNOM = 27.000000

Using SPARSE 1.3 as Direct Linear Solver
 Reference value :  0.00000e+00
No. of Data Rows : 1
idd_dis=0.00060491 vbp=0.449569 vbn=0.54137 clk_dis=1.2
Doing analysis at TEMP = 27.000000 and TNOM = 27.000000

Using SPARSE 1.3 as Direct Linear Solver

Initial Transient Solution
--------------------------

Node                                   Voltage
----                                   -------
vpwr                                       1.2
code[0]                                    1.2
code[1]                                    1.2
code[2]                                    1.2
code[3]                                    1.2
code[4]                                    1.2
code[5]                                    1.2
code[6]                                    1.2
code[7]                                    1.2
enable                                       0
xdut.vbp                              0.449569
clk_out                                    1.2
xdut.b1                            2.19479e-07
xdut.s3                            6.66887e-07
xdut.s2                                    1.2
xdut.n_126                                 1.2
xdut.s1                             6.6689e-07
xdut.n_125                                 1.2
xdut.s10                                   1.2
xdut.s6                                    1.2
xdut.s5                            6.66887e-07
xdut.n_128                                 1.2
xdut.s9                            6.66887e-07
xdut.n_133                                 1.2
xdut.s4                                    1.2
xdut.n_129                                 1.2
xdut.s8                                    1.2
xdut.n_132                                 1.2
xdut.s7                            6.66887e-07
xdut.n_130                                 1.2
xdut.n_127                                 1.2
xdut.n_131                                 1.2
xdut.s0                                    1.2
xdut.n_124                                 1.2
xdut.n_71                          5.51852e-07
xdut.n_72                           5.5185e-07
xdut.n_70                          1.95625e-07
xdut.n_77                           5.5185e-07
xdut.n_75                          1.95625e-07
xdut.n_73                          1.95625e-07
xdut.n_67                          1.95625e-07
xdut.n_76                          1.95625e-07
xdut.n_69                           5.5185e-07
xdut.n_74                           5.5185e-07
xdut.n_122                                 1.2
xdut.n_i1005                           1.02998
xdut.n_68                          3.28505e-07
xdut.vbn                               0.54137
ven#branch                         1.25078e-11
vc7#branch                        -3.83863e-08
vc6#branch                        -1.91932e-08
vc5#branch                        -9.59658e-09
vc4#branch                        -4.79829e-09
vc3#branch                        -2.39915e-09
vc2#branch                        -1.19957e-09
vc1#branch                        -5.99786e-10
vc0#branch                        -2.99893e-10
vdd#branch                         -0.00060491

 Reference value :  0.00000e+00
 Reference value :  1.33652e-09
 Reference value :  2.86260e-09
 Reference value :  4.38868e-09
 Reference value :  5.91476e-09
 Reference value :  7.48100e-09
 Reference value :  9.00708e-09
 Reference value :  1.05332e-08
 Reference value :  1.20500e-08
 Reference value :  1.27725e-08
 Reference value :  1.36158e-08
 Reference value :  1.44592e-08
 Reference value :  1.54230e-08
 Reference value :  1.62664e-08
 Reference value :  1.71098e-08
 Reference value :  1.80736e-08
 Reference value :  1.88768e-08
 Reference value :  1.97202e-08
 Reference value :  2.05635e-08
 Reference value :  2.14069e-08
 Reference value :  2.22101e-08
 Reference value :  2.29731e-08
 Reference value :  2.38968e-08
 Reference value :  2.47803e-08
 Reference value :  2.56638e-08
 Reference value :  2.66678e-08
 Reference value :  2.75514e-08
 Reference value :  2.84349e-08
 Reference value :  2.94790e-08
 Reference value :  3.03626e-08
 Reference value :  3.12461e-08
 Reference value :  3.22501e-08
 Reference value :  3.31738e-08
 Reference value :  3.40974e-08
 Reference value :  3.51416e-08
 Reference value :  3.61456e-08
 Reference value :  3.70693e-08
 Reference value :  3.81134e-08
 Reference value :  3.90371e-08
 Reference value :  3.99608e-08
 Reference value :  4.10050e-08
 Reference value :  4.19286e-08
 Reference value :  4.28925e-08
 Reference value :  4.39366e-08
 Reference value :  4.49005e-08
 Reference value :  4.58242e-08
 Reference value :  4.68683e-08
 Reference value :  4.77920e-08
 Reference value :  4.87157e-08
 Reference value :  4.97598e-08
 Reference value :  5.08843e-08
 Reference value :  5.20088e-08
 Reference value :  5.29325e-08
 Reference value :  5.38562e-08
 Reference value :  5.49003e-08
 Reference value :  5.58642e-08
 Reference value :  5.68280e-08
 Reference value :  5.79926e-08
 Reference value :  5.89966e-08
 Reference value :  6.00408e-08
 Reference value :  6.10448e-08
 Reference value :  6.19685e-08
 Reference value :  6.28520e-08
 Reference value :  6.38962e-08
 Reference value :  6.48198e-08
 Reference value :  6.57435e-08
 Reference value :  6.67877e-08
 Reference value :  6.78720e-08
 Reference value :  6.91973e-08
 Reference value :  7.03619e-08
 Reference value :  7.14864e-08
 Reference value :  7.25306e-08
 Reference value :  7.36952e-08
 Reference value :  7.49803e-08
 Reference value :  7.60245e-08
 Reference value :  7.69482e-08
 Reference value :  7.79923e-08
 Reference value :  7.91168e-08
 Reference value :  8.00806e-08
 Reference value :  8.11248e-08
 Reference value :  8.20886e-08
 Reference value :  8.32934e-08
 Reference value :  8.45384e-08
 Reference value :  8.56629e-08
 Reference value :  8.69480e-08
 Reference value :  8.79922e-08
 Reference value :  8.90363e-08
 Reference value :  9.00002e-08
 Reference value :  9.09238e-08
 Reference value :  9.19680e-08
 Reference value :  9.28917e-08
 Reference value :  9.38154e-08
 Reference value :  9.48595e-08
 Reference value :  9.59840e-08
 Reference value :  9.69880e-08
 Reference value :  9.80322e-08
 Reference value :  9.89558e-08
 Reference value :  9.98795e-08
 Reference value :  1.00924e-07
 Reference value :  1.01888e-07
 Reference value :  1.02811e-07
 Reference value :  1.03855e-07
 Reference value :  1.04779e-07
 Reference value :  1.05743e-07
 Reference value :  1.06747e-07
 Reference value :  1.07671e-07
 Reference value :  1.08634e-07
 Reference value :  1.09638e-07
 Reference value :  1.10602e-07
 Reference value :  1.11566e-07
 Reference value :  1.12610e-07
 Reference value :  1.13574e-07
 Reference value :  1.14618e-07
 Reference value :  1.15622e-07
 Reference value :  1.16747e-07
 Reference value :  1.18072e-07
 Reference value :  1.19156e-07
 Reference value :  1.20160e-07
 Reference value :  1.21566e-07
 Reference value :  1.22931e-07
 Reference value :  1.24216e-07
 Reference value :  1.25421e-07
 Reference value :  1.26747e-07
 Reference value :  1.28072e-07
 Reference value :  1.29397e-07
 Reference value :  1.30642e-07
 Reference value :  1.32168e-07
 Reference value :  1.33534e-07
 Reference value :  1.35020e-07
 Reference value :  1.36224e-07
 Reference value :  1.37750e-07
 Reference value :  1.39116e-07
 Reference value :  1.40602e-07
 Reference value :  1.41967e-07
 Reference value :  1.43493e-07
 Reference value :  1.44859e-07
 Reference value :  1.46345e-07
 Reference value :  1.47670e-07
 Reference value :  1.49156e-07
 Reference value :  1.50481e-07
 Reference value :  1.51967e-07
 Reference value :  1.53252e-07
 Reference value :  1.54859e-07
 Reference value :  1.56224e-07
 Reference value :  1.57630e-07
 Reference value :  1.58955e-07
 Reference value :  1.60401e-07
 Reference value :  1.61846e-07
 Reference value :  1.63332e-07
 Reference value :  1.64738e-07
 Reference value :  1.66264e-07
 Reference value :  1.67629e-07
 Reference value :  1.69156e-07
 Reference value :  1.70360e-07
 Reference value :  1.71886e-07
 Reference value :  1.73332e-07
 Reference value :  1.74818e-07
 Reference value :  1.76184e-07
 Reference value :  1.77629e-07
 Reference value :  1.79075e-07
 Reference value :  1.80561e-07
 Reference value :  1.81967e-07
 Reference value :  1.83573e-07
 Reference value :  1.84938e-07
 Reference value :  1.86384e-07
 Reference value :  1.87709e-07
 Reference value :  1.89155e-07
 Reference value :  1.90440e-07
 Reference value :  1.91886e-07
 Reference value :  1.93211e-07
 Reference value :  1.94657e-07
 Reference value :  1.95942e-07
 Reference value :  1.97428e-07
 Reference value :  1.98794e-07
 Reference value :  2.00280e-07
 Reference value :  2.01565e-07
 Reference value :  2.03010e-07
 Reference value :  2.04336e-07
 Reference value :  2.05701e-07
 Reference value :  2.07107e-07
 Reference value :  2.08392e-07
 Reference value :  2.09757e-07
 Reference value :  2.11083e-07
 Reference value :  2.12528e-07
 Reference value :  2.13773e-07
 Reference value :  2.15219e-07
 Reference value :  2.16625e-07
 Reference value :  2.17990e-07
 Reference value :  2.19356e-07
 Reference value :  2.20801e-07
 Reference value :  2.22127e-07
 Reference value :  2.23612e-07
 Reference value :  2.24898e-07
 Reference value :  2.26424e-07
 Reference value :  2.27749e-07
 Reference value :  2.29195e-07
 Reference value :  2.30560e-07
 Reference value :  2.31966e-07
 Reference value :  2.33211e-07
 Reference value :  2.34456e-07
 Reference value :  2.35781e-07
 Reference value :  2.37227e-07
 Reference value :  2.38552e-07
 Reference value :  2.40038e-07
No. of Data Rows : 6014
vhold_min           =  1.20000e+00 at=  1.31725e-10
tfirst              =  1.53155e-08
t1                  =  1.49230e-07
t2                  =  1.54929e-07
t3                  =  1.60627e-07
t4                  =  1.66326e-07
t5                  =  1.72025e-07
t6                  =  1.77724e-07
t7                  =  1.83423e-07
t8                  =  1.89121e-07
t9                  =  1.94820e-07
t10                 =  2.00519e-07
t11                 =  2.06217e-07
t12                 =  2.11916e-07
idd_run             =  -6.24098e-04 from=  1.44600e-07 to=  2.41000e-07
vmax                =  1.20837e+00 at=  2.37387e-07
vmin                =  -6.03101e-03 at=  2.34536e-07
Note: Simulation executed from .control section 
Warning: m=xx on .subckt line will override multiplier m hierarchy!

Note: Starting dynamic gmin stepping
Note: Dynamic gmin stepping completed
Note: Starting dynamic gmin stepping
Note: Dynamic gmin stepping completed
