
Note: No compatibility mode selected!


Circuit: * tt_analog_ring, code 255

Doing analysis at TEMP = 27.000000 and TNOM = 27.000000

Using SPARSE 1.3 as Direct Linear Solver
 Reference value :  0.00000e+00
No. of Data Rows : 1
idd_dis=0.000583367 vbp=0.460232 vbn=0.560106 clk_dis=1.2
Doing analysis at TEMP = 27.000000 and TNOM = 27.000000

Using SPARSE 1.3 as Direct Linear Solver

Initial Transient Solution
--------------------------

Node                                   Voltage
----                                   -------
vpwr                                       1.2
code[0]                                    1.2
code[1]                                    1.2
code[2]                                    1.2
code[3]                                    1.2
code[4]                                    1.2
code[5]                                    1.2
code[6]                                    1.2
code[7]                                    1.2
enable                                       0
xdut.vbp                              0.460232
xdut.vbn                              0.560106
xdut.n0                            1.88515e-07
xdut.p0                                    1.2
xdut.na0                               1.01536
xdut.s0                                    1.2
xdut.s10                                   1.2
xdut.n1                            5.72651e-07
xdut.p1                                    1.2
xdut.s1                             6.7228e-07
xdut.n2                            6.13759e-08
xdut.p2                                    1.2
xdut.s2                                    1.2
xdut.n3                            5.51583e-07
xdut.p3                                    1.2
xdut.s3                            6.67967e-07
xdut.n4                            5.95677e-08
xdut.p4                                    1.2
xdut.s4                                    1.2
xdut.n5                            4.63625e-07
xdut.p5                                    1.2
xdut.s5                            5.46594e-07
xdut.n6                            8.73576e-08
xdut.p6                                    1.2
xdut.s6                                    1.2
xdut.n7                            3.64544e-07
xdut.p7                                    1.2
xdut.s7                            4.27145e-07
xdut.n8                            5.81572e-08
xdut.p8                                    1.2
xdut.s8                                    1.2
xdut.n9                            5.12807e-07
xdut.p9                                    1.2
xdut.s9                            6.09617e-07
xdut.n10                           7.68234e-08
xdut.p10                                   1.2
xdut.b1                            1.26041e-07
clk_out                                    1.2
ven#branch                         7.37346e-12
vc7#branch                        -6.40202e-08
vc6#branch                        -3.20683e-08
vc5#branch                        -1.60248e-08
vc4#branch                        -8.00029e-09
vc3#branch                        -3.96847e-09
vc2#branch                        -2.03013e-09
vc1#branch                        -1.00272e-09
vc0#branch                         -5.0175e-10
vdd#branch                        -0.000583367

 Reference value :  0.00000e+00
 Reference value :  6.68262e-10
 Reference value :  1.47146e-09
 Reference value :  2.23450e-09
 Reference value :  3.01762e-09
 Reference value :  3.80074e-09
 Reference value :  4.58386e-09
 Reference value :  5.38706e-09
 Reference value :  6.07420e-09
 Reference value :  6.49548e-09
 Reference value :  6.93724e-09
 Reference value :  7.39908e-09
 Reference value :  7.90108e-09
 Reference value :  8.34284e-09
 Reference value :  8.80468e-09
 Reference value :  9.26652e-09
 Reference value :  9.70828e-09
 Reference value :  1.01300e-08
 Reference value :  1.05717e-08
 Reference value :  1.10536e-08
 Reference value :  1.15155e-08
 Reference value :  1.19773e-08
 Reference value :  1.24392e-08
 Reference value :  1.28809e-08
 Reference value :  1.33026e-08
 Reference value :  1.37444e-08
 Reference value :  1.42263e-08
 Reference value :  1.46680e-08
 Reference value :  1.51098e-08
 Reference value :  1.55716e-08
 Reference value :  1.60335e-08
 Reference value :  1.64752e-08
 Reference value :  1.69170e-08
 Reference value :  1.74190e-08
 Reference value :  1.78608e-08
 Reference value :  1.83025e-08
 Reference value :  1.87443e-08
 Reference value :  1.92061e-08
 Reference value :  1.96680e-08
 Reference value :  2.01298e-08
 Reference value :  2.06117e-08
 Reference value :  2.10736e-08
 Reference value :  2.15354e-08
 Reference value :  2.19972e-08
 Reference value :  2.24390e-08
 Reference value :  2.29008e-08
 Reference value :  2.33426e-08
 Reference value :  2.38446e-08
 Reference value :  2.42864e-08
 Reference value :  2.47080e-08
 Reference value :  2.51297e-08
 Reference value :  2.55916e-08
 Reference value :  2.60534e-08
 Reference value :  2.64952e-08
 Reference value :  2.69771e-08
 Reference value :  2.74389e-08
 Reference value :  2.78807e-08
 Reference value :  2.83425e-08
 Reference value :  2.88044e-08
 Reference value :  2.92461e-08
 Reference value :  2.97080e-08
 Reference value :  3.02100e-08
 Reference value :  3.06517e-08
 Reference value :  3.11136e-08
 Reference value :  3.15955e-08
 Reference value :  3.20372e-08
 Reference value :  3.24991e-08
 Reference value :  3.29408e-08
 Reference value :  3.34428e-08
 Reference value :  3.39047e-08
 Reference value :  3.43665e-08
 Reference value :  3.48484e-08
 Reference value :  3.52902e-08
 Reference value :  3.57520e-08
 Reference value :  3.61737e-08
 Reference value :  3.66757e-08
 Reference value :  3.71376e-08
 Reference value :  3.75793e-08
 Reference value :  3.80612e-08
 Reference value :  3.85231e-08
 Reference value :  3.89648e-08
 Reference value :  3.94267e-08
 Reference value :  3.99287e-08
 Reference value :  4.03905e-08
 Reference value :  4.08323e-08
 Reference value :  4.13142e-08
 Reference value :  4.17760e-08
 Reference value :  4.22178e-08
 Reference value :  4.26796e-08
 Reference value :  4.31616e-08
 Reference value :  4.36234e-08
 Reference value :  4.40852e-08
 Reference value :  4.45672e-08
 Reference value :  4.50290e-08
 Reference value :  4.54908e-08
 Reference value :  4.59728e-08
 Reference value :  4.64346e-08
 Reference value :  4.68964e-08
 Reference value :  4.73583e-08
 Reference value :  4.78201e-08
 Reference value :  4.82820e-08
 Reference value :  4.87237e-08
 Reference value :  4.92257e-08
 Reference value :  4.96876e-08
 Reference value :  5.01293e-08
 Reference value :  5.06112e-08
 Reference value :  5.10530e-08
 Reference value :  5.15148e-08
 Reference value :  5.19566e-08
 Reference value :  5.24787e-08
 Reference value :  5.29405e-08
 Reference value :  5.34024e-08
 Reference value :  5.38843e-08
 Reference value :  5.43260e-08
 Reference value :  5.47678e-08
 Reference value :  5.52096e-08
 Reference value :  5.57116e-08
 Reference value :  5.61533e-08
 Reference value :  5.66152e-08
 Reference value :  5.70770e-08
 Reference value :  5.75188e-08
 Reference value :  5.79806e-08
 Reference value :  5.84424e-08
 Reference value :  5.89444e-08
 Reference value :  5.94063e-08
 Reference value :  5.98480e-08
 Reference value :  6.03300e-08
 Reference value :  6.07717e-08
 Reference value :  6.12536e-08
 Reference value :  6.16954e-08
 Reference value :  6.21974e-08
 Reference value :  6.26592e-08
 Reference value :  6.31010e-08
 Reference value :  6.35829e-08
 Reference value :  6.40448e-08
 Reference value :  6.44865e-08
 Reference value :  6.49885e-08
 Reference value :  6.54704e-08
 Reference value :  6.59122e-08
 Reference value :  6.63540e-08
 Reference value :  6.67957e-08
 Reference value :  6.72576e-08
 Reference value :  6.77194e-08
 Reference value :  6.81812e-08
 Reference value :  6.86431e-08
 Reference value :  6.91049e-08
 Reference value :  6.95467e-08
 Reference value :  6.99884e-08
 Reference value :  7.04302e-08
 Reference value :  7.08920e-08
 Reference value :  7.13740e-08
 Reference value :  7.18358e-08
 Reference value :  7.22575e-08
 Reference value :  7.27193e-08
 Reference value :  7.31812e-08
 Reference value :  7.36430e-08
 Reference value :  7.41048e-08
 Reference value :  7.46068e-08
 Reference value :  7.50486e-08
 Reference value :  7.54904e-08
 Reference value :  7.59522e-08
 Reference value :  7.63940e-08
 Reference value :  7.68759e-08
 Reference value :  7.73377e-08
 Reference value :  7.78598e-08
 Reference value :  7.83016e-08
 Reference value :  7.87634e-08
 Reference value :  7.92453e-08
 Reference value :  7.96871e-08
 Reference value :  8.01489e-08
 Reference value :  8.05907e-08
 Reference value :  8.10927e-08
 Reference value :  8.15144e-08
 Reference value :  8.19762e-08
 Reference value :  8.24581e-08
 Reference value :  8.28999e-08
 Reference value :  8.33617e-08
 Reference value :  8.38035e-08
 Reference value :  8.43055e-08
 Reference value :  8.47472e-08
 Reference value :  8.52091e-08
 Reference value :  8.56709e-08
 Reference value :  8.61328e-08
 Reference value :  8.65745e-08
 Reference value :  8.70364e-08
 Reference value :  8.75183e-08
 Reference value :  8.79600e-08
 Reference value :  8.84219e-08
 Reference value :  8.89038e-08
 Reference value :  8.93857e-08
 Reference value :  8.98676e-08
 Reference value :  9.03696e-08
 Reference value :  9.08516e-08
 Reference value :  9.13134e-08
 Reference value :  9.17552e-08
 Reference value :  9.22170e-08
 Reference value :  9.26788e-08
 Reference value :  9.31407e-08
 Reference value :  9.36226e-08
 Reference value :  9.40644e-08
 Reference value :  9.45262e-08
 Reference value :  9.49880e-08
 Reference value :  9.54499e-08
 Reference value :  9.59117e-08
 Reference value :  9.63535e-08
 Reference value :  9.68354e-08
 Reference value :  9.72972e-08
 Reference value :  9.77390e-08
 Reference value :  9.82008e-08
 Reference value :  9.86627e-08
 Reference value :  9.91245e-08
 Reference value :  9.95663e-08
 Reference value :  1.00068e-07
 Reference value :  1.00510e-07
 Reference value :  1.00952e-07
 Reference value :  1.01414e-07
 Reference value :  1.01875e-07
 Reference value :  1.02337e-07
 Reference value :  1.02799e-07
 Reference value :  1.03301e-07
 Reference value :  1.03743e-07
 Reference value :  1.04165e-07
 Reference value :  1.04626e-07
 Reference value :  1.05088e-07
 Reference value :  1.05570e-07
 Reference value :  1.06052e-07
 Reference value :  1.06534e-07
 Reference value :  1.06976e-07
 Reference value :  1.07438e-07
 Reference value :  1.07920e-07
 Reference value :  1.08361e-07
 Reference value :  1.08823e-07
 Reference value :  1.09265e-07
 Reference value :  1.09747e-07
 Reference value :  1.10189e-07
 Reference value :  1.10630e-07
 Reference value :  1.11112e-07
 Reference value :  1.11574e-07
 Reference value :  1.12036e-07
 Reference value :  1.12518e-07
 Reference value :  1.12980e-07
 Reference value :  1.13421e-07
 Reference value :  1.13843e-07
 Reference value :  1.14325e-07
 Reference value :  1.14787e-07
 Reference value :  1.15249e-07
 Reference value :  1.15711e-07
 Reference value :  1.16172e-07
 Reference value :  1.16594e-07
 Reference value :  1.17036e-07
 Reference value :  1.17518e-07
 Reference value :  1.17980e-07
 Reference value :  1.18441e-07
 Reference value :  1.18923e-07
 Reference value :  1.19385e-07
 Reference value :  1.19827e-07
 Reference value :  1.20269e-07
No. of Data Rows : 6015
vhold_min           =  1.20000e+00 at=  1.06022e-10
tfirst              =  7.97062e-09
t1                  =  7.29856e-08
t2                  =  7.61584e-08
t3                  =  7.93311e-08
t4                  =  8.25038e-08
t5                  =  8.56765e-08
t6                  =  8.88493e-08
t7                  =  9.20220e-08
t8                  =  9.51947e-08
t9                  =  9.83674e-08
t10                 =  1.01540e-07
t11                 =  1.04713e-07
t12                 =  1.07886e-07
idd_run             =  -6.05028e-04 from=  7.22900e-08 to=  1.20500e-07
vmax                =  1.21456e+00 at=  1.18903e-07
vmin                =  -1.10671e-02 at=  1.20470e-07
Note: Simulation executed from .control section 
Note: Starting dynamic gmin stepping
Note: Dynamic gmin stepping completed
Note: Starting dynamic gmin stepping
Note: Dynamic gmin stepping completed
