
Note: No compatibility mode selected!


Circuit: * tt_analog_ring, code 127

Doing analysis at TEMP = 27.000000 and TNOM = 27.000000

Using SPARSE 1.3 as Direct Linear Solver
 Reference value :  0.00000e+00
No. of Data Rows : 1
idd_dis=0.000326939 vbp=0.558335 vbn=0.486249 clk_dis=1.2
Doing analysis at TEMP = 27.000000 and TNOM = 27.000000

Using SPARSE 1.3 as Direct Linear Solver

Initial Transient Solution
--------------------------

Node                                   Voltage
----                                   -------
vpwr                                       1.2
code[0]                                    1.2
code[1]                                    1.2
code[2]                                    1.2
code[3]                                    1.2
code[4]                                    1.2
code[5]                                    1.2
code[6]                                    1.2
code[7]                                      0
enable                                       0
xdut.vbp                              0.558335
xdut.vbn                              0.486249
xdut.n0                            3.33631e-07
xdut.p0                                    1.2
xdut.na0                               1.01327
xdut.s0                                    1.2
xdut.s10                                   1.2
xdut.n1                            7.31888e-07
xdut.p1                                    1.2
xdut.s1                            8.37796e-07
xdut.n2                            1.23344e-07
xdut.p2                                    1.2
xdut.s2                                    1.2
xdut.n3                            5.26237e-07
xdut.p3                                    1.2
xdut.s3                             5.9394e-07
xdut.n4                            1.49172e-07
xdut.p4                                    1.2
xdut.s4                                    1.2
xdut.n5                            7.44865e-07
xdut.p5                                    1.2
xdut.s5                            8.50781e-07
xdut.n6                            8.53883e-08
xdut.p6                                    1.2
xdut.s6                                    1.2
xdut.n7                            5.70903e-07
xdut.p7                                    1.2
xdut.s7                            6.41732e-07
xdut.n8                             2.5173e-07
xdut.p8                                    1.2
xdut.s8                                    1.2
xdut.n9                            6.43109e-07
xdut.p9                                    1.2
xdut.s9                            7.28392e-07
xdut.n10                           9.44713e-08
xdut.p10                                   1.2
xdut.b1                            1.44926e-07
clk_out                                    1.2
ven#branch                          7.2523e-12
vc7#branch                         1.73357e-12
vc6#branch                        -2.93664e-08
vc5#branch                        -1.46525e-08
vc4#branch                        -7.32904e-09
vc3#branch                        -3.64782e-09
vc2#branch                        -1.83247e-09
vc1#branch                         -9.1257e-10
vc0#branch                        -4.52942e-10
vdd#branch                        -0.000326939

 Reference value :  0.00000e+00
 Reference value :  1.03201e-09
 Reference value :  2.27241e-09
 Reference value :  3.48180e-09
 Reference value :  4.72220e-09
 Reference value :  5.90058e-09
 Reference value :  7.10997e-09
 Reference value :  8.35037e-09
 Reference value :  9.37526e-09
 Reference value :  1.00377e-08
 Reference value :  1.07199e-08
 Reference value :  1.14021e-08
 Reference value :  1.21154e-08
 Reference value :  1.27976e-08
 Reference value :  1.34488e-08
 Reference value :  1.41000e-08
 Reference value :  1.48132e-08
 Reference value :  1.54334e-08
 Reference value :  1.61157e-08
 Reference value :  1.67669e-08
 Reference value :  1.75111e-08
 Reference value :  1.81623e-08
 Reference value :  1.88135e-08
 Reference value :  1.94958e-08
 Reference value :  2.01470e-08
 Reference value :  2.07982e-08
 Reference value :  2.14184e-08
 Reference value :  2.21626e-08
 Reference value :  2.28448e-08
 Reference value :  2.34960e-08
 Reference value :  2.41473e-08
 Reference value :  2.48605e-08
 Reference value :  2.55117e-08
 Reference value :  2.61319e-08
 Reference value :  2.68141e-08
 Reference value :  2.74963e-08
 Reference value :  2.81786e-08
 Reference value :  2.88298e-08
 Reference value :  2.95430e-08
 Reference value :  3.01632e-08
 Reference value :  3.08454e-08
 Reference value :  3.14656e-08
 Reference value :  3.22409e-08
 Reference value :  3.29231e-08
 Reference value :  3.36053e-08
 Reference value :  3.42255e-08
 Reference value :  3.49077e-08
 Reference value :  3.55899e-08
 Reference value :  3.62412e-08
 Reference value :  3.69854e-08
 Reference value :  3.76986e-08
 Reference value :  3.83498e-08
 Reference value :  3.90010e-08
 Reference value :  3.96833e-08
 Reference value :  4.03345e-08
 Reference value :  4.09857e-08
 Reference value :  4.16989e-08
 Reference value :  4.24121e-08
 Reference value :  4.30634e-08
 Reference value :  4.37456e-08
 Reference value :  4.44588e-08
 Reference value :  4.51100e-08
 Reference value :  4.57612e-08
 Reference value :  4.64124e-08
 Reference value :  4.71567e-08
 Reference value :  4.77769e-08
 Reference value :  4.84281e-08
 Reference value :  4.91103e-08
 Reference value :  4.98235e-08
 Reference value :  5.05058e-08
 Reference value :  5.11570e-08
 Reference value :  5.18702e-08
 Reference value :  5.25524e-08
 Reference value :  5.32036e-08
 Reference value :  5.38548e-08
 Reference value :  5.45371e-08
 Reference value :  5.51883e-08
 Reference value :  5.58395e-08
 Reference value :  5.64907e-08
 Reference value :  5.72349e-08
 Reference value :  5.78861e-08
 Reference value :  5.85684e-08
 Reference value :  5.92816e-08
 Reference value :  5.99328e-08
 Reference value :  6.06150e-08
 Reference value :  6.12352e-08
 Reference value :  6.20105e-08
 Reference value :  6.26617e-08
 Reference value :  6.33439e-08
 Reference value :  6.40261e-08
 Reference value :  6.47083e-08
 Reference value :  6.53595e-08
 Reference value :  6.60108e-08
 Reference value :  6.67240e-08
 Reference value :  6.74372e-08
 Reference value :  6.80884e-08
 Reference value :  6.87706e-08
 Reference value :  6.94529e-08
 Reference value :  7.01041e-08
 Reference value :  7.07553e-08
 Reference value :  7.14375e-08
 Reference value :  7.21507e-08
 Reference value :  7.28640e-08
 Reference value :  7.35152e-08
 Reference value :  7.42594e-08
 Reference value :  7.49416e-08
 Reference value :  7.56239e-08
 Reference value :  7.63061e-08
 Reference value :  7.70193e-08
 Reference value :  7.77015e-08
 Reference value :  7.83837e-08
 Reference value :  7.90660e-08
 Reference value :  7.97172e-08
 Reference value :  8.03684e-08
 Reference value :  8.10196e-08
 Reference value :  8.17638e-08
 Reference value :  8.24150e-08
 Reference value :  8.30352e-08
 Reference value :  8.36865e-08
 Reference value :  8.43997e-08
 Reference value :  8.50509e-08
 Reference value :  8.57021e-08
 Reference value :  8.63843e-08
 Reference value :  8.70976e-08
 Reference value :  8.77798e-08
 Reference value :  8.84310e-08
 Reference value :  8.91132e-08
 Reference value :  8.97644e-08
 Reference value :  9.04156e-08
 Reference value :  9.10668e-08
 Reference value :  9.18111e-08
 Reference value :  9.24933e-08
 Reference value :  9.31755e-08
 Reference value :  9.38267e-08
 Reference value :  9.45089e-08
 Reference value :  9.51602e-08
 Reference value :  9.58424e-08
 Reference value :  9.66176e-08
 Reference value :  9.72998e-08
 Reference value :  9.79511e-08
 Reference value :  9.85713e-08
 Reference value :  9.92845e-08
 Reference value :  9.99667e-08
 Reference value :  1.00618e-07
 Reference value :  1.01331e-07
 Reference value :  1.02044e-07
 Reference value :  1.02696e-07
 Reference value :  1.03316e-07
 Reference value :  1.04029e-07
 Reference value :  1.04680e-07
 Reference value :  1.05331e-07
 Reference value :  1.05983e-07
 Reference value :  1.06727e-07
 Reference value :  1.07409e-07
 Reference value :  1.08091e-07
 Reference value :  1.08774e-07
 Reference value :  1.09456e-07
 Reference value :  1.10107e-07
 Reference value :  1.10758e-07
 Reference value :  1.11502e-07
 Reference value :  1.12185e-07
 Reference value :  1.12836e-07
 Reference value :  1.13518e-07
 Reference value :  1.14231e-07
 Reference value :  1.14883e-07
 Reference value :  1.15565e-07
 Reference value :  1.16309e-07
 Reference value :  1.16991e-07
 Reference value :  1.17642e-07
 Reference value :  1.18263e-07
 Reference value :  1.18945e-07
 Reference value :  1.19565e-07
 Reference value :  1.20247e-07
 Reference value :  1.20898e-07
 Reference value :  1.21674e-07
 Reference value :  1.22356e-07
 Reference value :  1.23038e-07
 Reference value :  1.23782e-07
 Reference value :  1.24434e-07
 Reference value :  1.25116e-07
 Reference value :  1.25798e-07
 Reference value :  1.26604e-07
 Reference value :  1.27318e-07
 Reference value :  1.28000e-07
 Reference value :  1.28682e-07
 Reference value :  1.29302e-07
 Reference value :  1.29953e-07
 Reference value :  1.30605e-07
 Reference value :  1.31380e-07
 Reference value :  1.32093e-07
 Reference value :  1.32775e-07
 Reference value :  1.33426e-07
 Reference value :  1.34109e-07
 Reference value :  1.34791e-07
 Reference value :  1.35473e-07
 Reference value :  1.36186e-07
 Reference value :  1.36869e-07
 Reference value :  1.37551e-07
 Reference value :  1.38202e-07
 Reference value :  1.38884e-07
 Reference value :  1.39535e-07
 Reference value :  1.40218e-07
 Reference value :  1.40900e-07
 Reference value :  1.41613e-07
 Reference value :  1.42295e-07
 Reference value :  1.42947e-07
 Reference value :  1.43629e-07
 Reference value :  1.44311e-07
 Reference value :  1.44962e-07
 Reference value :  1.45613e-07
 Reference value :  1.46389e-07
 Reference value :  1.47071e-07
 Reference value :  1.47753e-07
 Reference value :  1.48404e-07
 Reference value :  1.49087e-07
 Reference value :  1.49738e-07
 Reference value :  1.50389e-07
 Reference value :  1.51102e-07
 Reference value :  1.51784e-07
 Reference value :  1.52467e-07
 Reference value :  1.53149e-07
 Reference value :  1.53862e-07
 Reference value :  1.54513e-07
 Reference value :  1.55165e-07
 Reference value :  1.55847e-07
 Reference value :  1.56591e-07
 Reference value :  1.57242e-07
 Reference value :  1.57862e-07
 Reference value :  1.58545e-07
 Reference value :  1.59196e-07
 Reference value :  1.59847e-07
 Reference value :  1.60498e-07
 Reference value :  1.61273e-07
 Reference value :  1.61956e-07
 Reference value :  1.62638e-07
 Reference value :  1.63320e-07
 Reference value :  1.64002e-07
 Reference value :  1.64654e-07
 Reference value :  1.65305e-07
 Reference value :  1.66018e-07
 Reference value :  1.66700e-07
 Reference value :  1.67382e-07
 Reference value :  1.68034e-07
 Reference value :  1.68716e-07
 Reference value :  1.69367e-07
 Reference value :  1.70018e-07
 Reference value :  1.70670e-07
 Reference value :  1.71414e-07
 Reference value :  1.72065e-07
 Reference value :  1.72716e-07
 Reference value :  1.73367e-07
 Reference value :  1.74019e-07
 Reference value :  1.74670e-07
 Reference value :  1.75321e-07
 Reference value :  1.76065e-07
 Reference value :  1.76747e-07
 Reference value :  1.77368e-07
 Reference value :  1.78019e-07
 Reference value :  1.78701e-07
 Reference value :  1.79321e-07
 Reference value :  1.79973e-07
 Reference value :  1.80624e-07
 Reference value :  1.81337e-07
 Reference value :  1.81988e-07
 Reference value :  1.82639e-07
 Reference value :  1.83322e-07
 Reference value :  1.83973e-07
 Reference value :  1.84655e-07
 Reference value :  1.85306e-07
No. of Data Rows : 6012
vhold_min           =  1.20000e+00 at=  1.32723e-10
tfirst              =  1.22861e-08
t1                  =  1.14036e-07
t2                  =  1.19000e-07
t3                  =  1.23965e-07
t4                  =  1.28930e-07
t5                  =  1.33895e-07
t6                  =  1.38860e-07
t7                  =  1.43824e-07
t8                  =  1.48789e-07
t9                  =  1.53754e-07
t10                 =  1.58718e-07
t11                 =  1.63683e-07
t12                 =  1.68648e-07
idd_run             =  -3.41166e-04 from=  1.11600e-07 to=  1.86000e-07
vmax                =  1.21057e+00 at=  1.80934e-07
vmin                =  -7.55391e-03 at=  1.18852e-07
Note: Simulation executed from .control section 
Note: Starting dynamic gmin stepping
Note: Dynamic gmin stepping completed
Note: Starting dynamic gmin stepping
Note: Dynamic gmin stepping completed
