
Note: No compatibility mode selected!


Circuit: * tt_analog_ring, code 255

Doing analysis at TEMP = 27.000000 and TNOM = 27.000000

Using SPARSE 1.3 as Direct Linear Solver
 Reference value :  0.00000e+00
No. of Data Rows : 1
idd_dis=0.000582467 vbp=0.450137 vbn=0.552563 clk_dis=1.2
Doing analysis at TEMP = 27.000000 and TNOM = 27.000000

Using SPARSE 1.3 as Direct Linear Solver

Initial Transient Solution
--------------------------

Node                                   Voltage
----                                   -------
vpwr                                       1.2
code[0]                                    1.2
code[1]                                    1.2
code[2]                                    1.2
code[3]                                    1.2
code[4]                                    1.2
code[5]                                    1.2
code[6]                                    1.2
code[7]                                    1.2
enable                                       0
xdut.vbp                              0.450137
xdut.vbn                              0.552563
xdut.n0                            2.34761e-07
xdut.p0                                    1.2
xdut.na0                               1.02747
xdut.s0                                    1.2
xdut.s10                                   1.2
xdut.n1                            2.68531e-07
xdut.p1                                    1.2
xdut.s1                            3.22492e-07
xdut.n2                            1.29246e-07
xdut.p2                                    1.2
xdut.s2                                    1.2
xdut.n3                            2.72833e-07
xdut.p3                                    1.2
xdut.s3                            3.27741e-07
xdut.n4                            1.30643e-07
xdut.p4                                1.21669
xdut.s4                                1.22128
xdut.n5                           -6.27454e-08
xdut.p5                                    1.2
xdut.s5                           -9.24669e-08
xdut.n6                            1.29245e-07
xdut.p6                                    1.2
xdut.s6                                    1.2
xdut.n7                            2.68531e-07
xdut.p7                                    1.2
xdut.s7                            3.22491e-07
xdut.n8                            1.29246e-07
xdut.p8                                    1.2
xdut.s8                                    1.2
xdut.n9                            2.68531e-07
xdut.p9                                    1.2
xdut.s9                            3.22491e-07
xdut.n10                           1.29246e-07
xdut.p10                                   1.2
xdut.b1                            1.24777e-07
clk_out                                    1.2
ven#branch                         8.43731e-12
vc7#branch                        -3.41506e-08
vc6#branch                        -1.70753e-08
vc5#branch                        -8.53764e-09
vc4#branch                        -4.26882e-09
vc3#branch                        -2.13441e-09
vc2#branch                        -1.06721e-09
vc1#branch                        -5.33603e-10
vc0#branch                        -2.66801e-10
vdd#branch                        -0.000582467

 Reference value :  0.00000e+00
 Reference value :  6.28102e-10
 Reference value :  1.41122e-09
 Reference value :  2.19434e-09
 Reference value :  2.99754e-09
 Reference value :  3.78066e-09
 Reference value :  4.58386e-09
 Reference value :  5.36698e-09
 Reference value :  6.07420e-09
 Reference value :  6.51556e-09
 Reference value :  6.95732e-09
 Reference value :  7.39908e-09
 Reference value :  7.88100e-09
 Reference value :  8.32276e-09
 Reference value :  8.74444e-09
 Reference value :  9.24644e-09
 Reference value :  9.70828e-09
 Reference value :  1.01500e-08
 Reference value :  1.06320e-08
 Reference value :  1.10938e-08
 Reference value :  1.15356e-08
 Reference value :  1.19773e-08
 Reference value :  1.24592e-08
 Reference value :  1.28809e-08
 Reference value :  1.33227e-08
 Reference value :  1.38247e-08
 Reference value :  1.42664e-08
 Reference value :  1.47082e-08
 Reference value :  1.51700e-08
 Reference value :  1.56319e-08
 Reference value :  1.60736e-08
 Reference value :  1.65154e-08
 Reference value :  1.70174e-08
 Reference value :  1.74592e-08
 Reference value :  1.79009e-08
 Reference value :  1.83828e-08
 Reference value :  1.88447e-08
 Reference value :  1.92864e-08
 Reference value :  1.97483e-08
 Reference value :  2.02101e-08
 Reference value :  2.06519e-08
 Reference value :  2.10535e-08
 Reference value :  2.15354e-08
 Reference value :  2.19972e-08
 Reference value :  2.24189e-08
 Reference value :  2.29209e-08
 Reference value :  2.33426e-08
 Reference value :  2.38044e-08
 Reference value :  2.42462e-08
 Reference value :  2.47080e-08
 Reference value :  2.51498e-08
 Reference value :  2.55916e-08
 Reference value :  2.60936e-08
 Reference value :  2.65353e-08
 Reference value :  2.69570e-08
 Reference value :  2.74389e-08
 Reference value :  2.78807e-08
 Reference value :  2.83224e-08
 Reference value :  2.87843e-08
 Reference value :  2.92662e-08
 Reference value :  2.97080e-08
 Reference value :  3.01698e-08
 Reference value :  3.06718e-08
 Reference value :  3.11336e-08
 Reference value :  3.15754e-08
 Reference value :  3.20774e-08
 Reference value :  3.25192e-08
 Reference value :  3.29408e-08
 Reference value :  3.34027e-08
 Reference value :  3.38444e-08
 Reference value :  3.42862e-08
 Reference value :  3.47882e-08
 Reference value :  3.52300e-08
 Reference value :  3.56717e-08
 Reference value :  3.61135e-08
 Reference value :  3.65954e-08
 Reference value :  3.70372e-08
 Reference value :  3.74789e-08
 Reference value :  3.79408e-08
 Reference value :  3.84026e-08
 Reference value :  3.88243e-08
 Reference value :  3.92861e-08
 Reference value :  3.97480e-08
 Reference value :  4.01897e-08
 Reference value :  4.06315e-08
 Reference value :  4.11335e-08
 Reference value :  4.15552e-08
 Reference value :  4.19969e-08
 Reference value :  4.24788e-08
 Reference value :  4.29407e-08
 Reference value :  4.33824e-08
 Reference value :  4.38443e-08
 Reference value :  4.43262e-08
 Reference value :  4.47479e-08
 Reference value :  4.51696e-08
 Reference value :  4.56716e-08
 Reference value :  4.61133e-08
 Reference value :  4.65551e-08
 Reference value :  4.70772e-08
 Reference value :  4.75189e-08
 Reference value :  4.79607e-08
 Reference value :  4.84024e-08
 Reference value :  4.88643e-08
 Reference value :  4.93261e-08
 Reference value :  4.97679e-08
 Reference value :  5.02699e-08
 Reference value :  5.07317e-08
 Reference value :  5.11534e-08
 Reference value :  5.16353e-08
 Reference value :  5.20771e-08
 Reference value :  5.25188e-08
 Reference value :  5.29807e-08
 Reference value :  5.34425e-08
 Reference value :  5.38642e-08
 Reference value :  5.43461e-08
 Reference value :  5.48080e-08
 Reference value :  5.52497e-08
 Reference value :  5.56915e-08
 Reference value :  5.61935e-08
 Reference value :  5.66352e-08
 Reference value :  5.70569e-08
 Reference value :  5.75188e-08
 Reference value :  5.79806e-08
 Reference value :  5.84224e-08
 Reference value :  5.88842e-08
 Reference value :  5.93661e-08
 Reference value :  5.97878e-08
 Reference value :  6.02296e-08
 Reference value :  6.07115e-08
 Reference value :  6.11332e-08
 Reference value :  6.15749e-08
 Reference value :  6.20167e-08
 Reference value :  6.24785e-08
 Reference value :  6.29203e-08
 Reference value :  6.33420e-08
 Reference value :  6.38239e-08
 Reference value :  6.42656e-08
 Reference value :  6.47074e-08
 Reference value :  6.51893e-08
 Reference value :  6.56311e-08
 Reference value :  6.60528e-08
 Reference value :  6.65146e-08
 Reference value :  6.69965e-08
 Reference value :  6.74383e-08
 Reference value :  6.79001e-08
 Reference value :  6.83620e-08
 Reference value :  6.88037e-08
 Reference value :  6.92254e-08
 Reference value :  6.96872e-08
 Reference value :  7.01290e-08
 Reference value :  7.05708e-08
 Reference value :  7.10728e-08
 Reference value :  7.15145e-08
 Reference value :  7.19764e-08
 Reference value :  7.24181e-08
 Reference value :  7.28800e-08
 Reference value :  7.33217e-08
 Reference value :  7.37635e-08
 Reference value :  7.42454e-08
 Reference value :  7.46872e-08
 Reference value :  7.51289e-08
 Reference value :  7.56309e-08
 Reference value :  7.60727e-08
 Reference value :  7.65144e-08
 Reference value :  7.69763e-08
 Reference value :  7.74783e-08
 Reference value :  7.79200e-08
 Reference value :  7.83618e-08
 Reference value :  7.88638e-08
 Reference value :  7.93256e-08
 Reference value :  7.97674e-08
 Reference value :  8.02493e-08
 Reference value :  8.06911e-08
 Reference value :  8.11328e-08
 Reference value :  8.15746e-08
 Reference value :  8.20364e-08
 Reference value :  8.24782e-08
 Reference value :  8.29200e-08
 Reference value :  8.34220e-08
 Reference value :  8.38637e-08
 Reference value :  8.42854e-08
 Reference value :  8.47673e-08
 Reference value :  8.52091e-08
 Reference value :  8.56508e-08
 Reference value :  8.61127e-08
 Reference value :  8.65946e-08
 Reference value :  8.70364e-08
 Reference value :  8.74781e-08
 Reference value :  8.79600e-08
 Reference value :  8.84018e-08
 Reference value :  8.88436e-08
 Reference value :  8.93456e-08
 Reference value :  8.97672e-08
 Reference value :  9.01889e-08
 Reference value :  9.06508e-08
 Reference value :  9.11126e-08
 Reference value :  9.15544e-08
 Reference value :  9.19961e-08
 Reference value :  9.24580e-08
 Reference value :  9.28796e-08
 Reference value :  9.33214e-08
 Reference value :  9.37832e-08
 Reference value :  9.42250e-08
 Reference value :  9.46868e-08
 Reference value :  9.51688e-08
 Reference value :  9.56306e-08
 Reference value :  9.60523e-08
 Reference value :  9.64740e-08
 Reference value :  9.69559e-08
 Reference value :  9.74177e-08
 Reference value :  9.78394e-08
 Reference value :  9.83213e-08
 Reference value :  9.87832e-08
 Reference value :  9.92249e-08
 Reference value :  9.96868e-08
 Reference value :  1.00129e-07
 Reference value :  1.00570e-07
 Reference value :  1.01012e-07
 Reference value :  1.01514e-07
 Reference value :  1.01936e-07
 Reference value :  1.02398e-07
 Reference value :  1.02879e-07
 Reference value :  1.03321e-07
 Reference value :  1.03763e-07
 Reference value :  1.04245e-07
 Reference value :  1.04687e-07
 Reference value :  1.05108e-07
 Reference value :  1.05530e-07
 Reference value :  1.06012e-07
 Reference value :  1.06454e-07
 Reference value :  1.06895e-07
 Reference value :  1.07397e-07
 Reference value :  1.07859e-07
 Reference value :  1.08301e-07
 Reference value :  1.08763e-07
 Reference value :  1.09225e-07
 Reference value :  1.09667e-07
 Reference value :  1.10108e-07
 Reference value :  1.10590e-07
 Reference value :  1.11032e-07
 Reference value :  1.11474e-07
 Reference value :  1.11956e-07
 Reference value :  1.12377e-07
 Reference value :  1.12819e-07
 Reference value :  1.13281e-07
 Reference value :  1.13743e-07
 Reference value :  1.14185e-07
 Reference value :  1.14626e-07
 Reference value :  1.15108e-07
 Reference value :  1.15570e-07
 Reference value :  1.16012e-07
 Reference value :  1.16494e-07
 Reference value :  1.16915e-07
 Reference value :  1.17357e-07
 Reference value :  1.17819e-07
 Reference value :  1.18281e-07
 Reference value :  1.18723e-07
 Reference value :  1.19184e-07
 Reference value :  1.19686e-07
 Reference value :  1.20128e-07
No. of Data Rows : 6015
vhold_min           =  1.20000e+00 at=  6.42560e-12
tfirst              =  7.88515e-09
t1                  =  7.27456e-08
t2                  =  7.57626e-08
t3                  =  7.87797e-08
t4                  =  8.17969e-08
t5                  =  8.48140e-08
t6                  =  8.78310e-08
t7                  =  9.08481e-08
t8                  =  9.38654e-08
t9                  =  9.68824e-08
t10                 =  9.98995e-08
t11                 =  1.02917e-07
t12                 =  1.05934e-07
idd_run             =  -6.06313e-04 from=  7.22900e-08 to=  1.20500e-07
vmax                =  1.21559e+00 at=  1.16393e-07
vmin                =  -1.17307e-02 at=  7.56510e-08
Note: Simulation executed from .control section 
Note: Starting dynamic gmin stepping
Note: Dynamic gmin stepping completed
Note: Starting dynamic gmin stepping
Note: Dynamic gmin stepping completed
