
Note: Compatibility modes selected: hs a


Circuit: * tt_analog_ring, code 32

Doing analysis at TEMP = 27.000000 and TNOM = 27.000000

Using SPARSE 1.3 as Direct Linear Solver
 Reference value :  0.00000e+00
No. of Data Rows : 1
idd_dis=7.53658E-05 vbp=0.597176 vbn=0.37463 clk_dis=1.08
Doing analysis at TEMP = 27.000000 and TNOM = 27.000000

Using SPARSE 1.3 as Direct Linear Solver

Initial Transient Solution
--------------------------

Node                                   Voltage
----                                   -------
vpwr                                      1.08
code[0]                                      0
code[1]                                      0
code[2]                                      0
code[3]                                      0
code[4]                                      0
code[5]                                   1.08
code[6]                                      0
code[7]                                      0
enable                                       0
xdut.vbp                              0.597176
clk_out                                   1.08
xdut.b1                            1.43972e-07
xdut.s3                            1.36571e-06
xdut.s2                                   1.08
xdut.n_126                                1.08
xdut.s1                            1.36572e-06
xdut.n_125                                1.08
xdut.s10                                  1.08
xdut.s6                                   1.08
xdut.s5                            1.36571e-06
xdut.n_128                                1.08
xdut.s9                            1.36571e-06
xdut.n_133                                1.08
xdut.s4                                   1.08
xdut.n_129                                1.08
xdut.s8                                   1.08
xdut.n_132                                1.08
xdut.s7                            1.36571e-06
xdut.n_130                                1.08
xdut.n_127                                1.08
xdut.n_131                                1.08
xdut.s0                                   1.08
xdut.n_124                                1.08
xdut.n_71                          1.27602e-06
xdut.n_72                          1.27601e-06
xdut.n_70                          2.05674e-07
xdut.n_77                          1.27601e-06
xdut.n_75                          2.05674e-07
xdut.n_73                          2.05674e-07
xdut.n_67                          2.05674e-07
xdut.n_76                          2.05674e-07
xdut.n_69                          1.27601e-06
xdut.n_74                          1.27601e-06
xdut.n_122                                1.08
xdut.n_i1005                          0.918197
xdut.n_68                          4.36047e-07
xdut.vbn                               0.37463
ven#branch                         5.05083e-12
vc7#branch                         2.07473e-12
vc6#branch                         1.03736e-12
vc5#branch                        -8.02711e-09
vc4#branch                         2.59341e-13
vc3#branch                          1.2967e-13
vc2#branch                         6.48352e-14
vc1#branch                         3.24176e-14
vc0#branch                         1.62088e-14
vdd#branch                        -7.53658e-05

 Reference value :  0.00000e+00
 Reference value :  6.08709e-09
 Reference value :  1.36765e-08
 Reference value :  2.14605e-08
 Reference value :  2.92445e-08
 Reference value :  3.68339e-08
 Reference value :  4.46179e-08
 Reference value :  5.22073e-08
 Reference value :  5.84900e-08
 Reference value :  6.20152e-08
 Reference value :  6.61018e-08
 Reference value :  7.03830e-08
 Reference value :  7.46642e-08
 Reference value :  7.82942e-08
 Reference value :  8.19916e-08
 Reference value :  8.58836e-08
 Reference value :  8.99702e-08
 Reference value :  9.42514e-08
 Reference value :  9.81434e-08
 Reference value :  1.02035e-07
 Reference value :  1.06511e-07
 Reference value :  1.11296e-07
 Reference value :  1.15772e-07
 Reference value :  1.20248e-07
 Reference value :  1.25113e-07
 Reference value :  1.29783e-07
 Reference value :  1.34259e-07
 Reference value :  1.39318e-07
 Reference value :  1.44573e-07
 Reference value :  1.48582e-07
 Reference value :  1.52863e-07
 Reference value :  1.57144e-07
 Reference value :  1.61815e-07
 Reference value :  1.66290e-07
 Reference value :  1.71934e-07
 Reference value :  1.76993e-07
 Reference value :  1.83173e-07
 Reference value :  1.88038e-07
 Reference value :  1.92903e-07
 Reference value :  1.97768e-07
 Reference value :  2.02439e-07
 Reference value :  2.07498e-07
 Reference value :  2.12558e-07
 Reference value :  2.16987e-07
 Reference value :  2.21657e-07
 Reference value :  2.26911e-07
 Reference value :  2.31971e-07
 Reference value :  2.37031e-07
 Reference value :  2.42090e-07
 Reference value :  2.46915e-07
 Reference value :  2.51579e-07
 Reference value :  2.56638e-07
 Reference value :  2.62282e-07
 Reference value :  2.67147e-07
 Reference value :  2.72012e-07
 Reference value :  2.77071e-07
 Reference value :  2.81889e-07
 Reference value :  2.86754e-07
 Reference value :  2.91425e-07
 Reference value :  2.96679e-07
 Reference value :  3.03295e-07
 Reference value :  3.10496e-07
 Reference value :  3.15703e-07
 Reference value :  3.20568e-07
 Reference value :  3.26990e-07
 Reference value :  3.33606e-07
 Reference value :  3.38471e-07
 Reference value :  3.42558e-07
 Reference value :  3.47228e-07
 Reference value :  3.51073e-07
 Reference value :  3.55354e-07
 Reference value :  3.59636e-07
 Reference value :  3.64501e-07
 Reference value :  3.68976e-07
 Reference value :  3.73258e-07
 Reference value :  3.77733e-07
 Reference value :  3.82209e-07
 Reference value :  3.86054e-07
 Reference value :  3.90336e-07
 Reference value :  3.94811e-07
 Reference value :  3.99871e-07
 Reference value :  4.03958e-07
 Reference value :  4.08433e-07
 Reference value :  4.12909e-07
 Reference value :  4.17338e-07
 Reference value :  4.21814e-07
 Reference value :  4.26290e-07
 Reference value :  4.30765e-07
 Reference value :  4.35241e-07
 Reference value :  4.39522e-07
 Reference value :  4.43998e-07
 Reference value :  4.48474e-07
 Reference value :  4.52708e-07
 Reference value :  4.56990e-07
 Reference value :  4.61465e-07
 Reference value :  4.66330e-07
 Reference value :  4.70612e-07
 Reference value :  4.74893e-07
 Reference value :  4.79174e-07
 Reference value :  4.84039e-07
 Reference value :  4.87884e-07
 Reference value :  4.92360e-07
 Reference value :  4.96641e-07
 Reference value :  5.01311e-07
 Reference value :  5.05398e-07
 Reference value :  5.09679e-07
 Reference value :  5.13960e-07
 Reference value :  5.18631e-07
 Reference value :  5.22671e-07
 Reference value :  5.27146e-07
 Reference value :  5.31622e-07
 Reference value :  5.36487e-07
 Reference value :  5.40574e-07
 Reference value :  5.44855e-07
 Reference value :  5.49331e-07
 Reference value :  5.53565e-07
 Reference value :  5.57846e-07
 Reference value :  5.62322e-07
 Reference value :  5.66798e-07
 Reference value :  5.71468e-07
 Reference value :  5.75749e-07
 Reference value :  5.80225e-07
 Reference value :  5.84506e-07
 Reference value :  5.88546e-07
 Reference value :  5.92633e-07
 Reference value :  5.96914e-07
 Reference value :  6.01390e-07
 Reference value :  6.05671e-07
 Reference value :  6.09952e-07
 Reference value :  6.14233e-07
 Reference value :  6.18904e-07
 Reference value :  6.22943e-07
 Reference value :  6.27419e-07
 Reference value :  6.31895e-07
 Reference value :  6.36760e-07
 Reference value :  6.41041e-07
 Reference value :  6.45322e-07
 Reference value :  6.49798e-07
 Reference value :  6.54663e-07
 Reference value :  6.58703e-07
 Reference value :  6.63179e-07
 Reference value :  6.67655e-07
 Reference value :  6.72520e-07
 Reference value :  6.76801e-07
 Reference value :  6.81277e-07
 Reference value :  6.85947e-07
 Reference value :  6.90181e-07
 Reference value :  6.94657e-07
 Reference value :  6.99133e-07
 Reference value :  7.03803e-07
 Reference value :  7.08279e-07
 Reference value :  7.12560e-07
 Reference value :  7.17036e-07
 Reference value :  7.21901e-07
 Reference value :  7.25746e-07
 Reference value :  7.29833e-07
 Reference value :  7.33919e-07
 Reference value :  7.38395e-07
 Reference value :  7.42676e-07
 Reference value :  7.46568e-07
 Reference value :  7.50655e-07
 Reference value :  7.55131e-07
 Reference value :  7.58781e-07
 Reference value :  7.62868e-07
 Reference value :  7.67149e-07
 Reference value :  7.71625e-07
 Reference value :  7.75906e-07
 Reference value :  7.79993e-07
 Reference value :  7.84079e-07
 Reference value :  7.88166e-07
 Reference value :  7.92011e-07
 Reference value :  7.95903e-07
 Reference value :  7.99990e-07
 Reference value :  8.04465e-07
 Reference value :  8.09136e-07
 Reference value :  8.13222e-07
 Reference value :  8.17504e-07
 Reference value :  8.21785e-07
 Reference value :  8.26019e-07
 Reference value :  8.30495e-07
 Reference value :  8.34776e-07
 Reference value :  8.39446e-07
 Reference value :  8.43922e-07
 Reference value :  8.48203e-07
 Reference value :  8.52679e-07
 Reference value :  8.57544e-07
 Reference value :  8.61584e-07
 Reference value :  8.66060e-07
 Reference value :  8.70536e-07
 Reference value :  8.75401e-07
 Reference value :  8.79487e-07
 Reference value :  8.83768e-07
 Reference value :  8.87855e-07
 Reference value :  8.92331e-07
 Reference value :  8.96176e-07
 Reference value :  9.00457e-07
 Reference value :  9.04738e-07
 Reference value :  9.09603e-07
 Reference value :  9.13690e-07
 Reference value :  9.17971e-07
 Reference value :  9.22252e-07
 Reference value :  9.26896e-07
 Reference value :  9.31157e-07
 Reference value :  9.35438e-07
 Reference value :  9.39719e-07
 Reference value :  9.44390e-07
 Reference value :  9.48282e-07
 Reference value :  9.52368e-07
 Reference value :  9.56650e-07
 Reference value :  9.60904e-07
 Reference value :  9.64776e-07
 Reference value :  9.68862e-07
 Reference value :  9.73338e-07
 Reference value :  9.78009e-07
 Reference value :  9.82095e-07
 Reference value :  9.86376e-07
 Reference value :  9.90463e-07
 Reference value :  9.94912e-07
 Reference value :  9.99173e-07
 Reference value :  1.00345e-06
 Reference value :  1.00793e-06
 Reference value :  1.01260e-06
 Reference value :  1.01669e-06
 Reference value :  1.02077e-06
 Reference value :  1.02525e-06
 Reference value :  1.02948e-06
 Reference value :  1.03357e-06
 Reference value :  1.03785e-06
 Reference value :  1.04194e-06
 Reference value :  1.04641e-06
 Reference value :  1.05031e-06
 Reference value :  1.05459e-06
 Reference value :  1.05887e-06
 Reference value :  1.06311e-06
 Reference value :  1.06738e-06
 Reference value :  1.07167e-06
 Reference value :  1.07634e-06
 Reference value :  1.08120e-06
 Reference value :  1.08529e-06
 Reference value :  1.08957e-06
 Reference value :  1.09385e-06
 Reference value :  1.09808e-06
 Reference value :  1.10217e-06
 Reference value :  1.10645e-06
 Reference value :  1.11093e-06
 Reference value :  1.11540e-06
 Reference value :  1.11968e-06
 Reference value :  1.12397e-06
 Reference value :  1.12864e-06
 Reference value :  1.13287e-06
 Reference value :  1.13735e-06
 Reference value :  1.14163e-06
 Reference value :  1.14649e-06
 Reference value :  1.15077e-06
 Reference value :  1.15505e-06
 Reference value :  1.15953e-06
 Reference value :  1.16401e-06
 Reference value :  1.16783e-06
No. of Data Rows : 6026
vhold_min           =  1.08000e+00 at=  8.32888e-10
tfirst              =  7.64440e-08
t1                  =  7.05840e-07
t2                  =  7.39849e-07
t3                  =  7.73857e-07
t4                  =  8.07865e-07
t5                  =  8.41873e-07
t6                  =  8.75881e-07
t7                  =  9.09889e-07
t8                  =  9.43897e-07
t9                  =  9.77905e-07
t10                 =  1.01191e-06
t11                 =  1.04592e-06
t12                 =  1.07993e-06
idd_run             =  -7.85006e-05 from=  7.00700e-07 to=  1.16800e-06
vmax                =  1.08250e+00 at=  7.55909e-07
vmin                =  -3.14523e-03 at=  7.23029e-07
Note: Simulation executed from .control section 
Warning: m=xx on .subckt line will override multiplier m hierarchy!

Note: Starting dynamic gmin stepping
Note: Dynamic gmin stepping completed
Note: Starting dynamic gmin stepping
Note: Dynamic gmin stepping completed
