
Note: No compatibility mode selected!


Circuit: * tt_analog_ring, code 255

Doing analysis at TEMP = 125.000000 and TNOM = 27.000000

Using SPARSE 1.3 as Direct Linear Solver
 Reference value :  0.00000e+00
No. of Data Rows : 1
idd_dis=0.000397799 vbp=0.482167 vbn=0.45115 clk_dis=1.07999
Doing analysis at TEMP = 125.000000 and TNOM = 27.000000

Using SPARSE 1.3 as Direct Linear Solver

Initial Transient Solution
--------------------------

Node                                   Voltage
----                                   -------
vpwr                                      1.08
code[0]                                   1.08
code[1]                                   1.08
code[2]                                   1.08
code[3]                                   1.08
code[4]                                   1.08
code[5]                                   1.08
code[6]                                   1.08
code[7]                                   1.08
enable                                       0
xdut.vbp                              0.482167
xdut.vbn                               0.45115
xdut.n0                            5.13118e-05
xdut.p0                                1.07994
xdut.na0                              0.910423
xdut.s0                                1.07993
xdut.s10                               1.07996
xdut.n1                            0.000118571
xdut.p1                                1.07987
xdut.s1                            0.000142083
xdut.n2                            2.98554e-05
xdut.p2                                1.07997
xdut.s2                                1.07996
xdut.n3                            0.000118511
xdut.p3                                1.07987
xdut.s3                             0.00014201
xdut.n4                            2.98553e-05
xdut.p4                                1.07997
xdut.s4                                1.07996
xdut.n5                            0.000118511
xdut.p5                                1.07987
xdut.s5                             0.00014201
xdut.n6                            2.98553e-05
xdut.p6                                1.07997
xdut.s6                                1.07996
xdut.n7                            0.000118511
xdut.p7                                1.07987
xdut.s7                             0.00014201
xdut.n8                            2.98553e-05
xdut.p8                                1.07997
xdut.s8                                1.07996
xdut.n9                            0.000118511
xdut.p9                                1.07987
xdut.s9                             0.00014201
xdut.n10                           2.98553e-05
xdut.p10                               1.07997
xdut.b1                            2.38818e-05
clk_out                                1.07999
ven#branch                         2.77663e-11
vc7#branch                        -2.40116e-07
vc6#branch                        -1.20058e-07
vc5#branch                        -6.00289e-08
vc4#branch                        -3.00145e-08
vc3#branch                        -1.50072e-08
vc2#branch                        -7.50362e-09
vc1#branch                        -3.75181e-09
vc0#branch                         -1.8759e-09
vdd#branch                        -0.000397799

 Reference value :  0.00000e+00
 Reference value :  6.28102e-10
 Reference value :  1.39114e-09
 Reference value :  2.15418e-09
 Reference value :  2.97746e-09
 Reference value :  3.74050e-09
 Reference value :  4.52362e-09
 Reference value :  5.30674e-09
 Reference value :  6.03002e-09
 Reference value :  6.45532e-09
 Reference value :  6.95732e-09
 Reference value :  7.43924e-09
 Reference value :  7.94124e-09
 Reference value :  8.48340e-09
 Reference value :  8.96532e-09
 Reference value :  9.42716e-09
 Reference value :  9.92916e-09
 Reference value :  1.04312e-08
 Reference value :  1.09131e-08
 Reference value :  1.13749e-08
 Reference value :  1.18970e-08
 Reference value :  1.23990e-08
 Reference value :  1.29010e-08
 Reference value :  1.33829e-08
 Reference value :  1.38849e-08
 Reference value :  1.43869e-08
 Reference value :  1.48688e-08
 Reference value :  1.53909e-08
 Reference value :  1.58929e-08
 Reference value :  1.64150e-08
 Reference value :  1.68768e-08
 Reference value :  1.73989e-08
 Reference value :  1.78808e-08
 Reference value :  1.83628e-08
 Reference value :  1.88447e-08
 Reference value :  1.93868e-08
 Reference value :  1.98888e-08
 Reference value :  2.03908e-08
 Reference value :  2.08728e-08
 Reference value :  2.13948e-08
 Reference value :  2.18768e-08
 Reference value :  2.23788e-08
 Reference value :  2.28406e-08
 Reference value :  2.33627e-08
 Reference value :  2.38647e-08
 Reference value :  2.43466e-08
 Reference value :  2.48486e-08
 Reference value :  2.53707e-08
 Reference value :  2.58928e-08
 Reference value :  2.63747e-08
 Reference value :  2.69168e-08
 Reference value :  2.73787e-08
 Reference value :  2.78606e-08
 Reference value :  2.83425e-08
 Reference value :  2.88646e-08
 Reference value :  2.93666e-08
 Reference value :  2.98485e-08
 Reference value :  3.03706e-08
 Reference value :  3.08726e-08
 Reference value :  3.13545e-08
 Reference value :  3.18364e-08
 Reference value :  3.23786e-08
 Reference value :  3.28605e-08
 Reference value :  3.33424e-08
 Reference value :  3.38444e-08
 Reference value :  3.43866e-08
 Reference value :  3.48685e-08
 Reference value :  3.53504e-08
 Reference value :  3.58524e-08
 Reference value :  3.63745e-08
 Reference value :  3.68564e-08
 Reference value :  3.73384e-08
 Reference value :  3.78404e-08
 Reference value :  3.83624e-08
 Reference value :  3.88444e-08
 Reference value :  3.93263e-08
 Reference value :  3.98484e-08
 Reference value :  4.03504e-08
 Reference value :  4.08524e-08
 Reference value :  4.13343e-08
 Reference value :  4.18564e-08
 Reference value :  4.23383e-08
 Reference value :  4.28202e-08
 Reference value :  4.33423e-08
 Reference value :  4.38443e-08
 Reference value :  4.43262e-08
 Reference value :  4.48282e-08
 Reference value :  4.53503e-08
 Reference value :  4.58523e-08
 Reference value :  4.63141e-08
 Reference value :  4.67960e-08
 Reference value :  4.72980e-08
 Reference value :  4.77800e-08
 Reference value :  4.82619e-08
 Reference value :  4.87237e-08
 Reference value :  4.92659e-08
 Reference value :  4.97880e-08
 Reference value :  5.02900e-08
 Reference value :  5.08120e-08
 Reference value :  5.13542e-08
 Reference value :  5.18160e-08
 Reference value :  5.22980e-08
 Reference value :  5.28200e-08
 Reference value :  5.33220e-08
 Reference value :  5.37839e-08
 Reference value :  5.42457e-08
 Reference value :  5.47477e-08
 Reference value :  5.52296e-08
 Reference value :  5.57316e-08
 Reference value :  5.62336e-08
 Reference value :  5.67557e-08
 Reference value :  5.72176e-08
 Reference value :  5.76794e-08
 Reference value :  5.81814e-08
 Reference value :  5.87236e-08
 Reference value :  5.92256e-08
 Reference value :  5.97075e-08
 Reference value :  6.02095e-08
 Reference value :  6.07316e-08
 Reference value :  6.11934e-08
 Reference value :  6.16753e-08
 Reference value :  6.21974e-08
 Reference value :  6.26994e-08
 Reference value :  6.31813e-08
 Reference value :  6.36632e-08
 Reference value :  6.41853e-08
 Reference value :  6.46873e-08
 Reference value :  6.51692e-08
 Reference value :  6.56712e-08
 Reference value :  6.61933e-08
 Reference value :  6.66752e-08
 Reference value :  6.71772e-08
 Reference value :  6.76993e-08
 Reference value :  6.82013e-08
 Reference value :  6.86632e-08
 Reference value :  6.91652e-08
 Reference value :  6.97073e-08
 Reference value :  7.02093e-08
 Reference value :  7.07314e-08
 Reference value :  7.11932e-08
 Reference value :  7.17354e-08
 Reference value :  7.22173e-08
 Reference value :  7.26591e-08
 Reference value :  7.31812e-08
 Reference value :  7.36832e-08
 Reference value :  7.41852e-08
 Reference value :  7.46470e-08
 Reference value :  7.51691e-08
 Reference value :  7.56912e-08
 Reference value :  7.61530e-08
 Reference value :  7.66349e-08
 Reference value :  7.71570e-08
 Reference value :  7.76791e-08
 Reference value :  7.81811e-08
 Reference value :  7.87032e-08
 Reference value :  7.92052e-08
 Reference value :  7.97072e-08
 Reference value :  8.01690e-08
 Reference value :  8.06911e-08
 Reference value :  8.11931e-08
 Reference value :  8.16951e-08
 Reference value :  8.21971e-08
 Reference value :  8.27192e-08
 Reference value :  8.32011e-08
 Reference value :  8.36830e-08
 Reference value :  8.42051e-08
 Reference value :  8.47272e-08
 Reference value :  8.52091e-08
 Reference value :  8.56910e-08
 Reference value :  8.62131e-08
 Reference value :  8.67151e-08
 Reference value :  8.71970e-08
 Reference value :  8.76789e-08
 Reference value :  8.82010e-08
 Reference value :  8.87030e-08
 Reference value :  8.91849e-08
 Reference value :  8.96668e-08
 Reference value :  9.01889e-08
 Reference value :  9.06508e-08
 Reference value :  9.11126e-08
 Reference value :  9.16146e-08
 Reference value :  9.21367e-08
 Reference value :  9.26387e-08
 Reference value :  9.31206e-08
 Reference value :  9.36025e-08
 Reference value :  9.41045e-08
 Reference value :  9.46065e-08
 Reference value :  9.50884e-08
 Reference value :  9.56306e-08
 Reference value :  9.61326e-08
 Reference value :  9.66145e-08
 Reference value :  9.71165e-08
 Reference value :  9.76788e-08
 Reference value :  9.81607e-08
 Reference value :  9.86426e-08
 Reference value :  9.91647e-08
 Reference value :  9.96868e-08
 Reference value :  1.00189e-07
 Reference value :  1.00671e-07
 Reference value :  1.01173e-07
 Reference value :  1.01695e-07
 Reference value :  1.02157e-07
 Reference value :  1.02659e-07
 Reference value :  1.03161e-07
 Reference value :  1.03663e-07
 Reference value :  1.04145e-07
 Reference value :  1.04647e-07
 Reference value :  1.05149e-07
 Reference value :  1.05630e-07
 Reference value :  1.06112e-07
 Reference value :  1.06634e-07
 Reference value :  1.07157e-07
 Reference value :  1.07618e-07
 Reference value :  1.08120e-07
 Reference value :  1.08622e-07
 Reference value :  1.09104e-07
 Reference value :  1.09546e-07
 Reference value :  1.10048e-07
 Reference value :  1.10550e-07
 Reference value :  1.11032e-07
 Reference value :  1.11514e-07
 Reference value :  1.11996e-07
 Reference value :  1.12538e-07
 Reference value :  1.13040e-07
 Reference value :  1.13502e-07
 Reference value :  1.14004e-07
 Reference value :  1.14546e-07
 Reference value :  1.15048e-07
 Reference value :  1.15550e-07
 Reference value :  1.16052e-07
 Reference value :  1.16554e-07
 Reference value :  1.17036e-07
 Reference value :  1.17518e-07
 Reference value :  1.18060e-07
 Reference value :  1.18562e-07
 Reference value :  1.19024e-07
 Reference value :  1.19526e-07
 Reference value :  1.20048e-07
No. of Data Rows : 6015
vhold_min           =  1.07999e+00 at=  1.06022e-10
tfirst              =  8.22040e-09
t1                  =  7.33385e-08
t2                  =  7.70592e-08
t3                  =  8.07797e-08
t4                  =  8.45002e-08
t5                  =  8.82209e-08
t6                  =  9.19414e-08
t7                  =  9.56619e-08
t8                  =  9.93826e-08
t9                  =  1.03103e-07
t10                 =  1.06824e-07
t11                 =  1.10544e-07
t12                 =  1.14265e-07
idd_run             =  -4.16811e-04 from=  7.22900e-08 to=  1.20500e-07
vmax                =  1.08835e+00 at=  1.01092e-07
vmin                =  -5.49551e-03 at=  9.55101e-08
Note: Simulation executed from .control section 
Note: Starting dynamic gmin stepping
Note: Dynamic gmin stepping completed
Note: Starting dynamic gmin stepping
Note: Dynamic gmin stepping completed
