
Note: No compatibility mode selected!


Circuit: * tt_analog_ring, code 127

Doing analysis at TEMP = 27.000000 and TNOM = 27.000000

Using SPARSE 1.3 as Direct Linear Solver
 Reference value :  0.00000e+00
No. of Data Rows : 1
idd_dis=0.000326934 vbp=0.558173 vbn=0.500782 clk_dis=1.2
Doing analysis at TEMP = 27.000000 and TNOM = 27.000000

Using SPARSE 1.3 as Direct Linear Solver

Initial Transient Solution
--------------------------

Node                                   Voltage
----                                   -------
vpwr                                       1.2
code[0]                                    1.2
code[1]                                    1.2
code[2]                                    1.2
code[3]                                    1.2
code[4]                                    1.2
code[5]                                    1.2
code[6]                                    1.2
code[7]                                      0
enable                                       0
xdut.vbp                              0.558173
xdut.vbn                              0.500782
xdut.n0                            1.02533e-07
xdut.p0                                    1.2
xdut.na0                               1.03576
xdut.s0                                    1.2
xdut.s10                                   1.2
xdut.n1                            4.81074e-07
xdut.p1                                    1.2
xdut.s1                            5.42142e-07
xdut.n2                             1.3007e-07
xdut.p2                                    1.2
xdut.s2                                    1.2
xdut.n3                            5.35162e-07
xdut.p3                                    1.2
xdut.s3                            6.13921e-07
xdut.n4                            1.04313e-07
xdut.p4                                    1.2
xdut.s4                                    1.2
xdut.n5                            7.10119e-07
xdut.p5                                    1.2
xdut.s5                            8.16293e-07
xdut.n6                            1.30227e-07
xdut.p6                                    1.2
xdut.s6                                    1.2
xdut.n7                            5.57727e-07
xdut.p7                                    1.2
xdut.s7                            6.48954e-07
xdut.n8                            8.77731e-08
xdut.p8                                    1.2
xdut.s8                                    1.2
xdut.n9                            6.87926e-07
xdut.p9                                    1.2
xdut.s9                             7.8419e-07
xdut.n10                           4.83006e-08
xdut.p10                                   1.2
xdut.b1                             1.7044e-07
clk_out                                    1.2
ven#branch                         7.49461e-12
vc7#branch                         1.73325e-12
vc6#branch                        -2.91422e-08
vc5#branch                        -1.46271e-08
vc4#branch                          -7.295e-09
vc3#branch                        -3.72292e-09
vc2#branch                        -1.84122e-09
vc1#branch                        -9.00395e-10
vc0#branch                        -4.45186e-10
vdd#branch                        -0.000326934

 Reference value :  0.00000e+00
 Reference value :  1.00100e-09
 Reference value :  2.24140e-09
 Reference value :  3.45079e-09
 Reference value :  4.62917e-09
 Reference value :  5.86957e-09
 Reference value :  7.10997e-09
 Reference value :  8.35037e-09
 Reference value :  9.37526e-09
 Reference value :  1.00067e-08
 Reference value :  1.06579e-08
 Reference value :  1.13401e-08
 Reference value :  1.20844e-08
 Reference value :  1.27666e-08
 Reference value :  1.34178e-08
 Reference value :  1.41000e-08
 Reference value :  1.47822e-08
 Reference value :  1.54645e-08
 Reference value :  1.61157e-08
 Reference value :  1.68599e-08
 Reference value :  1.75421e-08
 Reference value :  1.81933e-08
 Reference value :  1.88756e-08
 Reference value :  1.95578e-08
 Reference value :  2.02400e-08
 Reference value :  2.08602e-08
 Reference value :  2.16044e-08
 Reference value :  2.22867e-08
 Reference value :  2.29689e-08
 Reference value :  2.36821e-08
 Reference value :  2.43333e-08
 Reference value :  2.50465e-08
 Reference value :  2.56978e-08
 Reference value :  2.64420e-08
 Reference value :  2.71552e-08
 Reference value :  2.78374e-08
 Reference value :  2.85197e-08
 Reference value :  2.92019e-08
 Reference value :  2.98841e-08
 Reference value :  3.05973e-08
 Reference value :  3.13106e-08
 Reference value :  3.19928e-08
 Reference value :  3.26440e-08
 Reference value :  3.33572e-08
 Reference value :  3.40394e-08
 Reference value :  3.46907e-08
 Reference value :  3.54039e-08
 Reference value :  3.60861e-08
 Reference value :  3.67683e-08
 Reference value :  3.74505e-08
 Reference value :  3.81328e-08
 Reference value :  3.88150e-08
 Reference value :  3.95282e-08
 Reference value :  4.02725e-08
 Reference value :  4.09547e-08
 Reference value :  4.16059e-08
 Reference value :  4.23191e-08
 Reference value :  4.29703e-08
 Reference value :  4.36525e-08
 Reference value :  4.42727e-08
 Reference value :  4.50170e-08
 Reference value :  4.56682e-08
 Reference value :  4.63504e-08
 Reference value :  4.70326e-08
 Reference value :  4.77149e-08
 Reference value :  4.83971e-08
 Reference value :  4.90173e-08
 Reference value :  4.97615e-08
 Reference value :  5.04127e-08
 Reference value :  5.10639e-08
 Reference value :  5.17772e-08
 Reference value :  5.24594e-08
 Reference value :  5.31416e-08
 Reference value :  5.37928e-08
 Reference value :  5.44750e-08
 Reference value :  5.51262e-08
 Reference value :  5.57775e-08
 Reference value :  5.64907e-08
 Reference value :  5.71729e-08
 Reference value :  5.78551e-08
 Reference value :  5.85063e-08
 Reference value :  5.92196e-08
 Reference value :  5.99018e-08
 Reference value :  6.05530e-08
 Reference value :  6.12662e-08
 Reference value :  6.19174e-08
 Reference value :  6.25686e-08
 Reference value :  6.32509e-08
 Reference value :  6.39641e-08
 Reference value :  6.46153e-08
 Reference value :  6.52665e-08
 Reference value :  6.59797e-08
 Reference value :  6.66310e-08
 Reference value :  6.72822e-08
 Reference value :  6.79644e-08
 Reference value :  6.86776e-08
 Reference value :  6.93598e-08
 Reference value :  6.99800e-08
 Reference value :  7.07243e-08
 Reference value :  7.13755e-08
 Reference value :  7.20267e-08
 Reference value :  7.27089e-08
 Reference value :  7.34221e-08
 Reference value :  7.41044e-08
 Reference value :  7.47866e-08
 Reference value :  7.54688e-08
 Reference value :  7.61510e-08
 Reference value :  7.68332e-08
 Reference value :  7.75155e-08
 Reference value :  7.82287e-08
 Reference value :  7.88799e-08
 Reference value :  7.95001e-08
 Reference value :  8.01823e-08
 Reference value :  8.08956e-08
 Reference value :  8.15778e-08
 Reference value :  8.22910e-08
 Reference value :  8.30042e-08
 Reference value :  8.36554e-08
 Reference value :  8.43067e-08
 Reference value :  8.50199e-08
 Reference value :  8.56711e-08
 Reference value :  8.63223e-08
 Reference value :  8.70665e-08
 Reference value :  8.77488e-08
 Reference value :  8.84000e-08
 Reference value :  8.91132e-08
 Reference value :  8.97954e-08
 Reference value :  9.04776e-08
 Reference value :  9.11289e-08
 Reference value :  9.18731e-08
 Reference value :  9.25553e-08
 Reference value :  9.32375e-08
 Reference value :  9.39508e-08
 Reference value :  9.46330e-08
 Reference value :  9.52842e-08
 Reference value :  9.59044e-08
 Reference value :  9.66486e-08
 Reference value :  9.73309e-08
 Reference value :  9.79821e-08
 Reference value :  9.87263e-08
 Reference value :  9.93775e-08
 Reference value :  1.00060e-07
 Reference value :  1.00711e-07
 Reference value :  1.01424e-07
 Reference value :  1.02075e-07
 Reference value :  1.02665e-07
 Reference value :  1.03409e-07
 Reference value :  1.04060e-07
 Reference value :  1.04742e-07
 Reference value :  1.05424e-07
 Reference value :  1.06107e-07
 Reference value :  1.06758e-07
 Reference value :  1.07409e-07
 Reference value :  1.08122e-07
 Reference value :  1.08805e-07
 Reference value :  1.09456e-07
 Reference value :  1.10138e-07
 Reference value :  1.10820e-07
 Reference value :  1.11502e-07
 Reference value :  1.12154e-07
 Reference value :  1.12836e-07
 Reference value :  1.13549e-07
 Reference value :  1.14200e-07
 Reference value :  1.14883e-07
 Reference value :  1.15565e-07
 Reference value :  1.16247e-07
 Reference value :  1.16898e-07
 Reference value :  1.17642e-07
 Reference value :  1.18325e-07
 Reference value :  1.18976e-07
 Reference value :  1.19720e-07
 Reference value :  1.20402e-07
 Reference value :  1.21054e-07
 Reference value :  1.21705e-07
 Reference value :  1.22387e-07
 Reference value :  1.23038e-07
 Reference value :  1.23720e-07
 Reference value :  1.24434e-07
 Reference value :  1.25116e-07
 Reference value :  1.25767e-07
 Reference value :  1.26449e-07
 Reference value :  1.27131e-07
 Reference value :  1.27783e-07
 Reference value :  1.28465e-07
 Reference value :  1.29178e-07
 Reference value :  1.29860e-07
 Reference value :  1.30512e-07
 Reference value :  1.31163e-07
 Reference value :  1.31876e-07
 Reference value :  1.32496e-07
 Reference value :  1.33147e-07
 Reference value :  1.33892e-07
 Reference value :  1.34543e-07
 Reference value :  1.35194e-07
 Reference value :  1.35845e-07
 Reference value :  1.36527e-07
 Reference value :  1.37179e-07
 Reference value :  1.37830e-07
 Reference value :  1.38543e-07
 Reference value :  1.39225e-07
 Reference value :  1.39877e-07
 Reference value :  1.40528e-07
 Reference value :  1.41241e-07
 Reference value :  1.41892e-07
 Reference value :  1.42543e-07
 Reference value :  1.43288e-07
 Reference value :  1.44001e-07
 Reference value :  1.44652e-07
 Reference value :  1.45303e-07
 Reference value :  1.45986e-07
 Reference value :  1.46668e-07
 Reference value :  1.47288e-07
 Reference value :  1.48001e-07
 Reference value :  1.48652e-07
 Reference value :  1.49304e-07
 Reference value :  1.49986e-07
 Reference value :  1.50699e-07
 Reference value :  1.51381e-07
 Reference value :  1.52032e-07
 Reference value :  1.52777e-07
 Reference value :  1.53459e-07
 Reference value :  1.54110e-07
 Reference value :  1.54823e-07
 Reference value :  1.55506e-07
 Reference value :  1.56188e-07
 Reference value :  1.56839e-07
 Reference value :  1.57583e-07
 Reference value :  1.58297e-07
 Reference value :  1.58948e-07
 Reference value :  1.59692e-07
 Reference value :  1.60374e-07
 Reference value :  1.61025e-07
 Reference value :  1.61708e-07
 Reference value :  1.62452e-07
 Reference value :  1.63134e-07
 Reference value :  1.63785e-07
 Reference value :  1.64499e-07
 Reference value :  1.65181e-07
 Reference value :  1.65832e-07
 Reference value :  1.66545e-07
 Reference value :  1.67227e-07
 Reference value :  1.67910e-07
 Reference value :  1.68561e-07
 Reference value :  1.69243e-07
 Reference value :  1.69956e-07
 Reference value :  1.70607e-07
 Reference value :  1.71321e-07
 Reference value :  1.71972e-07
 Reference value :  1.72623e-07
 Reference value :  1.73305e-07
 Reference value :  1.73988e-07
 Reference value :  1.74670e-07
 Reference value :  1.75352e-07
 Reference value :  1.76065e-07
 Reference value :  1.76778e-07
 Reference value :  1.77430e-07
 Reference value :  1.78112e-07
 Reference value :  1.78794e-07
 Reference value :  1.79476e-07
 Reference value :  1.80128e-07
 Reference value :  1.80872e-07
 Reference value :  1.81523e-07
 Reference value :  1.82174e-07
 Reference value :  1.82918e-07
 Reference value :  1.83601e-07
 Reference value :  1.84283e-07
 Reference value :  1.84934e-07
 Reference value :  1.85647e-07
No. of Data Rows : 6012
vhold_min           =  1.20000e+00 at=  1.32723e-10
tfirst              =  1.21141e-08
t1                  =  1.12844e-07
t2                  =  1.17529e-07
t3                  =  1.22214e-07
t4                  =  1.26899e-07
t5                  =  1.31584e-07
t6                  =  1.36269e-07
t7                  =  1.40954e-07
t8                  =  1.45639e-07
t9                  =  1.50323e-07
t10                 =  1.55008e-07
t11                 =  1.59693e-07
t12                 =  1.64378e-07
idd_run             =  -3.41943e-04 from=  1.11600e-07 to=  1.86000e-07
vmax                =  1.21196e+00 at=  1.75941e-07
vmin                =  -7.63340e-03 at=  1.54854e-07
Note: Simulation executed from .control section 
Note: Starting dynamic gmin stepping
Note: Dynamic gmin stepping completed
Note: Starting dynamic gmin stepping
Note: Dynamic gmin stepping completed
