
Note: Compatibility modes selected: hs a


Circuit: * tt_analog_ring, code 1

Doing analysis at TEMP = -40.000000 and TNOM = 27.000000

Using SPARSE 1.3 as Direct Linear Solver
 Reference value :  0.00000e+00
No. of Data Rows : 1
idd_dis=1.52919E-05 vbp=0.946644 vbn=0.284409 clk_dis=1.32
Doing analysis at TEMP = -40.000000 and TNOM = 27.000000

Using SPARSE 1.3 as Direct Linear Solver

Initial Transient Solution
--------------------------

Node                                   Voltage
----                                   -------
vpwr                                      1.32
code[0]                                   1.32
code[1]                                      0
code[2]                                      0
code[3]                                      0
code[4]                                      0
code[5]                                      0
code[6]                                      0
code[7]                                      0
enable                                       0
xdut.vbp                              0.946644
clk_out                                   1.32
xdut.b1                            2.31605e-07
xdut.s3                            6.23864e-06
xdut.s2                                1.31999
xdut.n_126                                1.32
xdut.s1                            6.23865e-06
xdut.n_125                             1.31999
xdut.s10                               1.31999
xdut.s6                                1.31999
xdut.s5                            6.23864e-06
xdut.n_128                             1.31999
xdut.s9                            6.23864e-06
xdut.n_133                             1.31999
xdut.s4                                1.31999
xdut.n_129                                1.32
xdut.s8                                1.31999
xdut.n_132                                1.32
xdut.s7                            6.23864e-06
xdut.n_130                                1.32
xdut.n_127                             1.31999
xdut.n_131                             1.31999
xdut.s0                                1.31999
xdut.n_124                                1.32
xdut.n_71                          6.14937e-06
xdut.n_72                          6.14936e-06
xdut.n_70                          1.48931e-07
xdut.n_77                          6.14936e-06
xdut.n_75                          1.48931e-07
xdut.n_73                          1.48931e-07
xdut.n_67                          1.48931e-07
xdut.n_76                          1.48931e-07
xdut.n_69                          6.14936e-06
xdut.n_74                          6.14936e-06
xdut.n_122                             1.31999
xdut.n_i1005                           1.12873
xdut.n_68                          2.73106e-07
xdut.vbn                              0.284409
ven#branch                         2.09931e-11
vc7#branch                         1.77581e-11
vc6#branch                         8.87905e-12
vc5#branch                         4.43952e-12
vc4#branch                         2.21976e-12
vc3#branch                         1.10988e-12
vc2#branch                          5.5494e-13
vc1#branch                          2.7747e-13
vc0#branch                        -1.45361e-09
vdd#branch                        -1.52919e-05

 Reference value :  0.00000e+00
 Reference value :  8.34077e-08
 Reference value :  1.84564e-07
 Reference value :  2.85720e-07
 Reference value :  3.84577e-07
 Reference value :  4.94929e-07
 Reference value :  5.96085e-07
 Reference value :  6.89730e-07
 Reference value :  7.16367e-07
 Reference value :  7.53151e-07
 Reference value :  7.90805e-07
 Reference value :  8.29617e-07
 Reference value :  8.66401e-07
 Reference value :  8.99991e-07
 Reference value :  9.38617e-07
 Reference value :  9.77700e-07
 Reference value :  1.01606e-06
 Reference value :  1.05284e-06
 Reference value :  1.09192e-06
 Reference value :  1.12981e-06
 Reference value :  1.16890e-06
 Reference value :  1.20765e-06
 Reference value :  1.24600e-06
 Reference value :  1.28278e-06
 Reference value :  1.31725e-06
 Reference value :  1.35051e-06
 Reference value :  1.38499e-06
 Reference value :  1.42014e-06
 Reference value :  1.45646e-06
 Reference value :  1.49094e-06
 Reference value :  1.52615e-06
 Reference value :  1.56098e-06
 Reference value :  1.59776e-06
 Reference value :  1.62842e-06
 Reference value :  1.66531e-06
 Reference value :  1.69979e-06
 Reference value :  1.73847e-06
 Reference value :  1.77476e-06
 Reference value :  1.80924e-06
 Reference value :  1.84305e-06
 Reference value :  1.87753e-06
 Reference value :  1.91202e-06
 Reference value :  1.95092e-06
 Reference value :  1.98770e-06
 Reference value :  2.02219e-06
 Reference value :  2.05875e-06
 Reference value :  2.09554e-06
 Reference value :  2.12772e-06
 Reference value :  2.16437e-06
 Reference value :  2.19885e-06
 Reference value :  2.23104e-06
 Reference value :  2.26765e-06
 Reference value :  2.30443e-06
 Reference value :  2.33892e-06
 Reference value :  2.37785e-06
 Reference value :  2.41463e-06
 Reference value :  2.45141e-06
 Reference value :  2.50641e-06
 Reference value :  2.55929e-06
 Reference value :  2.60973e-06
 Reference value :  2.65801e-06
 Reference value :  2.70843e-06
 Reference value :  2.74751e-06
 Reference value :  2.78890e-06
 Reference value :  2.83474e-06
 Reference value :  2.88302e-06
 Reference value :  2.93117e-06
 Reference value :  2.98174e-06
 Reference value :  3.03218e-06
 Reference value :  3.07586e-06
 Reference value :  3.12403e-06
 Reference value :  3.16311e-06
 Reference value :  3.19760e-06
 Reference value :  3.23193e-06
 Reference value :  3.26412e-06
 Reference value :  3.29630e-06
 Reference value :  3.33531e-06
 Reference value :  3.36980e-06
 Reference value :  3.40428e-06
 Reference value :  3.44319e-06
 Reference value :  3.47767e-06
 Reference value :  3.50986e-06
 Reference value :  3.54660e-06
 Reference value :  3.58109e-06
 Reference value :  3.61557e-06
 Reference value :  3.65446e-06
 Reference value :  3.68894e-06
 Reference value :  3.72113e-06
 Reference value :  3.76021e-06
 Reference value :  3.79469e-06
 Reference value :  3.83148e-06
 Reference value :  3.87002e-06
 Reference value :  3.90910e-06
 Reference value :  3.95278e-06
 Reference value :  3.99630e-06
 Reference value :  4.03308e-06
 Reference value :  4.07441e-06
 Reference value :  4.11120e-06
 Reference value :  4.14798e-06
 Reference value :  4.18034e-06
 Reference value :  4.21482e-06
 Reference value :  4.25160e-06
 Reference value :  4.29078e-06
 Reference value :  4.32757e-06
 Reference value :  4.36665e-06
 Reference value :  4.40498e-06
 Reference value :  4.44176e-06
 Reference value :  4.47820e-06
 Reference value :  4.50999e-06
 Reference value :  4.54448e-06
 Reference value :  4.58077e-06
 Reference value :  4.61639e-06
 Reference value :  4.65088e-06
 Reference value :  4.68996e-06
 Reference value :  4.72574e-06
 Reference value :  4.76022e-06
 Reference value :  4.79434e-06
 Reference value :  4.83068e-06
 Reference value :  4.86286e-06
 Reference value :  4.89965e-06
 Reference value :  4.93360e-06
 Reference value :  4.96808e-06
 Reference value :  5.00458e-06
 Reference value :  5.04102e-06
 Reference value :  5.07780e-06
 Reference value :  5.13319e-06
 Reference value :  5.17457e-06
 Reference value :  5.21315e-06
 Reference value :  5.24521e-06
 Reference value :  5.28199e-06
 Reference value :  5.32337e-06
 Reference value :  5.36080e-06
 Reference value :  5.39989e-06
 Reference value :  5.43832e-06
 Reference value :  5.47280e-06
 Reference value :  5.51189e-06
 Reference value :  5.55547e-06
 Reference value :  5.59915e-06
 Reference value :  5.64275e-06
 Reference value :  5.68183e-06
 Reference value :  5.71862e-06
 Reference value :  5.75998e-06
 Reference value :  5.79676e-06
 Reference value :  5.83355e-06
 Reference value :  5.86817e-06
 Reference value :  5.90496e-06
 Reference value :  5.94404e-06
 Reference value :  5.98038e-06
 Reference value :  6.02177e-06
 Reference value :  6.06298e-06
 Reference value :  6.10436e-06
 Reference value :  6.15034e-06
 Reference value :  6.19007e-06
 Reference value :  6.23835e-06
 Reference value :  6.27728e-06
 Reference value :  6.31406e-06
 Reference value :  6.35085e-06
 Reference value :  6.38820e-06
 Reference value :  6.42728e-06
 Reference value :  6.46866e-06
 Reference value :  6.50542e-06
 Reference value :  6.54221e-06
 Reference value :  6.58299e-06
 Reference value :  6.61862e-06
 Reference value :  6.65770e-06
 Reference value :  6.69669e-06
 Reference value :  6.73577e-06
 Reference value :  6.78175e-06
 Reference value :  6.81690e-06
 Reference value :  6.85368e-06
 Reference value :  6.89507e-06
 Reference value :  6.93171e-06
 Reference value :  6.97998e-06
 Reference value :  7.03135e-06
 Reference value :  7.08423e-06
 Reference value :  7.13870e-06
 Reference value :  7.19158e-06
 Reference value :  7.24492e-06
 Reference value :  7.30470e-06
 Reference value :  7.34854e-06
 Reference value :  7.38992e-06
 Reference value :  7.42738e-06
 Reference value :  7.46876e-06
 Reference value :  7.51244e-06
 Reference value :  7.54851e-06
 Reference value :  7.58759e-06
 Reference value :  7.63070e-06
 Reference value :  7.66630e-06
 Reference value :  7.70538e-06
 Reference value :  7.74243e-06
 Reference value :  7.77922e-06
 Reference value :  7.81600e-06
 Reference value :  7.85122e-06
 Reference value :  7.88571e-06
 Reference value :  7.92249e-06
 Reference value :  7.95612e-06
 Reference value :  7.99061e-06
 Reference value :  8.02279e-06
 Reference value :  8.05299e-06
 Reference value :  8.08828e-06
 Reference value :  8.12276e-06
 Reference value :  8.16101e-06
 Reference value :  8.19550e-06
 Reference value :  8.22998e-06
 Reference value :  8.27349e-06
 Reference value :  8.31258e-06
 Reference value :  8.34936e-06
 Reference value :  8.38597e-06
 Reference value :  8.42046e-06
 Reference value :  8.45724e-06
 Reference value :  8.49623e-06
 Reference value :  8.53072e-06
 Reference value :  8.56520e-06
 Reference value :  8.59527e-06
 Reference value :  8.62745e-06
 Reference value :  8.65964e-06
 Reference value :  8.69655e-06
 Reference value :  8.73103e-06
 Reference value :  8.76322e-06
 Reference value :  8.79765e-06
 Reference value :  8.83444e-06
 Reference value :  8.86662e-06
 Reference value :  8.90154e-06
 Reference value :  8.93603e-06
 Reference value :  8.97281e-06
 Reference value :  9.01075e-06
 Reference value :  9.04523e-06
 Reference value :  9.07972e-06
 Reference value :  9.11597e-06
 Reference value :  9.15045e-06
 Reference value :  9.18494e-06
 Reference value :  9.22113e-06
 Reference value :  9.25331e-06
 Reference value :  9.28550e-06
 Reference value :  9.31766e-06
 Reference value :  9.35215e-06
 Reference value :  9.38663e-06
 Reference value :  9.41782e-06
 Reference value :  9.45392e-06
 Reference value :  9.49070e-06
 Reference value :  9.52859e-06
 Reference value :  9.56537e-06
 Reference value :  9.60216e-06
 Reference value :  9.64045e-06
 Reference value :  9.67494e-06
 Reference value :  9.70712e-06
 Reference value :  9.74370e-06
 Reference value :  9.77589e-06
 Reference value :  9.80808e-06
 Reference value :  9.84204e-06
 Reference value :  9.87652e-06
 Reference value :  9.90871e-06
 Reference value :  9.94549e-06
 Reference value :  9.98213e-06
 Reference value :  1.00166e-05
 Reference value :  1.00532e-05
 Reference value :  1.00877e-05
 Reference value :  1.01222e-05
 Reference value :  1.01611e-05
 Reference value :  1.01979e-05
 Reference value :  1.02324e-05
 Reference value :  1.02713e-05
 Reference value :  1.03104e-05
 Reference value :  1.03495e-05
 Reference value :  1.03884e-05
 Reference value :  1.04251e-05
 Reference value :  1.04596e-05
 Reference value :  1.04962e-05
 Reference value :  1.05330e-05
 Reference value :  1.05698e-05
 Reference value :  1.06064e-05
 Reference value :  1.06409e-05
 Reference value :  1.06777e-05
 Reference value :  1.07166e-05
 Reference value :  1.07534e-05
 Reference value :  1.07924e-05
 Reference value :  1.08292e-05
 Reference value :  1.08636e-05
 Reference value :  1.09026e-05
 Reference value :  1.09394e-05
 Reference value :  1.09739e-05
 Reference value :  1.10151e-05
 Reference value :  1.10519e-05
 Reference value :  1.10841e-05
 Reference value :  1.11253e-05
 Reference value :  1.11598e-05
 Reference value :  1.11989e-05
 Reference value :  1.12378e-05
 Reference value :  1.12723e-05
 Reference value :  1.13114e-05
 Reference value :  1.13481e-05
 Reference value :  1.13826e-05
 Reference value :  1.14217e-05
 Reference value :  1.14560e-05
 Reference value :  1.14882e-05
 Reference value :  1.15250e-05
 Reference value :  1.15640e-05
 Reference value :  1.16008e-05
 Reference value :  1.16420e-05
 Reference value :  1.16788e-05
 Reference value :  1.17132e-05
 Reference value :  1.17523e-05
 Reference value :  1.17868e-05
 Reference value :  1.18213e-05
 Reference value :  1.18576e-05
 Reference value :  1.18920e-05
 Reference value :  1.19265e-05
 Reference value :  1.19654e-05
 Reference value :  1.20022e-05
 Reference value :  1.20390e-05
 Reference value :  1.20803e-05
 Reference value :  1.21148e-05
 Reference value :  1.21539e-05
 Reference value :  1.21839e-05
 Reference value :  1.22184e-05
 Reference value :  1.22552e-05
 Reference value :  1.22921e-05
 Reference value :  1.23243e-05
 Reference value :  1.23588e-05
 Reference value :  1.23919e-05
 Reference value :  1.24287e-05
 Reference value :  1.24632e-05
 Reference value :  1.24981e-05
 Reference value :  1.25303e-05
 Reference value :  1.25647e-05
 Reference value :  1.25986e-05
 Reference value :  1.26331e-05
 Reference value :  1.26676e-05
 Reference value :  1.26952e-05
 Reference value :  1.27296e-05
 Reference value :  1.27595e-05
 Reference value :  1.27906e-05
 Reference value :  1.28228e-05
 Reference value :  1.28549e-05
 Reference value :  1.28894e-05
 Reference value :  1.29152e-05
 Reference value :  1.29474e-05
 Reference value :  1.29819e-05
 Reference value :  1.30167e-05
 Reference value :  1.30512e-05
 Reference value :  1.30856e-05
 Reference value :  1.31183e-05
 Reference value :  1.31528e-05
 Reference value :  1.31872e-05
 Reference value :  1.32240e-05
 Reference value :  1.32585e-05
 Reference value :  1.32929e-05
 Reference value :  1.33259e-05
 Reference value :  1.33604e-05
 Reference value :  1.33972e-05
 Reference value :  1.34310e-05
 Reference value :  1.34655e-05
 Reference value :  1.34976e-05
 Reference value :  1.35269e-05
 Reference value :  1.35627e-05
 Reference value :  1.35972e-05
 Reference value :  1.36316e-05
 Reference value :  1.36684e-05
 Reference value :  1.37029e-05
 Reference value :  1.37357e-05
 Reference value :  1.37705e-05
No. of Data Rows : 6109
vhold_min           =  1.32000e+00 at=  2.94272e-09
tfirst              =  7.86527e-07
t1                  =  8.46991e-06
t2                  =  8.67922e-06
t3                  =  8.89048e-06
t4                  =  9.09935e-06
t5                  =  9.31159e-06
t6                  =  9.52173e-06
t7                  =  9.73131e-06
t8                  =  9.94209e-06
t9                  =  1.01532e-05
t10                 =  1.03644e-05
t11                 =  1.05756e-05
t12                 =  1.07868e-05
idd_run             =  -1.76212e-05 from=  8.27600e-06 to=  1.37900e-05
vmax                =  1.34317e+00 at=  1.01566e-05
vmin                =  -1.87054e-02 at=  1.00488e-05
Note: Simulation executed from .control section 
Warning: m=xx on .subckt line will override multiplier m hierarchy!

Note: Starting dynamic gmin stepping
Note: Dynamic gmin stepping completed
Note: Starting dynamic gmin stepping
Note: Dynamic gmin stepping completed
