
Note: Compatibility modes selected: hs a


Circuit: * tt_analog_ring, code 2

Doing analysis at TEMP = 125.000000 and TNOM = 27.000000

Using SPARSE 1.3 as Direct Linear Solver
 Reference value :  0.00000e+00
No. of Data Rows : 1
idd_dis=1.1014E-05 vbp=0.956665 vbn=0.145574 clk_dis=1.19999
Doing analysis at TEMP = 125.000000 and TNOM = 27.000000

Using SPARSE 1.3 as Direct Linear Solver

Initial Transient Solution
--------------------------

Node                                   Voltage
----                                   -------
vpwr                                       1.2
code[0]                                      0
code[1]                                    1.2
code[2]                                      0
code[3]                                      0
code[4]                                      0
code[5]                                      0
code[6]                                      0
code[7]                                      0
enable                                       0
xdut.vbp                              0.956665
clk_out                                1.19999
xdut.b1                            2.30416e-05
xdut.s3                             0.00143308
xdut.s2                                 1.1996
xdut.n_126                             1.19853
xdut.s1                             0.00143979
xdut.n_125                              1.1996
xdut.s10                                1.1996
xdut.s6                                 1.1996
xdut.s5                             0.00143308
xdut.n_128                              1.1996
xdut.s9                             0.00143308
xdut.n_133                              1.1996
xdut.s4                                 1.1996
xdut.n_129                             1.19853
xdut.s8                                 1.1996
xdut.n_132                             1.19853
xdut.s7                             0.00143308
xdut.n_130                             1.19853
xdut.n_127                              1.1996
xdut.n_131                              1.1996
xdut.s0                                1.19933
xdut.n_124                             1.19852
xdut.n_71                           0.00141776
xdut.n_72                           0.00141116
xdut.n_70                          0.000359063
xdut.n_77                           0.00141116
xdut.n_75                          0.000359112
xdut.n_73                          0.000359063
xdut.n_67                          0.000359063
xdut.n_76                          0.000359063
xdut.n_69                           0.00141116
xdut.n_74                           0.00141116
xdut.n_122                             1.19934
xdut.n_i1005                           1.01822
xdut.n_68                          0.000605856
xdut.vbn                              0.145574
ven#branch                         3.99605e-11
vc7#branch                         1.47099e-10
vc6#branch                         7.35493e-11
vc5#branch                         3.67746e-11
vc4#branch                         1.83873e-11
vc3#branch                         9.19366e-12
vc2#branch                         4.59683e-12
vc1#branch                        -5.13534e-09
vc0#branch                         1.14921e-12
vdd#branch                         -1.1014e-05

 Reference value :  0.00000e+00
 Reference value :  1.14982e-07
 Reference value :  2.34612e-07
 Reference value :  3.57660e-07
 Reference value :  4.77290e-07
 Reference value :  5.42029e-07
 Reference value :  5.96717e-07
 Reference value :  6.53885e-07
 Reference value :  7.22245e-07
 Reference value :  7.87187e-07
 Reference value :  8.40152e-07
 Reference value :  8.91422e-07
 Reference value :  9.51237e-07
 Reference value :  1.01472e-06
 Reference value :  1.07795e-06
 Reference value :  1.14356e-06
 Reference value :  1.20850e-06
 Reference value :  1.26452e-06
 Reference value :  1.32775e-06
 Reference value :  1.39611e-06
 Reference value :  1.46445e-06
 Reference value :  1.52939e-06
 Reference value :  1.58929e-06
 Reference value :  1.65423e-06
 Reference value :  1.71649e-06
 Reference value :  1.78485e-06
 Reference value :  1.84979e-06
 Reference value :  1.91116e-06
 Reference value :  1.97610e-06
 Reference value :  2.03897e-06
 Reference value :  2.10392e-06
 Reference value :  2.16351e-06
 Reference value :  2.23016e-06
 Reference value :  2.29510e-06
 Reference value :  2.36135e-06
 Reference value :  2.42630e-06
 Reference value :  2.48767e-06
 Reference value :  2.54748e-06
 Reference value :  2.61584e-06
 Reference value :  2.68025e-06
 Reference value :  2.74519e-06
 Reference value :  2.80516e-06
 Reference value :  2.86668e-06
 Reference value :  2.92398e-06
 Reference value :  2.98882e-06
 Reference value :  3.05377e-06
 Reference value :  3.11381e-06
 Reference value :  3.17704e-06
 Reference value :  3.22753e-06
 Reference value :  3.28564e-06
 Reference value :  3.35058e-06
 Reference value :  3.41231e-06
 Reference value :  3.47896e-06
 Reference value :  3.54826e-06
 Reference value :  3.61491e-06
 Reference value :  3.67660e-06
 Reference value :  3.74496e-06
 Reference value :  3.81161e-06
 Reference value :  3.87584e-06
 Reference value :  3.94078e-06
 Reference value :  3.99388e-06
 Reference value :  4.05883e-06
 Reference value :  4.12860e-06
 Reference value :  4.19658e-06
 Reference value :  4.26665e-06
 Reference value :  4.32996e-06
 Reference value :  4.39661e-06
 Reference value :  4.46093e-06
 Reference value :  4.52587e-06
 Reference value :  4.59083e-06
 Reference value :  4.65919e-06
 Reference value :  4.72414e-06
 Reference value :  4.79022e-06
 Reference value :  4.85345e-06
 Reference value :  4.91989e-06
 Reference value :  4.98654e-06
 Reference value :  5.05831e-06
 Reference value :  5.12326e-06
 Reference value :  5.18683e-06
 Reference value :  5.25348e-06
 Reference value :  5.32184e-06
 Reference value :  5.39267e-06
 Reference value :  5.45933e-06
 Reference value :  5.52099e-06
 Reference value :  5.58423e-06
 Reference value :  5.64830e-06
 Reference value :  5.71495e-06
 Reference value :  5.78160e-06
 Reference value :  5.84444e-06
 Reference value :  5.91109e-06
 Reference value :  5.97945e-06
 Reference value :  6.04440e-06
 Reference value :  6.09975e-06
 Reference value :  6.16640e-06
 Reference value :  6.23476e-06
 Reference value :  6.29351e-06
 Reference value :  6.35503e-06
 Reference value :  6.41432e-06
 Reference value :  6.47756e-06
 Reference value :  6.51515e-06
 Reference value :  6.55335e-06
 Reference value :  6.59436e-06
 Reference value :  6.63538e-06
 Reference value :  6.67640e-06
 Reference value :  6.71470e-06
 Reference value :  6.75572e-06
 Reference value :  6.79673e-06
 Reference value :  6.84117e-06
 Reference value :  6.89126e-06
 Reference value :  6.93227e-06
 Reference value :  6.97158e-06
 Reference value :  7.00808e-06
 Reference value :  7.05081e-06
 Reference value :  7.09182e-06
 Reference value :  7.13284e-06
 Reference value :  7.17268e-06
 Reference value :  7.21541e-06
 Reference value :  7.25643e-06
 Reference value :  7.29357e-06
 Reference value :  7.33391e-06
 Reference value :  7.37492e-06
 Reference value :  7.41594e-06
 Reference value :  7.45410e-06
 Reference value :  7.49682e-06
 Reference value :  7.53784e-06
 Reference value :  7.57885e-06
 Reference value :  7.61358e-06
 Reference value :  7.65460e-06
 Reference value :  7.69561e-06
 Reference value :  7.73663e-06
 Reference value :  7.77481e-06
 Reference value :  7.81754e-06
 Reference value :  7.85855e-06
 Reference value :  7.89615e-06
 Reference value :  7.93427e-06
 Reference value :  7.97528e-06
 Reference value :  8.01630e-06
 Reference value :  8.05467e-06
 Reference value :  8.09724e-06
 Reference value :  8.13825e-06
 Reference value :  8.17927e-06
 Reference value :  8.21394e-06
 Reference value :  8.25496e-06
 Reference value :  8.29426e-06
 Reference value :  8.33357e-06
 Reference value :  8.37352e-06
 Reference value :  8.41625e-06
 Reference value :  8.45726e-06
 Reference value :  8.49657e-06
 Reference value :  8.53121e-06
 Reference value :  8.57223e-06
 Reference value :  8.60983e-06
 Reference value :  8.65255e-06
 Reference value :  8.68912e-06
 Reference value :  8.72842e-06
 Reference value :  8.76944e-06
 Reference value :  8.80425e-06
 Reference value :  8.84507e-06
 Reference value :  8.88438e-06
 Reference value :  8.92369e-06
 Reference value :  8.96043e-06
 Reference value :  9.00300e-06
 Reference value :  9.04402e-06
 Reference value :  9.08333e-06
 Reference value :  9.11791e-06
 Reference value :  9.16064e-06
 Reference value :  9.19995e-06
 Reference value :  9.23925e-06
 Reference value :  9.27759e-06
 Reference value :  9.31860e-06
 Reference value :  9.35791e-06
 Reference value :  9.39893e-06
 Reference value :  9.43519e-06
 Reference value :  9.47621e-06
 Reference value :  9.51551e-06
 Reference value :  9.55653e-06
 Reference value :  9.59319e-06
 Reference value :  9.63249e-06
 Reference value :  9.67351e-06
 Reference value :  9.70889e-06
 Reference value :  9.74905e-06
 Reference value :  9.79007e-06
 Reference value :  9.83108e-06
 Reference value :  9.86948e-06
 Reference value :  9.91050e-06
 Reference value :  9.94809e-06
 Reference value :  9.98740e-06
 Reference value :  1.00236e-05
 Reference value :  1.00646e-05
 Reference value :  1.01039e-05
 Reference value :  1.01449e-05
 Reference value :  1.01834e-05
 Reference value :  1.02244e-05
No. of Data Rows : 6064
vhold_min           =  1.19999e+00 at=  1.36720e-10
tfirst              =  6.48986e-07
t1                  =  6.24057e-06
t2                  =  6.54200e-06
t3                  =  6.84392e-06
t4                  =  7.14584e-06
t5                  =  7.44775e-06
t6                  =  7.74965e-06
t7                  =  8.05156e-06
t8                  =  8.35347e-06
t9                  =  8.65538e-06
t10                 =  8.95729e-06
t11                 =  9.25920e-06
t12                 =  9.56111e-06
idd_run             =  -1.35826e-05 from=  6.15400e-06 to=  1.02600e-05
vmax                =  1.21320e+00 at=  6.24284e-06
vmin                =  -1.91109e-02 at=  6.68964e-06
Note: Simulation executed from .control section 
Warning: m=xx on .subckt line will override multiplier m hierarchy!

Note: Starting dynamic gmin stepping
Note: Dynamic gmin stepping completed
Note: Starting dynamic gmin stepping
Note: Dynamic gmin stepping completed
