
Note: No compatibility mode selected!


Circuit: * tt_analog_ring, code 0

Doing analysis at TEMP = 27.000000 and TNOM = 27.000000

Using SPARSE 1.3 as Direct Linear Solver
 Reference value :  0.00000e+00
No. of Data Rows : 1
idd_dis=5.87823E-06 vbp=0.863336 vbn=0.242412 clk_dis=1.2
Doing analysis at TEMP = 27.000000 and TNOM = 27.000000

Using SPARSE 1.3 as Direct Linear Solver

Initial Transient Solution
--------------------------

Node                                   Voltage
----                                   -------
vpwr                                       1.2
code[0]                                      0
code[1]                                      0
code[2]                                      0
code[3]                                      0
code[4]                                      0
code[5]                                      0
code[6]                                      0
code[7]                                      0
enable                                       0
xdut.vbp                              0.863336
xdut.vbn                              0.242412
xdut.n0                            4.44264e-06
xdut.p0                                1.19999
xdut.na0                               1.02634
xdut.s0                                1.19999
xdut.s10                               1.19999
xdut.n1                            1.31937e-05
xdut.p1                                1.19999
xdut.s1                             1.3298e-05
xdut.n2                            2.04443e-06
xdut.p2                                1.19999
xdut.s2                                1.19999
xdut.n3                            1.31932e-05
xdut.p3                                1.19999
xdut.s3                            1.32974e-05
xdut.n4                            2.04443e-06
xdut.p4                                1.19999
xdut.s4                                1.19999
xdut.n5                            1.31932e-05
xdut.p5                                1.19999
xdut.s5                            1.32974e-05
xdut.n6                            2.04443e-06
xdut.p6                                1.19999
xdut.s6                                1.19999
xdut.n7                            1.31932e-05
xdut.p7                                1.19999
xdut.s7                            1.32974e-05
xdut.n8                            2.04443e-06
xdut.p8                                1.19999
xdut.s8                                1.19999
xdut.n9                            1.31932e-05
xdut.p9                                1.19999
xdut.s9                            1.32974e-05
xdut.n10                           2.04443e-06
xdut.p10                               1.19999
xdut.b1                             1.9152e-07
clk_out                                    1.2
ven#branch                         1.05601e-11
vc7#branch                         7.98024e-12
vc6#branch                         3.99012e-12
vc5#branch                         1.99506e-12
vc4#branch                          9.9753e-13
vc3#branch                         4.98765e-13
vc2#branch                         2.49382e-13
vc1#branch                         1.24691e-13
vc0#branch                         6.23456e-14
vdd#branch                        -5.87823e-06

 Reference value :  0.00000e+00
 Reference value :  5.66191e-08
 Reference value :  1.25025e-07
 Reference value :  1.95185e-07
 Reference value :  2.65345e-07
 Reference value :  3.35505e-07
 Reference value :  4.05665e-07
 Reference value :  4.74071e-07
 Reference value :  5.26421e-07
 Reference value :  5.54495e-07
 Reference value :  5.87821e-07
 Reference value :  6.19393e-07
 Reference value :  6.52719e-07
 Reference value :  6.84838e-07
 Reference value :  7.18164e-07
 Reference value :  7.51490e-07
 Reference value :  7.86570e-07
 Reference value :  8.18100e-07
 Reference value :  8.51426e-07
 Reference value :  8.86506e-07
 Reference value :  9.18078e-07
 Reference value :  9.49998e-07
 Reference value :  9.83324e-07
 Reference value :  1.01490e-06
 Reference value :  1.04822e-06
 Reference value :  1.07907e-06
 Reference value :  1.11240e-06
 Reference value :  1.14572e-06
 Reference value :  1.17905e-06
 Reference value :  1.21095e-06
 Reference value :  1.24252e-06
 Reference value :  1.27410e-06
 Reference value :  1.30742e-06
 Reference value :  1.34061e-06
 Reference value :  1.37569e-06
 Reference value :  1.40902e-06
 Reference value :  1.44410e-06
 Reference value :  1.47965e-06
 Reference value :  1.51473e-06
 Reference value :  1.54630e-06
 Reference value :  1.57937e-06
 Reference value :  1.61240e-06
 Reference value :  1.64397e-06
 Reference value :  1.67905e-06
 Reference value :  1.71095e-06
 Reference value :  1.74603e-06
 Reference value :  1.77936e-06
 Reference value :  1.81093e-06
 Reference value :  1.84426e-06
 Reference value :  1.87934e-06
 Reference value :  1.91442e-06
 Reference value :  1.94599e-06
 Reference value :  1.97624e-06
 Reference value :  2.00957e-06
 Reference value :  2.04290e-06
 Reference value :  2.07798e-06
 Reference value :  2.10706e-06
 Reference value :  2.14214e-06
 Reference value :  2.17371e-06
 Reference value :  2.20529e-06
 Reference value :  2.23454e-06
 Reference value :  2.26868e-06
 Reference value :  2.30201e-06
 Reference value :  2.33183e-06
 Reference value :  2.36691e-06
 Reference value :  2.39616e-06
 Reference value :  2.42949e-06
 Reference value :  2.46281e-06
 Reference value :  2.49614e-06
 Reference value :  2.52849e-06
 Reference value :  2.56357e-06
 Reference value :  2.59339e-06
 Reference value :  2.62847e-06
 Reference value :  2.65996e-06
 Reference value :  2.69329e-06
 Reference value :  2.72661e-06
 Reference value :  2.75994e-06
 Reference value :  2.79353e-06
 Reference value :  2.82686e-06
 Reference value :  2.85843e-06
 Reference value :  2.89176e-06
 Reference value :  2.92262e-06
 Reference value :  2.95594e-06
 Reference value :  2.98751e-06
 Reference value :  3.02259e-06
 Reference value :  3.05463e-06
 Reference value :  3.08796e-06
 Reference value :  3.12129e-06
 Reference value :  3.15637e-06
 Reference value :  3.18969e-06
 Reference value :  3.22126e-06
 Reference value :  3.25459e-06
 Reference value :  3.28616e-06
 Reference value :  3.31807e-06
 Reference value :  3.35490e-06
 Reference value :  3.38823e-06
 Reference value :  3.42123e-06
 Reference value :  3.45594e-06
 Reference value :  3.48927e-06
 Reference value :  3.52259e-06
 Reference value :  3.55282e-06
 Reference value :  3.58614e-06
 Reference value :  3.61947e-06
 Reference value :  3.65104e-06
 Reference value :  3.68437e-06
 Reference value :  3.71945e-06
 Reference value :  3.75277e-06
 Reference value :  3.78610e-06
 Reference value :  3.81628e-06
 Reference value :  3.85136e-06
 Reference value :  3.88469e-06
 Reference value :  3.91802e-06
 Reference value :  3.94751e-06
 Reference value :  3.98221e-06
 Reference value :  4.01554e-06
 Reference value :  4.04711e-06
 Reference value :  4.07752e-06
 Reference value :  4.11237e-06
 Reference value :  4.14395e-06
 Reference value :  4.17552e-06
 Reference value :  4.21060e-06
 Reference value :  4.24563e-06
 Reference value :  4.27896e-06
 Reference value :  4.31228e-06
 Reference value :  4.34252e-06
 Reference value :  4.37760e-06
 Reference value :  4.41093e-06
 Reference value :  4.44425e-06
 Reference value :  4.47376e-06
 Reference value :  4.50674e-06
 Reference value :  4.54007e-06
 Reference value :  4.57164e-06
 Reference value :  4.60267e-06
 Reference value :  4.63863e-06
 Reference value :  4.67195e-06
 Reference value :  4.70353e-06
 Reference value :  4.73685e-06
 Reference value :  4.77012e-06
 Reference value :  4.80345e-06
 Reference value :  4.83677e-06
 Reference value :  4.86609e-06
 Reference value :  4.90212e-06
 Reference value :  4.93544e-06
 Reference value :  4.96877e-06
 Reference value :  5.00004e-06
 Reference value :  5.03476e-06
 Reference value :  5.06809e-06
 Reference value :  5.10142e-06
 Reference value :  5.13329e-06
 Reference value :  5.16661e-06
 Reference value :  5.19994e-06
 Reference value :  5.23151e-06
 Reference value :  5.26308e-06
 Reference value :  5.29803e-06
 Reference value :  5.33135e-06
 Reference value :  5.36468e-06
 Reference value :  5.39675e-06
 Reference value :  5.43359e-06
 Reference value :  5.46691e-06
 Reference value :  5.50024e-06
 Reference value :  5.52949e-06
 Reference value :  5.56282e-06
 Reference value :  5.59614e-06
 Reference value :  5.62771e-06
 Reference value :  5.65781e-06
 Reference value :  5.69289e-06
 Reference value :  5.72446e-06
 Reference value :  5.75603e-06
 Reference value :  5.78936e-06
 Reference value :  5.82261e-06
 Reference value :  5.85594e-06
 Reference value :  5.88926e-06
 Reference value :  5.91976e-06
 Reference value :  5.95466e-06
 Reference value :  5.98799e-06
 Reference value :  6.01956e-06
 Reference value :  6.05113e-06
 Reference value :  6.08204e-06
 Reference value :  6.11361e-06
 Reference value :  6.14694e-06
 Reference value :  6.18026e-06
 Reference value :  6.21381e-06
 Reference value :  6.24714e-06
 Reference value :  6.27696e-06
 Reference value :  6.31028e-06
 Reference value :  6.33950e-06
 Reference value :  6.37458e-06
 Reference value :  6.40615e-06
 Reference value :  6.44123e-06
 Reference value :  6.47188e-06
 Reference value :  6.50520e-06
 Reference value :  6.53853e-06
 Reference value :  6.57185e-06
 Reference value :  6.60510e-06
 Reference value :  6.63667e-06
 Reference value :  6.66824e-06
 Reference value :  6.70157e-06
 Reference value :  6.73337e-06
 Reference value :  6.76670e-06
 Reference value :  6.80002e-06
 Reference value :  6.83335e-06
 Reference value :  6.86422e-06
 Reference value :  6.89754e-06
 Reference value :  6.92911e-06
 Reference value :  6.96419e-06
 Reference value :  6.99630e-06
 Reference value :  7.02787e-06
 Reference value :  7.06120e-06
 Reference value :  7.09628e-06
 Reference value :  7.12785e-06
 Reference value :  7.16117e-06
 Reference value :  7.19450e-06
 Reference value :  7.22783e-06
 Reference value :  7.25967e-06
 Reference value :  7.29300e-06
 Reference value :  7.32457e-06
 Reference value :  7.35789e-06
 Reference value :  7.38872e-06
 Reference value :  7.42205e-06
 Reference value :  7.45362e-06
 Reference value :  7.48870e-06
 Reference value :  7.52076e-06
 Reference value :  7.55408e-06
 Reference value :  7.58741e-06
 Reference value :  7.62073e-06
 Reference value :  7.65231e-06
 Reference value :  7.68739e-06
 Reference value :  7.72071e-06
 Reference value :  7.75404e-06
 Reference value :  7.78593e-06
 Reference value :  7.81925e-06
 Reference value :  7.85258e-06
 Reference value :  7.88591e-06
 Reference value :  7.91679e-06
 Reference value :  7.95012e-06
 Reference value :  7.98169e-06
 Reference value :  8.01677e-06
 Reference value :  8.04877e-06
 Reference value :  8.08034e-06
 Reference value :  8.11367e-06
 Reference value :  8.14699e-06
 Reference value :  8.17856e-06
 Reference value :  8.21189e-06
 Reference value :  8.24346e-06
 Reference value :  8.27854e-06
 Reference value :  8.31045e-06
 Reference value :  8.34378e-06
 Reference value :  8.37710e-06
 Reference value :  8.41043e-06
 Reference value :  8.44129e-06
 Reference value :  8.47461e-06
 Reference value :  8.50619e-06
 Reference value :  8.54127e-06
 Reference value :  8.57147e-06
 Reference value :  8.60305e-06
 Reference value :  8.63637e-06
 Reference value :  8.66794e-06
 Reference value :  8.69951e-06
 Reference value :  8.73283e-06
 Reference value :  8.76440e-06
 Reference value :  8.79773e-06
 Reference value :  8.82969e-06
 Reference value :  8.86302e-06
 Reference value :  8.89634e-06
 Reference value :  8.92616e-06
 Reference value :  8.95529e-06
 Reference value :  8.98862e-06
 Reference value :  9.02194e-06
 Reference value :  9.05351e-06
 Reference value :  9.08193e-06
 Reference value :  9.11526e-06
 Reference value :  9.14858e-06
 Reference value :  9.18016e-06
 Reference value :  9.21343e-06
 Reference value :  9.24850e-06
 Reference value :  9.28358e-06
 Reference value :  9.31515e-06
 Reference value :  9.34716e-06
 Reference value :  9.38224e-06
 Reference value :  9.41556e-06
 Reference value :  9.44889e-06
 Reference value :  9.47807e-06
 Reference value :  9.51139e-06
 Reference value :  9.54472e-06
 Reference value :  9.57629e-06
 Reference value :  9.60643e-06
 Reference value :  9.64151e-06
 Reference value :  9.67309e-06
 Reference value :  9.70466e-06
 Reference value :  9.73623e-06
 Reference value :  9.77124e-06
 Reference value :  9.80632e-06
 Reference value :  9.84140e-06
 Reference value :  9.87519e-06
 Reference value :  9.91202e-06
 Reference value :  9.94710e-06
 Reference value :  9.98043e-06
 Reference value :  1.00114e-05
 Reference value :  1.00447e-05
 Reference value :  1.00780e-05
 Reference value :  1.01096e-05
 Reference value :  1.01397e-05
 Reference value :  1.01748e-05
 Reference value :  1.02081e-05
 Reference value :  1.02414e-05
 Reference value :  1.02728e-05
 Reference value :  1.03079e-05
 Reference value :  1.03395e-05
 Reference value :  1.03728e-05
 Reference value :  1.04067e-05
 Reference value :  1.04417e-05
 Reference value :  1.04751e-05
 Reference value :  1.05084e-05
No. of Data Rows : 6060
vhold_min           =  1.20000e+00 at=  1.40320e-10
tfirst              =  6.53645e-07
t1                  =  6.57679e-06
t2                  =  6.83981e-06
t3                  =  7.10312e-06
t4                  =  7.36604e-06
t5                  =  7.62941e-06
t6                  =  7.89230e-06
t7                  =  8.15565e-06
t8                  =  8.41854e-06
t9                  =  8.68197e-06
t10                 =  8.94480e-06
t11                 =  9.20825e-06
t12                 =  9.47106e-06
idd_run             =  -6.73826e-06 from=  6.31600e-06 to=  1.05300e-05
vmax                =  1.21772e+00 at=  8.94689e-06
vmin                =  -1.54755e-02 at=  1.03916e-05
Note: Simulation executed from .control section 
Note: Starting dynamic gmin stepping
Note: Dynamic gmin stepping completed
Note: Starting dynamic gmin stepping
Note: Dynamic gmin stepping completed
