
Note: No compatibility mode selected!


Circuit: * stage delay at code 0

Doing analysis at TEMP = 27.000000 and TNOM = 27.000000

Using SPARSE 1.3 as Direct Linear Solver

Initial Transient Solution
--------------------------

Node                                   Voltage
----                                   -------
vpwr                                      1.08
code[0]                                      0
code[1]                                      0
code[2]                                      0
code[3]                                      0
code[4]                                      0
code[5]                                      0
code[6]                                      0
code[7]                                      0
vbp                                   0.771942
vbn                                   0.274598
a                                            0
xdrv.net1                                 1.08
b                                         1.08
xdrv.net2                          4.16255e-07
xdut.net1                              1.07997
y                                  3.68908e-05
xdut.net2                          3.66129e-05
xload.net1                                1.08
z                                         1.08
xload.net2                          4.1668e-07
xload2.net1                            1.07997
zz                                 3.33004e-05
xload2.net2                        3.30497e-05
vin#branch                         8.80485e-12
vc7#branch                         2.19176e-12
vc6#branch                         1.09585e-12
vc5#branch                         5.47899e-13
vc4#branch                         2.73922e-13
vc3#branch                         1.36933e-13
vc2#branch                         6.84388e-14
vc1#branch                         3.41916e-14
vc0#branch                          1.7068e-14
vdd#branch                        -4.24133e-06

 Reference value :  4.28490e-09
 Reference value :  8.77193e-08
 Reference value :  1.55256e-07
 Reference value :  2.26846e-07
 Reference value :  3.08965e-07
 Reference value :  3.91346e-07
 Reference value :  4.47458e-07
 Reference value :  5.27471e-07
 Reference value :  6.10379e-07
 Reference value :  6.78398e-07
 Reference value :  7.48146e-07
 Reference value :  8.30791e-07
 Reference value :  9.12909e-07
 Reference value :  9.70600e-07
 Reference value :  1.05009e-06
 Reference value :  1.13247e-06
 Reference value :  1.20180e-06
 Reference value :  1.27076e-06
 Reference value :  1.35393e-06
 Reference value :  1.43658e-06
 Reference value :  1.49558e-06
 Reference value :  1.57797e-06
No. of Data Rows : 6065
tin_f               =  6.65119e-07
tout_r              =  6.75527e-07
tin_r               =  9.32199e-07
tout_f              =  9.46755e-07
tplh=1.04078E-08 tphl=1.45554E-08
t40r                =  6.73494e-07
t60r                =  6.78934e-07
t60f                =  9.45222e-07
t40f                =  9.48355e-07
sr_r=3.97059E+07 sr_f=-6.89413E+07
tr                  =  6.69392e-07
tr8                 =  6.88231e-07
tf                  =  9.41443e-07
tf2                 =  9.55936e-07
trise=1.88387E-08 tfall=1.44931E-08
Note: Simulation executed from .control section 
Note: Starting dynamic gmin stepping
Note: Dynamic gmin stepping completed
