
Note: No compatibility mode selected!


Circuit: * tt_analog_ring, code 127

Doing analysis at TEMP = 27.000000 and TNOM = 27.000000

Using SPARSE 1.3 as Direct Linear Solver
 Reference value :  0.00000e+00
No. of Data Rows : 1
idd_dis=0.00032762 vbp=0.557901 vbn=0.500681 clk_dis=1.2
Doing analysis at TEMP = 27.000000 and TNOM = 27.000000

Using SPARSE 1.3 as Direct Linear Solver

Initial Transient Solution
--------------------------

Node                                   Voltage
----                                   -------
vpwr                                       1.2
code[0]                                    1.2
code[1]                                    1.2
code[2]                                    1.2
code[3]                                    1.2
code[4]                                    1.2
code[5]                                    1.2
code[6]                                    1.2
code[7]                                      0
enable                                       0
xdut.vbp                              0.557901
xdut.vbn                              0.500681
xdut.n0                            1.96795e-07
xdut.p0                                    1.2
xdut.na0                               1.06379
xdut.s0                                    1.2
xdut.s10                                   1.2
xdut.n1                            5.60311e-07
xdut.p1                                    1.2
xdut.s1                            6.39558e-07
xdut.n2                             9.8875e-08
xdut.p2                                    1.2
xdut.s2                                    1.2
xdut.n3                            6.79974e-07
xdut.p3                                    1.2
xdut.s3                            7.84753e-07
xdut.n4                            5.26841e-08
xdut.p4                                    1.2
xdut.s4                                    1.2
xdut.n5                            7.11858e-07
xdut.p5                                    1.2
xdut.s5                            8.23547e-07
xdut.n6                            1.50378e-07
xdut.p6                                    1.2
xdut.s6                                    1.2
xdut.n7                            6.87096e-07
xdut.p7                                    1.2
xdut.s7                            7.94481e-07
xdut.n8                            1.09233e-07
xdut.p8                                    1.2
xdut.s8                                    1.2
xdut.n9                            6.82273e-07
xdut.p9                                    1.2
xdut.s9                            7.89534e-07
xdut.n10                           1.03035e-07
xdut.p10                                   1.2
xdut.b1                            1.39816e-07
clk_out                                    1.2
ven#branch                         7.46095e-12
vc7#branch                         1.73277e-12
vc6#branch                         -2.9385e-08
vc5#branch                        -1.46535e-08
vc4#branch                        -7.29401e-09
vc3#branch                        -3.61273e-09
vc2#branch                        -1.81666e-09
vc1#branch                        -9.10018e-10
vc0#branch                        -4.72048e-10
vdd#branch                         -0.00032762

 Reference value :  0.00000e+00
 Reference value :  9.69993e-10
 Reference value :  2.17938e-09
 Reference value :  3.41978e-09
 Reference value :  4.66018e-09
 Reference value :  5.90058e-09
 Reference value :  7.10997e-09
 Reference value :  8.31936e-09
 Reference value :  9.37526e-09
 Reference value :  1.00377e-08
 Reference value :  1.07199e-08
 Reference value :  1.14021e-08
 Reference value :  1.22084e-08
 Reference value :  1.28906e-08
 Reference value :  1.35728e-08
 Reference value :  1.42861e-08
 Reference value :  1.49373e-08
 Reference value :  1.56195e-08
 Reference value :  1.63017e-08
 Reference value :  1.70150e-08
 Reference value :  1.76972e-08
 Reference value :  1.83484e-08
 Reference value :  1.90926e-08
 Reference value :  1.97748e-08
 Reference value :  2.03950e-08
 Reference value :  2.11083e-08
 Reference value :  2.18215e-08
 Reference value :  2.24727e-08
 Reference value :  2.31549e-08
 Reference value :  2.38372e-08
 Reference value :  2.45194e-08
 Reference value :  2.52016e-08
 Reference value :  2.59768e-08
 Reference value :  2.66901e-08
 Reference value :  2.73413e-08
 Reference value :  2.79925e-08
 Reference value :  2.86747e-08
 Reference value :  2.93259e-08
 Reference value :  2.99771e-08
 Reference value :  3.07214e-08
 Reference value :  3.14036e-08
 Reference value :  3.20858e-08
 Reference value :  3.27680e-08
 Reference value :  3.34503e-08
 Reference value :  3.41635e-08
 Reference value :  3.48147e-08
 Reference value :  3.55899e-08
 Reference value :  3.62722e-08
 Reference value :  3.69544e-08
 Reference value :  3.76676e-08
 Reference value :  3.82878e-08
 Reference value :  3.89390e-08
 Reference value :  3.96212e-08
 Reference value :  4.03345e-08
 Reference value :  4.10167e-08
 Reference value :  4.16679e-08
 Reference value :  4.23811e-08
 Reference value :  4.30323e-08
 Reference value :  4.36525e-08
 Reference value :  4.43348e-08
 Reference value :  4.50790e-08
 Reference value :  4.57922e-08
 Reference value :  4.65055e-08
 Reference value :  4.72187e-08
 Reference value :  4.79009e-08
 Reference value :  4.85831e-08
 Reference value :  4.93584e-08
 Reference value :  5.00716e-08
 Reference value :  5.07538e-08
 Reference value :  5.14671e-08
 Reference value :  5.21493e-08
 Reference value :  5.28005e-08
 Reference value :  5.34517e-08
 Reference value :  5.41959e-08
 Reference value :  5.48782e-08
 Reference value :  5.55294e-08
 Reference value :  5.62426e-08
 Reference value :  5.68938e-08
 Reference value :  5.75760e-08
 Reference value :  5.82583e-08
 Reference value :  5.90025e-08
 Reference value :  5.96847e-08
 Reference value :  6.03359e-08
 Reference value :  6.09871e-08
 Reference value :  6.16073e-08
 Reference value :  6.22896e-08
 Reference value :  6.30028e-08
 Reference value :  6.37160e-08
 Reference value :  6.43982e-08
 Reference value :  6.50494e-08
 Reference value :  6.57627e-08
 Reference value :  6.64759e-08
 Reference value :  6.71271e-08
 Reference value :  6.78403e-08
 Reference value :  6.85226e-08
 Reference value :  6.91738e-08
 Reference value :  6.98560e-08
 Reference value :  7.05382e-08
 Reference value :  7.12204e-08
 Reference value :  7.19027e-08
 Reference value :  7.26159e-08
 Reference value :  7.32981e-08
 Reference value :  7.39493e-08
 Reference value :  7.46315e-08
 Reference value :  7.53138e-08
 Reference value :  7.59650e-08
 Reference value :  7.66162e-08
 Reference value :  7.73604e-08
 Reference value :  7.80116e-08
 Reference value :  7.86318e-08
 Reference value :  7.93140e-08
 Reference value :  7.99653e-08
 Reference value :  8.06475e-08
 Reference value :  8.13297e-08
 Reference value :  8.20739e-08
 Reference value :  8.27872e-08
 Reference value :  8.34694e-08
 Reference value :  8.41516e-08
 Reference value :  8.48028e-08
 Reference value :  8.54540e-08
 Reference value :  8.61052e-08
 Reference value :  8.68805e-08
 Reference value :  8.75317e-08
 Reference value :  8.81829e-08
 Reference value :  8.89271e-08
 Reference value :  8.95784e-08
 Reference value :  9.02296e-08
 Reference value :  9.09118e-08
 Reference value :  9.16560e-08
 Reference value :  9.23693e-08
 Reference value :  9.30205e-08
 Reference value :  9.37027e-08
 Reference value :  9.43229e-08
 Reference value :  9.49741e-08
 Reference value :  9.56563e-08
 Reference value :  9.63695e-08
 Reference value :  9.70208e-08
 Reference value :  9.76720e-08
 Reference value :  9.83852e-08
 Reference value :  9.90674e-08
 Reference value :  9.96876e-08
 Reference value :  1.00370e-07
 Reference value :  1.01083e-07
 Reference value :  1.01765e-07
 Reference value :  1.02416e-07
 Reference value :  1.03099e-07
 Reference value :  1.03781e-07
 Reference value :  1.04463e-07
 Reference value :  1.05176e-07
 Reference value :  1.05890e-07
 Reference value :  1.06572e-07
 Reference value :  1.07254e-07
 Reference value :  1.07936e-07
 Reference value :  1.08587e-07
 Reference value :  1.09239e-07
 Reference value :  1.09983e-07
 Reference value :  1.10634e-07
 Reference value :  1.11285e-07
 Reference value :  1.11968e-07
 Reference value :  1.12681e-07
 Reference value :  1.13394e-07
 Reference value :  1.14045e-07
 Reference value :  1.14789e-07
 Reference value :  1.15472e-07
 Reference value :  1.16154e-07
 Reference value :  1.16836e-07
 Reference value :  1.17456e-07
 Reference value :  1.18108e-07
 Reference value :  1.18790e-07
 Reference value :  1.19534e-07
 Reference value :  1.20216e-07
 Reference value :  1.20867e-07
 Reference value :  1.21612e-07
 Reference value :  1.22294e-07
 Reference value :  1.22976e-07
 Reference value :  1.23658e-07
 Reference value :  1.24403e-07
 Reference value :  1.25085e-07
 Reference value :  1.25767e-07
 Reference value :  1.26449e-07
 Reference value :  1.27131e-07
 Reference value :  1.27814e-07
 Reference value :  1.28558e-07
 Reference value :  1.29240e-07
 Reference value :  1.29922e-07
 Reference value :  1.30574e-07
 Reference value :  1.31287e-07
 Reference value :  1.31938e-07
 Reference value :  1.32589e-07
 Reference value :  1.33333e-07
 Reference value :  1.33985e-07
 Reference value :  1.34605e-07
 Reference value :  1.35287e-07
 Reference value :  1.36000e-07
 Reference value :  1.36683e-07
 Reference value :  1.37365e-07
 Reference value :  1.38109e-07
 Reference value :  1.38822e-07
 Reference value :  1.39473e-07
 Reference value :  1.40187e-07
 Reference value :  1.40838e-07
 Reference value :  1.41489e-07
 Reference value :  1.42140e-07
 Reference value :  1.42885e-07
 Reference value :  1.43536e-07
 Reference value :  1.44218e-07
 Reference value :  1.44931e-07
 Reference value :  1.45582e-07
 Reference value :  1.46265e-07
 Reference value :  1.46947e-07
 Reference value :  1.47660e-07
 Reference value :  1.48342e-07
 Reference value :  1.48994e-07
 Reference value :  1.49676e-07
 Reference value :  1.50327e-07
 Reference value :  1.50978e-07
 Reference value :  1.51629e-07
 Reference value :  1.52343e-07
 Reference value :  1.53025e-07
 Reference value :  1.53707e-07
 Reference value :  1.54420e-07
 Reference value :  1.55133e-07
 Reference value :  1.55785e-07
 Reference value :  1.56498e-07
 Reference value :  1.57180e-07
 Reference value :  1.57862e-07
 Reference value :  1.58514e-07
 Reference value :  1.59196e-07
 Reference value :  1.59878e-07
 Reference value :  1.60529e-07
 Reference value :  1.61273e-07
 Reference value :  1.61956e-07
 Reference value :  1.62607e-07
 Reference value :  1.63289e-07
 Reference value :  1.63971e-07
 Reference value :  1.64623e-07
 Reference value :  1.65274e-07
 Reference value :  1.66018e-07
 Reference value :  1.66700e-07
 Reference value :  1.67351e-07
 Reference value :  1.68003e-07
 Reference value :  1.68685e-07
 Reference value :  1.69336e-07
 Reference value :  1.69987e-07
 Reference value :  1.70763e-07
 Reference value :  1.71445e-07
 Reference value :  1.72096e-07
 Reference value :  1.72778e-07
 Reference value :  1.73460e-07
 Reference value :  1.74112e-07
 Reference value :  1.74763e-07
 Reference value :  1.75507e-07
 Reference value :  1.76189e-07
 Reference value :  1.76872e-07
 Reference value :  1.77585e-07
 Reference value :  1.78236e-07
 Reference value :  1.78918e-07
 Reference value :  1.79600e-07
 Reference value :  1.80345e-07
 Reference value :  1.81058e-07
 Reference value :  1.81740e-07
 Reference value :  1.82422e-07
 Reference value :  1.83074e-07
 Reference value :  1.83756e-07
 Reference value :  1.84469e-07
 Reference value :  1.85120e-07
 Reference value :  1.85771e-07
No. of Data Rows : 6012
vhold_min           =  1.20000e+00 at=  1.32723e-10
tfirst              =  1.20771e-08
t1                  =  1.12362e-07
t2                  =  1.17027e-07
t3                  =  1.21691e-07
t4                  =  1.26356e-07
t5                  =  1.31020e-07
t6                  =  1.35685e-07
t7                  =  1.40349e-07
t8                  =  1.45014e-07
t9                  =  1.49679e-07
t10                 =  1.54343e-07
t11                 =  1.59007e-07
t12                 =  1.63672e-07
idd_run             =  -3.42862e-04 from=  1.11600e-07 to=  1.86000e-07
vmax                =  1.21090e+00 at=  1.33209e-07
vmin                =  -7.34247e-03 at=  1.12216e-07
Note: Simulation executed from .control section 
Note: Starting dynamic gmin stepping
Note: Dynamic gmin stepping completed
Note: Starting dynamic gmin stepping
Note: Dynamic gmin stepping completed
