
Note: No compatibility mode selected!


Circuit: * tt_analog_ring, code 64

Doing analysis at TEMP = -40.000000 and TNOM = 27.000000

Using SPARSE 1.3 as Direct Linear Solver
 Reference value :  0.00000e+00
No. of Data Rows : 1
idd_dis=0.000212965 vbp=0.536714 vbn=0.420093 clk_dis=1.08
Doing analysis at TEMP = -40.000000 and TNOM = 27.000000

Using SPARSE 1.3 as Direct Linear Solver

Initial Transient Solution
--------------------------

Node                                   Voltage
----                                   -------
vpwr                                      1.08
code[0]                                      0
code[1]                                      0
code[2]                                      0
code[3]                                      0
code[4]                                      0
code[5]                                      0
code[6]                                   1.08
code[7]                                      0
enable                                       0
xdut.vbp                              0.536714
xdut.vbn                              0.420093
xdut.n0                            5.06579e-08
xdut.p0                                   1.08
xdut.na0                              0.913945
xdut.s0                                   1.08
xdut.s10                                  1.08
xdut.n1                            4.94981e-07
xdut.p1                                   1.08
xdut.s1                            5.59591e-07
xdut.n2                            3.40607e-08
xdut.p2                                   1.08
xdut.s2                                   1.08
xdut.n3                             4.9498e-07
xdut.p3                                   1.08
xdut.s3                            5.59591e-07
xdut.n4                            3.40607e-08
xdut.p4                                   1.08
xdut.s4                                   1.08
xdut.n5                             4.9498e-07
xdut.p5                                   1.08
xdut.s5                            5.59591e-07
xdut.n6                            3.40607e-08
xdut.p6                                   1.08
xdut.s6                                   1.08
xdut.n7                             4.9498e-07
xdut.p7                                   1.08
xdut.s7                            5.59591e-07
xdut.n8                            3.40607e-08
xdut.p8                                   1.08
xdut.s8                                   1.08
xdut.n9                             4.9498e-07
xdut.p9                                   1.08
xdut.s9                            5.59591e-07
xdut.n10                           3.40607e-08
xdut.p10                                  1.08
xdut.b1                            1.61645e-07
clk_out                                   1.08
ven#branch                         1.03585e-11
vc7#branch                          3.0638e-12
vc6#branch                        -3.52925e-08
vc5#branch                          7.6595e-13
vc4#branch                         3.82975e-13
vc3#branch                         1.91487e-13
vc2#branch                         9.57437e-14
vc1#branch                         4.78719e-14
vc0#branch                         2.39359e-14
vdd#branch                        -0.000212965

 Reference value :  0.00000e+00
 Reference value :  1.76084e-09
 Reference value :  3.77142e-09
 Reference value :  5.83491e-09
 Reference value :  7.95131e-09
 Reference value :  1.00148e-08
 Reference value :  1.20783e-08
 Reference value :  1.41947e-08
 Reference value :  1.59385e-08
 Reference value :  1.69488e-08
 Reference value :  1.80599e-08
 Reference value :  1.91711e-08
 Reference value :  2.02293e-08
 Reference value :  2.12875e-08
 Reference value :  2.23986e-08
 Reference value :  2.35097e-08
 Reference value :  2.46737e-08
 Reference value :  2.58377e-08
 Reference value :  2.69488e-08
 Reference value :  2.80599e-08
 Reference value :  2.91710e-08
 Reference value :  3.02822e-08
 Reference value :  3.13933e-08
 Reference value :  3.25044e-08
 Reference value :  3.36155e-08
 Reference value :  3.47266e-08
 Reference value :  3.58906e-08
 Reference value :  3.70017e-08
 Reference value :  3.81128e-08
 Reference value :  3.92769e-08
 Reference value :  4.04409e-08
 Reference value :  4.15520e-08
 Reference value :  4.26631e-08
 Reference value :  4.37742e-08
 Reference value :  4.48853e-08
 Reference value :  4.59964e-08
 Reference value :  4.71604e-08
 Reference value :  4.82716e-08
 Reference value :  4.93827e-08
 Reference value :  5.05467e-08
 Reference value :  5.16578e-08
 Reference value :  5.27689e-08
 Reference value :  5.38800e-08
 Reference value :  5.49911e-08
 Reference value :  5.61022e-08
 Reference value :  5.72663e-08
 Reference value :  5.83774e-08
 Reference value :  5.94885e-08
 Reference value :  6.06525e-08
 Reference value :  6.17107e-08
 Reference value :  6.28218e-08
 Reference value :  6.39858e-08
 Reference value :  6.50969e-08
 Reference value :  6.62080e-08
 Reference value :  6.73721e-08
 Reference value :  6.84832e-08
 Reference value :  6.96472e-08
 Reference value :  7.07054e-08
 Reference value :  7.18165e-08
 Reference value :  7.29276e-08
 Reference value :  7.39858e-08
 Reference value :  7.51498e-08
 Reference value :  7.63139e-08
 Reference value :  7.74250e-08
 Reference value :  7.84832e-08
 Reference value :  7.95943e-08
 Reference value :  8.07054e-08
 Reference value :  8.17636e-08
 Reference value :  8.29276e-08
 Reference value :  8.40387e-08
 Reference value :  8.51498e-08
 Reference value :  8.62609e-08
 Reference value :  8.73720e-08
 Reference value :  8.85890e-08
 Reference value :  8.97530e-08
 Reference value :  9.08641e-08
 Reference value :  9.20281e-08
 Reference value :  9.31921e-08
 Reference value :  9.42503e-08
 Reference value :  9.53615e-08
 Reference value :  9.63667e-08
 Reference value :  9.74779e-08
 Reference value :  9.86419e-08
 Reference value :  9.97530e-08
 Reference value :  1.00864e-07
 Reference value :  1.02028e-07
 Reference value :  1.03139e-07
 Reference value :  1.04250e-07
 Reference value :  1.05361e-07
 Reference value :  1.06473e-07
 Reference value :  1.07584e-07
 Reference value :  1.08695e-07
 Reference value :  1.09806e-07
 Reference value :  1.10864e-07
 Reference value :  1.11975e-07
 Reference value :  1.13086e-07
 Reference value :  1.14250e-07
 Reference value :  1.15309e-07
 Reference value :  1.16420e-07
 Reference value :  1.17531e-07
 Reference value :  1.18642e-07
 Reference value :  1.19753e-07
 Reference value :  1.20917e-07
 Reference value :  1.22028e-07
 Reference value :  1.23139e-07
 Reference value :  1.24250e-07
 Reference value :  1.25361e-07
 Reference value :  1.26473e-07
 Reference value :  1.27584e-07
 Reference value :  1.28695e-07
 Reference value :  1.29859e-07
 Reference value :  1.30970e-07
 Reference value :  1.32081e-07
 Reference value :  1.33192e-07
 Reference value :  1.34303e-07
 Reference value :  1.35414e-07
 Reference value :  1.36473e-07
 Reference value :  1.37637e-07
 Reference value :  1.38801e-07
 Reference value :  1.39912e-07
 Reference value :  1.41076e-07
 Reference value :  1.42187e-07
 Reference value :  1.43298e-07
 Reference value :  1.44356e-07
 Reference value :  1.45520e-07
 Reference value :  1.46631e-07
 Reference value :  1.47742e-07
 Reference value :  1.48853e-07
 Reference value :  1.50017e-07
 Reference value :  1.51129e-07
 Reference value :  1.52240e-07
 Reference value :  1.53351e-07
 Reference value :  1.54515e-07
 Reference value :  1.55626e-07
 Reference value :  1.56737e-07
 Reference value :  1.57901e-07
 Reference value :  1.59012e-07
 Reference value :  1.60123e-07
 Reference value :  1.61234e-07
 Reference value :  1.62346e-07
 Reference value :  1.63510e-07
 Reference value :  1.64674e-07
 Reference value :  1.65785e-07
 Reference value :  1.66896e-07
 Reference value :  1.68007e-07
 Reference value :  1.69118e-07
 Reference value :  1.70229e-07
 Reference value :  1.71393e-07
 Reference value :  1.72557e-07
 Reference value :  1.73721e-07
 Reference value :  1.74779e-07
 Reference value :  1.75890e-07
 Reference value :  1.77002e-07
 Reference value :  1.78113e-07
 Reference value :  1.79224e-07
 Reference value :  1.80388e-07
 Reference value :  1.81499e-07
 Reference value :  1.82610e-07
 Reference value :  1.83721e-07
 Reference value :  1.84832e-07
 Reference value :  1.85943e-07
 Reference value :  1.87054e-07
 Reference value :  1.88166e-07
 Reference value :  1.89277e-07
 Reference value :  1.90388e-07
 Reference value :  1.91499e-07
 Reference value :  1.92610e-07
 Reference value :  1.93721e-07
 Reference value :  1.94832e-07
 Reference value :  1.95943e-07
 Reference value :  1.97107e-07
 Reference value :  1.98271e-07
 Reference value :  1.99435e-07
 Reference value :  2.00547e-07
 Reference value :  2.01658e-07
 Reference value :  2.02769e-07
 Reference value :  2.03827e-07
 Reference value :  2.04991e-07
 Reference value :  2.06102e-07
 Reference value :  2.07213e-07
 Reference value :  2.08377e-07
 Reference value :  2.09488e-07
 Reference value :  2.10652e-07
 Reference value :  2.11816e-07
 Reference value :  2.12875e-07
 Reference value :  2.13986e-07
 Reference value :  2.15097e-07
 Reference value :  2.16155e-07
 Reference value :  2.17213e-07
 Reference value :  2.18271e-07
 Reference value :  2.19382e-07
 Reference value :  2.20441e-07
 Reference value :  2.21552e-07
 Reference value :  2.22610e-07
 Reference value :  2.23721e-07
 Reference value :  2.24779e-07
 Reference value :  2.25890e-07
 Reference value :  2.26949e-07
 Reference value :  2.28113e-07
 Reference value :  2.29224e-07
 Reference value :  2.30388e-07
 Reference value :  2.31552e-07
 Reference value :  2.32663e-07
 Reference value :  2.33774e-07
 Reference value :  2.34832e-07
 Reference value :  2.35890e-07
 Reference value :  2.37002e-07
 Reference value :  2.38060e-07
 Reference value :  2.39224e-07
 Reference value :  2.40388e-07
 Reference value :  2.41499e-07
 Reference value :  2.42610e-07
 Reference value :  2.43721e-07
 Reference value :  2.44832e-07
 Reference value :  2.45943e-07
 Reference value :  2.47054e-07
 Reference value :  2.48166e-07
 Reference value :  2.49224e-07
 Reference value :  2.50335e-07
 Reference value :  2.51393e-07
 Reference value :  2.52504e-07
 Reference value :  2.53562e-07
 Reference value :  2.54673e-07
 Reference value :  2.55732e-07
 Reference value :  2.56843e-07
 Reference value :  2.57954e-07
 Reference value :  2.59012e-07
 Reference value :  2.60070e-07
 Reference value :  2.61181e-07
 Reference value :  2.62293e-07
 Reference value :  2.63351e-07
 Reference value :  2.64462e-07
 Reference value :  2.65573e-07
 Reference value :  2.66631e-07
 Reference value :  2.67689e-07
 Reference value :  2.68800e-07
 Reference value :  2.69859e-07
 Reference value :  2.70970e-07
 Reference value :  2.72081e-07
 Reference value :  2.73192e-07
 Reference value :  2.74250e-07
 Reference value :  2.75361e-07
 Reference value :  2.76472e-07
 Reference value :  2.77583e-07
 Reference value :  2.78589e-07
 Reference value :  2.79700e-07
 Reference value :  2.80811e-07
 Reference value :  2.81922e-07
 Reference value :  2.82980e-07
 Reference value :  2.84091e-07
 Reference value :  2.85203e-07
 Reference value :  2.86367e-07
 Reference value :  2.87425e-07
 Reference value :  2.88536e-07
 Reference value :  2.89647e-07
 Reference value :  2.90758e-07
 Reference value :  2.91816e-07
 Reference value :  2.92927e-07
 Reference value :  2.94039e-07
 Reference value :  2.95150e-07
 Reference value :  2.96261e-07
 Reference value :  2.97319e-07
 Reference value :  2.98430e-07
 Reference value :  2.99488e-07
 Reference value :  3.00546e-07
 Reference value :  3.01658e-07
 Reference value :  3.02769e-07
 Reference value :  3.03880e-07
 Reference value :  3.04991e-07
 Reference value :  3.06049e-07
 Reference value :  3.07160e-07
 Reference value :  3.08271e-07
 Reference value :  3.09435e-07
 Reference value :  3.10546e-07
 Reference value :  3.11658e-07
 Reference value :  3.12769e-07
 Reference value :  3.13880e-07
 Reference value :  3.14991e-07
 Reference value :  3.16102e-07
 Reference value :  3.17160e-07
No. of Data Rows : 6015
vhold_min           =  1.08000e+00 at=  1.20635e-10
tfirst              =  1.95789e-08
t1                  =  1.93087e-07
t2                  =  1.99396e-07
t3                  =  2.05703e-07
t4                  =  2.12011e-07
t5                  =  2.18321e-07
t6                  =  2.24630e-07
t7                  =  2.30938e-07
t8                  =  2.37245e-07
t9                  =  2.43555e-07
t10                 =  2.49865e-07
t11                 =  2.56172e-07
t12                 =  2.62480e-07
idd_run             =  -2.23098e-04 from=  1.90500e-07 to=  3.17500e-07
vmax                =  1.08917e+00 at=  3.03298e-07
vmin                =  -1.10208e-02 at=  2.65732e-07
Note: Simulation executed from .control section 
Note: Starting dynamic gmin stepping
Note: Dynamic gmin stepping completed
Note: Starting dynamic gmin stepping
Note: Dynamic gmin stepping completed
