
Note: Compatibility modes selected: hs a


Circuit: * tt_analog_ring, code 32

Doing analysis at TEMP = 27.000000 and TNOM = 27.000000

Using SPARSE 1.3 as Direct Linear Solver
 Reference value :  0.00000e+00
No. of Data Rows : 1
idd_dis=9.48548E-05 vbp=0.698226 vbn=0.390819 clk_dis=1.2
Doing analysis at TEMP = 27.000000 and TNOM = 27.000000

Using SPARSE 1.3 as Direct Linear Solver

Initial Transient Solution
--------------------------

Node                                   Voltage
----                                   -------
vpwr                                       1.2
code[0]                                      0
code[1]                                      0
code[2]                                      0
code[3]                                      0
code[4]                                      0
code[5]                                    1.2
code[6]                                      0
code[7]                                      0
enable                                       0
xdut.vbp                              0.698226
clk_out                                    1.2
xdut.b1                            1.55518e-07
xdut.s3                            1.43726e-06
xdut.s2                                    1.2
xdut.n_126                                 1.2
xdut.s1                            1.43726e-06
xdut.n_125                                 1.2
xdut.s10                                   1.2
xdut.s6                                    1.2
xdut.s5                            1.43726e-06
xdut.n_128                                 1.2
xdut.s9                            1.43726e-06
xdut.n_133                                 1.2
xdut.s4                                    1.2
xdut.n_129                                 1.2
xdut.s8                                    1.2
xdut.n_132                                 1.2
xdut.s7                            1.43726e-06
xdut.n_130                                 1.2
xdut.n_127                                 1.2
xdut.n_131                                 1.2
xdut.s0                                    1.2
xdut.n_124                                 1.2
xdut.n_71                          1.34686e-06
xdut.n_72                          1.34686e-06
xdut.n_70                           1.8707e-07
xdut.n_77                          1.34686e-06
xdut.n_75                           1.8707e-07
xdut.n_73                           1.8707e-07
xdut.n_67                           1.8707e-07
xdut.n_76                           1.8707e-07
xdut.n_69                          1.34686e-06
xdut.n_74                          1.34686e-06
xdut.n_122                                 1.2
xdut.n_i1005                            1.0259
xdut.n_68                          3.99678e-07
xdut.vbn                              0.390819
ven#branch                         7.40122e-12
vc7#branch                         3.27977e-12
vc6#branch                         1.63988e-12
vc5#branch                        -1.36742e-08
vc4#branch                         4.09971e-13
vc3#branch                         2.04985e-13
vc2#branch                         1.02493e-13
vc1#branch                         5.12464e-14
vc0#branch                         2.56232e-14
vdd#branch                        -9.48548e-05

 Reference value :  0.00000e+00
 Reference value :  1.05629e-08
 Reference value :  2.37957e-08
 Reference value :  3.64447e-08
 Reference value :  4.94829e-08
 Reference value :  5.90962e-08
 Reference value :  6.61018e-08
 Reference value :  7.13560e-08
 Reference value :  7.66956e-08
 Reference value :  8.27282e-08
 Reference value :  8.81770e-08
 Reference value :  9.32274e-08
 Reference value :  9.82870e-08
 Reference value :  1.03347e-07
 Reference value :  1.07334e-07
 Reference value :  1.11615e-07
 Reference value :  1.16091e-07
 Reference value :  1.20167e-07
 Reference value :  1.24253e-07
 Reference value :  1.28145e-07
 Reference value :  1.32232e-07
 Reference value :  1.35884e-07
 Reference value :  1.39581e-07
 Reference value :  1.43084e-07
 Reference value :  1.47171e-07
 Reference value :  1.51063e-07
 Reference value :  1.54955e-07
 Reference value :  1.58847e-07
 Reference value :  1.63128e-07
 Reference value :  1.66610e-07
 Reference value :  1.70696e-07
 Reference value :  1.74978e-07
 Reference value :  1.79443e-07
 Reference value :  1.83724e-07
 Reference value :  1.88005e-07
 Reference value :  1.92481e-07
 Reference value :  1.96486e-07
 Reference value :  2.00767e-07
 Reference value :  2.05243e-07
 Reference value :  2.09714e-07
 Reference value :  2.13996e-07
 Reference value :  2.18277e-07
 Reference value :  2.22947e-07
 Reference value :  2.26884e-07
 Reference value :  2.31165e-07
 Reference value :  2.35641e-07
 Reference value :  2.40107e-07
 Reference value :  2.44388e-07
 Reference value :  2.48864e-07
 Reference value :  2.53515e-07
 Reference value :  2.57773e-07
 Reference value :  2.62054e-07
 Reference value :  2.66530e-07
 Reference value :  2.70811e-07
 Reference value :  2.75092e-07
 Reference value :  2.79373e-07
 Reference value :  2.83290e-07
 Reference value :  2.87528e-07
 Reference value :  2.91809e-07
 Reference value :  2.96480e-07
 Reference value :  3.00751e-07
 Reference value :  3.05032e-07
 Reference value :  3.09118e-07
 Reference value :  3.13748e-07
 Reference value :  3.18224e-07
 Reference value :  3.22505e-07
 Reference value :  3.27175e-07
 Reference value :  3.31651e-07
 Reference value :  3.36127e-07
 Reference value :  3.40603e-07
 Reference value :  3.44477e-07
 Reference value :  3.48758e-07
 Reference value :  3.53234e-07
 Reference value :  3.57904e-07
 Reference value :  3.62564e-07
 Reference value :  3.66845e-07
 Reference value :  3.71710e-07
 Reference value :  3.75758e-07
 Reference value :  3.80039e-07
 Reference value :  3.84515e-07
 Reference value :  3.88991e-07
 Reference value :  3.93272e-07
 Reference value :  3.97553e-07
 Reference value :  4.02029e-07
 Reference value :  4.05710e-07
 Reference value :  4.09991e-07
 Reference value :  4.14467e-07
 Reference value :  4.18932e-07
 Reference value :  4.23213e-07
 Reference value :  4.27494e-07
 Reference value :  4.32355e-07
 Reference value :  4.36797e-07
 Reference value :  4.41078e-07
 Reference value :  4.45554e-07
 Reference value :  4.50030e-07
 Reference value :  4.54311e-07
 Reference value :  4.58398e-07
 Reference value :  4.62469e-07
 Reference value :  4.66750e-07
 Reference value :  4.70837e-07
 Reference value :  4.75312e-07
 Reference value :  4.79389e-07
 Reference value :  4.83670e-07
 Reference value :  4.87757e-07
 Reference value :  4.92390e-07
 Reference value :  4.96865e-07
 Reference value :  5.01147e-07
 Reference value :  5.05622e-07
 Reference value :  5.10098e-07
 Reference value :  5.14379e-07
 Reference value :  5.19050e-07
 Reference value :  5.22929e-07
 Reference value :  5.27210e-07
 Reference value :  5.31686e-07
 Reference value :  5.36357e-07
 Reference value :  5.40629e-07
 Reference value :  5.45104e-07
 Reference value :  5.49775e-07
 Reference value :  5.53801e-07
 Reference value :  5.58083e-07
 Reference value :  5.62558e-07
 Reference value :  5.67034e-07
 Reference value :  5.71510e-07
 Reference value :  5.75986e-07
 Reference value :  5.80656e-07
 Reference value :  5.84339e-07
 Reference value :  5.88620e-07
 Reference value :  5.92902e-07
 Reference value :  5.97367e-07
 Reference value :  6.01648e-07
 Reference value :  6.05929e-07
 Reference value :  6.10599e-07
 Reference value :  6.14620e-07
 Reference value :  6.19096e-07
 Reference value :  6.23766e-07
 Reference value :  6.28048e-07
 Reference value :  6.33107e-07
 Reference value :  6.37194e-07
 Reference value :  6.41335e-07
 Reference value :  6.45577e-07
 Reference value :  6.49858e-07
 Reference value :  6.54529e-07
 Reference value :  6.58994e-07
 Reference value :  6.63470e-07
 Reference value :  6.67946e-07
 Reference value :  6.72389e-07
 Reference value :  6.76864e-07
 Reference value :  6.81340e-07
 Reference value :  6.86011e-07
 Reference value :  6.90292e-07
 Reference value :  6.94184e-07
 Reference value :  6.98270e-07
 Reference value :  7.01764e-07
 Reference value :  7.05656e-07
 Reference value :  7.09743e-07
 Reference value :  7.14024e-07
 Reference value :  7.17908e-07
 Reference value :  7.21800e-07
 Reference value :  7.25692e-07
 Reference value :  7.30168e-07
 Reference value :  7.33802e-07
 Reference value :  7.37888e-07
 Reference value :  7.41975e-07
 Reference value :  7.46256e-07
 Reference value :  7.50537e-07
 Reference value :  7.54624e-07
 Reference value :  7.58905e-07
 Reference value :  7.62206e-07
 Reference value :  7.66098e-07
 Reference value :  7.70768e-07
 Reference value :  7.75439e-07
 Reference value :  7.79710e-07
 Reference value :  7.84186e-07
 Reference value :  7.89051e-07
 Reference value :  7.94274e-07
 Reference value :  7.99139e-07
 Reference value :  8.05755e-07
 Reference value :  8.12566e-07
 Reference value :  8.18210e-07
 Reference value :  8.22488e-07
 Reference value :  8.27159e-07
 Reference value :  8.31829e-07
 Reference value :  8.37469e-07
 Reference value :  8.43307e-07
 Reference value :  8.49534e-07
 Reference value :  8.53687e-07
 Reference value :  8.58746e-07
 Reference value :  8.64779e-07
 Reference value :  8.70418e-07
 Reference value :  8.76646e-07
 Reference value :  8.81972e-07
 Reference value :  8.88783e-07
 Reference value :  8.95202e-07
 Reference value :  9.00067e-07
 Reference value :  9.05905e-07
 Reference value :  9.11999e-07
 Reference value :  9.18421e-07
 Reference value :  9.24843e-07
 Reference value :  9.31455e-07
 Reference value :  9.38655e-07
 Reference value :  9.44376e-07
 Reference value :  9.49630e-07
 Reference value :  9.54690e-07
 Reference value :  9.59360e-07
 Reference value :  9.64030e-07
 Reference value :  9.69090e-07
 Reference value :  9.73423e-07
 Reference value :  9.78094e-07
 Reference value :  9.83153e-07
 Reference value :  9.87624e-07
 Reference value :  9.92294e-07
 Reference value :  9.97354e-07
 Reference value :  1.00172e-06
 Reference value :  1.00659e-06
 Reference value :  1.01165e-06
 Reference value :  1.01632e-06
 Reference value :  1.02118e-06
 Reference value :  1.02605e-06
 Reference value :  1.03057e-06
 Reference value :  1.03524e-06
 Reference value :  1.04010e-06
 Reference value :  1.04496e-06
 Reference value :  1.04963e-06
 Reference value :  1.05430e-06
 Reference value :  1.05912e-06
 Reference value :  1.06377e-06
 Reference value :  1.06844e-06
 Reference value :  1.07331e-06
 Reference value :  1.07798e-06
 Reference value :  1.08265e-06
 Reference value :  1.08771e-06
 Reference value :  1.09180e-06
 Reference value :  1.09667e-06
 Reference value :  1.10173e-06
 Reference value :  1.10639e-06
 Reference value :  1.11106e-06
 Reference value :  1.11593e-06
 Reference value :  1.12049e-06
 Reference value :  1.12536e-06
 Reference value :  1.13022e-06
 Reference value :  1.13509e-06
 Reference value :  1.13976e-06
 Reference value :  1.14443e-06
 Reference value :  1.14914e-06
 Reference value :  1.15381e-06
 Reference value :  1.15868e-06
 Reference value :  1.16354e-06
No. of Data Rows : 6042
vhold_min           =  1.20000e+00 at=  4.43688e-10
tfirst              =  7.38995e-08
t1                  =  7.15629e-07
t2                  =  7.45461e-07
t3                  =  7.75302e-07
t4                  =  8.05131e-07
t5                  =  8.34980e-07
t6                  =  8.64818e-07
t7                  =  8.94656e-07
t8                  =  9.24493e-07
t9                  =  9.54331e-07
t10                 =  9.84168e-07
t11                 =  1.01401e-06
t12                 =  1.04384e-06
idd_run             =  -9.92765e-05 from=  7.00700e-07 to=  1.16800e-06
vmax                =  1.22492e+00 at=  7.15970e-07
vmin                =  -2.29462e-02 at=  1.08863e-06
Note: Simulation executed from .control section 
Warning: m=xx on .subckt line will override multiplier m hierarchy!

Note: Starting dynamic gmin stepping
Note: Dynamic gmin stepping completed
Note: Starting dynamic gmin stepping
Note: Dynamic gmin stepping completed
