
Note: No compatibility mode selected!


Circuit: * tt_analog_ring, code 0

Doing analysis at TEMP = 27.000000 and TNOM = 27.000000

Using SPARSE 1.3 as Direct Linear Solver
 Reference value :  0.00000e+00
No. of Data Rows : 1
idd_dis=5.93984E-06 vbp=0.854924 vbn=0.247144 clk_dis=1.2
Doing analysis at TEMP = 27.000000 and TNOM = 27.000000

Using SPARSE 1.3 as Direct Linear Solver

Initial Transient Solution
--------------------------

Node                                   Voltage
----                                   -------
vpwr                                       1.2
code[0]                                      0
code[1]                                      0
code[2]                                      0
code[3]                                      0
code[4]                                      0
code[5]                                      0
code[6]                                      0
code[7]                                      0
enable                                       0
xdut.vbp                              0.854924
xdut.vbn                              0.247144
xdut.n0                            7.68044e-06
xdut.p0                                1.19999
xdut.na0                               1.02721
xdut.s0                                1.19999
xdut.s10                                   1.2
xdut.n1                            1.11584e-05
xdut.p1                                1.19999
xdut.s1                             1.1254e-05
xdut.n2                            1.38647e-06
xdut.p2                                1.19999
xdut.s2                                1.19999
xdut.n3                             1.4037e-05
xdut.p3                                1.19999
xdut.s3                            1.41352e-05
xdut.n4                             1.5439e-06
xdut.p4                                    1.2
xdut.s4                                    1.2
xdut.n5                            1.42153e-05
xdut.p5                                1.19999
xdut.s5                             1.4304e-05
xdut.n6                            3.18474e-06
xdut.p6                                1.19999
xdut.s6                                1.19999
xdut.n7                            2.51124e-05
xdut.p7                                1.19999
xdut.s7                             2.5229e-05
xdut.n8                            1.40028e-06
xdut.p8                                    1.2
xdut.s8                                    1.2
xdut.n9                            1.39264e-05
xdut.p9                                1.19999
xdut.s9                            1.40415e-05
xdut.n10                           7.88921e-07
xdut.p10                                   1.2
xdut.b1                            1.58009e-07
clk_out                                    1.2
ven#branch                         7.53684e-12
vc7#branch                          6.4137e-12
vc6#branch                         3.21566e-12
vc5#branch                         1.60686e-12
vc4#branch                         8.06021e-13
vc3#branch                          4.0009e-13
vc2#branch                         1.96895e-13
vc1#branch                         9.64236e-14
vc0#branch                         5.02645e-14
vdd#branch                        -5.93984e-06

 Reference value :  0.00000e+00
 Reference value :  5.66191e-08
 Reference value :  1.25025e-07
 Reference value :  1.91677e-07
 Reference value :  2.60083e-07
 Reference value :  3.28489e-07
 Reference value :  3.98649e-07
 Reference value :  4.70563e-07
 Reference value :  5.26407e-07
 Reference value :  5.54495e-07
 Reference value :  5.89575e-07
 Reference value :  6.22901e-07
 Reference value :  6.56227e-07
 Reference value :  6.90084e-07
 Reference value :  7.23410e-07
 Reference value :  7.54982e-07
 Reference value :  7.91816e-07
 Reference value :  8.20985e-07
 Reference value :  8.56065e-07
 Reference value :  8.89391e-07
 Reference value :  9.22717e-07
 Reference value :  9.57797e-07
 Reference value :  9.89269e-07
 Reference value :  1.02435e-06
 Reference value :  1.05943e-06
 Reference value :  1.09275e-06
 Reference value :  1.12513e-06
 Reference value :  1.16021e-06
 Reference value :  1.19354e-06
 Reference value :  1.22687e-06
 Reference value :  1.25831e-06
 Reference value :  1.29164e-06
 Reference value :  1.32497e-06
 Reference value :  1.36005e-06
 Reference value :  1.39074e-06
 Reference value :  1.42757e-06
 Reference value :  1.46090e-06
 Reference value :  1.49423e-06
 Reference value :  1.52867e-06
 Reference value :  1.56254e-06
 Reference value :  1.59587e-06
 Reference value :  1.63095e-06
 Reference value :  1.66427e-06
 Reference value :  1.69849e-06
 Reference value :  1.73181e-06
 Reference value :  1.76514e-06
 Reference value :  1.80197e-06
 Reference value :  1.83353e-06
 Reference value :  1.86686e-06
 Reference value :  1.90194e-06
 Reference value :  1.93526e-06
 Reference value :  1.96770e-06
 Reference value :  2.00278e-06
 Reference value :  2.03610e-06
 Reference value :  2.06943e-06
 Reference value :  2.09949e-06
 Reference value :  2.13392e-06
 Reference value :  2.16725e-06
 Reference value :  2.20233e-06
 Reference value :  2.23530e-06
 Reference value :  2.27172e-06
 Reference value :  2.30505e-06
 Reference value :  2.33837e-06
 Reference value :  2.37345e-06
 Reference value :  2.40137e-06
 Reference value :  2.43645e-06
 Reference value :  2.46977e-06
 Reference value :  2.50310e-06
 Reference value :  2.53567e-06
 Reference value :  2.57075e-06
 Reference value :  2.60407e-06
 Reference value :  2.63565e-06
 Reference value :  2.66798e-06
 Reference value :  2.70172e-06
 Reference value :  2.73505e-06
 Reference value :  2.77013e-06
 Reference value :  2.80346e-06
 Reference value :  2.83662e-06
 Reference value :  2.87170e-06
 Reference value :  2.90327e-06
 Reference value :  2.94010e-06
 Reference value :  2.96894e-06
 Reference value :  3.00226e-06
 Reference value :  3.03559e-06
 Reference value :  3.06891e-06
 Reference value :  3.10224e-06
 Reference value :  3.13732e-06
 Reference value :  3.17065e-06
 Reference value :  3.20573e-06
 Reference value :  3.23659e-06
 Reference value :  3.26802e-06
 Reference value :  3.30135e-06
 Reference value :  3.33467e-06
 Reference value :  3.36975e-06
 Reference value :  3.40085e-06
 Reference value :  3.43593e-06
 Reference value :  3.46926e-06
 Reference value :  3.50434e-06
 Reference value :  3.53337e-06
 Reference value :  3.56845e-06
 Reference value :  3.60177e-06
 Reference value :  3.63861e-06
 Reference value :  3.67018e-06
 Reference value :  3.70701e-06
 Reference value :  3.73859e-06
 Reference value :  3.77367e-06
 Reference value :  3.80631e-06
 Reference value :  3.83737e-06
 Reference value :  3.87070e-06
 Reference value :  3.90578e-06
 Reference value :  3.94086e-06
 Reference value :  3.97156e-06
 Reference value :  4.00664e-06
 Reference value :  4.03997e-06
 Reference value :  4.07154e-06
 Reference value :  4.10399e-06
 Reference value :  4.13732e-06
 Reference value :  4.16889e-06
 Reference value :  4.20397e-06
 Reference value :  4.23313e-06
 Reference value :  4.26997e-06
 Reference value :  4.30329e-06
 Reference value :  4.33837e-06
 Reference value :  4.37345e-06
 Reference value :  4.40001e-06
 Reference value :  4.43333e-06
 Reference value :  4.46841e-06
 Reference value :  4.49999e-06
 Reference value :  4.53221e-06
 Reference value :  4.56729e-06
 Reference value :  4.60237e-06
 Reference value :  4.63569e-06
 Reference value :  4.66819e-06
 Reference value :  4.70152e-06
 Reference value :  4.73309e-06
 Reference value :  4.76817e-06
 Reference value :  4.79947e-06
 Reference value :  4.83423e-06
 Reference value :  4.86755e-06
 Reference value :  4.90088e-06
 Reference value :  4.93771e-06
 Reference value :  4.96221e-06
 Reference value :  4.99729e-06
 Reference value :  5.03061e-06
 Reference value :  5.06394e-06
 Reference value :  5.08979e-06
 Reference value :  5.12663e-06
 Reference value :  5.15995e-06
 Reference value :  5.19503e-06
 Reference value :  5.23011e-06
 Reference value :  5.25992e-06
 Reference value :  5.29325e-06
 Reference value :  5.32657e-06
 Reference value :  5.35990e-06
 Reference value :  5.39073e-06
 Reference value :  5.42581e-06
 Reference value :  5.46089e-06
 Reference value :  5.49421e-06
 Reference value :  5.52552e-06
 Reference value :  5.56060e-06
 Reference value :  5.59393e-06
 Reference value :  5.63076e-06
 Reference value :  5.66204e-06
 Reference value :  5.69887e-06
 Reference value :  5.73044e-06
 Reference value :  5.76377e-06
 Reference value :  5.80060e-06
 Reference value :  5.83429e-06
 Reference value :  5.86762e-06
 Reference value :  5.90270e-06
 Reference value :  5.93427e-06
 Reference value :  5.96430e-06
 Reference value :  5.99763e-06
 Reference value :  6.03095e-06
 Reference value :  6.06428e-06
 Reference value :  6.09734e-06
 Reference value :  6.13242e-06
 Reference value :  6.16750e-06
 Reference value :  6.20083e-06
 Reference value :  6.22733e-06
 Reference value :  6.26416e-06
 Reference value :  6.29749e-06
 Reference value :  6.33257e-06
 Reference value :  6.36765e-06
 Reference value :  6.39759e-06
 Reference value :  6.43092e-06
 Reference value :  6.46600e-06
 Reference value :  6.50108e-06
 Reference value :  6.53419e-06
 Reference value :  6.56927e-06
 Reference value :  6.60260e-06
 Reference value :  6.63592e-06
 Reference value :  6.67043e-06
 Reference value :  6.70376e-06
 Reference value :  6.73708e-06
 Reference value :  6.77216e-06
 Reference value :  6.80312e-06
 Reference value :  6.83820e-06
 Reference value :  6.87328e-06
 Reference value :  6.90660e-06
 Reference value :  6.93960e-06
 Reference value :  6.97085e-06
 Reference value :  7.00593e-06
 Reference value :  7.04277e-06
 Reference value :  7.07609e-06
 Reference value :  7.11114e-06
 Reference value :  7.14622e-06
 Reference value :  7.17954e-06
 Reference value :  7.21638e-06
 Reference value :  7.24349e-06
 Reference value :  7.27682e-06
 Reference value :  7.31014e-06
 Reference value :  7.34347e-06
 Reference value :  7.37493e-06
 Reference value :  7.41001e-06
 Reference value :  7.44333e-06
 Reference value :  7.47666e-06
 Reference value :  7.50925e-06
 Reference value :  7.54025e-06
 Reference value :  7.57533e-06
 Reference value :  7.60866e-06
 Reference value :  7.64198e-06
 Reference value :  7.66891e-06
 Reference value :  7.70399e-06
 Reference value :  7.73731e-06
 Reference value :  7.77064e-06
 Reference value :  7.80313e-06
 Reference value :  7.83646e-06
 Reference value :  7.86978e-06
 Reference value :  7.90662e-06
 Reference value :  7.93759e-06
 Reference value :  7.97442e-06
 Reference value :  8.00775e-06
 Reference value :  8.04107e-06
 Reference value :  8.07615e-06
 Reference value :  8.10086e-06
 Reference value :  8.13244e-06
 Reference value :  8.16576e-06
 Reference value :  8.20084e-06
 Reference value :  8.23039e-06
 Reference value :  8.26722e-06
 Reference value :  8.30230e-06
 Reference value :  8.33563e-06
 Reference value :  8.36881e-06
 Reference value :  8.40389e-06
 Reference value :  8.43722e-06
 Reference value :  8.47230e-06
 Reference value :  8.50320e-06
 Reference value :  8.53606e-06
 Reference value :  8.56939e-06
 Reference value :  8.60096e-06
 Reference value :  8.63779e-06
 Reference value :  8.66930e-06
 Reference value :  8.70263e-06
 Reference value :  8.73771e-06
 Reference value :  8.77279e-06
 Reference value :  8.80933e-06
 Reference value :  8.84266e-06
 Reference value :  8.87774e-06
 Reference value :  8.91107e-06
 Reference value :  8.94317e-06
 Reference value :  8.97825e-06
 Reference value :  9.00807e-06
 Reference value :  9.04315e-06
 Reference value :  9.07228e-06
 Reference value :  9.11006e-06
 Reference value :  9.14163e-06
 Reference value :  9.17495e-06
 Reference value :  9.21179e-06
 Reference value :  9.24671e-06
 Reference value :  9.27829e-06
 Reference value :  9.31337e-06
 Reference value :  9.34845e-06
 Reference value :  9.37923e-06
 Reference value :  9.41431e-06
 Reference value :  9.44764e-06
 Reference value :  9.48096e-06
 Reference value :  9.50756e-06
 Reference value :  9.54089e-06
 Reference value :  9.57421e-06
 Reference value :  9.60929e-06
 Reference value :  9.64195e-06
 Reference value :  9.67799e-06
 Reference value :  9.71131e-06
 Reference value :  9.74464e-06
 Reference value :  9.78147e-06
 Reference value :  9.81435e-06
 Reference value :  9.84768e-06
 Reference value :  9.88101e-06
 Reference value :  9.91433e-06
 Reference value :  9.94520e-06
 Reference value :  9.98203e-06
 Reference value :  1.00154e-05
 Reference value :  1.00469e-05
 Reference value :  1.00766e-05
 Reference value :  1.01117e-05
 Reference value :  1.01450e-05
 Reference value :  1.01783e-05
 Reference value :  1.02099e-05
 Reference value :  1.02425e-05
 Reference value :  1.02758e-05
 Reference value :  1.03091e-05
 Reference value :  1.03460e-05
 Reference value :  1.03690e-05
 Reference value :  1.04023e-05
 Reference value :  1.04339e-05
 Reference value :  1.04690e-05
 Reference value :  1.04975e-05
No. of Data Rows : 6079
vhold_min           =  1.20000e+00 at=  1.40320e-10
tfirst              =  6.71177e-07
t1                  =  6.50622e-06
t2                  =  6.79079e-06
t3                  =  7.07576e-06
t4                  =  7.36062e-06
t5                  =  7.64598e-06
t6                  =  7.93038e-06
t7                  =  8.21560e-06
t8                  =  8.49995e-06
t9                  =  8.78492e-06
t10                 =  9.07017e-06
t11                 =  9.35463e-06
t12                 =  9.63979e-06
idd_run             =  -6.81485e-06 from=  6.31600e-06 to=  1.05300e-05
vmax                =  1.22276e+00 at=  7.93265e-06
vmin                =  -1.65503e-02 at=  6.37056e-06
Note: Simulation executed from .control section 
Note: Starting dynamic gmin stepping
Note: Dynamic gmin stepping completed
Note: Starting dynamic gmin stepping
Note: Dynamic gmin stepping completed
