
Note: No compatibility mode selected!


Circuit: * tt_analog_ring, code 127

Doing analysis at TEMP = 27.000000 and TNOM = 27.000000

Using SPARSE 1.3 as Direct Linear Solver
 Reference value :  0.00000e+00
No. of Data Rows : 1
idd_dis=0.00032888 vbp=0.558147 vbn=0.489353 clk_dis=1.2
Doing analysis at TEMP = 27.000000 and TNOM = 27.000000

Using SPARSE 1.3 as Direct Linear Solver

Initial Transient Solution
--------------------------

Node                                   Voltage
----                                   -------
vpwr                                       1.2
code[0]                                    1.2
code[1]                                    1.2
code[2]                                    1.2
code[3]                                    1.2
code[4]                                    1.2
code[5]                                    1.2
code[6]                                    1.2
code[7]                                      0
enable                                       0
xdut.vbp                              0.558147
xdut.vbn                              0.489353
xdut.n0                            2.44957e-07
xdut.p0                                    1.2
xdut.na0                               1.00605
xdut.s0                                    1.2
xdut.s10                                   1.2
xdut.n1                            6.42553e-07
xdut.p1                                    1.2
xdut.s1                            7.29967e-07
xdut.n2                            8.00776e-08
xdut.p2                                    1.2
xdut.s2                                    1.2
xdut.n3                            7.14466e-07
xdut.p3                                    1.2
xdut.s3                            8.08715e-07
xdut.n4                            2.67421e-07
xdut.p4                                    1.2
xdut.s4                                    1.2
xdut.n5                            7.68936e-07
xdut.p5                                    1.2
xdut.s5                            8.88163e-07
xdut.n6                            1.31694e-07
xdut.p6                                    1.2
xdut.s6                                    1.2
xdut.n7                            5.29388e-07
xdut.p7                                    1.2
xdut.s7                            6.06355e-07
xdut.n8                            1.00947e-07
xdut.p8                                    1.2
xdut.s8                                    1.2
xdut.n9                            4.74887e-07
xdut.p9                                    1.2
xdut.s9                            5.40687e-07
xdut.n10                           9.89909e-08
xdut.p10                                   1.2
xdut.b1                            1.52155e-07
clk_out                                    1.2
ven#branch                         7.58849e-12
vc7#branch                         1.73084e-12
vc6#branch                        -2.93745e-08
vc5#branch                        -1.46541e-08
vc4#branch                        -7.32139e-09
vc3#branch                         -3.6766e-09
vc2#branch                        -1.81904e-09
vc1#branch                        -9.31324e-10
vc0#branch                        -4.64779e-10
vdd#branch                         -0.00032888

 Reference value :  0.00000e+00
 Reference value :  1.00100e-09
 Reference value :  2.24140e-09
 Reference value :  3.51281e-09
 Reference value :  4.75321e-09
 Reference value :  5.99361e-09
 Reference value :  7.17199e-09
 Reference value :  8.41239e-09
 Reference value :  9.37526e-09
 Reference value :  1.00067e-08
 Reference value :  1.07199e-08
 Reference value :  1.14021e-08
 Reference value :  1.21464e-08
 Reference value :  1.27976e-08
 Reference value :  1.34488e-08
 Reference value :  1.41000e-08
 Reference value :  1.48132e-08
 Reference value :  1.54645e-08
 Reference value :  1.61467e-08
 Reference value :  1.68289e-08
 Reference value :  1.75111e-08
 Reference value :  1.81623e-08
 Reference value :  1.88445e-08
 Reference value :  1.95268e-08
 Reference value :  2.02090e-08
 Reference value :  2.08602e-08
 Reference value :  2.15424e-08
 Reference value :  2.22556e-08
 Reference value :  2.29069e-08
 Reference value :  2.35891e-08
 Reference value :  2.43023e-08
 Reference value :  2.49535e-08
 Reference value :  2.56047e-08
 Reference value :  2.62559e-08
 Reference value :  2.70312e-08
 Reference value :  2.76824e-08
 Reference value :  2.83646e-08
 Reference value :  2.90778e-08
 Reference value :  2.97291e-08
 Reference value :  3.03803e-08
 Reference value :  3.10005e-08
 Reference value :  3.17757e-08
 Reference value :  3.24269e-08
 Reference value :  3.30781e-08
 Reference value :  3.37293e-08
 Reference value :  3.44426e-08
 Reference value :  3.50938e-08
 Reference value :  3.57450e-08
 Reference value :  3.65202e-08
 Reference value :  3.72025e-08
 Reference value :  3.78847e-08
 Reference value :  3.85669e-08
 Reference value :  3.92491e-08
 Reference value :  3.99003e-08
 Reference value :  4.05515e-08
 Reference value :  4.12958e-08
 Reference value :  4.20090e-08
 Reference value :  4.26602e-08
 Reference value :  4.33114e-08
 Reference value :  4.39937e-08
 Reference value :  4.46449e-08
 Reference value :  4.52961e-08
 Reference value :  4.59783e-08
 Reference value :  4.66605e-08
 Reference value :  4.73117e-08
 Reference value :  4.79629e-08
 Reference value :  4.86452e-08
 Reference value :  4.92964e-08
 Reference value :  4.99786e-08
 Reference value :  5.06298e-08
 Reference value :  5.13740e-08
 Reference value :  5.20252e-08
 Reference value :  5.27075e-08
 Reference value :  5.33897e-08
 Reference value :  5.40719e-08
 Reference value :  5.47541e-08
 Reference value :  5.53743e-08
 Reference value :  5.61496e-08
 Reference value :  5.68008e-08
 Reference value :  5.74830e-08
 Reference value :  5.81342e-08
 Reference value :  5.88164e-08
 Reference value :  5.94676e-08
 Reference value :  6.01499e-08
 Reference value :  6.08631e-08
 Reference value :  6.15143e-08
 Reference value :  6.21345e-08
 Reference value :  6.27857e-08
 Reference value :  6.34989e-08
 Reference value :  6.41812e-08
 Reference value :  6.48324e-08
 Reference value :  6.55766e-08
 Reference value :  6.62588e-08
 Reference value :  6.69100e-08
 Reference value :  6.75613e-08
 Reference value :  6.82435e-08
 Reference value :  6.88947e-08
 Reference value :  6.95459e-08
 Reference value :  7.02281e-08
 Reference value :  7.09413e-08
 Reference value :  7.16236e-08
 Reference value :  7.22748e-08
 Reference value :  7.29880e-08
 Reference value :  7.36392e-08
 Reference value :  7.42904e-08
 Reference value :  7.49726e-08
 Reference value :  7.57169e-08
 Reference value :  7.63681e-08
 Reference value :  7.70193e-08
 Reference value :  7.77015e-08
 Reference value :  7.83527e-08
 Reference value :  7.90039e-08
 Reference value :  7.96552e-08
 Reference value :  8.04304e-08
 Reference value :  8.11126e-08
 Reference value :  8.17948e-08
 Reference value :  8.25081e-08
 Reference value :  8.31593e-08
 Reference value :  8.38105e-08
 Reference value :  8.44617e-08
 Reference value :  8.52370e-08
 Reference value :  8.59192e-08
 Reference value :  8.65704e-08
 Reference value :  8.72216e-08
 Reference value :  8.79038e-08
 Reference value :  8.85860e-08
 Reference value :  8.92683e-08
 Reference value :  9.00125e-08
 Reference value :  9.06637e-08
 Reference value :  9.13149e-08
 Reference value :  9.19971e-08
 Reference value :  9.26794e-08
 Reference value :  9.33616e-08
 Reference value :  9.40128e-08
 Reference value :  9.47260e-08
 Reference value :  9.54082e-08
 Reference value :  9.60594e-08
 Reference value :  9.67417e-08
 Reference value :  9.74549e-08
 Reference value :  9.81061e-08
 Reference value :  9.87573e-08
 Reference value :  9.94085e-08
 Reference value :  1.00091e-07
 Reference value :  1.00742e-07
 Reference value :  1.01393e-07
 Reference value :  1.02106e-07
 Reference value :  1.02789e-07
 Reference value :  1.03440e-07
 Reference value :  1.04060e-07
 Reference value :  1.04804e-07
 Reference value :  1.05424e-07
 Reference value :  1.06107e-07
 Reference value :  1.06758e-07
 Reference value :  1.07440e-07
 Reference value :  1.08091e-07
 Reference value :  1.08712e-07
 Reference value :  1.09425e-07
 Reference value :  1.10107e-07
 Reference value :  1.10758e-07
 Reference value :  1.11409e-07
 Reference value :  1.12092e-07
 Reference value :  1.12774e-07
 Reference value :  1.13394e-07
 Reference value :  1.14076e-07
 Reference value :  1.14758e-07
 Reference value :  1.15441e-07
 Reference value :  1.16092e-07
 Reference value :  1.16805e-07
 Reference value :  1.17456e-07
 Reference value :  1.18139e-07
 Reference value :  1.18790e-07
 Reference value :  1.19565e-07
 Reference value :  1.20216e-07
 Reference value :  1.20867e-07
 Reference value :  1.21581e-07
 Reference value :  1.22263e-07
 Reference value :  1.22914e-07
 Reference value :  1.23596e-07
 Reference value :  1.24372e-07
 Reference value :  1.25085e-07
 Reference value :  1.25736e-07
 Reference value :  1.26449e-07
 Reference value :  1.27100e-07
 Reference value :  1.27783e-07
 Reference value :  1.28434e-07
 Reference value :  1.29209e-07
 Reference value :  1.29860e-07
 Reference value :  1.30543e-07
 Reference value :  1.31225e-07
 Reference value :  1.31876e-07
 Reference value :  1.32558e-07
 Reference value :  1.33240e-07
 Reference value :  1.33985e-07
 Reference value :  1.34636e-07
 Reference value :  1.35287e-07
 Reference value :  1.35969e-07
 Reference value :  1.36652e-07
 Reference value :  1.37334e-07
 Reference value :  1.37985e-07
 Reference value :  1.38729e-07
 Reference value :  1.39380e-07
 Reference value :  1.40063e-07
 Reference value :  1.40745e-07
 Reference value :  1.41458e-07
 Reference value :  1.42109e-07
 Reference value :  1.42792e-07
 Reference value :  1.43505e-07
 Reference value :  1.44156e-07
 Reference value :  1.44807e-07
 Reference value :  1.45458e-07
 Reference value :  1.46172e-07
 Reference value :  1.46854e-07
 Reference value :  1.47536e-07
 Reference value :  1.48218e-07
 Reference value :  1.48900e-07
 Reference value :  1.49552e-07
 Reference value :  1.50203e-07
 Reference value :  1.50916e-07
 Reference value :  1.51598e-07
 Reference value :  1.52250e-07
 Reference value :  1.52932e-07
 Reference value :  1.53645e-07
 Reference value :  1.54327e-07
 Reference value :  1.54978e-07
 Reference value :  1.55692e-07
 Reference value :  1.56343e-07
 Reference value :  1.56994e-07
 Reference value :  1.57676e-07
 Reference value :  1.58452e-07
 Reference value :  1.59103e-07
 Reference value :  1.59754e-07
 Reference value :  1.60467e-07
 Reference value :  1.61118e-07
 Reference value :  1.61770e-07
 Reference value :  1.62421e-07
 Reference value :  1.63196e-07
 Reference value :  1.63847e-07
 Reference value :  1.64530e-07
 Reference value :  1.65212e-07
 Reference value :  1.65894e-07
 Reference value :  1.66576e-07
 Reference value :  1.67227e-07
 Reference value :  1.68003e-07
 Reference value :  1.68685e-07
 Reference value :  1.69367e-07
 Reference value :  1.70080e-07
 Reference value :  1.70732e-07
 Reference value :  1.71383e-07
 Reference value :  1.72034e-07
 Reference value :  1.72778e-07
 Reference value :  1.73429e-07
 Reference value :  1.74112e-07
 Reference value :  1.74763e-07
 Reference value :  1.75445e-07
 Reference value :  1.76127e-07
 Reference value :  1.76778e-07
 Reference value :  1.77523e-07
 Reference value :  1.78236e-07
 Reference value :  1.78887e-07
 Reference value :  1.79569e-07
 Reference value :  1.80283e-07
 Reference value :  1.80965e-07
 Reference value :  1.81647e-07
 Reference value :  1.82391e-07
 Reference value :  1.83042e-07
 Reference value :  1.83694e-07
 Reference value :  1.84345e-07
 Reference value :  1.85058e-07
 Reference value :  1.85740e-07
No. of Data Rows : 6012
vhold_min           =  1.20000e+00 at=  1.01713e-10
tfirst              =  1.22253e-08
t1                  =  1.11915e-07
t2                  =  1.16780e-07
t3                  =  1.21645e-07
t4                  =  1.26510e-07
t5                  =  1.31375e-07
t6                  =  1.36240e-07
t7                  =  1.41105e-07
t8                  =  1.45970e-07
t9                  =  1.50835e-07
t10                 =  1.55701e-07
t11                 =  1.60566e-07
t12                 =  1.65431e-07
idd_run             =  -3.43497e-04 from=  1.11600e-07 to=  1.86000e-07
vmax                =  1.21123e+00 at=  1.72623e-07
vmin                =  -7.54694e-03 at=  1.36093e-07
Note: Simulation executed from .control section 
Note: Starting dynamic gmin stepping
Note: Dynamic gmin stepping completed
Note: Starting dynamic gmin stepping
Note: Dynamic gmin stepping completed
