
Note: Compatibility modes selected: hs a


Circuit: * tt_analog_ring, code 0

Doing analysis at TEMP = 27.000000 and TNOM = 27.000000

Using SPARSE 1.3 as Direct Linear Solver
 Reference value :  0.00000e+00
No. of Data Rows : 1
idd_dis=5.64906E-06 vbp=0.856841 vbn=0.259557 clk_dis=1.2
Doing analysis at TEMP = 27.000000 and TNOM = 27.000000

Using SPARSE 1.3 as Direct Linear Solver

Initial Transient Solution
--------------------------

Node                                   Voltage
----                                   -------
vpwr                                       1.2
code[0]                                      0
code[1]                                      0
code[2]                                      0
code[3]                                      0
code[4]                                      0
code[5]                                      0
code[6]                                      0
code[7]                                      0
enable                                       0
xdut.vbp                              0.856841
clk_out                                    1.2
xdut.b1                            1.70757e-07
xdut.s3                            9.58357e-06
xdut.s2                                    1.2
xdut.n_126                             1.19999
xdut.s1                            1.24592e-05
xdut.n_125                                 1.2
xdut.s10                               1.19999
xdut.s6                                    1.2
xdut.s5                             1.3413e-05
xdut.n_128                                 1.2
xdut.s9                            7.08911e-06
xdut.n_133                             1.19999
xdut.s4                                    1.2
xdut.n_129                             1.19999
xdut.s8                                1.19999
xdut.n_132                                 1.2
xdut.s7                            8.40745e-06
xdut.n_130                             1.19999
xdut.n_127                                 1.2
xdut.n_131                             1.19999
xdut.s0                                1.19999
xdut.n_124                             1.19999
xdut.n_71                          1.23459e-05
xdut.n_72                          8.33567e-06
xdut.n_70                          4.50746e-06
xdut.n_77                          9.48912e-06
xdut.n_75                          7.54843e-07
xdut.n_73                          7.32043e-07
xdut.n_67                          1.98664e-06
xdut.n_76                          6.94222e-07
xdut.n_69                          7.02839e-06
xdut.n_74                          1.33023e-05
xdut.n_122                             1.19999
xdut.n_i1005                           1.02428
xdut.n_68                          4.65087e-06
xdut.vbn                              0.259557
ven#branch                         7.28801e-12
vc7#branch                          6.4797e-12
vc6#branch                         3.25208e-12
vc5#branch                         1.61267e-12
vc4#branch                         8.08729e-13
vc3#branch                         4.05895e-13
vc2#branch                         2.01508e-13
vc1#branch                          1.0375e-13
vc0#branch                         5.27634e-14
vdd#branch                        -5.64906e-06

 Reference value :  0.00000e+00
 Reference value :  2.29068e-07
 Reference value :  4.74698e-07
 Reference value :  7.27346e-07
 Reference value :  9.79994e-07
 Reference value :  1.08826e-06
 Reference value :  1.17247e-06
 Reference value :  1.29623e-06
 Reference value :  1.41203e-06
 Reference value :  1.53134e-06
 Reference value :  1.63495e-06
 Reference value :  1.75074e-06
 Reference value :  1.84266e-06
 Reference value :  1.93390e-06
 Reference value :  2.05488e-06
 Reference value :  2.17418e-06
 Reference value :  2.29781e-06
 Reference value :  2.41712e-06
 Reference value :  2.53416e-06
 Reference value :  2.64996e-06
 Reference value :  2.77430e-06
 Reference value :  2.89009e-06
 Reference value :  3.01966e-06
 Reference value :  3.13546e-06
 Reference value :  3.25756e-06
 Reference value :  3.36283e-06
 Reference value :  3.43841e-06
 Reference value :  3.51210e-06
 Reference value :  3.59280e-06
 Reference value :  3.70748e-06
 Reference value :  3.79170e-06
 Reference value :  3.87240e-06
 Reference value :  3.99051e-06
 Reference value :  4.10982e-06
 Reference value :  4.22546e-06
 Reference value :  4.34827e-06
 Reference value :  4.47113e-06
 Reference value :  4.58692e-06
 Reference value :  4.69906e-06
 Reference value :  4.79029e-06
 Reference value :  4.86724e-06
 Reference value :  4.94443e-06
 Reference value :  5.03567e-06
 Reference value :  5.15378e-06
 Reference value :  5.27660e-06
 Reference value :  5.39824e-06
 Reference value :  5.50351e-06
 Reference value :  5.61782e-06
 Reference value :  5.73712e-06
 Reference value :  5.86006e-06
 Reference value :  5.97586e-06
 Reference value :  6.06341e-06
 Reference value :  6.13359e-06
 Reference value :  6.24237e-06
 Reference value :  6.36437e-06
 Reference value :  6.48367e-06
 Reference value :  6.59864e-06
 Reference value :  6.72146e-06
 Reference value :  6.83916e-06
 Reference value :  6.96197e-06
 Reference value :  7.07790e-06
 Reference value :  7.19721e-06
 Reference value :  7.32352e-06
 Reference value :  7.43931e-06
 Reference value :  7.55384e-06
 Reference value :  7.67666e-06
 Reference value :  7.78790e-06
 Reference value :  7.90370e-06
 Reference value :  8.02239e-06
 Reference value :  8.13116e-06
 Reference value :  8.25749e-06
 Reference value :  8.37329e-06
 Reference value :  8.49462e-06
 Reference value :  8.61392e-06
 Reference value :  8.74350e-06
 Reference value :  8.86631e-06
 Reference value :  8.98460e-06
 Reference value :  9.10391e-06
 Reference value :  9.22538e-06
 Reference value :  9.34468e-06
 Reference value :  9.45108e-06
 Reference value :  9.56688e-06
 Reference value :  9.68621e-06
 Reference value :  9.80903e-06
 Reference value :  9.92379e-06
 Reference value :  1.00361e-05
 Reference value :  1.01542e-05
 Reference value :  1.02735e-05
 Reference value :  1.03919e-05
 Reference value :  1.05077e-05
 Reference value :  1.06225e-05
 Reference value :  1.07419e-05
 Reference value :  1.08600e-05
 Reference value :  1.09828e-05
 Reference value :  1.11058e-05
 Reference value :  1.12286e-05
 Reference value :  1.13467e-05
 Reference value :  1.14660e-05
 Reference value :  1.15844e-05
 Reference value :  1.17037e-05
 Reference value :  1.18179e-05
 Reference value :  1.19373e-05
 Reference value :  1.20572e-05
 Reference value :  1.21765e-05
 Reference value :  1.22875e-05
 Reference value :  1.24103e-05
 Reference value :  1.25332e-05
 Reference value :  1.26069e-05
 Reference value :  1.26876e-05
 Reference value :  1.27563e-05
 Reference value :  1.28476e-05
 Reference value :  1.29489e-05
 Reference value :  1.30574e-05
 Reference value :  1.31691e-05
 Reference value :  1.32795e-05
 Reference value :  1.33988e-05
 Reference value :  1.35120e-05
 Reference value :  1.36278e-05
 Reference value :  1.37382e-05
 Reference value :  1.38575e-05
 Reference value :  1.39739e-05
 Reference value :  1.40862e-05
 Reference value :  1.41974e-05
 Reference value :  1.43097e-05
 Reference value :  1.44324e-05
 Reference value :  1.45412e-05
 Reference value :  1.46569e-05
 Reference value :  1.47727e-05
 Reference value :  1.48898e-05
 Reference value :  1.50021e-05
 Reference value :  1.51047e-05
 Reference value :  1.52204e-05
 Reference value :  1.53399e-05
 Reference value :  1.54452e-05
 Reference value :  1.55399e-05
 Reference value :  1.56435e-05
 Reference value :  1.57628e-05
 Reference value :  1.58472e-05
 Reference value :  1.59174e-05
 Reference value :  1.59876e-05
 Reference value :  1.60876e-05
 Reference value :  1.62069e-05
 Reference value :  1.63230e-05
 Reference value :  1.64283e-05
 Reference value :  1.65386e-05
 Reference value :  1.66544e-05
 Reference value :  1.67778e-05
 Reference value :  1.68901e-05
 Reference value :  1.70002e-05
 Reference value :  1.71160e-05
 Reference value :  1.72343e-05
 Reference value :  1.73450e-05
 Reference value :  1.74555e-05
 Reference value :  1.75715e-05
 Reference value :  1.76908e-05
 Reference value :  1.78009e-05
 Reference value :  1.79202e-05
 Reference value :  1.80235e-05
 Reference value :  1.81428e-05
 Reference value :  1.82589e-05
 Reference value :  1.83431e-05
 Reference value :  1.84092e-05
 Reference value :  1.84844e-05
 Reference value :  1.85581e-05
 Reference value :  1.86283e-05
 Reference value :  1.87012e-05
 Reference value :  1.87679e-05
 Reference value :  1.88345e-05
 Reference value :  1.89084e-05
 Reference value :  1.89785e-05
 Reference value :  1.90487e-05
 Reference value :  1.91259e-05
 Reference value :  1.91911e-05
 Reference value :  1.92613e-05
 Reference value :  1.93385e-05
 Reference value :  1.94052e-05
 Reference value :  1.94789e-05
 Reference value :  1.95490e-05
 Reference value :  1.96219e-05
 Reference value :  1.96956e-05
 Reference value :  1.97587e-05
 Reference value :  1.98324e-05
 Reference value :  1.99061e-05
 Reference value :  1.99763e-05
 Reference value :  2.00535e-05
 Reference value :  2.01259e-05
 Reference value :  2.01925e-05
 Reference value :  2.02627e-05
 Reference value :  2.03399e-05
 Reference value :  2.04066e-05
 Reference value :  2.04732e-05
 Reference value :  2.05540e-05
 Reference value :  2.06231e-05
 Reference value :  2.06898e-05
 Reference value :  2.07635e-05
 Reference value :  2.08333e-05
 Reference value :  2.09000e-05
 Reference value :  2.09737e-05
 Reference value :  2.10500e-05
No. of Data Rows : 6090
vhold_min           =  1.20000e+00 at=  2.80720e-10
tfirst              =  1.27256e-06
t1                  =  1.29474e-05
t2                  =  1.34246e-05
t3                  =  1.39008e-05
t4                  =  1.43764e-05
t5                  =  1.48517e-05
t6                  =  1.53275e-05
t7                  =  1.58032e-05
t8                  =  1.62789e-05
t9                  =  1.67546e-05
t10                 =  1.72306e-05
t11                 =  1.77068e-05
t12                 =  1.81832e-05
idd_run             =  -6.62708e-06 from=  1.26300e-05 to=  2.10500e-05
vmax                =  1.21771e+00 at=  2.10439e-05
vmin                =  -1.10050e-02 at=  2.07880e-05
Note: Simulation executed from .control section 
Warning: m=xx on .subckt line will override multiplier m hierarchy!

Note: Starting dynamic gmin stepping
Note: Dynamic gmin stepping completed
Note: Starting dynamic gmin stepping
Note: Dynamic gmin stepping completed
