
Note: Compatibility modes selected: hs a


Circuit: * tt_analog_ring, code 0

Doing analysis at TEMP = -40.000000 and TNOM = 27.000000

Using SPARSE 1.3 as Direct Linear Solver
 Reference value :  0.00000e+00
No. of Data Rows : 1
idd_dis=8.14974E-06 vbp=0.944938 vbn=0.348986 clk_dis=1.32
Doing analysis at TEMP = -40.000000 and TNOM = 27.000000

Using SPARSE 1.3 as Direct Linear Solver

Initial Transient Solution
--------------------------

Node                                   Voltage
----                                   -------
vpwr                                      1.32
code[0]                                      0
code[1]                                      0
code[2]                                      0
code[3]                                      0
code[4]                                      0
code[5]                                      0
code[6]                                      0
code[7]                                      0
enable                                       0
xdut.vbp                              0.944938
clk_out                                   1.32
xdut.b1                            1.19903e-07
xdut.s3                            4.00867e-06
xdut.s2                                   1.32
xdut.n_126                                1.32
xdut.s1                            4.00867e-06
xdut.n_125                                1.32
xdut.s10                                  1.32
xdut.s6                                   1.32
xdut.s5                            4.00867e-06
xdut.n_128                                1.32
xdut.s9                            4.00867e-06
xdut.n_133                                1.32
xdut.s4                                   1.32
xdut.n_129                                1.32
xdut.s8                                   1.32
xdut.n_132                                1.32
xdut.s7                            4.00867e-06
xdut.n_130                                1.32
xdut.n_127                                1.32
xdut.n_131                                1.32
xdut.s0                                   1.32
xdut.n_124                                1.32
xdut.n_71                          3.97264e-06
xdut.n_72                          3.97263e-06
xdut.n_70                          6.79376e-09
xdut.n_77                          3.97263e-06
xdut.n_75                          6.79376e-09
xdut.n_73                          6.79376e-09
xdut.n_67                          6.79376e-09
xdut.n_76                          6.79376e-09
xdut.n_69                          3.97263e-06
xdut.n_74                          3.97263e-06
xdut.n_122                                1.32
xdut.n_i1005                           1.05153
xdut.n_68                          9.87079e-09
xdut.vbn                              0.348986
ven#branch                         1.15352e-11
vc7#branch                         2.21294e-12
vc6#branch                         1.10647e-12
vc5#branch                         5.53234e-13
vc4#branch                         2.76617e-13
vc3#branch                         1.38308e-13
vc2#branch                         6.91542e-14
vc1#branch                         3.45771e-14
vc0#branch                         1.72886e-14
vdd#branch                        -8.14974e-06

 Reference value :  0.00000e+00
 Reference value :  2.53631e-07
 Reference value :  5.37860e-07
 Reference value :  8.43143e-07
 Reference value :  1.06019e-06
 Reference value :  1.17247e-06
 Reference value :  1.28895e-06
 Reference value :  1.40474e-06
 Reference value :  1.51054e-06
 Reference value :  1.62574e-06
 Reference value :  1.74080e-06
 Reference value :  1.86314e-06
 Reference value :  1.97894e-06
 Reference value :  2.09589e-06
 Reference value :  2.21519e-06
 Reference value :  2.32486e-06
 Reference value :  2.43828e-06
 Reference value :  2.55057e-06
 Reference value :  2.66012e-06
 Reference value :  2.78293e-06
 Reference value :  2.89844e-06
 Reference value :  3.02816e-06
 Reference value :  3.14396e-06
 Reference value :  3.24779e-06
 Reference value :  3.36710e-06
 Reference value :  3.47293e-06
 Reference value :  3.59080e-06
 Reference value :  3.71362e-06
 Reference value :  3.84211e-06
 Reference value :  3.95886e-06
 Reference value :  4.08503e-06
 Reference value :  4.20166e-06
 Reference value :  4.31044e-06
 Reference value :  4.41910e-06
 Reference value :  4.54192e-06
 Reference value :  4.65299e-06
 Reference value :  4.76088e-06
 Reference value :  4.87317e-06
 Reference value :  4.99137e-06
 Reference value :  5.10366e-06
 Reference value :  5.20019e-06
 Reference value :  5.32301e-06
 Reference value :  5.43220e-06
 Reference value :  5.54169e-06
 Reference value :  5.65749e-06
 Reference value :  5.77582e-06
 Reference value :  5.88811e-06
 Reference value :  5.97945e-06
 Reference value :  6.10177e-06
 Reference value :  6.21345e-06
 Reference value :  6.30471e-06
 Reference value :  6.41700e-06
 Reference value :  6.53825e-06
 Reference value :  6.64352e-06
 Reference value :  6.74658e-06
 Reference value :  6.86940e-06
 Reference value :  6.98397e-06
 Reference value :  7.09098e-06
 Reference value :  7.20678e-06
 Reference value :  7.32608e-06
 Reference value :  7.44890e-06
 Reference value :  7.56485e-06
 Reference value :  7.67943e-06
 Reference value :  7.79523e-06
 Reference value :  7.91953e-06
 Reference value :  8.04796e-06
 Reference value :  8.16024e-06
 Reference value :  8.27016e-06
 Reference value :  8.38947e-06
 Reference value :  8.50660e-06
 Reference value :  8.62801e-06
 Reference value :  8.74030e-06
 Reference value :  8.85702e-06
 Reference value :  8.97633e-06
 Reference value :  9.08740e-06
 Reference value :  9.20671e-06
 Reference value :  9.31514e-06
 Reference value :  9.43811e-06
 Reference value :  9.56093e-06
 Reference value :  9.67835e-06
 Reference value :  9.80342e-06
 Reference value :  9.91922e-06
 Reference value :  1.00419e-05
 Reference value :  1.01577e-05
 Reference value :  1.02540e-05
 Reference value :  1.03768e-05
 Reference value :  1.04878e-05
 Reference value :  1.05947e-05
 Reference value :  1.07070e-05
 Reference value :  1.08250e-05
 Reference value :  1.09443e-05
 Reference value :  1.10572e-05
 Reference value :  1.11742e-05
 Reference value :  1.12900e-05
 Reference value :  1.14045e-05
 Reference value :  1.15203e-05
 Reference value :  1.16304e-05
 Reference value :  1.17483e-05
 Reference value :  1.18605e-05
 Reference value :  1.19834e-05
 Reference value :  1.20957e-05
 Reference value :  1.21913e-05
 Reference value :  1.23071e-05
 Reference value :  1.23724e-05
 Reference value :  1.24390e-05
 Reference value :  1.25081e-05
 Reference value :  1.25740e-05
 Reference value :  1.26793e-05
 Reference value :  1.27883e-05
 Reference value :  1.28988e-05
 Reference value :  1.30125e-05
 Reference value :  1.31248e-05
 Reference value :  1.32406e-05
 Reference value :  1.33431e-05
 Reference value :  1.34589e-05
 Reference value :  1.35654e-05
 Reference value :  1.36839e-05
 Reference value :  1.37962e-05
 Reference value :  1.39049e-05
 Reference value :  1.40137e-05
 Reference value :  1.41265e-05
 Reference value :  1.42423e-05
 Reference value :  1.43502e-05
 Reference value :  1.44677e-05
 Reference value :  1.45800e-05
 Reference value :  1.46970e-05
 Reference value :  1.48057e-05
 Reference value :  1.49282e-05
 Reference value :  1.50475e-05
 Reference value :  1.51633e-05
 Reference value :  1.52626e-05
 Reference value :  1.53714e-05
 Reference value :  1.54887e-05
 Reference value :  1.56045e-05
 Reference value :  1.56996e-05
 Reference value :  1.58189e-05
 Reference value :  1.59261e-05
 Reference value :  1.60218e-05
 Reference value :  1.61341e-05
 Reference value :  1.62471e-05
 Reference value :  1.63558e-05
 Reference value :  1.64697e-05
 Reference value :  1.65890e-05
 Reference value :  1.67047e-05
 Reference value :  1.68181e-05
 Reference value :  1.69339e-05
 Reference value :  1.70514e-05
 Reference value :  1.71671e-05
 Reference value :  1.72827e-05
 Reference value :  1.74055e-05
 Reference value :  1.75178e-05
 Reference value :  1.76368e-05
 Reference value :  1.77596e-05
 Reference value :  1.78754e-05
 Reference value :  1.79888e-05
 Reference value :  1.81011e-05
 Reference value :  1.82135e-05
 Reference value :  1.83328e-05
 Reference value :  1.84426e-05
 Reference value :  1.85559e-05
 Reference value :  1.86682e-05
 Reference value :  1.87865e-05
 Reference value :  1.89023e-05
 Reference value :  1.90251e-05
 Reference value :  1.91419e-05
 Reference value :  1.92542e-05
 Reference value :  1.93719e-05
 Reference value :  1.94947e-05
 Reference value :  1.96103e-05
 Reference value :  1.97296e-05
 Reference value :  1.98454e-05
 Reference value :  1.99603e-05
 Reference value :  2.00761e-05
 Reference value :  2.01955e-05
 Reference value :  2.02915e-05
 Reference value :  2.04073e-05
 Reference value :  2.05289e-05
 Reference value :  2.06412e-05
 Reference value :  2.07465e-05
 Reference value :  2.08658e-05
 Reference value :  2.09681e-05
No. of Data Rows : 6126
vhold_min           =  1.32000e+00 at=  4.49152e-09
tfirst              =  1.23386e-06
t1                  =  1.27086e-05
t2                  =  1.30973e-05
t3                  =  1.34848e-05
t4                  =  1.38748e-05
t5                  =  1.42616e-05
t6                  =  1.46516e-05
t7                  =  1.50392e-05
t8                  =  1.54293e-05
t9                  =  1.58172e-05
t10                 =  1.62060e-05
t11                 =  1.65943e-05
t12                 =  1.69814e-05
idd_run             =  -9.38072e-06 from=  1.26300e-05 to=  2.10500e-05
vmax                =  1.33623e+00 at=  1.89304e-05
vmin                =  -9.97072e-03 at=  1.75634e-05
Note: Simulation executed from .control section 
Warning: m=xx on .subckt line will override multiplier m hierarchy!

Note: Starting dynamic gmin stepping
Note: Dynamic gmin stepping completed
Note: Starting dynamic gmin stepping
Note: Dynamic gmin stepping completed
