
Note: Compatibility modes selected: hs a


Circuit: * tt_analog_ring, code 4

Doing analysis at TEMP = 27.000000 and TNOM = 27.000000

Using SPARSE 1.3 as Direct Linear Solver
 Reference value :  0.00000e+00
No. of Data Rows : 1
idd_dis=1.78556E-05 vbp=0.879241 vbn=0.357697 clk_dis=1.32
Doing analysis at TEMP = 27.000000 and TNOM = 27.000000

Using SPARSE 1.3 as Direct Linear Solver

Initial Transient Solution
--------------------------

Node                                   Voltage
----                                   -------
vpwr                                      1.32
code[0]                                      0
code[1]                                      0
code[2]                                   1.32
code[3]                                      0
code[4]                                      0
code[5]                                      0
code[6]                                      0
code[7]                                      0
enable                                       0
xdut.vbp                              0.879241
clk_out                                   1.32
xdut.b1                            4.35722e-08
xdut.s3                             1.1731e-06
xdut.s2                                   1.32
xdut.n_126                                1.32
xdut.s1                             1.1731e-06
xdut.n_125                                1.32
xdut.s10                                  1.32
xdut.s6                                   1.32
xdut.s5                             1.1731e-06
xdut.n_128                                1.32
xdut.s9                             1.1731e-06
xdut.n_133                                1.32
xdut.s4                                   1.32
xdut.n_129                                1.32
xdut.s8                                   1.32
xdut.n_132                                1.32
xdut.s7                             1.1731e-06
xdut.n_130                                1.32
xdut.n_127                                1.32
xdut.n_131                                1.32
xdut.s0                                   1.32
xdut.n_124                                1.32
xdut.n_71                          1.15555e-06
xdut.n_72                          1.15554e-06
xdut.n_70                          2.90422e-08
xdut.n_77                          1.15554e-06
xdut.n_75                          2.90422e-08
xdut.n_73                          2.90422e-08
xdut.n_67                          2.90422e-08
xdut.n_76                          2.90422e-08
xdut.n_69                          1.15554e-06
xdut.n_74                          1.15554e-06
xdut.n_122                                1.32
xdut.n_i1005                           1.10182
xdut.n_68                          7.02343e-08
xdut.vbn                              0.357697
ven#branch                          3.2405e-12
vc7#branch                         1.72653e-12
vc6#branch                         8.63263e-13
vc5#branch                         4.31632e-13
vc4#branch                         2.15816e-13
vc3#branch                         1.07908e-13
vc2#branch                         -7.6463e-10
vc1#branch                          2.6977e-14
vc0#branch                         1.34885e-14
vdd#branch                        -1.78556e-05

 Reference value :  0.00000e+00
 Reference value :  4.95936e-08
 Reference value :  1.01114e-07
 Reference value :  1.52634e-07
 Reference value :  1.99674e-07
 Reference value :  2.48954e-07
 Reference value :  2.94874e-07
 Reference value :  3.36165e-07
 Reference value :  3.53665e-07
 Reference value :  3.74945e-07
 Reference value :  3.97345e-07
 Reference value :  4.20865e-07
 Reference value :  4.43075e-07
 Reference value :  4.65475e-07
 Reference value :  4.94595e-07
 Reference value :  5.18483e-07
 Reference value :  5.38643e-07
 Reference value :  5.57683e-07
 Reference value :  5.76723e-07
 Reference value :  5.96248e-07
 Reference value :  6.17528e-07
 Reference value :  6.36568e-07
 Reference value :  6.54488e-07
 Reference value :  6.75768e-07
 Reference value :  6.95175e-07
 Reference value :  7.14215e-07
 Reference value :  7.33255e-07
 Reference value :  7.53415e-07
 Reference value :  7.73974e-07
 Reference value :  7.94134e-07
 Reference value :  8.13174e-07
 Reference value :  8.32214e-07
 Reference value :  8.54614e-07
 Reference value :  8.72930e-07
 Reference value :  8.91970e-07
 Reference value :  9.11010e-07
 Reference value :  9.31170e-07
 Reference value :  9.51686e-07
 Reference value :  9.72966e-07
 Reference value :  9.92006e-07
 Reference value :  1.01105e-06
 Reference value :  1.03308e-06
 Reference value :  1.05288e-06
 Reference value :  1.07192e-06
 Reference value :  1.09208e-06
 Reference value :  1.11448e-06
 Reference value :  1.13496e-06
 Reference value :  1.15512e-06
 Reference value :  1.17528e-06
 Reference value :  1.19768e-06
 Reference value :  1.21711e-06
 Reference value :  1.23615e-06
 Reference value :  1.25519e-06
 Reference value :  1.27423e-06
 Reference value :  1.29473e-06
 Reference value :  1.31489e-06
 Reference value :  1.33393e-06
 Reference value :  1.35409e-06
 Reference value :  1.37649e-06
 Reference value :  1.39480e-06
 Reference value :  1.41608e-06
 Reference value :  1.43736e-06
 Reference value :  1.45864e-06
 Reference value :  1.47911e-06
 Reference value :  1.49815e-06
 Reference value :  1.51719e-06
 Reference value :  1.53623e-06
 Reference value :  1.55679e-06
 Reference value :  1.57695e-06
 Reference value :  1.59599e-06
 Reference value :  1.61615e-06
 Reference value :  1.63967e-06
 Reference value :  1.66128e-06
 Reference value :  1.68144e-06
 Reference value :  1.70160e-06
 Reference value :  1.72288e-06
 Reference value :  1.74231e-06
 Reference value :  1.76247e-06
 Reference value :  1.78375e-06
 Reference value :  1.80615e-06
 Reference value :  1.82550e-06
 Reference value :  1.84566e-06
 Reference value :  1.86470e-06
 Reference value :  1.88486e-06
 Reference value :  1.90542e-06
 Reference value :  1.92558e-06
 Reference value :  1.94462e-06
 Reference value :  1.96478e-06
 Reference value :  1.98606e-06
 Reference value :  2.00543e-06
 Reference value :  2.02447e-06
 Reference value :  2.04687e-06
 Reference value :  2.07375e-06
 Reference value :  2.09430e-06
 Reference value :  2.11670e-06
 Reference value :  2.14470e-06
 Reference value :  2.17077e-06
 Reference value :  2.19765e-06
 Reference value :  2.22341e-06
 Reference value :  2.25329e-06
 Reference value :  2.27645e-06
 Reference value :  2.29885e-06
 Reference value :  2.32125e-06
 Reference value :  2.34510e-06
 Reference value :  2.37310e-06
 Reference value :  2.39774e-06
 Reference value :  2.42574e-06
 Reference value :  2.45077e-06
 Reference value :  2.47317e-06
 Reference value :  2.49557e-06
 Reference value :  2.51828e-06
 Reference value :  2.54180e-06
 Reference value :  2.56308e-06
 Reference value :  2.58548e-06
 Reference value :  2.60827e-06
 Reference value :  2.63179e-06
 Reference value :  2.66091e-06
 Reference value :  2.69149e-06
 Reference value :  2.71837e-06
 Reference value :  2.74301e-06
 Reference value :  2.76653e-06
 Reference value :  2.78820e-06
 Reference value :  2.81060e-06
 Reference value :  2.83300e-06
 Reference value :  2.85988e-06
 Reference value :  2.88147e-06
 Reference value :  2.90387e-06
 Reference value :  2.92963e-06
 Reference value :  2.96026e-06
 Reference value :  2.98602e-06
 Reference value :  3.00954e-06
 Reference value :  3.03306e-06
 Reference value :  3.05468e-06
 Reference value :  3.07596e-06
 Reference value :  3.09724e-06
 Reference value :  3.12300e-06
 Reference value :  3.14467e-06
 Reference value :  3.16595e-06
 Reference value :  3.18835e-06
 Reference value :  3.21117e-06
 Reference value :  3.23458e-06
 Reference value :  3.25474e-06
 Reference value :  3.27826e-06
 Reference value :  3.30553e-06
 Reference value :  3.32905e-06
 Reference value :  3.35145e-06
 Reference value :  3.37609e-06
 Reference value :  3.40331e-06
 Reference value :  3.42571e-06
 Reference value :  3.44811e-06
 Reference value :  3.47275e-06
 Reference value :  3.49442e-06
 Reference value :  3.52018e-06
 Reference value :  3.54482e-06
 Reference value :  3.56865e-06
 Reference value :  3.59105e-06
 Reference value :  3.61569e-06
 Reference value :  3.64593e-06
 Reference value :  3.66424e-06
 Reference value :  3.68328e-06
 Reference value :  3.70344e-06
 Reference value :  3.72472e-06
 Reference value :  3.74522e-06
 Reference value :  3.76538e-06
 Reference value :  3.78442e-06
 Reference value :  3.80346e-06
 Reference value :  3.82289e-06
 Reference value :  3.84305e-06
 Reference value :  3.86209e-06
 Reference value :  3.88225e-06
 Reference value :  3.90465e-06
 Reference value :  3.92400e-06
 Reference value :  3.94304e-06
 Reference value :  3.96208e-06
 Reference value :  3.98224e-06
 Reference value :  4.00167e-06
 Reference value :  4.02183e-06
 Reference value :  4.04087e-06
 Reference value :  4.05991e-06
 Reference value :  4.08200e-06
 Reference value :  4.10281e-06
 Reference value :  4.12297e-06
 Reference value :  4.14313e-06
 Reference value :  4.16553e-06
 Reference value :  4.18272e-06
 Reference value :  4.20176e-06
 Reference value :  4.22080e-06
 Reference value :  4.24096e-06
 Reference value :  4.26143e-06
 Reference value :  4.28271e-06
 Reference value :  4.30175e-06
 Reference value :  4.32303e-06
 Reference value :  4.34507e-06
 Reference value :  4.36598e-06
 Reference value :  4.38614e-06
 Reference value :  4.40742e-06
 Reference value :  4.43063e-06
 Reference value :  4.45256e-06
 Reference value :  4.47384e-06
 Reference value :  4.49512e-06
 Reference value :  4.51752e-06
 Reference value :  4.53584e-06
 Reference value :  4.55600e-06
 Reference value :  4.57728e-06
 Reference value :  4.59968e-06
 Reference value :  4.62013e-06
 Reference value :  4.64029e-06
 Reference value :  4.66045e-06
 Reference value :  4.68285e-06
 Reference value :  4.70229e-06
 Reference value :  4.72245e-06
 Reference value :  4.74373e-06
 Reference value :  4.76501e-06
 Reference value :  4.78663e-06
 Reference value :  4.80791e-06
 Reference value :  4.82807e-06
 Reference value :  4.84935e-06
 Reference value :  4.87103e-06
 Reference value :  4.89343e-06
 Reference value :  4.91359e-06
 Reference value :  4.93487e-06
 Reference value :  4.95644e-06
 Reference value :  4.97884e-06
 Reference value :  4.99900e-06
 Reference value :  5.02028e-06
 Reference value :  5.04233e-06
 Reference value :  5.06324e-06
 Reference value :  5.08452e-06
 Reference value :  5.10580e-06
 Reference value :  5.12708e-06
 Reference value :  5.14758e-06
 Reference value :  5.16774e-06
 Reference value :  5.18790e-06
 Reference value :  5.21030e-06
 Reference value :  5.22974e-06
 Reference value :  5.24990e-06
 Reference value :  5.27006e-06
 Reference value :  5.29246e-06
 Reference value :  5.31291e-06
 Reference value :  5.33307e-06
 Reference value :  5.35323e-06
 Reference value :  5.37339e-06
 Reference value :  5.39395e-06
 Reference value :  5.42083e-06
 Reference value :  5.45107e-06
 Reference value :  5.48389e-06
 Reference value :  5.51525e-06
 Reference value :  5.55109e-06
 Reference value :  5.58509e-06
 Reference value :  5.61981e-06
 Reference value :  5.65482e-06
 Reference value :  5.69066e-06
 Reference value :  5.72650e-06
 Reference value :  5.75938e-06
 Reference value :  5.79634e-06
 Reference value :  5.82916e-06
 Reference value :  5.86612e-06
 Reference value :  5.90420e-06
 Reference value :  5.93708e-06
 Reference value :  5.97404e-06
 Reference value :  6.01241e-06
 Reference value :  6.04489e-06
 Reference value :  6.08297e-06
 Reference value :  6.11585e-06
 Reference value :  6.15281e-06
 Reference value :  6.19124e-06
 Reference value :  6.22820e-06
 Reference value :  6.26331e-06
 Reference value :  6.30139e-06
 Reference value :  6.33947e-06
 Reference value :  6.37224e-06
 Reference value :  6.40920e-06
 Reference value :  6.44656e-06
 Reference value :  6.48240e-06
 Reference value :  6.51712e-06
 Reference value :  6.55219e-06
 Reference value :  6.58131e-06
 Reference value :  6.60483e-06
 Reference value :  6.62538e-06
 Reference value :  6.64666e-06
 Reference value :  6.66906e-06
 Reference value :  6.69370e-06
 Reference value :  6.71527e-06
No. of Data Rows : 6071
vhold_min           =  1.32000e+00 at=  8.96000e-11
tfirst              =  4.20027e-07
t1                  =  4.16939e-06
t2                  =  4.34370e-06
t3                  =  4.51802e-06
t4                  =  4.69233e-06
t5                  =  4.86665e-06
t6                  =  5.04096e-06
t7                  =  5.21528e-06
t8                  =  5.38959e-06
t9                  =  5.56391e-06
t10                 =  5.73822e-06
t11                 =  5.91254e-06
t12                 =  6.08685e-06
idd_run             =  -1.91885e-05 from=  4.03400e-06 to=  6.72300e-06
vmax                =  1.34703e+00 at=  6.43685e-06
vmin                =  -2.25593e-02 at=  6.52241e-06
Note: Simulation executed from .control section 
Warning: m=xx on .subckt line will override multiplier m hierarchy!

Note: Starting dynamic gmin stepping
Note: Dynamic gmin stepping completed
Note: Starting dynamic gmin stepping
Note: Dynamic gmin stepping completed
