
Note: No compatibility mode selected!


Circuit: * tt_analog_ring, code 0

Doing analysis at TEMP = -40.000000 and TNOM = 27.000000

Using SPARSE 1.3 as Direct Linear Solver
 Reference value :  0.00000e+00
No. of Data Rows : 1
idd_dis=8.5959E-06 vbp=0.847537 vbn=0.265101 clk_dis=1.2
Doing analysis at TEMP = -40.000000 and TNOM = 27.000000

Using SPARSE 1.3 as Direct Linear Solver

Initial Transient Solution
--------------------------

Node                                   Voltage
----                                   -------
vpwr                                       1.2
code[0]                                      0
code[1]                                      0
code[2]                                      0
code[3]                                      0
code[4]                                      0
code[5]                                      0
code[6]                                      0
code[7]                                      0
enable                                       0
xdut.vbp                              0.847537
xdut.vbn                              0.265101
xdut.n0                            4.02996e-07
xdut.p0                                1.19999
xdut.na0                               1.02114
xdut.s0                                1.19999
xdut.s10                               1.19999
xdut.n1                            6.84451e-06
xdut.p1                                    1.2
xdut.s1                            6.91831e-06
xdut.n2                            2.19694e-07
xdut.p2                                1.19999
xdut.s2                                1.19999
xdut.n3                            6.84449e-06
xdut.p3                                    1.2
xdut.s3                            6.91829e-06
xdut.n4                            2.19694e-07
xdut.p4                                1.19999
xdut.s4                                1.19999
xdut.n5                            6.84449e-06
xdut.p5                                    1.2
xdut.s5                            6.91829e-06
xdut.n6                            2.19694e-07
xdut.p6                                1.19999
xdut.s6                                1.19999
xdut.n7                            6.84449e-06
xdut.p7                                    1.2
xdut.s7                            6.91829e-06
xdut.n8                            2.19694e-07
xdut.p8                                1.19999
xdut.s8                                1.19999
xdut.n9                            6.84449e-06
xdut.p9                                    1.2
xdut.s9                            6.91829e-06
xdut.n10                           2.19694e-07
xdut.p10                               1.19999
xdut.b1                            1.90661e-07
clk_out                                    1.2
ven#branch                         1.49856e-11
vc7#branch                         1.20738e-11
vc6#branch                         6.03692e-12
vc5#branch                         3.01846e-12
vc4#branch                         1.50923e-12
vc3#branch                         7.54615e-13
vc2#branch                         3.77308e-13
vc1#branch                         1.88654e-13
vc0#branch                         9.43269e-14
vdd#branch                         -8.5959e-06

 Reference value :  0.00000e+00
 Reference value :  5.48651e-08
 Reference value :  1.26779e-07
 Reference value :  1.93431e-07
 Reference value :  2.67099e-07
 Reference value :  3.35505e-07
 Reference value :  4.05665e-07
 Reference value :  4.74071e-07
 Reference value :  5.26421e-07
 Reference value :  5.50987e-07
 Reference value :  5.80805e-07
 Reference value :  6.10623e-07
 Reference value :  6.37343e-07
 Reference value :  6.67161e-07
 Reference value :  6.96979e-07
 Reference value :  7.26648e-07
 Reference value :  7.56466e-07
 Reference value :  7.86284e-07
 Reference value :  8.13556e-07
 Reference value :  8.41620e-07
 Reference value :  8.69684e-07
 Reference value :  8.97285e-07
 Reference value :  9.25349e-07
 Reference value :  9.53413e-07
 Reference value :  9.80811e-07
 Reference value :  1.00888e-06
 Reference value :  1.03694e-06
 Reference value :  1.06460e-06
 Reference value :  1.09441e-06
 Reference value :  1.12072e-06
 Reference value :  1.14990e-06
 Reference value :  1.17972e-06
 Reference value :  1.20778e-06
 Reference value :  1.23543e-06
 Reference value :  1.26525e-06
 Reference value :  1.29332e-06
 Reference value :  1.32252e-06
 Reference value :  1.35058e-06
 Reference value :  1.37865e-06
 Reference value :  1.40456e-06
 Reference value :  1.43438e-06
 Reference value :  1.46245e-06
 Reference value :  1.48991e-06
 Reference value :  1.51973e-06
 Reference value :  1.54955e-06
 Reference value :  1.57920e-06
 Reference value :  1.60901e-06
 Reference value :  1.63708e-06
 Reference value :  1.66457e-06
 Reference value :  1.69439e-06
 Reference value :  1.72420e-06
 Reference value :  1.75187e-06
 Reference value :  1.77993e-06
 Reference value :  1.80799e-06
 Reference value :  1.83406e-06
 Reference value :  1.86534e-06
 Reference value :  1.89340e-06
 Reference value :  1.92322e-06
 Reference value :  1.95112e-06
 Reference value :  1.98094e-06
 Reference value :  2.00877e-06
 Reference value :  2.03829e-06
 Reference value :  2.06635e-06
 Reference value :  2.09442e-06
 Reference value :  2.12232e-06
 Reference value :  2.15038e-06
 Reference value :  2.17844e-06
 Reference value :  2.20600e-06
 Reference value :  2.23407e-06
 Reference value :  2.26213e-06
 Reference value :  2.29179e-06
 Reference value :  2.31985e-06
 Reference value :  2.34792e-06
 Reference value :  2.37550e-06
 Reference value :  2.40356e-06
 Reference value :  2.43163e-06
 Reference value :  2.45953e-06
 Reference value :  2.48584e-06
 Reference value :  2.51566e-06
 Reference value :  2.54327e-06
 Reference value :  2.57133e-06
 Reference value :  2.59939e-06
 Reference value :  2.62906e-06
 Reference value :  2.65712e-06
 Reference value :  2.68519e-06
 Reference value :  2.71456e-06
 Reference value :  2.74438e-06
 Reference value :  2.77245e-06
 Reference value :  2.80036e-06
 Reference value :  2.82842e-06
 Reference value :  2.85473e-06
 Reference value :  2.88262e-06
 Reference value :  2.91220e-06
 Reference value :  2.94202e-06
 Reference value :  2.97008e-06
 Reference value :  2.99800e-06
 Reference value :  3.02606e-06
 Reference value :  3.05367e-06
 Reference value :  3.08446e-06
 Reference value :  3.11252e-06
 Reference value :  3.14234e-06
 Reference value :  3.16797e-06
 Reference value :  3.19604e-06
 Reference value :  3.22586e-06
 Reference value :  3.25343e-06
 Reference value :  3.28150e-06
 Reference value :  3.30781e-06
 Reference value :  3.33572e-06
 Reference value :  3.36203e-06
 Reference value :  3.39010e-06
 Reference value :  3.42167e-06
 Reference value :  3.44973e-06
 Reference value :  3.47780e-06
 Reference value :  3.49934e-06
 Reference value :  3.52916e-06
 Reference value :  3.55722e-06
 Reference value :  3.58459e-06
 Reference value :  3.61265e-06
 Reference value :  3.64071e-06
 Reference value :  3.66702e-06
 Reference value :  3.69680e-06
 Reference value :  3.72486e-06
 Reference value :  3.75273e-06
 Reference value :  3.78405e-06
 Reference value :  3.81386e-06
 Reference value :  3.84193e-06
 Reference value :  3.86988e-06
 Reference value :  3.89795e-06
 Reference value :  3.92601e-06
 Reference value :  3.95743e-06
 Reference value :  3.98725e-06
 Reference value :  4.01532e-06
 Reference value :  4.04328e-06
 Reference value :  4.07134e-06
 Reference value :  4.10116e-06
 Reference value :  4.13098e-06
 Reference value :  4.16255e-06
 Reference value :  4.18966e-06
 Reference value :  4.21631e-06
 Reference value :  4.24437e-06
 Reference value :  4.27244e-06
 Reference value :  4.29984e-06
 Reference value :  4.32615e-06
 Reference value :  4.35597e-06
 Reference value :  4.38567e-06
 Reference value :  4.41374e-06
 Reference value :  4.44356e-06
 Reference value :  4.47323e-06
 Reference value :  4.50129e-06
 Reference value :  4.53111e-06
 Reference value :  4.56084e-06
 Reference value :  4.59066e-06
 Reference value :  4.62048e-06
 Reference value :  4.65019e-06
 Reference value :  4.67650e-06
 Reference value :  4.70456e-06
 Reference value :  4.73438e-06
 Reference value :  4.76244e-06
 Reference value :  4.79051e-06
 Reference value :  4.81434e-06
 Reference value :  4.84241e-06
 Reference value :  4.87047e-06
 Reference value :  4.89568e-06
 Reference value :  4.92374e-06
 Reference value :  4.95181e-06
 Reference value :  4.97692e-06
 Reference value :  5.00674e-06
 Reference value :  5.03656e-06
 Reference value :  5.06235e-06
 Reference value :  5.08952e-06
 Reference value :  5.11758e-06
 Reference value :  5.14720e-06
 Reference value :  5.17851e-06
 Reference value :  5.20657e-06
 Reference value :  5.23464e-06
 Reference value :  5.26266e-06
 Reference value :  5.29248e-06
 Reference value :  5.32054e-06
 Reference value :  5.35022e-06
 Reference value :  5.37653e-06
 Reference value :  5.40459e-06
 Reference value :  5.43259e-06
 Reference value :  5.46065e-06
 Reference value :  5.48871e-06
 Reference value :  5.51668e-06
 Reference value :  5.54475e-06
 Reference value :  5.57281e-06
 Reference value :  5.59849e-06
 Reference value :  5.62655e-06
 Reference value :  5.65286e-06
 Reference value :  5.67314e-06
 Reference value :  5.70296e-06
 Reference value :  5.73102e-06
 Reference value :  5.75689e-06
 Reference value :  5.78223e-06
 Reference value :  5.81030e-06
 Reference value :  5.84011e-06
 Reference value :  5.86774e-06
 Reference value :  5.89756e-06
 Reference value :  5.92563e-06
 Reference value :  5.95360e-06
 Reference value :  5.97991e-06
 Reference value :  6.00798e-06
 Reference value :  6.03137e-06
 Reference value :  6.06119e-06
 Reference value :  6.08925e-06
 Reference value :  6.11067e-06
 Reference value :  6.13698e-06
 Reference value :  6.16329e-06
 Reference value :  6.19136e-06
 Reference value :  6.21845e-06
 Reference value :  6.24651e-06
 Reference value :  6.27458e-06
 Reference value :  6.30262e-06
 Reference value :  6.33068e-06
 Reference value :  6.35875e-06
 Reference value :  6.38842e-06
 Reference value :  6.41649e-06
 Reference value :  6.44630e-06
 Reference value :  6.47431e-06
 Reference value :  6.50062e-06
 Reference value :  6.52869e-06
 Reference value :  6.55843e-06
 Reference value :  6.58649e-06
 Reference value :  6.61455e-06
 Reference value :  6.64262e-06
 Reference value :  6.67068e-06
 Reference value :  6.69875e-06
 Reference value :  6.72236e-06
 Reference value :  6.75218e-06
 Reference value :  6.78024e-06
 Reference value :  6.80539e-06
 Reference value :  6.83135e-06
 Reference value :  6.85941e-06
 Reference value :  6.88923e-06
 Reference value :  6.91628e-06
 Reference value :  6.94610e-06
 Reference value :  6.97592e-06
 Reference value :  7.00385e-06
 Reference value :  7.03191e-06
 Reference value :  7.06173e-06
 Reference value :  7.08969e-06
 Reference value :  7.11775e-06
 Reference value :  7.14582e-06
 Reference value :  7.17384e-06
 Reference value :  7.20190e-06
 Reference value :  7.22997e-06
 Reference value :  7.25528e-06
 Reference value :  7.28334e-06
 Reference value :  7.31141e-06
 Reference value :  7.33263e-06
 Reference value :  7.36069e-06
 Reference value :  7.38875e-06
 Reference value :  7.41420e-06
 Reference value :  7.44399e-06
 Reference value :  7.47206e-06
 Reference value :  7.50187e-06
 Reference value :  7.52994e-06
 Reference value :  7.55800e-06
 Reference value :  7.58607e-06
 Reference value :  7.61750e-06
 Reference value :  7.64556e-06
 Reference value :  7.67538e-06
 Reference value :  7.70341e-06
 Reference value :  7.72972e-06
 Reference value :  7.75778e-06
 Reference value :  7.78579e-06
 Reference value :  7.81385e-06
 Reference value :  7.84367e-06
 Reference value :  7.87032e-06
 Reference value :  7.90014e-06
 Reference value :  7.92996e-06
 Reference value :  7.95749e-06
 Reference value :  7.98556e-06
 Reference value :  8.01362e-06
 Reference value :  8.04161e-06
 Reference value :  8.06792e-06
 Reference value :  8.09423e-06
 Reference value :  8.12577e-06
 Reference value :  8.15208e-06
 Reference value :  8.17839e-06
 Reference value :  8.20157e-06
 Reference value :  8.22957e-06
 Reference value :  8.25588e-06
 Reference value :  8.28394e-06
 Reference value :  8.31310e-06
 Reference value :  8.34292e-06
 Reference value :  8.37274e-06
 Reference value :  8.40069e-06
 Reference value :  8.42875e-06
 Reference value :  8.45682e-06
 Reference value :  8.47985e-06
 Reference value :  8.50792e-06
 Reference value :  8.53598e-06
 Reference value :  8.55745e-06
 Reference value :  8.58551e-06
 Reference value :  8.61357e-06
 Reference value :  8.64085e-06
 Reference value :  8.66891e-06
 Reference value :  8.69697e-06
 Reference value :  8.72326e-06
 Reference value :  8.75132e-06
 Reference value :  8.77939e-06
 Reference value :  8.80745e-06
 Reference value :  8.83718e-06
 Reference value :  8.86699e-06
 Reference value :  8.89506e-06
 Reference value :  8.92311e-06
 Reference value :  8.95117e-06
 Reference value :  8.97924e-06
 Reference value :  9.00905e-06
 Reference value :  9.03712e-06
 Reference value :  9.06518e-06
 Reference value :  9.08716e-06
 Reference value :  9.11347e-06
 Reference value :  9.13978e-06
 Reference value :  9.16722e-06
 Reference value :  9.19528e-06
 Reference value :  9.22334e-06
 Reference value :  9.25313e-06
 Reference value :  9.28119e-06
 Reference value :  9.31101e-06
 Reference value :  9.34076e-06
 Reference value :  9.36883e-06
 Reference value :  9.39689e-06
 Reference value :  9.42671e-06
 Reference value :  9.45477e-06
 Reference value :  9.48108e-06
 Reference value :  9.50478e-06
 Reference value :  9.53396e-06
 Reference value :  9.56202e-06
 Reference value :  9.59009e-06
 Reference value :  9.60969e-06
 Reference value :  9.63600e-06
 Reference value :  9.66407e-06
 Reference value :  9.69318e-06
 Reference value :  9.72124e-06
 Reference value :  9.74755e-06
 Reference value :  9.77562e-06
 Reference value :  9.80368e-06
 Reference value :  9.83350e-06
 Reference value :  9.86149e-06
 Reference value :  9.89131e-06
 Reference value :  9.91937e-06
 Reference value :  9.94743e-06
 Reference value :  9.97550e-06
 Reference value :  1.00018e-05
 Reference value :  1.00292e-05
 Reference value :  1.00590e-05
 Reference value :  1.00889e-05
 Reference value :  1.01169e-05
 Reference value :  1.01466e-05
 Reference value :  1.01729e-05
 Reference value :  1.01987e-05
 Reference value :  1.02223e-05
 Reference value :  1.02504e-05
 Reference value :  1.02802e-05
 Reference value :  1.03075e-05
 Reference value :  1.03338e-05
 Reference value :  1.03619e-05
 Reference value :  1.03916e-05
 Reference value :  1.04197e-05
 Reference value :  1.04477e-05
 Reference value :  1.04727e-05
 Reference value :  1.05007e-05
 Reference value :  1.05300e-05
No. of Data Rows : 6074
vhold_min           =  1.20000e+00 at=  1.12256e-09
tfirst              =  6.11508e-07
t1                  =  6.45423e-06
t2                  =  6.62888e-06
t3                  =  6.80232e-06
t4                  =  6.97684e-06
t5                  =  7.15198e-06
t6                  =  7.32615e-06
t7                  =  7.49947e-06
t8                  =  7.67454e-06
t9                  =  7.84842e-06
t10                 =  8.02330e-06
t11                 =  8.19692e-06
t12                 =  8.37188e-06
idd_run             =  -9.85612e-06 from=  6.31600e-06 to=  1.05300e-05
vmax                =  1.22193e+00 at=  9.41969e-06
vmin                =  -1.77311e-02 at=  9.33031e-06
Note: Simulation executed from .control section 
Note: Starting dynamic gmin stepping
Note: Dynamic gmin stepping completed
Note: Starting dynamic gmin stepping
Note: Dynamic gmin stepping completed
