
Note: No compatibility mode selected!


Circuit: * output buffer into 15 ff

Doing analysis at TEMP = 125.000000 and TNOM = 27.000000

Using SPARSE 1.3 as Direct Linear Solver

Initial Transient Solution
--------------------------

Node                                   Voltage
----                                   -------
vpwr                                       1.2
s10                                          0
b1                                     1.19999
clk_out                            2.09381e-05
vin#branch                         3.99382e-11
vdd#branch                        -2.72455e-08

 Reference value :  6.21000e-10
 Reference value :  1.94500e-09
 Reference value :  3.32300e-09
 Reference value :  4.70900e-09
 Reference value :  6.03300e-09
 Reference value :  7.35700e-09
 Reference value :  8.66900e-09
 Reference value :  9.99300e-09
 Reference value :  1.13150e-08
 Reference value :  1.26290e-08
 Reference value :  1.39570e-08
 Reference value :  1.53470e-08
 Reference value :  1.67330e-08
 Reference value :  1.80610e-08
No. of Data Rows : 9115
vmax                =  1.22618e+00 at=  1.38510e-08
vmin                =  -1.97512e-02 at=  1.23410e-08
tr2                 =  9.36491e-09
tr8                 =  9.40857e-09
tf8                 =  1.08764e-08
tf2                 =  1.09233e-08
trise=4.3657E-11 tfall=4.688E-11
tin_r               =  9.28600e-09
tout_r              =  9.38515e-09
tpd=9.9155E-11
Note: Simulation executed from .control section 
