
Note: No compatibility mode selected!


Circuit: * stage delay at code 16

Doing analysis at TEMP = 125.000000 and TNOM = 27.000000

Using SPARSE 1.3 as Direct Linear Solver

Initial Transient Solution
--------------------------

Node                                   Voltage
----                                   -------
vpwr                                      1.08
code[0]                                      0
code[1]                                      0
code[2]                                      0
code[3]                                      0
code[4]                                   1.08
code[5]                                      0
code[6]                                      0
code[7]                                      0
vbp                                   0.760804
vbn                                    0.21359
a                                            0
xdrv.net1                              1.07985
b                                      1.07985
xdrv.net2                           0.00013459
xdut.net1                              1.07944
y                                  0.000558335
xdut.net2                          0.000535008
xload.net1                             1.07985
z                                      1.07984
xload.net2                         0.000136115
xload2.net1                            1.07944
zz                                 0.000556208
xload2.net2                        0.000532969
vin#branch                         2.76926e-11
vc7#branch                         1.11745e-10
vc6#branch                          5.5832e-11
vc5#branch                         2.78754e-11
vc4#branch                        -2.80866e-08
vc3#branch                         6.90792e-12
vc2#branch                         3.41335e-12
vc1#branch                         1.66606e-12
vc0#branch                         7.92417e-13
vdd#branch                        -3.62302e-05

 Reference value :  2.60919e-09
 Reference value :  1.15793e-08
 Reference value :  1.79766e-08
 Reference value :  2.52665e-08
 Reference value :  3.41825e-08
 Reference value :  4.21186e-08
 Reference value :  4.81077e-08
 Reference value :  5.65629e-08
 Reference value :  6.55059e-08
 Reference value :  7.19869e-08
 Reference value :  7.92768e-08
 Reference value :  8.81385e-08
 Reference value :  9.61288e-08
 Reference value :  1.02145e-07
 Reference value :  1.10573e-07
 Reference value :  1.19489e-07
 Reference value :  1.26106e-07
 Reference value :  1.33314e-07
 Reference value :  1.42284e-07
 Reference value :  1.50302e-07
 Reference value :  1.56372e-07
No. of Data Rows : 6044
tin_f               =  6.87145e-08
tout_r              =  7.02228e-08
tin_r               =  9.61928e-08
tout_f              =  9.78617e-08
tplh=1.5083E-09 tphl=1.66893E-09
t40r                =  6.98911e-08
t60r                =  7.07129e-08
t60f                =  9.76540e-08
t40f                =  9.81031e-08
sr_r=2.62838E+08 sr_f=-4.80951E+08
tr                  =  6.93607e-08
tr8                 =  7.17381e-08
tf                  =  9.71180e-08
tf2                 =  9.88796e-08
trise=2.37743E-09 tfall=1.76157E-09
Note: Simulation executed from .control section 
