
Note: No compatibility mode selected!


Circuit: * nand as inverter: a=1, pulse b

Doing analysis at TEMP = 27.000000 and TNOM = 27.000000

Using SPARSE 1.3 as Direct Linear Solver

Initial Transient Solution
--------------------------

Node                                   Voltage
----                                   -------
vpwr                                      1.32
code[0]                                      0
code[1]                                      0
code[2]                                      0
code[3]                                      0
code[4]                                   1.32
code[5]                                      0
code[6]                                      0
code[7]                                      0
vbp                                   0.891934
vbn                                   0.317109
a                                         1.32
p                                            0
xdrv.net1                              1.31999
b                                      1.31999
xdrv.net2                          1.88452e-06
xnand.net1                             1.31997
y                                  3.52533e-05
xnand.net2                          3.4499e-05
xnand.net3                         3.36259e-05
xload.net1                             1.31999
z                                      1.31999
xload.net2                         1.88625e-06
xload2.net1                            1.31999
zz                                 1.39779e-05
xload2.net2                        1.32931e-05
vin#branch                         3.34754e-11
va#branch                         -1.14298e-10
vc7#branch                         3.26874e-11
vc6#branch                         1.63418e-11
vc5#branch                         8.16907e-12
vc4#branch                        -4.44702e-08
vc3#branch                          2.0395e-12
vc2#branch                          1.0179e-12
vc1#branch                         5.07107e-13
vc0#branch                         2.51708e-13
vdd#branch                        -7.12298e-05

 Reference value :  4.95388e-10
 Reference value :  8.57119e-09
 Reference value :  1.55647e-08
 Reference value :  2.21229e-08
 Reference value :  3.04968e-08
 Reference value :  3.86540e-08
 Reference value :  4.47473e-08
 Reference value :  5.25250e-08
 Reference value :  6.10344e-08
 Reference value :  6.85994e-08
 Reference value :  7.46427e-08
 Reference value :  8.31792e-08
 Reference value :  9.14718e-08
 Reference value :  9.80258e-08
 Reference value :  1.05126e-07
 Reference value :  1.13446e-07
 Reference value :  1.21711e-07
 Reference value :  1.27081e-07
 Reference value :  1.35184e-07
 Reference value :  1.43368e-07
 Reference value :  1.50573e-07
 Reference value :  1.56806e-07
No. of Data Rows : 6044
tin_f               =  6.85803e-08
tout_r              =  6.98543e-08
tin_r               =  9.58847e-08
tout_f              =  9.68750e-08
tplh=1.27395E-09 tphl=9.9031E-10
Note: Simulation executed from .control section 
Note: Starting dynamic gmin stepping
Note: Dynamic gmin stepping completed
