
Note: No compatibility mode selected!


Circuit: * stage noise at its trip point, code 0

Doing analysis at TEMP = 27.000000 and TNOM = 27.000000

Using SPARSE 1.3 as Direct Linear Solver
 Reference value :  2.92000e-01
 Reference value :  6.64000e-01
 Reference value :  1.09600e+00
No. of Data Rows : 1201
vtrip               =  6.10246e-01
ylo                 =  6.94757e-01
yhi                 =  5.15645e-01
vtrip=0.610246 gain=-17.9112
Doing analysis at TEMP = 27.000000 and TNOM = 27.000000

Using SPARSE 1.3 as Direct Linear Solver

No. of Data Rows : 1
vy_op=0.599963
Doing analysis at TEMP = 27.000000 and TNOM = 27.000000

Using SPARSE 1.3 as Direct Linear Solver

No. of Data Rows : 161

No. of Data Rows : 1
onoise_tot=0.0488813 inoise_tot=0.0179106
Note: Simulation executed from .control section 
