
Note: No compatibility mode selected!


Circuit: * tt_analog_ring, code 255

Doing analysis at TEMP = 125.000000 and TNOM = 27.000000

Using SPARSE 1.3 as Direct Linear Solver
 Reference value :  0.00000e+00
No. of Data Rows : 1
idd_dis=0.000528315 vbp=0.609268 vbn=0.557232 clk_dis=1.32
Doing analysis at TEMP = 125.000000 and TNOM = 27.000000

Using SPARSE 1.3 as Direct Linear Solver

Initial Transient Solution
--------------------------

Node                                   Voltage
----                                   -------
vpwr                                      1.32
code[0]                                   1.32
code[1]                                   1.32
code[2]                                   1.32
code[3]                                   1.32
code[4]                                   1.32
code[5]                                   1.32
code[6]                                   1.32
code[7]                                   1.32
enable                                       0
xdut.vbp                              0.609268
xdut.vbn                              0.557232
xdut.n0                            1.14917e-05
xdut.p0                                1.31999
xdut.na0                               1.12507
xdut.s0                                1.31998
xdut.s10                               1.31999
xdut.n1                            2.14092e-05
xdut.p1                                1.31998
xdut.s1                            2.53309e-05
xdut.n2                            5.68981e-06
xdut.p2                                1.31999
xdut.s2                                1.31999
xdut.n3                            2.14061e-05
xdut.p3                                1.31998
xdut.s3                            2.53272e-05
xdut.n4                            5.68981e-06
xdut.p4                                1.31999
xdut.s4                                1.31999
xdut.n5                            2.14061e-05
xdut.p5                                1.31998
xdut.s5                            2.53272e-05
xdut.n6                            5.68981e-06
xdut.p6                                1.31999
xdut.s6                                1.31999
xdut.n7                            2.14061e-05
xdut.p7                                1.31998
xdut.s7                            2.53272e-05
xdut.n8                            5.68981e-06
xdut.p8                                1.31999
xdut.s8                                1.31999
xdut.n9                            2.14061e-05
xdut.p9                                1.31998
xdut.s9                            2.53272e-05
xdut.n10                           5.68981e-06
xdut.p10                               1.31999
xdut.b1                            4.07839e-06
clk_out                                   1.32
ven#branch                         1.70026e-11
vc7#branch                        -1.82792e-07
vc6#branch                        -9.13962e-08
vc5#branch                        -4.56981e-08
vc4#branch                        -2.28491e-08
vc3#branch                        -1.14245e-08
vc2#branch                        -5.71226e-09
vc1#branch                        -2.85613e-09
vc0#branch                        -1.42807e-09
vdd#branch                        -0.000528315

 Reference value :  0.00000e+00
 Reference value :  6.08022e-10
 Reference value :  1.29074e-09
 Reference value :  1.97346e-09
 Reference value :  2.63610e-09
 Reference value :  3.31882e-09
 Reference value :  4.00154e-09
 Reference value :  4.70434e-09
 Reference value :  5.36698e-09
 Reference value :  6.02400e-09
 Reference value :  6.35492e-09
 Reference value :  6.73644e-09
 Reference value :  7.13804e-09
 Reference value :  7.51956e-09
 Reference value :  8.00148e-09
 Reference value :  8.38300e-09
 Reference value :  8.78460e-09
 Reference value :  9.20628e-09
 Reference value :  9.62796e-09
 Reference value :  1.00296e-08
 Reference value :  1.04512e-08
 Reference value :  1.08328e-08
 Reference value :  1.12946e-08
 Reference value :  1.16962e-08
 Reference value :  1.20777e-08
 Reference value :  1.24793e-08
 Reference value :  1.29010e-08
 Reference value :  1.32825e-08
 Reference value :  1.36841e-08
 Reference value :  1.40656e-08
 Reference value :  1.45275e-08
 Reference value :  1.49291e-08
 Reference value :  1.53106e-08
 Reference value :  1.56921e-08
 Reference value :  1.61540e-08
 Reference value :  1.65355e-08
 Reference value :  1.69371e-08
 Reference value :  1.73186e-08
 Reference value :  1.77804e-08
 Reference value :  1.81820e-08
 Reference value :  1.85836e-08
 Reference value :  1.89652e-08
 Reference value :  1.94069e-08
 Reference value :  1.98286e-08
 Reference value :  2.02302e-08
 Reference value :  2.06519e-08
 Reference value :  2.11338e-08
 Reference value :  2.15555e-08
 Reference value :  2.19772e-08
 Reference value :  2.23788e-08
 Reference value :  2.28205e-08
 Reference value :  2.32422e-08
 Reference value :  2.36237e-08
 Reference value :  2.40454e-08
 Reference value :  2.45072e-08
 Reference value :  2.49088e-08
 Reference value :  2.53104e-08
 Reference value :  2.57321e-08
 Reference value :  2.61940e-08
 Reference value :  2.65956e-08
 Reference value :  2.70172e-08
 Reference value :  2.74590e-08
 Reference value :  2.78807e-08
 Reference value :  2.82823e-08
 Reference value :  2.86839e-08
 Reference value :  2.91056e-08
 Reference value :  2.95272e-08
 Reference value :  2.99088e-08
 Reference value :  3.03104e-08
 Reference value :  3.07320e-08
 Reference value :  3.11537e-08
 Reference value :  3.15352e-08
 Reference value :  3.19168e-08
 Reference value :  3.23384e-08
 Reference value :  3.27802e-08
 Reference value :  3.31818e-08
 Reference value :  3.35834e-08
 Reference value :  3.40051e-08
 Reference value :  3.44067e-08
 Reference value :  3.48083e-08
 Reference value :  3.51898e-08
 Reference value :  3.55914e-08
 Reference value :  3.60131e-08
 Reference value :  3.64147e-08
 Reference value :  3.68163e-08
 Reference value :  3.72179e-08
 Reference value :  3.76596e-08
 Reference value :  3.80612e-08
 Reference value :  3.84628e-08
 Reference value :  3.88644e-08
 Reference value :  3.93263e-08
 Reference value :  3.97078e-08
 Reference value :  4.01094e-08
 Reference value :  4.05512e-08
 Reference value :  4.09728e-08
 Reference value :  4.13945e-08
 Reference value :  4.17760e-08
 Reference value :  4.21776e-08
 Reference value :  4.26194e-08
 Reference value :  4.30210e-08
 Reference value :  4.34025e-08
 Reference value :  4.38443e-08
 Reference value :  4.42660e-08
 Reference value :  4.46676e-08
 Reference value :  4.50692e-08
 Reference value :  4.55109e-08
 Reference value :  4.59326e-08
 Reference value :  4.63141e-08
 Reference value :  4.67157e-08
 Reference value :  4.71575e-08
 Reference value :  4.75992e-08
 Reference value :  4.80209e-08
 Reference value :  4.84426e-08
 Reference value :  4.88844e-08
 Reference value :  4.92860e-08
 Reference value :  4.97076e-08
 Reference value :  5.01092e-08
 Reference value :  5.05912e-08
 Reference value :  5.09928e-08
 Reference value :  5.13944e-08
 Reference value :  5.17960e-08
 Reference value :  5.22578e-08
 Reference value :  5.26594e-08
 Reference value :  5.30610e-08
 Reference value :  5.34626e-08
 Reference value :  5.39244e-08
 Reference value :  5.43060e-08
 Reference value :  5.46875e-08
 Reference value :  5.50891e-08
 Reference value :  5.54907e-08
 Reference value :  5.58923e-08
 Reference value :  5.62939e-08
 Reference value :  5.66955e-08
 Reference value :  5.71573e-08
 Reference value :  5.75589e-08
 Reference value :  5.79404e-08
 Reference value :  5.83220e-08
 Reference value :  5.87637e-08
 Reference value :  5.91653e-08
 Reference value :  5.95468e-08
 Reference value :  5.99284e-08
 Reference value :  6.03902e-08
 Reference value :  6.07918e-08
 Reference value :  6.11934e-08
 Reference value :  6.15749e-08
 Reference value :  6.19765e-08
 Reference value :  6.23580e-08
 Reference value :  6.27396e-08
 Reference value :  6.31211e-08
 Reference value :  6.35628e-08
 Reference value :  6.39845e-08
 Reference value :  6.43861e-08
 Reference value :  6.48078e-08
 Reference value :  6.52496e-08
 Reference value :  6.56712e-08
 Reference value :  6.60728e-08
 Reference value :  6.64343e-08
 Reference value :  6.68560e-08
 Reference value :  6.72576e-08
 Reference value :  6.76792e-08
 Reference value :  6.80808e-08
 Reference value :  6.85226e-08
 Reference value :  6.89242e-08
 Reference value :  6.93258e-08
 Reference value :  6.97073e-08
 Reference value :  7.01290e-08
 Reference value :  7.05105e-08
 Reference value :  7.09121e-08
 Reference value :  7.12736e-08
 Reference value :  7.16952e-08
 Reference value :  7.21370e-08
 Reference value :  7.25386e-08
 Reference value :  7.29402e-08
 Reference value :  7.34020e-08
 Reference value :  7.38036e-08
 Reference value :  7.42052e-08
 Reference value :  7.45667e-08
 Reference value :  7.49683e-08
 Reference value :  7.54100e-08
 Reference value :  7.58317e-08
 Reference value :  7.62534e-08
 Reference value :  7.67353e-08
 Reference value :  7.71369e-08
 Reference value :  7.75385e-08
 Reference value :  7.79000e-08
 Reference value :  7.83216e-08
 Reference value :  7.87032e-08
 Reference value :  7.90646e-08
 Reference value :  7.94662e-08
 Reference value :  7.98678e-08
 Reference value :  8.02895e-08
 Reference value :  8.06911e-08
 Reference value :  8.10927e-08
 Reference value :  8.14943e-08
 Reference value :  8.19561e-08
 Reference value :  8.23376e-08
 Reference value :  8.27392e-08
 Reference value :  8.31810e-08
 Reference value :  8.36228e-08
 Reference value :  8.40444e-08
 Reference value :  8.44460e-08
 Reference value :  8.48878e-08
 Reference value :  8.53095e-08
 Reference value :  8.57512e-08
 Reference value :  8.61528e-08
 Reference value :  8.66147e-08
 Reference value :  8.70364e-08
 Reference value :  8.74380e-08
 Reference value :  8.78396e-08
 Reference value :  8.83014e-08
 Reference value :  8.87231e-08
 Reference value :  8.91247e-08
 Reference value :  8.95062e-08
 Reference value :  8.99480e-08
 Reference value :  9.03496e-08
 Reference value :  9.07311e-08
 Reference value :  9.11327e-08
 Reference value :  9.15544e-08
 Reference value :  9.19359e-08
 Reference value :  9.23375e-08
 Reference value :  9.27391e-08
 Reference value :  9.32009e-08
 Reference value :  9.36025e-08
 Reference value :  9.40041e-08
 Reference value :  9.44057e-08
 Reference value :  9.48475e-08
 Reference value :  9.52290e-08
 Reference value :  9.56306e-08
 Reference value :  9.60322e-08
 Reference value :  9.65141e-08
 Reference value :  9.69157e-08
 Reference value :  9.72972e-08
 Reference value :  9.76788e-08
 Reference value :  9.81004e-08
 Reference value :  9.85020e-08
 Reference value :  9.89237e-08
 Reference value :  9.93454e-08
 Reference value :  9.98072e-08
 Reference value :  1.00229e-07
 Reference value :  1.00631e-07
 Reference value :  1.01052e-07
 Reference value :  1.01494e-07
 Reference value :  1.01896e-07
 Reference value :  1.02257e-07
 Reference value :  1.02659e-07
 Reference value :  1.03120e-07
 Reference value :  1.03522e-07
 Reference value :  1.03944e-07
 Reference value :  1.04345e-07
 Reference value :  1.04787e-07
 Reference value :  1.05209e-07
 Reference value :  1.05630e-07
 Reference value :  1.06072e-07
 Reference value :  1.06514e-07
 Reference value :  1.06956e-07
 Reference value :  1.07337e-07
 Reference value :  1.07739e-07
 Reference value :  1.08181e-07
 Reference value :  1.08582e-07
 Reference value :  1.08984e-07
 Reference value :  1.09446e-07
 Reference value :  1.09867e-07
 Reference value :  1.10289e-07
 Reference value :  1.10671e-07
 Reference value :  1.11112e-07
 Reference value :  1.11534e-07
 Reference value :  1.11936e-07
 Reference value :  1.12337e-07
 Reference value :  1.12819e-07
 Reference value :  1.13241e-07
 Reference value :  1.13642e-07
 Reference value :  1.14044e-07
 Reference value :  1.14486e-07
 Reference value :  1.14887e-07
 Reference value :  1.15289e-07
 Reference value :  1.15670e-07
 Reference value :  1.16112e-07
 Reference value :  1.16514e-07
 Reference value :  1.16895e-07
 Reference value :  1.17277e-07
 Reference value :  1.17678e-07
 Reference value :  1.18080e-07
 Reference value :  1.18462e-07
 Reference value :  1.18823e-07
 Reference value :  1.19265e-07
 Reference value :  1.19666e-07
 Reference value :  1.20068e-07
 Reference value :  1.20449e-07
No. of Data Rows : 6015
vhold_min           =  1.32000e+00 at=  8.59424e-11
tfirst              =  7.97207e-09
t1                  =  7.51520e-08
t2                  =  7.84287e-08
t3                  =  8.17055e-08
t4                  =  8.49823e-08
t5                  =  8.82592e-08
t6                  =  9.15361e-08
t7                  =  9.48129e-08
t8                  =  9.80896e-08
t9                  =  1.01366e-07
t10                 =  1.04643e-07
t11                 =  1.07920e-07
t12                 =  1.11197e-07
idd_run             =  -5.53806e-04 from=  7.22900e-08 to=  1.20500e-07
vmax                =  1.33091e+00 at=  7.33820e-08
vmin                =  -6.71783e-03 at=  8.15746e-08
Note: Simulation executed from .control section 
Note: Starting dynamic gmin stepping
Note: Dynamic gmin stepping completed
Note: Starting dynamic gmin stepping
Note: Dynamic gmin stepping completed
