
Note: No compatibility mode selected!


Circuit: * stage delay at code 16

Doing analysis at TEMP = -40.000000 and TNOM = 27.000000

Using SPARSE 1.3 as Direct Linear Solver

Initial Transient Solution
--------------------------

Node                                   Voltage
----                                   -------
vpwr                                      1.08
code[0]                                      0
code[1]                                      0
code[2]                                      0
code[3]                                      0
code[4]                                   1.08
code[5]                                      0
code[6]                                      0
code[7]                                      0
vbp                                   0.629574
vbn                                     0.4139
a                                            0
xdrv.net1                                 1.08
b                                         1.08
xdrv.net2                          4.83059e-09
xdut.net1                                 1.08
y                                   5.5532e-07
xdut.net2                          5.25915e-07
xload.net1                                1.08
z                                         1.08
xload.net2                          4.8306e-09
xload2.net1                               1.08
zz                                 2.58234e-07
xload2.net2                        2.45307e-07
vin#branch                         5.66216e-12
vc7#branch                         5.26377e-13
vc6#branch                         2.63188e-13
vc5#branch                         1.31593e-13
vc4#branch                        -1.42139e-09
vc3#branch                         3.28972e-14
vc2#branch                         1.64479e-14
vc1#branch                         8.22324e-15
vc0#branch                          4.1109e-15
vdd#branch                        -4.70293e-05

 Reference value :  2.58209e-09
 Reference value :  1.14980e-08
 Reference value :  1.82205e-08
 Reference value :  2.64047e-08
 Reference value :  3.53478e-08
 Reference value :  4.29045e-08
 Reference value :  4.98692e-08
 Reference value :  5.87580e-08
 Reference value :  6.73216e-08
 Reference value :  7.30438e-08
 Reference value :  8.13364e-08
 Reference value :  8.98187e-08
 Reference value :  9.70231e-08
 Reference value :  1.03581e-07
 Reference value :  1.12091e-07
 Reference value :  1.20654e-07
 Reference value :  1.26621e-07
 Reference value :  1.34588e-07
 Reference value :  1.43233e-07
 Reference value :  1.50762e-07
 Reference value :  1.57348e-07
No. of Data Rows : 6044
tin_f               =  6.87811e-08
tout_r              =  6.96712e-08
tin_r               =  9.59088e-08
tout_f              =  9.72098e-08
tplh=8.9015E-10 tphl=1.30102E-09
t40r                =  6.94714e-08
t60r                =  6.98825e-08
t60f                =  9.69976e-08
t40f                =  9.74108e-08
sr_r=5.25368E+08 sr_f=-5.22661E+08
tr                  =  6.90861e-08
tr8                 =  7.07549e-08
tf                  =  9.65736e-08
tf2                 =  9.80720e-08
trise=1.66888E-09 tfall=1.49839E-09
Note: Simulation executed from .control section 
