
Note: No compatibility mode selected!


Circuit: * tt_analog_ring, code 32

Doing analysis at TEMP = 27.000000 and TNOM = 27.000000

Using SPARSE 1.3 as Direct Linear Solver
 Reference value :  0.00000e+00
No. of Data Rows : 1
idd_dis=0.000110533 vbp=0.735378 vbn=0.346253 clk_dis=1.2
Doing analysis at TEMP = 27.000000 and TNOM = 27.000000

Using SPARSE 1.3 as Direct Linear Solver

Initial Transient Solution
--------------------------

Node                                   Voltage
----                                   -------
vpwr                                       1.2
code[0]                                      0
code[1]                                      0
code[2]                                      0
code[3]                                      0
code[4]                                      0
code[5]                                    1.2
code[6]                                      0
code[7]                                      0
enable                                       0
xdut.vbp                              0.735378
xdut.vbn                              0.346253
xdut.n0                            2.44022e-06
xdut.p0                                    1.2
xdut.na0                               1.03091
xdut.s0                                    1.2
xdut.s10                                   1.2
xdut.n1                            9.31039e-06
xdut.p1                                1.19999
xdut.s1                            1.00408e-05
xdut.n2                            1.33986e-06
xdut.p2                                    1.2
xdut.s2                                    1.2
xdut.n3                            9.31012e-06
xdut.p3                                1.19999
xdut.s3                            1.00405e-05
xdut.n4                            1.33986e-06
xdut.p4                                    1.2
xdut.s4                                    1.2
xdut.n5                            9.31012e-06
xdut.p5                                1.19999
xdut.s5                            1.00405e-05
xdut.n6                            1.33986e-06
xdut.p6                                    1.2
xdut.s6                                    1.2
xdut.n7                            9.31012e-06
xdut.p7                                1.19999
xdut.s7                            1.00405e-05
xdut.n8                            1.33986e-06
xdut.p8                                    1.2
xdut.s8                                    1.2
xdut.n9                            9.31012e-06
xdut.p9                                1.19999
xdut.s9                            1.00405e-05
xdut.n10                           1.33986e-06
xdut.p10                                   1.2
xdut.b1                            9.31687e-07
clk_out                                    1.2
ven#branch                         2.39883e-11
vc7#branch                         1.82236e-11
vc6#branch                         9.11181e-12
vc5#branch                        -4.72938e-08
vc4#branch                         2.27795e-12
vc3#branch                         1.13898e-12
vc2#branch                         5.69488e-13
vc1#branch                         2.84744e-13
vc0#branch                         1.42372e-13
vdd#branch                        -0.000110533

 Reference value :  0.00000e+00
 Reference value :  3.23881e-09
 Reference value :  7.03429e-09
 Reference value :  1.08298e-08
 Reference value :  1.47226e-08
 Reference value :  1.85180e-08
 Reference value :  2.23135e-08
 Reference value :  2.60117e-08
 Reference value :  2.92646e-08
 Reference value :  3.10606e-08
 Reference value :  3.30070e-08
 Reference value :  3.50508e-08
 Reference value :  3.69690e-08
 Reference value :  3.90127e-08
 Reference value :  4.10564e-08
 Reference value :  4.30028e-08
 Reference value :  4.49492e-08
 Reference value :  4.68956e-08
 Reference value :  4.89393e-08
 Reference value :  5.07463e-08
 Reference value :  5.26927e-08
 Reference value :  5.47364e-08
 Reference value :  5.66828e-08
 Reference value :  5.86292e-08
 Reference value :  6.04783e-08
 Reference value :  6.25220e-08
 Reference value :  6.44358e-08
 Reference value :  6.64795e-08
 Reference value :  6.85233e-08
 Reference value :  7.04697e-08
 Reference value :  7.24161e-08
 Reference value :  7.43625e-08
 Reference value :  7.63888e-08
 Reference value :  7.84136e-08
 Reference value :  8.04573e-08
 Reference value :  8.25010e-08
 Reference value :  8.44474e-08
 Reference value :  8.64912e-08
 Reference value :  8.84376e-08
 Reference value :  9.03416e-08
 Reference value :  9.22880e-08
 Reference value :  9.42344e-08
 Reference value :  9.61808e-08
 Reference value :  9.82246e-08
 Reference value :  1.00268e-07
 Reference value :  1.02409e-07
 Reference value :  1.04079e-07
 Reference value :  1.06025e-07
 Reference value :  1.07972e-07
 Reference value :  1.09918e-07
 Reference value :  1.11864e-07
 Reference value :  1.13811e-07
 Reference value :  1.15757e-07
 Reference value :  1.17445e-07
 Reference value :  1.19392e-07
 Reference value :  1.21338e-07
 Reference value :  1.23382e-07
 Reference value :  1.25328e-07
 Reference value :  1.27372e-07
 Reference value :  1.29416e-07
 Reference value :  1.31214e-07
 Reference value :  1.33258e-07
 Reference value :  1.35301e-07
 Reference value :  1.37248e-07
 Reference value :  1.39292e-07
 Reference value :  1.41335e-07
 Reference value :  1.43182e-07
 Reference value :  1.45226e-07
 Reference value :  1.47270e-07
 Reference value :  1.49313e-07
 Reference value :  1.51357e-07
 Reference value :  1.53303e-07
 Reference value :  1.55444e-07
 Reference value :  1.57345e-07
 Reference value :  1.59388e-07
 Reference value :  1.61432e-07
 Reference value :  1.63476e-07
 Reference value :  1.65520e-07
 Reference value :  1.67563e-07
 Reference value :  1.69478e-07
 Reference value :  1.71361e-07
 Reference value :  1.73308e-07
 Reference value :  1.75351e-07
 Reference value :  1.77298e-07
 Reference value :  1.79244e-07
 Reference value :  1.81191e-07
 Reference value :  1.83101e-07
 Reference value :  1.85144e-07
 Reference value :  1.87188e-07
 Reference value :  1.89135e-07
 Reference value :  1.90984e-07
 Reference value :  1.93027e-07
 Reference value :  1.95071e-07
 Reference value :  1.96878e-07
 Reference value :  1.98922e-07
 Reference value :  2.00868e-07
 Reference value :  2.02814e-07
 Reference value :  2.04761e-07
 Reference value :  2.06805e-07
 Reference value :  2.08848e-07
 Reference value :  2.10616e-07
 Reference value :  2.12562e-07
 Reference value :  2.14606e-07
 Reference value :  2.16552e-07
 Reference value :  2.18596e-07
 Reference value :  2.20542e-07
 Reference value :  2.22586e-07
 Reference value :  2.24367e-07
 Reference value :  2.26411e-07
 Reference value :  2.28455e-07
 Reference value :  2.30401e-07
 Reference value :  2.32250e-07
 Reference value :  2.34197e-07
 Reference value :  2.36093e-07
 Reference value :  2.38129e-07
 Reference value :  2.40075e-07
 Reference value :  2.42021e-07
 Reference value :  2.43968e-07
 Reference value :  2.45914e-07
 Reference value :  2.47958e-07
 Reference value :  2.49706e-07
 Reference value :  2.51653e-07
 Reference value :  2.53599e-07
 Reference value :  2.55546e-07
 Reference value :  2.57492e-07
 Reference value :  2.59341e-07
 Reference value :  2.61385e-07
 Reference value :  2.63055e-07
 Reference value :  2.65098e-07
 Reference value :  2.67045e-07
 Reference value :  2.68991e-07
 Reference value :  2.71035e-07
 Reference value :  2.73078e-07
 Reference value :  2.75122e-07
 Reference value :  2.76808e-07
 Reference value :  2.78852e-07
 Reference value :  2.80798e-07
 Reference value :  2.82842e-07
 Reference value :  2.84788e-07
 Reference value :  2.86734e-07
 Reference value :  2.88681e-07
 Reference value :  2.90572e-07
 Reference value :  2.92616e-07
 Reference value :  2.94562e-07
 Reference value :  2.96606e-07
 Reference value :  2.98552e-07
 Reference value :  3.00499e-07
 Reference value :  3.02513e-07
 Reference value :  3.04388e-07
 Reference value :  3.06334e-07
 Reference value :  3.08378e-07
 Reference value :  3.10324e-07
 Reference value :  3.12271e-07
 Reference value :  3.14314e-07
 Reference value :  3.16090e-07
 Reference value :  3.18134e-07
 Reference value :  3.20080e-07
 Reference value :  3.22027e-07
 Reference value :  3.24070e-07
 Reference value :  3.26114e-07
 Reference value :  3.28255e-07
 Reference value :  3.29918e-07
 Reference value :  3.31864e-07
 Reference value :  3.33908e-07
 Reference value :  3.35951e-07
 Reference value :  3.37801e-07
 Reference value :  3.39747e-07
 Reference value :  3.41791e-07
 Reference value :  3.43549e-07
 Reference value :  3.45496e-07
 Reference value :  3.47539e-07
 Reference value :  3.49486e-07
 Reference value :  3.51432e-07
 Reference value :  3.53379e-07
 Reference value :  3.55422e-07
 Reference value :  3.57446e-07
 Reference value :  3.59393e-07
 Reference value :  3.61339e-07
 Reference value :  3.63285e-07
 Reference value :  3.65232e-07
 Reference value :  3.67178e-07
 Reference value :  3.69013e-07
 Reference value :  3.70914e-07
 Reference value :  3.72861e-07
 Reference value :  3.75002e-07
 Reference value :  3.76948e-07
 Reference value :  3.78894e-07
 Reference value :  3.80841e-07
 Reference value :  3.82742e-07
 Reference value :  3.84689e-07
 Reference value :  3.86635e-07
 Reference value :  3.88581e-07
 Reference value :  3.90528e-07
 Reference value :  3.92571e-07
 Reference value :  3.94518e-07
 Reference value :  3.96274e-07
 Reference value :  3.98318e-07
 Reference value :  4.00265e-07
 Reference value :  4.02308e-07
 Reference value :  4.04255e-07
 Reference value :  4.06298e-07
 Reference value :  4.08439e-07
 Reference value :  4.10356e-07
 Reference value :  4.12400e-07
 Reference value :  4.14444e-07
 Reference value :  4.16390e-07
 Reference value :  4.18337e-07
 Reference value :  4.20380e-07
 Reference value :  4.22410e-07
 Reference value :  4.24353e-07
 Reference value :  4.26299e-07
 Reference value :  4.28343e-07
 Reference value :  4.30387e-07
 Reference value :  4.32430e-07
 Reference value :  4.34377e-07
 Reference value :  4.36169e-07
 Reference value :  4.38116e-07
 Reference value :  4.40062e-07
 Reference value :  4.42106e-07
 Reference value :  4.44052e-07
 Reference value :  4.45999e-07
 Reference value :  4.48043e-07
 Reference value :  4.49849e-07
 Reference value :  4.51893e-07
 Reference value :  4.53936e-07
 Reference value :  4.55883e-07
 Reference value :  4.57926e-07
 Reference value :  4.59970e-07
 Reference value :  4.61916e-07
 Reference value :  4.63681e-07
 Reference value :  4.65628e-07
 Reference value :  4.67574e-07
 Reference value :  4.69521e-07
 Reference value :  4.71467e-07
 Reference value :  4.73511e-07
 Reference value :  4.75444e-07
 Reference value :  4.77446e-07
 Reference value :  4.79490e-07
 Reference value :  4.81436e-07
 Reference value :  4.83382e-07
 Reference value :  4.85329e-07
 Reference value :  4.87275e-07
 Reference value :  4.89180e-07
 Reference value :  4.91127e-07
 Reference value :  4.93073e-07
 Reference value :  4.95117e-07
 Reference value :  4.97063e-07
 Reference value :  4.99107e-07
 Reference value :  5.01248e-07
 Reference value :  5.03019e-07
 Reference value :  5.04965e-07
 Reference value :  5.06912e-07
 Reference value :  5.08858e-07
 Reference value :  5.10804e-07
 Reference value :  5.12848e-07
 Reference value :  5.14794e-07
 Reference value :  5.16568e-07
 Reference value :  5.18612e-07
 Reference value :  5.20655e-07
 Reference value :  5.22504e-07
 Reference value :  5.24451e-07
 Reference value :  5.26397e-07
 Reference value :  5.28441e-07
 Reference value :  5.30119e-07
 Reference value :  5.32065e-07
 Reference value :  5.34012e-07
 Reference value :  5.36056e-07
 Reference value :  5.38099e-07
 Reference value :  5.40143e-07
 Reference value :  5.42046e-07
 Reference value :  5.43946e-07
 Reference value :  5.45990e-07
 Reference value :  5.47936e-07
 Reference value :  5.49883e-07
 Reference value :  5.51829e-07
 Reference value :  5.53873e-07
 Reference value :  5.55728e-07
 Reference value :  5.57772e-07
 Reference value :  5.59815e-07
 Reference value :  5.61762e-07
 Reference value :  5.63805e-07
 Reference value :  5.65752e-07
 Reference value :  5.67698e-07
 Reference value :  5.69725e-07
 Reference value :  5.71769e-07
 Reference value :  5.73812e-07
 Reference value :  5.75759e-07
 Reference value :  5.77705e-07
 Reference value :  5.79651e-07
 Reference value :  5.81695e-07
 Reference value :  5.83479e-07
No. of Data Rows : 6041
vhold_min           =  1.20000e+00 at=  4.16530e-10
tfirst              =  3.62959e-08
t1                  =  3.62354e-07
t2                  =  3.75656e-07
t3                  =  3.88965e-07
t4                  =  4.02266e-07
t5                  =  4.15569e-07
t6                  =  4.28872e-07
t7                  =  4.42174e-07
t8                  =  4.55481e-07
t9                  =  4.68785e-07
t10                 =  4.82086e-07
t11                 =  4.95393e-07
t12                 =  5.08699e-07
idd_run             =  -1.17587e-04 from=  3.50400e-07 to=  5.83900e-07
vmax                =  1.22201e+00 at=  5.35472e-07
vmin                =  -2.01790e-02 at=  5.02094e-07
Note: Simulation executed from .control section 
Note: Starting dynamic gmin stepping
Note: Dynamic gmin stepping completed
Note: Starting dynamic gmin stepping
Note: Dynamic gmin stepping completed
