
Note: No compatibility mode selected!


Circuit: * tt_analog_ring, code 16

Doing analysis at TEMP = 27.000000 and TNOM = 27.000000

Using SPARSE 1.3 as Direct Linear Solver
 Reference value :  0.00000e+00
No. of Data Rows : 1
idd_dis=5.12526E-05 vbp=0.745696 vbn=0.348568 clk_dis=1.2
Doing analysis at TEMP = 27.000000 and TNOM = 27.000000

Using SPARSE 1.3 as Direct Linear Solver

Initial Transient Solution
--------------------------

Node                                   Voltage
----                                   -------
vpwr                                       1.2
code[0]                                      0
code[1]                                      0
code[2]                                      0
code[3]                                      0
code[4]                                    1.2
code[5]                                      0
code[6]                                      0
code[7]                                      0
enable                                       0
xdut.vbp                              0.745696
xdut.vbn                              0.348568
xdut.n0                            6.12323e-07
xdut.p0                                    1.2
xdut.na0                               1.01315
xdut.s0                                    1.2
xdut.s10                                   1.2
xdut.n1                            1.72622e-06
xdut.p1                                    1.2
xdut.s1                            1.79489e-06
xdut.n2                            1.44314e-07
xdut.p2                                    1.2
xdut.s2                                    1.2
xdut.n3                            3.85913e-06
xdut.p3                                    1.2
xdut.s3                            3.97922e-06
xdut.n4                            9.81281e-08
xdut.p4                                    1.2
xdut.s4                                    1.2
xdut.n5                            2.47689e-06
xdut.p5                                    1.2
xdut.s5                            2.56373e-06
xdut.n6                            1.22785e-07
xdut.p6                                    1.2
xdut.s6                                    1.2
xdut.n7                            1.85891e-06
xdut.p7                                    1.2
xdut.s7                            1.94411e-06
xdut.n8                            5.07315e-07
xdut.p8                                    1.2
xdut.s8                                    1.2
xdut.n9                             2.0955e-06
xdut.p9                                    1.2
xdut.s9                            2.17554e-06
xdut.n10                           3.54295e-07
xdut.p10                                   1.2
xdut.b1                            1.56137e-07
clk_out                                    1.2
ven#branch                         7.61148e-12
vc7#branch                         4.04918e-12
vc6#branch                         2.02452e-12
vc5#branch                         1.00307e-12
vc4#branch                        -6.76882e-09
vc3#branch                         2.52499e-13
vc2#branch                         1.25854e-13
vc1#branch                         6.38301e-14
vc0#branch                          3.1857e-14
vdd#branch                        -5.12526e-05

 Reference value :  0.00000e+00
 Reference value :  5.65230e-09
 Reference value :  1.26996e-08
 Reference value :  1.97469e-08
 Reference value :  2.67942e-08
 Reference value :  3.38415e-08
 Reference value :  4.08888e-08
 Reference value :  4.77554e-08
 Reference value :  5.42300e-08
 Reference value :  5.72275e-08
 Reference value :  6.08415e-08
 Reference value :  6.46362e-08
 Reference value :  6.86116e-08
 Reference value :  7.20901e-08
 Reference value :  7.58848e-08
 Reference value :  7.96795e-08
 Reference value :  8.34742e-08
 Reference value :  8.70741e-08
 Reference value :  9.06881e-08
 Reference value :  9.43021e-08
 Reference value :  9.82775e-08
 Reference value :  1.01611e-07
 Reference value :  1.05406e-07
 Reference value :  1.09201e-07
 Reference value :  1.12996e-07
 Reference value :  1.16610e-07
 Reference value :  1.20224e-07
 Reference value :  1.24018e-07
 Reference value :  1.27813e-07
 Reference value :  1.31349e-07
 Reference value :  1.35143e-07
 Reference value :  1.38938e-07
 Reference value :  1.42733e-07
 Reference value :  1.46528e-07
 Reference value :  1.50142e-07
 Reference value :  1.53936e-07
 Reference value :  1.57912e-07
 Reference value :  1.61029e-07
 Reference value :  1.64824e-07
 Reference value :  1.68438e-07
 Reference value :  1.72052e-07
 Reference value :  1.75833e-07
 Reference value :  1.79447e-07
 Reference value :  1.83241e-07
 Reference value :  1.87217e-07
 Reference value :  1.90549e-07
 Reference value :  1.94524e-07
 Reference value :  1.97957e-07
 Reference value :  2.01752e-07
 Reference value :  2.05366e-07
 Reference value :  2.08980e-07
 Reference value :  2.12775e-07
 Reference value :  2.16569e-07
 Reference value :  2.20104e-07
 Reference value :  2.24080e-07
 Reference value :  2.27694e-07
 Reference value :  2.31308e-07
 Reference value :  2.34922e-07
 Reference value :  2.38716e-07
 Reference value :  2.42511e-07
 Reference value :  2.46306e-07
 Reference value :  2.49599e-07
 Reference value :  2.53394e-07
 Reference value :  2.57008e-07
 Reference value :  2.60803e-07
 Reference value :  2.64403e-07
 Reference value :  2.68017e-07
 Reference value :  2.71812e-07
 Reference value :  2.75763e-07
 Reference value :  2.79320e-07
 Reference value :  2.83115e-07
 Reference value :  2.86729e-07
 Reference value :  2.90524e-07
 Reference value :  2.94138e-07
 Reference value :  2.97571e-07
 Reference value :  3.01004e-07
 Reference value :  3.04799e-07
 Reference value :  3.08348e-07
 Reference value :  3.12323e-07
 Reference value :  3.16118e-07
 Reference value :  3.19913e-07
 Reference value :  3.23527e-07
 Reference value :  3.27321e-07
 Reference value :  3.30935e-07
 Reference value :  3.34687e-07
 Reference value :  3.38445e-07
 Reference value :  3.42421e-07
 Reference value :  3.46215e-07
 Reference value :  3.50010e-07
 Reference value :  3.53624e-07
 Reference value :  3.57419e-07
 Reference value :  3.61214e-07
 Reference value :  3.64866e-07
 Reference value :  3.68660e-07
 Reference value :  3.72455e-07
 Reference value :  3.76069e-07
 Reference value :  3.79671e-07
 Reference value :  3.83285e-07
 Reference value :  3.87079e-07
 Reference value :  3.90874e-07
 Reference value :  3.94416e-07
 Reference value :  3.98211e-07
 Reference value :  4.02006e-07
 Reference value :  4.05800e-07
 Reference value :  4.09595e-07
 Reference value :  4.13209e-07
 Reference value :  4.16823e-07
 Reference value :  4.20618e-07
 Reference value :  4.24178e-07
 Reference value :  4.27972e-07
 Reference value :  4.31586e-07
 Reference value :  4.35200e-07
 Reference value :  4.38814e-07
 Reference value :  4.42609e-07
 Reference value :  4.46404e-07
 Reference value :  4.50379e-07
 Reference value :  4.53932e-07
 Reference value :  4.57726e-07
 Reference value :  4.61521e-07
 Reference value :  4.65496e-07
 Reference value :  4.69110e-07
 Reference value :  4.72724e-07
 Reference value :  4.76519e-07
 Reference value :  4.80314e-07
 Reference value :  4.83672e-07
 Reference value :  4.87467e-07
 Reference value :  4.91261e-07
 Reference value :  4.95056e-07
 Reference value :  4.98670e-07
 Reference value :  5.02465e-07
 Reference value :  5.06260e-07
 Reference value :  5.10054e-07
 Reference value :  5.13564e-07
 Reference value :  5.17178e-07
 Reference value :  5.20792e-07
 Reference value :  5.24406e-07
 Reference value :  5.28011e-07
 Reference value :  5.31625e-07
 Reference value :  5.35601e-07
 Reference value :  5.39576e-07
 Reference value :  5.42664e-07
 Reference value :  5.46459e-07
 Reference value :  5.50434e-07
 Reference value :  5.54229e-07
 Reference value :  5.57843e-07
 Reference value :  5.61457e-07
 Reference value :  5.65433e-07
 Reference value :  5.69408e-07
 Reference value :  5.72735e-07
 Reference value :  5.76530e-07
 Reference value :  5.80324e-07
 Reference value :  5.83758e-07
 Reference value :  5.87361e-07
 Reference value :  5.90975e-07
 Reference value :  5.94770e-07
 Reference value :  5.98565e-07
 Reference value :  6.01837e-07
 Reference value :  6.05631e-07
 Reference value :  6.09426e-07
 Reference value :  6.13221e-07
 Reference value :  6.16835e-07
 Reference value :  6.20629e-07
 Reference value :  6.24424e-07
 Reference value :  6.28400e-07
 Reference value :  6.31723e-07
 Reference value :  6.35698e-07
 Reference value :  6.39312e-07
 Reference value :  6.42926e-07
 Reference value :  6.46528e-07
 Reference value :  6.50142e-07
 Reference value :  6.53937e-07
 Reference value :  6.58050e-07
 Reference value :  6.61374e-07
 Reference value :  6.65169e-07
 Reference value :  6.68783e-07
 Reference value :  6.72578e-07
 Reference value :  6.76192e-07
 Reference value :  6.79987e-07
 Reference value :  6.83601e-07
 Reference value :  6.87523e-07
 Reference value :  6.91266e-07
 Reference value :  6.95242e-07
 Reference value :  6.98856e-07
 Reference value :  7.02470e-07
 Reference value :  7.06074e-07
 Reference value :  7.09869e-07
 Reference value :  7.13663e-07
 Reference value :  7.17145e-07
 Reference value :  7.20727e-07
 Reference value :  7.24702e-07
 Reference value :  7.28497e-07
 Reference value :  7.32111e-07
 Reference value :  7.35725e-07
 Reference value :  7.39700e-07
 Reference value :  7.43314e-07
 Reference value :  7.46819e-07
 Reference value :  7.50613e-07
 Reference value :  7.54408e-07
 Reference value :  7.58022e-07
 Reference value :  7.61805e-07
 Reference value :  7.65599e-07
 Reference value :  7.69394e-07
 Reference value :  7.73369e-07
 Reference value :  7.76470e-07
 Reference value :  7.80264e-07
 Reference value :  7.84059e-07
 Reference value :  7.88034e-07
 Reference value :  7.91648e-07
 Reference value :  7.95443e-07
 Reference value :  7.99238e-07
 Reference value :  8.03032e-07
 Reference value :  8.06542e-07
 Reference value :  8.10336e-07
 Reference value :  8.14131e-07
 Reference value :  8.17745e-07
 Reference value :  8.21349e-07
 Reference value :  8.25144e-07
 Reference value :  8.28758e-07
 Reference value :  8.32733e-07
 Reference value :  8.36003e-07
 Reference value :  8.39798e-07
 Reference value :  8.43773e-07
 Reference value :  8.47568e-07
 Reference value :  8.51182e-07
 Reference value :  8.54796e-07
 Reference value :  8.58410e-07
 Reference value :  8.62204e-07
 Reference value :  8.65709e-07
 Reference value :  8.69503e-07
 Reference value :  8.73298e-07
 Reference value :  8.76912e-07
 Reference value :  8.80514e-07
 Reference value :  8.84309e-07
 Reference value :  8.88103e-07
 Reference value :  8.91898e-07
 Reference value :  8.95179e-07
 Reference value :  8.98973e-07
 Reference value :  9.02587e-07
 Reference value :  9.06382e-07
 Reference value :  9.09996e-07
 Reference value :  9.13791e-07
 Reference value :  9.17586e-07
 Reference value :  9.21380e-07
 Reference value :  9.24889e-07
 Reference value :  9.28865e-07
 Reference value :  9.32659e-07
 Reference value :  9.36273e-07
 Reference value :  9.39877e-07
 Reference value :  9.43672e-07
 Reference value :  9.47467e-07
 Reference value :  9.51261e-07
 Reference value :  9.54712e-07
 Reference value :  9.58507e-07
 Reference value :  9.62302e-07
 Reference value :  9.66096e-07
 Reference value :  9.69710e-07
 Reference value :  9.73324e-07
 Reference value :  9.77119e-07
 Reference value :  9.80914e-07
 Reference value :  9.84418e-07
 Reference value :  9.88394e-07
 Reference value :  9.92008e-07
 Reference value :  9.95802e-07
 Reference value :  9.99224e-07
 Reference value :  1.00284e-06
 Reference value :  1.00663e-06
 Reference value :  1.01079e-06
 Reference value :  1.01389e-06
 Reference value :  1.01786e-06
 Reference value :  1.02148e-06
 Reference value :  1.02509e-06
 Reference value :  1.02871e-06
 Reference value :  1.03250e-06
 Reference value :  1.03629e-06
 Reference value :  1.04027e-06
 Reference value :  1.04378e-06
 Reference value :  1.04775e-06
 Reference value :  1.05137e-06
 Reference value :  1.05498e-06
 Reference value :  1.05841e-06
 Reference value :  1.06202e-06
 Reference value :  1.06581e-06
 Reference value :  1.06974e-06
 Reference value :  1.07306e-06
 Reference value :  1.07704e-06
 Reference value :  1.08065e-06
No. of Data Rows : 6038
vhold_min           =  1.20000e+00 at=  1.15648e-10
tfirst              =  6.97289e-08
t1                  =  6.72733e-07
t2                  =  7.02150e-07
t3                  =  7.31547e-07
t4                  =  7.60962e-07
t5                  =  7.90358e-07
t6                  =  8.19775e-07
t7                  =  8.49172e-07
t8                  =  8.78587e-07
t9                  =  9.07983e-07
t10                 =  9.37400e-07
t11                 =  9.66797e-07
t12                 =  9.96212e-07
idd_run             =  -5.42751e-05 from=  6.50400e-07 to=  1.08400e-06
vmax                =  1.22590e+00 at=  7.61275e-07
vmin                =  -1.79229e-02 at=  8.63957e-07
Note: Simulation executed from .control section 
Note: Starting dynamic gmin stepping
Note: Dynamic gmin stepping completed
Note: Starting dynamic gmin stepping
Note: Dynamic gmin stepping completed
