
Note: No compatibility mode selected!


Circuit: * output buffer into 108 ff

Doing analysis at TEMP = 27.000000 and TNOM = 27.000000

Using SPARSE 1.3 as Direct Linear Solver

Initial Transient Solution
--------------------------

Node                                   Voltage
----                                   -------
vpwr                                       1.2
s10                                          0
b1                                         1.2
clk_out                            1.88802e-07
vin#branch                         1.28042e-11
vdd#branch                        -2.85368e-10

 Reference value :  6.31000e-10
 Reference value :  1.88100e-09
 Reference value :  3.13900e-09
 Reference value :  4.22300e-09
 Reference value :  5.35100e-09
 Reference value :  6.59300e-09
 Reference value :  7.81700e-09
 Reference value :  8.98700e-09
 Reference value :  1.00810e-08
 Reference value :  1.12590e-08
 Reference value :  1.25370e-08
 Reference value :  1.37650e-08
 Reference value :  1.49050e-08
 Reference value :  1.60290e-08
 Reference value :  1.72810e-08
No. of Data Rows : 9115
vmax                =  1.21063e+00 at=  1.38670e-08
vmin                =  -7.22084e-03 at=  1.23590e-08
tr2                 =  9.43604e-09
tr8                 =  9.66524e-09
tf8                 =  1.09613e-08
tf2                 =  1.12307e-08
trise=2.29202E-10 tfall=2.6938E-10
tin_r               =  9.28600e-09
tout_r              =  9.53412e-09
tpd=2.4812E-10
Note: Simulation executed from .control section 
