
Note: No compatibility mode selected!


Circuit: * tt_analog_ring, code 16

Doing analysis at TEMP = 27.000000 and TNOM = 27.000000

Using SPARSE 1.3 as Direct Linear Solver
 Reference value :  0.00000e+00
No. of Data Rows : 1
idd_dis=5.08779E-05 vbp=0.745976 vbn=0.35569 clk_dis=1.2
Doing analysis at TEMP = 27.000000 and TNOM = 27.000000

Using SPARSE 1.3 as Direct Linear Solver

Initial Transient Solution
--------------------------

Node                                   Voltage
----                                   -------
vpwr                                       1.2
code[0]                                      0
code[1]                                      0
code[2]                                      0
code[3]                                      0
code[4]                                    1.2
code[5]                                      0
code[6]                                      0
code[7]                                      0
enable                                       0
xdut.vbp                              0.745976
xdut.vbn                               0.35569
xdut.n0                            8.39512e-07
xdut.p0                                    1.2
xdut.na0                               1.02471
xdut.s0                                    1.2
xdut.s10                                   1.2
xdut.n1                            2.12932e-06
xdut.p1                                    1.2
xdut.s1                             2.2113e-06
xdut.n2                            3.91847e-07
xdut.p2                                    1.2
xdut.s2                                    1.2
xdut.n3                            1.53697e-06
xdut.p3                                    1.2
xdut.s3                            1.60625e-06
xdut.n4                            1.48532e-07
xdut.p4                                    1.2
xdut.s4                                    1.2
xdut.n5                            2.32513e-06
xdut.p5                                    1.2
xdut.s5                             2.4351e-06
xdut.n6                             1.4457e-07
xdut.p6                                    1.2
xdut.s6                                    1.2
xdut.n7                            2.04962e-06
xdut.p7                                    1.2
xdut.s7                            2.13715e-06
xdut.n8                            1.64708e-07
xdut.p8                                    1.2
xdut.s8                                    1.2
xdut.n9                            2.21651e-06
xdut.p9                                    1.2
xdut.s9                            2.31742e-06
xdut.n10                           3.12934e-07
xdut.p10                                   1.2
xdut.b1                            1.42141e-07
clk_out                                    1.2
ven#branch                         7.34096e-12
vc7#branch                         4.05897e-12
vc6#branch                         2.02913e-12
vc5#branch                         1.01193e-12
vc4#branch                        -6.78244e-09
vc3#branch                         2.53159e-13
vc2#branch                         1.27019e-13
vc1#branch                         6.40897e-14
vc0#branch                          3.2923e-14
vdd#branch                        -5.08779e-05

 Reference value :  0.00000e+00
 Reference value :  5.83300e-09
 Reference value :  1.30610e-08
 Reference value :  2.04697e-08
 Reference value :  2.73363e-08
 Reference value :  3.45643e-08
 Reference value :  4.16116e-08
 Reference value :  4.86589e-08
 Reference value :  5.43070e-08
 Reference value :  5.79503e-08
 Reference value :  6.17450e-08
 Reference value :  6.55397e-08
 Reference value :  6.91084e-08
 Reference value :  7.25635e-08
 Reference value :  7.63582e-08
 Reference value :  8.01529e-08
 Reference value :  8.37669e-08
 Reference value :  8.73809e-08
 Reference value :  9.11756e-08
 Reference value :  9.51510e-08
 Reference value :  9.88231e-08
 Reference value :  1.02618e-07
 Reference value :  1.06412e-07
 Reference value :  1.10207e-07
 Reference value :  1.14183e-07
 Reference value :  1.17977e-07
 Reference value :  1.21772e-07
 Reference value :  1.25455e-07
 Reference value :  1.29250e-07
 Reference value :  1.33045e-07
 Reference value :  1.36840e-07
 Reference value :  1.40634e-07
 Reference value :  1.44610e-07
 Reference value :  1.48404e-07
 Reference value :  1.51938e-07
 Reference value :  1.55733e-07
 Reference value :  1.59528e-07
 Reference value :  1.63323e-07
 Reference value :  1.66922e-07
 Reference value :  1.70717e-07
 Reference value :  1.74512e-07
 Reference value :  1.77928e-07
 Reference value :  1.81904e-07
 Reference value :  1.85698e-07
 Reference value :  1.89493e-07
 Reference value :  1.93107e-07
 Reference value :  1.96902e-07
 Reference value :  2.00696e-07
 Reference value :  2.04219e-07
 Reference value :  2.07983e-07
 Reference value :  2.11597e-07
 Reference value :  2.15392e-07
 Reference value :  2.19006e-07
 Reference value :  2.22801e-07
 Reference value :  2.26596e-07
 Reference value :  2.30571e-07
 Reference value :  2.34077e-07
 Reference value :  2.37691e-07
 Reference value :  2.41485e-07
 Reference value :  2.45280e-07
 Reference value :  2.49075e-07
 Reference value :  2.52869e-07
 Reference value :  2.56845e-07
 Reference value :  2.60526e-07
 Reference value :  2.64320e-07
 Reference value :  2.68115e-07
 Reference value :  2.71908e-07
 Reference value :  2.75522e-07
 Reference value :  2.79316e-07
 Reference value :  2.83111e-07
 Reference value :  2.86554e-07
 Reference value :  2.90349e-07
 Reference value :  2.94144e-07
 Reference value :  2.97938e-07
 Reference value :  3.01552e-07
 Reference value :  3.05347e-07
 Reference value :  3.09142e-07
 Reference value :  3.12834e-07
 Reference value :  3.16628e-07
 Reference value :  3.20423e-07
 Reference value :  3.24218e-07
 Reference value :  3.28013e-07
 Reference value :  3.31807e-07
 Reference value :  3.35602e-07
 Reference value :  3.39106e-07
 Reference value :  3.43041e-07
 Reference value :  3.46655e-07
 Reference value :  3.50630e-07
 Reference value :  3.54244e-07
 Reference value :  3.58039e-07
 Reference value :  3.61833e-07
 Reference value :  3.65628e-07
 Reference value :  3.69356e-07
 Reference value :  3.73151e-07
 Reference value :  3.76945e-07
 Reference value :  3.80543e-07
 Reference value :  3.84338e-07
 Reference value :  3.88132e-07
 Reference value :  3.92108e-07
 Reference value :  3.95326e-07
 Reference value :  3.99301e-07
 Reference value :  4.03096e-07
 Reference value :  4.06889e-07
 Reference value :  4.10503e-07
 Reference value :  4.14297e-07
 Reference value :  4.18092e-07
 Reference value :  4.21755e-07
 Reference value :  4.25550e-07
 Reference value :  4.29345e-07
 Reference value :  4.33140e-07
 Reference value :  4.36930e-07
 Reference value :  4.40724e-07
 Reference value :  4.44338e-07
 Reference value :  4.47997e-07
 Reference value :  4.51792e-07
 Reference value :  4.55586e-07
 Reference value :  4.59381e-07
 Reference value :  4.62984e-07
 Reference value :  4.66598e-07
 Reference value :  4.70393e-07
 Reference value :  4.73885e-07
 Reference value :  4.77613e-07
 Reference value :  4.81227e-07
 Reference value :  4.85021e-07
 Reference value :  4.88620e-07
 Reference value :  4.92415e-07
 Reference value :  4.96209e-07
 Reference value :  5.00185e-07
 Reference value :  5.03431e-07
 Reference value :  5.07045e-07
 Reference value :  5.10659e-07
 Reference value :  5.14454e-07
 Reference value :  5.18068e-07
 Reference value :  5.22043e-07
 Reference value :  5.25838e-07
 Reference value :  5.29531e-07
 Reference value :  5.33145e-07
 Reference value :  5.36940e-07
 Reference value :  5.40735e-07
 Reference value :  5.44349e-07
 Reference value :  5.48143e-07
 Reference value :  5.51757e-07
 Reference value :  5.55233e-07
 Reference value :  5.59028e-07
 Reference value :  5.62823e-07
 Reference value :  5.66617e-07
 Reference value :  5.70051e-07
 Reference value :  5.73845e-07
 Reference value :  5.77459e-07
 Reference value :  5.81592e-07
 Reference value :  5.85104e-07
 Reference value :  5.88718e-07
 Reference value :  5.92513e-07
 Reference value :  5.96127e-07
 Reference value :  5.99922e-07
 Reference value :  6.03716e-07
 Reference value :  6.07511e-07
 Reference value :  6.10795e-07
 Reference value :  6.14409e-07
 Reference value :  6.18204e-07
 Reference value :  6.21818e-07
 Reference value :  6.25432e-07
 Reference value :  6.29227e-07
 Reference value :  6.33021e-07
 Reference value :  6.36555e-07
 Reference value :  6.40349e-07
 Reference value :  6.44144e-07
 Reference value :  6.47939e-07
 Reference value :  6.51538e-07
 Reference value :  6.55332e-07
 Reference value :  6.59308e-07
 Reference value :  6.62776e-07
 Reference value :  6.66525e-07
 Reference value :  6.70139e-07
 Reference value :  6.74114e-07
 Reference value :  6.77728e-07
 Reference value :  6.81704e-07
 Reference value :  6.85498e-07
 Reference value :  6.89293e-07
 Reference value :  6.92795e-07
 Reference value :  6.96409e-07
 Reference value :  7.00384e-07
 Reference value :  7.03998e-07
 Reference value :  7.07612e-07
 Reference value :  7.11407e-07
 Reference value :  7.15382e-07
 Reference value :  7.18742e-07
 Reference value :  7.22537e-07
 Reference value :  7.26151e-07
 Reference value :  7.30126e-07
 Reference value :  7.33724e-07
 Reference value :  7.37519e-07
 Reference value :  7.41314e-07
 Reference value :  7.44730e-07
 Reference value :  7.48344e-07
 Reference value :  7.52139e-07
 Reference value :  7.55933e-07
 Reference value :  7.59547e-07
 Reference value :  7.63161e-07
 Reference value :  7.66956e-07
 Reference value :  7.70522e-07
 Reference value :  7.74246e-07
 Reference value :  7.77860e-07
 Reference value :  7.81654e-07
 Reference value :  7.85268e-07
 Reference value :  7.89244e-07
 Reference value :  7.92858e-07
 Reference value :  7.96833e-07
 Reference value :  8.00531e-07
 Reference value :  8.04145e-07
 Reference value :  8.07940e-07
 Reference value :  8.11734e-07
 Reference value :  8.15348e-07
 Reference value :  8.19323e-07
 Reference value :  8.23298e-07
 Reference value :  8.26567e-07
 Reference value :  8.30362e-07
 Reference value :  8.33976e-07
 Reference value :  8.37771e-07
 Reference value :  8.41385e-07
 Reference value :  8.45180e-07
 Reference value :  8.48794e-07
 Reference value :  8.52321e-07
 Reference value :  8.56296e-07
 Reference value :  8.60091e-07
 Reference value :  8.63885e-07
 Reference value :  8.67491e-07
 Reference value :  8.71105e-07
 Reference value :  8.75080e-07
 Reference value :  8.78559e-07
 Reference value :  8.82310e-07
 Reference value :  8.85924e-07
 Reference value :  8.89719e-07
 Reference value :  8.93333e-07
 Reference value :  8.96947e-07
 Reference value :  9.00742e-07
 Reference value :  9.04717e-07
 Reference value :  9.08403e-07
 Reference value :  9.12197e-07
 Reference value :  9.15992e-07
 Reference value :  9.19787e-07
 Reference value :  9.23401e-07
 Reference value :  9.27195e-07
 Reference value :  9.31171e-07
 Reference value :  9.34493e-07
 Reference value :  9.38287e-07
 Reference value :  9.41901e-07
 Reference value :  9.45877e-07
 Reference value :  9.49669e-07
 Reference value :  9.53644e-07
 Reference value :  9.57258e-07
 Reference value :  9.60700e-07
 Reference value :  9.64495e-07
 Reference value :  9.68290e-07
 Reference value :  9.71904e-07
 Reference value :  9.75518e-07
 Reference value :  9.79312e-07
 Reference value :  9.83288e-07
 Reference value :  9.86797e-07
 Reference value :  9.90592e-07
 Reference value :  9.94387e-07
 Reference value :  9.98181e-07
 Reference value :  1.00180e-06
 Reference value :  1.00541e-06
 Reference value :  1.00938e-06
 Reference value :  1.01315e-06
 Reference value :  1.01683e-06
 Reference value :  1.02063e-06
 Reference value :  1.02442e-06
 Reference value :  1.02803e-06
 Reference value :  1.03201e-06
 Reference value :  1.03580e-06
 Reference value :  1.03978e-06
 Reference value :  1.04346e-06
 Reference value :  1.04744e-06
 Reference value :  1.05123e-06
 Reference value :  1.05485e-06
 Reference value :  1.05846e-06
 Reference value :  1.06225e-06
 Reference value :  1.06623e-06
 Reference value :  1.06949e-06
 Reference value :  1.07328e-06
 Reference value :  1.07708e-06
 Reference value :  1.08105e-06
No. of Data Rows : 6044
vhold_min           =  1.20000e+00 at=  1.15648e-10
tfirst              =  6.88914e-08
t1                  =  6.75915e-07
t2                  =  7.02878e-07
t3                  =  7.29851e-07
t4                  =  7.56838e-07
t5                  =  7.83804e-07
t6                  =  8.10767e-07
t7                  =  8.37746e-07
t8                  =  8.64712e-07
t9                  =  8.91697e-07
t10                 =  9.18660e-07
t11                 =  9.45629e-07
t12                 =  9.72613e-07
idd_run             =  -5.40680e-05 from=  6.50400e-07 to=  1.08400e-06
vmax                =  1.21902e+00 at=  7.30126e-07
vmin                =  -1.56014e-02 at=  7.43439e-07
Note: Simulation executed from .control section 
Note: Starting dynamic gmin stepping
Note: Dynamic gmin stepping completed
Note: Starting dynamic gmin stepping
Note: Dynamic gmin stepping completed
