
Note: Compatibility modes selected: hs a


Circuit: * environment: xenable_running {} code 255

Doing analysis at TEMP = 27.000000 and TNOM = 27.000000

Using SPARSE 1.3 as Direct Linear Solver

Initial Transient Solution
--------------------------

Node                                   Voltage
----                                   -------
vpwr                                       1.2
code[0]                                    1.2
code[1]                                    1.2
code[2]                                    1.2
code[3]                                    1.2
code[4]                                    1.2
code[5]                                    1.2
code[6]                                    1.2
code[7]                                    1.2
ens                                        1.2
enable                                     1.2
ag                                           0
xdut.vbp                              0.460897
xdut.vbn                              0.572492
xdut.n0                              0.0446986
xdut.p0                                1.14524
xdut.na0                             0.0496075
xdut.s0                               0.605048
xdut.s10                              0.577608
xdut.n1                              0.0365252
xdut.p1                                1.15513
xdut.s1                               0.605048
xdut.n2                              0.0365252
xdut.p2                                1.15513
xdut.s2                               0.605048
xdut.n3                              0.0365252
xdut.p3                                1.15513
xdut.s3                               0.605048
xdut.n4                              0.0365252
xdut.p4                                1.15513
xdut.s4                               0.605048
xdut.n5                              0.0365252
xdut.p5                                1.15513
xdut.s5                               0.605048
xdut.n6                              0.0365252
xdut.p6                                1.15513
xdut.s6                               0.605048
xdut.n7                              0.0365252
xdut.p7                                1.15513
xdut.s7                               0.605052
xdut.n8                              0.0365251
xdut.p8                                1.15513
xdut.s8                               0.604964
xdut.n9                              0.0365258
xdut.p9                                1.15513
xdut.s9                               0.606569
xdut.n10                             0.0365085
xdut.p10                               1.15515
xdut.b1                                1.05682
clk_out                            2.90433e-06
vag#branch                                   0
ven#branch                        -1.19994e-11
vc7#branch                        -6.38949e-08
vc6#branch                        -3.19475e-08
vc5#branch                        -1.59737e-08
vc4#branch                        -7.98687e-09
vc3#branch                        -3.99343e-09
vc2#branch                        -1.99672e-09
vc1#branch                        -9.98359e-10
vc0#branch                        -4.99179e-10
vdd#branch                         -0.00062144

 Reference value :  0.00000e+00
 Reference value :  4.10840e-10
 Reference value :  9.32920e-10
 Reference value :  1.47508e-09
 Reference value :  1.99716e-09
 Reference value :  2.51924e-09
 Reference value :  3.04132e-09
 Reference value :  3.56340e-09
 Reference value :  4.08548e-09
 Reference value :  4.64772e-09
 Reference value :  5.14972e-09
 Reference value :  5.67180e-09
 Reference value :  6.19388e-09
 Reference value :  6.83644e-09
 Reference value :  7.53924e-09
 Reference value :  8.26212e-09
 Reference value :  8.96492e-09
 Reference value :  9.68780e-09
 Reference value :  1.03305e-08
 Reference value :  1.10333e-08
 Reference value :  1.16960e-08
 Reference value :  1.23787e-08
 Reference value :  1.30413e-08
 Reference value :  1.37843e-08
 Reference value :  1.45072e-08
 Reference value :  1.52501e-08
 Reference value :  1.58525e-08
 Reference value :  1.63545e-08
 Reference value :  1.68967e-08
 Reference value :  1.75794e-08
 Reference value :  1.83224e-08
 Reference value :  1.89649e-08
 Reference value :  1.97480e-08
 Reference value :  2.04108e-08
 Reference value :  2.11940e-08
 Reference value :  2.19369e-08
 Reference value :  2.27000e-08
 Reference value :  2.34630e-08
 Reference value :  2.42060e-08
 Reference value :  2.49489e-08
 Reference value :  2.57320e-08
 Reference value :  2.64348e-08
 Reference value :  2.71577e-08
 Reference value :  2.77802e-08
 Reference value :  2.85834e-08
 Reference value :  2.93464e-08
 Reference value :  3.00141e-08
 Reference value :  3.07321e-08
 Reference value :  3.14751e-08
 Reference value :  3.22582e-08
 Reference value :  3.30212e-08
 Reference value :  3.37240e-08
 Reference value :  3.44871e-08
 Reference value :  3.52100e-08
 Reference value :  3.59730e-08
 Reference value :  3.67360e-08
 Reference value :  3.74188e-08
 Reference value :  3.81818e-08
 Reference value :  3.88846e-08
 Reference value :  3.96075e-08
 Reference value :  4.02141e-08
 Reference value :  4.09530e-08
 Reference value :  4.16759e-08
 Reference value :  4.23988e-08
 Reference value :  4.31819e-08
 Reference value :  4.39449e-08
 Reference value :  4.46879e-08
 Reference value :  4.54710e-08
 Reference value :  4.61537e-08
 Reference value :  4.69368e-08
 Reference value :  4.76396e-08
 Reference value :  4.84228e-08
 Reference value :  4.91858e-08
 Reference value :  4.98886e-08
 Reference value :  5.05112e-08
 Reference value :  5.11538e-08
 Reference value :  5.18365e-08
 Reference value :  5.24992e-08
 Reference value :  5.32421e-08
 Reference value :  5.40052e-08
 Reference value :  5.47080e-08
 Reference value :  5.54509e-08
 Reference value :  5.62340e-08
 Reference value :  5.66758e-08
 Reference value :  5.71176e-08
 Reference value :  5.76798e-08
 Reference value :  5.83224e-08
 Reference value :  5.90051e-08
 Reference value :  5.96677e-08
 Reference value :  6.02904e-08
 Reference value :  6.09932e-08
 Reference value :  6.16558e-08
 Reference value :  6.23385e-08
 Reference value :  6.29208e-08
 Reference value :  6.35634e-08
 Reference value :  6.42461e-08
 Reference value :  6.49288e-08
 Reference value :  6.55915e-08
 Reference value :  6.62541e-08
 Reference value :  6.69168e-08
 Reference value :  6.75995e-08
 Reference value :  6.82822e-08
 Reference value :  6.90051e-08
 Reference value :  6.96677e-08
 Reference value :  7.02141e-08
 Reference value :  7.09530e-08
 Reference value :  7.15956e-08
 Reference value :  7.22984e-08
 Reference value :  7.29409e-08
 Reference value :  7.36638e-08
 Reference value :  7.44268e-08
 Reference value :  7.51096e-08
 Reference value :  7.57923e-08
 Reference value :  7.64348e-08
 Reference value :  7.71577e-08
 Reference value :  7.78003e-08
 Reference value :  7.83625e-08
 Reference value :  7.90854e-08
 Reference value :  7.97681e-08
 Reference value :  8.03305e-08
 Reference value :  8.09530e-08
 Reference value :  8.16156e-08
 Reference value :  8.22783e-08
 Reference value :  8.29409e-08
 Reference value :  8.36236e-08
 Reference value :  8.41056e-08
 Reference value :  8.45875e-08
 Reference value :  8.50895e-08
 Reference value :  8.55714e-08
 Reference value :  8.60935e-08
 Reference value :  8.65955e-08
 Reference value :  8.71176e-08
 Reference value :  8.76196e-08
 Reference value :  8.81416e-08
 Reference value :  8.86637e-08
 Reference value :  8.91858e-08
 Reference value :  8.97079e-08
 Reference value :  9.01853e-08
 Reference value :  9.06719e-08
 Reference value :  9.11940e-08
 Reference value :  9.17160e-08
 Reference value :  9.22381e-08
 Reference value :  9.27401e-08
 Reference value :  9.32622e-08
 Reference value :  9.37843e-08
 Reference value :  9.43867e-08
 Reference value :  9.50092e-08
 Reference value :  9.54911e-08
 Reference value :  9.59730e-08
 Reference value :  9.64750e-08
 Reference value :  9.69770e-08
 Reference value :  9.74790e-08
 Reference value :  9.80412e-08
 Reference value :  9.85633e-08
 Reference value :  9.90452e-08
 Reference value :  9.95673e-08
 Reference value :  1.00050e-07
 Reference value :  1.00551e-07
 Reference value :  1.01114e-07
 Reference value :  1.01636e-07
 Reference value :  1.02138e-07
 Reference value :  1.02660e-07
 Reference value :  1.03182e-07
 Reference value :  1.03704e-07
 Reference value :  1.04246e-07
 Reference value :  1.04768e-07
 Reference value :  1.05270e-07
 Reference value :  1.05792e-07
 Reference value :  1.06294e-07
 Reference value :  1.06816e-07
 Reference value :  1.07318e-07
 Reference value :  1.07820e-07
 Reference value :  1.08322e-07
 Reference value :  1.08844e-07
 Reference value :  1.09346e-07
 Reference value :  1.09869e-07
 Reference value :  1.10310e-07
 Reference value :  1.10812e-07
 Reference value :  1.11335e-07
 Reference value :  1.11857e-07
 Reference value :  1.12359e-07
 Reference value :  1.12881e-07
 Reference value :  1.13403e-07
 Reference value :  1.13905e-07
 Reference value :  1.14407e-07
 Reference value :  1.14929e-07
 Reference value :  1.15451e-07
 Reference value :  1.15993e-07
 Reference value :  1.16515e-07
 Reference value :  1.17017e-07
 Reference value :  1.17539e-07
 Reference value :  1.18061e-07
 Reference value :  1.18583e-07
 Reference value :  1.19146e-07
 Reference value :  1.19668e-07
 Reference value :  1.20110e-07
 Reference value :  1.20632e-07
 Reference value :  1.21154e-07
 Reference value :  1.21676e-07
 Reference value :  1.22218e-07
 Reference value :  1.22740e-07
 Reference value :  1.23242e-07
 Reference value :  1.23764e-07
 Reference value :  1.24286e-07
 Reference value :  1.24788e-07
 Reference value :  1.25310e-07
 Reference value :  1.25832e-07
 Reference value :  1.26334e-07
 Reference value :  1.26857e-07
 Reference value :  1.27379e-07
 Reference value :  1.27901e-07
 Reference value :  1.28423e-07
 Reference value :  1.28925e-07
 Reference value :  1.29427e-07
 Reference value :  1.29969e-07
 Reference value :  1.30411e-07
 Reference value :  1.30933e-07
 Reference value :  1.31455e-07
 Reference value :  1.31977e-07
 Reference value :  1.32479e-07
 Reference value :  1.33001e-07
 Reference value :  1.33543e-07
 Reference value :  1.34106e-07
 Reference value :  1.34608e-07
 Reference value :  1.35110e-07
 Reference value :  1.35632e-07
 Reference value :  1.36154e-07
 Reference value :  1.36676e-07
 Reference value :  1.37238e-07
 Reference value :  1.37760e-07
 Reference value :  1.38282e-07
 Reference value :  1.38804e-07
 Reference value :  1.39306e-07
 Reference value :  1.39848e-07
 Reference value :  1.40290e-07
 Reference value :  1.40812e-07
 Reference value :  1.41314e-07
 Reference value :  1.41837e-07
 Reference value :  1.42359e-07
 Reference value :  1.42881e-07
 Reference value :  1.43423e-07
 Reference value :  1.43945e-07
 Reference value :  1.44467e-07
 Reference value :  1.45009e-07
 Reference value :  1.45511e-07
 Reference value :  1.46053e-07
 Reference value :  1.46575e-07
 Reference value :  1.47097e-07
 Reference value :  1.47620e-07
 Reference value :  1.48142e-07
 Reference value :  1.48664e-07
 Reference value :  1.49226e-07
 Reference value :  1.49748e-07
 Reference value :  1.50200e-07
 Reference value :  1.50712e-07
 Reference value :  1.51234e-07
 Reference value :  1.51776e-07
 Reference value :  1.52318e-07
 Reference value :  1.52820e-07
 Reference value :  1.53322e-07
 Reference value :  1.53845e-07
 Reference value :  1.54367e-07
 Reference value :  1.54909e-07
 Reference value :  1.55451e-07
 Reference value :  1.55973e-07
 Reference value :  1.56495e-07
 Reference value :  1.57017e-07
 Reference value :  1.57539e-07
 Reference value :  1.58081e-07
 Reference value :  1.58603e-07
 Reference value :  1.59126e-07
 Reference value :  1.59587e-07
 Reference value :  1.60014e-07
 Reference value :  1.60431e-07
 Reference value :  1.60893e-07
 Reference value :  1.61395e-07
 Reference value :  1.61857e-07
 Reference value :  1.62298e-07
 Reference value :  1.62760e-07
 Reference value :  1.63222e-07
 Reference value :  1.63664e-07
 Reference value :  1.64146e-07
 Reference value :  1.64608e-07
 Reference value :  1.65049e-07
 Reference value :  1.65511e-07
 Reference value :  1.65973e-07
 Reference value :  1.66415e-07
 Reference value :  1.66877e-07
 Reference value :  1.67379e-07
 Reference value :  1.67820e-07
 Reference value :  1.68262e-07
 Reference value :  1.68724e-07
 Reference value :  1.69166e-07
 Reference value :  1.69628e-07
 Reference value :  1.70030e-07
 Reference value :  1.70451e-07
 Reference value :  1.70893e-07
 Reference value :  1.71335e-07
 Reference value :  1.71796e-07
 Reference value :  1.72218e-07
 Reference value :  1.72680e-07
 Reference value :  1.73142e-07
 Reference value :  1.73604e-07
 Reference value :  1.74065e-07
 Reference value :  1.74507e-07
 Reference value :  1.74969e-07
 Reference value :  1.75411e-07
 Reference value :  1.75873e-07
 Reference value :  1.76375e-07
 Reference value :  1.76816e-07
 Reference value :  1.77278e-07
 Reference value :  1.77740e-07
 Reference value :  1.78202e-07
 Reference value :  1.78684e-07
 Reference value :  1.79166e-07
 Reference value :  1.79607e-07
 Reference value :  1.80030e-07
 Reference value :  1.80451e-07
 Reference value :  1.80933e-07
 Reference value :  1.81415e-07
 Reference value :  1.81897e-07
 Reference value :  1.82399e-07
 Reference value :  1.82841e-07
 Reference value :  1.83282e-07
 Reference value :  1.83744e-07
 Reference value :  1.84206e-07
 Reference value :  1.84668e-07
 Reference value :  1.85150e-07
 Reference value :  1.85612e-07
 Reference value :  1.86073e-07
 Reference value :  1.86535e-07
 Reference value :  1.86997e-07
 Reference value :  1.87459e-07
 Reference value :  1.87921e-07
 Reference value :  1.88403e-07
 Reference value :  1.88844e-07
 Reference value :  1.89306e-07
 Reference value :  1.89748e-07
 Reference value :  1.90171e-07
 Reference value :  1.90592e-07
 Reference value :  1.91053e-07
 Reference value :  1.91535e-07
 Reference value :  1.91997e-07
 Reference value :  1.92459e-07
 Reference value :  1.92921e-07
 Reference value :  1.93363e-07
 Reference value :  1.93824e-07
 Reference value :  1.94306e-07
 Reference value :  1.94748e-07
 Reference value :  1.95190e-07
 Reference value :  1.95652e-07
 Reference value :  1.96114e-07
 Reference value :  1.96575e-07
 Reference value :  1.97037e-07
 Reference value :  1.97519e-07
 Reference value :  1.97981e-07
 Reference value :  1.98423e-07
 Reference value :  1.98885e-07
 Reference value :  1.99326e-07
 Reference value :  1.99788e-07
 Reference value :  2.00202e-07
 Reference value :  2.00652e-07
 Reference value :  2.01094e-07
 Reference value :  2.01555e-07
 Reference value :  2.02017e-07
 Reference value :  2.02479e-07
 Reference value :  2.02921e-07
 Reference value :  2.03423e-07
 Reference value :  2.03865e-07
 Reference value :  2.04306e-07
 Reference value :  2.04748e-07
 Reference value :  2.05210e-07
 Reference value :  2.05652e-07
 Reference value :  2.06114e-07
 Reference value :  2.06595e-07
 Reference value :  2.07037e-07
 Reference value :  2.07479e-07
 Reference value :  2.07921e-07
 Reference value :  2.08363e-07
 Reference value :  2.08824e-07
 Reference value :  2.09306e-07
 Reference value :  2.09768e-07
 Reference value :  2.10171e-07
 Reference value :  2.10571e-07
 Reference value :  2.11053e-07
 Reference value :  2.11515e-07
 Reference value :  2.11957e-07
 Reference value :  2.12439e-07
 Reference value :  2.12861e-07
 Reference value :  2.13302e-07
 Reference value :  2.13724e-07
 Reference value :  2.14146e-07
 Reference value :  2.14587e-07
 Reference value :  2.15029e-07
 Reference value :  2.15531e-07
 Reference value :  2.15973e-07
 Reference value :  2.16415e-07
 Reference value :  2.16877e-07
 Reference value :  2.17318e-07
 Reference value :  2.17800e-07
 Reference value :  2.18302e-07
 Reference value :  2.18764e-07
 Reference value :  2.19226e-07
 Reference value :  2.19688e-07
 Reference value :  2.20110e-07
 Reference value :  2.20551e-07
 Reference value :  2.21013e-07
 Reference value :  2.21515e-07
 Reference value :  2.21957e-07
 Reference value :  2.22399e-07
 Reference value :  2.22820e-07
 Reference value :  2.23282e-07
 Reference value :  2.23724e-07
 Reference value :  2.24186e-07
 Reference value :  2.24668e-07
 Reference value :  2.25130e-07
 Reference value :  2.25591e-07
 Reference value :  2.26053e-07
 Reference value :  2.26495e-07
 Reference value :  2.26957e-07
 Reference value :  2.27439e-07
 Reference value :  2.27901e-07
 Reference value :  2.28363e-07
 Reference value :  2.28804e-07
 Reference value :  2.29266e-07
 Reference value :  2.29728e-07
 Reference value :  2.30151e-07
 Reference value :  2.30612e-07
 Reference value :  2.31073e-07
 Reference value :  2.31535e-07
 Reference value :  2.32017e-07
 Reference value :  2.32479e-07
 Reference value :  2.32961e-07
 Reference value :  2.33443e-07
 Reference value :  2.33885e-07
 Reference value :  2.34326e-07
 Reference value :  2.34768e-07
 Reference value :  2.35210e-07
 Reference value :  2.35672e-07
 Reference value :  2.36134e-07
 Reference value :  2.36636e-07
 Reference value :  2.37057e-07
 Reference value :  2.37499e-07
 Reference value :  2.37921e-07
 Reference value :  2.38363e-07
 Reference value :  2.38824e-07
 Reference value :  2.39306e-07
 Reference value :  2.39788e-07
 Reference value :  2.40200e-07
 Reference value :  2.40632e-07
 Reference value :  2.41114e-07
 Reference value :  2.41575e-07
 Reference value :  2.42037e-07
 Reference value :  2.42519e-07
 Reference value :  2.42961e-07
 Reference value :  2.43423e-07
 Reference value :  2.43865e-07
 Reference value :  2.44326e-07
 Reference value :  2.44788e-07
 Reference value :  2.45250e-07
 Reference value :  2.45732e-07
 Reference value :  2.46194e-07
 Reference value :  2.46616e-07
 Reference value :  2.47057e-07
 Reference value :  2.47479e-07
 Reference value :  2.47941e-07
 Reference value :  2.48423e-07
 Reference value :  2.48865e-07
 Reference value :  2.49326e-07
 Reference value :  2.49768e-07
 Reference value :  2.50185e-07
 Reference value :  2.50592e-07
 Reference value :  2.51053e-07
 Reference value :  2.51535e-07
 Reference value :  2.51977e-07
 Reference value :  2.52419e-07
 Reference value :  2.52861e-07
 Reference value :  2.53302e-07
 Reference value :  2.53744e-07
 Reference value :  2.54206e-07
 Reference value :  2.54688e-07
 Reference value :  2.55130e-07
 Reference value :  2.55571e-07
 Reference value :  2.55993e-07
 Reference value :  2.56435e-07
 Reference value :  2.56897e-07
 Reference value :  2.57359e-07
 Reference value :  2.57820e-07
 Reference value :  2.58262e-07
 Reference value :  2.58704e-07
 Reference value :  2.59166e-07
 Reference value :  2.59607e-07
 Reference value :  2.60014e-07
 Reference value :  2.60451e-07
 Reference value :  2.60913e-07
 Reference value :  2.61355e-07
 Reference value :  2.61796e-07
 Reference value :  2.62258e-07
 Reference value :  2.62720e-07
 Reference value :  2.63162e-07
 Reference value :  2.63644e-07
 Reference value :  2.64085e-07
 Reference value :  2.64527e-07
 Reference value :  2.64969e-07
 Reference value :  2.65411e-07
 Reference value :  2.65873e-07
 Reference value :  2.66314e-07
 Reference value :  2.66796e-07
 Reference value :  2.67238e-07
 Reference value :  2.67680e-07
 Reference value :  2.68122e-07
 Reference value :  2.68583e-07
 Reference value :  2.69065e-07
 Reference value :  2.69567e-07
 Reference value :  2.70002e-07
 Reference value :  2.70391e-07
 Reference value :  2.70833e-07
 Reference value :  2.71314e-07
 Reference value :  2.71796e-07
 Reference value :  2.72278e-07
 Reference value :  2.72780e-07
 Reference value :  2.73222e-07
 Reference value :  2.73684e-07
 Reference value :  2.74126e-07
 Reference value :  2.74587e-07
 Reference value :  2.75049e-07
 Reference value :  2.75531e-07
 Reference value :  2.75993e-07
 Reference value :  2.76455e-07
 Reference value :  2.76917e-07
 Reference value :  2.77379e-07
 Reference value :  2.77800e-07
 Reference value :  2.78222e-07
 Reference value :  2.78744e-07
 Reference value :  2.79186e-07
 Reference value :  2.79648e-07
 Reference value :  2.80090e-07
 Reference value :  2.80531e-07
 Reference value :  2.80993e-07
 Reference value :  2.81475e-07
 Reference value :  2.81957e-07
 Reference value :  2.82399e-07
 Reference value :  2.82861e-07
 Reference value :  2.83322e-07
 Reference value :  2.83784e-07
 Reference value :  2.84246e-07
 Reference value :  2.84748e-07
 Reference value :  2.85170e-07
 Reference value :  2.85612e-07
 Reference value :  2.86053e-07
 Reference value :  2.86515e-07
 Reference value :  2.86997e-07
 Reference value :  2.87479e-07
 Reference value :  2.87961e-07
 Reference value :  2.88423e-07
 Reference value :  2.88865e-07
 Reference value :  2.89326e-07
 Reference value :  2.89768e-07
 Reference value :  2.90185e-07
 Reference value :  2.90652e-07
 Reference value :  2.91114e-07
 Reference value :  2.91555e-07
 Reference value :  2.92017e-07
 Reference value :  2.92459e-07
 Reference value :  2.92921e-07
 Reference value :  2.93383e-07
 Reference value :  2.93885e-07
 Reference value :  2.94347e-07
 Reference value :  2.94808e-07
 Reference value :  2.95270e-07
 Reference value :  2.95732e-07
 Reference value :  2.96214e-07
 Reference value :  2.96696e-07
 Reference value :  2.97158e-07
 Reference value :  2.97599e-07
 Reference value :  2.98061e-07
 Reference value :  2.98503e-07
 Reference value :  2.98985e-07
 Reference value :  2.99467e-07
 Reference value :  2.99929e-07
 Reference value :  3.00290e-07
 Reference value :  3.00752e-07
 Reference value :  3.01194e-07
 Reference value :  3.01656e-07
 Reference value :  3.02138e-07
 Reference value :  3.02640e-07
 Reference value :  3.03102e-07
 Reference value :  3.03543e-07
 Reference value :  3.03985e-07
 Reference value :  3.04447e-07
 Reference value :  3.04909e-07
 Reference value :  3.05371e-07
 Reference value :  3.05873e-07
 Reference value :  3.06334e-07
 Reference value :  3.06776e-07
 Reference value :  3.07198e-07
 Reference value :  3.07640e-07
 Reference value :  3.08081e-07
 Reference value :  3.08543e-07
 Reference value :  3.09005e-07
 Reference value :  3.09467e-07
 Reference value :  3.09909e-07
 Reference value :  3.10290e-07
 Reference value :  3.10712e-07
 Reference value :  3.11174e-07
 Reference value :  3.11616e-07
 Reference value :  3.12077e-07
 Reference value :  3.12539e-07
 Reference value :  3.12981e-07
 Reference value :  3.13443e-07
 Reference value :  3.13885e-07
 Reference value :  3.14326e-07
 Reference value :  3.14788e-07
 Reference value :  3.15230e-07
 Reference value :  3.15672e-07
 Reference value :  3.16093e-07
 Reference value :  3.16535e-07
 Reference value :  3.16977e-07
 Reference value :  3.17439e-07
 Reference value :  3.17921e-07
 Reference value :  3.18363e-07
 Reference value :  3.18804e-07
 Reference value :  3.19246e-07
 Reference value :  3.19688e-07
 Reference value :  3.20110e-07
 Reference value :  3.20531e-07
 Reference value :  3.21053e-07
 Reference value :  3.21495e-07
 Reference value :  3.21957e-07
 Reference value :  3.22439e-07
 Reference value :  3.22901e-07
 Reference value :  3.23363e-07
 Reference value :  3.23865e-07
 Reference value :  3.24326e-07
 Reference value :  3.24788e-07
 Reference value :  3.25230e-07
 Reference value :  3.25692e-07
 Reference value :  3.26114e-07
 Reference value :  3.26535e-07
 Reference value :  3.26977e-07
 Reference value :  3.27399e-07
 Reference value :  3.27820e-07
 Reference value :  3.28242e-07
 Reference value :  3.28664e-07
 Reference value :  3.29105e-07
 Reference value :  3.29527e-07
 Reference value :  3.30000e-07
 Reference value :  3.30371e-07
 Reference value :  3.30812e-07
 Reference value :  3.31234e-07
 Reference value :  3.31676e-07
 Reference value :  3.32118e-07
 Reference value :  3.32539e-07
 Reference value :  3.33001e-07
 Reference value :  3.33443e-07
 Reference value :  3.33885e-07
 Reference value :  3.34326e-07
 Reference value :  3.34768e-07
 Reference value :  3.35190e-07
 Reference value :  3.35632e-07
 Reference value :  3.36093e-07
 Reference value :  3.36535e-07
 Reference value :  3.36957e-07
 Reference value :  3.37399e-07
 Reference value :  3.37820e-07
 Reference value :  3.38262e-07
 Reference value :  3.38704e-07
 Reference value :  3.39146e-07
 Reference value :  3.39587e-07
 Reference value :  3.40002e-07
 Reference value :  3.40411e-07
 Reference value :  3.40873e-07
 Reference value :  3.41355e-07
 Reference value :  3.41857e-07
 Reference value :  3.42318e-07
 Reference value :  3.42780e-07
 Reference value :  3.43222e-07
 Reference value :  3.43684e-07
 Reference value :  3.44146e-07
 Reference value :  3.44608e-07
 Reference value :  3.45110e-07
 Reference value :  3.45551e-07
 Reference value :  3.46013e-07
 Reference value :  3.46475e-07
 Reference value :  3.46937e-07
 Reference value :  3.47399e-07
 Reference value :  3.47861e-07
 Reference value :  3.48322e-07
 Reference value :  3.48784e-07
 Reference value :  3.49246e-07
 Reference value :  3.49708e-07
 Reference value :  3.50131e-07
 Reference value :  3.50571e-07
 Reference value :  3.51053e-07
 Reference value :  3.51495e-07
 Reference value :  3.51957e-07
 Reference value :  3.52419e-07
 Reference value :  3.52861e-07
 Reference value :  3.53322e-07
 Reference value :  3.53784e-07
 Reference value :  3.54246e-07
 Reference value :  3.54708e-07
 Reference value :  3.55150e-07
 Reference value :  3.55591e-07
 Reference value :  3.56033e-07
 Reference value :  3.56475e-07
 Reference value :  3.56937e-07
 Reference value :  3.57379e-07
 Reference value :  3.57820e-07
 Reference value :  3.58262e-07
 Reference value :  3.58704e-07
 Reference value :  3.59166e-07
 Reference value :  3.59607e-07
 Reference value :  3.60030e-07
 Reference value :  3.60431e-07
 Reference value :  3.60893e-07
 Reference value :  3.61335e-07
 Reference value :  3.61776e-07
 Reference value :  3.62238e-07
 Reference value :  3.62680e-07
 Reference value :  3.63162e-07
 Reference value :  3.63583e-07
 Reference value :  3.64025e-07
 Reference value :  3.64467e-07
 Reference value :  3.64909e-07
 Reference value :  3.65371e-07
 Reference value :  3.65812e-07
 Reference value :  3.66294e-07
 Reference value :  3.66736e-07
 Reference value :  3.67158e-07
 Reference value :  3.67579e-07
 Reference value :  3.68001e-07
 Reference value :  3.68443e-07
 Reference value :  3.68905e-07
 Reference value :  3.69346e-07
 Reference value :  3.69768e-07
 Reference value :  3.70171e-07
 Reference value :  3.70592e-07
 Reference value :  3.71033e-07
 Reference value :  3.71475e-07
 Reference value :  3.71937e-07
 Reference value :  3.72399e-07
 Reference value :  3.72861e-07
 Reference value :  3.73302e-07
 Reference value :  3.73764e-07
 Reference value :  3.74226e-07
 Reference value :  3.74668e-07
 Reference value :  3.75150e-07
 Reference value :  3.75591e-07
 Reference value :  3.76053e-07
 Reference value :  3.76495e-07
 Reference value :  3.76937e-07
 Reference value :  3.77379e-07
 Reference value :  3.77840e-07
 Reference value :  3.78302e-07
 Reference value :  3.78764e-07
 Reference value :  3.79226e-07
 Reference value :  3.79688e-07
 Reference value :  3.80110e-07
 Reference value :  3.80531e-07
 Reference value :  3.81013e-07
 Reference value :  3.81495e-07
 Reference value :  3.81957e-07
 Reference value :  3.82399e-07
 Reference value :  3.82861e-07
 Reference value :  3.83282e-07
 Reference value :  3.83744e-07
 Reference value :  3.84226e-07
 Reference value :  3.84668e-07
 Reference value :  3.85110e-07
 Reference value :  3.85571e-07
 Reference value :  3.86013e-07
 Reference value :  3.86475e-07
 Reference value :  3.86937e-07
 Reference value :  3.87399e-07
 Reference value :  3.87840e-07
 Reference value :  3.88282e-07
 Reference value :  3.88744e-07
 Reference value :  3.89186e-07
 Reference value :  3.89628e-07
 Reference value :  3.90050e-07
 Reference value :  3.90471e-07
 Reference value :  3.90933e-07
 Reference value :  3.91395e-07
 Reference value :  3.91837e-07
 Reference value :  3.92298e-07
 Reference value :  3.92760e-07
 Reference value :  3.93242e-07
 Reference value :  3.93684e-07
 Reference value :  3.94126e-07
 Reference value :  3.94567e-07
 Reference value :  3.95029e-07
 Reference value :  3.95471e-07
 Reference value :  3.95933e-07
 Reference value :  3.96395e-07
 Reference value :  3.96836e-07
 Reference value :  3.97258e-07
 Reference value :  3.97700e-07
 Reference value :  3.98142e-07
 Reference value :  3.98583e-07
 Reference value :  3.99045e-07
 Reference value :  3.99507e-07
 Reference value :  3.99969e-07
 Reference value :  4.00351e-07
 Reference value :  4.00833e-07
 Reference value :  4.01314e-07
 Reference value :  4.01796e-07
 Reference value :  4.02298e-07
 Reference value :  4.02740e-07
 Reference value :  4.03202e-07
 Reference value :  4.03664e-07
 Reference value :  4.04126e-07
 Reference value :  4.04587e-07
 Reference value :  4.05029e-07
 Reference value :  4.05491e-07
 Reference value :  4.05953e-07
 Reference value :  4.06375e-07
 Reference value :  4.06836e-07
 Reference value :  4.07278e-07
 Reference value :  4.07740e-07
 Reference value :  4.08242e-07
 Reference value :  4.08684e-07
 Reference value :  4.09126e-07
 Reference value :  4.09567e-07
 Reference value :  4.10002e-07
 Reference value :  4.10371e-07
 Reference value :  4.10833e-07
 Reference value :  4.11314e-07
 Reference value :  4.11756e-07
 Reference value :  4.12198e-07
 Reference value :  4.12640e-07
 Reference value :  4.13102e-07
 Reference value :  4.13543e-07
 Reference value :  4.13985e-07
 Reference value :  4.14467e-07
 Reference value :  4.14909e-07
 Reference value :  4.15351e-07
 Reference value :  4.15812e-07
 Reference value :  4.16254e-07
 Reference value :  4.16696e-07
 Reference value :  4.17178e-07
 Reference value :  4.17660e-07
 Reference value :  4.18122e-07
 Reference value :  4.18583e-07
 Reference value :  4.19065e-07
 Reference value :  4.19527e-07
 Reference value :  4.19984e-07
 Reference value :  4.20391e-07
 Reference value :  4.20833e-07
 Reference value :  4.21274e-07
 Reference value :  4.21736e-07
 Reference value :  4.22178e-07
 Reference value :  4.22640e-07
 Reference value :  4.23122e-07
 Reference value :  4.23583e-07
 Reference value :  4.24025e-07
 Reference value :  4.24467e-07
 Reference value :  4.24909e-07
 Reference value :  4.25371e-07
 Reference value :  4.25832e-07
 Reference value :  4.26334e-07
 Reference value :  4.26776e-07
 Reference value :  4.27218e-07
 Reference value :  4.27660e-07
 Reference value :  4.28122e-07
 Reference value :  4.28583e-07
 Reference value :  4.29045e-07
 Reference value :  4.29527e-07
 Reference value :  4.29984e-07
 Reference value :  4.30351e-07
 Reference value :  4.30833e-07
 Reference value :  4.31294e-07
 Reference value :  4.31756e-07
 Reference value :  4.32238e-07
 Reference value :  4.32700e-07
 Reference value :  4.33142e-07
 Reference value :  4.33583e-07
 Reference value :  4.34025e-07
 Reference value :  4.34467e-07
 Reference value :  4.34909e-07
 Reference value :  4.35391e-07
 Reference value :  4.35812e-07
 Reference value :  4.36214e-07
 Reference value :  4.36636e-07
 Reference value :  4.37057e-07
 Reference value :  4.37459e-07
 Reference value :  4.37881e-07
 Reference value :  4.38342e-07
 Reference value :  4.38764e-07
 Reference value :  4.39186e-07
 Reference value :  4.39628e-07
 Reference value :  4.40030e-07
 Reference value :  4.40431e-07
 Reference value :  4.40873e-07
 Reference value :  4.41355e-07
 Reference value :  4.41796e-07
 Reference value :  4.42258e-07
 Reference value :  4.42720e-07
 Reference value :  4.43162e-07
 Reference value :  4.43583e-07
 Reference value :  4.44005e-07
 Reference value :  4.44467e-07
 Reference value :  4.44889e-07
 Reference value :  4.45310e-07
 Reference value :  4.45732e-07
 Reference value :  4.46174e-07
 Reference value :  4.46575e-07
 Reference value :  4.46997e-07
 Reference value :  4.47479e-07
 Reference value :  4.47941e-07
 Reference value :  4.48423e-07
 Reference value :  4.48905e-07
 Reference value :  4.49367e-07
 Reference value :  4.49828e-07
 Reference value :  4.50214e-07
 Reference value :  4.50692e-07
 Reference value :  4.51154e-07
 Reference value :  4.51596e-07
 Reference value :  4.52037e-07
 Reference value :  4.52499e-07
 Reference value :  4.52941e-07
 Reference value :  4.53423e-07
 Reference value :  4.53845e-07
 Reference value :  4.54286e-07
 Reference value :  4.54728e-07
 Reference value :  4.55190e-07
 Reference value :  4.55652e-07
 Reference value :  4.56093e-07
 Reference value :  4.56575e-07
 Reference value :  4.56997e-07
 Reference value :  4.57419e-07
 Reference value :  4.57840e-07
 Reference value :  4.58262e-07
 Reference value :  4.58664e-07
 Reference value :  4.59085e-07
 Reference value :  4.59567e-07
 Reference value :  4.59984e-07
 Reference value :  4.60351e-07
 Reference value :  4.60833e-07
 Reference value :  4.61294e-07
 Reference value :  4.61776e-07
 Reference value :  4.62258e-07
 Reference value :  4.62720e-07
 Reference value :  4.63182e-07
 Reference value :  4.63624e-07
 Reference value :  4.64085e-07
 Reference value :  4.64547e-07
 Reference value :  4.65009e-07
 Reference value :  4.65511e-07
 Reference value :  4.65953e-07
 Reference value :  4.66415e-07
 Reference value :  4.66877e-07
 Reference value :  4.67338e-07
 Reference value :  4.67800e-07
 Reference value :  4.68262e-07
 Reference value :  4.68724e-07
 Reference value :  4.69186e-07
 Reference value :  4.69628e-07
 Reference value :  4.70050e-07
 Reference value :  4.70471e-07
 Reference value :  4.70953e-07
 Reference value :  4.71435e-07
 Reference value :  4.71917e-07
 Reference value :  4.72379e-07
 Reference value :  4.72820e-07
 Reference value :  4.73262e-07
 Reference value :  4.73684e-07
 Reference value :  4.74106e-07
 Reference value :  4.74608e-07
 Reference value :  4.75049e-07
 Reference value :  4.75511e-07
 Reference value :  4.75973e-07
 Reference value :  4.76435e-07
 Reference value :  4.76897e-07
 Reference value :  4.77379e-07
 Reference value :  4.77840e-07
 Reference value :  4.78302e-07
 Reference value :  4.78764e-07
 Reference value :  4.79226e-07
 Reference value :  4.79688e-07
 Reference value :  4.80131e-07
 Reference value :  4.80592e-07
 Reference value :  4.81053e-07
 Reference value :  4.81535e-07
 Reference value :  4.82017e-07
 Reference value :  4.82479e-07
 Reference value :  4.82961e-07
 Reference value :  4.83463e-07
 Reference value :  4.83925e-07
 Reference value :  4.84387e-07
 Reference value :  4.84849e-07
 Reference value :  4.85330e-07
 Reference value :  4.85792e-07
 Reference value :  4.86294e-07
 Reference value :  4.86776e-07
 Reference value :  4.87238e-07
 Reference value :  4.87680e-07
 Reference value :  4.88142e-07
 Reference value :  4.88583e-07
 Reference value :  4.89045e-07
 Reference value :  4.89527e-07
 Reference value :  4.89949e-07
 Reference value :  4.90310e-07
 Reference value :  4.90752e-07
 Reference value :  4.91214e-07
 Reference value :  4.91656e-07
 Reference value :  4.92118e-07
 Reference value :  4.92600e-07
 Reference value :  4.93041e-07
 Reference value :  4.93483e-07
 Reference value :  4.93925e-07
 Reference value :  4.94387e-07
 Reference value :  4.94828e-07
 Reference value :  4.95270e-07
 Reference value :  4.95752e-07
 Reference value :  4.96194e-07
 Reference value :  4.96616e-07
 Reference value :  4.97077e-07
 Reference value :  4.97519e-07
 Reference value :  4.97941e-07
 Reference value :  4.98383e-07
 Reference value :  4.98824e-07
 Reference value :  4.99246e-07
 Reference value :  4.99668e-07
 Reference value :  5.00030e-07
 Reference value :  5.00431e-07
 Reference value :  5.00913e-07
 Reference value :  5.01375e-07
 Reference value :  5.01837e-07
 Reference value :  5.02298e-07
 Reference value :  5.02760e-07
 Reference value :  5.03222e-07
 Reference value :  5.03684e-07
 Reference value :  5.04126e-07
 Reference value :  5.04608e-07
 Reference value :  5.05049e-07
 Reference value :  5.05491e-07
 Reference value :  5.05953e-07
 Reference value :  5.06415e-07
 Reference value :  5.06877e-07
 Reference value :  5.07359e-07
 Reference value :  5.07840e-07
 Reference value :  5.08302e-07
 Reference value :  5.08764e-07
 Reference value :  5.09246e-07
 Reference value :  5.09708e-07
 Reference value :  5.10131e-07
 Reference value :  5.10592e-07
 Reference value :  5.11053e-07
 Reference value :  5.11515e-07
 Reference value :  5.11977e-07
 Reference value :  5.12459e-07
 Reference value :  5.12921e-07
 Reference value :  5.13383e-07
 Reference value :  5.13885e-07
 Reference value :  5.14326e-07
 Reference value :  5.14788e-07
 Reference value :  5.15250e-07
 Reference value :  5.15712e-07
 Reference value :  5.16174e-07
 Reference value :  5.16676e-07
 Reference value :  5.17138e-07
 Reference value :  5.17579e-07
 Reference value :  5.18021e-07
 Reference value :  5.18483e-07
 Reference value :  5.18945e-07
 Reference value :  5.19427e-07
 Reference value :  5.19909e-07
 Reference value :  5.20270e-07
 Reference value :  5.20732e-07
 Reference value :  5.21214e-07
 Reference value :  5.21676e-07
 Reference value :  5.22158e-07
 Reference value :  5.22660e-07
 Reference value :  5.23102e-07
 Reference value :  5.23563e-07
 Reference value :  5.24025e-07
 Reference value :  5.24487e-07
 Reference value :  5.24949e-07
 Reference value :  5.25371e-07
 Reference value :  5.25832e-07
 Reference value :  5.26254e-07
 Reference value :  5.26676e-07
 Reference value :  5.27097e-07
 Reference value :  5.27539e-07
 Reference value :  5.28001e-07
 Reference value :  5.28483e-07
 Reference value :  5.28945e-07
 Reference value :  5.29407e-07
 Reference value :  5.29848e-07
 Reference value :  5.30230e-07
 Reference value :  5.30672e-07
 Reference value :  5.31134e-07
 Reference value :  5.31596e-07
 Reference value :  5.32037e-07
 Reference value :  5.32479e-07
 Reference value :  5.32901e-07
 Reference value :  5.33363e-07
 Reference value :  5.33824e-07
 Reference value :  5.34266e-07
 Reference value :  5.34748e-07
 Reference value :  5.35170e-07
 Reference value :  5.35612e-07
 Reference value :  5.36033e-07
 Reference value :  5.36495e-07
 Reference value :  5.36937e-07
 Reference value :  5.37379e-07
 Reference value :  5.37881e-07
 Reference value :  5.38322e-07
 Reference value :  5.38784e-07
 Reference value :  5.39246e-07
 Reference value :  5.39688e-07
 Reference value :  5.40131e-07
 Reference value :  5.40571e-07
 Reference value :  5.41053e-07
 Reference value :  5.41515e-07
 Reference value :  5.41957e-07
 Reference value :  5.42419e-07
 Reference value :  5.42881e-07
 Reference value :  5.43343e-07
 Reference value :  5.43824e-07
 Reference value :  5.44286e-07
 Reference value :  5.44748e-07
 Reference value :  5.45190e-07
 Reference value :  5.45632e-07
 Reference value :  5.46073e-07
 Reference value :  5.46515e-07
 Reference value :  5.46977e-07
 Reference value :  5.47419e-07
 Reference value :  5.47881e-07
 Reference value :  5.48322e-07
 Reference value :  5.48784e-07
 Reference value :  5.49266e-07
 Reference value :  5.49748e-07
 Reference value :  5.50171e-07
 Reference value :  5.50592e-07
 Reference value :  5.51053e-07
 Reference value :  5.51535e-07
 Reference value :  5.51997e-07
 Reference value :  5.52459e-07
 Reference value :  5.52921e-07
 Reference value :  5.53383e-07
 Reference value :  5.53845e-07
 Reference value :  5.54326e-07
 Reference value :  5.54768e-07
 Reference value :  5.55210e-07
 Reference value :  5.55672e-07
 Reference value :  5.56134e-07
 Reference value :  5.56595e-07
 Reference value :  5.57037e-07
 Reference value :  5.57499e-07
 Reference value :  5.57961e-07
 Reference value :  5.58423e-07
 Reference value :  5.58925e-07
 Reference value :  5.59407e-07
 Reference value :  5.59909e-07
 Reference value :  5.60371e-07
 Reference value :  5.60853e-07
 Reference value :  5.61355e-07
 Reference value :  5.61897e-07
 Reference value :  5.62379e-07
 Reference value :  5.62881e-07
 Reference value :  5.63363e-07
 Reference value :  5.63845e-07
 Reference value :  5.64347e-07
 Reference value :  5.64869e-07
 Reference value :  5.65351e-07
 Reference value :  5.65853e-07
 Reference value :  5.66334e-07
 Reference value :  5.66816e-07
 Reference value :  5.67338e-07
 Reference value :  5.67861e-07
 Reference value :  5.68342e-07
 Reference value :  5.68824e-07
 Reference value :  5.69326e-07
 Reference value :  5.69808e-07
 Reference value :  5.70230e-07
 Reference value :  5.70772e-07
 Reference value :  5.71294e-07
 Reference value :  5.71776e-07
 Reference value :  5.72258e-07
 Reference value :  5.72760e-07
 Reference value :  5.73262e-07
 Reference value :  5.73784e-07
 Reference value :  5.74286e-07
 Reference value :  5.74768e-07
 Reference value :  5.75250e-07
 Reference value :  5.75752e-07
 Reference value :  5.76254e-07
 Reference value :  5.76776e-07
 Reference value :  5.77278e-07
 Reference value :  5.77760e-07
 Reference value :  5.78242e-07
 Reference value :  5.78744e-07
 Reference value :  5.79246e-07
 Reference value :  5.79748e-07
 Reference value :  5.80200e-07
 Reference value :  5.80652e-07
 Reference value :  5.81134e-07
 Reference value :  5.81636e-07
 Reference value :  5.82098e-07
 Reference value :  5.82600e-07
 Reference value :  5.83122e-07
 Reference value :  5.83624e-07
 Reference value :  5.84106e-07
 Reference value :  5.84608e-07
 Reference value :  5.85110e-07
 Reference value :  5.85612e-07
 Reference value :  5.86134e-07
 Reference value :  5.86616e-07
 Reference value :  5.87097e-07
 Reference value :  5.87579e-07
 Reference value :  5.88061e-07
 Reference value :  5.88543e-07
 Reference value :  5.89065e-07
 Reference value :  5.89547e-07
 Reference value :  5.90006e-07
 Reference value :  5.90471e-07
 Reference value :  5.90973e-07
 Reference value :  5.91475e-07
 Reference value :  5.92017e-07
 Reference value :  5.92479e-07
 Reference value :  5.92961e-07
 Reference value :  5.93443e-07
 Reference value :  5.93925e-07
 Reference value :  5.94427e-07
 Reference value :  5.94929e-07
 Reference value :  5.95411e-07
 Reference value :  5.95913e-07
 Reference value :  5.96395e-07
 Reference value :  5.96897e-07
 Reference value :  5.97379e-07
 Reference value :  5.97901e-07
 Reference value :  5.98403e-07
 Reference value :  5.98905e-07
 Reference value :  5.99387e-07
 Reference value :  5.99869e-07
 Reference value :  6.00270e-07
 Reference value :  6.00792e-07
 Reference value :  6.01314e-07
 Reference value :  6.01796e-07
 Reference value :  6.02278e-07
No. of Data Rows : 30371
vmin_out            =  -1.10149e-02 at=  2.50030e-07
vmax_out            =  1.21654e+00 at=  1.70206e-07
ven_max             =  1.26041e+00 at=  5.60200e-07
ven_min             =  1.13928e+00 at=  2.50200e-07
Note: Simulation executed from .control section 
Warning: m=xx on .subckt line will override multiplier m hierarchy!

Note: Starting dynamic gmin stepping
Note: Dynamic gmin stepping completed
