
Note: No compatibility mode selected!


Circuit: * stage delay at code 128

Doing analysis at TEMP = 125.000000 and TNOM = 27.000000

Using SPARSE 1.3 as Direct Linear Solver

Initial Transient Solution
--------------------------

Node                                   Voltage
----                                   -------
vpwr                                      1.08
code[0]                                      0
code[1]                                      0
code[2]                                      0
code[3]                                      0
code[4]                                      0
code[5]                                      0
code[6]                                      0
code[7]                                   1.08
vbp                                   0.542671
vbn                                   0.412224
a                                            0
xdrv.net1                              1.07999
b                                      1.07999
xdrv.net2                          9.21369e-06
xdut.net1                              1.07997
y                                  3.69884e-05
xdut.net2                          3.26352e-05
xload.net1                             1.07999
z                                      1.07999
xload.net2                          9.2207e-06
xload2.net1                            1.07997
zz                                  3.6748e-05
xload2.net2                        3.24231e-05
vin#branch                         8.17215e-12
vc7#branch                        -7.15828e-08
vc6#branch                         4.72101e-12
vc5#branch                         2.35706e-12
vc4#branch                         1.17508e-12
vc3#branch                         5.84097e-13
vc2#branch                         2.88604e-13
vc1#branch                         1.40857e-13
vc0#branch                         6.69834e-14
vdd#branch                        -0.000191777

 Reference value :  3.39286e-10
 Reference value :  1.89034e-09
 Reference value :  3.06181e-09
 Reference value :  4.24246e-09
 Reference value :  5.79352e-09
 Reference value :  7.20937e-09
 Reference value :  8.27427e-09
 Reference value :  9.69105e-09
 Reference value :  1.12514e-08
 Reference value :  1.23949e-08
 Reference value :  1.36033e-08
 Reference value :  1.51451e-08
 Reference value :  1.65193e-08
 Reference value :  1.75842e-08
 Reference value :  1.90426e-08
 Reference value :  2.05983e-08
 Reference value :  2.17048e-08
 Reference value :  2.29410e-08
 Reference value :  2.44921e-08
 Reference value :  2.58292e-08
 Reference value :  2.69034e-08
No. of Data Rows : 6045
tin_f               =  1.18490e-08
tout_r              =  1.20972e-08
tin_r               =  1.64941e-08
tout_f              =  1.68210e-08
tplh=2.4819E-10 tphl=3.2689E-10
t40r                =  1.20477e-08
t60r                =  1.21557e-08
t60f                =  1.67682e-08
t40f                =  1.68754e-08
sr_r=2.00056E+09 sr_f=-2.01399E+09
tr                  =  1.19588e-08
tr8                 =  1.23731e-08
tf                  =  1.66640e-08
tf2                 =  1.70320e-08
trise=4.1426E-10 tfall=3.6803E-10
Note: Simulation executed from .control section 
Note: Starting dynamic gmin stepping
Note: Dynamic gmin stepping completed
