
Note: No compatibility mode selected!


Circuit: * stage delay at code 255

Doing analysis at TEMP = 27.000000 and TNOM = 27.000000

Using SPARSE 1.3 as Direct Linear Solver

Initial Transient Solution
--------------------------

Node                                   Voltage
----                                   -------
vpwr                                      1.08
code[0]                                   1.08
code[1]                                   1.08
code[2]                                   1.08
code[3]                                   1.08
code[4]                                   1.08
code[5]                                   1.08
code[6]                                   1.08
code[7]                                   1.08
vbp                                   0.365869
vbn                                   0.576009
a                                            0
xdrv.net1                                 1.08
b                                         1.08
xdrv.net2                          7.74715e-09
xdut.net1                                 1.08
y                                  8.50279e-08
xdut.net2                          7.09632e-08
xload.net1                                1.08
z                                         1.08
xload.net2                         7.74716e-09
xload2.net1                               1.08
zz                                  5.7984e-08
xload2.net2                        4.89772e-08
vin#branch                         1.53554e-12
vc7#branch                        -1.14787e-08
vc6#branch                        -5.73303e-09
vc5#branch                        -2.86018e-09
vc4#branch                        -1.42376e-09
vc3#branch                        -7.05548e-10
vc2#branch                        -3.46441e-10
vc1#branch                        -1.66888e-10
vc0#branch                        -7.71118e-11
vdd#branch                        -0.000380549

 Reference value :  1.84575e-10
 Reference value :  1.20263e-09
 Reference value :  1.96111e-09
 Reference value :  2.74122e-09
 Reference value :  3.73518e-09
 Reference value :  4.66167e-09
 Reference value :  5.33937e-09
 Reference value :  6.20683e-09
 Reference value :  7.20681e-09
 Reference value :  7.97608e-09
 Reference value :  8.75317e-09
 Reference value :  9.75617e-09
 Reference value :  1.06827e-08
 Reference value :  1.13543e-08
 Reference value :  1.22399e-08
 Reference value :  1.32278e-08
 Reference value :  1.39971e-08
 Reference value :  1.47651e-08
 Reference value :  1.57591e-08
 Reference value :  1.67006e-08
 Reference value :  1.73904e-08
No. of Data Rows : 6046
tin_f               =  7.71450e-09
tout_r              =  7.89819e-09
tin_r               =  1.07498e-08
tout_f              =  1.09612e-08
tplh=1.83694E-10 tphl=2.1149E-10
t40r                =  7.87318e-09
t60r                =  7.92515e-09
t60f                =  1.09336e-08
t40f                =  1.09897e-08
sr_r=4.15608E+09 sr_f=-3.85577E+09
tr                  =  7.82424e-09
tr8                 =  8.01451e-09
tf                  =  1.08783e-08
tf2                 =  1.10638e-08
trise=1.9027E-10 tfall=1.8549E-10
Note: Simulation executed from .control section 
Note: Starting dynamic gmin stepping
Note: Dynamic gmin stepping completed
