
Note: Compatibility modes selected: hs a


Circuit: * tt_analog_ring, code 16

Doing analysis at TEMP = 27.000000 and TNOM = 27.000000

Using SPARSE 1.3 as Direct Linear Solver
 Reference value :  0.00000e+00
No. of Data Rows : 1
idd_dis=5.11695E-05 vbp=0.745232 vbn=0.356764 clk_dis=1.2
Doing analysis at TEMP = 27.000000 and TNOM = 27.000000

Using SPARSE 1.3 as Direct Linear Solver

Initial Transient Solution
--------------------------

Node                                   Voltage
----                                   -------
vpwr                                       1.2
code[0]                                      0
code[1]                                      0
code[2]                                      0
code[3]                                      0
code[4]                                    1.2
code[5]                                      0
code[6]                                      0
code[7]                                      0
enable                                       0
xdut.vbp                              0.745232
clk_out                                    1.2
xdut.b1                            1.61446e-07
xdut.s3                            1.78355e-06
xdut.s2                                    1.2
xdut.n_126                                 1.2
xdut.s1                            2.48759e-06
xdut.n_125                                 1.2
xdut.s10                                   1.2
xdut.s6                                    1.2
xdut.s5                            1.66741e-06
xdut.n_128                                 1.2
xdut.s9                            1.88813e-06
xdut.n_133                                 1.2
xdut.s4                                    1.2
xdut.n_129                                 1.2
xdut.s8                                    1.2
xdut.n_132                                 1.2
xdut.s7                            1.73715e-06
xdut.n_130                                 1.2
xdut.n_127                                 1.2
xdut.n_131                                 1.2
xdut.s0                                    1.2
xdut.n_124                                 1.2
xdut.n_71                          2.38355e-06
xdut.n_72                          1.66473e-06
xdut.n_70                          2.59164e-07
xdut.n_77                          1.69466e-06
xdut.n_75                          3.11046e-07
xdut.n_73                          5.43366e-07
xdut.n_67                          3.62183e-07
xdut.n_76                          2.66401e-07
xdut.n_69                          1.79908e-06
xdut.n_74                           1.5955e-06
xdut.n_122                                 1.2
xdut.n_i1005                           1.04308
xdut.n_68                          3.65778e-07
xdut.vbn                              0.356764
ven#branch                         7.55671e-12
vc7#branch                          4.0375e-12
vc6#branch                         2.01143e-12
vc5#branch                         1.00092e-12
vc4#branch                        -6.81706e-09
vc3#branch                         2.50527e-13
vc2#branch                         1.26536e-13
vc1#branch                          6.3881e-14
vc0#branch                         3.14144e-14
vdd#branch                        -5.11695e-05

 Reference value :  0.00000e+00
 Reference value :  1.13015e-08
 Reference value :  2.50309e-08
 Reference value :  3.87603e-08
 Reference value :  5.17671e-08
 Reference value :  6.47739e-08
 Reference value :  7.77807e-08
 Reference value :  9.07875e-08
 Reference value :  1.03794e-07
 Reference value :  1.10748e-07
 Reference value :  1.17612e-07
 Reference value :  1.24477e-07
 Reference value :  1.31703e-07
 Reference value :  1.38739e-07
 Reference value :  1.46688e-07
 Reference value :  1.54636e-07
 Reference value :  1.62513e-07
 Reference value :  1.70100e-07
 Reference value :  1.77687e-07
 Reference value :  1.85997e-07
 Reference value :  1.92732e-07
 Reference value :  2.00680e-07
 Reference value :  2.08268e-07
 Reference value :  2.16453e-07
 Reference value :  2.24402e-07
 Reference value :  2.32350e-07
 Reference value :  2.39973e-07
 Reference value :  2.48221e-07
 Reference value :  2.56170e-07
 Reference value :  2.65202e-07
 Reference value :  2.73047e-07
 Reference value :  2.81357e-07
 Reference value :  2.90389e-07
 Reference value :  2.97131e-07
 Reference value :  3.04719e-07
 Reference value :  3.12667e-07
 Reference value :  3.20494e-07
 Reference value :  3.28443e-07
 Reference value :  3.36030e-07
 Reference value :  3.43978e-07
 Reference value :  3.51182e-07
 Reference value :  3.59130e-07
 Reference value :  3.67079e-07
 Reference value :  3.74915e-07
 Reference value :  3.82141e-07
 Reference value :  3.89367e-07
 Reference value :  3.96494e-07
 Reference value :  4.03330e-07
 Reference value :  4.10918e-07
 Reference value :  4.18866e-07
 Reference value :  4.26329e-07
 Reference value :  4.33917e-07
 Reference value :  4.41504e-07
 Reference value :  4.48948e-07
 Reference value :  4.56292e-07
 Reference value :  4.63879e-07
 Reference value :  4.71466e-07
 Reference value :  4.78948e-07
 Reference value :  4.86535e-07
 Reference value :  4.93761e-07
 Reference value :  5.01251e-07
 Reference value :  5.08452e-07
 Reference value :  5.16039e-07
 Reference value :  5.23627e-07
 Reference value :  5.31092e-07
 Reference value :  5.38679e-07
 Reference value :  5.47712e-07
 Reference value :  5.57083e-07
 Reference value :  5.65031e-07
 Reference value :  5.72980e-07
 Reference value :  5.80860e-07
 Reference value :  5.88764e-07
 Reference value :  5.96352e-07
 Reference value :  6.04300e-07
 Reference value :  6.11038e-07
 Reference value :  6.18625e-07
 Reference value :  6.26213e-07
 Reference value :  6.34037e-07
 Reference value :  6.41263e-07
 Reference value :  6.48489e-07
 Reference value :  6.56438e-07
 Reference value :  6.63277e-07
 Reference value :  6.70864e-07
 Reference value :  6.78813e-07
 Reference value :  6.86655e-07
 Reference value :  6.94604e-07
 Reference value :  7.02191e-07
 Reference value :  7.10140e-07
 Reference value :  7.16521e-07
 Reference value :  7.24470e-07
 Reference value :  7.32418e-07
 Reference value :  7.39884e-07
 Reference value :  7.47471e-07
 Reference value :  7.55419e-07
 Reference value :  7.63220e-07
 Reference value :  7.70933e-07
 Reference value :  7.78520e-07
 Reference value :  7.86830e-07
 Reference value :  7.94304e-07
 Reference value :  8.02253e-07
 Reference value :  8.09840e-07
 Reference value :  8.16578e-07
 Reference value :  8.24165e-07
 Reference value :  8.31752e-07
 Reference value :  8.39339e-07
 Reference value :  8.46080e-07
 Reference value :  8.52945e-07
 Reference value :  8.60171e-07
 Reference value :  8.67758e-07
 Reference value :  8.73874e-07
 Reference value :  8.80739e-07
 Reference value :  8.87965e-07
 Reference value :  8.95126e-07
 Reference value :  9.02673e-07
 Reference value :  9.10621e-07
 Reference value :  9.18931e-07
 Reference value :  9.25674e-07
 Reference value :  9.33622e-07
 Reference value :  9.41571e-07
 Reference value :  9.49036e-07
 Reference value :  9.56624e-07
 Reference value :  9.64572e-07
 Reference value :  9.72521e-07
 Reference value :  9.79363e-07
 Reference value :  9.86950e-07
 Reference value :  9.94899e-07
 Reference value :  1.00237e-06
 Reference value :  1.00996e-06
 Reference value :  1.01755e-06
 Reference value :  1.02504e-06
 Reference value :  1.03223e-06
 Reference value :  1.04018e-06
 Reference value :  1.04813e-06
 Reference value :  1.05559e-06
 Reference value :  1.06318e-06
 Reference value :  1.07113e-06
 Reference value :  1.07869e-06
 Reference value :  1.08664e-06
 Reference value :  1.09459e-06
 Reference value :  1.10290e-06
 Reference value :  1.11002e-06
 Reference value :  1.11761e-06
 Reference value :  1.12483e-06
 Reference value :  1.13157e-06
 Reference value :  1.13916e-06
 Reference value :  1.14675e-06
 Reference value :  1.15470e-06
 Reference value :  1.16180e-06
 Reference value :  1.16903e-06
 Reference value :  1.17698e-06
 Reference value :  1.18418e-06
 Reference value :  1.19177e-06
 Reference value :  1.19972e-06
 Reference value :  1.20766e-06
 Reference value :  1.21478e-06
 Reference value :  1.22200e-06
 Reference value :  1.22887e-06
 Reference value :  1.23528e-06
 Reference value :  1.24247e-06
 Reference value :  1.24970e-06
 Reference value :  1.25692e-06
 Reference value :  1.26402e-06
 Reference value :  1.27125e-06
 Reference value :  1.27848e-06
 Reference value :  1.28606e-06
 Reference value :  1.29218e-06
 Reference value :  1.29904e-06
 Reference value :  1.30735e-06
 Reference value :  1.31520e-06
 Reference value :  1.32315e-06
 Reference value :  1.33109e-06
 Reference value :  1.33868e-06
 Reference value :  1.34542e-06
 Reference value :  1.35265e-06
 Reference value :  1.35988e-06
 Reference value :  1.36698e-06
 Reference value :  1.37421e-06
 Reference value :  1.38143e-06
 Reference value :  1.38902e-06
 Reference value :  1.39514e-06
 Reference value :  1.40164e-06
 Reference value :  1.40851e-06
 Reference value :  1.41573e-06
 Reference value :  1.42212e-06
 Reference value :  1.42863e-06
 Reference value :  1.43585e-06
 Reference value :  1.44308e-06
 Reference value :  1.44909e-06
 Reference value :  1.45632e-06
 Reference value :  1.46355e-06
 Reference value :  1.47113e-06
 Reference value :  1.47751e-06
 Reference value :  1.48474e-06
 Reference value :  1.49160e-06
 Reference value :  1.49808e-06
 Reference value :  1.50531e-06
 Reference value :  1.51253e-06
 Reference value :  1.52012e-06
 Reference value :  1.52688e-06
 Reference value :  1.53410e-06
 Reference value :  1.54133e-06
 Reference value :  1.54882e-06
 Reference value :  1.55494e-06
 Reference value :  1.56180e-06
 Reference value :  1.56831e-06
 Reference value :  1.57553e-06
 Reference value :  1.58155e-06
 Reference value :  1.58806e-06
 Reference value :  1.59492e-06
 Reference value :  1.60151e-06
 Reference value :  1.60827e-06
 Reference value :  1.61513e-06
 Reference value :  1.62236e-06
 Reference value :  1.62911e-06
 Reference value :  1.63597e-06
 Reference value :  1.64248e-06
 Reference value :  1.64898e-06
 Reference value :  1.65463e-06
 Reference value :  1.66150e-06
 Reference value :  1.66836e-06
 Reference value :  1.67559e-06
 Reference value :  1.68233e-06
 Reference value :  1.68956e-06
 Reference value :  1.69750e-06
 Reference value :  1.70581e-06
 Reference value :  1.71301e-06
 Reference value :  1.72060e-06
 Reference value :  1.72855e-06
 Reference value :  1.73603e-06
 Reference value :  1.74362e-06
 Reference value :  1.75121e-06
 Reference value :  1.75859e-06
 Reference value :  1.76517e-06
 Reference value :  1.77240e-06
 Reference value :  1.77963e-06
 Reference value :  1.78673e-06
 Reference value :  1.79360e-06
 Reference value :  1.80082e-06
 Reference value :  1.80841e-06
 Reference value :  1.81489e-06
 Reference value :  1.82212e-06
 Reference value :  1.82862e-06
 Reference value :  1.83548e-06
 Reference value :  1.84151e-06
 Reference value :  1.84802e-06
 Reference value :  1.85452e-06
 Reference value :  1.86138e-06
 Reference value :  1.86668e-06
 Reference value :  1.87318e-06
 Reference value :  1.88041e-06
 Reference value :  1.88763e-06
 Reference value :  1.89437e-06
 Reference value :  1.90124e-06
 Reference value :  1.90810e-06
 Reference value :  1.91533e-06
 Reference value :  1.92144e-06
 Reference value :  1.92867e-06
 Reference value :  1.93590e-06
 Reference value :  1.94338e-06
 Reference value :  1.95133e-06
 Reference value :  1.95855e-06
 Reference value :  1.96614e-06
 Reference value :  1.97252e-06
 Reference value :  1.98047e-06
 Reference value :  1.98842e-06
 Reference value :  1.99588e-06
 Reference value :  2.00347e-06
 Reference value :  2.01142e-06
 Reference value :  2.01973e-06
 Reference value :  2.02657e-06
 Reference value :  2.03416e-06
 Reference value :  2.04211e-06
 Reference value :  2.04958e-06
 Reference value :  2.05789e-06
 Reference value :  2.06548e-06
 Reference value :  2.07286e-06
 Reference value :  2.08017e-06
 Reference value :  2.08775e-06
 Reference value :  2.09534e-06
 Reference value :  2.10280e-06
 Reference value :  2.11147e-06
 Reference value :  2.11942e-06
 Reference value :  2.12662e-06
 Reference value :  2.13421e-06
 Reference value :  2.14180e-06
 Reference value :  2.14975e-06
 Reference value :  2.15687e-06
 Reference value :  2.16409e-06
No. of Data Rows : 6076
vhold_min           =  1.20000e+00 at=  4.62464e-10
tfirst              =  1.34180e-07
t1                  =  1.31371e-06
t2                  =  1.36612e-06
t3                  =  1.41847e-06
t4                  =  1.47088e-06
t5                  =  1.52322e-06
t6                  =  1.57563e-06
t7                  =  1.62798e-06
t8                  =  1.68039e-06
t9                  =  1.73274e-06
t10                 =  1.78515e-06
t11                 =  1.83750e-06
t12                 =  1.88990e-06
idd_run             =  -5.39772e-05 from=  1.30100e-06 to=  2.16800e-06
vmax                =  1.22367e+00 at=  1.47142e-06
vmin                =  -3.10605e-02 at=  1.44406e-06
Note: Simulation executed from .control section 
Warning: m=xx on .subckt line will override multiplier m hierarchy!

Note: Starting dynamic gmin stepping
Note: Dynamic gmin stepping completed
Note: Starting dynamic gmin stepping
Note: Dynamic gmin stepping completed
