
Note: No compatibility mode selected!


Circuit: * tt_analog_ring, code 0

Doing analysis at TEMP = 27.000000 and TNOM = 27.000000

Using SPARSE 1.3 as Direct Linear Solver
 Reference value :  0.00000e+00
No. of Data Rows : 1
idd_dis=5.87908E-06 vbp=0.854415 vbn=0.255661 clk_dis=1.2
Doing analysis at TEMP = 27.000000 and TNOM = 27.000000

Using SPARSE 1.3 as Direct Linear Solver

Initial Transient Solution
--------------------------

Node                                   Voltage
----                                   -------
vpwr                                       1.2
code[0]                                      0
code[1]                                      0
code[2]                                      0
code[3]                                      0
code[4]                                      0
code[5]                                      0
code[6]                                      0
code[7]                                      0
enable                                       0
xdut.vbp                              0.854415
xdut.vbn                              0.255661
xdut.n0                            8.63766e-06
xdut.p0                                1.19999
xdut.na0                              0.998715
xdut.s0                                1.19999
xdut.s10                               1.19999
xdut.n1                            1.11126e-05
xdut.p1                                1.19999
xdut.s1                            1.11881e-05
xdut.n2                            2.13528e-06
xdut.p2                                1.19999
xdut.s2                                1.19999
xdut.n3                            1.72367e-05
xdut.p3                                1.19999
xdut.s3                            1.73343e-05
xdut.n4                            1.69483e-06
xdut.p4                                1.19999
xdut.s4                                1.19999
xdut.n5                            1.25184e-05
xdut.p5                                    1.2
xdut.s5                            1.25927e-05
xdut.n6                            2.52125e-06
xdut.p6                                1.19999
xdut.s6                                1.19999
xdut.n7                            8.76474e-06
xdut.p7                                    1.2
xdut.s7                            8.83199e-06
xdut.n8                            8.16484e-07
xdut.p8                                1.19999
xdut.s8                                1.19999
xdut.n9                            8.57663e-06
xdut.p9                                1.19999
xdut.s9                            8.67566e-06
xdut.n10                           1.04874e-06
xdut.p10                               1.19999
xdut.b1                            1.66438e-07
clk_out                                    1.2
ven#branch                         7.27733e-12
vc7#branch                         6.42561e-12
vc6#branch                         3.20327e-12
vc5#branch                         1.60772e-12
vc4#branch                         8.00365e-13
vc3#branch                         4.01772e-13
vc2#branch                            2.01e-13
vc1#branch                         1.00482e-13
vc0#branch                         4.80764e-14
vdd#branch                        -5.87908e-06

 Reference value :  0.00000e+00
 Reference value :  5.48651e-08
 Reference value :  1.23271e-07
 Reference value :  1.91677e-07
 Reference value :  2.56575e-07
 Reference value :  3.24981e-07
 Reference value :  3.93387e-07
 Reference value :  4.61793e-07
 Reference value :  5.26330e-07
 Reference value :  5.47479e-07
 Reference value :  5.80805e-07
 Reference value :  6.12377e-07
 Reference value :  6.47457e-07
 Reference value :  6.77030e-07
 Reference value :  7.10356e-07
 Reference value :  7.43682e-07
 Reference value :  7.75254e-07
 Reference value :  8.05919e-07
 Reference value :  8.39245e-07
 Reference value :  8.70817e-07
 Reference value :  9.02389e-07
 Reference value :  9.32496e-07
 Reference value :  9.67576e-07
 Reference value :  1.00266e-06
 Reference value :  1.03598e-06
 Reference value :  1.06751e-06
 Reference value :  1.10435e-06
 Reference value :  1.13417e-06
 Reference value :  1.16574e-06
 Reference value :  1.19618e-06
 Reference value :  1.23101e-06
 Reference value :  1.26609e-06
 Reference value :  1.29941e-06
 Reference value :  1.33449e-06
 Reference value :  1.36874e-06
 Reference value :  1.40031e-06
 Reference value :  1.43188e-06
 Reference value :  1.46345e-06
 Reference value :  1.49345e-06
 Reference value :  1.52853e-06
 Reference value :  1.56185e-06
 Reference value :  1.59693e-06
 Reference value :  1.62782e-06
 Reference value :  1.66114e-06
 Reference value :  1.69272e-06
 Reference value :  1.72780e-06
 Reference value :  1.75979e-06
 Reference value :  1.79312e-06
 Reference value :  1.82820e-06
 Reference value :  1.86328e-06
 Reference value :  1.89607e-06
 Reference value :  1.93115e-06
 Reference value :  1.96272e-06
 Reference value :  1.99605e-06
 Reference value :  2.02613e-06
 Reference value :  2.06121e-06
 Reference value :  2.09629e-06
 Reference value :  2.12962e-06
 Reference value :  2.16050e-06
 Reference value :  2.19558e-06
 Reference value :  2.22715e-06
 Reference value :  2.26047e-06
 Reference value :  2.29071e-06
 Reference value :  2.32579e-06
 Reference value :  2.35911e-06
 Reference value :  2.39244e-06
 Reference value :  2.42348e-06
 Reference value :  2.45681e-06
 Reference value :  2.48838e-06
 Reference value :  2.52170e-06
 Reference value :  2.55179e-06
 Reference value :  2.58687e-06
 Reference value :  2.62019e-06
 Reference value :  2.65527e-06
 Reference value :  2.68623e-06
 Reference value :  2.72299e-06
 Reference value :  2.75456e-06
 Reference value :  2.78613e-06
 Reference value :  2.81483e-06
 Reference value :  2.84969e-06
 Reference value :  2.88652e-06
 Reference value :  2.91985e-06
 Reference value :  2.95468e-06
 Reference value :  2.99122e-06
 Reference value :  3.02104e-06
 Reference value :  3.05437e-06
 Reference value :  3.08364e-06
 Reference value :  3.11603e-06
 Reference value :  3.15286e-06
 Reference value :  3.18619e-06
 Reference value :  3.22127e-06
 Reference value :  3.25215e-06
 Reference value :  3.28548e-06
 Reference value :  3.31705e-06
 Reference value :  3.35037e-06
 Reference value :  3.38060e-06
 Reference value :  3.41568e-06
 Reference value :  3.45076e-06
 Reference value :  3.48409e-06
 Reference value :  3.51512e-06
 Reference value :  3.54845e-06
 Reference value :  3.57827e-06
 Reference value :  3.61335e-06
 Reference value :  3.64344e-06
 Reference value :  3.67676e-06
 Reference value :  3.71184e-06
 Reference value :  3.74517e-06
 Reference value :  3.77780e-06
 Reference value :  3.81113e-06
 Reference value :  3.84446e-06
 Reference value :  3.87603e-06
 Reference value :  3.90801e-06
 Reference value :  3.94309e-06
 Reference value :  3.97817e-06
 Reference value :  4.01149e-06
 Reference value :  4.04253e-06
 Reference value :  4.07761e-06
 Reference value :  4.11094e-06
 Reference value :  4.14426e-06
 Reference value :  4.17435e-06
 Reference value :  4.20943e-06
 Reference value :  4.24276e-06
 Reference value :  4.27784e-06
 Reference value :  4.30872e-06
 Reference value :  4.34556e-06
 Reference value :  4.37713e-06
 Reference value :  4.40695e-06
 Reference value :  4.43717e-06
 Reference value :  4.47225e-06
 Reference value :  4.50733e-06
 Reference value :  4.54065e-06
 Reference value :  4.57374e-06
 Reference value :  4.61028e-06
 Reference value :  4.64185e-06
 Reference value :  4.67342e-06
 Reference value :  4.70380e-06
 Reference value :  4.73684e-06
 Reference value :  4.77192e-06
 Reference value :  4.80525e-06
 Reference value :  4.84033e-06
 Reference value :  4.87297e-06
 Reference value :  4.90629e-06
 Reference value :  4.93786e-06
 Reference value :  4.97119e-06
 Reference value :  5.00316e-06
 Reference value :  5.04000e-06
 Reference value :  5.07332e-06
 Reference value :  5.10840e-06
 Reference value :  5.13944e-06
 Reference value :  5.17276e-06
 Reference value :  5.20433e-06
 Reference value :  5.23941e-06
 Reference value :  5.26951e-06
 Reference value :  5.30459e-06
 Reference value :  5.33967e-06
 Reference value :  5.37475e-06
 Reference value :  5.40564e-06
 Reference value :  5.43896e-06
 Reference value :  5.47053e-06
 Reference value :  5.50386e-06
 Reference value :  5.53408e-06
 Reference value :  5.56916e-06
 Reference value :  5.60248e-06
 Reference value :  5.63581e-06
 Reference value :  5.66683e-06
 Reference value :  5.70191e-06
 Reference value :  5.73349e-06
 Reference value :  5.76681e-06
 Reference value :  5.79867e-06
 Reference value :  5.83199e-06
 Reference value :  5.86532e-06
 Reference value :  5.89864e-06
 Reference value :  5.92953e-06
 Reference value :  5.96461e-06
 Reference value :  5.99619e-06
 Reference value :  6.02776e-06
 Reference value :  6.05972e-06
 Reference value :  6.09305e-06
 Reference value :  6.12813e-06
 Reference value :  6.16146e-06
 Reference value :  6.19278e-06
 Reference value :  6.22931e-06
 Reference value :  6.25913e-06
 Reference value :  6.29245e-06
 Reference value :  6.32173e-06
 Reference value :  6.35413e-06
 Reference value :  6.39096e-06
 Reference value :  6.42429e-06
 Reference value :  6.45937e-06
 Reference value :  6.49202e-06
 Reference value :  6.52359e-06
 Reference value :  6.55516e-06
 Reference value :  6.58849e-06
 Reference value :  6.62045e-06
 Reference value :  6.65553e-06
 Reference value :  6.69061e-06
 Reference value :  6.72569e-06
 Reference value :  6.75846e-06
 Reference value :  6.79179e-06
 Reference value :  6.82161e-06
 Reference value :  6.85669e-06
 Reference value :  6.88679e-06
 Reference value :  6.92187e-06
 Reference value :  6.95695e-06
 Reference value :  6.99203e-06
 Reference value :  7.02293e-06
 Reference value :  7.05801e-06
 Reference value :  7.08958e-06
 Reference value :  7.12466e-06
 Reference value :  7.15312e-06
 Reference value :  7.18820e-06
 Reference value :  7.22152e-06
 Reference value :  7.25485e-06
 Reference value :  7.28586e-06
 Reference value :  7.31743e-06
 Reference value :  7.34900e-06
 Reference value :  7.38233e-06
 Reference value :  7.41419e-06
 Reference value :  7.44752e-06
 Reference value :  7.48260e-06
 Reference value :  7.51592e-06
 Reference value :  7.54682e-06
 Reference value :  7.58366e-06
 Reference value :  7.61523e-06
 Reference value :  7.64856e-06
 Reference value :  7.67876e-06
 Reference value :  7.71560e-06
 Reference value :  7.75068e-06
 Reference value :  7.78400e-06
 Reference value :  7.81504e-06
 Reference value :  7.85185e-06
 Reference value :  7.88342e-06
 Reference value :  7.91674e-06
 Reference value :  7.94685e-06
 Reference value :  7.98193e-06
 Reference value :  8.01701e-06
 Reference value :  8.05209e-06
 Reference value :  8.08306e-06
 Reference value :  8.11983e-06
 Reference value :  8.15140e-06
 Reference value :  8.18297e-06
 Reference value :  8.21318e-06
 Reference value :  8.24650e-06
 Reference value :  8.28158e-06
 Reference value :  8.31491e-06
 Reference value :  8.34999e-06
 Reference value :  8.38100e-06
 Reference value :  8.41257e-06
 Reference value :  8.44414e-06
 Reference value :  8.47747e-06
 Reference value :  8.50933e-06
 Reference value :  8.54266e-06
 Reference value :  8.57598e-06
 Reference value :  8.60931e-06
 Reference value :  8.64022e-06
 Reference value :  8.67354e-06
 Reference value :  8.70511e-06
 Reference value :  8.73844e-06
 Reference value :  8.76864e-06
 Reference value :  8.80197e-06
 Reference value :  8.83705e-06
 Reference value :  8.87037e-06
 Reference value :  8.90313e-06
 Reference value :  8.93821e-06
 Reference value :  8.96979e-06
 Reference value :  9.00311e-06
 Reference value :  9.03498e-06
 Reference value :  9.07006e-06
 Reference value :  9.10338e-06
 Reference value :  9.13846e-06
 Reference value :  9.16937e-06
 Reference value :  9.20445e-06
 Reference value :  9.23778e-06
 Reference value :  9.26935e-06
 Reference value :  9.29955e-06
 Reference value :  9.33463e-06
 Reference value :  9.36796e-06
 Reference value :  9.40128e-06
 Reference value :  9.43232e-06
 Reference value :  9.46912e-06
 Reference value :  9.50069e-06
 Reference value :  9.53226e-06
 Reference value :  9.56238e-06
 Reference value :  9.59570e-06
 Reference value :  9.63078e-06
 Reference value :  9.66411e-06
 Reference value :  9.69744e-06
 Reference value :  9.73010e-06
 Reference value :  9.76167e-06
 Reference value :  9.79324e-06
 Reference value :  9.82657e-06
 Reference value :  9.85677e-06
 Reference value :  9.89185e-06
 Reference value :  9.92518e-06
 Reference value :  9.96026e-06
 Reference value :  9.99126e-06
 Reference value :  1.00263e-05
 Reference value :  1.00579e-05
 Reference value :  1.00947e-05
 Reference value :  1.01266e-05
 Reference value :  1.01617e-05
 Reference value :  1.01950e-05
 Reference value :  1.02283e-05
 Reference value :  1.02593e-05
 Reference value :  1.02926e-05
 Reference value :  1.03224e-05
 Reference value :  1.03575e-05
 Reference value :  1.03859e-05
 Reference value :  1.04193e-05
 Reference value :  1.04526e-05
 Reference value :  1.04859e-05
 Reference value :  1.05151e-05
No. of Data Rows : 6066
vhold_min           =  1.20000e+00 at=  1.40320e-10
tfirst              =  6.53088e-07
t1                  =  6.46055e-06
t2                  =  6.73040e-06
t3                  =  7.00023e-06
t4                  =  7.27008e-06
t5                  =  7.53991e-06
t6                  =  7.80976e-06
t7                  =  8.07959e-06
t8                  =  8.34944e-06
t9                  =  8.61927e-06
t10                 =  8.88912e-06
t11                 =  9.15895e-06
t12                 =  9.42879e-06
idd_run             =  -6.68913e-06 from=  6.31600e-06 to=  1.05300e-05
vmax                =  1.21513e+00 at=  6.46259e-06
vmin                =  -1.47388e-02 at=  1.03692e-05
Note: Simulation executed from .control section 
Note: Starting dynamic gmin stepping
Note: Dynamic gmin stepping completed
Note: Starting dynamic gmin stepping
Note: Dynamic gmin stepping completed
