
Note: No compatibility mode selected!


Circuit: * nand as inverter: a=1, pulse b

Doing analysis at TEMP = -40.000000 and TNOM = 27.000000

Using SPARSE 1.3 as Direct Linear Solver

Initial Transient Solution
--------------------------

Node                                   Voltage
----                                   -------
vpwr                                       1.2
code[0]                                      0
code[1]                                      0
code[2]                                      0
code[3]                                      0
code[4]                                    1.2
code[5]                                      0
code[6]                                      0
code[7]                                      0
vbp                                   0.706013
vbn                                   0.399908
a                                          1.2
p                                            0
xdrv.net1                                  1.2
b                                          1.2
xdrv.net2                          9.34094e-09
xnand.net1                                 1.2
y                                  1.15951e-06
xnand.net2                         1.14407e-06
xnand.net3                         1.11759e-06
xload.net1                                 1.2
z                                          1.2
xload.net2                         9.34106e-09
xload2.net1                                1.2
zz                                 2.22608e-07
xload2.net2                        2.14384e-07
vin#branch                         4.77881e-12
va#branch                         -1.01406e-11
vc7#branch                         1.57159e-12
vc6#branch                         7.85792e-13
vc5#branch                         3.92893e-13
vc4#branch                        -4.75993e-09
vc3#branch                          9.8218e-14
vc2#branch                         4.91055e-14
vc1#branch                         2.45493e-14
vc0#branch                         1.22712e-14
vdd#branch                        -6.45841e-05

 Reference value :  4.20809e-09
 Reference value :  1.30969e-08
 Reference value :  1.89793e-08
 Reference value :  2.75158e-08
 Reference value :  3.61066e-08
 Reference value :  4.30671e-08
 Reference value :  5.00318e-08
 Reference value :  5.83244e-08
 Reference value :  6.69422e-08
 Reference value :  7.25560e-08
 Reference value :  8.06318e-08
 Reference value :  8.89515e-08
 Reference value :  9.63456e-08
 Reference value :  1.02877e-07
 Reference value :  1.11007e-07
 Reference value :  1.19381e-07
 Reference value :  1.25618e-07
 Reference value :  1.33097e-07
 Reference value :  1.41444e-07
 Reference value :  1.49353e-07
 Reference value :  1.55261e-07
No. of Data Rows : 6044
tin_f               =  6.87359e-08
tout_r              =  6.98608e-08
tin_r               =  9.59018e-08
tout_f              =  9.68574e-08
tplh=1.12499E-09 tphl=9.5558E-10
Note: Simulation executed from .control section 
Note: Starting dynamic gmin stepping
Note: Dynamic gmin stepping completed
