
Note: Compatibility modes selected: hs a


Circuit: * tt_analog_ring, code 127

Doing analysis at TEMP = 27.000000 and TNOM = 27.000000

Using SPARSE 1.3 as Direct Linear Solver
 Reference value :  0.00000e+00
No. of Data Rows : 1
idd_dis=0.000327635 vbp=0.558199 vbn=0.487654 clk_dis=1.2
Doing analysis at TEMP = 27.000000 and TNOM = 27.000000

Using SPARSE 1.3 as Direct Linear Solver

Initial Transient Solution
--------------------------

Node                                   Voltage
----                                   -------
vpwr                                       1.2
code[0]                                    1.2
code[1]                                    1.2
code[2]                                    1.2
code[3]                                    1.2
code[4]                                    1.2
code[5]                                    1.2
code[6]                                    1.2
code[7]                                      0
enable                                       0
xdut.vbp                              0.558199
clk_out                                    1.2
xdut.b1                             1.8673e-07
xdut.s3                            6.67347e-07
xdut.s2                                    1.2
xdut.n_126                                 1.2
xdut.s1                            7.10265e-07
xdut.n_125                                 1.2
xdut.s10                                   1.2
xdut.s6                                    1.2
xdut.s5                            6.19004e-07
xdut.n_128                                 1.2
xdut.s9                            7.85967e-07
xdut.n_133                                 1.2
xdut.s4                                    1.2
xdut.n_129                                 1.2
xdut.s8                                    1.2
xdut.n_132                                 1.2
xdut.s7                               1.13e-06
xdut.n_130                                 1.2
xdut.n_127                                 1.2
xdut.n_131                                 1.2
xdut.s0                                    1.2
xdut.n_124                                 1.2
xdut.n_71                          6.24086e-07
xdut.n_72                          9.97429e-07
xdut.n_70                          3.16936e-08
xdut.n_77                          5.92731e-07
xdut.n_75                          9.62663e-08
xdut.n_73                          8.80351e-08
xdut.n_67                          5.58304e-08
xdut.n_76                          7.44965e-08
xdut.n_69                          6.83465e-07
xdut.n_74                          5.48011e-07
xdut.n_122                                 1.2
xdut.n_i1005                           1.02129
xdut.n_68                           2.2863e-07
xdut.vbn                              0.487654
ven#branch                          7.3584e-12
vc7#branch                         1.73206e-12
vc6#branch                         -2.9331e-08
vc5#branch                         -1.4665e-08
vc4#branch                        -7.34161e-09
vc3#branch                        -3.66899e-09
vc2#branch                        -1.81688e-09
vc1#branch                        -9.06553e-10
vc0#branch                        -4.50246e-10
vdd#branch                        -0.000327635

 Reference value :  0.00000e+00
 Reference value :  3.30443e-09
 Reference value :  7.02563e-09
 Reference value :  1.06848e-08
 Reference value :  1.45300e-08
 Reference value :  1.83753e-08
 Reference value :  2.03354e-08
 Reference value :  2.24441e-08
 Reference value :  2.47388e-08
 Reference value :  2.68475e-08
 Reference value :  2.91422e-08
 Reference value :  3.12509e-08
 Reference value :  3.32355e-08
 Reference value :  3.55923e-08
 Reference value :  3.77010e-08
 Reference value :  3.93755e-08
 Reference value :  4.07400e-08
 Reference value :  4.21044e-08
 Reference value :  4.35309e-08
 Reference value :  4.51434e-08
 Reference value :  4.65078e-08
 Reference value :  4.79343e-08
 Reference value :  4.94228e-08
 Reference value :  5.07872e-08
 Reference value :  5.21516e-08
 Reference value :  5.35161e-08
 Reference value :  5.51286e-08
 Reference value :  5.64310e-08
 Reference value :  5.77955e-08
 Reference value :  5.92219e-08
 Reference value :  6.07104e-08
 Reference value :  6.20748e-08
 Reference value :  6.34393e-08
 Reference value :  6.49898e-08
 Reference value :  6.64162e-08
 Reference value :  6.77807e-08
 Reference value :  6.91451e-08
 Reference value :  7.06956e-08
 Reference value :  7.20601e-08
 Reference value :  7.34865e-08
 Reference value :  7.50990e-08
 Reference value :  7.64635e-08
 Reference value :  7.78899e-08
 Reference value :  7.92544e-08
 Reference value :  8.08049e-08
 Reference value :  8.21693e-08
 Reference value :  8.35338e-08
 Reference value :  8.50222e-08
 Reference value :  8.63867e-08
 Reference value :  8.76891e-08
 Reference value :  8.89295e-08
 Reference value :  9.03560e-08
 Reference value :  9.16584e-08
 Reference value :  9.29608e-08
 Reference value :  9.42632e-08
 Reference value :  9.58137e-08
 Reference value :  9.72402e-08
 Reference value :  9.86666e-08
 Reference value :  1.00093e-07
 Reference value :  1.01582e-07
 Reference value :  1.02946e-07
 Reference value :  1.04310e-07
 Reference value :  1.05861e-07
 Reference value :  1.07225e-07
 Reference value :  1.08652e-07
 Reference value :  1.10078e-07
 Reference value :  1.11629e-07
 Reference value :  1.12993e-07
 Reference value :  1.14358e-07
 Reference value :  1.15970e-07
 Reference value :  1.17335e-07
 Reference value :  1.18761e-07
 Reference value :  1.20064e-07
 Reference value :  1.21552e-07
 Reference value :  1.22854e-07
 Reference value :  1.24095e-07
 Reference value :  1.25521e-07
 Reference value :  1.26948e-07
 Reference value :  1.28312e-07
 Reference value :  1.29677e-07
 Reference value :  1.31227e-07
 Reference value :  1.32654e-07
 Reference value :  1.34018e-07
 Reference value :  1.35382e-07
 Reference value :  1.36933e-07
 Reference value :  1.38297e-07
 Reference value :  1.39662e-07
 Reference value :  1.41088e-07
 Reference value :  1.42515e-07
 Reference value :  1.43879e-07
 Reference value :  1.45244e-07
 Reference value :  1.46794e-07
 Reference value :  1.48159e-07
 Reference value :  1.49523e-07
 Reference value :  1.50949e-07
 Reference value :  1.52438e-07
 Reference value :  1.53802e-07
 Reference value :  1.55167e-07
 Reference value :  1.56717e-07
 Reference value :  1.58082e-07
 Reference value :  1.59446e-07
 Reference value :  1.60749e-07
 Reference value :  1.62299e-07
 Reference value :  1.63664e-07
 Reference value :  1.65090e-07
 Reference value :  1.66579e-07
 Reference value :  1.68067e-07
 Reference value :  1.69493e-07
 Reference value :  1.70858e-07
 Reference value :  1.72470e-07
 Reference value :  1.73835e-07
 Reference value :  1.75199e-07
 Reference value :  1.76688e-07
 Reference value :  1.78176e-07
 Reference value :  1.79603e-07
 Reference value :  1.80967e-07
 Reference value :  1.82580e-07
 Reference value :  1.83944e-07
 Reference value :  1.85309e-07
 Reference value :  1.86735e-07
 Reference value :  1.88286e-07
 Reference value :  1.89712e-07
 Reference value :  1.91138e-07
 Reference value :  1.92751e-07
 Reference value :  1.94115e-07
 Reference value :  1.95480e-07
 Reference value :  1.96906e-07
 Reference value :  1.98519e-07
 Reference value :  1.99945e-07
 Reference value :  2.01372e-07
 Reference value :  2.02922e-07
 Reference value :  2.04349e-07
 Reference value :  2.05713e-07
 Reference value :  2.07140e-07
 Reference value :  2.08690e-07
 Reference value :  2.10055e-07
 Reference value :  2.11481e-07
 Reference value :  2.12969e-07
 Reference value :  2.14396e-07
 Reference value :  2.15760e-07
 Reference value :  2.17125e-07
 Reference value :  2.18737e-07
 Reference value :  2.20164e-07
 Reference value :  2.21652e-07
 Reference value :  2.23265e-07
 Reference value :  2.24753e-07
 Reference value :  2.26180e-07
 Reference value :  2.27668e-07
 Reference value :  2.29281e-07
 Reference value :  2.30769e-07
 Reference value :  2.32196e-07
 Reference value :  2.33870e-07
 Reference value :  2.35297e-07
 Reference value :  2.36785e-07
 Reference value :  2.38398e-07
 Reference value :  2.39948e-07
 Reference value :  2.41499e-07
 Reference value :  2.43111e-07
 Reference value :  2.44724e-07
 Reference value :  2.46212e-07
 Reference value :  2.47701e-07
 Reference value :  2.49375e-07
 Reference value :  2.50926e-07
 Reference value :  2.52414e-07
 Reference value :  2.54089e-07
 Reference value :  2.55577e-07
 Reference value :  2.57066e-07
 Reference value :  2.58678e-07
 Reference value :  2.60229e-07
 Reference value :  2.61717e-07
 Reference value :  2.63206e-07
 Reference value :  2.64880e-07
 Reference value :  2.66369e-07
 Reference value :  2.67857e-07
 Reference value :  2.69594e-07
 Reference value :  2.71082e-07
 Reference value :  2.72571e-07
 Reference value :  2.74245e-07
 Reference value :  2.75796e-07
 Reference value :  2.77284e-07
 Reference value :  2.78835e-07
 Reference value :  2.80509e-07
 Reference value :  2.82060e-07
 Reference value :  2.83548e-07
 Reference value :  2.85285e-07
 Reference value :  2.86773e-07
 Reference value :  2.88262e-07
 Reference value :  2.89998e-07
 Reference value :  2.91549e-07
 Reference value :  2.93533e-07
 Reference value :  2.95146e-07
 Reference value :  2.96572e-07
 Reference value :  2.97999e-07
 Reference value :  2.99549e-07
 Reference value :  3.01100e-07
 Reference value :  3.02526e-07
 Reference value :  3.04015e-07
 Reference value :  3.05689e-07
 Reference value :  3.07488e-07
 Reference value :  3.09969e-07
 Reference value :  3.12388e-07
 Reference value :  3.14868e-07
 Reference value :  3.17287e-07
 Reference value :  3.19644e-07
 Reference value :  3.22249e-07
 Reference value :  3.24668e-07
 Reference value :  3.27210e-07
 Reference value :  3.29443e-07
 Reference value :  3.32048e-07
 Reference value :  3.34467e-07
 Reference value :  3.37072e-07
 Reference value :  3.39366e-07
 Reference value :  3.41847e-07
 Reference value :  3.44266e-07
 Reference value :  3.46623e-07
 Reference value :  3.49041e-07
 Reference value :  3.51708e-07
 Reference value :  3.54127e-07
 Reference value :  3.56670e-07
 Reference value :  3.59027e-07
 Reference value :  3.61693e-07
 Reference value :  3.64112e-07
 Reference value :  3.66655e-07
 Reference value :  3.69012e-07
 Reference value :  3.71679e-07
No. of Data Rows : 6014
vhold_min           =  1.20000e+00 at=  2.65446e-10
tfirst              =  2.43866e-08
t1                  =  2.23673e-07
t2                  =  2.33892e-07
t3                  =  2.44111e-07
t4                  =  2.54329e-07
t5                  =  2.64547e-07
t6                  =  2.74765e-07
t7                  =  2.84985e-07
t8                  =  2.95203e-07
t9                  =  3.05420e-07
t10                 =  3.15639e-07
t11                 =  3.25858e-07
t12                 =  3.36077e-07
idd_run             =  -3.38588e-04 from=  2.23300e-07 to=  3.72100e-07
vmax                =  1.20591e+00 at=  3.61321e-07
vmin                =  -8.03060e-03 at=  2.28909e-07
Note: Simulation executed from .control section 
Warning: m=xx on .subckt line will override multiplier m hierarchy!

Note: Starting dynamic gmin stepping
Note: Dynamic gmin stepping completed
Note: Starting dynamic gmin stepping
Note: Dynamic gmin stepping completed
