
Note: No compatibility mode selected!


Circuit: * tt_analog_ring, code 127

Doing analysis at TEMP = 27.000000 and TNOM = 27.000000

Using SPARSE 1.3 as Direct Linear Solver
 Reference value :  0.00000e+00
No. of Data Rows : 1
idd_dis=0.000327661 vbp=0.558374 vbn=0.502812 clk_dis=1.2
Doing analysis at TEMP = 27.000000 and TNOM = 27.000000

Using SPARSE 1.3 as Direct Linear Solver

Initial Transient Solution
--------------------------

Node                                   Voltage
----                                   -------
vpwr                                       1.2
code[0]                                    1.2
code[1]                                    1.2
code[2]                                    1.2
code[3]                                    1.2
code[4]                                    1.2
code[5]                                    1.2
code[6]                                    1.2
code[7]                                      0
enable                                       0
xdut.vbp                              0.558374
xdut.vbn                              0.502812
xdut.n0                             3.1943e-07
xdut.p0                                    1.2
xdut.na0                               1.01894
xdut.s0                                    1.2
xdut.s10                                   1.2
xdut.n1                            8.30347e-07
xdut.p1                                    1.2
xdut.s1                             9.5984e-07
xdut.n2                             9.9324e-08
xdut.p2                                    1.2
xdut.s2                                    1.2
xdut.n3                              4.303e-07
xdut.p3                                    1.2
xdut.s3                            4.93192e-07
xdut.n4                            8.62638e-08
xdut.p4                                    1.2
xdut.s4                                    1.2
xdut.n5                            6.82603e-07
xdut.p5                                    1.2
xdut.s5                            7.92014e-07
xdut.n6                            1.32251e-07
xdut.p6                                    1.2
xdut.s6                                    1.2
xdut.n7                            8.09018e-07
xdut.p7                                    1.2
xdut.s7                            9.29121e-07
xdut.n8                            1.25151e-07
xdut.p8                                    1.2
xdut.s8                                    1.2
xdut.n9                            6.56164e-07
xdut.p9                                    1.2
xdut.s9                            7.51563e-07
xdut.n10                           1.13259e-07
xdut.p10                                   1.2
xdut.b1                            1.53118e-07
clk_out                                    1.2
ven#branch                         7.33799e-12
vc7#branch                         1.72906e-12
vc6#branch                        -2.92582e-08
vc5#branch                         -1.4617e-08
vc4#branch                        -7.31652e-09
vc3#branch                        -3.68809e-09
vc2#branch                        -1.83569e-09
vc1#branch                        -9.05934e-10
vc0#branch                        -4.64695e-10
vdd#branch                        -0.000327661

 Reference value :  0.00000e+00
 Reference value :  1.03201e-09
 Reference value :  2.24140e-09
 Reference value :  3.51281e-09
 Reference value :  4.72220e-09
 Reference value :  5.93159e-09
 Reference value :  7.17199e-09
 Reference value :  8.41239e-09
 Reference value :  9.40200e-09
 Reference value :  1.00377e-08
 Reference value :  1.07199e-08
 Reference value :  1.13711e-08
 Reference value :  1.21154e-08
 Reference value :  1.27976e-08
 Reference value :  1.34798e-08
 Reference value :  1.41310e-08
 Reference value :  1.48132e-08
 Reference value :  1.54334e-08
 Reference value :  1.60847e-08
 Reference value :  1.68289e-08
 Reference value :  1.75111e-08
 Reference value :  1.82243e-08
 Reference value :  1.88756e-08
 Reference value :  1.95578e-08
 Reference value :  2.02090e-08
 Reference value :  2.08602e-08
 Reference value :  2.16354e-08
 Reference value :  2.22867e-08
 Reference value :  2.29689e-08
 Reference value :  2.36511e-08
 Reference value :  2.43333e-08
 Reference value :  2.49845e-08
 Reference value :  2.56357e-08
 Reference value :  2.64110e-08
 Reference value :  2.70932e-08
 Reference value :  2.78064e-08
 Reference value :  2.84887e-08
 Reference value :  2.91709e-08
 Reference value :  2.98221e-08
 Reference value :  3.04733e-08
 Reference value :  3.12485e-08
 Reference value :  3.19308e-08
 Reference value :  3.26130e-08
 Reference value :  3.32952e-08
 Reference value :  3.39774e-08
 Reference value :  3.46286e-08
 Reference value :  3.52798e-08
 Reference value :  3.60551e-08
 Reference value :  3.67373e-08
 Reference value :  3.74505e-08
 Reference value :  3.81328e-08
 Reference value :  3.87840e-08
 Reference value :  3.94352e-08
 Reference value :  4.01174e-08
 Reference value :  4.08616e-08
 Reference value :  4.15439e-08
 Reference value :  4.21951e-08
 Reference value :  4.28773e-08
 Reference value :  4.35285e-08
 Reference value :  4.42107e-08
 Reference value :  4.48929e-08
 Reference value :  4.56372e-08
 Reference value :  4.63194e-08
 Reference value :  4.69706e-08
 Reference value :  4.76838e-08
 Reference value :  4.83661e-08
 Reference value :  4.90173e-08
 Reference value :  4.97305e-08
 Reference value :  5.04437e-08
 Reference value :  5.11260e-08
 Reference value :  5.17772e-08
 Reference value :  5.24594e-08
 Reference value :  5.31726e-08
 Reference value :  5.38238e-08
 Reference value :  5.45681e-08
 Reference value :  5.52813e-08
 Reference value :  5.59635e-08
 Reference value :  5.66147e-08
 Reference value :  5.72969e-08
 Reference value :  5.79482e-08
 Reference value :  5.85994e-08
 Reference value :  5.93126e-08
 Reference value :  5.99948e-08
 Reference value :  6.06770e-08
 Reference value :  6.13593e-08
 Reference value :  6.20725e-08
 Reference value :  6.27237e-08
 Reference value :  6.33749e-08
 Reference value :  6.40881e-08
 Reference value :  6.47704e-08
 Reference value :  6.54216e-08
 Reference value :  6.60728e-08
 Reference value :  6.67860e-08
 Reference value :  6.74372e-08
 Reference value :  6.80574e-08
 Reference value :  6.87706e-08
 Reference value :  6.94839e-08
 Reference value :  7.01661e-08
 Reference value :  7.08483e-08
 Reference value :  7.15615e-08
 Reference value :  7.22438e-08
 Reference value :  7.28950e-08
 Reference value :  7.36082e-08
 Reference value :  7.42904e-08
 Reference value :  7.49416e-08
 Reference value :  7.55928e-08
 Reference value :  7.63061e-08
 Reference value :  7.69573e-08
 Reference value :  7.76395e-08
 Reference value :  7.83527e-08
 Reference value :  7.90660e-08
 Reference value :  7.97482e-08
 Reference value :  8.04304e-08
 Reference value :  8.11126e-08
 Reference value :  8.17638e-08
 Reference value :  8.24150e-08
 Reference value :  8.31283e-08
 Reference value :  8.38415e-08
 Reference value :  8.44927e-08
 Reference value :  8.51439e-08
 Reference value :  8.58572e-08
 Reference value :  8.65084e-08
 Reference value :  8.71906e-08
 Reference value :  8.79348e-08
 Reference value :  8.86481e-08
 Reference value :  8.92993e-08
 Reference value :  8.99505e-08
 Reference value :  9.06637e-08
 Reference value :  9.13459e-08
 Reference value :  9.19971e-08
 Reference value :  9.27414e-08
 Reference value :  9.34236e-08
 Reference value :  9.41058e-08
 Reference value :  9.47570e-08
 Reference value :  9.54392e-08
 Reference value :  9.60905e-08
 Reference value :  9.67417e-08
 Reference value :  9.74859e-08
 Reference value :  9.81991e-08
 Reference value :  9.88814e-08
 Reference value :  9.95636e-08
 Reference value :  1.00277e-07
 Reference value :  1.00928e-07
 Reference value :  1.01610e-07
 Reference value :  1.02385e-07
 Reference value :  1.03068e-07
 Reference value :  1.03750e-07
 Reference value :  1.04432e-07
 Reference value :  1.05083e-07
 Reference value :  1.05766e-07
 Reference value :  1.06417e-07
 Reference value :  1.07192e-07
 Reference value :  1.07874e-07
 Reference value :  1.08556e-07
 Reference value :  1.09239e-07
 Reference value :  1.09890e-07
 Reference value :  1.10541e-07
 Reference value :  1.11223e-07
 Reference value :  1.11999e-07
 Reference value :  1.12681e-07
 Reference value :  1.13394e-07
 Reference value :  1.14076e-07
 Reference value :  1.14727e-07
 Reference value :  1.15410e-07
 Reference value :  1.16092e-07
 Reference value :  1.16836e-07
 Reference value :  1.17518e-07
 Reference value :  1.18201e-07
 Reference value :  1.18914e-07
 Reference value :  1.19596e-07
 Reference value :  1.20247e-07
 Reference value :  1.20960e-07
 Reference value :  1.21674e-07
 Reference value :  1.22356e-07
 Reference value :  1.23038e-07
 Reference value :  1.23689e-07
 Reference value :  1.24372e-07
 Reference value :  1.25023e-07
 Reference value :  1.25736e-07
 Reference value :  1.26449e-07
 Reference value :  1.27162e-07
 Reference value :  1.27845e-07
 Reference value :  1.28558e-07
 Reference value :  1.29209e-07
 Reference value :  1.29891e-07
 Reference value :  1.30636e-07
 Reference value :  1.31349e-07
 Reference value :  1.32000e-07
 Reference value :  1.32651e-07
 Reference value :  1.33333e-07
 Reference value :  1.33985e-07
 Reference value :  1.34636e-07
 Reference value :  1.35380e-07
 Reference value :  1.36062e-07
 Reference value :  1.36714e-07
 Reference value :  1.37334e-07
 Reference value :  1.38047e-07
 Reference value :  1.38729e-07
 Reference value :  1.39411e-07
 Reference value :  1.40156e-07
 Reference value :  1.40838e-07
 Reference value :  1.41458e-07
 Reference value :  1.42109e-07
 Reference value :  1.42823e-07
 Reference value :  1.43443e-07
 Reference value :  1.44063e-07
 Reference value :  1.44807e-07
 Reference value :  1.45520e-07
 Reference value :  1.46203e-07
 Reference value :  1.46854e-07
 Reference value :  1.47567e-07
 Reference value :  1.48218e-07
 Reference value :  1.48838e-07
 Reference value :  1.49521e-07
 Reference value :  1.50203e-07
 Reference value :  1.50854e-07
 Reference value :  1.51536e-07
 Reference value :  1.52219e-07
 Reference value :  1.52870e-07
 Reference value :  1.53552e-07
 Reference value :  1.54265e-07
 Reference value :  1.54978e-07
 Reference value :  1.55630e-07
 Reference value :  1.56312e-07
 Reference value :  1.57025e-07
 Reference value :  1.57676e-07
 Reference value :  1.58328e-07
 Reference value :  1.59041e-07
 Reference value :  1.59723e-07
 Reference value :  1.60405e-07
 Reference value :  1.61087e-07
 Reference value :  1.61801e-07
 Reference value :  1.62483e-07
 Reference value :  1.63134e-07
 Reference value :  1.63878e-07
 Reference value :  1.64530e-07
 Reference value :  1.65181e-07
 Reference value :  1.65863e-07
 Reference value :  1.66576e-07
 Reference value :  1.67258e-07
 Reference value :  1.67910e-07
 Reference value :  1.68654e-07
 Reference value :  1.69336e-07
 Reference value :  1.70018e-07
 Reference value :  1.70701e-07
 Reference value :  1.71414e-07
 Reference value :  1.72065e-07
 Reference value :  1.72685e-07
 Reference value :  1.73429e-07
 Reference value :  1.74112e-07
 Reference value :  1.74794e-07
 Reference value :  1.75445e-07
 Reference value :  1.76158e-07
 Reference value :  1.76809e-07
 Reference value :  1.77461e-07
 Reference value :  1.78236e-07
 Reference value :  1.78918e-07
 Reference value :  1.79600e-07
 Reference value :  1.80252e-07
 Reference value :  1.80934e-07
 Reference value :  1.81585e-07
 Reference value :  1.82236e-07
 Reference value :  1.83042e-07
 Reference value :  1.83725e-07
 Reference value :  1.84407e-07
 Reference value :  1.85089e-07
 Reference value :  1.85771e-07
No. of Data Rows : 6012
vhold_min           =  1.20000e+00 at=  1.01713e-10
tfirst              =  1.21181e-08
t1                  =  1.14178e-07
t2                  =  1.18924e-07
t3                  =  1.23670e-07
t4                  =  1.28416e-07
t5                  =  1.33162e-07
t6                  =  1.37908e-07
t7                  =  1.42655e-07
t8                  =  1.47401e-07
t9                  =  1.52147e-07
t10                 =  1.56894e-07
t11                 =  1.61640e-07
t12                 =  1.66386e-07
idd_run             =  -3.42643e-04 from=  1.11600e-07 to=  1.86000e-07
vmax                =  1.21155e+00 at=  1.68592e-07
vmin                =  -8.00748e-03 at=  1.56746e-07
Note: Simulation executed from .control section 
Note: Starting dynamic gmin stepping
Note: Dynamic gmin stepping completed
Note: Starting dynamic gmin stepping
Note: Dynamic gmin stepping completed
