
Note: No compatibility mode selected!


Circuit: * nand as inverter: a=1, pulse b

Doing analysis at TEMP = -40.000000 and TNOM = 27.000000

Using SPARSE 1.3 as Direct Linear Solver

Initial Transient Solution
--------------------------

Node                                   Voltage
----                                   -------
vpwr                                      1.08
code[0]                                      0
code[1]                                      0
code[2]                                      0
code[3]                                      0
code[4]                                      0
code[5]                                      0
code[6]                                      0
code[7]                                      0
vbp                                   0.718769
vbn                                   0.335518
a                                         1.08
p                                            0
xdrv.net1                                 1.08
b                                         1.08
xdrv.net2                           7.5134e-09
xnand.net1                                1.08
y                                  5.50838e-06
xnand.net2                         5.48687e-06
xnand.net3                         5.46177e-06
xload.net1                                1.08
z                                         1.08
xload.net2                         7.51391e-09
xload2.net1                               1.08
zz                                 1.43537e-06
xload2.net2                        1.42244e-06
vin#branch                         5.66212e-12
va#branch                         -2.85875e-12
vc7#branch                         8.14333e-13
vc6#branch                         4.07166e-13
vc5#branch                         2.03582e-13
vc4#branch                          1.0179e-13
vc3#branch                         5.08945e-14
vc2#branch                         2.54465e-14
vc1#branch                         1.27225e-14
vc0#branch                         6.36056e-15
vdd#branch                        -5.28588e-06

 Reference value :  6.39050e-09
 Reference value :  8.69297e-08
 Reference value :  1.53677e-07
 Reference value :  2.21846e-07
 Reference value :  3.02122e-07
 Reference value :  3.82398e-07
 Reference value :  4.40088e-07
 Reference value :  5.15627e-07
 Reference value :  5.96429e-07
 Reference value :  6.68396e-07
 Reference value :  7.31038e-07
 Reference value :  8.10524e-07
 Reference value :  8.89747e-07
 Reference value :  9.53229e-07
 Reference value :  1.02771e-06
 Reference value :  1.10694e-06
 Reference value :  1.18436e-06
 Reference value :  1.24339e-06
 Reference value :  1.32472e-06
 Reference value :  1.40526e-06
 Reference value :  1.47190e-06
 Reference value :  1.54033e-06
No. of Data Rows : 6065
tin_f               =  6.66937e-07
tout_r              =  6.77997e-07
tin_r               =  9.31840e-07
tout_f              =  9.43552e-07
tplh=1.10606E-08 tphl=1.17121E-08
Note: Simulation executed from .control section 
Note: Starting dynamic gmin stepping
Note: Dynamic gmin stepping completed
