
Note: Compatibility modes selected: hs a


Circuit: * tt_analog_ring, code 16

Doing analysis at TEMP = 27.000000 and TNOM = 27.000000

Using SPARSE 1.3 as Direct Linear Solver
 Reference value :  0.00000e+00
No. of Data Rows : 1
idd_dis=5.11612E-05 vbp=0.745645 vbn=0.344735 clk_dis=1.2
Doing analysis at TEMP = 27.000000 and TNOM = 27.000000

Using SPARSE 1.3 as Direct Linear Solver

Initial Transient Solution
--------------------------

Node                                   Voltage
----                                   -------
vpwr                                       1.2
code[0]                                      0
code[1]                                      0
code[2]                                      0
code[3]                                      0
code[4]                                    1.2
code[5]                                      0
code[6]                                      0
code[7]                                      0
enable                                       0
xdut.vbp                              0.745645
clk_out                                    1.2
xdut.b1                            1.57256e-07
xdut.s3                            2.23458e-06
xdut.s2                                    1.2
xdut.n_126                                 1.2
xdut.s1                            2.61647e-06
xdut.n_125                                 1.2
xdut.s10                                   1.2
xdut.s6                                    1.2
xdut.s5                            2.21279e-06
xdut.n_128                                 1.2
xdut.s9                            2.71722e-06
xdut.n_133                                 1.2
xdut.s4                                    1.2
xdut.n_129                                 1.2
xdut.s8                                    1.2
xdut.n_132                                 1.2
xdut.s7                            2.49107e-06
xdut.n_130                                 1.2
xdut.n_127                                 1.2
xdut.n_131                                 1.2
xdut.s0                                    1.2
xdut.n_124                                 1.2
xdut.n_71                          2.51547e-06
xdut.n_72                          2.38555e-06
xdut.n_70                           2.8652e-07
xdut.n_77                          2.15153e-06
xdut.n_75                          4.07812e-07
xdut.n_73                            4.489e-07
xdut.n_67                          2.40634e-07
xdut.n_76                          2.08726e-07
xdut.n_69                          2.60327e-06
xdut.n_74                           2.1203e-06
xdut.n_122                                 1.2
xdut.n_i1005                            1.0323
xdut.n_68                          5.60912e-07
xdut.vbn                              0.344735
ven#branch                         7.51272e-12
vc7#branch                         4.04963e-12
vc6#branch                         2.02205e-12
vc5#branch                         1.01572e-12
vc4#branch                        -6.78939e-09
vc3#branch                         2.50331e-13
vc2#branch                         1.25124e-13
vc1#branch                         6.25805e-14
vc0#branch                         3.14145e-14
vdd#branch                        -5.11612e-05

 Reference value :  0.00000e+00
 Reference value :  2.53922e-08
 Reference value :  5.32123e-08
 Reference value :  8.17550e-08
 Reference value :  1.08430e-07
 Reference value :  1.20503e-07
 Reference value :  1.35316e-07
 Reference value :  1.49227e-07
 Reference value :  1.64041e-07
 Reference value :  1.78854e-07
 Reference value :  1.94751e-07
 Reference value :  2.08061e-07
 Reference value :  2.22874e-07
 Reference value :  2.38049e-07
 Reference value :  2.53585e-07
 Reference value :  2.66834e-07
 Reference value :  2.81648e-07
 Reference value :  2.95271e-07
 Reference value :  3.10446e-07
 Reference value :  3.24311e-07
 Reference value :  3.38763e-07
 Reference value :  3.53185e-07
 Reference value :  3.67998e-07
 Reference value :  3.82019e-07
 Reference value :  3.96110e-07
 Reference value :  4.10081e-07
 Reference value :  4.23810e-07
 Reference value :  4.37605e-07
 Reference value :  4.52780e-07
 Reference value :  4.67463e-07
 Reference value :  4.81915e-07
 Reference value :  4.95681e-07
 Reference value :  5.09049e-07
 Reference value :  5.22656e-07
 Reference value :  5.36385e-07
 Reference value :  5.49685e-07
 Reference value :  5.63053e-07
 Reference value :  5.77505e-07
 Reference value :  5.91227e-07
 Reference value :  6.06040e-07
 Reference value :  6.18563e-07
 Reference value :  6.33015e-07
 Reference value :  6.46262e-07
 Reference value :  6.60353e-07
 Reference value :  6.73782e-07
 Reference value :  6.87150e-07
 Reference value :  7.00387e-07
 Reference value :  7.14116e-07
 Reference value :  7.27516e-07
 Reference value :  7.41245e-07
 Reference value :  7.52084e-07
 Reference value :  7.63531e-07
 Reference value :  7.77983e-07
 Reference value :  7.90903e-07
 Reference value :  8.04633e-07
 Reference value :  8.18694e-07
 Reference value :  8.32423e-07
 Reference value :  8.45718e-07
 Reference value :  8.59447e-07
 Reference value :  8.73056e-07
 Reference value :  8.86424e-07
 Reference value :  9.00215e-07
 Reference value :  9.13222e-07
 Reference value :  9.27674e-07
 Reference value :  9.40549e-07
 Reference value :  9.54640e-07
 Reference value :  9.67320e-07
 Reference value :  9.80326e-07
 Reference value :  9.93939e-07
 Reference value :  1.00767e-06
 Reference value :  1.02059e-06
 Reference value :  1.03432e-06
 Reference value :  1.04839e-06
 Reference value :  1.06212e-06
 Reference value :  1.07550e-06
 Reference value :  1.08912e-06
 Reference value :  1.10387e-06
 Reference value :  1.11754e-06
 Reference value :  1.13127e-06
 Reference value :  1.14397e-06
 Reference value :  1.15806e-06
 Reference value :  1.17093e-06
 Reference value :  1.18466e-06
 Reference value :  1.19803e-06
 Reference value :  1.21140e-06
 Reference value :  1.22542e-06
 Reference value :  1.23952e-06
 Reference value :  1.25243e-06
 Reference value :  1.26472e-06
 Reference value :  1.27881e-06
 Reference value :  1.29105e-06
 Reference value :  1.30406e-06
 Reference value :  1.31340e-06
 Reference value :  1.32135e-06
 Reference value :  1.32966e-06
 Reference value :  1.33965e-06
 Reference value :  1.35338e-06
 Reference value :  1.36567e-06
 Reference value :  1.37874e-06
 Reference value :  1.39319e-06
 Reference value :  1.40679e-06
 Reference value :  1.42088e-06
 Reference value :  1.43393e-06
 Reference value :  1.44729e-06
 Reference value :  1.46090e-06
 Reference value :  1.47391e-06
 Reference value :  1.48648e-06
 Reference value :  1.50021e-06
 Reference value :  1.51394e-06
 Reference value :  1.52730e-06
 Reference value :  1.54176e-06
 Reference value :  1.55392e-06
 Reference value :  1.56801e-06
 Reference value :  1.58090e-06
 Reference value :  1.59499e-06
 Reference value :  1.60878e-06
 Reference value :  1.62251e-06
 Reference value :  1.63575e-06
 Reference value :  1.64912e-06
 Reference value :  1.66180e-06
 Reference value :  1.67517e-06
 Reference value :  1.68883e-06
 Reference value :  1.70251e-06
 Reference value :  1.71696e-06
 Reference value :  1.72954e-06
 Reference value :  1.74363e-06
 Reference value :  1.75699e-06
 Reference value :  1.77108e-06
 Reference value :  1.78398e-06
 Reference value :  1.79698e-06
 Reference value :  1.81060e-06
 Reference value :  1.82144e-06
 Reference value :  1.83553e-06
 Reference value :  1.84826e-06
 Reference value :  1.86416e-06
 Reference value :  1.87741e-06
 Reference value :  1.89187e-06
 Reference value :  1.90496e-06
 Reference value :  1.92014e-06
 Reference value :  1.93339e-06
 Reference value :  1.94785e-06
 Reference value :  1.96167e-06
 Reference value :  1.97576e-06
 Reference value :  1.98901e-06
 Reference value :  2.00274e-06
 Reference value :  2.01693e-06
 Reference value :  2.03102e-06
 Reference value :  2.04537e-06
 Reference value :  2.05946e-06
 Reference value :  2.07369e-06
 Reference value :  2.08778e-06
 Reference value :  2.10221e-06
 Reference value :  2.11774e-06
 Reference value :  2.13068e-06
 Reference value :  2.14477e-06
 Reference value :  2.15874e-06
No. of Data Rows : 6061
vhold_min           =  1.20000e+00 at=  1.15616e-10
tfirst              =  1.38509e-07
t1                  =  1.33735e-06
t2                  =  1.39585e-06
t3                  =  1.45433e-06
t4                  =  1.51287e-06
t5                  =  1.57137e-06
t6                  =  1.62986e-06
t7                  =  1.68835e-06
t8                  =  1.74689e-06
t9                  =  1.80539e-06
t10                 =  1.86390e-06
t11                 =  1.92240e-06
t12                 =  1.98091e-06
idd_run             =  -5.39138e-05 from=  1.30100e-06 to=  2.16800e-06
vmax                =  1.22588e+00 at=  1.39637e-06
vmin                =  -2.68939e-02 at=  1.77711e-06
Note: Simulation executed from .control section 
Warning: m=xx on .subckt line will override multiplier m hierarchy!

Note: Starting dynamic gmin stepping
Note: Dynamic gmin stepping completed
Note: Starting dynamic gmin stepping
Note: Dynamic gmin stepping completed
