
Note: Compatibility modes selected: hs a


Circuit: * tt_analog_ring, code 4

Doing analysis at TEMP = 27.000000 and TNOM = 27.000000

Using SPARSE 1.3 as Direct Linear Solver
 Reference value :  0.00000e+00
No. of Data Rows : 1
idd_dis=1.94348E-05 vbp=0.947124 vbn=0.334103 clk_dis=1.32
Doing analysis at TEMP = 27.000000 and TNOM = 27.000000

Using SPARSE 1.3 as Direct Linear Solver

Initial Transient Solution
--------------------------

Node                                   Voltage
----                                   -------
vpwr                                      1.32
code[0]                                      0
code[1]                                      0
code[2]                                   1.32
code[3]                                      0
code[4]                                      0
code[5]                                      0
code[6]                                      0
code[7]                                      0
enable                                       0
xdut.vbp                              0.947124
clk_out                                   1.32
xdut.b1                            4.03172e-07
xdut.s3                            1.35802e-05
xdut.s2                                   1.32
xdut.n_126                             1.31999
xdut.s1                            1.35803e-05
xdut.n_125                                1.32
xdut.s10                                  1.32
xdut.s6                                   1.32
xdut.s5                            1.35802e-05
xdut.n_128                                1.32
xdut.s9                            1.35802e-05
xdut.n_133                                1.32
xdut.s4                                   1.32
xdut.n_129                             1.31999
xdut.s8                                   1.32
xdut.n_132                             1.31999
xdut.s7                            1.35802e-05
xdut.n_130                             1.31999
xdut.n_127                                1.32
xdut.n_131                                1.32
xdut.s0                                   1.32
xdut.n_124                             1.31999
xdut.n_71                            1.332e-05
xdut.n_72                          1.33199e-05
xdut.n_70                           1.3011e-07
xdut.n_77                          1.33199e-05
xdut.n_75                           1.3011e-07
xdut.n_73                           1.3011e-07
xdut.n_67                           1.3011e-07
xdut.n_76                           1.3011e-07
xdut.n_69                          1.33199e-05
xdut.n_74                          1.33199e-05
xdut.n_122                                1.32
xdut.n_i1005                           1.12475
xdut.n_68                          3.06185e-07
xdut.vbn                              0.334103
ven#branch                         1.80233e-11
vc7#branch                          4.6265e-12
vc6#branch                         2.31325e-12
vc5#branch                         1.15662e-12
vc4#branch                         5.78312e-13
vc3#branch                         2.89156e-13
vc2#branch                        -1.48503e-09
vc1#branch                          7.2289e-14
vc0#branch                         3.61445e-14
vdd#branch                        -1.94348e-05

 Reference value :  0.00000e+00
 Reference value :  6.97536e-08
 Reference value :  1.23514e-07
 Reference value :  1.82874e-07
 Reference value :  2.53434e-07
 Reference value :  3.36165e-07
 Reference value :  3.65985e-07
 Reference value :  3.95105e-07
 Reference value :  4.26634e-07
 Reference value :  4.54634e-07
 Reference value :  4.84874e-07
 Reference value :  5.30109e-07
 Reference value :  5.69309e-07
 Reference value :  6.12171e-07
 Reference value :  6.55851e-07
 Reference value :  6.97692e-07
 Reference value :  7.40252e-07
 Reference value :  7.77540e-07
 Reference value :  8.01060e-07
 Reference value :  8.42861e-07
 Reference value :  8.85421e-07
 Reference value :  9.29450e-07
 Reference value :  9.70890e-07
 Reference value :  1.01488e-06
 Reference value :  1.05632e-06
 Reference value :  1.10151e-06
 Reference value :  1.14407e-06
 Reference value :  1.19026e-06
 Reference value :  1.23282e-06
 Reference value :  1.27694e-06
 Reference value :  1.32062e-06
 Reference value :  1.36571e-06
 Reference value :  1.41275e-06
 Reference value :  1.45240e-06
 Reference value :  1.49384e-06
 Reference value :  1.53669e-06
 Reference value :  1.58037e-06
 Reference value :  1.62338e-06
 Reference value :  1.66818e-06
 Reference value :  1.70991e-06
 Reference value :  1.75359e-06
 Reference value :  1.79213e-06
 Reference value :  1.83133e-06
 Reference value :  1.86858e-06
 Reference value :  1.90106e-06
 Reference value :  1.93623e-06
 Reference value :  1.96087e-06
 Reference value :  1.98999e-06
 Reference value :  2.02052e-06
 Reference value :  2.04516e-06
 Reference value :  2.07204e-06
 Reference value :  2.10609e-06
 Reference value :  2.14305e-06
 Reference value :  2.16769e-06
 Reference value :  2.19486e-06
 Reference value :  2.21950e-06
 Reference value :  2.25198e-06
 Reference value :  2.27595e-06
 Reference value :  2.30171e-06
 Reference value :  2.33979e-06
 Reference value :  2.37928e-06
 Reference value :  2.41848e-06
 Reference value :  2.44806e-06
 Reference value :  2.47942e-06
 Reference value :  2.52003e-06
 Reference value :  2.56147e-06
 Reference value :  2.60336e-06
 Reference value :  2.64480e-06
 Reference value :  2.68653e-06
 Reference value :  2.72797e-06
 Reference value :  2.76762e-06
 Reference value :  2.80906e-06
 Reference value :  2.84976e-06
 Reference value :  2.89223e-06
 Reference value :  2.93188e-06
 Reference value :  2.97444e-06
 Reference value :  3.01662e-06
 Reference value :  3.05649e-06
 Reference value :  3.09681e-06
 Reference value :  3.13759e-06
 Reference value :  3.18015e-06
 Reference value :  3.21852e-06
 Reference value :  3.26108e-06
 Reference value :  3.30073e-06
 Reference value :  3.34217e-06
 Reference value :  3.38278e-06
 Reference value :  3.42310e-06
 Reference value :  3.46388e-06
 Reference value :  3.50420e-06
 Reference value :  3.54368e-06
 Reference value :  3.58512e-06
 Reference value :  3.62701e-06
 Reference value :  3.66733e-06
 Reference value :  3.70906e-06
 Reference value :  3.74938e-06
 Reference value :  3.79128e-06
 Reference value :  3.82936e-06
 Reference value :  3.86997e-06
 Reference value :  3.91029e-06
 Reference value :  3.95218e-06
 Reference value :  3.99362e-06
 Reference value :  4.03535e-06
 Reference value :  4.07679e-06
 Reference value :  4.11869e-06
 Reference value :  4.15789e-06
 Reference value :  4.19961e-06
 Reference value :  4.24105e-06
 Reference value :  4.28182e-06
 Reference value :  4.31878e-06
 Reference value :  4.35836e-06
 Reference value :  4.38851e-06
 Reference value :  4.41427e-06
 Reference value :  4.43939e-06
 Reference value :  4.46513e-06
 Reference value :  4.49201e-06
 Reference value :  4.51777e-06
 Reference value :  4.54158e-06
 Reference value :  4.57966e-06
 Reference value :  4.62267e-06
 Reference value :  4.64955e-06
 Reference value :  4.67531e-06
 Reference value :  4.70136e-06
 Reference value :  4.74056e-06
 Reference value :  4.77304e-06
 Reference value :  4.80262e-06
 Reference value :  4.84406e-06
 Reference value :  4.87683e-06
 Reference value :  4.90259e-06
 Reference value :  4.92723e-06
 Reference value :  4.95343e-06
 Reference value :  4.98031e-06
 Reference value :  5.00831e-06
 Reference value :  5.04557e-06
 Reference value :  5.07805e-06
 Reference value :  5.12107e-06
 Reference value :  5.16251e-06
 Reference value :  5.20535e-06
 Reference value :  5.24791e-06
 Reference value :  5.29092e-06
 Reference value :  5.33348e-06
 Reference value :  5.37745e-06
 Reference value :  5.42113e-06
 Reference value :  5.46303e-06
 Reference value :  5.50559e-06
 Reference value :  5.54956e-06
 Reference value :  5.59100e-06
 Reference value :  5.63736e-06
 Reference value :  5.68104e-06
 Reference value :  5.72726e-06
 Reference value :  5.77542e-06
 Reference value :  5.81844e-06
 Reference value :  5.86212e-06
 Reference value :  5.90272e-06
 Reference value :  5.94640e-06
 Reference value :  5.98828e-06
 Reference value :  6.03308e-06
 Reference value :  6.07370e-06
 Reference value :  6.11485e-06
 Reference value :  6.15705e-06
 Reference value :  6.20073e-06
 Reference value :  6.24133e-06
 Reference value :  6.28247e-06
 Reference value :  6.32577e-06
 Reference value :  6.36907e-06
 Reference value :  6.41231e-06
 Reference value :  6.45421e-06
 Reference value :  6.49565e-06
 Reference value :  6.53747e-06
 Reference value :  6.57657e-06
 Reference value :  6.61771e-06
 Reference value :  6.66213e-06
 Reference value :  6.70507e-06
No. of Data Rows : 6073
vhold_min           =  1.32000e+00 at=  3.58400e-10
tfirst              =  4.14649e-07
t1                  =  4.18859e-06
t2                  =  4.35621e-06
t3                  =  4.52384e-06
t4                  =  4.69146e-06
t5                  =  4.85908e-06
t6                  =  5.02670e-06
t7                  =  5.19433e-06
t8                  =  5.36195e-06
t9                  =  5.52958e-06
t10                 =  5.69720e-06
t11                 =  5.86482e-06
t12                 =  6.03244e-06
idd_run             =  -2.14628e-05 from=  4.03400e-06 to=  6.72300e-06
vmax                =  1.34100e+00 at=  6.70432e-06
vmin                =  -2.39171e-02 at=  6.61771e-06
Note: Simulation executed from .control section 
Warning: m=xx on .subckt line will override multiplier m hierarchy!

Note: Starting dynamic gmin stepping
Note: Dynamic gmin stepping completed
Note: Starting dynamic gmin stepping
Note: Dynamic gmin stepping completed
