
Note: Compatibility modes selected: hs a


Circuit: * tt_analog_ring, code 127

Doing analysis at TEMP = 27.000000 and TNOM = 27.000000

Using SPARSE 1.3 as Direct Linear Solver
 Reference value :  0.00000e+00
No. of Data Rows : 1
idd_dis=0.000327375 vbp=0.557671 vbn=0.494083 clk_dis=1.2
Doing analysis at TEMP = 27.000000 and TNOM = 27.000000

Using SPARSE 1.3 as Direct Linear Solver

Initial Transient Solution
--------------------------

Node                                   Voltage
----                                   -------
vpwr                                       1.2
code[0]                                    1.2
code[1]                                    1.2
code[2]                                    1.2
code[3]                                    1.2
code[4]                                    1.2
code[5]                                    1.2
code[6]                                    1.2
code[7]                                      0
enable                                       0
xdut.vbp                              0.557671
clk_out                                    1.2
xdut.b1                            1.38596e-07
xdut.s3                            7.42339e-07
xdut.s2                                    1.2
xdut.n_126                                 1.2
xdut.s1                            7.54364e-07
xdut.n_125                                 1.2
xdut.s10                                   1.2
xdut.s6                                    1.2
xdut.s5                            1.02122e-06
xdut.n_128                                 1.2
xdut.s9                            6.41317e-07
xdut.n_133                                 1.2
xdut.s4                                    1.2
xdut.n_129                                 1.2
xdut.s8                                    1.2
xdut.n_132                                 1.2
xdut.s7                            6.46187e-07
xdut.n_130                                 1.2
xdut.n_127                                 1.2
xdut.n_131                                 1.2
xdut.s0                                    1.2
xdut.n_124                                 1.2
xdut.n_71                          6.62979e-07
xdut.n_72                           5.6832e-07
xdut.n_70                          1.44978e-07
xdut.n_77                          6.46355e-07
xdut.n_75                          8.27281e-08
xdut.n_73                          1.43804e-07
xdut.n_67                          1.95925e-07
xdut.n_76                           4.6679e-08
xdut.n_69                          5.58788e-07
xdut.n_74                          8.94151e-07
xdut.n_122                                 1.2
xdut.n_i1005                           1.00575
xdut.n_68                          4.32103e-07
xdut.vbn                              0.494083
ven#branch                         7.26248e-12
vc7#branch                         1.72669e-12
vc6#branch                        -2.91831e-08
vc5#branch                        -1.46473e-08
vc4#branch                          -7.289e-09
vc3#branch                        -3.63192e-09
vc2#branch                        -1.80507e-09
vc1#branch                        -9.44159e-10
vc0#branch                        -4.41389e-10
vdd#branch                        -0.000327375

 Reference value :  0.00000e+00
 Reference value :  4.35877e-09
 Reference value :  9.01027e-09
 Reference value :  1.38478e-08
 Reference value :  1.71349e-08
 Reference value :  1.89709e-08
 Reference value :  2.03974e-08
 Reference value :  2.21340e-08
 Reference value :  2.48008e-08
 Reference value :  2.74057e-08
 Reference value :  3.01345e-08
 Reference value :  3.28014e-08
 Reference value :  3.54683e-08
 Reference value :  3.81971e-08
 Reference value :  4.07400e-08
 Reference value :  4.35309e-08
 Reference value :  4.61977e-08
 Reference value :  4.89886e-08
 Reference value :  5.15935e-08
 Reference value :  5.43844e-08
 Reference value :  5.70512e-08
 Reference value :  5.97801e-08
 Reference value :  6.25090e-08
 Reference value :  6.51138e-08
 Reference value :  6.77807e-08
 Reference value :  7.03855e-08
 Reference value :  7.30524e-08
 Reference value :  7.54712e-08
 Reference value :  7.82621e-08
 Reference value :  8.08049e-08
 Reference value :  8.35958e-08
 Reference value :  8.61386e-08
 Reference value :  8.89295e-08
 Reference value :  9.14723e-08
 Reference value :  9.41392e-08
 Reference value :  9.68681e-08
 Reference value :  9.94109e-08
 Reference value :  1.02140e-07
 Reference value :  1.04497e-07
 Reference value :  1.06171e-07
 Reference value :  1.07784e-07
 Reference value :  1.09954e-07
 Reference value :  1.12683e-07
 Reference value :  1.15288e-07
 Reference value :  1.18203e-07
 Reference value :  1.20746e-07
 Reference value :  1.23537e-07
 Reference value :  1.26266e-07
 Reference value :  1.28746e-07
 Reference value :  1.31413e-07
 Reference value :  1.32902e-07
 Reference value :  1.34514e-07
 Reference value :  1.36313e-07
 Reference value :  1.37863e-07
 Reference value :  1.39414e-07
 Reference value :  1.41150e-07
 Reference value :  1.42763e-07
 Reference value :  1.44375e-07
 Reference value :  1.46174e-07
 Reference value :  1.47724e-07
 Reference value :  1.49337e-07
 Reference value :  1.51074e-07
 Reference value :  1.52624e-07
 Reference value :  1.54175e-07
 Reference value :  1.55911e-07
 Reference value :  1.57462e-07
 Reference value :  1.59012e-07
 Reference value :  1.60811e-07
 Reference value :  1.62423e-07
 Reference value :  1.63974e-07
 Reference value :  1.65710e-07
 Reference value :  1.67261e-07
 Reference value :  1.68811e-07
 Reference value :  1.70734e-07
 Reference value :  1.72408e-07
 Reference value :  1.74021e-07
 Reference value :  1.75820e-07
 Reference value :  1.77680e-07
 Reference value :  1.79355e-07
 Reference value :  1.81029e-07
 Reference value :  1.82642e-07
 Reference value :  1.84316e-07
 Reference value :  1.86487e-07
 Reference value :  1.88286e-07
 Reference value :  1.90022e-07
 Reference value :  1.91635e-07
 Reference value :  1.93247e-07
 Reference value :  1.95046e-07
 Reference value :  1.96596e-07
 Reference value :  1.98209e-07
 Reference value :  1.99945e-07
 Reference value :  2.01558e-07
 Reference value :  2.03480e-07
 Reference value :  2.05217e-07
 Reference value :  2.07326e-07
 Reference value :  2.10117e-07
 Reference value :  2.12721e-07
 Reference value :  2.15512e-07
 Reference value :  2.18117e-07
 Reference value :  2.20846e-07
 Reference value :  2.23637e-07
 Reference value :  2.26242e-07
 Reference value :  2.29033e-07
 Reference value :  2.31700e-07
 Reference value :  2.34428e-07
 Reference value :  2.37033e-07
 Reference value :  2.39824e-07
 Reference value :  2.42429e-07
 Reference value :  2.45158e-07
 Reference value :  2.47825e-07
 Reference value :  2.50492e-07
 Reference value :  2.53282e-07
 Reference value :  2.55763e-07
 Reference value :  2.58492e-07
 Reference value :  2.61097e-07
 Reference value :  2.63888e-07
 Reference value :  2.66493e-07
 Reference value :  2.69222e-07
 Reference value :  2.71888e-07
 Reference value :  2.74617e-07
 Reference value :  2.77346e-07
 Reference value :  2.80075e-07
 Reference value :  2.82866e-07
 Reference value :  2.85471e-07
 Reference value :  2.88200e-07
 Reference value :  2.90867e-07
 Reference value :  2.93658e-07
 Reference value :  2.96324e-07
 Reference value :  2.99115e-07
 Reference value :  3.01658e-07
 Reference value :  3.04263e-07
 Reference value :  3.07054e-07
 Reference value :  3.09783e-07
 Reference value :  3.12822e-07
 Reference value :  3.15489e-07
 Reference value :  3.18341e-07
 Reference value :  3.21070e-07
 Reference value :  3.23737e-07
 Reference value :  3.26528e-07
 Reference value :  3.29071e-07
 Reference value :  3.31862e-07
 Reference value :  3.34529e-07
 Reference value :  3.37196e-07
 Reference value :  3.39800e-07
 Reference value :  3.42591e-07
 Reference value :  3.45258e-07
 Reference value :  3.47987e-07
 Reference value :  3.50716e-07
 Reference value :  3.53259e-07
 Reference value :  3.55926e-07
 Reference value :  3.58468e-07
 Reference value :  3.61197e-07
 Reference value :  3.63740e-07
 Reference value :  3.66531e-07
 Reference value :  3.69136e-07
 Reference value :  3.71865e-07
No. of Data Rows : 6014
vhold_min           =  1.20000e+00 at=  2.65446e-10
tfirst              =  2.40303e-08
t1                  =  2.24198e-07
t2                  =  2.33960e-07
t3                  =  2.43723e-07
t4                  =  2.53486e-07
t5                  =  2.63248e-07
t6                  =  2.73012e-07
t7                  =  2.82774e-07
t8                  =  2.92538e-07
t9                  =  3.02300e-07
t10                 =  3.12062e-07
t11                 =  3.21826e-07
t12                 =  3.31588e-07
idd_run             =  -3.38872e-04 from=  2.23300e-07 to=  3.72100e-07
vmax                =  1.20653e+00 at=  3.45940e-07
vmin                =  -9.02888e-03 at=  3.07302e-07
Note: Simulation executed from .control section 
Warning: m=xx on .subckt line will override multiplier m hierarchy!

Note: Starting dynamic gmin stepping
Note: Dynamic gmin stepping completed
Note: Starting dynamic gmin stepping
Note: Dynamic gmin stepping completed
