
Note: Compatibility modes selected: hs a


Circuit: * tt_analog_ring, code 255

Doing analysis at TEMP = 27.000000 and TNOM = 27.000000

Using SPARSE 1.3 as Direct Linear Solver
 Reference value :  0.00000e+00
No. of Data Rows : 1
idd_dis=0.000581247 vbp=0.460814 vbn=0.57862 clk_dis=1.2
Doing analysis at TEMP = 27.000000 and TNOM = 27.000000

Using SPARSE 1.3 as Direct Linear Solver

Initial Transient Solution
--------------------------

Node                                   Voltage
----                                   -------
vpwr                                       1.2
code[0]                                    1.2
code[1]                                    1.2
code[2]                                    1.2
code[3]                                    1.2
code[4]                                    1.2
code[5]                                    1.2
code[6]                                    1.2
code[7]                                    1.2
enable                                       0
xdut.vbp                              0.460814
clk_out                                    1.2
xdut.b1                            1.53742e-07
xdut.s3                            4.52775e-07
xdut.s2                                    1.2
xdut.n_126                                 1.2
xdut.s1                            6.18442e-07
xdut.n_125                                 1.2
xdut.s10                                   1.2
xdut.s6                                    1.2
xdut.s5                            4.47311e-07
xdut.n_128                                 1.2
xdut.s9                            5.37398e-07
xdut.n_133                                 1.2
xdut.s4                                    1.2
xdut.n_129                                 1.2
xdut.s8                                    1.2
xdut.n_132                                 1.2
xdut.s7                            6.40486e-07
xdut.n_130                                 1.2
xdut.n_127                                 1.2
xdut.n_131                                 1.2
xdut.s0                                    1.2
xdut.n_124                                 1.2
xdut.n_71                          5.09102e-07
xdut.n_72                          5.27832e-07
xdut.n_70                          7.27243e-08
xdut.n_77                          3.73671e-07
xdut.n_75                          1.43641e-07
xdut.n_73                          8.40333e-08
xdut.n_67                           8.4258e-08
xdut.n_76                          7.07483e-08
xdut.n_69                          4.46954e-07
xdut.n_74                          3.73601e-07
xdut.n_122                                 1.2
xdut.n_i1005                           1.01574
xdut.n_68                          1.62303e-07
xdut.vbn                               0.57862
ven#branch                         7.35158e-12
vc7#branch                        -6.39446e-08
vc6#branch                        -3.19801e-08
vc5#branch                        -1.59704e-08
vc4#branch                        -8.02081e-09
vc3#branch                        -4.01891e-09
vc2#branch                        -2.00098e-09
vc1#branch                        -1.00003e-09
vc0#branch                        -4.88552e-10
vdd#branch                        -0.000581247

 Reference value :  0.00000e+00
 Reference value :  1.37668e-09
 Reference value :  3.02324e-09
 Reference value :  4.66980e-09
 Reference value :  6.35652e-09
 Reference value :  8.00308e-09
 Reference value :  9.64964e-09
 Reference value :  1.12962e-08
 Reference value :  1.24110e-08
 Reference value :  1.33347e-08
 Reference value :  1.42986e-08
 Reference value :  1.53427e-08
 Reference value :  1.62262e-08
 Reference value :  1.70696e-08
 Reference value :  1.79933e-08
 Reference value :  1.88366e-08
 Reference value :  1.97603e-08
 Reference value :  2.07242e-08
 Reference value :  2.17282e-08
 Reference value :  2.26518e-08
 Reference value :  2.35755e-08
 Reference value :  2.46197e-08
 Reference value :  2.55434e-08
 Reference value :  2.65875e-08
 Reference value :  2.76317e-08
 Reference value :  2.85554e-08
 Reference value :  2.94790e-08
 Reference value :  3.05232e-08
 Reference value :  3.14469e-08
 Reference value :  3.24107e-08
 Reference value :  3.34950e-08
 Reference value :  3.44187e-08
 Reference value :  3.53022e-08
 Reference value :  3.64267e-08
 Reference value :  3.73504e-08
 Reference value :  3.82339e-08
 Reference value :  3.92781e-08
 Reference value :  4.03624e-08
 Reference value :  4.12861e-08
 Reference value :  4.23302e-08
 Reference value :  4.32941e-08
 Reference value :  4.42981e-08
 Reference value :  4.53422e-08
 Reference value :  4.62659e-08
 Reference value :  4.71896e-08
 Reference value :  4.83141e-08
 Reference value :  4.92779e-08
 Reference value :  5.02016e-08
 Reference value :  5.12458e-08
 Reference value :  5.21694e-08
 Reference value :  5.30931e-08
 Reference value :  5.41774e-08
 Reference value :  5.51011e-08
 Reference value :  5.60650e-08
 Reference value :  5.71091e-08
 Reference value :  5.80328e-08
 Reference value :  5.89565e-08
 Reference value :  6.00006e-08
 Reference value :  6.09243e-08
 Reference value :  6.18480e-08
 Reference value :  6.28922e-08
 Reference value :  6.38158e-08
 Reference value :  6.47395e-08
 Reference value :  6.59845e-08
 Reference value :  6.71893e-08
 Reference value :  6.83539e-08
 Reference value :  6.95587e-08
 Reference value :  7.04824e-08
 Reference value :  7.14864e-08
 Reference value :  7.24101e-08
 Reference value :  7.33338e-08
 Reference value :  7.43378e-08
 Reference value :  7.53418e-08
 Reference value :  7.62654e-08
 Reference value :  7.72694e-08
 Reference value :  7.82333e-08
 Reference value :  7.90766e-08
 Reference value :  8.00003e-08
 Reference value :  8.10445e-08
 Reference value :  8.19682e-08
 Reference value :  8.28918e-08
 Reference value :  8.38155e-08
 Reference value :  8.46187e-08
 Reference value :  8.54621e-08
 Reference value :  8.63858e-08
 Reference value :  8.72291e-08
 Reference value :  8.80725e-08
 Reference value :  8.89158e-08
 Reference value :  8.98395e-08
 Reference value :  9.06829e-08
 Reference value :  9.14861e-08
 Reference value :  9.23696e-08
 Reference value :  9.32130e-08
 Reference value :  9.40563e-08
 Reference value :  9.48997e-08
 Reference value :  9.58635e-08
 Reference value :  9.67069e-08
 Reference value :  9.75502e-08
 Reference value :  9.84338e-08
 Reference value :  9.92370e-08
 Reference value :  1.00040e-07
 Reference value :  1.00843e-07
 Reference value :  1.01767e-07
 Reference value :  1.02610e-07
 Reference value :  1.03454e-07
 Reference value :  1.04377e-07
 Reference value :  1.05221e-07
 Reference value :  1.06064e-07
 Reference value :  1.06948e-07
 Reference value :  1.07952e-07
 Reference value :  1.08875e-07
 Reference value :  1.09799e-07
 Reference value :  1.10843e-07
 Reference value :  1.11767e-07
 Reference value :  1.12691e-07
 Reference value :  1.13735e-07
 Reference value :  1.14658e-07
 Reference value :  1.15582e-07
 Reference value :  1.16586e-07
 Reference value :  1.17470e-07
 Reference value :  1.18393e-07
 Reference value :  1.19478e-07
 Reference value :  1.20401e-07
 Reference value :  1.21325e-07
 Reference value :  1.22530e-07
 Reference value :  1.23453e-07
 Reference value :  1.24377e-07
 Reference value :  1.25461e-07
 Reference value :  1.26385e-07
 Reference value :  1.27309e-07
 Reference value :  1.28353e-07
 Reference value :  1.29277e-07
 Reference value :  1.30200e-07
 Reference value :  1.31285e-07
 Reference value :  1.32208e-07
 Reference value :  1.33132e-07
 Reference value :  1.34136e-07
 Reference value :  1.35100e-07
 Reference value :  1.36024e-07
 Reference value :  1.37068e-07
 Reference value :  1.38032e-07
 Reference value :  1.38955e-07
 Reference value :  1.39959e-07
 Reference value :  1.40923e-07
 Reference value :  1.41847e-07
 Reference value :  1.42730e-07
 Reference value :  1.43654e-07
 Reference value :  1.44578e-07
 Reference value :  1.45541e-07
 Reference value :  1.46545e-07
 Reference value :  1.47469e-07
 Reference value :  1.48353e-07
 Reference value :  1.49397e-07
 Reference value :  1.50280e-07
 Reference value :  1.51204e-07
 Reference value :  1.52208e-07
 Reference value :  1.53092e-07
 Reference value :  1.53975e-07
 Reference value :  1.54979e-07
 Reference value :  1.55903e-07
 Reference value :  1.56786e-07
 Reference value :  1.57790e-07
 Reference value :  1.58714e-07
 Reference value :  1.59638e-07
 Reference value :  1.60601e-07
 Reference value :  1.61565e-07
 Reference value :  1.62529e-07
 Reference value :  1.63533e-07
 Reference value :  1.64537e-07
 Reference value :  1.65461e-07
 Reference value :  1.66384e-07
 Reference value :  1.67388e-07
 Reference value :  1.68312e-07
 Reference value :  1.69196e-07
 Reference value :  1.70240e-07
 Reference value :  1.71164e-07
 Reference value :  1.72047e-07
 Reference value :  1.73091e-07
 Reference value :  1.74015e-07
 Reference value :  1.74939e-07
 Reference value :  1.75983e-07
 Reference value :  1.76866e-07
 Reference value :  1.77710e-07
 Reference value :  1.78714e-07
 Reference value :  1.79637e-07
 Reference value :  1.80521e-07
 Reference value :  1.81485e-07
 Reference value :  1.82408e-07
 Reference value :  1.83292e-07
 Reference value :  1.84216e-07
 Reference value :  1.85179e-07
 Reference value :  1.86103e-07
 Reference value :  1.87027e-07
 Reference value :  1.88031e-07
 Reference value :  1.88914e-07
 Reference value :  1.89798e-07
 Reference value :  1.90842e-07
 Reference value :  1.91725e-07
 Reference value :  1.92609e-07
 Reference value :  1.93693e-07
 Reference value :  1.94617e-07
 Reference value :  1.95541e-07
 Reference value :  1.96625e-07
 Reference value :  1.97549e-07
 Reference value :  1.98472e-07
 Reference value :  1.99516e-07
 Reference value :  2.00480e-07
 Reference value :  2.01404e-07
 Reference value :  2.02448e-07
 Reference value :  2.03372e-07
 Reference value :  2.04296e-07
 Reference value :  2.05300e-07
 Reference value :  2.06223e-07
 Reference value :  2.07147e-07
 Reference value :  2.08111e-07
 Reference value :  2.09075e-07
 Reference value :  2.09998e-07
 Reference value :  2.10962e-07
 Reference value :  2.11966e-07
 Reference value :  2.12890e-07
 Reference value :  2.13813e-07
 Reference value :  2.14817e-07
 Reference value :  2.15701e-07
 Reference value :  2.16625e-07
 Reference value :  2.17669e-07
 Reference value :  2.18552e-07
 Reference value :  2.19476e-07
 Reference value :  2.20520e-07
 Reference value :  2.21444e-07
 Reference value :  2.22368e-07
 Reference value :  2.23412e-07
 Reference value :  2.24335e-07
 Reference value :  2.25299e-07
 Reference value :  2.26343e-07
 Reference value :  2.27267e-07
 Reference value :  2.28191e-07
 Reference value :  2.29195e-07
 Reference value :  2.30038e-07
 Reference value :  2.30841e-07
 Reference value :  2.31725e-07
 Reference value :  2.32648e-07
 Reference value :  2.33532e-07
 Reference value :  2.34375e-07
 Reference value :  2.35339e-07
 Reference value :  2.36183e-07
 Reference value :  2.37026e-07
 Reference value :  2.37909e-07
 Reference value :  2.38713e-07
 Reference value :  2.39556e-07
 Reference value :  2.40399e-07
No. of Data Rows : 6014
vhold_min           =  1.20000e+00 at=  2.12045e-10
tfirst              =  1.54747e-08
t1                  =  1.49241e-07
t2                  =  1.55186e-07
t3                  =  1.61131e-07
t4                  =  1.67076e-07
t5                  =  1.73020e-07
t6                  =  1.78965e-07
t7                  =  1.84910e-07
t8                  =  1.90855e-07
t9                  =  1.96800e-07
t10                 =  2.02745e-07
t11                 =  2.08690e-07
t12                 =  2.14635e-07
idd_run             =  -5.99207e-04 from=  1.44600e-07 to=  2.41000e-07
vmax                =  1.20893e+00 at=  2.35259e-07
vmin                =  -6.12198e-03 at=  2.38231e-07
Note: Simulation executed from .control section 
Warning: m=xx on .subckt line will override multiplier m hierarchy!

Note: Starting dynamic gmin stepping
Note: Dynamic gmin stepping completed
Note: Starting dynamic gmin stepping
Note: Dynamic gmin stepping completed
