
Note: No compatibility mode selected!


Circuit: * stage delay at code 0

Doing analysis at TEMP = 27.000000 and TNOM = 27.000000

Using SPARSE 1.3 as Direct Linear Solver

Initial Transient Solution
--------------------------

Node                                   Voltage
----                                   -------
vpwr                                      1.32
code[0]                                      0
code[1]                                      0
code[2]                                      0
code[3]                                      0
code[4]                                      0
code[5]                                      0
code[6]                                      0
code[7]                                      0
vbp                                   0.926631
vbn                                   0.314691
a                                            0
xdrv.net1                                 1.32
b                                         1.32
xdrv.net2                          6.96901e-08
xdut.net1                                 1.32
y                                   2.9946e-06
xdut.net2                          2.97704e-06
xload.net1                                1.32
z                                         1.32
xload.net2                          6.9696e-08
xload2.net1                               1.32
zz                                 1.93734e-06
xload2.net2                        1.92707e-06
vin#branch                         3.25693e-12
vc7#branch                         2.11936e-12
vc6#branch                         1.05967e-12
vc5#branch                         5.29831e-13
vc4#branch                         2.64908e-13
vc3#branch                         1.32447e-13
vc2#branch                         6.62168e-14
vc1#branch                         3.31016e-14
vc0#branch                         1.65439e-14
vdd#branch                        -5.97831e-06

 Reference value :  2.21825e-08
 Reference value :  1.12197e-07
 Reference value :  1.75522e-07
 Reference value :  2.62378e-07
 Reference value :  3.48182e-07
 Reference value :  4.18769e-07
 Reference value :  4.95361e-07
 Reference value :  5.81690e-07
 Reference value :  6.61290e-07
 Reference value :  7.28406e-07
 Reference value :  8.13683e-07
 Reference value :  8.99486e-07
 Reference value :  9.62704e-07
 Reference value :  1.04535e-06
 Reference value :  1.13220e-06
 Reference value :  1.20812e-06
 Reference value :  1.28234e-06
 Reference value :  1.36841e-06
 Reference value :  1.44847e-06
 Reference value :  1.51374e-06
No. of Data Rows : 6065
tin_f               =  6.63768e-07
tout_r              =  6.73759e-07
tin_r               =  9.30672e-07
tout_f              =  9.42141e-07
tplh=9.9907E-09 tphl=1.14696E-08
t40r                =  6.72002e-07
t60r                =  6.76620e-07
t60f                =  9.40789e-07
t40f                =  9.43459e-07
sr_r=5.71701E+07 sr_f=-9.8906E+07
tr                  =  6.68344e-07
tr8                 =  6.85741e-07
tf                  =  9.37559e-07
tf2                 =  9.50287e-07
trise=1.73973E-08 tfall=1.27274E-08
Note: Simulation executed from .control section 
