
Note: Compatibility modes selected: hs a


Circuit: * tt_analog_ring, code 64

Doing analysis at TEMP = 27.000000 and TNOM = 27.000000

Using SPARSE 1.3 as Direct Linear Solver
 Reference value :  0.00000e+00
No. of Data Rows : 1
idd_dis=0.000147163 vbp=0.512689 vbn=0.393526 clk_dis=1.08
Doing analysis at TEMP = 27.000000 and TNOM = 27.000000

Using SPARSE 1.3 as Direct Linear Solver

Initial Transient Solution
--------------------------

Node                                   Voltage
----                                   -------
vpwr                                      1.08
code[0]                                      0
code[1]                                      0
code[2]                                      0
code[3]                                      0
code[4]                                      0
code[5]                                      0
code[6]                                   1.08
code[7]                                      0
enable                                       0
xdut.vbp                              0.512689
clk_out                                   1.08
xdut.b1                            6.52157e-08
xdut.s3                            4.18439e-07
xdut.s2                                   1.08
xdut.n_126                                1.08
xdut.s1                            4.18441e-07
xdut.n_125                                1.08
xdut.s10                                  1.08
xdut.s6                                   1.08
xdut.s5                            4.18439e-07
xdut.n_128                                1.08
xdut.s9                            4.18439e-07
xdut.n_133                                1.08
xdut.s4                                   1.08
xdut.n_129                                1.08
xdut.s8                                   1.08
xdut.n_132                                1.08
xdut.s7                            4.18439e-07
xdut.n_130                                1.08
xdut.n_127                                1.08
xdut.n_131                                1.08
xdut.s0                                   1.08
xdut.n_124                                1.08
xdut.n_71                          3.83868e-07
xdut.n_72                          3.83866e-07
xdut.n_70                          3.84029e-07
xdut.n_77                          3.83866e-07
xdut.n_75                          3.84029e-07
xdut.n_73                          3.84029e-07
xdut.n_67                          3.84029e-07
xdut.n_76                          3.84029e-07
xdut.n_69                          3.83866e-07
xdut.n_74                          3.83866e-07
xdut.n_122                                1.08
xdut.n_i1005                          0.921362
xdut.n_68                          7.47484e-07
xdut.vbn                              0.393526
ven#branch                         3.14291e-12
vc7#branch                         3.26742e-12
vc6#branch                        -3.26518e-08
vc5#branch                         8.16855e-13
vc4#branch                         4.08427e-13
vc3#branch                         2.04214e-13
vc2#branch                         1.02107e-13
vc1#branch                         5.10534e-14
vc0#branch                         2.55267e-14
vdd#branch                        -0.000147163

 Reference value :  0.00000e+00
 Reference value :  7.75302e-09
 Reference value :  1.64286e-08
 Reference value :  2.48926e-08
 Reference value :  3.20608e-08
 Reference value :  3.69276e-08
 Reference value :  4.20060e-08
 Reference value :  4.67670e-08
 Reference value :  5.20570e-08
 Reference value :  5.53368e-08
 Reference value :  5.80876e-08
 Reference value :  6.17906e-08
 Reference value :  6.65516e-08
 Reference value :  7.16300e-08
 Reference value :  7.63910e-08
 Reference value :  8.13636e-08
 Reference value :  8.59130e-08
 Reference value :  9.08856e-08
 Reference value :  9.55408e-08
 Reference value :  1.00408e-07
 Reference value :  1.05486e-07
 Reference value :  1.10141e-07
 Reference value :  1.14902e-07
 Reference value :  1.19769e-07
 Reference value :  1.24953e-07
 Reference value :  1.29608e-07
 Reference value :  1.34581e-07
 Reference value :  1.39236e-07
 Reference value :  1.42622e-07
 Reference value :  1.45690e-07
 Reference value :  1.50451e-07
 Reference value :  1.55000e-07
 Reference value :  1.58703e-07
 Reference value :  1.63359e-07
 Reference value :  1.68014e-07
 Reference value :  1.71611e-07
 Reference value :  1.75631e-07
 Reference value :  1.80710e-07
 Reference value :  1.85365e-07
 Reference value :  1.90338e-07
 Reference value :  1.94781e-07
 Reference value :  1.99754e-07
 Reference value :  2.04303e-07
 Reference value :  2.09170e-07
 Reference value :  2.13508e-07
 Reference value :  2.18586e-07
 Reference value :  2.21760e-07
 Reference value :  2.26521e-07
 Reference value :  2.31388e-07
 Reference value :  2.36361e-07
 Reference value :  2.39535e-07
 Reference value :  2.42285e-07
 Reference value :  2.46412e-07
 Reference value :  2.50749e-07
 Reference value :  2.54452e-07
 Reference value :  2.57732e-07
 Reference value :  2.60589e-07
 Reference value :  2.63869e-07
 Reference value :  2.68206e-07
 Reference value :  2.72227e-07
 Reference value :  2.76882e-07
 Reference value :  2.81855e-07
 Reference value :  2.86510e-07
 Reference value :  2.91588e-07
 Reference value :  2.96455e-07
 Reference value :  3.01639e-07
 Reference value :  3.06612e-07
 Reference value :  3.11690e-07
 Reference value :  3.16557e-07
 Reference value :  3.21635e-07
 Reference value :  3.26608e-07
 Reference value :  3.31369e-07
 Reference value :  3.36342e-07
 Reference value :  3.41208e-07
 Reference value :  3.46393e-07
 Reference value :  3.51154e-07
 Reference value :  3.56126e-07
 Reference value :  3.60887e-07
 Reference value :  3.65966e-07
 Reference value :  3.70621e-07
 Reference value :  3.75699e-07
 Reference value :  3.80460e-07
 Reference value :  3.85539e-07
 Reference value :  3.90194e-07
 Reference value :  3.95166e-07
 Reference value :  4.00033e-07
 Reference value :  4.04794e-07
 Reference value :  4.09767e-07
 Reference value :  4.14634e-07
 Reference value :  4.19712e-07
 Reference value :  4.24367e-07
 Reference value :  4.29128e-07
 Reference value :  4.33254e-07
 Reference value :  4.36852e-07
 Reference value :  4.41507e-07
 Reference value :  4.44998e-07
 Reference value :  4.48490e-07
 Reference value :  4.51558e-07
 Reference value :  4.55367e-07
 Reference value :  4.58541e-07
 Reference value :  4.61291e-07
 Reference value :  4.64042e-07
 Reference value :  4.67110e-07
 Reference value :  4.69861e-07
 Reference value :  4.72506e-07
 Reference value :  4.76950e-07
 Reference value :  4.80441e-07
 Reference value :  4.84885e-07
 Reference value :  4.89540e-07
 Reference value :  4.94724e-07
 Reference value :  4.99591e-07
 Reference value :  5.04564e-07
 Reference value :  5.09325e-07
 Reference value :  5.14191e-07
 Reference value :  5.18635e-07
 Reference value :  5.23396e-07
 Reference value :  5.27945e-07
 Reference value :  5.32812e-07
 Reference value :  5.37362e-07
 Reference value :  5.42123e-07
 Reference value :  5.46672e-07
 Reference value :  5.51433e-07
 Reference value :  5.55982e-07
 Reference value :  5.60743e-07
 Reference value :  5.65399e-07
 Reference value :  5.70265e-07
 Reference value :  5.74815e-07
 Reference value :  5.79576e-07
 Reference value :  5.84337e-07
 Reference value :  5.88992e-07
 Reference value :  5.93541e-07
 Reference value :  5.98197e-07
 Reference value :  6.02958e-07
 Reference value :  6.07613e-07
 Reference value :  6.10681e-07
 Reference value :  6.13749e-07
 Reference value :  6.17346e-07
 Reference value :  6.21261e-07
 Reference value :  6.24223e-07
 Reference value :  6.26974e-07
 Reference value :  6.30889e-07
No. of Data Rows : 6015
vhold_min           =  1.08000e+00 at=  1.35424e-10
tfirst              =  4.19914e-08
t1                  =  3.83141e-07
t2                  =  4.01579e-07
t3                  =  4.20020e-07
t4                  =  4.38459e-07
t5                  =  4.56897e-07
t6                  =  4.75336e-07
t7                  =  4.93778e-07
t8                  =  5.12216e-07
t9                  =  5.30654e-07
t10                 =  5.49095e-07
t11                 =  5.67534e-07
t12                 =  5.85972e-07
idd_run             =  -1.52521e-04 from=  3.81000e-07 to=  6.34900e-07
vmax                =  1.08574e+00 at=  5.30908e-07
vmin                =  -1.30452e-02 at=  5.58522e-07
Note: Simulation executed from .control section 
Warning: m=xx on .subckt line will override multiplier m hierarchy!

Note: Starting dynamic gmin stepping
Note: Dynamic gmin stepping completed
Note: Starting dynamic gmin stepping
Note: Dynamic gmin stepping completed
