
Note: Compatibility modes selected: hs a


Circuit: * tt_analog_ring, code 0

Doing analysis at TEMP = 27.000000 and TNOM = 27.000000

Using SPARSE 1.3 as Direct Linear Solver
 Reference value :  0.00000e+00
No. of Data Rows : 1
idd_dis=5.80713E-06 vbp=0.862484 vbn=0.25921 clk_dis=1.2
Doing analysis at TEMP = 27.000000 and TNOM = 27.000000

Using SPARSE 1.3 as Direct Linear Solver

Initial Transient Solution
--------------------------

Node                                   Voltage
----                                   -------
vpwr                                       1.2
code[0]                                      0
code[1]                                      0
code[2]                                      0
code[3]                                      0
code[4]                                      0
code[5]                                      0
code[6]                                      0
code[7]                                      0
enable                                       0
xdut.vbp                              0.862484
clk_out                                    1.2
xdut.b1                            2.20393e-07
xdut.s3                            2.12833e-05
xdut.s2                                1.19999
xdut.n_126                             1.19998
xdut.s1                            2.12841e-05
xdut.n_125                             1.19999
xdut.s10                               1.19999
xdut.s6                                1.19999
xdut.s5                            2.12833e-05
xdut.n_128                             1.19999
xdut.s9                            2.12833e-05
xdut.n_133                             1.19999
xdut.s4                                1.19999
xdut.n_129                             1.19998
xdut.s8                                1.19999
xdut.n_132                             1.19998
xdut.s7                            2.12833e-05
xdut.n_130                             1.19998
xdut.n_127                             1.19999
xdut.n_131                             1.19999
xdut.s0                                1.19999
xdut.n_124                             1.19998
xdut.n_71                          2.11177e-05
xdut.n_72                          2.11169e-05
xdut.n_70                           1.3919e-06
xdut.n_77                          2.11169e-05
xdut.n_75                           1.3919e-06
xdut.n_73                           1.3919e-06
xdut.n_67                           1.3919e-06
xdut.n_76                           1.3919e-06
xdut.n_69                          2.11169e-05
xdut.n_74                          2.11169e-05
xdut.n_122                             1.19999
xdut.n_i1005                            1.0255
xdut.n_68                          3.16029e-06
xdut.vbn                               0.25921
ven#branch                         6.05605e-12
vc7#branch                         4.31478e-12
vc6#branch                         2.15739e-12
vc5#branch                          1.0787e-12
vc4#branch                         5.39348e-13
vc3#branch                         2.69674e-13
vc2#branch                         1.34837e-13
vc1#branch                         6.74185e-14
vc0#branch                         3.37092e-14
vdd#branch                        -5.80713e-06

 Reference value :  0.00000e+00
 Reference value :  1.13271e-07
 Reference value :  2.53631e-07
 Reference value :  4.01009e-07
 Reference value :  5.48387e-07
 Reference value :  6.99274e-07
 Reference value :  8.46652e-07
 Reference value :  9.97539e-07
 Reference value :  1.06720e-06
 Reference value :  1.13738e-06
 Reference value :  1.20055e-06
 Reference value :  1.27774e-06
 Reference value :  1.34183e-06
 Reference value :  1.40850e-06
 Reference value :  1.47868e-06
 Reference value :  1.54308e-06
 Reference value :  1.61051e-06
 Reference value :  1.67367e-06
 Reference value :  1.72982e-06
 Reference value :  1.78765e-06
 Reference value :  1.85183e-06
 Reference value :  1.91499e-06
 Reference value :  1.97464e-06
 Reference value :  2.04132e-06
 Reference value :  2.10339e-06
 Reference value :  2.16304e-06
 Reference value :  2.22269e-06
 Reference value :  2.28480e-06
 Reference value :  2.34261e-06
 Reference value :  2.40227e-06
 Reference value :  2.46192e-06
 Reference value :  2.53210e-06
 Reference value :  2.58679e-06
 Reference value :  2.64644e-06
 Reference value :  2.70609e-06
 Reference value :  2.76926e-06
 Reference value :  2.82026e-06
 Reference value :  2.87641e-06
 Reference value :  2.93606e-06
 Reference value :  2.99220e-06
 Reference value :  3.05582e-06
 Reference value :  3.11898e-06
 Reference value :  3.18214e-06
 Reference value :  3.24531e-06
 Reference value :  3.30477e-06
 Reference value :  3.36793e-06
 Reference value :  3.42758e-06
 Reference value :  3.48723e-06
 Reference value :  3.54734e-06
 Reference value :  3.61401e-06
 Reference value :  3.67717e-06
 Reference value :  3.74033e-06
 Reference value :  3.80367e-06
 Reference value :  3.86683e-06
 Reference value :  3.92999e-06
 Reference value :  3.98964e-06
 Reference value :  4.05631e-06
 Reference value :  4.11597e-06
 Reference value :  4.17913e-06
 Reference value :  4.24229e-06
 Reference value :  4.30527e-06
 Reference value :  4.36843e-06
 Reference value :  4.43159e-06
 Reference value :  4.49475e-06
 Reference value :  4.55521e-06
 Reference value :  4.61487e-06
 Reference value :  4.67803e-06
 Reference value :  4.73768e-06
 Reference value :  4.80395e-06
 Reference value :  4.87062e-06
 Reference value :  4.93729e-06
 Reference value :  5.00747e-06
 Reference value :  5.07753e-06
 Reference value :  5.14771e-06
 Reference value :  5.21789e-06
 Reference value :  5.28532e-06
 Reference value :  5.35550e-06
 Reference value :  5.41866e-06
 Reference value :  5.48533e-06
 Reference value :  5.55551e-06
 Reference value :  5.61868e-06
 Reference value :  5.68535e-06
 Reference value :  5.75553e-06
 Reference value :  5.81739e-06
 Reference value :  5.88056e-06
 Reference value :  5.94723e-06
 Reference value :  6.02442e-06
 Reference value :  6.08772e-06
 Reference value :  6.15439e-06
 Reference value :  6.21755e-06
 Reference value :  6.27962e-06
 Reference value :  6.35331e-06
 Reference value :  6.41998e-06
 Reference value :  6.49367e-06
 Reference value :  6.55559e-06
 Reference value :  6.62577e-06
 Reference value :  6.69244e-06
 Reference value :  6.76613e-06
 Reference value :  6.83039e-06
 Reference value :  6.90057e-06
 Reference value :  6.97075e-06
 Reference value :  7.04766e-06
 Reference value :  7.11083e-06
 Reference value :  7.17399e-06
 Reference value :  7.23715e-06
 Reference value :  7.29539e-06
 Reference value :  7.35856e-06
 Reference value :  7.42172e-06
 Reference value :  7.48488e-06
 Reference value :  7.54507e-06
 Reference value :  7.60823e-06
 Reference value :  7.66788e-06
 Reference value :  7.72753e-06
 Reference value :  7.77859e-06
 Reference value :  7.83824e-06
 Reference value :  7.89439e-06
 Reference value :  7.95404e-06
 Reference value :  8.02024e-06
 Reference value :  8.07266e-06
 Reference value :  8.13231e-06
 Reference value :  8.19547e-06
 Reference value :  8.26214e-06
 Reference value :  8.31894e-06
 Reference value :  8.38211e-06
 Reference value :  8.44176e-06
 Reference value :  8.51545e-06
 Reference value :  8.57423e-06
 Reference value :  8.63389e-06
 Reference value :  8.69705e-06
 Reference value :  8.76313e-06
 Reference value :  8.82125e-06
 Reference value :  8.88441e-06
 Reference value :  8.94406e-06
 Reference value :  9.01424e-06
 Reference value :  9.06312e-06
 Reference value :  9.12628e-06
 Reference value :  9.18944e-06
 Reference value :  9.25611e-06
 Reference value :  9.31556e-06
 Reference value :  9.37873e-06
 Reference value :  9.43487e-06
 Reference value :  9.50505e-06
 Reference value :  9.56460e-06
 Reference value :  9.62776e-06
 Reference value :  9.69092e-06
 Reference value :  9.75759e-06
 Reference value :  9.81661e-06
 Reference value :  9.87977e-06
 Reference value :  9.93942e-06
 Reference value :  1.00096e-05
 Reference value :  1.00694e-05
 Reference value :  1.01325e-05
 Reference value :  1.01957e-05
 Reference value :  1.02584e-05
 Reference value :  1.03170e-05
 Reference value :  1.03801e-05
 Reference value :  1.04398e-05
 Reference value :  1.05100e-05
 Reference value :  1.05586e-05
 Reference value :  1.06182e-05
 Reference value :  1.06814e-05
 Reference value :  1.07480e-05
 Reference value :  1.08080e-05
 Reference value :  1.08712e-05
 Reference value :  1.09308e-05
 Reference value :  1.10045e-05
 Reference value :  1.10593e-05
 Reference value :  1.11225e-05
 Reference value :  1.11856e-05
 Reference value :  1.12523e-05
 Reference value :  1.13063e-05
 Reference value :  1.13694e-05
 Reference value :  1.14291e-05
 Reference value :  1.14993e-05
 Reference value :  1.15482e-05
 Reference value :  1.16078e-05
 Reference value :  1.16675e-05
 Reference value :  1.17341e-05
 Reference value :  1.17899e-05
 Reference value :  1.18496e-05
 Reference value :  1.19127e-05
 Reference value :  1.19759e-05
 Reference value :  1.20363e-05
 Reference value :  1.20960e-05
 Reference value :  1.21591e-05
 Reference value :  1.22223e-05
 Reference value :  1.22817e-05
 Reference value :  1.23449e-05
 Reference value :  1.24080e-05
 Reference value :  1.24712e-05
 Reference value :  1.25379e-05
 Reference value :  1.25975e-05
 Reference value :  1.26607e-05
 Reference value :  1.27274e-05
 Reference value :  1.27898e-05
 Reference value :  1.28494e-05
 Reference value :  1.29126e-05
 Reference value :  1.29757e-05
 Reference value :  1.30391e-05
 Reference value :  1.31023e-05
 Reference value :  1.31619e-05
 Reference value :  1.32461e-05
 Reference value :  1.33109e-05
 Reference value :  1.33810e-05
 Reference value :  1.34512e-05
 Reference value :  1.35188e-05
 Reference value :  1.35890e-05
 Reference value :  1.36592e-05
 Reference value :  1.37259e-05
 Reference value :  1.37892e-05
 Reference value :  1.38559e-05
 Reference value :  1.39225e-05
 Reference value :  1.39927e-05
 Reference value :  1.40527e-05
 Reference value :  1.41193e-05
 Reference value :  1.41860e-05
 Reference value :  1.42469e-05
 Reference value :  1.43133e-05
 Reference value :  1.43834e-05
 Reference value :  1.44501e-05
 Reference value :  1.45213e-05
 Reference value :  1.45915e-05
 Reference value :  1.46582e-05
 Reference value :  1.47354e-05
 Reference value :  1.47980e-05
 Reference value :  1.48682e-05
 Reference value :  1.49313e-05
 Reference value :  1.50036e-05
 Reference value :  1.50754e-05
 Reference value :  1.51420e-05
 Reference value :  1.52122e-05
 Reference value :  1.52799e-05
 Reference value :  1.53466e-05
 Reference value :  1.54167e-05
 Reference value :  1.54974e-05
 Reference value :  1.55641e-05
 Reference value :  1.56273e-05
 Reference value :  1.56939e-05
 Reference value :  1.57592e-05
 Reference value :  1.58294e-05
 Reference value :  1.58996e-05
 Reference value :  1.59698e-05
 Reference value :  1.60375e-05
 Reference value :  1.61077e-05
 Reference value :  1.61744e-05
 Reference value :  1.62403e-05
 Reference value :  1.63012e-05
 Reference value :  1.63679e-05
 Reference value :  1.64275e-05
 Reference value :  1.64996e-05
 Reference value :  1.65681e-05
 Reference value :  1.66347e-05
 Reference value :  1.67084e-05
 Reference value :  1.67712e-05
 Reference value :  1.68379e-05
 Reference value :  1.69046e-05
 Reference value :  1.69783e-05
 Reference value :  1.70422e-05
 Reference value :  1.71089e-05
 Reference value :  1.71791e-05
 Reference value :  1.72456e-05
 Reference value :  1.73193e-05
 Reference value :  1.73860e-05
 Reference value :  1.74562e-05
 Reference value :  1.75298e-05
 Reference value :  1.75965e-05
 Reference value :  1.76632e-05
 Reference value :  1.77334e-05
 Reference value :  1.77942e-05
 Reference value :  1.78644e-05
 Reference value :  1.79345e-05
 Reference value :  1.80024e-05
 Reference value :  1.80831e-05
 Reference value :  1.81498e-05
 Reference value :  1.82200e-05
 Reference value :  1.82775e-05
 Reference value :  1.83442e-05
 Reference value :  1.84038e-05
 Reference value :  1.84670e-05
 Reference value :  1.85238e-05
 Reference value :  1.85800e-05
 Reference value :  1.86361e-05
 Reference value :  1.86958e-05
 Reference value :  1.87476e-05
 Reference value :  1.88037e-05
 Reference value :  1.88598e-05
 Reference value :  1.89160e-05
 Reference value :  1.89827e-05
 Reference value :  1.90319e-05
 Reference value :  1.90916e-05
 Reference value :  1.91477e-05
 Reference value :  1.92109e-05
 Reference value :  1.92680e-05
 Reference value :  1.93277e-05
 Reference value :  1.93908e-05
 Reference value :  1.94540e-05
 Reference value :  1.95207e-05
 Reference value :  1.95803e-05
 Reference value :  1.96400e-05
 Reference value :  1.97032e-05
 Reference value :  1.97543e-05
 Reference value :  1.98140e-05
 Reference value :  1.98701e-05
 Reference value :  1.99333e-05
 Reference value :  1.99941e-05
 Reference value :  2.00572e-05
 Reference value :  2.01169e-05
 Reference value :  2.01765e-05
 Reference value :  2.02299e-05
 Reference value :  2.02926e-05
 Reference value :  2.03557e-05
 Reference value :  2.04154e-05
 Reference value :  2.04856e-05
 Reference value :  2.05427e-05
 Reference value :  2.05988e-05
 Reference value :  2.06585e-05
 Reference value :  2.07217e-05
 Reference value :  2.07743e-05
 Reference value :  2.08339e-05
 Reference value :  2.08936e-05
 Reference value :  2.09568e-05
 Reference value :  2.10191e-05
No. of Data Rows : 6094
vhold_min           =  1.20000e+00 at=  4.49152e-09
tfirst              =  1.28308e-06
t1                  =  1.30055e-05
t2                  =  1.35030e-05
t3                  =  1.40016e-05
t4                  =  1.45009e-05
t5                  =  1.49994e-05
t6                  =  1.54964e-05
t7                  =  1.59961e-05
t8                  =  1.64951e-05
t9                  =  1.69933e-05
t10                 =  1.74905e-05
t11                 =  1.79892e-05
t12                 =  1.84891e-05
idd_run             =  -6.70203e-06 from=  1.26300e-05 to=  2.10500e-05
vmax                =  1.21511e+00 at=  1.45053e-05
vmin                =  -9.74534e-03 at=  2.02299e-05
Note: Simulation executed from .control section 
Warning: m=xx on .subckt line will override multiplier m hierarchy!

Note: Starting dynamic gmin stepping
Note: Dynamic gmin stepping completed
Note: Starting dynamic gmin stepping
Note: Dynamic gmin stepping completed
