
Note: No compatibility mode selected!


Circuit: * stage delay at code 0

Doing analysis at TEMP = -40.000000 and TNOM = 27.000000

Using SPARSE 1.3 as Direct Linear Solver

Initial Transient Solution
--------------------------

Node                                   Voltage
----                                   -------
vpwr                                      1.08
code[0]                                      0
code[1]                                      0
code[2]                                      0
code[3]                                      0
code[4]                                      0
code[5]                                      0
code[6]                                      0
code[7]                                      0
vbp                                   0.734269
vbn                                    0.25855
a                                            0
xdrv.net1                                 1.08
b                                         1.08
xdrv.net2                          2.44323e-07
xdut.net1                                 1.08
y                                  5.85337e-06
xdut.net2                          5.78875e-06
xload.net1                                1.08
z                                         1.08
xload.net2                         2.44367e-07
xload2.net1                               1.08
zz                                 3.77353e-06
xload2.net2                        3.73434e-06
vin#branch                         1.03376e-11
vc7#branch                         7.56981e-12
vc6#branch                         3.78482e-12
vc5#branch                         1.89233e-12
vc4#branch                         9.46082e-13
vc3#branch                         4.72959e-13
vc2#branch                         2.36398e-13
vc1#branch                         1.18117e-13
vc0#branch                         5.89764e-14
vdd#branch                        -7.01341e-06

 Reference value :  1.08649e-08
 Reference value :  9.85105e-08
 Reference value :  1.68416e-07
 Reference value :  2.58167e-07
 Reference value :  3.45286e-07
 Reference value :  4.15874e-07
 Reference value :  4.94571e-07
 Reference value :  5.80374e-07
 Reference value :  6.60763e-07
 Reference value :  7.31564e-07
 Reference value :  8.17104e-07
 Reference value :  9.02381e-07
 Reference value :  9.67178e-07
 Reference value :  1.05351e-06
 Reference value :  1.13984e-06
 Reference value :  1.20891e-06
 Reference value :  1.29076e-06
 Reference value :  1.37657e-06
 Reference value :  1.45479e-06
 Reference value :  1.52769e-06
No. of Data Rows : 6065
tin_f               =  6.62097e-07
tout_r              =  6.69041e-07
tin_r               =  9.27772e-07
tout_f              =  9.35452e-07
tplh=6.9436E-09 tphl=7.6796E-09
t40r                =  6.67840e-07
t60r                =  6.71107e-07
t60f                =  9.34547e-07
t40f                =  9.36358e-07
sr_r=6.61157E+07 sr_f=-1.19232E+08
tr                  =  6.65357e-07
tr8                 =  6.76846e-07
tf                  =  9.32330e-07
tf2                 =  9.40777e-07
trise=1.14895E-08 tfall=8.4464E-09
Note: Simulation executed from .control section 
Note: Starting dynamic gmin stepping
Note: Dynamic gmin stepping completed
