
Note: No compatibility mode selected!


Circuit: * tt_analog_ring, code 16

Doing analysis at TEMP = 27.000000 and TNOM = 27.000000

Using SPARSE 1.3 as Direct Linear Solver
 Reference value :  0.00000e+00
No. of Data Rows : 1
idd_dis=5.11855E-05 vbp=0.74532 vbn=0.345948 clk_dis=1.2
Doing analysis at TEMP = 27.000000 and TNOM = 27.000000

Using SPARSE 1.3 as Direct Linear Solver

Initial Transient Solution
--------------------------

Node                                   Voltage
----                                   -------
vpwr                                       1.2
code[0]                                      0
code[1]                                      0
code[2]                                      0
code[3]                                      0
code[4]                                    1.2
code[5]                                      0
code[6]                                      0
code[7]                                      0
enable                                       0
xdut.vbp                               0.74532
xdut.vbn                              0.345948
xdut.n0                            5.54223e-07
xdut.p0                                    1.2
xdut.na0                               1.03388
xdut.s0                                    1.2
xdut.s10                                   1.2
xdut.n1                             1.6985e-06
xdut.p1                                    1.2
xdut.s1                             1.7706e-06
xdut.n2                            7.75089e-07
xdut.p2                                    1.2
xdut.s2                                    1.2
xdut.n3                            2.22384e-06
xdut.p3                                    1.2
xdut.s3                            2.30212e-06
xdut.n4                            3.23617e-07
xdut.p4                                    1.2
xdut.s4                                    1.2
xdut.n5                            2.00814e-06
xdut.p5                                    1.2
xdut.s5                            2.10634e-06
xdut.n6                            6.28147e-07
xdut.p6                                    1.2
xdut.s6                                    1.2
xdut.n7                            3.10369e-06
xdut.p7                                    1.2
xdut.s7                            3.22438e-06
xdut.n8                            3.18028e-07
xdut.p8                                    1.2
xdut.s8                                    1.2
xdut.n9                            2.62194e-06
xdut.p9                                    1.2
xdut.s9                            2.72375e-06
xdut.n10                           2.09214e-07
xdut.p10                                   1.2
xdut.b1                            1.69108e-07
clk_out                                    1.2
ven#branch                         7.53376e-12
vc7#branch                         4.02077e-12
vc6#branch                          2.0187e-12
vc5#branch                         1.01414e-12
vc4#branch                        -6.79925e-09
vc3#branch                         2.50711e-13
vc2#branch                         1.24018e-13
vc1#branch                         6.40295e-14
vc0#branch                         3.13817e-14
vdd#branch                        -5.11855e-05

 Reference value :  0.00000e+00
 Reference value :  6.19440e-09
 Reference value :  1.32417e-08
 Reference value :  2.06504e-08
 Reference value :  2.80591e-08
 Reference value :  3.52871e-08
 Reference value :  4.25151e-08
 Reference value :  4.97431e-08
 Reference value :  5.45170e-08
 Reference value :  5.84924e-08
 Reference value :  6.22871e-08
 Reference value :  6.60818e-08
 Reference value :  6.95714e-08
 Reference value :  7.31854e-08
 Reference value :  7.67994e-08
 Reference value :  8.05941e-08
 Reference value :  8.43845e-08
 Reference value :  8.81792e-08
 Reference value :  9.19739e-08
 Reference value :  9.59493e-08
 Reference value :  9.90087e-08
 Reference value :  1.02803e-07
 Reference value :  1.06598e-07
 Reference value :  1.10393e-07
 Reference value :  1.13826e-07
 Reference value :  1.17440e-07
 Reference value :  1.20873e-07
 Reference value :  1.24271e-07
 Reference value :  1.28066e-07
 Reference value :  1.31680e-07
 Reference value :  1.35475e-07
 Reference value :  1.39269e-07
 Reference value :  1.43063e-07
 Reference value :  1.46677e-07
 Reference value :  1.50472e-07
 Reference value :  1.53700e-07
 Reference value :  1.57495e-07
 Reference value :  1.61109e-07
 Reference value :  1.64903e-07
 Reference value :  1.68517e-07
 Reference value :  1.72131e-07
 Reference value :  1.75926e-07
 Reference value :  1.79330e-07
 Reference value :  1.83125e-07
 Reference value :  1.86739e-07
 Reference value :  1.90533e-07
 Reference value :  1.94147e-07
 Reference value :  1.98123e-07
 Reference value :  2.02098e-07
 Reference value :  2.06254e-07
 Reference value :  2.09841e-07
 Reference value :  2.13635e-07
 Reference value :  2.17430e-07
 Reference value :  2.21225e-07
 Reference value :  2.24839e-07
 Reference value :  2.28453e-07
 Reference value :  2.32247e-07
 Reference value :  2.35472e-07
 Reference value :  2.39086e-07
 Reference value :  2.42700e-07
 Reference value :  2.46495e-07
 Reference value :  2.50109e-07
 Reference value :  2.53723e-07
 Reference value :  2.57337e-07
 Reference value :  2.61131e-07
 Reference value :  2.64356e-07
 Reference value :  2.68151e-07
 Reference value :  2.71765e-07
 Reference value :  2.75559e-07
 Reference value :  2.78993e-07
 Reference value :  2.82607e-07
 Reference value :  2.86221e-07
 Reference value :  2.89674e-07
 Reference value :  2.93421e-07
 Reference value :  2.97035e-07
 Reference value :  3.01010e-07
 Reference value :  3.04624e-07
 Reference value :  3.08238e-07
 Reference value :  3.11852e-07
 Reference value :  3.15647e-07
 Reference value :  3.19053e-07
 Reference value :  3.22667e-07
 Reference value :  3.26461e-07
 Reference value :  3.30256e-07
 Reference value :  3.33870e-07
 Reference value :  3.37665e-07
 Reference value :  3.41279e-07
 Reference value :  3.44793e-07
 Reference value :  3.48299e-07
 Reference value :  3.52093e-07
 Reference value :  3.56069e-07
 Reference value :  3.59863e-07
 Reference value :  3.63477e-07
 Reference value :  3.67091e-07
 Reference value :  3.70886e-07
 Reference value :  3.74111e-07
 Reference value :  3.77906e-07
 Reference value :  3.81701e-07
 Reference value :  3.85676e-07
 Reference value :  3.89290e-07
 Reference value :  3.92904e-07
 Reference value :  3.96518e-07
 Reference value :  4.00152e-07
 Reference value :  4.03900e-07
 Reference value :  4.07694e-07
 Reference value :  4.11489e-07
 Reference value :  4.15103e-07
 Reference value :  4.18717e-07
 Reference value :  4.22331e-07
 Reference value :  4.26306e-07
 Reference value :  4.29713e-07
 Reference value :  4.33507e-07
 Reference value :  4.37302e-07
 Reference value :  4.41097e-07
 Reference value :  4.44711e-07
 Reference value :  4.48325e-07
 Reference value :  4.51939e-07
 Reference value :  4.55393e-07
 Reference value :  4.59140e-07
 Reference value :  4.62573e-07
 Reference value :  4.66368e-07
 Reference value :  4.69982e-07
 Reference value :  4.73596e-07
 Reference value :  4.77210e-07
 Reference value :  4.81005e-07
 Reference value :  4.84231e-07
 Reference value :  4.88026e-07
 Reference value :  4.91820e-07
 Reference value :  4.95615e-07
 Reference value :  4.99048e-07
 Reference value :  5.02662e-07
 Reference value :  5.06096e-07
 Reference value :  5.09890e-07
 Reference value :  5.13117e-07
 Reference value :  5.16911e-07
 Reference value :  5.20706e-07
 Reference value :  5.24501e-07
 Reference value :  5.28115e-07
 Reference value :  5.31729e-07
 Reference value :  5.35343e-07
 Reference value :  5.38750e-07
 Reference value :  5.42545e-07
 Reference value :  5.46159e-07
 Reference value :  5.49954e-07
 Reference value :  5.53568e-07
 Reference value :  5.57182e-07
 Reference value :  5.60796e-07
 Reference value :  5.64410e-07
 Reference value :  5.67637e-07
 Reference value :  5.71251e-07
 Reference value :  5.75046e-07
 Reference value :  5.79021e-07
 Reference value :  5.82635e-07
 Reference value :  5.86249e-07
 Reference value :  5.89863e-07
 Reference value :  5.93374e-07
 Reference value :  5.96885e-07
 Reference value :  6.00499e-07
 Reference value :  6.04294e-07
 Reference value :  6.07908e-07
 Reference value :  6.11341e-07
 Reference value :  6.14955e-07
 Reference value :  6.18569e-07
 Reference value :  6.21798e-07
 Reference value :  6.25592e-07
 Reference value :  6.29206e-07
 Reference value :  6.33182e-07
 Reference value :  6.36796e-07
 Reference value :  6.40410e-07
 Reference value :  6.44024e-07
 Reference value :  6.47819e-07
 Reference value :  6.51048e-07
 Reference value :  6.54662e-07
 Reference value :  6.58456e-07
 Reference value :  6.62251e-07
 Reference value :  6.65865e-07
 Reference value :  6.69479e-07
 Reference value :  6.73093e-07
 Reference value :  6.76504e-07
 Reference value :  6.80298e-07
 Reference value :  6.83912e-07
 Reference value :  6.87707e-07
 Reference value :  6.91140e-07
 Reference value :  6.94935e-07
 Reference value :  6.98549e-07
 Reference value :  7.02344e-07
 Reference value :  7.05575e-07
 Reference value :  7.09189e-07
 Reference value :  7.12803e-07
 Reference value :  7.16598e-07
 Reference value :  7.20031e-07
 Reference value :  7.23645e-07
 Reference value :  7.27440e-07
 Reference value :  7.31234e-07
 Reference value :  7.34467e-07
 Reference value :  7.38262e-07
 Reference value :  7.42057e-07
 Reference value :  7.45851e-07
 Reference value :  7.49465e-07
 Reference value :  7.53079e-07
 Reference value :  7.56874e-07
 Reference value :  7.60109e-07
 Reference value :  7.63723e-07
 Reference value :  7.67337e-07
 Reference value :  7.71131e-07
 Reference value :  7.74745e-07
 Reference value :  7.78359e-07
 Reference value :  7.81973e-07
 Reference value :  7.85949e-07
 Reference value :  7.89186e-07
 Reference value :  7.92800e-07
 Reference value :  7.96595e-07
 Reference value :  8.00390e-07
 Reference value :  8.04004e-07
 Reference value :  8.07618e-07
 Reference value :  8.11232e-07
 Reference value :  8.14511e-07
 Reference value :  8.18091e-07
 Reference value :  8.21886e-07
 Reference value :  8.25680e-07
 Reference value :  8.29288e-07
 Reference value :  8.33082e-07
 Reference value :  8.36696e-07
 Reference value :  8.40491e-07
 Reference value :  8.43752e-07
 Reference value :  8.47547e-07
 Reference value :  8.51342e-07
 Reference value :  8.55136e-07
 Reference value :  8.58734e-07
 Reference value :  8.62528e-07
 Reference value :  8.66142e-07
 Reference value :  8.69520e-07
 Reference value :  8.73423e-07
 Reference value :  8.77037e-07
 Reference value :  8.81013e-07
 Reference value :  8.84796e-07
 Reference value :  8.88410e-07
 Reference value :  8.92205e-07
 Reference value :  8.96180e-07
 Reference value :  8.99625e-07
 Reference value :  9.03239e-07
 Reference value :  9.07034e-07
 Reference value :  9.10829e-07
 Reference value :  9.14443e-07
 Reference value :  9.17876e-07
 Reference value :  9.21490e-07
 Reference value :  9.24917e-07
 Reference value :  9.28297e-07
 Reference value :  9.32092e-07
 Reference value :  9.35887e-07
 Reference value :  9.39488e-07
 Reference value :  9.42922e-07
 Reference value :  9.46536e-07
 Reference value :  9.50330e-07
 Reference value :  9.53600e-07
 Reference value :  9.57395e-07
 Reference value :  9.61189e-07
 Reference value :  9.64984e-07
 Reference value :  9.68417e-07
 Reference value :  9.72031e-07
 Reference value :  9.75645e-07
 Reference value :  9.79621e-07
 Reference value :  9.82633e-07
 Reference value :  9.86428e-07
 Reference value :  9.90222e-07
 Reference value :  9.94198e-07
 Reference value :  9.97619e-07
 Reference value :  1.00123e-06
 Reference value :  1.00503e-06
 Reference value :  1.00848e-06
 Reference value :  1.01227e-06
 Reference value :  1.01589e-06
 Reference value :  1.01968e-06
 Reference value :  1.02329e-06
 Reference value :  1.02709e-06
 Reference value :  1.03070e-06
 Reference value :  1.03450e-06
 Reference value :  1.03769e-06
 Reference value :  1.04149e-06
 Reference value :  1.04510e-06
 Reference value :  1.04889e-06
 Reference value :  1.05250e-06
 Reference value :  1.05611e-06
 Reference value :  1.05972e-06
 Reference value :  1.06317e-06
 Reference value :  1.06697e-06
 Reference value :  1.07076e-06
 Reference value :  1.07456e-06
 Reference value :  1.07817e-06
 Reference value :  1.08197e-06
No. of Data Rows : 6056
vhold_min           =  1.20000e+00 at=  2.31296e-10
tfirst              =  6.82730e-08
t1                  =  6.62772e-07
t2                  =  6.90392e-07
t3                  =  7.18012e-07
t4                  =  7.45632e-07
t5                  =  7.73253e-07
t6                  =  8.00876e-07
t7                  =  8.28499e-07
t8                  =  8.56126e-07
t9                  =  8.83761e-07
t10                 =  9.11381e-07
t11                 =  9.38999e-07
t12                 =  9.66619e-07
idd_run             =  -5.44340e-05 from=  6.50400e-07 to=  1.08400e-06
vmax                =  1.22648e+00 at=  9.39320e-07
vmin                =  -2.79536e-02 at=  7.03740e-07
Note: Simulation executed from .control section 
Note: Starting dynamic gmin stepping
Note: Dynamic gmin stepping completed
Note: Starting dynamic gmin stepping
Note: Dynamic gmin stepping completed
