
Note: No compatibility mode selected!


Circuit: * tt_analog_ring, code 2

Doing analysis at TEMP = -40.000000 and TNOM = 27.000000

Using SPARSE 1.3 as Direct Linear Solver
 Reference value :  0.00000e+00
No. of Data Rows : 1
idd_dis=2.03606E-05 vbp=0.934988 vbn=0.294734 clk_dis=1.32
Doing analysis at TEMP = -40.000000 and TNOM = 27.000000

Using SPARSE 1.3 as Direct Linear Solver

Initial Transient Solution
--------------------------

Node                                   Voltage
----                                   -------
vpwr                                      1.32
code[0]                                      0
code[1]                                   1.32
code[2]                                      0
code[3]                                      0
code[4]                                      0
code[5]                                      0
code[6]                                      0
code[7]                                      0
enable                                       0
xdut.vbp                              0.934988
xdut.vbn                              0.294734
xdut.n0                            2.20829e-07
xdut.p0                                   1.32
xdut.na0                               1.12873
xdut.s0                                   1.32
xdut.s10                                  1.32
xdut.n1                             4.9247e-06
xdut.p1                                   1.32
xdut.s1                            5.01398e-06
xdut.n2                            1.21422e-07
xdut.p2                                   1.32
xdut.s2                                   1.32
xdut.n3                             4.9247e-06
xdut.p3                                   1.32
xdut.s3                            5.01397e-06
xdut.n4                            1.21422e-07
xdut.p4                                   1.32
xdut.s4                                   1.32
xdut.n5                             4.9247e-06
xdut.p5                                   1.32
xdut.s5                            5.01397e-06
xdut.n6                            1.21422e-07
xdut.p6                                   1.32
xdut.s6                                   1.32
xdut.n7                             4.9247e-06
xdut.p7                                   1.32
xdut.s7                            5.01397e-06
xdut.n8                            1.21422e-07
xdut.p8                                   1.32
xdut.s8                                   1.32
xdut.n9                             4.9247e-06
xdut.p9                                   1.32
xdut.s9                            5.01397e-06
xdut.n10                           1.21422e-07
xdut.p10                                  1.32
xdut.b1                            2.31604e-07
clk_out                                   1.32
ven#branch                         2.09932e-11
vc7#branch                         1.69901e-11
vc6#branch                         8.49507e-12
vc5#branch                         4.24753e-12
vc4#branch                         2.12377e-12
vc3#branch                         1.06188e-12
vc2#branch                         5.30942e-13
vc1#branch                        -2.90671e-09
vc0#branch                         1.32735e-13
vdd#branch                        -2.03606e-05

 Reference value :  0.00000e+00
 Reference value :  2.75897e-08
 Reference value :  6.09230e-08
 Reference value :  9.51110e-08
 Reference value :  1.29299e-07
 Reference value :  1.62632e-07
 Reference value :  1.95111e-07
 Reference value :  2.28444e-07
 Reference value :  2.56465e-07
 Reference value :  2.66791e-07
 Reference value :  2.80466e-07
 Reference value :  2.94141e-07
 Reference value :  3.07216e-07
 Reference value :  3.20891e-07
 Reference value :  3.34566e-07
 Reference value :  3.46826e-07
 Reference value :  3.59647e-07
 Reference value :  3.73322e-07
 Reference value :  3.86241e-07
 Reference value :  4.00771e-07
 Reference value :  4.15301e-07
 Reference value :  4.28397e-07
 Reference value :  4.42072e-07
 Reference value :  4.55747e-07
 Reference value :  4.68681e-07
 Reference value :  4.83211e-07
 Reference value :  4.97741e-07
 Reference value :  5.09985e-07
 Reference value :  5.23660e-07
 Reference value :  5.37336e-07
 Reference value :  5.50265e-07
 Reference value :  5.64795e-07
 Reference value :  5.79325e-07
 Reference value :  5.91619e-07
 Reference value :  6.05243e-07
 Reference value :  6.18063e-07
 Reference value :  6.31465e-07
 Reference value :  6.45526e-07
 Reference value :  6.60056e-07
 Reference value :  6.73731e-07
 Reference value :  6.85975e-07
 Reference value :  6.98796e-07
 Reference value :  7.13326e-07
 Reference value :  7.26256e-07
 Reference value :  7.39931e-07
 Reference value :  7.53606e-07
 Reference value :  7.66704e-07
 Reference value :  7.79524e-07
 Reference value :  7.93200e-07
 Reference value :  8.06132e-07
 Reference value :  8.20662e-07
 Reference value :  8.35192e-07
 Reference value :  8.48291e-07
 Reference value :  8.61111e-07
 Reference value :  8.75641e-07
 Reference value :  8.88572e-07
 Reference value :  9.02247e-07
 Reference value :  9.16777e-07
 Reference value :  9.29020e-07
 Reference value :  9.41840e-07
 Reference value :  9.55516e-07
 Reference value :  9.68448e-07
 Reference value :  9.82978e-07
 Reference value :  9.97507e-07
 Reference value :  1.01061e-06
 Reference value :  1.02428e-06
 Reference value :  1.03796e-06
 Reference value :  1.05089e-06
 Reference value :  1.06542e-06
 Reference value :  1.07909e-06
 Reference value :  1.09139e-06
 Reference value :  1.10501e-06
 Reference value :  1.11869e-06
 Reference value :  1.13176e-06
 Reference value :  1.14615e-06
 Reference value :  1.16068e-06
 Reference value :  1.17411e-06
 Reference value :  1.18660e-06
 Reference value :  1.20027e-06
 Reference value :  1.21395e-06
 Reference value :  1.22773e-06
 Reference value :  1.24226e-06
 Reference value :  1.25679e-06
 Reference value :  1.26989e-06
 Reference value :  1.28357e-06
 Reference value :  1.29782e-06
 Reference value :  1.31274e-06
 Reference value :  1.32727e-06
 Reference value :  1.34070e-06
 Reference value :  1.35404e-06
 Reference value :  1.36686e-06
 Reference value :  1.38112e-06
 Reference value :  1.39603e-06
 Reference value :  1.41056e-06
 Reference value :  1.42400e-06
 Reference value :  1.43733e-06
 Reference value :  1.45101e-06
 Reference value :  1.46441e-06
 Reference value :  1.47847e-06
 Reference value :  1.49300e-06
 Reference value :  1.50668e-06
 Reference value :  1.51892e-06
 Reference value :  1.53260e-06
 Reference value :  1.54713e-06
 Reference value :  1.56091e-06
 Reference value :  1.57459e-06
 Reference value :  1.58912e-06
 Reference value :  1.60221e-06
 Reference value :  1.61503e-06
 Reference value :  1.62956e-06
 Reference value :  1.64335e-06
 Reference value :  1.65788e-06
 Reference value :  1.67156e-06
 Reference value :  1.68465e-06
 Reference value :  1.69833e-06
 Reference value :  1.71286e-06
 Reference value :  1.72579e-06
 Reference value :  1.74032e-06
 Reference value :  1.75400e-06
 Reference value :  1.76624e-06
 Reference value :  1.77906e-06
 Reference value :  1.79359e-06
 Reference value :  1.80652e-06
 Reference value :  1.82105e-06
 Reference value :  1.83558e-06
 Reference value :  1.84782e-06
 Reference value :  1.86065e-06
 Reference value :  1.87432e-06
 Reference value :  1.88896e-06
 Reference value :  1.90349e-06
 Reference value :  1.91717e-06
 Reference value :  1.93026e-06
 Reference value :  1.94308e-06
 Reference value :  1.95676e-06
 Reference value :  1.97055e-06
 Reference value :  1.98508e-06
 Reference value :  1.99961e-06
 Reference value :  2.01185e-06
 Reference value :  2.02552e-06
 Reference value :  2.03920e-06
 Reference value :  2.05213e-06
 Reference value :  2.06666e-06
 Reference value :  2.08119e-06
 Reference value :  2.09343e-06
 Reference value :  2.10711e-06
 Reference value :  2.11993e-06
 Reference value :  2.13286e-06
 Reference value :  2.14739e-06
 Reference value :  2.16192e-06
 Reference value :  2.17422e-06
 Reference value :  2.18784e-06
 Reference value :  2.20152e-06
 Reference value :  2.21459e-06
 Reference value :  2.22898e-06
 Reference value :  2.24265e-06
 Reference value :  2.25633e-06
 Reference value :  2.26943e-06
 Reference value :  2.28310e-06
 Reference value :  2.29736e-06
 Reference value :  2.31227e-06
 Reference value :  2.32680e-06
 Reference value :  2.34024e-06
 Reference value :  2.35443e-06
 Reference value :  2.36810e-06
 Reference value :  2.38118e-06
 Reference value :  2.39642e-06
 Reference value :  2.41010e-06
 Reference value :  2.42353e-06
 Reference value :  2.43687e-06
 Reference value :  2.44969e-06
 Reference value :  2.46395e-06
 Reference value :  2.47801e-06
 Reference value :  2.49168e-06
 Reference value :  2.50536e-06
 Reference value :  2.51760e-06
 Reference value :  2.53127e-06
 Reference value :  2.54495e-06
 Reference value :  2.55874e-06
 Reference value :  2.57241e-06
 Reference value :  2.58694e-06
 Reference value :  2.59918e-06
 Reference value :  2.61201e-06
 Reference value :  2.62568e-06
 Reference value :  2.63947e-06
 Reference value :  2.65314e-06
 Reference value :  2.66682e-06
 Reference value :  2.67906e-06
 Reference value :  2.69274e-06
 Reference value :  2.70641e-06
 Reference value :  2.71934e-06
 Reference value :  2.73387e-06
 Reference value :  2.74840e-06
 Reference value :  2.76065e-06
 Reference value :  2.77432e-06
 Reference value :  2.78714e-06
 Reference value :  2.80007e-06
 Reference value :  2.81460e-06
 Reference value :  2.82828e-06
 Reference value :  2.84138e-06
 Reference value :  2.85505e-06
 Reference value :  2.86873e-06
 Reference value :  2.88095e-06
 Reference value :  2.89533e-06
 Reference value :  2.90901e-06
 Reference value :  2.92268e-06
 Reference value :  2.93578e-06
 Reference value :  2.94946e-06
 Reference value :  2.96313e-06
 Reference value :  2.97692e-06
 Reference value :  2.99145e-06
 Reference value :  3.00512e-06
 Reference value :  3.01822e-06
 Reference value :  3.03190e-06
 Reference value :  3.04643e-06
 Reference value :  3.05936e-06
 Reference value :  3.07389e-06
 Reference value :  3.08842e-06
 Reference value :  3.10066e-06
 Reference value :  3.11434e-06
 Reference value :  3.12801e-06
 Reference value :  3.14094e-06
 Reference value :  3.15462e-06
 Reference value :  3.16915e-06
 Reference value :  3.18225e-06
 Reference value :  3.19592e-06
 Reference value :  3.21045e-06
 Reference value :  3.22338e-06
 Reference value :  3.23706e-06
 Reference value :  3.25159e-06
 Reference value :  3.26469e-06
 Reference value :  3.27836e-06
 Reference value :  3.29204e-06
 Reference value :  3.30582e-06
 Reference value :  3.31950e-06
 Reference value :  3.33403e-06
 Reference value :  3.34627e-06
 Reference value :  3.35909e-06
 Reference value :  3.37191e-06
 Reference value :  3.38570e-06
 Reference value :  3.40023e-06
 Reference value :  3.41476e-06
 Reference value :  3.42786e-06
 Reference value :  3.44153e-06
 Reference value :  3.45521e-06
 Reference value :  3.46899e-06
 Reference value :  3.48352e-06
 Reference value :  3.49805e-06
 Reference value :  3.51030e-06
 Reference value :  3.52397e-06
 Reference value :  3.53765e-06
 Reference value :  3.55058e-06
 Reference value :  3.56511e-06
 Reference value :  3.57878e-06
 Reference value :  3.59103e-06
 Reference value :  3.60470e-06
 Reference value :  3.61838e-06
 Reference value :  3.63131e-06
 Reference value :  3.64584e-06
 Reference value :  3.66037e-06
 Reference value :  3.67352e-06
 Reference value :  3.68714e-06
 Reference value :  3.70082e-06
 Reference value :  3.71336e-06
 Reference value :  3.72828e-06
 Reference value :  3.74281e-06
 Reference value :  3.75624e-06
 Reference value :  3.76958e-06
 Reference value :  3.78326e-06
 Reference value :  3.79666e-06
 Reference value :  3.81157e-06
 Reference value :  3.82525e-06
 Reference value :  3.83892e-06
 Reference value :  3.85202e-06
 Reference value :  3.86570e-06
 Reference value :  3.87995e-06
 Reference value :  3.89487e-06
 Reference value :  3.90940e-06
 Reference value :  3.92283e-06
 Reference value :  3.93617e-06
 Reference value :  3.94899e-06
 Reference value :  3.96267e-06
 Reference value :  3.97645e-06
 Reference value :  3.99013e-06
 Reference value :  4.00466e-06
 Reference value :  4.01690e-06
 Reference value :  4.03058e-06
 Reference value :  4.04511e-06
 Reference value :  4.05804e-06
 Reference value :  4.07257e-06
 Reference value :  4.08710e-06
 Reference value :  4.10020e-06
 Reference value :  4.11387e-06
 Reference value :  4.12840e-06
 Reference value :  4.14133e-06
 Reference value :  4.15586e-06
 Reference value :  4.17039e-06
 Reference value :  4.18349e-06
 Reference value :  4.19716e-06
 Reference value :  4.21169e-06
 Reference value :  4.22463e-06
 Reference value :  4.23916e-06
 Reference value :  4.25283e-06
 Reference value :  4.26593e-06
 Reference value :  4.27960e-06
 Reference value :  4.29413e-06
 Reference value :  4.30707e-06
 Reference value :  4.32160e-06
 Reference value :  4.33613e-06
 Reference value :  4.34922e-06
 Reference value :  4.36290e-06
 Reference value :  4.37743e-06
 Reference value :  4.39036e-06
 Reference value :  4.40489e-06
 Reference value :  4.41857e-06
 Reference value :  4.43166e-06
 Reference value :  4.44534e-06
 Reference value :  4.45901e-06
 Reference value :  4.47195e-06
 Reference value :  4.48648e-06
 Reference value :  4.50101e-06
 Reference value :  4.51410e-06
 Reference value :  4.52778e-06
 Reference value :  4.54145e-06
 Reference value :  4.55439e-06
 Reference value :  4.56806e-06
 Reference value :  4.58259e-06
 Reference value :  4.59569e-06
 Reference value :  4.60936e-06
 Reference value :  4.62304e-06
 Reference value :  4.63682e-06
 Reference value :  4.65135e-06
 Reference value :  4.66588e-06
 Reference value :  4.67898e-06
 Reference value :  4.69266e-06
 Reference value :  4.70633e-06
 Reference value :  4.72012e-06
 Reference value :  4.73465e-06
 Reference value :  4.74918e-06
 Reference value :  4.76228e-06
 Reference value :  4.77510e-06
 Reference value :  4.78877e-06
 Reference value :  4.80256e-06
 Reference value :  4.81709e-06
 Reference value :  4.83162e-06
 Reference value :  4.84472e-06
 Reference value :  4.85754e-06
 Reference value :  4.87121e-06
 Reference value :  4.88500e-06
 Reference value :  4.89953e-06
 Reference value :  4.91406e-06
 Reference value :  4.92716e-06
 Reference value :  4.93998e-06
 Reference value :  4.95365e-06
 Reference value :  4.96658e-06
 Reference value :  4.98111e-06
 Reference value :  4.99564e-06
 Reference value :  5.00874e-06
 Reference value :  5.02242e-06
 Reference value :  5.03609e-06
 Reference value :  5.04902e-06
 Reference value :  5.06355e-06
 Reference value :  5.07808e-06
 Reference value :  5.09118e-06
 Reference value :  5.10486e-06
 Reference value :  5.11768e-06
No. of Data Rows : 6108
vhold_min           =  1.32000e+00 at=  1.13504e-08
tfirst              =  2.97145e-07
t1                  =  3.08876e-06
t2                  =  3.17205e-06
t3                  =  3.25535e-06
t4                  =  3.33864e-06
t5                  =  3.42194e-06
t6                  =  3.50523e-06
t7                  =  3.58853e-06
t8                  =  3.67182e-06
t9                  =  3.75512e-06
t10                 =  3.83841e-06
t11                 =  3.92170e-06
t12                 =  4.00500e-06
idd_run             =  -2.32322e-05 from=  3.07700e-06 to=  5.12800e-06
vmax                =  1.34286e+00 at=  3.17318e-06
vmin                =  -2.29020e-02 at=  3.21360e-06
Note: Simulation executed from .control section 
Note: Starting dynamic gmin stepping
Note: Dynamic gmin stepping completed
Note: Starting dynamic gmin stepping
Note: Dynamic gmin stepping completed
