
Note: Compatibility modes selected: hs a


Circuit: * tt_analog_ring, code 255

Doing analysis at TEMP = 27.000000 and TNOM = 27.000000

Using SPARSE 1.3 as Direct Linear Solver
 Reference value :  0.00000e+00
No. of Data Rows : 1
idd_dis=0.000580672 vbp=0.460844 vbn=0.575808 clk_dis=1.2
Doing analysis at TEMP = 27.000000 and TNOM = 27.000000

Using SPARSE 1.3 as Direct Linear Solver

Initial Transient Solution
--------------------------

Node                                   Voltage
----                                   -------
vpwr                                       1.2
code[0]                                    1.2
code[1]                                    1.2
code[2]                                    1.2
code[3]                                    1.2
code[4]                                    1.2
code[5]                                    1.2
code[6]                                    1.2
code[7]                                    1.2
enable                                       0
xdut.vbp                              0.460844
clk_out                                    1.2
xdut.b1                            1.34283e-07
xdut.s3                            5.31516e-07
xdut.s2                                    1.2
xdut.n_126                                 1.2
xdut.s1                            4.93763e-07
xdut.n_125                                 1.2
xdut.s10                                   1.2
xdut.s6                                    1.2
xdut.s5                            7.40449e-07
xdut.n_128                                 1.2
xdut.s9                            5.53827e-07
xdut.n_133                                 1.2
xdut.s4                                    1.2
xdut.n_129                                 1.2
xdut.s8                                    1.2
xdut.n_132                                 1.2
xdut.s7                            5.68943e-07
xdut.n_130                                 1.2
xdut.n_127                                 1.2
xdut.n_131                                 1.2
xdut.s0                                    1.2
xdut.n_124                                 1.2
xdut.n_71                          4.05441e-07
xdut.n_72                          4.71287e-07
xdut.n_70                          1.26085e-07
xdut.n_77                          4.39302e-07
xdut.n_75                          4.35446e-08
xdut.n_73                          1.19821e-07
xdut.n_67                          9.96517e-08
xdut.n_76                          5.67525e-08
xdut.n_69                          4.56412e-07
xdut.n_74                          6.06779e-07
xdut.n_122                                 1.2
xdut.n_i1005                            1.0214
xdut.n_68                          1.29948e-07
xdut.vbn                              0.575808
ven#branch                         7.41893e-12
vc7#branch                        -6.39909e-08
vc6#branch                        -3.19556e-08
vc5#branch                        -1.58692e-08
vc4#branch                        -7.96304e-09
vc3#branch                        -4.01695e-09
vc2#branch                        -2.00177e-09
vc1#branch                        -9.86298e-10
vc0#branch                        -4.80579e-10
vdd#branch                        -0.000580672

 Reference value :  0.00000e+00
 Reference value :  1.37668e-09
 Reference value :  3.06340e-09
 Reference value :  4.75012e-09
 Reference value :  6.39668e-09
 Reference value :  8.08340e-09
 Reference value :  9.77012e-09
 Reference value :  1.12962e-08
 Reference value :  1.23307e-08
 Reference value :  1.31741e-08
 Reference value :  1.40174e-08
 Reference value :  1.49411e-08
 Reference value :  1.58648e-08
 Reference value :  1.67483e-08
 Reference value :  1.75917e-08
 Reference value :  1.85555e-08
 Reference value :  1.93989e-08
 Reference value :  2.02422e-08
 Reference value :  2.12061e-08
 Reference value :  2.21298e-08
 Reference value :  2.30534e-08
 Reference value :  2.40574e-08
 Reference value :  2.49410e-08
 Reference value :  2.57843e-08
 Reference value :  2.66277e-08
 Reference value :  2.75915e-08
 Reference value :  2.84349e-08
 Reference value :  2.92782e-08
 Reference value :  3.02421e-08
 Reference value :  3.10854e-08
 Reference value :  3.19288e-08
 Reference value :  3.28123e-08
 Reference value :  3.37360e-08
 Reference value :  3.45794e-08
 Reference value :  3.54227e-08
 Reference value :  3.63866e-08
 Reference value :  3.72299e-08
 Reference value :  3.81536e-08
 Reference value :  3.91576e-08
 Reference value :  4.01214e-08
 Reference value :  4.10050e-08
 Reference value :  4.19286e-08
 Reference value :  4.28925e-08
 Reference value :  4.38563e-08
 Reference value :  4.48202e-08
 Reference value :  4.58242e-08
 Reference value :  4.67478e-08
 Reference value :  4.76314e-08
 Reference value :  4.86354e-08
 Reference value :  4.95590e-08
 Reference value :  5.04426e-08
 Reference value :  5.14466e-08
 Reference value :  5.23301e-08
 Reference value :  5.32538e-08
 Reference value :  5.42979e-08
 Reference value :  5.51814e-08
 Reference value :  5.60650e-08
 Reference value :  5.70690e-08
 Reference value :  5.80730e-08
 Reference value :  5.89966e-08
 Reference value :  6.00006e-08
 Reference value :  6.09645e-08
 Reference value :  6.18480e-08
 Reference value :  6.27717e-08
 Reference value :  6.37355e-08
 Reference value :  6.46592e-08
 Reference value :  6.55427e-08
 Reference value :  6.65869e-08
 Reference value :  6.75106e-08
 Reference value :  6.83941e-08
 Reference value :  6.93178e-08
 Reference value :  7.01210e-08
 Reference value :  7.08840e-08
 Reference value :  7.16872e-08
 Reference value :  7.25707e-08
 Reference value :  7.33739e-08
 Reference value :  7.41771e-08
 Reference value :  7.50606e-08
 Reference value :  7.59442e-08
 Reference value :  7.68277e-08
 Reference value :  7.77112e-08
 Reference value :  7.86349e-08
 Reference value :  7.95987e-08
 Reference value :  8.05224e-08
 Reference value :  8.15666e-08
 Reference value :  8.24902e-08
 Reference value :  8.34139e-08
 Reference value :  8.44581e-08
 Reference value :  8.53818e-08
 Reference value :  8.62653e-08
 Reference value :  8.73094e-08
 Reference value :  8.82331e-08
 Reference value :  8.91568e-08
 Reference value :  9.02010e-08
 Reference value :  9.11246e-08
 Reference value :  9.20483e-08
 Reference value :  9.30523e-08
 Reference value :  9.40563e-08
 Reference value :  9.49800e-08
 Reference value :  9.60242e-08
 Reference value :  9.69880e-08
 Reference value :  9.79117e-08
 Reference value :  9.89157e-08
 Reference value :  9.98795e-08
 Reference value :  1.00803e-07
 Reference value :  1.01727e-07
 Reference value :  1.02731e-07
 Reference value :  1.03655e-07
 Reference value :  1.04578e-07
 Reference value :  1.05582e-07
 Reference value :  1.06466e-07
 Reference value :  1.07349e-07
 Reference value :  1.08353e-07
 Reference value :  1.09277e-07
 Reference value :  1.10201e-07
 Reference value :  1.11205e-07
 Reference value :  1.12128e-07
 Reference value :  1.13092e-07
 Reference value :  1.14096e-07
 Reference value :  1.14940e-07
 Reference value :  1.15743e-07
 Reference value :  1.16707e-07
 Reference value :  1.17670e-07
 Reference value :  1.18634e-07
 Reference value :  1.19598e-07
 Reference value :  1.20562e-07
 Reference value :  1.21486e-07
 Reference value :  1.22409e-07
 Reference value :  1.23494e-07
 Reference value :  1.24457e-07
 Reference value :  1.25381e-07
 Reference value :  1.26465e-07
 Reference value :  1.27510e-07
 Reference value :  1.28433e-07
 Reference value :  1.29477e-07
 Reference value :  1.30401e-07
 Reference value :  1.31285e-07
 Reference value :  1.32329e-07
 Reference value :  1.33252e-07
 Reference value :  1.34176e-07
 Reference value :  1.35260e-07
 Reference value :  1.36184e-07
 Reference value :  1.37108e-07
 Reference value :  1.38072e-07
 Reference value :  1.38915e-07
 Reference value :  1.39718e-07
 Reference value :  1.40562e-07
 Reference value :  1.41485e-07
 Reference value :  1.42288e-07
 Reference value :  1.43132e-07
 Reference value :  1.44096e-07
 Reference value :  1.44939e-07
 Reference value :  1.45782e-07
 Reference value :  1.46666e-07
 Reference value :  1.47549e-07
 Reference value :  1.48353e-07
 Reference value :  1.49116e-07
 Reference value :  1.50039e-07
 Reference value :  1.50843e-07
 Reference value :  1.51646e-07
 Reference value :  1.52489e-07
 Reference value :  1.53413e-07
 Reference value :  1.54216e-07
 Reference value :  1.55140e-07
 Reference value :  1.56184e-07
 Reference value :  1.57148e-07
 Reference value :  1.58031e-07
 Reference value :  1.59035e-07
 Reference value :  1.59999e-07
 Reference value :  1.60923e-07
 Reference value :  1.61967e-07
 Reference value :  1.62931e-07
 Reference value :  1.63854e-07
 Reference value :  1.64858e-07
 Reference value :  1.65862e-07
 Reference value :  1.66746e-07
 Reference value :  1.67710e-07
 Reference value :  1.68674e-07
 Reference value :  1.69597e-07
 Reference value :  1.70481e-07
 Reference value :  1.71485e-07
 Reference value :  1.72408e-07
 Reference value :  1.73292e-07
 Reference value :  1.74256e-07
 Reference value :  1.75139e-07
 Reference value :  1.75983e-07
 Reference value :  1.76866e-07
 Reference value :  1.77710e-07
 Reference value :  1.78553e-07
 Reference value :  1.79356e-07
 Reference value :  1.80320e-07
 Reference value :  1.81163e-07
 Reference value :  1.82007e-07
 Reference value :  1.82930e-07
 Reference value :  1.83854e-07
 Reference value :  1.84697e-07
 Reference value :  1.85621e-07
 Reference value :  1.86505e-07
 Reference value :  1.87348e-07
 Reference value :  1.88151e-07
 Reference value :  1.89115e-07
 Reference value :  1.89958e-07
 Reference value :  1.90802e-07
 Reference value :  1.91685e-07
 Reference value :  1.92609e-07
 Reference value :  1.93492e-07
 Reference value :  1.94336e-07
 Reference value :  1.95300e-07
 Reference value :  1.96103e-07
 Reference value :  1.96906e-07
 Reference value :  1.97830e-07
 Reference value :  1.98713e-07
 Reference value :  1.99557e-07
 Reference value :  2.00400e-07
 Reference value :  2.01324e-07
 Reference value :  2.02167e-07
 Reference value :  2.02970e-07
 Reference value :  2.03854e-07
 Reference value :  2.04697e-07
 Reference value :  2.05540e-07
 Reference value :  2.06304e-07
 Reference value :  2.07227e-07
 Reference value :  2.08030e-07
 Reference value :  2.08793e-07
 Reference value :  2.09637e-07
 Reference value :  2.10560e-07
 Reference value :  2.11484e-07
 Reference value :  2.12408e-07
 Reference value :  2.13372e-07
 Reference value :  2.14175e-07
 Reference value :  2.14978e-07
 Reference value :  2.15862e-07
 Reference value :  2.16625e-07
 Reference value :  2.17428e-07
 Reference value :  2.18191e-07
 Reference value :  2.19115e-07
 Reference value :  2.19998e-07
 Reference value :  2.20922e-07
 Reference value :  2.21926e-07
 Reference value :  2.22849e-07
 Reference value :  2.23773e-07
 Reference value :  2.24777e-07
 Reference value :  2.25701e-07
 Reference value :  2.26584e-07
 Reference value :  2.27508e-07
 Reference value :  2.28552e-07
 Reference value :  2.29476e-07
 Reference value :  2.30400e-07
 Reference value :  2.31444e-07
 Reference value :  2.32408e-07
 Reference value :  2.33331e-07
 Reference value :  2.34375e-07
 Reference value :  2.35299e-07
 Reference value :  2.36223e-07
 Reference value :  2.37227e-07
 Reference value :  2.38110e-07
 Reference value :  2.39034e-07
 Reference value :  2.40078e-07
No. of Data Rows : 6014
vhold_min           =  1.20000e+00 at=  2.52205e-10
tfirst              =  1.54861e-08
t1                  =  1.50270e-07
t2                  =  1.56262e-07
t3                  =  1.62254e-07
t4                  =  1.68245e-07
t5                  =  1.74236e-07
t6                  =  1.80227e-07
t7                  =  1.86218e-07
t8                  =  1.92210e-07
t9                  =  1.98201e-07
t10                 =  2.04192e-07
t11                 =  2.10183e-07
t12                 =  2.16175e-07
idd_run             =  -5.98500e-04 from=  1.44600e-07 to=  2.41000e-07
vmax                =  1.20999e+00 at=  2.36986e-07
vmin                =  -6.63496e-03 at=  2.39958e-07
Note: Simulation executed from .control section 
Warning: m=xx on .subckt line will override multiplier m hierarchy!

Note: Starting dynamic gmin stepping
Note: Dynamic gmin stepping completed
Note: Starting dynamic gmin stepping
Note: Dynamic gmin stepping completed
