
Note: No compatibility mode selected!


Circuit: * tt_analog_ring code sweep: code=255

Doing analysis at TEMP = 27.000000 and TNOM = 27.000000

Using SPARSE 1.3 as Direct Linear Solver
 Reference value :  0.00000e+00
No. of Data Rows : 1
OP idd=0.000635975 vbp=0.461491 vbn=0.57206
Doing analysis at TEMP = 27.000000 and TNOM = 27.000000

Using SPARSE 1.3 as Direct Linear Solver

Initial Transient Solution
--------------------------

Node                                   Voltage
----                                   -------
vpwr                                       1.2
enable                                     1.2
code[0]                                    1.2
code[1]                                    1.2
code[2]                                    1.2
code[3]                                    1.2
code[4]                                    1.2
code[5]                                    1.2
code[6]                                    1.2
code[7]                                    1.2
xdut.vbp                              0.461491
xdut.vbn                               0.57206
xdut.p0                                1.14519
xdut.s0                               0.605048
xdut.s10                              0.577613
xdut.na0                             0.0496602
xdut.n0                              0.0447549
xdut.x1.p                              1.15508
xdut.s1                               0.605048
xdut.x1.n                             0.036573
xdut.x2.p                              1.15508
xdut.s2                               0.605048
xdut.x2.n                             0.036573
xdut.x3.p                              1.15508
xdut.s3                               0.605048
xdut.x3.n                             0.036573
xdut.x4.p                              1.15508
xdut.s4                               0.605048
xdut.x4.n                             0.036573
xdut.x5.p                              1.15508
xdut.s5                               0.605048
xdut.x5.n                             0.036573
xdut.x6.p                              1.15508
xdut.s6                               0.605047
xdut.x6.n                             0.036573
xdut.x7.p                              1.15508
xdut.s7                               0.605052
xdut.x7.n                             0.036573
xdut.x8.p                              1.15508
xdut.s8                               0.604964
xdut.x8.n                            0.0365729
xdut.x9.p                              1.15508
xdut.s9                               0.606569
xdut.x9.n                            0.0365736
xdut.x10.p                              1.1551
xdut.x10.n                           0.0365563
xdut.b1                               0.677273
clk_out                              0.0632449
vc7#branch                        -7.42601e-08
vc6#branch                        -3.70891e-08
vc5#branch                        -1.85036e-08
vc4#branch                        -9.21082e-09
vc3#branch                        -4.56444e-09
vc2#branch                        -2.24126e-09
vc1#branch                        -1.07966e-09
vc0#branch                        -4.98865e-10
ven#branch                        -1.19957e-11
vdd#branch                        -0.000635975

 Reference value :  1.48560e-09
 Reference value :  3.58560e-09
 Reference value :  5.64560e-09
 Reference value :  7.66560e-09
 Reference value :  9.74560e-09
 Reference value :  1.17856e-08
 Reference value :  1.41856e-08
 Reference value :  1.62456e-08
 Reference value :  1.83256e-08
 Reference value :  2.03256e-08
 Reference value :  2.23456e-08
 Reference value :  2.43656e-08
 Reference value :  2.64856e-08
 Reference value :  2.84256e-08
 Reference value :  3.04256e-08
 Reference value :  3.25056e-08
 Reference value :  3.44456e-08
 Reference value :  3.64456e-08
 Reference value :  3.85656e-08
 Reference value :  4.05856e-08
 Reference value :  4.25856e-08
 Reference value :  4.46256e-08
 Reference value :  4.65656e-08
 Reference value :  4.86256e-08
 Reference value :  5.09856e-08
 Reference value :  5.29256e-08
 Reference value :  5.49656e-08
 Reference value :  5.69856e-08
 Reference value :  5.89856e-08
 Reference value :  6.10456e-08
 Reference value :  6.30656e-08
 Reference value :  6.50456e-08
 Reference value :  6.71056e-08
 Reference value :  6.91056e-08
 Reference value :  7.11056e-08
 Reference value :  7.31056e-08
 Reference value :  7.51456e-08
 Reference value :  7.71256e-08
 Reference value :  7.92056e-08
 Reference value :  8.12456e-08
 Reference value :  8.32056e-08
 Reference value :  8.51656e-08
 Reference value :  8.72056e-08
 Reference value :  8.92456e-08
 Reference value :  9.12656e-08
 Reference value :  9.33056e-08
 Reference value :  9.53256e-08
 Reference value :  9.73256e-08
 Reference value :  9.93056e-08
 Reference value :  1.01306e-07
 Reference value :  1.03346e-07
 Reference value :  1.05406e-07
 Reference value :  1.07406e-07
 Reference value :  1.09426e-07
 Reference value :  1.11426e-07
 Reference value :  1.13406e-07
 Reference value :  1.15406e-07
 Reference value :  1.17386e-07
 Reference value :  1.19466e-07
 Reference value :  1.21406e-07
 Reference value :  1.23486e-07
 Reference value :  1.26406e-07
 Reference value :  1.28426e-07
 Reference value :  1.30466e-07
 Reference value :  1.32446e-07
 Reference value :  1.34526e-07
 Reference value :  1.36526e-07
 Reference value :  1.38506e-07
 Reference value :  1.40526e-07
 Reference value :  1.42526e-07
 Reference value :  1.44526e-07
 Reference value :  1.46486e-07
 Reference value :  1.48486e-07
 Reference value :  1.50486e-07
 Reference value :  1.52466e-07
 Reference value :  1.54446e-07
 Reference value :  1.56426e-07
 Reference value :  1.58426e-07
 Reference value :  1.60406e-07
 Reference value :  1.62426e-07
 Reference value :  1.64446e-07
 Reference value :  1.66486e-07
 Reference value :  1.68526e-07
 Reference value :  1.70546e-07
 Reference value :  1.72566e-07
 Reference value :  1.74566e-07
 Reference value :  1.76546e-07
 Reference value :  1.78586e-07
 Reference value :  1.80606e-07
 Reference value :  1.82666e-07
 Reference value :  1.84646e-07
 Reference value :  1.86646e-07
 Reference value :  1.88666e-07
 Reference value :  1.90666e-07
 Reference value :  1.92686e-07
 Reference value :  1.94686e-07
 Reference value :  1.96686e-07
 Reference value :  1.98706e-07
 Reference value :  2.00706e-07
 Reference value :  2.02706e-07
 Reference value :  2.04706e-07
 Reference value :  2.06746e-07
 Reference value :  2.08726e-07
 Reference value :  2.10726e-07
 Reference value :  2.12746e-07
 Reference value :  2.14746e-07
 Reference value :  2.16726e-07
 Reference value :  2.18766e-07
 Reference value :  2.20766e-07
 Reference value :  2.22766e-07
 Reference value :  2.24746e-07
 Reference value :  2.26746e-07
 Reference value :  2.28746e-07
 Reference value :  2.30766e-07
 Reference value :  2.32746e-07
 Reference value :  2.34766e-07
 Reference value :  2.36806e-07
 Reference value :  2.38806e-07
 Reference value :  2.40806e-07
 Reference value :  2.42806e-07
 Reference value :  2.44826e-07
 Reference value :  2.46826e-07
 Reference value :  2.48806e-07
 Reference value :  2.50806e-07
 Reference value :  2.52806e-07
 Reference value :  2.54786e-07
 Reference value :  2.56766e-07
 Reference value :  2.58746e-07
 Reference value :  2.60786e-07
 Reference value :  2.62786e-07
 Reference value :  2.64766e-07
 Reference value :  2.66746e-07
 Reference value :  2.68746e-07
 Reference value :  2.70726e-07
 Reference value :  2.72706e-07
 Reference value :  2.74726e-07
 Reference value :  2.76766e-07
 Reference value :  2.78766e-07
 Reference value :  2.80806e-07
 Reference value :  2.82806e-07
 Reference value :  2.84866e-07
 Reference value :  2.86886e-07
 Reference value :  2.88886e-07
 Reference value :  2.90946e-07
 Reference value :  2.92946e-07
 Reference value :  2.94926e-07
 Reference value :  2.96946e-07
 Reference value :  2.98966e-07
 Reference value :  3.00986e-07
 Reference value :  3.03006e-07
 Reference value :  3.05006e-07
 Reference value :  3.07026e-07
 Reference value :  3.09026e-07
 Reference value :  3.11026e-07
 Reference value :  3.13046e-07
 Reference value :  3.15086e-07
 Reference value :  3.17066e-07
 Reference value :  3.19026e-07
 Reference value :  3.21066e-07
 Reference value :  3.23046e-07
 Reference value :  3.25086e-07
 Reference value :  3.27066e-07
 Reference value :  3.29066e-07
 Reference value :  3.31066e-07
 Reference value :  3.33066e-07
 Reference value :  3.35066e-07
 Reference value :  3.37066e-07
 Reference value :  3.39106e-07
 Reference value :  3.41086e-07
 Reference value :  3.43086e-07
 Reference value :  3.45106e-07
 Reference value :  3.47106e-07
 Reference value :  3.49106e-07
 Reference value :  3.51106e-07
 Reference value :  3.53106e-07
 Reference value :  3.55146e-07
 Reference value :  3.57146e-07
 Reference value :  3.59126e-07
 Reference value :  3.61126e-07
 Reference value :  3.63206e-07
 Reference value :  3.65206e-07
 Reference value :  3.67166e-07
 Reference value :  3.69186e-07
 Reference value :  3.71166e-07
 Reference value :  3.73126e-07
 Reference value :  3.75106e-07
 Reference value :  3.77106e-07
 Reference value :  3.79126e-07
 Reference value :  3.81126e-07
 Reference value :  3.83126e-07
 Reference value :  3.85106e-07
 Reference value :  3.87146e-07
 Reference value :  3.89146e-07
 Reference value :  3.91146e-07
 Reference value :  3.93146e-07
 Reference value :  3.95166e-07
 Reference value :  3.97166e-07
 Reference value :  3.99186e-07
 Reference value :  4.01226e-07
 Reference value :  4.03266e-07
 Reference value :  4.05266e-07
 Reference value :  4.07226e-07
 Reference value :  4.09206e-07
 Reference value :  4.11206e-07
 Reference value :  4.13206e-07
 Reference value :  4.15226e-07
 Reference value :  4.17286e-07
 Reference value :  4.19246e-07
 Reference value :  4.21246e-07
 Reference value :  4.23246e-07
 Reference value :  4.25266e-07
 Reference value :  4.27266e-07
 Reference value :  4.29226e-07
 Reference value :  4.31226e-07
 Reference value :  4.33246e-07
 Reference value :  4.35246e-07
 Reference value :  4.37226e-07
 Reference value :  4.39246e-07
 Reference value :  4.41306e-07
 Reference value :  4.43286e-07
 Reference value :  4.45286e-07
 Reference value :  4.47306e-07
 Reference value :  4.49326e-07
 Reference value :  4.51306e-07
 Reference value :  4.53306e-07
 Reference value :  4.55346e-07
 Reference value :  4.57366e-07
 Reference value :  4.59326e-07
 Reference value :  4.61326e-07
 Reference value :  4.63346e-07
 Reference value :  4.65366e-07
 Reference value :  4.67366e-07
 Reference value :  4.69346e-07
 Reference value :  4.71386e-07
 Reference value :  4.73386e-07
 Reference value :  4.75386e-07
 Reference value :  4.77406e-07
 Reference value :  4.79446e-07
 Reference value :  4.81466e-07
 Reference value :  4.83426e-07
 Reference value :  4.85426e-07
 Reference value :  4.87426e-07
 Reference value :  4.89446e-07
 Reference value :  4.91446e-07
 Reference value :  4.93466e-07
 Reference value :  4.95526e-07
 Reference value :  4.97546e-07
 Reference value :  4.99546e-07
 Reference value :  5.01546e-07
 Reference value :  5.03566e-07
 Reference value :  5.05566e-07
 Reference value :  5.07586e-07
 Reference value :  5.09566e-07
 Reference value :  5.11566e-07
 Reference value :  5.13586e-07
 Reference value :  5.15586e-07
 Reference value :  5.17586e-07
 Reference value :  5.19626e-07
 Reference value :  5.21606e-07
 Reference value :  5.23586e-07
 Reference value :  5.25586e-07
 Reference value :  5.27566e-07
 Reference value :  5.29586e-07
 Reference value :  5.31606e-07
 Reference value :  5.33626e-07
 Reference value :  5.35626e-07
 Reference value :  5.37626e-07
 Reference value :  5.39606e-07
 Reference value :  5.41586e-07
 Reference value :  5.43606e-07
 Reference value :  5.45606e-07
 Reference value :  5.47606e-07
 Reference value :  5.49626e-07
 Reference value :  5.51626e-07
 Reference value :  5.53606e-07
 Reference value :  5.55646e-07
 Reference value :  5.57626e-07
 Reference value :  5.59646e-07
 Reference value :  5.61646e-07
 Reference value :  5.63626e-07
 Reference value :  5.65646e-07
 Reference value :  5.67626e-07
 Reference value :  5.69586e-07
 Reference value :  5.71606e-07
 Reference value :  5.73646e-07
 Reference value :  5.75666e-07
 Reference value :  5.77666e-07
 Reference value :  5.79706e-07
 Reference value :  5.81706e-07
 Reference value :  5.83746e-07
 Reference value :  5.85766e-07
 Reference value :  5.87766e-07
 Reference value :  5.89786e-07
 Reference value :  5.91786e-07
 Reference value :  5.93766e-07
 Reference value :  5.95766e-07
 Reference value :  5.97806e-07
 Reference value :  5.99806e-07
 Reference value :  6.01806e-07
 Reference value :  6.03866e-07
 Reference value :  6.05866e-07
 Reference value :  6.07866e-07
 Reference value :  6.09906e-07
 Reference value :  6.11906e-07
 Reference value :  6.13906e-07
 Reference value :  6.15966e-07
 Reference value :  6.17966e-07
 Reference value :  6.19946e-07
 Reference value :  6.22006e-07
 Reference value :  6.23966e-07
 Reference value :  6.25926e-07
 Reference value :  6.27966e-07
 Reference value :  6.29946e-07
 Reference value :  6.31906e-07
 Reference value :  6.33906e-07
 Reference value :  6.35886e-07
 Reference value :  6.37906e-07
 Reference value :  6.39906e-07
 Reference value :  6.41886e-07
 Reference value :  6.43866e-07
 Reference value :  6.45886e-07
 Reference value :  6.47886e-07
 Reference value :  6.49866e-07
 Reference value :  6.51886e-07
 Reference value :  6.53906e-07
 Reference value :  6.55886e-07
 Reference value :  6.57926e-07
 Reference value :  6.59966e-07
 Reference value :  6.61986e-07
 Reference value :  6.64026e-07
 Reference value :  6.66006e-07
 Reference value :  6.67986e-07
 Reference value :  6.70006e-07
 Reference value :  6.71986e-07
 Reference value :  6.73966e-07
 Reference value :  6.76006e-07
 Reference value :  6.77986e-07
 Reference value :  6.79986e-07
 Reference value :  6.81986e-07
 Reference value :  6.83966e-07
 Reference value :  6.85966e-07
 Reference value :  6.87986e-07
 Reference value :  6.89986e-07
 Reference value :  6.91966e-07
 Reference value :  6.93986e-07
 Reference value :  6.95986e-07
 Reference value :  6.97986e-07
 Reference value :  7.00046e-07
 Reference value :  7.02026e-07
 Reference value :  7.04006e-07
 Reference value :  7.06026e-07
 Reference value :  7.08006e-07
 Reference value :  7.10006e-07
 Reference value :  7.12006e-07
 Reference value :  7.14026e-07
 Reference value :  7.16026e-07
 Reference value :  7.17986e-07
 Reference value :  7.20026e-07
 Reference value :  7.22006e-07
 Reference value :  7.24046e-07
 Reference value :  7.26046e-07
 Reference value :  7.28046e-07
 Reference value :  7.30086e-07
 Reference value :  7.32066e-07
 Reference value :  7.34046e-07
 Reference value :  7.36066e-07
 Reference value :  7.38086e-07
 Reference value :  7.40106e-07
 Reference value :  7.42086e-07
 Reference value :  7.44106e-07
 Reference value :  7.46106e-07
 Reference value :  7.48126e-07
 Reference value :  7.50086e-07
 Reference value :  7.52086e-07
 Reference value :  7.54146e-07
 Reference value :  7.56146e-07
 Reference value :  7.58146e-07
 Reference value :  7.60166e-07
 Reference value :  7.62186e-07
 Reference value :  7.64186e-07
 Reference value :  7.66186e-07
 Reference value :  7.68186e-07
 Reference value :  7.70186e-07
 Reference value :  7.72206e-07
 Reference value :  7.74166e-07
 Reference value :  7.76146e-07
 Reference value :  7.78226e-07
 Reference value :  7.80206e-07
 Reference value :  7.82186e-07
 Reference value :  7.84206e-07
 Reference value :  7.86186e-07
 Reference value :  7.88166e-07
 Reference value :  7.90166e-07
 Reference value :  7.92186e-07
 Reference value :  7.94206e-07
 Reference value :  7.96206e-07
 Reference value :  7.98206e-07
 Reference value :  8.00206e-07
 Reference value :  8.02226e-07
 Reference value :  8.04226e-07
 Reference value :  8.06226e-07
 Reference value :  8.08246e-07
 Reference value :  8.10226e-07
 Reference value :  8.12226e-07
 Reference value :  8.14226e-07
 Reference value :  8.16226e-07
 Reference value :  8.18266e-07
 Reference value :  8.20266e-07
 Reference value :  8.22266e-07
 Reference value :  8.24286e-07
 Reference value :  8.26306e-07
 Reference value :  8.28286e-07
 Reference value :  8.30286e-07
 Reference value :  8.32346e-07
 Reference value :  8.34326e-07
 Reference value :  8.36326e-07
 Reference value :  8.38366e-07
 Reference value :  8.40346e-07
 Reference value :  8.42366e-07
 Reference value :  8.44346e-07
 Reference value :  8.46346e-07
 Reference value :  8.48366e-07
 Reference value :  8.50406e-07
 Reference value :  8.52406e-07
 Reference value :  8.54406e-07
 Reference value :  8.56466e-07
 Reference value :  8.58446e-07
 Reference value :  8.60446e-07
 Reference value :  8.62446e-07
 Reference value :  8.64426e-07
 Reference value :  8.66426e-07
 Reference value :  8.68446e-07
 Reference value :  8.70466e-07
 Reference value :  8.72486e-07
 Reference value :  8.74486e-07
 Reference value :  8.76486e-07
 Reference value :  8.78486e-07
 Reference value :  8.80506e-07
 Reference value :  8.82506e-07
 Reference value :  8.84506e-07
 Reference value :  8.86526e-07
 Reference value :  8.88506e-07
 Reference value :  8.90486e-07
 Reference value :  8.92546e-07
 Reference value :  8.94566e-07
 Reference value :  8.96606e-07
 Reference value :  8.98666e-07
 Reference value :  9.00646e-07
 Reference value :  9.02626e-07
 Reference value :  9.04666e-07
 Reference value :  9.06626e-07
 Reference value :  9.08646e-07
 Reference value :  9.10726e-07
 Reference value :  9.12706e-07
 Reference value :  9.14686e-07
 Reference value :  9.16706e-07
 Reference value :  9.18726e-07
 Reference value :  9.20746e-07
 Reference value :  9.22766e-07
 Reference value :  9.24746e-07
 Reference value :  9.26746e-07
 Reference value :  9.28786e-07
 Reference value :  9.30746e-07
 Reference value :  9.32746e-07
 Reference value :  9.34826e-07
 Reference value :  9.36786e-07
 Reference value :  9.38766e-07
 Reference value :  9.40806e-07
 Reference value :  9.42766e-07
 Reference value :  9.44746e-07
 Reference value :  9.46766e-07
 Reference value :  9.48766e-07
 Reference value :  9.50786e-07
 Reference value :  9.52826e-07
 Reference value :  9.54786e-07
 Reference value :  9.56806e-07
 Reference value :  9.58906e-07
 Reference value :  9.60906e-07
 Reference value :  9.62866e-07
 Reference value :  9.64926e-07
 Reference value :  9.66906e-07
 Reference value :  9.68906e-07
 Reference value :  9.70926e-07
 Reference value :  9.72906e-07
 Reference value :  9.74946e-07
 Reference value :  9.76966e-07
 Reference value :  9.78966e-07
 Reference value :  9.80946e-07
 Reference value :  9.83006e-07
 Reference value :  9.84966e-07
 Reference value :  9.86966e-07
 Reference value :  9.89046e-07
 Reference value :  9.91006e-07
 Reference value :  9.92986e-07
 Reference value :  9.95046e-07
 Reference value :  9.97066e-07
 Reference value :  9.99106e-07
 Reference value :  1.00113e-06
 Reference value :  1.00311e-06
 Reference value :  1.00511e-06
 Reference value :  1.00715e-06
 Reference value :  1.00913e-06
 Reference value :  1.01115e-06
 Reference value :  1.01325e-06
 Reference value :  1.01519e-06
 Reference value :  1.01719e-06
 Reference value :  1.01923e-06
 Reference value :  1.02121e-06
 Reference value :  1.02321e-06
 Reference value :  1.02523e-06
 Reference value :  1.02723e-06
 Reference value :  1.02923e-06
 Reference value :  1.03127e-06
 Reference value :  1.03325e-06
 Reference value :  1.03527e-06
 Reference value :  1.03737e-06
 Reference value :  1.03933e-06
 Reference value :  1.04131e-06
 Reference value :  1.04335e-06
 Reference value :  1.04533e-06
 Reference value :  1.04731e-06
 Reference value :  1.04935e-06
 Reference value :  1.05133e-06
 Reference value :  1.05333e-06
 Reference value :  1.05537e-06
 Reference value :  1.05733e-06
 Reference value :  1.05931e-06
 Reference value :  1.06137e-06
 Reference value :  1.06333e-06
 Reference value :  1.06529e-06
 Reference value :  1.06739e-06
 Reference value :  1.06939e-06
 Reference value :  1.07137e-06
 Reference value :  1.07345e-06
 Reference value :  1.07545e-06
 Reference value :  1.07745e-06
 Reference value :  1.07947e-06
 Reference value :  1.08145e-06
 Reference value :  1.08345e-06
 Reference value :  1.08547e-06
 Reference value :  1.08743e-06
 Reference value :  1.08945e-06
 Reference value :  1.09155e-06
 Reference value :  1.09353e-06
 Reference value :  1.09553e-06
 Reference value :  1.09755e-06
 Reference value :  1.09959e-06
 Reference value :  1.10161e-06
 Reference value :  1.10363e-06
 Reference value :  1.10561e-06
 Reference value :  1.10761e-06
 Reference value :  1.10959e-06
 Reference value :  1.11157e-06
 Reference value :  1.11359e-06
 Reference value :  1.11565e-06
 Reference value :  1.11761e-06
 Reference value :  1.11963e-06
 Reference value :  1.12165e-06
 Reference value :  1.12363e-06
 Reference value :  1.12563e-06
 Reference value :  1.12767e-06
 Reference value :  1.12967e-06
 Reference value :  1.13171e-06
 Reference value :  1.13371e-06
 Reference value :  1.13571e-06
 Reference value :  1.13775e-06
 Reference value :  1.13977e-06
 Reference value :  1.14173e-06
 Reference value :  1.14373e-06
 Reference value :  1.14575e-06
 Reference value :  1.14771e-06
 Reference value :  1.14977e-06
 Reference value :  1.15179e-06
 Reference value :  1.15383e-06
 Reference value :  1.15585e-06
 Reference value :  1.15783e-06
 Reference value :  1.15979e-06
 Reference value :  1.16181e-06
 Reference value :  1.16381e-06
 Reference value :  1.16579e-06
 Reference value :  1.16781e-06
 Reference value :  1.16985e-06
 Reference value :  1.17185e-06
 Reference value :  1.17387e-06
 Reference value :  1.17587e-06
 Reference value :  1.17789e-06
 Reference value :  1.17991e-06
 Reference value :  1.18193e-06
 Reference value :  1.18393e-06
 Reference value :  1.18595e-06
 Reference value :  1.18793e-06
 Reference value :  1.18989e-06
 Reference value :  1.19193e-06
 Reference value :  1.19393e-06
 Reference value :  1.19591e-06
 Reference value :  1.19793e-06
 Reference value :  1.19993e-06
 Reference value :  1.20193e-06
 Reference value :  1.20395e-06
 Reference value :  1.20595e-06
 Reference value :  1.20791e-06
 Reference value :  1.20993e-06
 Reference value :  1.21195e-06
 Reference value :  1.21393e-06
 Reference value :  1.21597e-06
 Reference value :  1.21801e-06
 Reference value :  1.21999e-06
 Reference value :  1.22199e-06
 Reference value :  1.22401e-06
 Reference value :  1.22599e-06
 Reference value :  1.22803e-06
 Reference value :  1.23003e-06
 Reference value :  1.23205e-06
 Reference value :  1.23407e-06
 Reference value :  1.23605e-06
 Reference value :  1.23803e-06
 Reference value :  1.24005e-06
 Reference value :  1.24205e-06
 Reference value :  1.24401e-06
 Reference value :  1.24601e-06
 Reference value :  1.24803e-06
 Reference value :  1.25005e-06
 Reference value :  1.25203e-06
 Reference value :  1.25405e-06
 Reference value :  1.25609e-06
 Reference value :  1.25813e-06
 Reference value :  1.26013e-06
 Reference value :  1.26211e-06
 Reference value :  1.26415e-06
 Reference value :  1.26615e-06
 Reference value :  1.26813e-06
 Reference value :  1.27017e-06
 Reference value :  1.27219e-06
 Reference value :  1.27417e-06
 Reference value :  1.27617e-06
 Reference value :  1.27815e-06
 Reference value :  1.28013e-06
 Reference value :  1.28215e-06
 Reference value :  1.28419e-06
 Reference value :  1.28619e-06
 Reference value :  1.28821e-06
 Reference value :  1.29021e-06
 Reference value :  1.29221e-06
 Reference value :  1.29427e-06
 Reference value :  1.29631e-06
 Reference value :  1.29827e-06
 Reference value :  1.30031e-06
 Reference value :  1.30233e-06
 Reference value :  1.30431e-06
 Reference value :  1.30631e-06
 Reference value :  1.30831e-06
 Reference value :  1.31031e-06
 Reference value :  1.31233e-06
 Reference value :  1.31433e-06
 Reference value :  1.31629e-06
 Reference value :  1.31835e-06
 Reference value :  1.32037e-06
 Reference value :  1.32233e-06
 Reference value :  1.32435e-06
 Reference value :  1.32637e-06
 Reference value :  1.32837e-06
 Reference value :  1.33041e-06
 Reference value :  1.33243e-06
 Reference value :  1.33447e-06
 Reference value :  1.33645e-06
 Reference value :  1.33845e-06
 Reference value :  1.34047e-06
 Reference value :  1.34247e-06
 Reference value :  1.34449e-06
 Reference value :  1.34651e-06
 Reference value :  1.34853e-06
 Reference value :  1.35055e-06
 Reference value :  1.35255e-06
 Reference value :  1.35459e-06
 Reference value :  1.35655e-06
 Reference value :  1.35857e-06
 Reference value :  1.36057e-06
 Reference value :  1.36257e-06
 Reference value :  1.36455e-06
 Reference value :  1.36659e-06
 Reference value :  1.36861e-06
 Reference value :  1.37061e-06
 Reference value :  1.37265e-06
 Reference value :  1.37469e-06
 Reference value :  1.37669e-06
 Reference value :  1.37871e-06
 Reference value :  1.38073e-06
 Reference value :  1.38277e-06
 Reference value :  1.38475e-06
 Reference value :  1.38673e-06
 Reference value :  1.38881e-06
 Reference value :  1.39077e-06
 Reference value :  1.39275e-06
 Reference value :  1.39477e-06
 Reference value :  1.39677e-06
 Reference value :  1.39879e-06
 Reference value :  1.40079e-06
 Reference value :  1.40277e-06
 Reference value :  1.40477e-06
 Reference value :  1.40679e-06
 Reference value :  1.40879e-06
 Reference value :  1.41079e-06
 Reference value :  1.41287e-06
 Reference value :  1.41485e-06
 Reference value :  1.41683e-06
 Reference value :  1.41889e-06
 Reference value :  1.42091e-06
 Reference value :  1.42291e-06
 Reference value :  1.42491e-06
 Reference value :  1.42697e-06
 Reference value :  1.42895e-06
 Reference value :  1.43095e-06
 Reference value :  1.43293e-06
 Reference value :  1.43493e-06
 Reference value :  1.43697e-06
 Reference value :  1.43895e-06
 Reference value :  1.44093e-06
 Reference value :  1.44299e-06
 Reference value :  1.44499e-06
 Reference value :  1.44697e-06
 Reference value :  1.44899e-06
 Reference value :  1.45099e-06
 Reference value :  1.45301e-06
 Reference value :  1.45501e-06
 Reference value :  1.45699e-06
 Reference value :  1.45897e-06
 Reference value :  1.46099e-06
 Reference value :  1.46297e-06
 Reference value :  1.46499e-06
 Reference value :  1.46701e-06
 Reference value :  1.46903e-06
 Reference value :  1.47103e-06
 Reference value :  1.47309e-06
 Reference value :  1.47509e-06
 Reference value :  1.47713e-06
 Reference value :  1.47917e-06
 Reference value :  1.48117e-06
 Reference value :  1.48317e-06
 Reference value :  1.48515e-06
 Reference value :  1.48713e-06
 Reference value :  1.48913e-06
 Reference value :  1.49121e-06
 Reference value :  1.49319e-06
 Reference value :  1.49517e-06
 Reference value :  1.49723e-06
 Reference value :  1.49923e-06
 Reference value :  1.50123e-06
 Reference value :  1.50325e-06
 Reference value :  1.50523e-06
 Reference value :  1.50723e-06
 Reference value :  1.50929e-06
 Reference value :  1.51125e-06
 Reference value :  1.51327e-06
 Reference value :  1.51537e-06
 Reference value :  1.51733e-06
 Reference value :  1.51935e-06
 Reference value :  1.52141e-06
 Reference value :  1.52333e-06
 Reference value :  1.52529e-06
 Reference value :  1.52735e-06
 Reference value :  1.52935e-06
 Reference value :  1.53137e-06
 Reference value :  1.53341e-06
 Reference value :  1.53537e-06
 Reference value :  1.53739e-06
 Reference value :  1.53947e-06
 Reference value :  1.54145e-06
 Reference value :  1.54347e-06
 Reference value :  1.54553e-06
 Reference value :  1.54749e-06
 Reference value :  1.54949e-06
 Reference value :  1.55153e-06
 Reference value :  1.55351e-06
 Reference value :  1.55551e-06
 Reference value :  1.55751e-06
 Reference value :  1.55949e-06
 Reference value :  1.56147e-06
 Reference value :  1.56351e-06
 Reference value :  1.56551e-06
 Reference value :  1.56747e-06
 Reference value :  1.56953e-06
 Reference value :  1.57149e-06
 Reference value :  1.57347e-06
 Reference value :  1.57549e-06
 Reference value :  1.57745e-06
 Reference value :  1.57945e-06
 Reference value :  1.58149e-06
 Reference value :  1.58347e-06
 Reference value :  1.58549e-06
 Reference value :  1.58755e-06
 Reference value :  1.58951e-06
 Reference value :  1.59153e-06
 Reference value :  1.59363e-06
 Reference value :  1.59559e-06
 Reference value :  1.59759e-06
 Reference value :  1.59963e-06
 Reference value :  1.60159e-06
 Reference value :  1.60355e-06
 Reference value :  1.60561e-06
 Reference value :  1.60759e-06
 Reference value :  1.60957e-06
 Reference value :  1.61163e-06
 Reference value :  1.61361e-06
 Reference value :  1.61559e-06
 Reference value :  1.61767e-06
 Reference value :  1.61967e-06
 Reference value :  1.62165e-06
 Reference value :  1.62373e-06
 Reference value :  1.62573e-06
 Reference value :  1.62771e-06
 Reference value :  1.62977e-06
 Reference value :  1.63181e-06
 Reference value :  1.63379e-06
 Reference value :  1.63585e-06
 Reference value :  1.63785e-06
 Reference value :  1.63985e-06
 Reference value :  1.64189e-06
 Reference value :  1.64387e-06
 Reference value :  1.64591e-06
 Reference value :  1.64797e-06
 Reference value :  1.64993e-06
 Reference value :  1.65191e-06
 Reference value :  1.65397e-06
 Reference value :  1.65597e-06
 Reference value :  1.65799e-06
 Reference value :  1.66001e-06
 Reference value :  1.66201e-06
 Reference value :  1.66403e-06
 Reference value :  1.66605e-06
 Reference value :  1.66801e-06
 Reference value :  1.67001e-06
 Reference value :  1.67203e-06
 Reference value :  1.67399e-06
 Reference value :  1.67599e-06
 Reference value :  1.67803e-06
 Reference value :  1.67999e-06
 Reference value :  1.68197e-06
 Reference value :  1.68399e-06
 Reference value :  1.68599e-06
 Reference value :  1.68801e-06
 Reference value :  1.69005e-06
 Reference value :  1.69203e-06
 Reference value :  1.69407e-06
 Reference value :  1.69611e-06
 Reference value :  1.69809e-06
 Reference value :  1.70011e-06
 Reference value :  1.70217e-06
 Reference value :  1.70415e-06
 Reference value :  1.70619e-06
 Reference value :  1.70821e-06
 Reference value :  1.71021e-06
 Reference value :  1.71221e-06
 Reference value :  1.71423e-06
 Reference value :  1.71623e-06
 Reference value :  1.71827e-06
 Reference value :  1.72027e-06
 Reference value :  1.72223e-06
 Reference value :  1.72429e-06
 Reference value :  1.72629e-06
 Reference value :  1.72827e-06
 Reference value :  1.73029e-06
 Reference value :  1.73227e-06
 Reference value :  1.73427e-06
 Reference value :  1.73629e-06
 Reference value :  1.73831e-06
 Reference value :  1.74031e-06
 Reference value :  1.74235e-06
 Reference value :  1.74433e-06
 Reference value :  1.74633e-06
 Reference value :  1.74837e-06
 Reference value :  1.75041e-06
 Reference value :  1.75237e-06
 Reference value :  1.75439e-06
 Reference value :  1.75639e-06
 Reference value :  1.75837e-06
 Reference value :  1.76039e-06
 Reference value :  1.76243e-06
 Reference value :  1.76443e-06
 Reference value :  1.76649e-06
 Reference value :  1.76851e-06
 Reference value :  1.77051e-06
 Reference value :  1.77257e-06
 Reference value :  1.77457e-06
 Reference value :  1.77653e-06
 Reference value :  1.77853e-06
 Reference value :  1.78053e-06
 Reference value :  1.78253e-06
 Reference value :  1.78457e-06
 Reference value :  1.78657e-06
 Reference value :  1.78859e-06
 Reference value :  1.79061e-06
 Reference value :  1.79261e-06
 Reference value :  1.79457e-06
 Reference value :  1.79659e-06
 Reference value :  1.79859e-06
 Reference value :  1.80053e-06
 Reference value :  1.80257e-06
 Reference value :  1.80457e-06
 Reference value :  1.80657e-06
 Reference value :  1.80861e-06
 Reference value :  1.81065e-06
 Reference value :  1.81267e-06
 Reference value :  1.81469e-06
 Reference value :  1.81669e-06
 Reference value :  1.81869e-06
 Reference value :  1.82069e-06
 Reference value :  1.82269e-06
 Reference value :  1.82465e-06
 Reference value :  1.82669e-06
 Reference value :  1.82873e-06
 Reference value :  1.83073e-06
 Reference value :  1.83275e-06
 Reference value :  1.83475e-06
 Reference value :  1.83677e-06
 Reference value :  1.83877e-06
 Reference value :  1.84079e-06
 Reference value :  1.84281e-06
 Reference value :  1.84481e-06
 Reference value :  1.84679e-06
 Reference value :  1.84877e-06
 Reference value :  1.85083e-06
 Reference value :  1.85287e-06
 Reference value :  1.85485e-06
 Reference value :  1.85689e-06
 Reference value :  1.85891e-06
 Reference value :  1.86097e-06
 Reference value :  1.86297e-06
 Reference value :  1.86499e-06
 Reference value :  1.86705e-06
 Reference value :  1.86905e-06
 Reference value :  1.87107e-06
 Reference value :  1.87311e-06
 Reference value :  1.87511e-06
 Reference value :  1.87715e-06
 Reference value :  1.87921e-06
 Reference value :  1.88121e-06
 Reference value :  1.88323e-06
 Reference value :  1.88531e-06
 Reference value :  1.88731e-06
 Reference value :  1.88935e-06
 Reference value :  1.89145e-06
 Reference value :  1.89345e-06
 Reference value :  1.89545e-06
 Reference value :  1.89753e-06
 Reference value :  1.89951e-06
 Reference value :  1.90151e-06
 Reference value :  1.90357e-06
 Reference value :  1.90559e-06
 Reference value :  1.90763e-06
 Reference value :  1.90967e-06
 Reference value :  1.91171e-06
 Reference value :  1.91377e-06
 Reference value :  1.91581e-06
 Reference value :  1.91781e-06
 Reference value :  1.91989e-06
 Reference value :  1.92193e-06
 Reference value :  1.92397e-06
 Reference value :  1.92599e-06
 Reference value :  1.92805e-06
 Reference value :  1.93015e-06
 Reference value :  1.93219e-06
 Reference value :  1.93421e-06
 Reference value :  1.93633e-06
 Reference value :  1.93833e-06
 Reference value :  1.94035e-06
 Reference value :  1.94243e-06
 Reference value :  1.94449e-06
 Reference value :  1.94653e-06
 Reference value :  1.94863e-06
 Reference value :  1.95067e-06
 Reference value :  1.95279e-06
 Reference value :  1.95487e-06
 Reference value :  1.95689e-06
 Reference value :  1.95895e-06
 Reference value :  1.96101e-06
 Reference value :  1.96307e-06
 Reference value :  1.96515e-06
 Reference value :  1.96721e-06
 Reference value :  1.96935e-06
 Reference value :  1.97137e-06
 Reference value :  1.97341e-06
 Reference value :  1.97553e-06
 Reference value :  1.97757e-06
 Reference value :  1.97957e-06
 Reference value :  1.98169e-06
 Reference value :  1.98377e-06
 Reference value :  1.98585e-06
 Reference value :  1.98793e-06
 Reference value :  1.98999e-06
 Reference value :  1.99209e-06
 Reference value :  1.99417e-06
 Reference value :  1.99617e-06
 Reference value :  1.99825e-06
 Reference value :  2.00033e-06
 Reference value :  2.00243e-06
 Reference value :  2.00449e-06
 Reference value :  2.00657e-06
 Reference value :  2.00873e-06
 Reference value :  2.01077e-06
 Reference value :  2.01283e-06
 Reference value :  2.01493e-06
 Reference value :  2.01697e-06
 Reference value :  2.01905e-06
 Reference value :  2.02117e-06
 Reference value :  2.02323e-06
 Reference value :  2.02531e-06
 Reference value :  2.02735e-06
 Reference value :  2.02941e-06
 Reference value :  2.03151e-06
 Reference value :  2.03359e-06
 Reference value :  2.03569e-06
 Reference value :  2.03773e-06
 Reference value :  2.03981e-06
 Reference value :  2.04193e-06
 Reference value :  2.04395e-06
 Reference value :  2.04605e-06
 Reference value :  2.04815e-06
 Reference value :  2.05017e-06
 Reference value :  2.05223e-06
 Reference value :  2.05431e-06
 Reference value :  2.05635e-06
 Reference value :  2.05841e-06
 Reference value :  2.06049e-06
 Reference value :  2.06261e-06
 Reference value :  2.06467e-06
 Reference value :  2.06675e-06
 Reference value :  2.06887e-06
 Reference value :  2.07095e-06
 Reference value :  2.07303e-06
 Reference value :  2.07511e-06
 Reference value :  2.07715e-06
 Reference value :  2.07923e-06
 Reference value :  2.08131e-06
 Reference value :  2.08335e-06
 Reference value :  2.08549e-06
 Reference value :  2.08755e-06
 Reference value :  2.08965e-06
 Reference value :  2.09169e-06
 Reference value :  2.09375e-06
 Reference value :  2.09587e-06
 Reference value :  2.09789e-06
 Reference value :  2.09995e-06
 Reference value :  2.10207e-06
 Reference value :  2.10411e-06
 Reference value :  2.10619e-06
 Reference value :  2.10833e-06
 Reference value :  2.11047e-06
 Reference value :  2.11259e-06
 Reference value :  2.11469e-06
 Reference value :  2.11683e-06
 Reference value :  2.11891e-06
 Reference value :  2.12099e-06
 Reference value :  2.12315e-06
 Reference value :  2.12527e-06
 Reference value :  2.12743e-06
 Reference value :  2.12955e-06
 Reference value :  2.13171e-06
 Reference value :  2.13383e-06
 Reference value :  2.13595e-06
 Reference value :  2.13813e-06
 Reference value :  2.14023e-06
 Reference value :  2.14237e-06
 Reference value :  2.14451e-06
 Reference value :  2.14665e-06
 Reference value :  2.14879e-06
 Reference value :  2.15091e-06
 Reference value :  2.15307e-06
 Reference value :  2.15515e-06
 Reference value :  2.15725e-06
 Reference value :  2.15937e-06
 Reference value :  2.16143e-06
 Reference value :  2.16357e-06
 Reference value :  2.16571e-06
 Reference value :  2.16777e-06
 Reference value :  2.16989e-06
 Reference value :  2.17199e-06
 Reference value :  2.17417e-06
 Reference value :  2.17625e-06
 Reference value :  2.17839e-06
 Reference value :  2.18051e-06
 Reference value :  2.18261e-06
 Reference value :  2.18471e-06
 Reference value :  2.18681e-06
 Reference value :  2.18903e-06
 Reference value :  2.19115e-06
 Reference value :  2.19325e-06
 Reference value :  2.19539e-06
 Reference value :  2.19749e-06
 Reference value :  2.19957e-06
 Reference value :  2.20167e-06
 Reference value :  2.20383e-06
 Reference value :  2.20595e-06
 Reference value :  2.20809e-06
 Reference value :  2.21025e-06
 Reference value :  2.21239e-06
 Reference value :  2.21455e-06
 Reference value :  2.21669e-06
 Reference value :  2.21889e-06
 Reference value :  2.22103e-06
 Reference value :  2.22315e-06
 Reference value :  2.22535e-06
 Reference value :  2.22751e-06
 Reference value :  2.22965e-06
 Reference value :  2.23177e-06
 Reference value :  2.23393e-06
 Reference value :  2.23605e-06
 Reference value :  2.23817e-06
 Reference value :  2.24033e-06
 Reference value :  2.24249e-06
 Reference value :  2.24465e-06
 Reference value :  2.24679e-06
 Reference value :  2.24893e-06
 Reference value :  2.25111e-06
 Reference value :  2.25325e-06
 Reference value :  2.25545e-06
 Reference value :  2.25759e-06
 Reference value :  2.25975e-06
 Reference value :  2.26187e-06
 Reference value :  2.26405e-06
 Reference value :  2.26623e-06
 Reference value :  2.26837e-06
 Reference value :  2.27055e-06
 Reference value :  2.27267e-06
 Reference value :  2.27485e-06
 Reference value :  2.27701e-06
 Reference value :  2.27915e-06
 Reference value :  2.28129e-06
 Reference value :  2.28343e-06
 Reference value :  2.28563e-06
 Reference value :  2.28777e-06
 Reference value :  2.28995e-06
 Reference value :  2.29211e-06
 Reference value :  2.29427e-06
 Reference value :  2.29641e-06
 Reference value :  2.29867e-06
 Reference value :  2.30087e-06
 Reference value :  2.30303e-06
 Reference value :  2.30529e-06
 Reference value :  2.30755e-06
 Reference value :  2.30981e-06
 Reference value :  2.31203e-06
 Reference value :  2.31427e-06
 Reference value :  2.31647e-06
 Reference value :  2.31873e-06
 Reference value :  2.32097e-06
 Reference value :  2.32321e-06
 Reference value :  2.32545e-06
 Reference value :  2.32773e-06
 Reference value :  2.33001e-06
 Reference value :  2.33227e-06
 Reference value :  2.33455e-06
 Reference value :  2.33689e-06
 Reference value :  2.33919e-06
 Reference value :  2.34145e-06
 Reference value :  2.34377e-06
 Reference value :  2.34613e-06
 Reference value :  2.34845e-06
 Reference value :  2.35069e-06
 Reference value :  2.35301e-06
 Reference value :  2.35527e-06
 Reference value :  2.35753e-06
 Reference value :  2.35981e-06
 Reference value :  2.36215e-06
 Reference value :  2.36441e-06
 Reference value :  2.36675e-06
 Reference value :  2.36907e-06
 Reference value :  2.37137e-06
 Reference value :  2.37363e-06
 Reference value :  2.37599e-06
 Reference value :  2.37829e-06
 Reference value :  2.38051e-06
 Reference value :  2.38283e-06
 Reference value :  2.38523e-06
 Reference value :  2.38749e-06
 Reference value :  2.38973e-06
 Reference value :  2.39203e-06
 Reference value :  2.39433e-06
 Reference value :  2.39665e-06
 Reference value :  2.39889e-06
 Reference value :  2.40121e-06
 Reference value :  2.40351e-06
 Reference value :  2.40589e-06
 Reference value :  2.40823e-06
 Reference value :  2.41051e-06
 Reference value :  2.41279e-06
 Reference value :  2.41513e-06
 Reference value :  2.41739e-06
 Reference value :  2.41963e-06
 Reference value :  2.42197e-06
 Reference value :  2.42429e-06
 Reference value :  2.42661e-06
 Reference value :  2.42889e-06
 Reference value :  2.43123e-06
 Reference value :  2.43353e-06
 Reference value :  2.43583e-06
 Reference value :  2.43811e-06
 Reference value :  2.44043e-06
 Reference value :  2.44269e-06
 Reference value :  2.44505e-06
 Reference value :  2.44735e-06
 Reference value :  2.44965e-06
 Reference value :  2.45197e-06
 Reference value :  2.45429e-06
 Reference value :  2.45659e-06
 Reference value :  2.45887e-06
 Reference value :  2.46121e-06
 Reference value :  2.46351e-06
 Reference value :  2.46583e-06
 Reference value :  2.46813e-06
 Reference value :  2.47049e-06
 Reference value :  2.47281e-06
 Reference value :  2.47515e-06
 Reference value :  2.47745e-06
 Reference value :  2.47971e-06
 Reference value :  2.48189e-06
 Reference value :  2.48425e-06
 Reference value :  2.48661e-06
 Reference value :  2.48891e-06
 Reference value :  2.49123e-06
 Reference value :  2.49353e-06
 Reference value :  2.49589e-06
 Reference value :  2.49817e-06
 Reference value :  2.50045e-06
 Reference value :  2.50277e-06
 Reference value :  2.50511e-06
 Reference value :  2.50739e-06
 Reference value :  2.50971e-06
 Reference value :  2.51201e-06
 Reference value :  2.51437e-06
 Reference value :  2.51669e-06
 Reference value :  2.51899e-06
 Reference value :  2.52133e-06
 Reference value :  2.52363e-06
 Reference value :  2.52605e-06
 Reference value :  2.52833e-06
 Reference value :  2.53061e-06
 Reference value :  2.53289e-06
 Reference value :  2.53523e-06
 Reference value :  2.53749e-06
 Reference value :  2.53979e-06
 Reference value :  2.54211e-06
 Reference value :  2.54449e-06
 Reference value :  2.54679e-06
 Reference value :  2.54903e-06
 Reference value :  2.55131e-06
 Reference value :  2.55365e-06
 Reference value :  2.55601e-06
 Reference value :  2.55829e-06
 Reference value :  2.56059e-06
 Reference value :  2.56289e-06
 Reference value :  2.56531e-06
 Reference value :  2.56759e-06
 Reference value :  2.56991e-06
 Reference value :  2.57219e-06
 Reference value :  2.57453e-06
 Reference value :  2.57683e-06
 Reference value :  2.57915e-06
 Reference value :  2.58151e-06
 Reference value :  2.58375e-06
 Reference value :  2.58597e-06
 Reference value :  2.58831e-06
 Reference value :  2.59089e-06
 Reference value :  2.59313e-06
 Reference value :  2.59541e-06
 Reference value :  2.59787e-06
 Reference value :  2.60047e-06
 Reference value :  2.60301e-06
 Reference value :  2.60523e-06
 Reference value :  2.60763e-06
 Reference value :  2.60997e-06
 Reference value :  2.61219e-06
 Reference value :  2.61465e-06
 Reference value :  2.61725e-06
 Reference value :  2.61981e-06
 Reference value :  2.62209e-06
 Reference value :  2.62417e-06
 Reference value :  2.62659e-06
 Reference value :  2.62891e-06
 Reference value :  2.63107e-06
 Reference value :  2.63339e-06
 Reference value :  2.63575e-06
 Reference value :  2.63809e-06
 Reference value :  2.64049e-06
 Reference value :  2.64301e-06
 Reference value :  2.64537e-06
 Reference value :  2.64783e-06
 Reference value :  2.65017e-06
 Reference value :  2.65271e-06
 Reference value :  2.65533e-06
 Reference value :  2.65785e-06
 Reference value :  2.66067e-06
 Reference value :  2.66355e-06
 Reference value :  2.66657e-06
 Reference value :  2.66941e-06
 Reference value :  2.67227e-06
 Reference value :  2.67515e-06
 Reference value :  2.67803e-06
 Reference value :  2.68085e-06
 Reference value :  2.68379e-06
 Reference value :  2.68677e-06
 Reference value :  2.68943e-06
 Reference value :  2.69237e-06
 Reference value :  2.69527e-06
 Reference value :  2.69837e-06
 Reference value :  2.70129e-06
 Reference value :  2.70395e-06
 Reference value :  2.70673e-06
 Reference value :  2.70959e-06
 Reference value :  2.71253e-06
 Reference value :  2.71555e-06
 Reference value :  2.71849e-06
 Reference value :  2.72147e-06
 Reference value :  2.72443e-06
 Reference value :  2.72719e-06
 Reference value :  2.73025e-06
 Reference value :  2.73329e-06
 Reference value :  2.73625e-06
 Reference value :  2.73889e-06
 Reference value :  2.74191e-06
 Reference value :  2.74515e-06
 Reference value :  2.74827e-06
 Reference value :  2.75145e-06
 Reference value :  2.75459e-06
 Reference value :  2.75749e-06
 Reference value :  2.75999e-06
 Reference value :  2.76263e-06
 Reference value :  2.76559e-06
 Reference value :  2.76865e-06
 Reference value :  2.77195e-06
 Reference value :  2.77515e-06
 Reference value :  2.77799e-06
 Reference value :  2.78087e-06
 Reference value :  2.78407e-06
 Reference value :  2.78707e-06
 Reference value :  2.78983e-06
 Reference value :  2.79297e-06
 Reference value :  2.79585e-06
 Reference value :  2.79863e-06
 Reference value :  2.80171e-06
 Reference value :  2.80485e-06
 Reference value :  2.80783e-06
 Reference value :  2.81101e-06
 Reference value :  2.81411e-06
 Reference value :  2.81707e-06
 Reference value :  2.81989e-06
 Reference value :  2.82269e-06
 Reference value :  2.82551e-06
 Reference value :  2.82849e-06
 Reference value :  2.83179e-06
 Reference value :  2.83473e-06
 Reference value :  2.83747e-06
 Reference value :  2.84025e-06
 Reference value :  2.84319e-06
 Reference value :  2.84621e-06
 Reference value :  2.84901e-06
 Reference value :  2.85177e-06
 Reference value :  2.85505e-06
 Reference value :  2.85811e-06
 Reference value :  2.86107e-06
 Reference value :  2.86401e-06
 Reference value :  2.86691e-06
 Reference value :  2.86979e-06
 Reference value :  2.87229e-06
 Reference value :  2.87493e-06
 Reference value :  2.87777e-06
 Reference value :  2.88061e-06
 Reference value :  2.88379e-06
 Reference value :  2.88693e-06
 Reference value :  2.88979e-06
 Reference value :  2.89281e-06
 Reference value :  2.89569e-06
 Reference value :  2.89857e-06
 Reference value :  2.90153e-06
 Reference value :  2.90411e-06
 Reference value :  2.90699e-06
 Reference value :  2.90983e-06
 Reference value :  2.91249e-06
 Reference value :  2.91543e-06
 Reference value :  2.91847e-06
 Reference value :  2.92171e-06
 Reference value :  2.92471e-06
 Reference value :  2.92781e-06
 Reference value :  2.93093e-06
 Reference value :  2.93399e-06
 Reference value :  2.93673e-06
 Reference value :  2.93979e-06
 Reference value :  2.94303e-06
 Reference value :  2.94611e-06
 Reference value :  2.94927e-06
 Reference value :  2.95237e-06
 Reference value :  2.95519e-06
 Reference value :  2.95807e-06
 Reference value :  2.96099e-06
 Reference value :  2.96403e-06
 Reference value :  2.96691e-06
 Reference value :  2.96983e-06
 Reference value :  2.97281e-06
 Reference value :  2.97575e-06
 Reference value :  2.97891e-06
 Reference value :  2.98215e-06
 Reference value :  2.98525e-06
 Reference value :  2.98837e-06
 Reference value :  2.99143e-06
 Reference value :  2.99451e-06
 Reference value :  2.99729e-06
No. of Data Rows : 150008
t1                  =  1.50034e-06
t2                  =  1.50335e-06
t9                  =  1.52440e-06
vout_avg            =  5.96926e-01 from=  1.50000e-06 to=  3.00000e-06
Note: Simulation executed from .control section 
Note: Starting dynamic gmin stepping
Note: Dynamic gmin stepping completed
Note: Starting dynamic gmin stepping
Note: Dynamic gmin stepping completed
