
Note: No compatibility mode selected!


Circuit: * tt_analog_ring, code 16

Doing analysis at TEMP = 27.000000 and TNOM = 27.000000

Using SPARSE 1.3 as Direct Linear Solver
 Reference value :  0.00000e+00
No. of Data Rows : 1
idd_dis=5.12429E-05 vbp=0.746544 vbn=0.36494 clk_dis=1.2
Doing analysis at TEMP = 27.000000 and TNOM = 27.000000

Using SPARSE 1.3 as Direct Linear Solver

Initial Transient Solution
--------------------------

Node                                   Voltage
----                                   -------
vpwr                                       1.2
code[0]                                      0
code[1]                                      0
code[2]                                      0
code[3]                                      0
code[4]                                    1.2
code[5]                                      0
code[6]                                      0
code[7]                                      0
enable                                       0
xdut.vbp                              0.746544
xdut.vbn                               0.36494
xdut.n0                            8.15347e-07
xdut.p0                                    1.2
xdut.na0                               1.00596
xdut.s0                                    1.2
xdut.s10                                   1.2
xdut.n1                            1.66085e-06
xdut.p1                                    1.2
xdut.s1                            1.74824e-06
xdut.n2                             1.4909e-07
xdut.p2                                    1.2
xdut.s2                                    1.2
xdut.n3                            1.75866e-06
xdut.p3                                    1.2
xdut.s3                            1.85302e-06
xdut.n4                            1.17384e-06
xdut.p4                                    1.2
xdut.s4                                    1.2
xdut.n5                            2.46432e-06
xdut.p5                                    1.2
xdut.s5                            2.56851e-06
xdut.n6                            2.26253e-07
xdut.p6                                    1.2
xdut.s6                                    1.2
xdut.n7                            1.18729e-06
xdut.p7                                    1.2
xdut.s7                            1.25479e-06
xdut.n8                            3.13518e-07
xdut.p8                                    1.2
xdut.s8                                    1.2
xdut.n9                            1.64108e-06
xdut.p9                                    1.2
xdut.s9                            1.72206e-06
xdut.n10                           2.74101e-07
xdut.p10                                   1.2
xdut.b1                            1.57332e-07
clk_out                                    1.2
ven#branch                         7.35922e-12
vc7#branch                         4.04973e-12
vc6#branch                         2.02628e-12
vc5#branch                         1.01505e-12
vc4#branch                        -6.78192e-09
vc3#branch                         2.55956e-13
vc2#branch                          1.2743e-13
vc1#branch                          6.2374e-14
vc0#branch                         3.22422e-14
vdd#branch                        -5.12429e-05

 Reference value :  0.00000e+00
 Reference value :  5.83300e-09
 Reference value :  1.30610e-08
 Reference value :  2.02890e-08
 Reference value :  2.71556e-08
 Reference value :  3.42029e-08
 Reference value :  4.10695e-08
 Reference value :  4.79361e-08
 Reference value :  5.42300e-08
 Reference value :  5.74082e-08
 Reference value :  6.10222e-08
 Reference value :  6.48169e-08
 Reference value :  6.83393e-08
 Reference value :  7.21340e-08
 Reference value :  7.59287e-08
 Reference value :  7.95427e-08
 Reference value :  8.31390e-08
 Reference value :  8.67530e-08
 Reference value :  9.05477e-08
 Reference value :  9.42042e-08
 Reference value :  9.78182e-08
 Reference value :  1.01613e-07
 Reference value :  1.05588e-07
 Reference value :  1.09197e-07
 Reference value :  1.12992e-07
 Reference value :  1.16606e-07
 Reference value :  1.19635e-07
 Reference value :  1.23249e-07
 Reference value :  1.27044e-07
 Reference value :  1.30838e-07
 Reference value :  1.34616e-07
 Reference value :  1.38049e-07
 Reference value :  1.41663e-07
 Reference value :  1.45131e-07
 Reference value :  1.48745e-07
 Reference value :  1.52539e-07
 Reference value :  1.56334e-07
 Reference value :  1.59948e-07
 Reference value :  1.63562e-07
 Reference value :  1.67176e-07
 Reference value :  1.70349e-07
 Reference value :  1.73963e-07
 Reference value :  1.77577e-07
 Reference value :  1.81372e-07
 Reference value :  1.84981e-07
 Reference value :  1.88595e-07
 Reference value :  1.92390e-07
 Reference value :  1.95780e-07
 Reference value :  1.99575e-07
 Reference value :  2.03370e-07
 Reference value :  2.07164e-07
 Reference value :  2.10761e-07
 Reference value :  2.14556e-07
 Reference value :  2.18350e-07
 Reference value :  2.21999e-07
 Reference value :  2.25793e-07
 Reference value :  2.29407e-07
 Reference value :  2.33202e-07
 Reference value :  2.36816e-07
 Reference value :  2.40611e-07
 Reference value :  2.44406e-07
 Reference value :  2.47578e-07
 Reference value :  2.51373e-07
 Reference value :  2.54987e-07
 Reference value :  2.58777e-07
 Reference value :  2.62391e-07
 Reference value :  2.66186e-07
 Reference value :  2.69980e-07
 Reference value :  2.73189e-07
 Reference value :  2.77165e-07
 Reference value :  2.80959e-07
 Reference value :  2.84737e-07
 Reference value :  2.88351e-07
 Reference value :  2.91965e-07
 Reference value :  2.95759e-07
 Reference value :  2.99226e-07
 Reference value :  3.03021e-07
 Reference value :  3.06816e-07
 Reference value :  3.10430e-07
 Reference value :  3.14044e-07
 Reference value :  3.17838e-07
 Reference value :  3.21633e-07
 Reference value :  3.24982e-07
 Reference value :  3.28776e-07
 Reference value :  3.32390e-07
 Reference value :  3.36003e-07
 Reference value :  3.39617e-07
 Reference value :  3.43592e-07
 Reference value :  3.47138e-07
 Reference value :  3.50773e-07
 Reference value :  3.54387e-07
 Reference value :  3.58182e-07
 Reference value :  3.61779e-07
 Reference value :  3.65212e-07
 Reference value :  3.68826e-07
 Reference value :  3.72553e-07
 Reference value :  3.76439e-07
 Reference value :  3.80234e-07
 Reference value :  3.84029e-07
 Reference value :  3.87823e-07
 Reference value :  3.91437e-07
 Reference value :  3.95232e-07
 Reference value :  3.98393e-07
 Reference value :  4.02007e-07
 Reference value :  4.05801e-07
 Reference value :  4.09596e-07
 Reference value :  4.13210e-07
 Reference value :  4.16643e-07
 Reference value :  4.20257e-07
 Reference value :  4.23494e-07
 Reference value :  4.27211e-07
 Reference value :  4.31006e-07
 Reference value :  4.34801e-07
 Reference value :  4.38234e-07
 Reference value :  4.41848e-07
 Reference value :  4.45823e-07
 Reference value :  4.49011e-07
 Reference value :  4.52798e-07
 Reference value :  4.56593e-07
 Reference value :  4.60388e-07
 Reference value :  4.64174e-07
 Reference value :  4.67788e-07
 Reference value :  4.71402e-07
 Reference value :  4.74620e-07
 Reference value :  4.78234e-07
 Reference value :  4.81848e-07
 Reference value :  4.85643e-07
 Reference value :  4.89419e-07
 Reference value :  4.93033e-07
 Reference value :  4.96647e-07
 Reference value :  5.00298e-07
 Reference value :  5.04092e-07
 Reference value :  5.07887e-07
 Reference value :  5.11862e-07
 Reference value :  5.15476e-07
 Reference value :  5.19452e-07
 Reference value :  5.23247e-07
 Reference value :  5.26442e-07
 Reference value :  5.30056e-07
 Reference value :  5.33850e-07
 Reference value :  5.37645e-07
 Reference value :  5.41064e-07
 Reference value :  5.44859e-07
 Reference value :  5.48473e-07
 Reference value :  5.52096e-07
 Reference value :  5.55890e-07
 Reference value :  5.59504e-07
 Reference value :  5.63299e-07
 Reference value :  5.66913e-07
 Reference value :  5.70527e-07
 Reference value :  5.74322e-07
 Reference value :  5.77546e-07
 Reference value :  5.81522e-07
 Reference value :  5.85136e-07
 Reference value :  5.88926e-07
 Reference value :  5.92540e-07
 Reference value :  5.96335e-07
 Reference value :  6.00310e-07
 Reference value :  6.03521e-07
 Reference value :  6.07315e-07
 Reference value :  6.10929e-07
 Reference value :  6.14526e-07
 Reference value :  6.17959e-07
 Reference value :  6.21754e-07
 Reference value :  6.25730e-07
 Reference value :  6.29197e-07
 Reference value :  6.32992e-07
 Reference value :  6.36787e-07
 Reference value :  6.40401e-07
 Reference value :  6.44015e-07
 Reference value :  6.47809e-07
 Reference value :  6.51604e-07
 Reference value :  6.54776e-07
 Reference value :  6.58571e-07
 Reference value :  6.62185e-07
 Reference value :  6.65794e-07
 Reference value :  6.69408e-07
 Reference value :  6.73203e-07
 Reference value :  6.76998e-07
 Reference value :  6.80385e-07
 Reference value :  6.84180e-07
 Reference value :  6.87794e-07
 Reference value :  6.91391e-07
 Reference value :  6.95186e-07
 Reference value :  6.98980e-07
 Reference value :  7.02527e-07
 Reference value :  7.06057e-07
 Reference value :  7.09852e-07
 Reference value :  7.13646e-07
 Reference value :  7.17260e-07
 Reference value :  7.20874e-07
 Reference value :  7.24669e-07
 Reference value :  7.27977e-07
 Reference value :  7.31447e-07
 Reference value :  7.35061e-07
 Reference value :  7.38855e-07
 Reference value :  7.42469e-07
 Reference value :  7.46083e-07
 Reference value :  7.50059e-07
 Reference value :  7.53484e-07
 Reference value :  7.57226e-07
 Reference value :  7.61021e-07
 Reference value :  7.64816e-07
 Reference value :  7.68417e-07
 Reference value :  7.72212e-07
 Reference value :  7.76187e-07
 Reference value :  7.79423e-07
 Reference value :  7.83218e-07
 Reference value :  7.87013e-07
 Reference value :  7.90807e-07
 Reference value :  7.94407e-07
 Reference value :  7.98021e-07
 Reference value :  8.01816e-07
 Reference value :  8.05323e-07
 Reference value :  8.09117e-07
 Reference value :  8.12731e-07
 Reference value :  8.16345e-07
 Reference value :  8.19943e-07
 Reference value :  8.23557e-07
 Reference value :  8.27351e-07
 Reference value :  8.30633e-07
 Reference value :  8.34247e-07
 Reference value :  8.38042e-07
 Reference value :  8.42017e-07
 Reference value :  8.45812e-07
 Reference value :  8.49606e-07
 Reference value :  8.53582e-07
 Reference value :  8.56755e-07
 Reference value :  8.60549e-07
 Reference value :  8.64163e-07
 Reference value :  8.67958e-07
 Reference value :  8.71572e-07
 Reference value :  8.75547e-07
 Reference value :  8.79342e-07
 Reference value :  8.82550e-07
 Reference value :  8.86345e-07
 Reference value :  8.89959e-07
 Reference value :  8.93556e-07
 Reference value :  8.97170e-07
 Reference value :  9.00965e-07
 Reference value :  9.04759e-07
 Reference value :  9.08039e-07
 Reference value :  9.11834e-07
 Reference value :  9.15629e-07
 Reference value :  9.19243e-07
 Reference value :  9.22857e-07
 Reference value :  9.26651e-07
 Reference value :  9.30446e-07
 Reference value :  9.33415e-07
 Reference value :  9.37209e-07
 Reference value :  9.41004e-07
 Reference value :  9.44618e-07
 Reference value :  9.48232e-07
 Reference value :  9.52027e-07
 Reference value :  9.55641e-07
 Reference value :  9.58789e-07
 Reference value :  9.62584e-07
 Reference value :  9.66198e-07
 Reference value :  9.69812e-07
 Reference value :  9.73245e-07
 Reference value :  9.77040e-07
 Reference value :  9.80834e-07
 Reference value :  9.83805e-07
 Reference value :  9.87781e-07
 Reference value :  9.91576e-07
 Reference value :  9.95370e-07
 Reference value :  9.98804e-07
 Reference value :  1.00260e-06
 Reference value :  1.00657e-06
 Reference value :  1.00955e-06
 Reference value :  1.01316e-06
 Reference value :  1.01696e-06
 Reference value :  1.02057e-06
 Reference value :  1.02418e-06
 Reference value :  1.02798e-06
 Reference value :  1.03195e-06
 Reference value :  1.03511e-06
 Reference value :  1.03909e-06
 Reference value :  1.04288e-06
 Reference value :  1.04668e-06
 Reference value :  1.05047e-06
 Reference value :  1.05408e-06
 Reference value :  1.05782e-06
 Reference value :  1.06122e-06
 Reference value :  1.06483e-06
 Reference value :  1.06863e-06
 Reference value :  1.07242e-06
 Reference value :  1.07622e-06
 Reference value :  1.08019e-06
 Reference value :  1.08344e-06
No. of Data Rows : 6065
vhold_min           =  1.20000e+00 at=  4.11996e-10
tfirst              =  6.76831e-08
t1                  =  6.64462e-07
t2                  =  6.89860e-07
t3                  =  7.15230e-07
t4                  =  7.40605e-07
t5                  =  7.65993e-07
t6                  =  7.91398e-07
t7                  =  8.16786e-07
t8                  =  8.42155e-07
t9                  =  8.67531e-07
t10                 =  8.92929e-07
t11                 =  9.18299e-07
t12                 =  9.43676e-07
idd_run             =  -5.46173e-05 from=  6.50400e-07 to=  1.08400e-06
vmax                =  1.22714e+00 at=  7.91711e-07
vmin                =  -3.58029e-02 at=  1.00706e-06
Note: Simulation executed from .control section 
Note: Starting dynamic gmin stepping
Note: Dynamic gmin stepping completed
Note: Starting dynamic gmin stepping
Note: Dynamic gmin stepping completed
