
Note: Compatibility modes selected: hs a


Circuit: * tt_analog_ring, code 0

Doing analysis at TEMP = -40.000000 and TNOM = 27.000000

Using SPARSE 1.3 as Direct Linear Solver
 Reference value :  0.00000e+00
No. of Data Rows : 1
idd_dis=5.28613E-06 vbp=0.718768 vbn=0.335519 clk_dis=1.08
Doing analysis at TEMP = -40.000000 and TNOM = 27.000000

Using SPARSE 1.3 as Direct Linear Solver

Initial Transient Solution
--------------------------

Node                                   Voltage
----                                   -------
vpwr                                      1.08
code[0]                                      0
code[1]                                      0
code[2]                                      0
code[3]                                      0
code[4]                                      0
code[5]                                      0
code[6]                                      0
code[7]                                      0
enable                                       0
xdut.vbp                              0.718768
clk_out                                   1.08
xdut.b1                            9.29096e-08
xdut.s3                            3.10285e-06
xdut.s2                                   1.08
xdut.n_126                                1.08
xdut.s1                            3.10286e-06
xdut.n_125                                1.08
xdut.s10                                  1.08
xdut.s6                                   1.08
xdut.s5                            3.10285e-06
xdut.n_128                                1.08
xdut.s9                            3.10285e-06
xdut.n_133                                1.08
xdut.s4                                   1.08
xdut.n_129                                1.08
xdut.s8                                   1.08
xdut.n_132                                1.08
xdut.s7                            3.10285e-06
xdut.n_130                                1.08
xdut.n_127                                1.08
xdut.n_131                                1.08
xdut.s0                                   1.08
xdut.n_124                                1.08
xdut.n_71                          3.07345e-06
xdut.n_72                          3.07344e-06
xdut.n_70                          7.51361e-09
xdut.n_77                          3.07344e-06
xdut.n_75                          7.51361e-09
xdut.n_73                          7.51361e-09
xdut.n_67                          7.51361e-09
xdut.n_76                          7.51361e-09
xdut.n_69                          3.07344e-06
xdut.n_74                          3.07344e-06
xdut.n_122                                1.08
xdut.n_i1005                          0.836012
xdut.n_68                           1.1289e-08
xdut.vbn                              0.335519
ven#branch                         5.64623e-12
vc7#branch                         8.14147e-13
vc6#branch                         4.07074e-13
vc5#branch                         2.03537e-13
vc4#branch                         1.01768e-13
vc3#branch                         5.08842e-14
vc2#branch                         2.54421e-14
vc1#branch                         1.27211e-14
vc0#branch                         6.36053e-15
vdd#branch                        -5.28613e-06

 Reference value :  0.00000e+00
 Reference value :  2.39595e-07
 Reference value :  5.06279e-07
 Reference value :  7.72963e-07
 Reference value :  1.04316e-06
 Reference value :  1.14089e-06
 Reference value :  1.26371e-06
 Reference value :  1.37068e-06
 Reference value :  1.48648e-06
 Reference value :  1.55889e-06
 Reference value :  1.63609e-06
 Reference value :  1.70627e-06
 Reference value :  1.77053e-06
 Reference value :  1.84071e-06
 Reference value :  1.91089e-06
 Reference value :  1.99160e-06
 Reference value :  2.05895e-06
 Reference value :  2.12913e-06
 Reference value :  2.20633e-06
 Reference value :  2.27351e-06
 Reference value :  2.34719e-06
 Reference value :  2.42439e-06
 Reference value :  2.49184e-06
 Reference value :  2.56202e-06
 Reference value :  2.63571e-06
 Reference value :  2.73113e-06
 Reference value :  2.80482e-06
 Reference value :  2.87500e-06
 Reference value :  2.95480e-06
 Reference value :  3.02849e-06
 Reference value :  3.15131e-06
 Reference value :  3.26062e-06
 Reference value :  3.39396e-06
 Reference value :  3.51380e-06
 Reference value :  3.63547e-06
 Reference value :  3.75230e-06
 Reference value :  3.87944e-06
 Reference value :  4.00867e-06
 Reference value :  4.13193e-06
 Reference value :  4.25124e-06
 Reference value :  4.37569e-06
 Reference value :  4.49500e-06
 Reference value :  4.61010e-06
 Reference value :  4.72590e-06
 Reference value :  4.85050e-06
 Reference value :  4.97332e-06
 Reference value :  5.08667e-06
 Reference value :  5.20948e-06
 Reference value :  5.33298e-06
 Reference value :  5.45228e-06
 Reference value :  5.57568e-06
 Reference value :  5.69499e-06
 Reference value :  5.81578e-06
 Reference value :  5.93157e-06
 Reference value :  6.05070e-06
 Reference value :  6.17000e-06
 Reference value :  6.29450e-06
 Reference value :  6.39626e-06
 Reference value :  6.51571e-06
 Reference value :  6.63502e-06
 Reference value :  6.75968e-06
 Reference value :  6.87898e-06
 Reference value :  6.99109e-06
 Reference value :  7.11390e-06
 Reference value :  7.24773e-06
 Reference value :  7.37055e-06
 Reference value :  7.48951e-06
 Reference value :  7.61583e-06
 Reference value :  7.73620e-06
 Reference value :  7.85901e-06
 Reference value :  7.96644e-06
 Reference value :  8.03662e-06
 Reference value :  8.11733e-06
 Reference value :  8.19068e-06
 Reference value :  8.26437e-06
 Reference value :  8.34507e-06
 Reference value :  8.41240e-06
 Reference value :  8.48258e-06
 Reference value :  8.55978e-06
 Reference value :  8.63042e-06
 Reference value :  8.70411e-06
 Reference value :  8.78131e-06
 Reference value :  8.85255e-06
 Reference value :  8.95782e-06
 Reference value :  9.08251e-06
 Reference value :  9.19831e-06
 Reference value :  9.32306e-06
 Reference value :  9.43886e-06
 Reference value :  9.56852e-06
 Reference value :  9.69133e-06
 Reference value :  9.80491e-06
 Reference value :  9.91719e-06
 Reference value :  1.00432e-05
 Reference value :  1.01661e-05
 Reference value :  1.02840e-05
 Reference value :  1.04103e-05
 Reference value :  1.05322e-05
 Reference value :  1.06480e-05
 Reference value :  1.07758e-05
 Reference value :  1.08951e-05
 Reference value :  1.10236e-05
 Reference value :  1.11464e-05
 Reference value :  1.12562e-05
 Reference value :  1.13825e-05
 Reference value :  1.14660e-05
 Reference value :  1.15361e-05
 Reference value :  1.16442e-05
 Reference value :  1.17484e-05
 Reference value :  1.18185e-05
 Reference value :  1.18909e-05
 Reference value :  1.19821e-05
 Reference value :  1.21084e-05
 Reference value :  1.22139e-05
 Reference value :  1.23262e-05
 Reference value :  1.24422e-05
 Reference value :  1.25650e-05
 Reference value :  1.26574e-05
 Reference value :  1.27416e-05
 Reference value :  1.28523e-05
 Reference value :  1.29576e-05
 Reference value :  1.30733e-05
 Reference value :  1.31996e-05
 Reference value :  1.33232e-05
 Reference value :  1.34460e-05
 Reference value :  1.35729e-05
 Reference value :  1.36992e-05
 Reference value :  1.38221e-05
 Reference value :  1.39554e-05
 Reference value :  1.40789e-05
 Reference value :  1.42087e-05
 Reference value :  1.43284e-05
 Reference value :  1.44547e-05
 Reference value :  1.45747e-05
 Reference value :  1.46800e-05
 Reference value :  1.48038e-05
 Reference value :  1.48951e-05
 Reference value :  1.49641e-05
 Reference value :  1.50343e-05
 Reference value :  1.51010e-05
 Reference value :  1.52150e-05
 Reference value :  1.53097e-05
 Reference value :  1.53764e-05
 Reference value :  1.54924e-05
 Reference value :  1.55801e-05
 Reference value :  1.57108e-05
 Reference value :  1.58161e-05
 Reference value :  1.59378e-05
 Reference value :  1.60080e-05
 Reference value :  1.60957e-05
 Reference value :  1.62102e-05
 Reference value :  1.63365e-05
 Reference value :  1.64378e-05
 Reference value :  1.65010e-05
 Reference value :  1.66209e-05
 Reference value :  1.67227e-05
 Reference value :  1.68355e-05
 Reference value :  1.69233e-05
 Reference value :  1.69899e-05
 Reference value :  1.70757e-05
 Reference value :  1.71564e-05
 Reference value :  1.72757e-05
 Reference value :  1.73382e-05
 Reference value :  1.74084e-05
 Reference value :  1.74786e-05
 Reference value :  1.75751e-05
 Reference value :  1.76769e-05
 Reference value :  1.77639e-05
 Reference value :  1.78429e-05
 Reference value :  1.79166e-05
 Reference value :  1.80334e-05
 Reference value :  1.81386e-05
 Reference value :  1.82369e-05
 Reference value :  1.83041e-05
 Reference value :  1.83743e-05
 Reference value :  1.84480e-05
 Reference value :  1.85170e-05
 Reference value :  1.85872e-05
 Reference value :  1.86749e-05
 Reference value :  1.87558e-05
 Reference value :  1.88857e-05
 Reference value :  1.90124e-05
 Reference value :  1.91246e-05
 Reference value :  1.92330e-05
 Reference value :  1.93418e-05
 Reference value :  1.94731e-05
 Reference value :  1.95994e-05
 Reference value :  1.97183e-05
 Reference value :  1.98376e-05
 Reference value :  1.99656e-05
 Reference value :  2.00920e-05
 Reference value :  2.02035e-05
 Reference value :  2.03298e-05
 Reference value :  2.04544e-05
 Reference value :  2.05807e-05
 Reference value :  2.06927e-05
 Reference value :  2.08190e-05
 Reference value :  2.09365e-05
No. of Data Rows : 6093
vhold_min           =  1.08000e+00 at=  1.12288e-09
tfirst              =  1.27642e-06
t1                  =  1.28206e-05
t2                  =  1.32921e-05
t3                  =  1.37639e-05
t4                  =  1.42350e-05
t5                  =  1.47063e-05
t6                  =  1.51768e-05
t7                  =  1.56486e-05
t8                  =  1.61191e-05
t9                  =  1.65906e-05
t10                 =  1.70619e-05
t11                 =  1.75330e-05
t12                 =  1.80053e-05
idd_run             =  -5.64641e-06 from=  1.26300e-05 to=  2.10500e-05
vmax                =  1.09303e+00 at=  1.84790e-05
vmin                =  -8.26443e-03 at=  1.82393e-05
Note: Simulation executed from .control section 
Warning: m=xx on .subckt line will override multiplier m hierarchy!

Note: Starting dynamic gmin stepping
Note: Dynamic gmin stepping completed
Note: Starting dynamic gmin stepping
Note: Dynamic gmin stepping completed
