
Note: No compatibility mode selected!


Circuit: * stage delay at code 128

Doing analysis at TEMP = 125.000000 and TNOM = 27.000000

Using SPARSE 1.3 as Direct Linear Solver

Initial Transient Solution
--------------------------

Node                                   Voltage
----                                   -------
vpwr                                      1.32
code[0]                                      0
code[1]                                      0
code[2]                                      0
code[3]                                      0
code[4]                                      0
code[5]                                      0
code[6]                                      0
code[7]                                   1.32
vbp                                   0.689197
vbn                                    0.50927
a                                            0
xdrv.net1                                 1.32
b                                         1.32
xdrv.net2                          8.62148e-07
xdut.net1                                 1.32
y                                  5.97501e-06
xdut.net2                          5.31884e-06
xload.net1                                1.32
z                                         1.32
xload.net2                         8.62262e-07
xload2.net1                               1.32
zz                                 5.84593e-06
xload2.net2                        5.20408e-06
vin#branch                          5.1571e-12
vc7#branch                        -5.36165e-08
vc6#branch                         1.04681e-12
vc5#branch                         5.23116e-13
vc4#branch                         2.61271e-13
vc3#branch                         1.30348e-13
vc2#branch                         6.48868e-14
vc1#branch                         3.21561e-14
vc0#branch                         1.57908e-14
vdd#branch                        -0.000256432

 Reference value :  2.23536e-10
 Reference value :  1.76533e-09
 Reference value :  2.95995e-09
 Reference value :  4.20542e-09
 Reference value :  5.76574e-09
 Reference value :  7.15381e-09
 Reference value :  8.19556e-09
 Reference value :  9.60308e-09
 Reference value :  1.11078e-08
 Reference value :  1.22606e-08
 Reference value :  1.34552e-08
 Reference value :  1.49645e-08
 Reference value :  1.63758e-08
 Reference value :  1.74129e-08
 Reference value :  1.87926e-08
 Reference value :  2.03066e-08
 Reference value :  2.14641e-08
 Reference value :  2.26123e-08
 Reference value :  2.41217e-08
 Reference value :  2.55630e-08
 Reference value :  2.65932e-08
No. of Data Rows : 6045
tin_f               =  1.18189e-08
tout_r              =  1.20391e-08
tin_r               =  1.64678e-08
tout_f              =  1.67519e-08
tplh=2.2023E-10 tphl=2.8413E-10
t40r                =  1.19943e-08
t60r                =  1.20917e-08
t60f                =  1.67042e-08
t40f                =  1.68008e-08
sr_r=2.71242E+09 sr_f=-2.73235E+09
tr                  =  1.19149e-08
tr8                 =  1.22902e-08
tf                  =  1.66116e-08
tf2                 =  1.69455e-08
trise=3.7538E-10 tfall=3.3392E-10
Note: Simulation executed from .control section 
Note: Starting dynamic gmin stepping
Note: Dynamic gmin stepping completed
