
Note: Compatibility modes selected: hs a


Circuit: * tt_analog_ring, code 2

Doing analysis at TEMP = 125.000000 and TNOM = 27.000000

Using SPARSE 1.3 as Direct Linear Solver
 Reference value :  0.00000e+00
No. of Data Rows : 1
idd_dis=5.69966E-06 vbp=0.771379 vbn=0.225922 clk_dis=1.08
Doing analysis at TEMP = 125.000000 and TNOM = 27.000000

Using SPARSE 1.3 as Direct Linear Solver

Initial Transient Solution
--------------------------

Node                                   Voltage
----                                   -------
vpwr                                      1.08
code[0]                                      0
code[1]                                   1.08
code[2]                                      0
code[3]                                      0
code[4]                                      0
code[5]                                      0
code[6]                                      0
code[7]                                      0
enable                                       0
xdut.vbp                              0.771379
clk_out                                   1.08
xdut.b1                             7.8121e-07
xdut.s3                            7.55234e-05
xdut.s2                                1.07999
xdut.n_126                             1.07995
xdut.s1                            7.55421e-05
xdut.n_125                             1.07999
xdut.s10                               1.07999
xdut.s6                                1.07999
xdut.s5                            7.55234e-05
xdut.n_128                             1.07999
xdut.s9                            7.55234e-05
xdut.n_133                             1.07999
xdut.s4                                1.07999
xdut.n_129                             1.07995
xdut.s8                                1.07999
xdut.n_132                             1.07995
xdut.s7                            7.55234e-05
xdut.n_130                             1.07995
xdut.n_127                             1.07999
xdut.n_131                             1.07999
xdut.s0                                1.07997
xdut.n_124                             1.07995
xdut.n_71                          7.47949e-05
xdut.n_72                          7.47764e-05
xdut.n_70                          1.32105e-05
xdut.n_77                          7.47764e-05
xdut.n_75                          1.32105e-05
xdut.n_73                          1.32105e-05
xdut.n_67                          1.32105e-05
xdut.n_76                          1.32105e-05
xdut.n_69                          7.47764e-05
xdut.n_74                          7.47764e-05
xdut.n_122                             1.07997
xdut.n_i1005                          0.912598
xdut.n_68                          3.03031e-05
xdut.vbn                              0.225922
ven#branch                         2.40816e-12
vc7#branch                         2.78256e-12
vc6#branch                         1.39128e-12
vc5#branch                         6.95641e-13
vc4#branch                          3.4782e-13
vc3#branch                          1.7391e-13
vc2#branch                         8.69551e-14
vc1#branch                         -2.2579e-10
vc0#branch                         2.17388e-14
vdd#branch                        -5.69966e-06

 Reference value :  0.00000e+00
 Reference value :  5.68755e-08
 Reference value :  1.25236e-07
 Reference value :  1.95305e-07
 Reference value :  2.65374e-07
 Reference value :  3.32025e-07
 Reference value :  4.00385e-07
 Reference value :  4.67036e-07
 Reference value :  5.12949e-07
 Reference value :  5.43738e-07
 Reference value :  5.83045e-07
 Reference value :  6.22352e-07
 Reference value :  6.61659e-07
 Reference value :  6.99257e-07
 Reference value :  7.32307e-07
 Reference value :  7.74599e-07
 Reference value :  8.13906e-07
 Reference value :  8.51504e-07
 Reference value :  8.90811e-07
 Reference value :  9.31827e-07
 Reference value :  9.70490e-07
 Reference value :  1.01322e-06
 Reference value :  1.05252e-06
 Reference value :  1.09012e-06
 Reference value :  1.12943e-06
 Reference value :  1.17215e-06
 Reference value :  1.20806e-06
 Reference value :  1.24908e-06
 Reference value :  1.28668e-06
 Reference value :  1.32769e-06
 Reference value :  1.36529e-06
 Reference value :  1.40631e-06
 Reference value :  1.44144e-06
 Reference value :  1.48075e-06
 Reference value :  1.51835e-06
 Reference value :  1.55595e-06
 Reference value :  1.59354e-06
 Reference value :  1.63798e-06
 Reference value :  1.67408e-06
 Reference value :  1.71338e-06
 Reference value :  1.75440e-06
 Reference value :  1.79371e-06
 Reference value :  1.83130e-06
 Reference value :  1.87574e-06
 Reference value :  1.91429e-06
 Reference value :  1.95360e-06
 Reference value :  1.99290e-06
 Reference value :  2.03392e-06
 Reference value :  2.07664e-06
 Reference value :  2.11474e-06
 Reference value :  2.15747e-06
 Reference value :  2.19677e-06
 Reference value :  2.23608e-06
 Reference value :  2.27539e-06
 Reference value :  2.31811e-06
 Reference value :  2.35495e-06
 Reference value :  2.39597e-06
 Reference value :  2.43528e-06
 Reference value :  2.47458e-06
 Reference value :  2.51389e-06
 Reference value :  2.55833e-06
 Reference value :  2.59622e-06
 Reference value :  2.63552e-06
 Reference value :  2.67654e-06
 Reference value :  2.71585e-06
 Reference value :  2.75515e-06
 Reference value :  2.79788e-06
 Reference value :  2.83471e-06
 Reference value :  2.87402e-06
 Reference value :  2.91162e-06
 Reference value :  2.94921e-06
 Reference value :  2.98852e-06
 Reference value :  3.02847e-06
 Reference value :  3.07101e-06
 Reference value :  3.11032e-06
 Reference value :  3.14963e-06
 Reference value :  3.18893e-06
 Reference value :  3.22995e-06
 Reference value :  3.26850e-06
 Reference value :  3.30952e-06
 Reference value :  3.35053e-06
 Reference value :  3.38813e-06
 Reference value :  3.42744e-06
 Reference value :  3.47016e-06
 Reference value :  3.50636e-06
 Reference value :  3.54738e-06
 Reference value :  3.58669e-06
 Reference value :  3.62770e-06
 Reference value :  3.66530e-06
 Reference value :  3.70803e-06
 Reference value :  3.74486e-06
 Reference value :  3.78417e-06
 Reference value :  3.82347e-06
 Reference value :  3.86278e-06
 Reference value :  3.90380e-06
 Reference value :  3.94604e-06
 Reference value :  3.98800e-06
 Reference value :  4.02731e-06
 Reference value :  4.06662e-06
 Reference value :  4.10763e-06
 Reference value :  4.15036e-06
 Reference value :  4.19063e-06
 Reference value :  4.23336e-06
 Reference value :  4.27266e-06
 Reference value :  4.31368e-06
 Reference value :  4.35299e-06
 Reference value :  4.39742e-06
 Reference value :  4.43360e-06
 Reference value :  4.47462e-06
 Reference value :  4.51393e-06
 Reference value :  4.55323e-06
 Reference value :  4.59425e-06
 Reference value :  4.64039e-06
 Reference value :  4.67894e-06
 Reference value :  4.71825e-06
 Reference value :  4.75927e-06
 Reference value :  4.80028e-06
 Reference value :  4.84130e-06
 Reference value :  4.87935e-06
 Reference value :  4.91695e-06
 Reference value :  4.95796e-06
 Reference value :  5.00069e-06
 Reference value :  5.06050e-06
 Reference value :  5.12814e-06
 Reference value :  5.19479e-06
 Reference value :  5.25973e-06
 Reference value :  5.32296e-06
 Reference value :  5.38307e-06
 Reference value :  5.44459e-06
 Reference value :  5.50782e-06
 Reference value :  5.57544e-06
 Reference value :  5.64038e-06
 Reference value :  5.70190e-06
 Reference value :  5.76855e-06
 Reference value :  5.80317e-06
 Reference value :  5.84418e-06
 Reference value :  5.89033e-06
 Reference value :  5.95356e-06
 Reference value :  6.01850e-06
 Reference value :  6.08615e-06
 Reference value :  6.15451e-06
 Reference value :  6.22458e-06
 Reference value :  6.29151e-06
 Reference value :  6.35645e-06
 Reference value :  6.41456e-06
 Reference value :  6.47266e-06
 Reference value :  6.53175e-06
 Reference value :  6.57618e-06
 Reference value :  6.61720e-06
 Reference value :  6.66163e-06
 Reference value :  6.70218e-06
 Reference value :  6.74407e-06
 Reference value :  6.78338e-06
 Reference value :  6.82268e-06
 Reference value :  6.86028e-06
 Reference value :  6.90130e-06
 Reference value :  6.94162e-06
 Reference value :  6.98434e-06
 Reference value :  7.02536e-06
 Reference value :  7.06637e-06
 Reference value :  7.10739e-06
 Reference value :  7.15695e-06
 Reference value :  7.19654e-06
 Reference value :  7.23927e-06
 Reference value :  7.28028e-06
 Reference value :  7.32130e-06
 Reference value :  7.36402e-06
 Reference value :  7.40433e-06
 Reference value :  7.44877e-06
 Reference value :  7.48807e-06
 Reference value :  7.52909e-06
 Reference value :  7.57011e-06
 Reference value :  7.61796e-06
 Reference value :  7.65933e-06
 Reference value :  7.70035e-06
 Reference value :  7.74136e-06
 Reference value :  7.78238e-06
 Reference value :  7.82681e-06
 Reference value :  7.86715e-06
 Reference value :  7.90987e-06
 Reference value :  7.95089e-06
 Reference value :  7.99190e-06
 Reference value :  8.03976e-06
 Reference value :  8.08143e-06
 Reference value :  8.12550e-06
 Reference value :  8.16481e-06
 Reference value :  8.20582e-06
 Reference value :  8.24684e-06
 Reference value :  8.29298e-06
 Reference value :  8.33332e-06
 Reference value :  8.37605e-06
 Reference value :  8.41706e-06
 Reference value :  8.45808e-06
 Reference value :  8.50080e-06
 Reference value :  8.54078e-06
 Reference value :  8.58656e-06
 Reference value :  8.62587e-06
 Reference value :  8.66517e-06
 Reference value :  8.70619e-06
 Reference value :  8.75062e-06
 Reference value :  8.78927e-06
 Reference value :  8.83199e-06
 Reference value :  8.87301e-06
 Reference value :  8.91402e-06
 Reference value :  8.95504e-06
 Reference value :  8.99901e-06
 Reference value :  9.04250e-06
 Reference value :  9.08352e-06
 Reference value :  9.12453e-06
 Reference value :  9.16726e-06
 Reference value :  9.21169e-06
 Reference value :  9.25207e-06
 Reference value :  9.29309e-06
 Reference value :  9.33410e-06
 Reference value :  9.37341e-06
 Reference value :  9.41442e-06
 Reference value :  9.45839e-06
 Reference value :  9.50187e-06
 Reference value :  9.54289e-06
 Reference value :  9.58391e-06
 Reference value :  9.62663e-06
 Reference value :  9.67106e-06
 Reference value :  9.71319e-06
 Reference value :  9.75591e-06
 Reference value :  9.79693e-06
 Reference value :  9.83624e-06
 Reference value :  9.87725e-06
 Reference value :  9.91778e-06
 Reference value :  9.96129e-06
 Reference value :  1.00023e-05
 Reference value :  1.00416e-05
 Reference value :  1.00826e-05
 Reference value :  1.01271e-05
 Reference value :  1.01693e-05
 Reference value :  1.02120e-05
 Reference value :  1.02530e-05
No. of Data Rows : 6049
vhold_min           =  1.08000e+00 at=  1.36720e-10
tfirst              =  7.28596e-07
t1                  =  6.47662e-06
t2                  =  6.93596e-06
t3                  =  7.39528e-06
t4                  =  7.85462e-06
t5                  =  8.31395e-06
t6                  =  8.77328e-06
t7                  =  9.23262e-06
t8                  =  9.69195e-06
t9                  =  1.01513e-05
idd_run             =  -6.22268e-06 from=  6.15400e-06 to=  1.02600e-05
vmax                =  1.09294e+00 at=  6.47909e-06
vmin                =  -1.21917e-02 at=  6.70218e-06
Note: Simulation executed from .control section 
Warning: m=xx on .subckt line will override multiplier m hierarchy!

Note: Starting dynamic gmin stepping
Note: Dynamic gmin stepping completed
Note: Starting dynamic gmin stepping
Note: Dynamic gmin stepping completed

Error: measure  t10  when(WHEN) : out of interval
 meas tran t10 when v(clk_out)=5.400000e-01 rise=10 from=6.154000e-06 failed!


Error: measure  t11  when(WHEN) : out of interval
 meas tran t11 when v(clk_out)=5.400000e-01 rise=11 from=6.154000e-06 failed!


Error: measure  t12  when(WHEN) : out of interval
 meas tran t12 when v(clk_out)=5.400000e-01 rise=12 from=6.154000e-06 failed!

