
Note: No compatibility mode selected!


Circuit: * tt_analog_ring, code 255

Doing analysis at TEMP = -40.000000 and TNOM = 27.000000

Using SPARSE 1.3 as Direct Linear Solver
 Reference value :  0.00000e+00
No. of Data Rows : 1
idd_dis=0.000854713 vbp=0.449058 vbn=0.568578 clk_dis=1.2
Doing analysis at TEMP = -40.000000 and TNOM = 27.000000

Using SPARSE 1.3 as Direct Linear Solver

Initial Transient Solution
--------------------------

Node                                   Voltage
----                                   -------
vpwr                                       1.2
code[0]                                    1.2
code[1]                                    1.2
code[2]                                    1.2
code[3]                                    1.2
code[4]                                    1.2
code[5]                                    1.2
code[6]                                    1.2
code[7]                                    1.2
enable                                       0
xdut.vbp                              0.449058
xdut.vbn                              0.568578
xdut.n0                            4.24161e-08
xdut.p0                                    1.2
xdut.na0                               1.02115
xdut.s0                                    1.2
xdut.s10                                   1.2
xdut.n1                            3.20262e-07
xdut.p1                                    1.2
xdut.s1                            3.94063e-07
xdut.n2                            3.45068e-08
xdut.p2                                    1.2
xdut.s2                                    1.2
xdut.n3                            3.20262e-07
xdut.p3                                    1.2
xdut.s3                            3.94063e-07
xdut.n4                            3.45068e-08
xdut.p4                                    1.2
xdut.s4                                    1.2
xdut.n5                            3.20262e-07
xdut.p5                                    1.2
xdut.s5                            3.94063e-07
xdut.n6                            3.45068e-08
xdut.p6                                    1.2
xdut.s6                                    1.2
xdut.n7                            3.20262e-07
xdut.p7                                    1.2
xdut.s7                            3.94063e-07
xdut.n8                            3.45068e-08
xdut.p8                                    1.2
xdut.s8                                    1.2
xdut.n9                            3.20262e-07
xdut.p9                                    1.2
xdut.s9                            3.94063e-07
xdut.n10                           3.45068e-08
xdut.p10                                   1.2
xdut.b1                            1.90656e-07
clk_out                                    1.2
ven#branch                         1.49858e-11
vc7#branch                        -1.34224e-07
vc6#branch                        -6.71121e-08
vc5#branch                        -3.35561e-08
vc4#branch                         -1.6778e-08
vc3#branch                        -8.38902e-09
vc2#branch                        -4.19451e-09
vc1#branch                        -2.09725e-09
vc0#branch                        -1.04863e-09
vdd#branch                        -0.000854713

 Reference value :  0.00000e+00
 Reference value :  6.48182e-10
 Reference value :  1.41122e-09
 Reference value :  2.19434e-09
 Reference value :  2.97746e-09
 Reference value :  3.74050e-09
 Reference value :  4.48346e-09
 Reference value :  5.24650e-09
 Reference value :  6.02400e-09
 Reference value :  6.37500e-09
 Reference value :  6.79668e-09
 Reference value :  7.21836e-09
 Reference value :  7.64004e-09
 Reference value :  8.06172e-09
 Reference value :  8.46332e-09
 Reference value :  8.86492e-09
 Reference value :  9.28660e-09
 Reference value :  9.72836e-09
 Reference value :  1.01300e-08
 Reference value :  1.05316e-08
 Reference value :  1.09532e-08
 Reference value :  1.13749e-08
 Reference value :  1.17966e-08
 Reference value :  1.22183e-08
 Reference value :  1.26400e-08
 Reference value :  1.30616e-08
 Reference value :  1.34833e-08
 Reference value :  1.39251e-08
 Reference value :  1.43468e-08
 Reference value :  1.47684e-08
 Reference value :  1.51901e-08
 Reference value :  1.55917e-08
 Reference value :  1.60335e-08
 Reference value :  1.64552e-08
 Reference value :  1.68568e-08
 Reference value :  1.72784e-08
 Reference value :  1.77001e-08
 Reference value :  1.81419e-08
 Reference value :  1.85435e-08
 Reference value :  1.89652e-08
 Reference value :  1.93868e-08
 Reference value :  1.98085e-08
 Reference value :  2.02503e-08
 Reference value :  2.06720e-08
 Reference value :  2.10736e-08
 Reference value :  2.14952e-08
 Reference value :  2.18968e-08
 Reference value :  2.23386e-08
 Reference value :  2.27603e-08
 Reference value :  2.31820e-08
 Reference value :  2.36036e-08
 Reference value :  2.40253e-08
 Reference value :  2.44671e-08
 Reference value :  2.48888e-08
 Reference value :  2.52904e-08
 Reference value :  2.56920e-08
 Reference value :  2.61337e-08
 Reference value :  2.65755e-08
 Reference value :  2.69972e-08
 Reference value :  2.74188e-08
 Reference value :  2.78405e-08
 Reference value :  2.82622e-08
 Reference value :  2.87040e-08
 Reference value :  2.91256e-08
 Reference value :  2.95272e-08
 Reference value :  2.99489e-08
 Reference value :  3.03907e-08
 Reference value :  3.08324e-08
 Reference value :  3.12340e-08
 Reference value :  3.16356e-08
 Reference value :  3.20774e-08
 Reference value :  3.24991e-08
 Reference value :  3.29208e-08
 Reference value :  3.33424e-08
 Reference value :  3.37440e-08
 Reference value :  3.41657e-08
 Reference value :  3.45673e-08
 Reference value :  3.49689e-08
 Reference value :  3.53906e-08
 Reference value :  3.57922e-08
 Reference value :  3.62340e-08
 Reference value :  3.66556e-08
 Reference value :  3.70773e-08
 Reference value :  3.75191e-08
 Reference value :  3.79408e-08
 Reference value :  3.83624e-08
 Reference value :  3.87640e-08
 Reference value :  3.91857e-08
 Reference value :  3.96476e-08
 Reference value :  4.00692e-08
 Reference value :  4.04909e-08
 Reference value :  4.09126e-08
 Reference value :  4.13544e-08
 Reference value :  4.18162e-08
 Reference value :  4.22580e-08
 Reference value :  4.26796e-08
 Reference value :  4.31013e-08
 Reference value :  4.35230e-08
 Reference value :  4.39447e-08
 Reference value :  4.43463e-08
 Reference value :  4.47680e-08
 Reference value :  4.51696e-08
 Reference value :  4.55912e-08
 Reference value :  4.60330e-08
 Reference value :  4.64547e-08
 Reference value :  4.68764e-08
 Reference value :  4.73181e-08
 Reference value :  4.77197e-08
 Reference value :  4.81816e-08
 Reference value :  4.85832e-08
 Reference value :  4.89848e-08
 Reference value :  4.94064e-08
 Reference value :  4.98281e-08
 Reference value :  5.02900e-08
 Reference value :  5.06916e-08
 Reference value :  5.10932e-08
 Reference value :  5.15148e-08
 Reference value :  5.19365e-08
 Reference value :  5.23783e-08
 Reference value :  5.28000e-08
 Reference value :  5.32016e-08
 Reference value :  5.36232e-08
 Reference value :  5.40449e-08
 Reference value :  5.44867e-08
 Reference value :  5.48883e-08
 Reference value :  5.53100e-08
 Reference value :  5.57517e-08
 Reference value :  5.61533e-08
 Reference value :  5.65951e-08
 Reference value :  5.69967e-08
 Reference value :  5.74184e-08
 Reference value :  5.78400e-08
 Reference value :  5.82617e-08
 Reference value :  5.87035e-08
 Reference value :  5.91051e-08
 Reference value :  5.95067e-08
 Reference value :  5.99284e-08
 Reference value :  6.03300e-08
 Reference value :  6.07516e-08
 Reference value :  6.11733e-08
 Reference value :  6.15950e-08
 Reference value :  6.19966e-08
 Reference value :  6.23982e-08
 Reference value :  6.28199e-08
 Reference value :  6.32616e-08
 Reference value :  6.36833e-08
 Reference value :  6.41050e-08
 Reference value :  6.45267e-08
 Reference value :  6.49283e-08
 Reference value :  6.53901e-08
 Reference value :  6.58118e-08
 Reference value :  6.62335e-08
 Reference value :  6.66351e-08
 Reference value :  6.70568e-08
 Reference value :  6.74985e-08
 Reference value :  6.79202e-08
 Reference value :  6.83218e-08
 Reference value :  6.87435e-08
 Reference value :  6.91652e-08
 Reference value :  6.96270e-08
 Reference value :  7.00286e-08
 Reference value :  7.04503e-08
 Reference value :  7.08720e-08
 Reference value :  7.12936e-08
 Reference value :  7.17354e-08
 Reference value :  7.21370e-08
 Reference value :  7.25386e-08
 Reference value :  7.29603e-08
 Reference value :  7.33820e-08
 Reference value :  7.38237e-08
 Reference value :  7.42253e-08
 Reference value :  7.46269e-08
 Reference value :  7.50486e-08
 Reference value :  7.54703e-08
 Reference value :  7.59321e-08
 Reference value :  7.63337e-08
 Reference value :  7.67353e-08
 Reference value :  7.71570e-08
 Reference value :  7.75787e-08
 Reference value :  7.80405e-08
 Reference value :  7.84622e-08
 Reference value :  7.88638e-08
 Reference value :  7.93056e-08
 Reference value :  7.97072e-08
 Reference value :  8.01288e-08
 Reference value :  8.05505e-08
 Reference value :  8.09521e-08
 Reference value :  8.13939e-08
 Reference value :  8.18156e-08
 Reference value :  8.22172e-08
 Reference value :  8.26188e-08
 Reference value :  8.30404e-08
 Reference value :  8.34621e-08
 Reference value :  8.38838e-08
 Reference value :  8.43256e-08
 Reference value :  8.47472e-08
 Reference value :  8.51488e-08
 Reference value :  8.55504e-08
 Reference value :  8.59721e-08
 Reference value :  8.63737e-08
 Reference value :  8.68155e-08
 Reference value :  8.72372e-08
 Reference value :  8.76588e-08
 Reference value :  8.80805e-08
 Reference value :  8.84821e-08
 Reference value :  8.89239e-08
 Reference value :  8.93456e-08
 Reference value :  8.97472e-08
 Reference value :  9.01287e-08
 Reference value :  9.05504e-08
 Reference value :  9.10122e-08
 Reference value :  9.14339e-08
 Reference value :  9.18355e-08
 Reference value :  9.22572e-08
 Reference value :  9.26788e-08
 Reference value :  9.31206e-08
 Reference value :  9.35222e-08
 Reference value :  9.39439e-08
 Reference value :  9.43656e-08
 Reference value :  9.47672e-08
 Reference value :  9.52290e-08
 Reference value :  9.56507e-08
 Reference value :  9.60523e-08
 Reference value :  9.64940e-08
 Reference value :  9.69157e-08
 Reference value :  9.73575e-08
 Reference value :  9.77792e-08
 Reference value :  9.82008e-08
 Reference value :  9.86024e-08
 Reference value :  9.90241e-08
 Reference value :  9.94659e-08
 Reference value :  9.98675e-08
 Reference value :  1.00289e-07
 Reference value :  1.00711e-07
 Reference value :  1.01112e-07
 Reference value :  1.01534e-07
 Reference value :  1.01956e-07
 Reference value :  1.02377e-07
 Reference value :  1.02799e-07
 Reference value :  1.03201e-07
 Reference value :  1.03622e-07
 Reference value :  1.04064e-07
 Reference value :  1.04486e-07
 Reference value :  1.04908e-07
 Reference value :  1.05329e-07
 Reference value :  1.05771e-07
 Reference value :  1.06213e-07
 Reference value :  1.06634e-07
 Reference value :  1.07076e-07
 Reference value :  1.07498e-07
 Reference value :  1.07920e-07
 Reference value :  1.08361e-07
 Reference value :  1.08783e-07
 Reference value :  1.09205e-07
 Reference value :  1.09626e-07
 Reference value :  1.10048e-07
 Reference value :  1.10470e-07
 Reference value :  1.10891e-07
 Reference value :  1.11313e-07
 Reference value :  1.11735e-07
 Reference value :  1.12156e-07
 Reference value :  1.12578e-07
 Reference value :  1.13000e-07
 Reference value :  1.13421e-07
 Reference value :  1.13843e-07
 Reference value :  1.14265e-07
 Reference value :  1.14707e-07
 Reference value :  1.15108e-07
 Reference value :  1.15530e-07
 Reference value :  1.15952e-07
 Reference value :  1.16373e-07
 Reference value :  1.16815e-07
 Reference value :  1.17237e-07
 Reference value :  1.17678e-07
 Reference value :  1.18080e-07
 Reference value :  1.18502e-07
 Reference value :  1.18943e-07
 Reference value :  1.19365e-07
 Reference value :  1.19787e-07
 Reference value :  1.20209e-07
No. of Data Rows : 6015
vhold_min           =  1.20000e+00 at=  8.59424e-11
tfirst              =  7.36091e-09
t1                  =  7.27308e-08
t2                  =  7.48742e-08
t3                  =  7.70175e-08
t4                  =  7.91606e-08
t5                  =  8.13039e-08
t6                  =  8.34473e-08
t7                  =  8.55906e-08
t8                  =  8.77337e-08
t9                  =  8.98771e-08
t10                 =  9.20205e-08
t11                 =  9.41636e-08
t12                 =  9.63068e-08
idd_run             =  -8.87914e-04 from=  7.22900e-08 to=  1.20500e-07
vmax                =  1.21714e+00 at=  9.72972e-08
vmin                =  -1.19572e-02 at=  1.15510e-07
Note: Simulation executed from .control section 
Note: Starting dynamic gmin stepping
Note: Dynamic gmin stepping completed
Note: Starting dynamic gmin stepping
Note: Dynamic gmin stepping completed
