
Note: No compatibility mode selected!


Circuit: * tt_analog_ring, code 0

Doing analysis at TEMP = 27.000000 and TNOM = 27.000000

Using SPARSE 1.3 as Direct Linear Solver
 Reference value :  0.00000e+00
No. of Data Rows : 1
idd_dis=6.99991E-06 vbp=0.967761 vbn=0.262106 clk_dis=1.32
Doing analysis at TEMP = 27.000000 and TNOM = 27.000000

Using SPARSE 1.3 as Direct Linear Solver

Initial Transient Solution
--------------------------

Node                                   Voltage
----                                   -------
vpwr                                      1.32
code[0]                                      0
code[1]                                      0
code[2]                                      0
code[3]                                      0
code[4]                                      0
code[5]                                      0
code[6]                                      0
code[7]                                      0
enable                                       0
xdut.vbp                              0.967761
xdut.vbn                              0.262106
xdut.n0                            3.18648e-06
xdut.p0                                1.31999
xdut.na0                               1.13413
xdut.s0                                1.31999
xdut.s10                               1.31999
xdut.n1                            1.30594e-05
xdut.p1                                1.31999
xdut.s1                            1.31569e-05
xdut.n2                            1.44478e-06
xdut.p2                                1.31999
xdut.s2                                1.31999
xdut.n3                            1.30591e-05
xdut.p3                                1.31999
xdut.s3                            1.31566e-05
xdut.n4                            1.44478e-06
xdut.p4                                1.31999
xdut.s4                                1.31999
xdut.n5                            1.30591e-05
xdut.p5                                1.31999
xdut.s5                            1.31566e-05
xdut.n6                            1.44478e-06
xdut.p6                                1.31999
xdut.s6                                1.31999
xdut.n7                            1.30591e-05
xdut.p7                                1.31999
xdut.s7                            1.31566e-05
xdut.n8                            1.44478e-06
xdut.p8                                1.31999
xdut.s8                                1.31999
xdut.n9                            1.30591e-05
xdut.p9                                1.31999
xdut.s9                            1.31566e-05
xdut.n10                           1.44478e-06
xdut.p10                               1.31999
xdut.b1                             1.7672e-07
clk_out                                   1.32
ven#branch                         1.04958e-11
vc7#branch                         1.00987e-11
vc6#branch                         5.04937e-12
vc5#branch                         2.52469e-12
vc4#branch                         1.26234e-12
vc3#branch                         6.31172e-13
vc2#branch                         3.15586e-13
vc1#branch                         1.57793e-13
vc0#branch                         7.88965e-14
vdd#branch                        -6.99991e-06

 Reference value :  0.00000e+00
 Reference value :  5.13571e-08
 Reference value :  1.12747e-07
 Reference value :  1.75891e-07
 Reference value :  2.35527e-07
 Reference value :  2.96917e-07
 Reference value :  3.60061e-07
 Reference value :  4.19697e-07
 Reference value :  4.79333e-07
 Reference value :  5.26400e-07
 Reference value :  5.45725e-07
 Reference value :  5.73789e-07
 Reference value :  6.03607e-07
 Reference value :  6.31671e-07
 Reference value :  6.56499e-07
 Reference value :  6.86317e-07
 Reference value :  7.14381e-07
 Reference value :  7.40691e-07
 Reference value :  7.70509e-07
 Reference value :  7.95957e-07
 Reference value :  8.27529e-07
 Reference value :  8.55593e-07
 Reference value :  8.85411e-07
 Reference value :  9.11769e-07
 Reference value :  9.41587e-07
 Reference value :  9.67897e-07
 Reference value :  9.95961e-07
 Reference value :  1.02372e-06
 Reference value :  1.05143e-06
 Reference value :  1.08125e-06
 Reference value :  1.11106e-06
 Reference value :  1.13913e-06
 Reference value :  1.16747e-06
 Reference value :  1.19553e-06
 Reference value :  1.22535e-06
 Reference value :  1.25341e-06
 Reference value :  1.28315e-06
 Reference value :  1.31121e-06
 Reference value :  1.34103e-06
 Reference value :  1.36910e-06
 Reference value :  1.39486e-06
 Reference value :  1.42547e-06
 Reference value :  1.45528e-06
 Reference value :  1.48335e-06
 Reference value :  1.51492e-06
 Reference value :  1.54220e-06
 Reference value :  1.57202e-06
 Reference value :  1.60184e-06
 Reference value :  1.63166e-06
 Reference value :  1.65814e-06
 Reference value :  1.68972e-06
 Reference value :  1.71778e-06
 Reference value :  1.74760e-06
 Reference value :  1.77559e-06
 Reference value :  1.80541e-06
 Reference value :  1.83348e-06
 Reference value :  1.86329e-06
 Reference value :  1.89136e-06
 Reference value :  1.91970e-06
 Reference value :  1.94776e-06
 Reference value :  1.97758e-06
 Reference value :  2.00740e-06
 Reference value :  2.03644e-06
 Reference value :  2.06626e-06
 Reference value :  2.09432e-06
 Reference value :  2.12414e-06
 Reference value :  2.15059e-06
 Reference value :  2.18216e-06
 Reference value :  2.21022e-06
 Reference value :  2.23653e-06
 Reference value :  2.26460e-06
 Reference value :  2.29433e-06
 Reference value :  2.32240e-06
 Reference value :  2.35046e-06
 Reference value :  2.38028e-06
 Reference value :  2.40689e-06
 Reference value :  2.43495e-06
 Reference value :  2.46477e-06
 Reference value :  2.49459e-06
 Reference value :  2.52188e-06
 Reference value :  2.54995e-06
 Reference value :  2.57626e-06
 Reference value :  2.60432e-06
 Reference value :  2.63239e-06
 Reference value :  2.65881e-06
 Reference value :  2.68687e-06
 Reference value :  2.71494e-06
 Reference value :  2.74476e-06
 Reference value :  2.77274e-06
 Reference value :  2.80256e-06
 Reference value :  2.83238e-06
 Reference value :  2.86044e-06
 Reference value :  2.88798e-06
 Reference value :  2.91865e-06
 Reference value :  2.94847e-06
 Reference value :  2.97829e-06
 Reference value :  3.00811e-06
 Reference value :  3.03541e-06
 Reference value :  3.06522e-06
 Reference value :  3.09329e-06
 Reference value :  3.12311e-06
 Reference value :  3.14950e-06
 Reference value :  3.18107e-06
 Reference value :  3.20913e-06
 Reference value :  3.23895e-06
 Reference value :  3.26693e-06
 Reference value :  3.29850e-06
 Reference value :  3.32656e-06
 Reference value :  3.35638e-06
 Reference value :  3.38445e-06
 Reference value :  3.41286e-06
 Reference value :  3.44268e-06
 Reference value :  3.47074e-06
 Reference value :  3.50056e-06
 Reference value :  3.52612e-06
 Reference value :  3.55418e-06
 Reference value :  3.58400e-06
 Reference value :  3.61206e-06
 Reference value :  3.63842e-06
 Reference value :  3.66824e-06
 Reference value :  3.69806e-06
 Reference value :  3.72788e-06
 Reference value :  3.75594e-06
 Reference value :  3.78568e-06
 Reference value :  3.81549e-06
 Reference value :  3.84531e-06
 Reference value :  3.87513e-06
 Reference value :  3.90182e-06
 Reference value :  3.93164e-06
 Reference value :  3.96145e-06
 Reference value :  3.99127e-06
 Reference value :  4.01859e-06
 Reference value :  4.04841e-06
 Reference value :  4.07822e-06
 Reference value :  4.10804e-06
 Reference value :  4.13437e-06
 Reference value :  4.16594e-06
 Reference value :  4.19576e-06
 Reference value :  4.22383e-06
 Reference value :  4.25364e-06
 Reference value :  4.28162e-06
 Reference value :  4.30968e-06
 Reference value :  4.33599e-06
 Reference value :  4.36406e-06
 Reference value :  4.38901e-06
 Reference value :  4.41883e-06
 Reference value :  4.44690e-06
 Reference value :  4.47321e-06
 Reference value :  4.50478e-06
 Reference value :  4.53210e-06
 Reference value :  4.56017e-06
 Reference value :  4.58823e-06
 Reference value :  4.61629e-06
 Reference value :  4.63909e-06
 Reference value :  4.66891e-06
 Reference value :  4.69522e-06
 Reference value :  4.72153e-06
 Reference value :  4.74784e-06
 Reference value :  4.77581e-06
 Reference value :  4.80212e-06
 Reference value :  4.83018e-06
 Reference value :  4.85649e-06
 Reference value :  4.88148e-06
 Reference value :  4.91130e-06
 Reference value :  4.94111e-06
 Reference value :  4.96918e-06
 Reference value :  5.00075e-06
 Reference value :  5.02808e-06
 Reference value :  5.05790e-06
 Reference value :  5.08596e-06
 Reference value :  5.11578e-06
 Reference value :  5.14030e-06
 Reference value :  5.17187e-06
 Reference value :  5.19818e-06
 Reference value :  5.22624e-06
 Reference value :  5.25431e-06
 Reference value :  5.28228e-06
 Reference value :  5.31034e-06
 Reference value :  5.33840e-06
 Reference value :  5.36647e-06
 Reference value :  5.38972e-06
 Reference value :  5.41779e-06
 Reference value :  5.44585e-06
 Reference value :  5.47391e-06
 Reference value :  5.50198e-06
 Reference value :  5.52756e-06
 Reference value :  5.55563e-06
 Reference value :  5.58369e-06
 Reference value :  5.61176e-06
 Reference value :  5.63624e-06
 Reference value :  5.66782e-06
 Reference value :  5.69588e-06
 Reference value :  5.72570e-06
 Reference value :  5.75367e-06
 Reference value :  5.78349e-06
 Reference value :  5.81331e-06
 Reference value :  5.84488e-06
 Reference value :  5.87294e-06
 Reference value :  5.90149e-06
 Reference value :  5.93130e-06
 Reference value :  5.95937e-06
 Reference value :  5.98743e-06
 Reference value :  6.01478e-06
 Reference value :  6.04460e-06
 Reference value :  6.07266e-06
 Reference value :  6.10073e-06
 Reference value :  6.12693e-06
 Reference value :  6.15675e-06
 Reference value :  6.18657e-06
 Reference value :  6.21288e-06
 Reference value :  6.24094e-06
 Reference value :  6.26891e-06
 Reference value :  6.29697e-06
 Reference value :  6.32328e-06
 Reference value :  6.35135e-06
 Reference value :  6.37641e-06
 Reference value :  6.40622e-06
 Reference value :  6.43780e-06
 Reference value :  6.46586e-06
 Reference value :  6.49743e-06
 Reference value :  6.52479e-06
 Reference value :  6.55285e-06
 Reference value :  6.58267e-06
 Reference value :  6.61249e-06
 Reference value :  6.63691e-06
 Reference value :  6.66673e-06
 Reference value :  6.69304e-06
 Reference value :  6.72286e-06
 Reference value :  6.74907e-06
 Reference value :  6.78065e-06
 Reference value :  6.80871e-06
 Reference value :  6.83677e-06
 Reference value :  6.86659e-06
 Reference value :  6.89343e-06
 Reference value :  6.92150e-06
 Reference value :  6.95131e-06
 Reference value :  6.97938e-06
 Reference value :  7.00850e-06
 Reference value :  7.03831e-06
 Reference value :  7.06638e-06
 Reference value :  7.09269e-06
 Reference value :  7.11810e-06
 Reference value :  7.14656e-06
 Reference value :  7.17463e-06
 Reference value :  7.20269e-06
 Reference value :  7.22900e-06
 Reference value :  7.25387e-06
 Reference value :  7.28368e-06
 Reference value :  7.31175e-06
 Reference value :  7.33981e-06
 Reference value :  7.36830e-06
 Reference value :  7.39946e-06
 Reference value :  7.42928e-06
 Reference value :  7.45909e-06
 Reference value :  7.48891e-06
 Reference value :  7.51438e-06
 Reference value :  7.54420e-06
 Reference value :  7.57051e-06
 Reference value :  7.60033e-06
 Reference value :  7.62890e-06
 Reference value :  7.66047e-06
 Reference value :  7.68678e-06
 Reference value :  7.71660e-06
 Reference value :  7.74452e-06
 Reference value :  7.77609e-06
 Reference value :  7.80415e-06
 Reference value :  7.83572e-06
 Reference value :  7.86379e-06
 Reference value :  7.89179e-06
 Reference value :  7.92161e-06
 Reference value :  7.95143e-06
 Reference value :  7.97949e-06
 Reference value :  8.00501e-06
 Reference value :  8.03483e-06
 Reference value :  8.06290e-06
 Reference value :  8.09096e-06
 Reference value :  8.11787e-06
 Reference value :  8.14768e-06
 Reference value :  8.17575e-06
 Reference value :  8.20381e-06
 Reference value :  8.23363e-06
 Reference value :  8.26154e-06
 Reference value :  8.29135e-06
 Reference value :  8.31942e-06
 Reference value :  8.35099e-06
 Reference value :  8.37725e-06
 Reference value :  8.40706e-06
 Reference value :  8.43513e-06
 Reference value :  8.46319e-06
 Reference value :  8.49055e-06
 Reference value :  8.52029e-06
 Reference value :  8.55011e-06
 Reference value :  8.58168e-06
 Reference value :  8.61102e-06
 Reference value :  8.64190e-06
 Reference value :  8.67172e-06
 Reference value :  8.69978e-06
 Reference value :  8.72785e-06
 Reference value :  8.75576e-06
 Reference value :  8.78382e-06
 Reference value :  8.81188e-06
 Reference value :  8.83995e-06
 Reference value :  8.86621e-06
 Reference value :  8.89603e-06
 Reference value :  8.92409e-06
 Reference value :  8.95040e-06
 Reference value :  8.98022e-06
 Reference value :  9.00575e-06
 Reference value :  9.03557e-06
 Reference value :  9.06364e-06
 Reference value :  9.09345e-06
 Reference value :  9.12034e-06
 Reference value :  9.15191e-06
 Reference value :  9.17997e-06
 Reference value :  9.20979e-06
 Reference value :  9.23610e-06
 Reference value :  9.26576e-06
 Reference value :  9.29383e-06
 Reference value :  9.32189e-06
 Reference value :  9.35171e-06
 Reference value :  9.37799e-06
 Reference value :  9.40605e-06
 Reference value :  9.43411e-06
 Reference value :  9.46393e-06
 Reference value :  9.48946e-06
 Reference value :  9.52104e-06
 Reference value :  9.55085e-06
 Reference value :  9.57892e-06
 Reference value :  9.60650e-06
 Reference value :  9.63560e-06
 Reference value :  9.66191e-06
 Reference value :  9.69173e-06
 Reference value :  9.71979e-06
 Reference value :  9.74946e-06
 Reference value :  9.77753e-06
 Reference value :  9.80734e-06
 Reference value :  9.83365e-06
 Reference value :  9.85819e-06
 Reference value :  9.88800e-06
 Reference value :  9.91607e-06
 Reference value :  9.94238e-06
 Reference value :  9.97044e-06
 Reference value :  9.99424e-06
 Reference value :  1.00223e-05
 Reference value :  1.00504e-05
 Reference value :  1.00784e-05
 Reference value :  1.01054e-05
 Reference value :  1.01351e-05
 Reference value :  1.01649e-05
 Reference value :  1.01947e-05
 Reference value :  1.02245e-05
 Reference value :  1.02525e-05
 Reference value :  1.02823e-05
 Reference value :  1.03103e-05
 Reference value :  1.03402e-05
 Reference value :  1.03647e-05
 Reference value :  1.03945e-05
 Reference value :  1.04208e-05
 Reference value :  1.04471e-05
 Reference value :  1.04769e-05
 Reference value :  1.05008e-05
 Reference value :  1.05300e-05
No. of Data Rows : 6069
vhold_min           =  1.32000e+00 at=  1.12256e-09
tfirst              =  6.46520e-07
t1                  =  6.49662e-06
t2                  =  6.74542e-06
t3                  =  6.99435e-06
t4                  =  7.24364e-06
t5                  =  7.49171e-06
t6                  =  7.74061e-06
t7                  =  7.98942e-06
t8                  =  8.23834e-06
t9                  =  8.48715e-06
t10                 =  8.73607e-06
t11                 =  8.98488e-06
t12                 =  9.23381e-06
idd_run             =  -8.31592e-06 from=  6.31600e-06 to=  1.05300e-05
vmax                =  1.34457e+00 at=  6.99660e-06
vmin                =  -1.53718e-02 at=  7.11810e-06
Note: Simulation executed from .control section 
Note: Starting dynamic gmin stepping
Note: Dynamic gmin stepping completed
Note: Starting dynamic gmin stepping
Note: Dynamic gmin stepping completed
