
Note: No compatibility mode selected!


Circuit: * tt_analog_ring, code 0

Doing analysis at TEMP = 125.000000 and TNOM = 27.000000

Using SPARSE 1.3 as Direct Linear Solver
 Reference value :  0.00000e+00
No. of Data Rows : 1
idd_dis=3.62206E-06 vbp=0.913518 vbn=0.205817 clk_dis=1.2
Doing analysis at TEMP = 125.000000 and TNOM = 27.000000

Using SPARSE 1.3 as Direct Linear Solver

Initial Transient Solution
--------------------------

Node                                   Voltage
----                                   -------
vpwr                                       1.2
code[0]                                      0
code[1]                                      0
code[2]                                      0
code[3]                                      0
code[4]                                      0
code[5]                                      0
code[6]                                      0
code[7]                                      0
enable                                       0
xdut.vbp                              0.913518
xdut.vbn                              0.205817
xdut.n0                            4.83927e-05
xdut.p0                                1.19995
xdut.na0                                1.0203
xdut.s0                                1.19995
xdut.s10                               1.19998
xdut.n1                            0.000123224
xdut.p1                                1.19992
xdut.s1                            0.000123908
xdut.n2                            2.09081e-05
xdut.p2                                1.19998
xdut.s2                                1.19998
xdut.n3                            0.000123176
xdut.p3                                1.19992
xdut.s3                             0.00012386
xdut.n4                            2.09081e-05
xdut.p4                                1.19998
xdut.s4                                1.19998
xdut.n5                            0.000123176
xdut.p5                                1.19992
xdut.s5                             0.00012386
xdut.n6                            2.09081e-05
xdut.p6                                1.19998
xdut.s6                                1.19998
xdut.n7                            0.000123176
xdut.p7                                1.19992
xdut.s7                             0.00012386
xdut.n8                            2.09081e-05
xdut.p8                                1.19998
xdut.s8                                1.19998
xdut.n9                            0.000123176
xdut.p9                                1.19992
xdut.s9                             0.00012386
xdut.n10                           2.09081e-05
xdut.p10                               1.19998
xdut.b1                            7.25001e-07
clk_out                                    1.2
ven#branch                         3.57879e-12
vc7#branch                         4.86511e-12
vc6#branch                         2.43256e-12
vc5#branch                         1.21628e-12
vc4#branch                         6.08139e-13
vc3#branch                         3.04069e-13
vc2#branch                         1.52035e-13
vc1#branch                         7.60174e-14
vc0#branch                         3.80087e-14
vdd#branch                        -3.62206e-06

 Reference value :  0.00000e+00
 Reference value :  5.66191e-08
 Reference value :  1.25025e-07
 Reference value :  1.93431e-07
 Reference value :  2.61837e-07
 Reference value :  3.28489e-07
 Reference value :  3.95141e-07
 Reference value :  4.65301e-07
 Reference value :  5.26365e-07
 Reference value :  5.52741e-07
 Reference value :  5.93083e-07
 Reference value :  6.31671e-07
 Reference value :  6.72013e-07
 Reference value :  7.14109e-07
 Reference value :  7.49977e-07
 Reference value :  7.92073e-07
 Reference value :  8.30661e-07
 Reference value :  8.69249e-07
 Reference value :  9.09591e-07
 Reference value :  9.48179e-07
 Reference value :  9.84668e-07
 Reference value :  1.02326e-06
 Reference value :  1.06184e-06
 Reference value :  1.10043e-06
 Reference value :  1.13902e-06
 Reference value :  1.17585e-06
 Reference value :  1.21673e-06
 Reference value :  1.25532e-06
 Reference value :  1.29566e-06
 Reference value :  1.33425e-06
 Reference value :  1.37459e-06
 Reference value :  1.41039e-06
 Reference value :  1.45248e-06
 Reference value :  1.49107e-06
 Reference value :  1.52966e-06
 Reference value :  1.56649e-06
 Reference value :  1.60508e-06
 Reference value :  1.63667e-06
 Reference value :  1.67876e-06
 Reference value :  1.71911e-06
 Reference value :  1.75769e-06
 Reference value :  1.79628e-06
 Reference value :  1.83487e-06
 Reference value :  1.86888e-06
 Reference value :  1.90747e-06
 Reference value :  1.94430e-06
 Reference value :  1.98464e-06
 Reference value :  2.02674e-06
 Reference value :  2.06284e-06
 Reference value :  2.10319e-06
 Reference value :  2.14002e-06
 Reference value :  2.17861e-06
 Reference value :  2.21720e-06
 Reference value :  2.25929e-06
 Reference value :  2.29528e-06
 Reference value :  2.33387e-06
 Reference value :  2.37246e-06
 Reference value :  2.41280e-06
 Reference value :  2.45139e-06
 Reference value :  2.48946e-06
 Reference value :  2.53072e-06
 Reference value :  2.56931e-06
 Reference value :  2.60790e-06
 Reference value :  2.64649e-06
 Reference value :  2.68683e-06
 Reference value :  2.72190e-06
 Reference value :  2.76225e-06
 Reference value :  2.80259e-06
 Reference value :  2.84118e-06
 Reference value :  2.87976e-06
 Reference value :  2.92011e-06
 Reference value :  2.95775e-06
 Reference value :  2.99633e-06
 Reference value :  3.03492e-06
 Reference value :  3.07526e-06
 Reference value :  3.11385e-06
 Reference value :  3.15069e-06
 Reference value :  3.18891e-06
 Reference value :  3.22750e-06
 Reference value :  3.26608e-06
 Reference value :  3.30467e-06
 Reference value :  3.34326e-06
 Reference value :  3.37697e-06
 Reference value :  3.41907e-06
 Reference value :  3.45765e-06
 Reference value :  3.49624e-06
 Reference value :  3.53483e-06
 Reference value :  3.57693e-06
 Reference value :  3.61094e-06
 Reference value :  3.64952e-06
 Reference value :  3.68636e-06
 Reference value :  3.72319e-06
 Reference value :  3.76353e-06
 Reference value :  3.80192e-06
 Reference value :  3.83918e-06
 Reference value :  3.87777e-06
 Reference value :  3.91636e-06
 Reference value :  3.95319e-06
 Reference value :  3.99178e-06
 Reference value :  4.02640e-06
 Reference value :  4.06437e-06
 Reference value :  4.10120e-06
 Reference value :  4.13979e-06
 Reference value :  4.18013e-06
 Reference value :  4.22048e-06
 Reference value :  4.25448e-06
 Reference value :  4.29483e-06
 Reference value :  4.33517e-06
 Reference value :  4.37376e-06
 Reference value :  4.41410e-06
 Reference value :  4.45444e-06
 Reference value :  4.48847e-06
 Reference value :  4.52706e-06
 Reference value :  4.56564e-06
 Reference value :  4.60423e-06
 Reference value :  4.64282e-06
 Reference value :  4.67746e-06
 Reference value :  4.71899e-06
 Reference value :  4.75933e-06
 Reference value :  4.79792e-06
 Reference value :  4.83651e-06
 Reference value :  4.87685e-06
 Reference value :  4.91310e-06
 Reference value :  4.95345e-06
 Reference value :  4.99203e-06
 Reference value :  5.03062e-06
 Reference value :  5.07096e-06
 Reference value :  5.11131e-06
 Reference value :  5.14432e-06
 Reference value :  5.18466e-06
 Reference value :  5.22500e-06
 Reference value :  5.26359e-06
 Reference value :  5.30218e-06
 Reference value :  5.33900e-06
 Reference value :  5.37856e-06
 Reference value :  5.41540e-06
 Reference value :  5.45574e-06
 Reference value :  5.49608e-06
 Reference value :  5.53467e-06
 Reference value :  5.56825e-06
 Reference value :  5.60859e-06
 Reference value :  5.64718e-06
 Reference value :  5.68577e-06
 Reference value :  5.72611e-06
 Reference value :  5.76645e-06
 Reference value :  5.80327e-06
 Reference value :  5.84186e-06
 Reference value :  5.88045e-06
 Reference value :  5.91904e-06
 Reference value :  5.95587e-06
 Reference value :  5.99052e-06
 Reference value :  6.03196e-06
 Reference value :  6.07055e-06
 Reference value :  6.11089e-06
 Reference value :  6.14948e-06
 Reference value :  6.18982e-06
 Reference value :  6.22759e-06
 Reference value :  6.26794e-06
 Reference value :  6.30652e-06
 Reference value :  6.34687e-06
 Reference value :  6.38545e-06
 Reference value :  6.42404e-06
 Reference value :  6.45775e-06
 Reference value :  6.49634e-06
 Reference value :  6.53493e-06
 Reference value :  6.57176e-06
 Reference value :  6.60684e-06
 Reference value :  6.64719e-06
 Reference value :  6.68572e-06
 Reference value :  6.72430e-06
 Reference value :  6.76465e-06
 Reference value :  6.80323e-06
 Reference value :  6.84182e-06
 Reference value :  6.87773e-06
 Reference value :  6.91983e-06
 Reference value :  6.95841e-06
 Reference value :  6.99700e-06
 Reference value :  7.03559e-06
 Reference value :  7.07593e-06
 Reference value :  7.11237e-06
 Reference value :  7.15096e-06
 Reference value :  7.18955e-06
 Reference value :  7.22814e-06
 Reference value :  7.26848e-06
 Reference value :  7.30477e-06
 Reference value :  7.34413e-06
 Reference value :  7.38272e-06
 Reference value :  7.42131e-06
 Reference value :  7.45989e-06
 Reference value :  7.49848e-06
 Reference value :  7.53259e-06
 Reference value :  7.57293e-06
 Reference value :  7.61152e-06
 Reference value :  7.65011e-06
 Reference value :  7.68870e-06
 Reference value :  7.72904e-06
 Reference value :  7.76113e-06
 Reference value :  7.80147e-06
 Reference value :  7.84182e-06
 Reference value :  7.88216e-06
 Reference value :  7.92075e-06
 Reference value :  7.96109e-06
 Reference value :  7.99687e-06
 Reference value :  8.03546e-06
 Reference value :  8.07580e-06
 Reference value :  8.11439e-06
 Reference value :  8.15473e-06
 Reference value :  8.18640e-06
 Reference value :  8.22850e-06
 Reference value :  8.26884e-06
 Reference value :  8.30743e-06
 Reference value :  8.34601e-06
 Reference value :  8.38636e-06
 Reference value :  8.42214e-06
 Reference value :  8.46424e-06
 Reference value :  8.50458e-06
 Reference value :  8.54492e-06
 Reference value :  8.58351e-06
 Reference value :  8.61937e-06
 Reference value :  8.66103e-06
 Reference value :  8.70137e-06
 Reference value :  8.73996e-06
 Reference value :  8.77855e-06
 Reference value :  8.81889e-06
 Reference value :  8.85291e-06
 Reference value :  8.89325e-06
 Reference value :  8.93184e-06
 Reference value :  8.97218e-06
 Reference value :  9.00901e-06
 Reference value :  9.04760e-06
 Reference value :  9.07937e-06
 Reference value :  9.12147e-06
 Reference value :  9.16181e-06
 Reference value :  9.20040e-06
 Reference value :  9.23898e-06
 Reference value :  9.27582e-06
 Reference value :  9.31160e-06
 Reference value :  9.34843e-06
 Reference value :  9.38702e-06
 Reference value :  9.42561e-06
 Reference value :  9.46420e-06
 Reference value :  9.49777e-06
 Reference value :  9.54162e-06
 Reference value :  9.58197e-06
 Reference value :  9.62055e-06
 Reference value :  9.65739e-06
 Reference value :  9.69598e-06
 Reference value :  9.72997e-06
 Reference value :  9.76856e-06
 Reference value :  9.80714e-06
 Reference value :  9.84398e-06
 Reference value :  9.88432e-06
 Reference value :  9.92466e-06
 Reference value :  9.95675e-06
 Reference value :  9.99709e-06
 Reference value :  1.00357e-05
 Reference value :  1.00760e-05
 Reference value :  1.01146e-05
 Reference value :  1.01514e-05
 Reference value :  1.01890e-05
 Reference value :  1.02258e-05
 Reference value :  1.02644e-05
 Reference value :  1.03030e-05
 Reference value :  1.03416e-05
 Reference value :  1.03715e-05
 Reference value :  1.04136e-05
 Reference value :  1.04522e-05
 Reference value :  1.04908e-05
 Reference value :  1.05276e-05
No. of Data Rows : 6050
vhold_min           =  1.20000e+00 at=  5.61280e-10
tfirst              =  7.36178e-07
t1                  =  6.65058e-06
t2                  =  7.08839e-06
t3                  =  7.52591e-06
t4                  =  7.96371e-06
t5                  =  8.40136e-06
t6                  =  8.83909e-06
t7                  =  9.27677e-06
t8                  =  9.71447e-06
t9                  =  1.01522e-05
idd_run             =  -4.25982e-06 from=  6.31600e-06 to=  1.05300e-05
vmax                =  1.22002e+00 at=  7.96583e-06
vmin                =  -1.70860e-02 at=  6.42879e-06
Note: Simulation executed from .control section 
Note: Starting dynamic gmin stepping
Note: Dynamic gmin stepping completed
Note: Starting dynamic gmin stepping
Note: Dynamic gmin stepping completed

Error: measure  t10  when(WHEN) : out of interval
 meas tran t10 when v(clk_out)=6.000000e-01 rise=10 from=6.316000e-06 failed!


Error: measure  t11  when(WHEN) : out of interval
 meas tran t11 when v(clk_out)=6.000000e-01 rise=11 from=6.316000e-06 failed!


Error: measure  t12  when(WHEN) : out of interval
 meas tran t12 when v(clk_out)=6.000000e-01 rise=12 from=6.316000e-06 failed!

