
Note: No compatibility mode selected!


Circuit: * stage delay at code 16

Doing analysis at TEMP = -40.000000 and TNOM = 27.000000

Using SPARSE 1.3 as Direct Linear Solver

Initial Transient Solution
--------------------------

Node                                   Voltage
----                                   -------
vpwr                                       1.2
code[0]                                      0
code[1]                                      0
code[2]                                      0
code[3]                                      0
code[4]                                    1.2
code[5]                                      0
code[6]                                      0
code[7]                                      0
vbp                                   0.735522
vbn                                   0.426255
a                                            0
xdrv.net1                                  1.2
b                                          1.2
xdrv.net2                          4.75017e-09
xdut.net1                                  1.2
y                                  6.36616e-07
xdut.net2                          6.05012e-07
xload.net1                                 1.2
z                                          1.2
xload.net2                         4.75017e-09
xload2.net1                                1.2
zz                                 2.77913e-07
xload2.net2                        2.65314e-07
vin#branch                          8.2298e-12
vc7#branch                         8.81334e-13
vc6#branch                         4.40667e-13
vc5#branch                         2.20333e-13
vc4#branch                        -2.46458e-09
vc3#branch                         5.50821e-14
vc2#branch                         2.75403e-14
vc1#branch                         1.37694e-14
vc0#branch                         6.88401e-15
vdd#branch                        -5.96311e-05

 Reference value :  2.47369e-09
 Reference value :  1.09831e-08
 Reference value :  1.75430e-08
 Reference value :  2.56459e-08
 Reference value :  3.43180e-08
 Reference value :  4.19831e-08
 Reference value :  4.84600e-08
 Reference value :  5.70236e-08
 Reference value :  6.54246e-08
 Reference value :  7.17430e-08
 Reference value :  7.98459e-08
 Reference value :  8.83553e-08
 Reference value :  9.60475e-08
 Reference value :  1.02552e-07
 Reference value :  1.11007e-07
 Reference value :  1.19597e-07
 Reference value :  1.25889e-07
 Reference value :  1.33883e-07
 Reference value :  1.42393e-07
 Reference value :  1.50220e-07
 Reference value :  1.56724e-07
No. of Data Rows : 6044
tin_f               =  6.85747e-08
tout_r              =  6.93599e-08
tin_r               =  9.57664e-08
tout_f              =  9.68793e-08
tplh=7.8513E-10 tphl=1.11292E-09
t40r                =  6.91815e-08
t60r                =  6.95498e-08
t60f                =  9.67065e-08
t40f                =  9.70389e-08
sr_r=6.5166E+08 sr_f=-7.22065E+08
tr                  =  6.88464e-08
tr8                 =  7.03612e-08
tf                  =  9.63470e-08
tf2                 =  9.76291e-08
trise=1.51487E-09 tfall=1.28204E-09
Note: Simulation executed from .control section 
