
Note: No compatibility mode selected!


Circuit: * tt_analog_ring, code 32

Doing analysis at TEMP = -40.000000 and TNOM = 27.000000

Using SPARSE 1.3 as Direct Linear Solver
 Reference value :  0.00000e+00
No. of Data Rows : 1
idd_dis=0.000111765 vbp=0.691231 vbn=0.462037 clk_dis=1.2
Doing analysis at TEMP = -40.000000 and TNOM = 27.000000

Using SPARSE 1.3 as Direct Linear Solver

Initial Transient Solution
--------------------------

Node                                   Voltage
----                                   -------
vpwr                                       1.2
code[0]                                      0
code[1]                                      0
code[2]                                      0
code[3]                                      0
code[4]                                      0
code[5]                                    1.2
code[6]                                      0
code[7]                                      0
enable                                       0
xdut.vbp                              0.691231
xdut.vbn                              0.462037
xdut.n0                            4.98859e-09
xdut.p0                                    1.2
xdut.na0                              0.943494
xdut.s0                                    1.2
xdut.s10                                   1.2
xdut.n1                            3.91458e-07
xdut.p1                                    1.2
xdut.s1                            4.23063e-07
xdut.n2                            4.60749e-09
xdut.p2                                    1.2
xdut.s2                                    1.2
xdut.n3                            3.91458e-07
xdut.p3                                    1.2
xdut.s3                            4.23063e-07
xdut.n4                            4.60749e-09
xdut.p4                                    1.2
xdut.s4                                    1.2
xdut.n5                            3.91458e-07
xdut.p5                                    1.2
xdut.s5                            4.23063e-07
xdut.n6                            4.60749e-09
xdut.p6                                    1.2
xdut.s6                                    1.2
xdut.n7                            3.91458e-07
xdut.p7                                    1.2
xdut.s7                            4.23063e-07
xdut.n8                            4.60749e-09
xdut.p8                                    1.2
xdut.s8                                    1.2
xdut.n9                            3.91458e-07
xdut.p9                                    1.2
xdut.s9                            4.23063e-07
xdut.n10                           4.60749e-09
xdut.p10                                   1.2
xdut.b1                              1.036e-07
clk_out                                    1.2
ven#branch                         8.20632e-12
vc7#branch                         7.13532e-13
vc6#branch                         3.56766e-13
vc5#branch                          -4.279e-09
vc4#branch                         8.91915e-14
vc3#branch                         4.45958e-14
vc2#branch                         2.22979e-14
vc1#branch                         1.11489e-14
vc0#branch                         5.57447e-15
vdd#branch                        -0.000111765

 Reference value :  0.00000e+00
 Reference value :  3.14149e-09
 Reference value :  6.93697e-09
 Reference value :  1.07324e-08
 Reference value :  1.45279e-08
 Reference value :  1.83234e-08
 Reference value :  2.20216e-08
 Reference value :  2.56224e-08
 Reference value :  2.92097e-08
 Reference value :  3.08660e-08
 Reference value :  3.28124e-08
 Reference value :  3.47588e-08
 Reference value :  3.66478e-08
 Reference value :  3.84969e-08
 Reference value :  4.03460e-08
 Reference value :  4.23897e-08
 Reference value :  4.43361e-08
 Reference value :  4.62825e-08
 Reference value :  4.84235e-08
 Reference value :  5.04573e-08
 Reference value :  5.25011e-08
 Reference value :  5.44475e-08
 Reference value :  5.63939e-08
 Reference value :  5.82429e-08
 Reference value :  6.02867e-08
 Reference value :  6.21601e-08
 Reference value :  6.42038e-08
 Reference value :  6.61502e-08
 Reference value :  6.80966e-08
 Reference value :  7.01404e-08
 Reference value :  7.21841e-08
 Reference value :  7.42185e-08
 Reference value :  7.62622e-08
 Reference value :  7.82086e-08
 Reference value :  8.02523e-08
 Reference value :  8.21987e-08
 Reference value :  8.41451e-08
 Reference value :  8.60915e-08
 Reference value :  8.78722e-08
 Reference value :  8.99160e-08
 Reference value :  9.19597e-08
 Reference value :  9.40034e-08
 Reference value :  9.60471e-08
 Reference value :  9.80908e-08
 Reference value :  1.00125e-07
 Reference value :  1.02266e-07
 Reference value :  1.04310e-07
 Reference value :  1.06256e-07
 Reference value :  1.08203e-07
 Reference value :  1.10247e-07
 Reference value :  1.12124e-07
 Reference value :  1.14070e-07
 Reference value :  1.16114e-07
 Reference value :  1.18060e-07
 Reference value :  1.20104e-07
 Reference value :  1.22050e-07
 Reference value :  1.24085e-07
 Reference value :  1.26128e-07
 Reference value :  1.28075e-07
 Reference value :  1.30118e-07
 Reference value :  1.32065e-07
 Reference value :  1.34109e-07
 Reference value :  1.36152e-07
 Reference value :  1.37835e-07
 Reference value :  1.39879e-07
 Reference value :  1.41923e-07
 Reference value :  1.43967e-07
 Reference value :  1.46010e-07
 Reference value :  1.48054e-07
 Reference value :  1.49991e-07
 Reference value :  1.52035e-07
 Reference value :  1.53981e-07
 Reference value :  1.56025e-07
 Reference value :  1.58068e-07
 Reference value :  1.60015e-07
 Reference value :  1.61795e-07
 Reference value :  1.63742e-07
 Reference value :  1.65688e-07
 Reference value :  1.67634e-07
 Reference value :  1.69581e-07
 Reference value :  1.71527e-07
 Reference value :  1.73571e-07
 Reference value :  1.75605e-07
 Reference value :  1.77649e-07
 Reference value :  1.79692e-07
 Reference value :  1.81639e-07
 Reference value :  1.83682e-07
 Reference value :  1.85726e-07
 Reference value :  1.87507e-07
 Reference value :  1.89453e-07
 Reference value :  1.91400e-07
 Reference value :  1.93443e-07
 Reference value :  1.95487e-07
 Reference value :  1.97433e-07
 Reference value :  1.99467e-07
 Reference value :  2.01414e-07
 Reference value :  2.03360e-07
 Reference value :  2.05501e-07
 Reference value :  2.07448e-07
 Reference value :  2.09394e-07
 Reference value :  2.11340e-07
 Reference value :  2.13024e-07
 Reference value :  2.14970e-07
 Reference value :  2.17014e-07
 Reference value :  2.18863e-07
 Reference value :  2.20809e-07
 Reference value :  2.22853e-07
 Reference value :  2.24887e-07
 Reference value :  2.26833e-07
 Reference value :  2.28877e-07
 Reference value :  2.30823e-07
 Reference value :  2.32867e-07
 Reference value :  2.34813e-07
 Reference value :  2.36704e-07
 Reference value :  2.38638e-07
 Reference value :  2.40584e-07
 Reference value :  2.42628e-07
 Reference value :  2.44672e-07
 Reference value :  2.46618e-07
 Reference value :  2.48662e-07
 Reference value :  2.50695e-07
 Reference value :  2.52642e-07
 Reference value :  2.54686e-07
 Reference value :  2.56632e-07
 Reference value :  2.58481e-07
 Reference value :  2.60525e-07
 Reference value :  2.62403e-07
 Reference value :  2.64447e-07
 Reference value :  2.66490e-07
 Reference value :  2.68437e-07
 Reference value :  2.70383e-07
 Reference value :  2.72427e-07
 Reference value :  2.74460e-07
 Reference value :  2.76407e-07
 Reference value :  2.78353e-07
 Reference value :  2.80397e-07
 Reference value :  2.82343e-07
 Reference value :  2.84387e-07
 Reference value :  2.86431e-07
 Reference value :  2.88114e-07
 Reference value :  2.90061e-07
 Reference value :  2.92105e-07
 Reference value :  2.94051e-07
 Reference value :  2.96095e-07
 Reference value :  2.98138e-07
 Reference value :  3.00074e-07
 Reference value :  3.02021e-07
 Reference value :  3.03967e-07
 Reference value :  3.06011e-07
 Reference value :  3.08055e-07
 Reference value :  3.10001e-07
 Reference value :  3.11795e-07
 Reference value :  3.13729e-07
 Reference value :  3.15675e-07
 Reference value :  3.17719e-07
 Reference value :  3.19763e-07
 Reference value :  3.21709e-07
 Reference value :  3.23753e-07
 Reference value :  3.25786e-07
 Reference value :  3.27830e-07
 Reference value :  3.29776e-07
 Reference value :  3.31722e-07
 Reference value :  3.33571e-07
 Reference value :  3.35615e-07
 Reference value :  3.37494e-07
 Reference value :  3.39537e-07
 Reference value :  3.41581e-07
 Reference value :  3.43528e-07
 Reference value :  3.45474e-07
 Reference value :  3.47518e-07
 Reference value :  3.49648e-07
 Reference value :  3.51594e-07
 Reference value :  3.53541e-07
 Reference value :  3.55584e-07
 Reference value :  3.57531e-07
 Reference value :  3.59575e-07
 Reference value :  3.61618e-07
 Reference value :  3.63400e-07
 Reference value :  3.65346e-07
 Reference value :  3.67293e-07
 Reference value :  3.69239e-07
 Reference value :  3.71283e-07
 Reference value :  3.73327e-07
 Reference value :  3.75359e-07
 Reference value :  3.77306e-07
 Reference value :  3.79252e-07
 Reference value :  3.81198e-07
 Reference value :  3.83242e-07
 Reference value :  3.85286e-07
 Reference value :  3.87068e-07
 Reference value :  3.89112e-07
 Reference value :  3.91058e-07
 Reference value :  3.93102e-07
 Reference value :  3.95243e-07
 Reference value :  3.97189e-07
 Reference value :  3.99233e-07
 Reference value :  4.01168e-07
 Reference value :  4.03114e-07
 Reference value :  4.05158e-07
 Reference value :  4.07007e-07
 Reference value :  4.08953e-07
 Reference value :  4.10997e-07
 Reference value :  4.12779e-07
 Reference value :  4.14726e-07
 Reference value :  4.16770e-07
 Reference value :  4.18813e-07
 Reference value :  4.20760e-07
 Reference value :  4.22706e-07
 Reference value :  4.24835e-07
 Reference value :  4.26879e-07
 Reference value :  4.28825e-07
 Reference value :  4.30772e-07
 Reference value :  4.32718e-07
 Reference value :  4.34762e-07
 Reference value :  4.36787e-07
 Reference value :  4.38588e-07
 Reference value :  4.40535e-07
 Reference value :  4.42578e-07
 Reference value :  4.44525e-07
 Reference value :  4.46569e-07
 Reference value :  4.48710e-07
 Reference value :  4.50644e-07
 Reference value :  4.52688e-07
 Reference value :  4.54829e-07
 Reference value :  4.56872e-07
 Reference value :  4.58916e-07
 Reference value :  4.60960e-07
 Reference value :  4.62743e-07
 Reference value :  4.64689e-07
 Reference value :  4.66636e-07
 Reference value :  4.68582e-07
 Reference value :  4.70528e-07
 Reference value :  4.72475e-07
 Reference value :  4.74414e-07
 Reference value :  4.76355e-07
 Reference value :  4.78399e-07
 Reference value :  4.80443e-07
 Reference value :  4.82389e-07
 Reference value :  4.84336e-07
 Reference value :  4.86379e-07
 Reference value :  4.88162e-07
 Reference value :  4.90109e-07
 Reference value :  4.92055e-07
 Reference value :  4.94002e-07
 Reference value :  4.95948e-07
 Reference value :  4.97992e-07
 Reference value :  5.00023e-07
 Reference value :  5.02067e-07
 Reference value :  5.04013e-07
 Reference value :  5.06057e-07
 Reference value :  5.08003e-07
 Reference value :  5.10047e-07
 Reference value :  5.11958e-07
 Reference value :  5.13874e-07
 Reference value :  5.15820e-07
 Reference value :  5.17864e-07
 Reference value :  5.19810e-07
 Reference value :  5.21757e-07
 Reference value :  5.23801e-07
 Reference value :  5.25832e-07
 Reference value :  5.27778e-07
 Reference value :  5.29822e-07
 Reference value :  5.31866e-07
 Reference value :  5.33812e-07
 Reference value :  5.35759e-07
 Reference value :  5.37444e-07
 Reference value :  5.39294e-07
 Reference value :  5.41240e-07
 Reference value :  5.43284e-07
 Reference value :  5.45425e-07
 Reference value :  5.47468e-07
 Reference value :  5.49504e-07
 Reference value :  5.51544e-07
 Reference value :  5.53587e-07
 Reference value :  5.55728e-07
 Reference value :  5.57675e-07
 Reference value :  5.59718e-07
 Reference value :  5.61665e-07
 Reference value :  5.63448e-07
 Reference value :  5.65394e-07
 Reference value :  5.67341e-07
 Reference value :  5.69287e-07
 Reference value :  5.71331e-07
 Reference value :  5.73375e-07
 Reference value :  5.75406e-07
 Reference value :  5.77352e-07
 Reference value :  5.79299e-07
 Reference value :  5.81245e-07
 Reference value :  5.83192e-07
No. of Data Rows : 6032
vhold_min           =  1.20000e+00 at=  1.24570e-10
tfirst              =  3.61799e-08
t1                  =  3.55431e-07
t2                  =  3.67943e-07
t3                  =  3.80461e-07
t4                  =  3.92973e-07
t5                  =  4.05491e-07
t6                  =  4.18004e-07
t7                  =  4.30522e-07
t8                  =  4.43034e-07
t9                  =  4.55552e-07
t10                 =  4.68064e-07
t11                 =  4.80582e-07
t12                 =  4.93094e-07
idd_run             =  -1.17562e-04 from=  3.50400e-07 to=  5.83900e-07
vmax                =  1.20889e+00 at=  3.68169e-07
vmin                =  -1.36561e-02 at=  3.74293e-07
Note: Simulation executed from .control section 
Note: Starting dynamic gmin stepping
Note: Dynamic gmin stepping completed
Note: Starting dynamic gmin stepping
Note: Dynamic gmin stepping completed
