
Note: No compatibility mode selected!


Circuit: * tt_analog_ring, code 16

Doing analysis at TEMP = 27.000000 and TNOM = 27.000000

Using SPARSE 1.3 as Direct Linear Solver
 Reference value :  0.00000e+00
No. of Data Rows : 1
idd_dis=4.84925E-05 vbp=0.6793 vbn=0.293188 clk_dis=1.08
Doing analysis at TEMP = 27.000000 and TNOM = 27.000000

Using SPARSE 1.3 as Direct Linear Solver

Initial Transient Solution
--------------------------

Node                                   Voltage
----                                   -------
vpwr                                      1.08
code[0]                                      0
code[1]                                      0
code[2]                                      0
code[3]                                      0
code[4]                                   1.08
code[5]                                      0
code[6]                                      0
code[7]                                      0
enable                                       0
xdut.vbp                                0.6793
xdut.vbn                              0.293188
xdut.n0                            3.97313e-06
xdut.p0                                1.07999
xdut.na0                              0.922904
xdut.s0                                1.07999
xdut.s10                                  1.08
xdut.n1                              1.419e-05
xdut.p1                                1.07999
xdut.s1                            1.49308e-05
xdut.n2                            2.19864e-06
xdut.p2                                   1.08
xdut.s2                                   1.08
xdut.n3                            1.41894e-05
xdut.p3                                1.07999
xdut.s3                            1.49302e-05
xdut.n4                            2.19864e-06
xdut.p4                                   1.08
xdut.s4                                   1.08
xdut.n5                            1.41894e-05
xdut.p5                                1.07999
xdut.s5                            1.49302e-05
xdut.n6                            2.19864e-06
xdut.p6                                   1.08
xdut.s6                                   1.08
xdut.n7                            1.41894e-05
xdut.p7                                1.07999
xdut.s7                            1.49302e-05
xdut.n8                            2.19864e-06
xdut.p8                                   1.08
xdut.s8                                   1.08
xdut.n9                            1.41894e-05
xdut.p9                                1.07999
xdut.s9                            1.49302e-05
xdut.n10                           2.19864e-06
xdut.p10                                  1.08
xdut.b1                            9.03967e-07
clk_out                                   1.08
ven#branch                         1.65919e-11
vc7#branch                         1.48445e-11
vc6#branch                         7.42225e-12
vc5#branch                         3.71113e-12
vc4#branch                        -1.38204e-08
vc3#branch                         9.27782e-13
vc2#branch                         4.63891e-13
vc1#branch                         2.31945e-13
vc0#branch                         1.15973e-13
vdd#branch                        -4.84925e-05

 Reference value :  0.00000e+00
 Reference value :  5.83300e-09
 Reference value :  1.28803e-08
 Reference value :  1.99276e-08
 Reference value :  2.67942e-08
 Reference value :  3.38415e-08
 Reference value :  4.10695e-08
 Reference value :  4.81168e-08
 Reference value :  5.42650e-08
 Reference value :  5.74082e-08
 Reference value :  6.10222e-08
 Reference value :  6.48169e-08
 Reference value :  6.85328e-08
 Reference value :  7.20552e-08
 Reference value :  7.56692e-08
 Reference value :  7.94639e-08
 Reference value :  8.32580e-08
 Reference value :  8.70527e-08
 Reference value :  9.10281e-08
 Reference value :  9.48228e-08
 Reference value :  9.85298e-08
 Reference value :  1.02325e-07
 Reference value :  1.05939e-07
 Reference value :  1.09553e-07
 Reference value :  1.13167e-07
 Reference value :  1.16781e-07
 Reference value :  1.20575e-07
 Reference value :  1.23801e-07
 Reference value :  1.27415e-07
 Reference value :  1.31029e-07
 Reference value :  1.34823e-07
 Reference value :  1.38253e-07
 Reference value :  1.42048e-07
 Reference value :  1.45842e-07
 Reference value :  1.49408e-07
 Reference value :  1.53383e-07
 Reference value :  1.57178e-07
 Reference value :  1.60792e-07
 Reference value :  1.64390e-07
 Reference value :  1.68185e-07
 Reference value :  1.71799e-07
 Reference value :  1.75536e-07
 Reference value :  1.79008e-07
 Reference value :  1.82802e-07
 Reference value :  1.86597e-07
 Reference value :  1.90211e-07
 Reference value :  1.94006e-07
 Reference value :  1.97800e-07
 Reference value :  2.01776e-07
 Reference value :  2.05040e-07
 Reference value :  2.08654e-07
 Reference value :  2.12268e-07
 Reference value :  2.15882e-07
 Reference value :  2.19493e-07
 Reference value :  2.23107e-07
 Reference value :  2.26540e-07
 Reference value :  2.29915e-07
 Reference value :  2.33710e-07
 Reference value :  2.37504e-07
 Reference value :  2.41299e-07
 Reference value :  2.44900e-07
 Reference value :  2.48514e-07
 Reference value :  2.52128e-07
 Reference value :  2.55742e-07
 Reference value :  2.58969e-07
 Reference value :  2.62583e-07
 Reference value :  2.66378e-07
 Reference value :  2.69811e-07
 Reference value :  2.73606e-07
 Reference value :  2.77220e-07
 Reference value :  2.81015e-07
 Reference value :  2.84138e-07
 Reference value :  2.87932e-07
 Reference value :  2.91546e-07
 Reference value :  2.95160e-07
 Reference value :  2.98774e-07
 Reference value :  3.02388e-07
 Reference value :  3.06002e-07
 Reference value :  3.09398e-07
 Reference value :  3.12883e-07
 Reference value :  3.16497e-07
 Reference value :  3.20292e-07
 Reference value :  3.23725e-07
 Reference value :  3.27520e-07
 Reference value :  3.31314e-07
 Reference value :  3.35109e-07
 Reference value :  3.38636e-07
 Reference value :  3.42430e-07
 Reference value :  3.46044e-07
 Reference value :  3.49839e-07
 Reference value :  3.53453e-07
 Reference value :  3.57067e-07
 Reference value :  3.60862e-07
 Reference value :  3.63906e-07
 Reference value :  3.67700e-07
 Reference value :  3.71314e-07
 Reference value :  3.74928e-07
 Reference value :  3.78359e-07
 Reference value :  3.82153e-07
 Reference value :  3.85948e-07
 Reference value :  3.89562e-07
 Reference value :  3.93115e-07
 Reference value :  3.96909e-07
 Reference value :  4.00704e-07
 Reference value :  4.04307e-07
 Reference value :  4.08101e-07
 Reference value :  4.11896e-07
 Reference value :  4.15691e-07
 Reference value :  4.18738e-07
 Reference value :  4.22352e-07
 Reference value :  4.26147e-07
 Reference value :  4.29941e-07
 Reference value :  4.33555e-07
 Reference value :  4.37350e-07
 Reference value :  4.41325e-07
 Reference value :  4.44807e-07
 Reference value :  4.48421e-07
 Reference value :  4.52215e-07
 Reference value :  4.55649e-07
 Reference value :  4.59263e-07
 Reference value :  4.62877e-07
 Reference value :  4.66671e-07
 Reference value :  4.70220e-07
 Reference value :  4.73751e-07
 Reference value :  4.77545e-07
 Reference value :  4.81340e-07
 Reference value :  4.84954e-07
 Reference value :  4.88749e-07
 Reference value :  4.92543e-07
 Reference value :  4.96338e-07
 Reference value :  4.99449e-07
 Reference value :  5.03244e-07
 Reference value :  5.06858e-07
 Reference value :  5.10472e-07
 Reference value :  5.14086e-07
 Reference value :  5.17700e-07
 Reference value :  5.21314e-07
 Reference value :  5.24615e-07
 Reference value :  5.28229e-07
 Reference value :  5.32023e-07
 Reference value :  5.35818e-07
 Reference value :  5.39432e-07
 Reference value :  5.43227e-07
 Reference value :  5.47021e-07
 Reference value :  5.50559e-07
 Reference value :  5.54082e-07
 Reference value :  5.57516e-07
 Reference value :  5.61130e-07
 Reference value :  5.64562e-07
 Reference value :  5.68357e-07
 Reference value :  5.71971e-07
 Reference value :  5.75585e-07
 Reference value :  5.78952e-07
 Reference value :  5.82566e-07
 Reference value :  5.86180e-07
 Reference value :  5.89975e-07
 Reference value :  5.93577e-07
 Reference value :  5.97191e-07
 Reference value :  6.00986e-07
 Reference value :  6.04255e-07
 Reference value :  6.08007e-07
 Reference value :  6.11621e-07
 Reference value :  6.15235e-07
 Reference value :  6.18849e-07
 Reference value :  6.22463e-07
 Reference value :  6.26258e-07
 Reference value :  6.30052e-07
 Reference value :  6.33184e-07
 Reference value :  6.36978e-07
 Reference value :  6.40592e-07
 Reference value :  6.44387e-07
 Reference value :  6.48001e-07
 Reference value :  6.51615e-07
 Reference value :  6.55229e-07
 Reference value :  6.58486e-07
 Reference value :  6.62281e-07
 Reference value :  6.66076e-07
 Reference value :  6.69690e-07
 Reference value :  6.73301e-07
 Reference value :  6.77096e-07
 Reference value :  6.80890e-07
 Reference value :  6.84643e-07
 Reference value :  6.88418e-07
 Reference value :  6.92213e-07
 Reference value :  6.95827e-07
 Reference value :  6.99248e-07
 Reference value :  7.02862e-07
 Reference value :  7.06657e-07
 Reference value :  7.10452e-07
 Reference value :  7.13679e-07
 Reference value :  7.17293e-07
 Reference value :  7.21088e-07
 Reference value :  7.24702e-07
 Reference value :  7.28316e-07
 Reference value :  7.32111e-07
 Reference value :  7.35725e-07
 Reference value :  7.39208e-07
 Reference value :  7.43003e-07
 Reference value :  7.46617e-07
 Reference value :  7.50231e-07
 Reference value :  7.53845e-07
 Reference value :  7.57459e-07
 Reference value :  7.61073e-07
 Reference value :  7.64653e-07
 Reference value :  7.68147e-07
 Reference value :  7.71942e-07
 Reference value :  7.75556e-07
 Reference value :  7.79170e-07
 Reference value :  7.82784e-07
 Reference value :  7.86578e-07
 Reference value :  7.90373e-07
 Reference value :  7.93494e-07
 Reference value :  7.97108e-07
 Reference value :  8.00722e-07
 Reference value :  8.04336e-07
 Reference value :  8.07950e-07
 Reference value :  8.11564e-07
 Reference value :  8.15178e-07
 Reference value :  8.18496e-07
 Reference value :  8.22256e-07
 Reference value :  8.26050e-07
 Reference value :  8.29845e-07
 Reference value :  8.33459e-07
 Reference value :  8.37073e-07
 Reference value :  8.41049e-07
 Reference value :  8.44843e-07
 Reference value :  8.48137e-07
 Reference value :  8.51751e-07
 Reference value :  8.55365e-07
 Reference value :  8.58798e-07
 Reference value :  8.62412e-07
 Reference value :  8.66207e-07
 Reference value :  8.69821e-07
 Reference value :  8.73118e-07
 Reference value :  8.76732e-07
 Reference value :  8.80346e-07
 Reference value :  8.83960e-07
 Reference value :  8.87574e-07
 Reference value :  8.91368e-07
 Reference value :  8.94802e-07
 Reference value :  8.98235e-07
 Reference value :  9.01508e-07
 Reference value :  9.05122e-07
 Reference value :  9.08736e-07
 Reference value :  9.12531e-07
 Reference value :  9.16145e-07
 Reference value :  9.19939e-07
 Reference value :  9.23734e-07
 Reference value :  9.26886e-07
 Reference value :  9.30500e-07
 Reference value :  9.34114e-07
 Reference value :  9.37908e-07
 Reference value :  9.41703e-07
 Reference value :  9.45498e-07
 Reference value :  9.49112e-07
 Reference value :  9.52385e-07
 Reference value :  9.56135e-07
 Reference value :  9.59749e-07
 Reference value :  9.63363e-07
 Reference value :  9.66967e-07
 Reference value :  9.70762e-07
 Reference value :  9.74557e-07
 Reference value :  9.78351e-07
 Reference value :  9.81886e-07
 Reference value :  9.85681e-07
 Reference value :  9.89114e-07
 Reference value :  9.92728e-07
 Reference value :  9.96523e-07
 Reference value :  1.00014e-06
 Reference value :  1.00411e-06
 Reference value :  1.00753e-06
 Reference value :  1.01114e-06
 Reference value :  1.01494e-06
 Reference value :  1.01873e-06
 Reference value :  1.02234e-06
 Reference value :  1.02631e-06
 Reference value :  1.03011e-06
 Reference value :  1.03365e-06
 Reference value :  1.03745e-06
 Reference value :  1.04142e-06
 Reference value :  1.04503e-06
 Reference value :  1.04847e-06
 Reference value :  1.05226e-06
 Reference value :  1.05588e-06
 Reference value :  1.05926e-06
 Reference value :  1.06254e-06
 Reference value :  1.06633e-06
 Reference value :  1.07013e-06
 Reference value :  1.07374e-06
 Reference value :  1.07771e-06
 Reference value :  1.08151e-06
No. of Data Rows : 6045
vhold_min           =  1.08000e+00 at=  2.89120e-11
tfirst              =  6.81803e-08
t1                  =  6.70975e-07
t2                  =  6.97734e-07
t3                  =  7.24526e-07
t4                  =  7.51302e-07
t5                  =  7.78090e-07
t6                  =  8.04867e-07
t7                  =  8.31653e-07
t8                  =  8.58434e-07
t9                  =  8.85213e-07
t10                 =  9.12003e-07
t11                 =  9.38766e-07
t12                 =  9.65563e-07
idd_run             =  -5.17395e-05 from=  6.50400e-07 to=  1.08400e-06
vmax                =  1.10119e+00 at=  9.65892e-07
vmin                =  -2.46442e-02 at=  7.11118e-07
Note: Simulation executed from .control section 
Note: Starting dynamic gmin stepping
Note: Dynamic gmin stepping completed
Note: Starting dynamic gmin stepping
Note: Dynamic gmin stepping completed
