
Note: Compatibility modes selected: hs a


Circuit: * tt_analog_ring, code 127

Doing analysis at TEMP = 27.000000 and TNOM = 27.000000

Using SPARSE 1.3 as Direct Linear Solver
 Reference value :  0.00000e+00
No. of Data Rows : 1
idd_dis=0.000326583 vbp=0.557987 vbn=0.508132 clk_dis=1.2
Doing analysis at TEMP = 27.000000 and TNOM = 27.000000

Using SPARSE 1.3 as Direct Linear Solver

Initial Transient Solution
--------------------------

Node                                   Voltage
----                                   -------
vpwr                                       1.2
code[0]                                    1.2
code[1]                                    1.2
code[2]                                    1.2
code[3]                                    1.2
code[4]                                    1.2
code[5]                                    1.2
code[6]                                    1.2
code[7]                                      0
enable                                       0
xdut.vbp                              0.557987
clk_out                                    1.2
xdut.b1                            1.40546e-07
xdut.s3                             6.4271e-07
xdut.s2                                    1.2
xdut.n_126                                 1.2
xdut.s1                            8.58323e-07
xdut.n_125                                 1.2
xdut.s10                                   1.2
xdut.s6                                    1.2
xdut.s5                            7.25489e-07
xdut.n_128                                 1.2
xdut.s9                            6.89108e-07
xdut.n_133                                 1.2
xdut.s4                                    1.2
xdut.n_129                                 1.2
xdut.s8                                    1.2
xdut.n_132                                 1.2
xdut.s7                            6.37206e-07
xdut.n_130                                 1.2
xdut.n_127                                 1.2
xdut.n_131                                 1.2
xdut.s0                                    1.2
xdut.n_124                                 1.2
xdut.n_71                          7.46721e-07
xdut.n_72                          5.53441e-07
xdut.n_70                          8.23623e-08
xdut.n_77                          5.61348e-07
xdut.n_75                          7.96808e-08
xdut.n_73                           1.3456e-07
xdut.n_67                           5.0727e-08
xdut.n_76                          6.00816e-08
xdut.n_69                          5.96623e-07
xdut.n_74                           6.3407e-07
xdut.n_122                                 1.2
xdut.n_i1005                           1.03548
xdut.n_68                          1.31084e-07
xdut.vbn                              0.508132
ven#branch                         7.43062e-12
vc7#branch                         1.72531e-12
vc6#branch                        -2.92633e-08
vc5#branch                        -1.46505e-08
vc4#branch                        -7.32271e-09
vc3#branch                        -3.67853e-09
vc2#branch                         -1.8479e-09
vc1#branch                        -9.29002e-10
vc0#branch                        -4.56143e-10
vdd#branch                        -0.000326583

 Reference value :  0.00000e+00
 Reference value :  3.92463e-09
 Reference value :  8.20401e-09
 Reference value :  1.25454e-08
 Reference value :  1.68868e-08
 Reference value :  1.97772e-08
 Reference value :  2.21960e-08
 Reference value :  2.47388e-08
 Reference value :  2.70335e-08
 Reference value :  2.95764e-08
 Reference value :  3.19331e-08
 Reference value :  3.42895e-08
 Reference value :  3.67703e-08
 Reference value :  3.91271e-08
 Reference value :  4.16699e-08
 Reference value :  4.40266e-08
 Reference value :  4.65695e-08
 Reference value :  4.89262e-08
 Reference value :  5.14070e-08
 Reference value :  5.37638e-08
 Reference value :  5.62446e-08
 Reference value :  5.85393e-08
 Reference value :  6.09581e-08
 Reference value :  6.33149e-08
 Reference value :  6.57957e-08
 Reference value :  6.82144e-08
 Reference value :  7.06332e-08
 Reference value :  7.31140e-08
 Reference value :  7.54708e-08
 Reference value :  7.79516e-08
 Reference value :  8.03083e-08
 Reference value :  8.28512e-08
 Reference value :  8.51459e-08
 Reference value :  8.75644e-08
 Reference value :  8.98591e-08
 Reference value :  9.23399e-08
 Reference value :  9.46347e-08
 Reference value :  9.71155e-08
 Reference value :  9.94722e-08
 Reference value :  1.02015e-07
 Reference value :  1.04310e-07
 Reference value :  1.06853e-07
 Reference value :  1.09271e-07
 Reference value :  1.11628e-07
 Reference value :  1.13737e-07
 Reference value :  1.15721e-07
 Reference value :  1.18016e-07
 Reference value :  1.20559e-07
 Reference value :  1.22668e-07
 Reference value :  1.24776e-07
 Reference value :  1.26699e-07
 Reference value :  1.29242e-07
 Reference value :  1.31351e-07
 Reference value :  1.33707e-07
 Reference value :  1.36064e-07
 Reference value :  1.38669e-07
 Reference value :  1.41150e-07
 Reference value :  1.43630e-07
 Reference value :  1.46111e-07
 Reference value :  1.48468e-07
 Reference value :  1.51073e-07
 Reference value :  1.53553e-07
 Reference value :  1.56158e-07
 Reference value :  1.58639e-07
 Reference value :  1.61120e-07
 Reference value :  1.63477e-07
 Reference value :  1.66019e-07
 Reference value :  1.68314e-07
 Reference value :  1.70175e-07
 Reference value :  1.71663e-07
 Reference value :  1.73214e-07
 Reference value :  1.74702e-07
 Reference value :  1.76129e-07
 Reference value :  1.77555e-07
 Reference value :  1.79230e-07
 Reference value :  1.81338e-07
 Reference value :  1.83943e-07
 Reference value :  1.86300e-07
 Reference value :  1.88781e-07
 Reference value :  1.91262e-07
 Reference value :  1.93804e-07
 Reference value :  1.96347e-07
 Reference value :  1.98828e-07
 Reference value :  2.01371e-07
 Reference value :  2.03790e-07
 Reference value :  2.06332e-07
 Reference value :  2.08813e-07
 Reference value :  2.11418e-07
 Reference value :  2.13837e-07
 Reference value :  2.16379e-07
 Reference value :  2.18922e-07
 Reference value :  2.21465e-07
 Reference value :  2.24008e-07
 Reference value :  2.26427e-07
 Reference value :  2.28846e-07
 Reference value :  2.31202e-07
 Reference value :  2.33683e-07
 Reference value :  2.36102e-07
 Reference value :  2.38645e-07
 Reference value :  2.40071e-07
 Reference value :  2.41870e-07
 Reference value :  2.44351e-07
 Reference value :  2.47017e-07
 Reference value :  2.49560e-07
 Reference value :  2.52103e-07
 Reference value :  2.54584e-07
 Reference value :  2.57251e-07
 Reference value :  2.59607e-07
 Reference value :  2.62212e-07
 Reference value :  2.64817e-07
 Reference value :  2.67298e-07
 Reference value :  2.69902e-07
 Reference value :  2.72445e-07
 Reference value :  2.75174e-07
 Reference value :  2.77469e-07
 Reference value :  2.80074e-07
 Reference value :  2.82679e-07
 Reference value :  2.85221e-07
 Reference value :  2.87826e-07
 Reference value :  2.90307e-07
 Reference value :  2.92974e-07
 Reference value :  2.95393e-07
 Reference value :  2.97998e-07
 Reference value :  3.00354e-07
 Reference value :  3.02897e-07
 Reference value :  3.05502e-07
 Reference value :  3.07673e-07
 Reference value :  3.10340e-07
 Reference value :  3.12820e-07
 Reference value :  3.14991e-07
 Reference value :  3.16975e-07
 Reference value :  3.18774e-07
 Reference value :  3.21255e-07
 Reference value :  3.23798e-07
 Reference value :  3.26278e-07
 Reference value :  3.28945e-07
 Reference value :  3.31364e-07
 Reference value :  3.33907e-07
 Reference value :  3.36388e-07
 Reference value :  3.38744e-07
 Reference value :  3.40481e-07
 Reference value :  3.42900e-07
 Reference value :  3.45132e-07
 Reference value :  3.47799e-07
 Reference value :  3.50218e-07
 Reference value :  3.52761e-07
 Reference value :  3.55242e-07
 Reference value :  3.57722e-07
 Reference value :  3.60327e-07
 Reference value :  3.62808e-07
 Reference value :  3.65413e-07
 Reference value :  3.67894e-07
 Reference value :  3.70498e-07
No. of Data Rows : 6014
vhold_min           =  1.20000e+00 at=  2.65446e-10
tfirst              =  2.36436e-08
t1                  =  2.28588e-07
t2                  =  2.37694e-07
t3                  =  2.46801e-07
t4                  =  2.55908e-07
t5                  =  2.65016e-07
t6                  =  2.74123e-07
t7                  =  2.83229e-07
t8                  =  2.92334e-07
t9                  =  3.01441e-07
t10                 =  3.10548e-07
t11                 =  3.19656e-07
t12                 =  3.28763e-07
idd_run             =  -3.38764e-04 from=  2.23300e-07 to=  3.72100e-07
vmax                =  1.20718e+00 at=  3.42155e-07
vmin                =  -1.33054e-02 at=  3.33411e-07
Note: Simulation executed from .control section 
Warning: m=xx on .subckt line will override multiplier m hierarchy!

Note: Starting dynamic gmin stepping
Note: Dynamic gmin stepping completed
Note: Starting dynamic gmin stepping
Note: Dynamic gmin stepping completed
