
Note: Compatibility modes selected: hs a


Circuit: * tt_analog_ring, code 127

Doing analysis at TEMP = 27.000000 and TNOM = 27.000000

Using SPARSE 1.3 as Direct Linear Solver
 Reference value :  0.00000e+00
No. of Data Rows : 1
idd_dis=0.000326422 vbp=0.558468 vbn=0.502592 clk_dis=1.2
Doing analysis at TEMP = 27.000000 and TNOM = 27.000000

Using SPARSE 1.3 as Direct Linear Solver

Initial Transient Solution
--------------------------

Node                                   Voltage
----                                   -------
vpwr                                       1.2
code[0]                                    1.2
code[1]                                    1.2
code[2]                                    1.2
code[3]                                    1.2
code[4]                                    1.2
code[5]                                    1.2
code[6]                                    1.2
code[7]                                      0
enable                                       0
xdut.vbp                              0.558468
clk_out                                    1.2
xdut.b1                            2.02246e-07
xdut.s3                            8.21506e-07
xdut.s2                                    1.2
xdut.n_126                                 1.2
xdut.s1                             6.7116e-07
xdut.n_125                                 1.2
xdut.s10                                   1.2
xdut.s6                                    1.2
xdut.s5                            5.43174e-07
xdut.n_128                                 1.2
xdut.s9                            6.75489e-07
xdut.n_133                                 1.2
xdut.s4                                    1.2
xdut.n_129                                 1.2
xdut.s8                                    1.2
xdut.n_132                                 1.2
xdut.s7                            6.77674e-07
xdut.n_130                                 1.2
xdut.n_127                                 1.2
xdut.n_131                                 1.2
xdut.s0                                    1.2
xdut.n_124                                 1.2
xdut.n_71                          5.78161e-07
xdut.n_72                          5.90059e-07
xdut.n_70                          7.68301e-08
xdut.n_77                          7.15595e-07
xdut.n_75                          2.45165e-07
xdut.n_73                          9.63127e-08
xdut.n_67                          6.78165e-08
xdut.n_76                          5.08698e-08
xdut.n_69                          5.93077e-07
xdut.n_74                          4.73013e-07
xdut.n_122                                 1.2
xdut.n_i1005                           1.03951
xdut.n_68                          8.26213e-08
xdut.vbn                              0.502592
ven#branch                         7.51554e-12
vc7#branch                         1.73362e-12
vc6#branch                        -2.91585e-08
vc5#branch                        -1.46283e-08
vc4#branch                        -7.31507e-09
vc3#branch                        -3.63727e-09
vc2#branch                         -1.8004e-09
vc1#branch                        -9.13079e-10
vc0#branch                        -4.65761e-10
vdd#branch                        -0.000326422

 Reference value :  0.00000e+00
 Reference value :  2.37413e-09
 Reference value :  5.22705e-09
 Reference value :  8.07997e-09
 Reference value :  1.09329e-08
 Reference value :  1.37858e-08
 Reference value :  1.66387e-08
 Reference value :  1.87849e-08
 Reference value :  2.03974e-08
 Reference value :  2.19479e-08
 Reference value :  2.36845e-08
 Reference value :  2.52350e-08
 Reference value :  2.68475e-08
 Reference value :  2.86461e-08
 Reference value :  3.01966e-08
 Reference value :  3.17471e-08
 Reference value :  3.34216e-08
 Reference value :  3.49101e-08
 Reference value :  3.65846e-08
 Reference value :  3.93135e-08
 Reference value :  4.10501e-08
 Reference value :  4.33448e-08
 Reference value :  4.55155e-08
 Reference value :  4.73141e-08
 Reference value :  4.89266e-08
 Reference value :  5.11593e-08
 Reference value :  5.38882e-08
 Reference value :  5.66171e-08
 Reference value :  5.92219e-08
 Reference value :  6.18268e-08
 Reference value :  6.42455e-08
 Reference value :  6.65403e-08
 Reference value :  6.89591e-08
 Reference value :  7.17500e-08
 Reference value :  7.42308e-08
 Reference value :  7.69596e-08
 Reference value :  7.93784e-08
 Reference value :  8.19833e-08
 Reference value :  8.45881e-08
 Reference value :  8.72550e-08
 Reference value :  8.98598e-08
 Reference value :  9.24646e-08
 Reference value :  9.51315e-08
 Reference value :  9.76123e-08
 Reference value :  1.00279e-07
 Reference value :  1.02884e-07
 Reference value :  1.05613e-07
 Reference value :  1.08094e-07
 Reference value :  1.10761e-07
 Reference value :  1.13303e-07
 Reference value :  1.15908e-07
 Reference value :  1.18451e-07
 Reference value :  1.20932e-07
 Reference value :  1.23599e-07
 Reference value :  1.26141e-07
 Reference value :  1.28312e-07
 Reference value :  1.30793e-07
 Reference value :  1.33212e-07
 Reference value :  1.35631e-07
 Reference value :  1.38297e-07
 Reference value :  1.40840e-07
 Reference value :  1.43631e-07
 Reference value :  1.46112e-07
 Reference value :  1.48779e-07
 Reference value :  1.51260e-07
 Reference value :  1.53988e-07
 Reference value :  1.56655e-07
 Reference value :  1.59198e-07
 Reference value :  1.61865e-07
 Reference value :  1.64408e-07
 Reference value :  1.66827e-07
 Reference value :  1.68811e-07
 Reference value :  1.71602e-07
 Reference value :  1.73835e-07
 Reference value :  1.76502e-07
 Reference value :  1.78983e-07
 Reference value :  1.81711e-07
 Reference value :  1.84130e-07
 Reference value :  1.86735e-07
 Reference value :  1.89216e-07
 Reference value :  1.91821e-07
 Reference value :  1.94363e-07
 Reference value :  1.96968e-07
 Reference value :  1.99573e-07
 Reference value :  2.02054e-07
 Reference value :  2.04659e-07
 Reference value :  2.07078e-07
 Reference value :  2.09868e-07
 Reference value :  2.12287e-07
 Reference value :  2.14954e-07
 Reference value :  2.17435e-07
 Reference value :  2.20040e-07
 Reference value :  2.22459e-07
 Reference value :  2.25063e-07
 Reference value :  2.27606e-07
 Reference value :  2.30211e-07
 Reference value :  2.32816e-07
 Reference value :  2.35359e-07
 Reference value :  2.38088e-07
 Reference value :  2.40568e-07
 Reference value :  2.43173e-07
 Reference value :  2.45654e-07
 Reference value :  2.48383e-07
 Reference value :  2.50864e-07
 Reference value :  2.53531e-07
 Reference value :  2.56073e-07
 Reference value :  2.58678e-07
 Reference value :  2.61221e-07
 Reference value :  2.63826e-07
 Reference value :  2.66555e-07
 Reference value :  2.69036e-07
 Reference value :  2.71702e-07
 Reference value :  2.74183e-07
 Reference value :  2.77098e-07
 Reference value :  2.79641e-07
 Reference value :  2.82246e-07
 Reference value :  2.84789e-07
 Reference value :  2.87393e-07
 Reference value :  2.90060e-07
 Reference value :  2.92107e-07
 Reference value :  2.93782e-07
 Reference value :  2.96076e-07
 Reference value :  2.98247e-07
 Reference value :  2.99860e-07
 Reference value :  3.01534e-07
 Reference value :  3.03085e-07
 Reference value :  3.04883e-07
 Reference value :  3.06434e-07
 Reference value :  3.08046e-07
 Reference value :  3.09721e-07
 Reference value :  3.11953e-07
 Reference value :  3.14186e-07
 Reference value :  3.15737e-07
 Reference value :  3.18031e-07
 Reference value :  3.20698e-07
 Reference value :  3.23427e-07
 Reference value :  3.25970e-07
 Reference value :  3.28699e-07
 Reference value :  3.31180e-07
 Reference value :  3.33846e-07
 Reference value :  3.36389e-07
 Reference value :  3.39056e-07
 Reference value :  3.41599e-07
 Reference value :  3.44266e-07
 Reference value :  3.46933e-07
 Reference value :  3.49538e-07
 Reference value :  3.52080e-07
 Reference value :  3.54623e-07
 Reference value :  3.57290e-07
 Reference value :  3.59833e-07
 Reference value :  3.62500e-07
 Reference value :  3.65043e-07
 Reference value :  3.67709e-07
 Reference value :  3.70128e-07
 Reference value :  3.71865e-07
No. of Data Rows : 6014
vhold_min           =  1.20000e+00 at=  3.27466e-10
tfirst              =  2.38281e-08
t1                  =  2.28791e-07
t2                  =  2.38313e-07
t3                  =  2.47837e-07
t4                  =  2.57360e-07
t5                  =  2.66884e-07
t6                  =  2.76407e-07
t7                  =  2.85930e-07
t8                  =  2.95455e-07
t9                  =  3.04977e-07
t10                 =  3.14502e-07
t11                 =  3.24024e-07
t12                 =  3.33549e-07
idd_run             =  -3.38156e-04 from=  2.23300e-07 to=  3.72100e-07
vmax                =  1.20665e+00 at=  2.90246e-07
vmin                =  -1.19710e-02 at=  3.57290e-07
Note: Simulation executed from .control section 
Warning: m=xx on .subckt line will override multiplier m hierarchy!

Note: Starting dynamic gmin stepping
Note: Dynamic gmin stepping completed
Note: Starting dynamic gmin stepping
Note: Dynamic gmin stepping completed
