
Note: Compatibility modes selected: hs a


Circuit: * tt_analog_ring, code 128

Doing analysis at TEMP = 27.000000 and TNOM = 27.000000

Using SPARSE 1.3 as Direct Linear Solver
 Reference value :  0.00000e+00
No. of Data Rows : 1
idd_dis=0.000330954 vbp=0.556586 vbn=0.498059 clk_dis=1.2
Doing analysis at TEMP = 27.000000 and TNOM = 27.000000

Using SPARSE 1.3 as Direct Linear Solver

Initial Transient Solution
--------------------------

Node                                   Voltage
----                                   -------
vpwr                                       1.2
code[0]                                      0
code[1]                                      0
code[2]                                      0
code[3]                                      0
code[4]                                      0
code[5]                                      0
code[6]                                      0
code[7]                                    1.2
enable                                       0
xdut.vbp                              0.556586
clk_out                                    1.2
xdut.b1                            1.67169e-07
xdut.s3                            7.79613e-07
xdut.s2                                    1.2
xdut.n_126                                 1.2
xdut.s1                            7.52384e-07
xdut.n_125                                 1.2
xdut.s10                                   1.2
xdut.s6                                    1.2
xdut.s5                            8.44919e-07
xdut.n_128                                 1.2
xdut.s9                            7.57635e-07
xdut.n_133                                 1.2
xdut.s4                                    1.2
xdut.n_129                                 1.2
xdut.s8                                    1.2
xdut.n_132                                 1.2
xdut.s7                            8.46574e-07
xdut.n_130                                 1.2
xdut.n_127                                 1.2
xdut.n_131                                 1.2
xdut.s0                                    1.2
xdut.n_124                                 1.2
xdut.n_71                           6.5591e-07
xdut.n_72                          7.39792e-07
xdut.n_70                          5.54003e-08
xdut.n_77                          6.88042e-07
xdut.n_75                          7.46761e-08
xdut.n_73                          7.24945e-08
xdut.n_67                          4.04849e-08
xdut.n_76                          2.68869e-07
xdut.n_69                          6.64378e-07
xdut.n_74                          7.38046e-07
xdut.n_122                                 1.2
xdut.n_i1005                           1.01855
xdut.n_68                          1.65339e-07
xdut.vbn                              0.498059
ven#branch                         7.47437e-12
vc7#branch                        -5.86504e-08
vc6#branch                         8.62161e-13
vc5#branch                         4.28363e-13
vc4#branch                         2.16048e-13
vc3#branch                         1.07181e-13
vc2#branch                         5.35222e-14
vc1#branch                         2.66067e-14
vc0#branch                           1.365e-14
vdd#branch                        -0.000330954

 Reference value :  0.00000e+00
 Reference value :  2.11610e-09
 Reference value :  4.58530e-09
 Reference value :  7.17796e-09
 Reference value :  9.70889e-09
 Reference value :  1.21781e-08
 Reference value :  1.47090e-08
 Reference value :  1.72400e-08
 Reference value :  1.88904e-08
 Reference value :  2.03102e-08
 Reference value :  2.16682e-08
 Reference value :  2.31497e-08
 Reference value :  2.46313e-08
 Reference value :  2.61128e-08
 Reference value :  2.75326e-08
 Reference value :  2.90758e-08
 Reference value :  3.04339e-08
 Reference value :  3.18537e-08
 Reference value :  3.33969e-08
 Reference value :  3.48167e-08
 Reference value :  3.62365e-08
 Reference value :  3.77180e-08
 Reference value :  3.91995e-08
 Reference value :  4.06193e-08
 Reference value :  4.20391e-08
 Reference value :  4.35824e-08
 Reference value :  4.50022e-08
 Reference value :  4.64220e-08
 Reference value :  4.80269e-08
 Reference value :  4.93850e-08
 Reference value :  5.08048e-08
 Reference value :  5.24715e-08
 Reference value :  5.38913e-08
 Reference value :  5.53111e-08
 Reference value :  5.67309e-08
 Reference value :  5.82741e-08
 Reference value :  5.96322e-08
 Reference value :  6.09902e-08
 Reference value :  6.25335e-08
 Reference value :  6.39533e-08
 Reference value :  6.53731e-08
 Reference value :  6.68546e-08
 Reference value :  6.83361e-08
 Reference value :  6.98176e-08
 Reference value :  7.11757e-08
 Reference value :  7.27189e-08
 Reference value :  7.40153e-08
 Reference value :  7.53116e-08
 Reference value :  7.67314e-08
 Reference value :  7.80894e-08
 Reference value :  7.93858e-08
 Reference value :  8.06821e-08
 Reference value :  8.21636e-08
 Reference value :  8.34600e-08
 Reference value :  8.48797e-08
 Reference value :  8.64847e-08
 Reference value :  8.79045e-08
 Reference value :  8.92626e-08
 Reference value :  9.06824e-08
 Reference value :  9.22256e-08
 Reference value :  9.35219e-08
 Reference value :  9.48183e-08
 Reference value :  9.62998e-08
 Reference value :  9.75961e-08
 Reference value :  9.88925e-08
 Reference value :  1.00312e-07
 Reference value :  1.01855e-07
 Reference value :  1.03214e-07
 Reference value :  1.04572e-07
 Reference value :  1.06115e-07
 Reference value :  1.07288e-07
 Reference value :  1.08646e-07
 Reference value :  1.10004e-07
 Reference value :  1.11609e-07
 Reference value :  1.13029e-07
 Reference value :  1.14448e-07
 Reference value :  1.16053e-07
 Reference value :  1.17411e-07
 Reference value :  1.18770e-07
 Reference value :  1.20313e-07
 Reference value :  1.21733e-07
 Reference value :  1.23152e-07
 Reference value :  1.24634e-07
 Reference value :  1.26177e-07
 Reference value :  1.27597e-07
 Reference value :  1.28955e-07
 Reference value :  1.30622e-07
 Reference value :  1.32103e-07
 Reference value :  1.33585e-07
 Reference value :  1.35190e-07
 Reference value :  1.36548e-07
 Reference value :  1.37906e-07
 Reference value :  1.39326e-07
 Reference value :  1.40807e-07
 Reference value :  1.42227e-07
 Reference value :  1.43647e-07
 Reference value :  1.45252e-07
 Reference value :  1.46610e-07
 Reference value :  1.48030e-07
 Reference value :  1.49573e-07
 Reference value :  1.50746e-07
 Reference value :  1.51980e-07
 Reference value :  1.53153e-07
 Reference value :  1.54573e-07
 Reference value :  1.55808e-07
 Reference value :  1.57042e-07
 Reference value :  1.58277e-07
 Reference value :  1.59697e-07
 Reference value :  1.60931e-07
 Reference value :  1.62227e-07
 Reference value :  1.63647e-07
 Reference value :  1.65129e-07
 Reference value :  1.66549e-07
 Reference value :  1.67907e-07
 Reference value :  1.69450e-07
 Reference value :  1.70746e-07
 Reference value :  1.71919e-07
 Reference value :  1.73154e-07
 Reference value :  1.74512e-07
 Reference value :  1.75746e-07
 Reference value :  1.76919e-07
 Reference value :  1.78216e-07
 Reference value :  1.79512e-07
 Reference value :  1.80746e-07
 Reference value :  1.82043e-07
 Reference value :  1.83586e-07
 Reference value :  1.84944e-07
 Reference value :  1.86364e-07
 Reference value :  1.87845e-07
 Reference value :  1.89450e-07
 Reference value :  1.90870e-07
 Reference value :  1.92290e-07
 Reference value :  1.93895e-07
 Reference value :  1.95253e-07
 Reference value :  1.96611e-07
 Reference value :  1.98154e-07
 Reference value :  1.99636e-07
 Reference value :  2.00994e-07
 Reference value :  2.02475e-07
 Reference value :  2.03957e-07
 Reference value :  2.05315e-07
 Reference value :  2.06673e-07
 Reference value :  2.08278e-07
 Reference value :  2.09698e-07
 Reference value :  2.11056e-07
 Reference value :  2.12599e-07
 Reference value :  2.14019e-07
 Reference value :  2.15377e-07
 Reference value :  2.16797e-07
 Reference value :  2.18340e-07
 Reference value :  2.19822e-07
 Reference value :  2.21241e-07
 Reference value :  2.22846e-07
 Reference value :  2.24143e-07
 Reference value :  2.25377e-07
 Reference value :  2.26735e-07
 Reference value :  2.28093e-07
 Reference value :  2.29328e-07
 Reference value :  2.30748e-07
 Reference value :  2.32291e-07
 Reference value :  2.33526e-07
 Reference value :  2.34822e-07
 Reference value :  2.36057e-07
 Reference value :  2.37538e-07
 Reference value :  2.38834e-07
 Reference value :  2.40131e-07
 Reference value :  2.41489e-07
 Reference value :  2.42785e-07
 Reference value :  2.44020e-07
 Reference value :  2.45254e-07
 Reference value :  2.46674e-07
 Reference value :  2.47970e-07
 Reference value :  2.49205e-07
 Reference value :  2.50440e-07
 Reference value :  2.51859e-07
 Reference value :  2.53094e-07
 Reference value :  2.54390e-07
 Reference value :  2.55687e-07
 Reference value :  2.57168e-07
 Reference value :  2.58465e-07
 Reference value :  2.59761e-07
 Reference value :  2.61242e-07
 Reference value :  2.62539e-07
 Reference value :  2.63835e-07
 Reference value :  2.65008e-07
 Reference value :  2.66428e-07
 Reference value :  2.67662e-07
 Reference value :  2.68897e-07
 Reference value :  2.70131e-07
 Reference value :  2.71490e-07
 Reference value :  2.72724e-07
 Reference value :  2.73959e-07
 Reference value :  2.75317e-07
 Reference value :  2.76675e-07
 Reference value :  2.78033e-07
 Reference value :  2.79268e-07
 Reference value :  2.80749e-07
 Reference value :  2.81984e-07
 Reference value :  2.83218e-07
 Reference value :  2.84515e-07
 Reference value :  2.85996e-07
 Reference value :  2.87292e-07
 Reference value :  2.88589e-07
 Reference value :  2.90009e-07
 Reference value :  2.91428e-07
 Reference value :  2.93095e-07
 Reference value :  2.94700e-07
 Reference value :  2.96367e-07
 Reference value :  2.97787e-07
 Reference value :  2.99145e-07
 Reference value :  3.00688e-07
 Reference value :  3.02108e-07
 Reference value :  3.03527e-07
 Reference value :  3.05071e-07
 Reference value :  3.06490e-07
 Reference value :  3.07849e-07
 Reference value :  3.09330e-07
 Reference value :  3.10812e-07
 Reference value :  3.12231e-07
 Reference value :  3.13651e-07
 Reference value :  3.15256e-07
 Reference value :  3.16614e-07
 Reference value :  3.18034e-07
 Reference value :  3.19701e-07
 Reference value :  3.21120e-07
 Reference value :  3.22664e-07
 Reference value :  3.24330e-07
 Reference value :  3.25750e-07
 Reference value :  3.27108e-07
 Reference value :  3.28590e-07
 Reference value :  3.30071e-07
 Reference value :  3.31429e-07
 Reference value :  3.32849e-07
 Reference value :  3.34392e-07
 Reference value :  3.35750e-07
 Reference value :  3.36985e-07
 Reference value :  3.38281e-07
 Reference value :  3.39639e-07
 Reference value :  3.40874e-07
 Reference value :  3.42170e-07
 Reference value :  3.43528e-07
 Reference value :  3.44763e-07
 Reference value :  3.46059e-07
 Reference value :  3.47356e-07
 Reference value :  3.48837e-07
 Reference value :  3.50072e-07
 Reference value :  3.51306e-07
 Reference value :  3.52603e-07
 Reference value :  3.54023e-07
 Reference value :  3.55257e-07
 Reference value :  3.56492e-07
 Reference value :  3.57850e-07
 Reference value :  3.59146e-07
 Reference value :  3.60381e-07
 Reference value :  3.61615e-07
 Reference value :  3.62973e-07
 Reference value :  3.64270e-07
 Reference value :  3.65566e-07
 Reference value :  3.66862e-07
 Reference value :  3.68344e-07
 Reference value :  3.69640e-07
No. of Data Rows : 6015
vhold_min           =  1.20000e+00 at=  2.64204e-10
tfirst              =  2.39278e-08
t1                  =  2.22848e-07
t2                  =  2.32549e-07
t3                  =  2.42249e-07
t4                  =  2.51949e-07
t5                  =  2.61650e-07
t6                  =  2.71351e-07
t7                  =  2.81054e-07
t8                  =  2.90755e-07
t9                  =  3.00456e-07
t10                 =  3.10156e-07
t11                 =  3.19856e-07
t12                 =  3.29557e-07
idd_run             =  -3.42505e-04 from=  2.22200e-07 to=  3.70400e-07
vmax                =  1.20651e+00 at=  3.05009e-07
vmin                =  -1.07268e-02 at=  3.44207e-07
Note: Simulation executed from .control section 
Warning: m=xx on .subckt line will override multiplier m hierarchy!

Note: Starting dynamic gmin stepping
Note: Dynamic gmin stepping completed
Note: Starting dynamic gmin stepping
Note: Dynamic gmin stepping completed
