
Note: Compatibility modes selected: hs a


Circuit: * tt_analog_ring, code 2

Doing analysis at TEMP = -40.000000 and TNOM = 27.000000

Using SPARSE 1.3 as Direct Linear Solver
 Reference value :  0.00000e+00
No. of Data Rows : 1
idd_dis=1.88107E-05 vbp=0.866593 vbn=0.317557 clk_dis=1.32
Doing analysis at TEMP = -40.000000 and TNOM = 27.000000

Using SPARSE 1.3 as Direct Linear Solver

Initial Transient Solution
--------------------------

Node                                   Voltage
----                                   -------
vpwr                                      1.32
code[0]                                      0
code[1]                                   1.32
code[2]                                      0
code[3]                                      0
code[4]                                      0
code[5]                                      0
code[6]                                      0
code[7]                                      0
enable                                       0
xdut.vbp                              0.866593
clk_out                                   1.32
xdut.b1                            4.91302e-08
xdut.s3                            1.72955e-06
xdut.s2                                   1.32
xdut.n_126                                1.32
xdut.s1                            1.72955e-06
xdut.n_125                                1.32
xdut.s10                                  1.32
xdut.s6                                   1.32
xdut.s5                            1.72955e-06
xdut.n_128                                1.32
xdut.s9                            1.72955e-06
xdut.n_133                                1.32
xdut.s4                                   1.32
xdut.n_129                                1.32
xdut.s8                                   1.32
xdut.n_132                                1.32
xdut.s7                            1.72955e-06
xdut.n_130                                1.32
xdut.n_127                                1.32
xdut.n_131                                1.32
xdut.s0                                   1.32
xdut.n_124                                1.32
xdut.n_71                          1.70769e-06
xdut.n_72                          1.70769e-06
xdut.n_70                          4.13903e-08
xdut.n_77                          1.70769e-06
xdut.n_75                          4.13903e-08
xdut.n_73                          4.13903e-08
xdut.n_67                          4.13903e-08
xdut.n_76                          4.13903e-08
xdut.n_69                          1.70769e-06
xdut.n_74                          1.70769e-06
xdut.n_122                                1.32
xdut.n_i1005                           1.11171
xdut.n_68                          7.79486e-08
xdut.vbn                              0.317557
ven#branch                         4.15755e-12
vc7#branch                         6.44447e-12
vc6#branch                         3.22224e-12
vc5#branch                         1.61112e-12
vc4#branch                         8.05559e-13
vc3#branch                          4.0278e-13
vc2#branch                          2.0139e-13
vc1#branch                          -1.604e-09
vc0#branch                         5.03475e-14
vdd#branch                        -1.88107e-05

 Reference value :  0.00000e+00
 Reference value :  1.25236e-07
 Reference value :  2.63665e-07
 Reference value :  4.02094e-07
 Reference value :  5.13341e-07
 Reference value :  5.65955e-07
 Reference value :  6.24526e-07
 Reference value :  6.79294e-07
 Reference value :  7.33088e-07
 Reference value :  7.88672e-07
 Reference value :  8.44214e-07
 Reference value :  8.99295e-07
 Reference value :  9.58031e-07
 Reference value :  1.01220e-06
 Reference value :  1.07332e-06
 Reference value :  1.13349e-06
 Reference value :  1.19005e-06
 Reference value :  1.24474e-06
 Reference value :  1.29952e-06
 Reference value :  1.35273e-06
 Reference value :  1.40571e-06
 Reference value :  1.46210e-06
 Reference value :  1.51704e-06
 Reference value :  1.57343e-06
 Reference value :  1.62978e-06
 Reference value :  1.68470e-06
 Reference value :  1.73939e-06
 Reference value :  1.79576e-06
 Reference value :  1.85070e-06
 Reference value :  1.90539e-06
 Reference value :  1.95969e-06
 Reference value :  2.01532e-06
 Reference value :  2.07172e-06
 Reference value :  2.12604e-06
 Reference value :  2.18168e-06
 Reference value :  2.23808e-06
 Reference value :  2.28880e-06
 Reference value :  2.34609e-06
 Reference value :  2.40419e-06
 Reference value :  2.45862e-06
 Reference value :  2.51345e-06
 Reference value :  2.56643e-06
 Reference value :  2.62344e-06
 Reference value :  2.67828e-06
 Reference value :  2.73297e-06
 Reference value :  2.78815e-06
 Reference value :  2.83901e-06
 Reference value :  2.89334e-06
 Reference value :  2.94579e-06
 Reference value :  3.00340e-06
 Reference value :  3.05916e-06
 Reference value :  3.11623e-06
 Reference value :  3.17133e-06
 Reference value :  3.22735e-06
 Reference value :  3.28440e-06
 Reference value :  3.33760e-06
 Reference value :  3.39371e-06
 Reference value :  3.45233e-06
 Reference value :  3.50439e-06
 Reference value :  3.56078e-06
 Reference value :  3.61988e-06
 Reference value :  3.67593e-06
 Reference value :  3.73233e-06
 Reference value :  3.79114e-06
 Reference value :  3.84669e-06
 Reference value :  3.90309e-06
 Reference value :  3.96201e-06
 Reference value :  4.01756e-06
 Reference value :  4.07566e-06
 Reference value :  4.13132e-06
 Reference value :  4.18725e-06
 Reference value :  4.24536e-06
 Reference value :  4.30070e-06
 Reference value :  4.35446e-06
 Reference value :  4.41086e-06
 Reference value :  4.46827e-06
 Reference value :  4.52846e-06
 Reference value :  4.58553e-06
 Reference value :  4.64193e-06
 Reference value :  4.69751e-06
 Reference value :  4.75807e-06
 Reference value :  4.81618e-06
 Reference value :  4.86993e-06
 Reference value :  4.93059e-06
 Reference value :  4.98870e-06
 Reference value :  5.03904e-06
 Reference value :  5.09818e-06
 Reference value :  5.15799e-06
 Reference value :  5.21131e-06
 Reference value :  5.26840e-06
 Reference value :  5.32309e-06
 Reference value :  5.37352e-06
 Reference value :  5.43065e-06
 Reference value :  5.49047e-06
 Reference value :  5.54254e-06
 Reference value :  5.60150e-06
 Reference value :  5.65948e-06
 Reference value :  5.71503e-06
 Reference value :  5.76854e-06
 Reference value :  5.82757e-06
 Reference value :  5.88383e-06
 Reference value :  5.93896e-06
 Reference value :  5.99174e-06
 Reference value :  6.04757e-06
 Reference value :  6.10475e-06
 Reference value :  6.15885e-06
 Reference value :  6.21667e-06
 Reference value :  6.27391e-06
 Reference value :  6.32466e-06
 Reference value :  6.37896e-06
 Reference value :  6.43244e-06
 Reference value :  6.48679e-06
 Reference value :  6.54014e-06
 Reference value :  6.59666e-06
 Reference value :  6.65272e-06
 Reference value :  6.70559e-06
 Reference value :  6.76241e-06
 Reference value :  6.81840e-06
 Reference value :  6.87175e-06
 Reference value :  6.92652e-06
 Reference value :  6.98292e-06
 Reference value :  7.03437e-06
 Reference value :  7.08910e-06
 Reference value :  7.14550e-06
 Reference value :  7.19659e-06
 Reference value :  7.25140e-06
 Reference value :  7.30609e-06
 Reference value :  7.35930e-06
 Reference value :  7.41567e-06
 Reference value :  7.47036e-06
 Reference value :  7.52529e-06
 Reference value :  7.58133e-06
 Reference value :  7.63773e-06
 Reference value :  7.69507e-06
 Reference value :  7.74936e-06
 Reference value :  7.80576e-06
 Reference value :  7.86311e-06
 Reference value :  7.91558e-06
 Reference value :  7.97198e-06
 Reference value :  8.03097e-06
 Reference value :  8.08734e-06
 Reference value :  8.14544e-06
 Reference value :  8.19848e-06
 Reference value :  8.25102e-06
 Reference value :  8.30742e-06
 Reference value :  8.36257e-06
 Reference value :  8.42137e-06
 Reference value :  8.47948e-06
 Reference value :  8.53267e-06
 Reference value :  8.58954e-06
 Reference value :  8.64545e-06
 Reference value :  8.69795e-06
 Reference value :  8.75472e-06
 Reference value :  8.81265e-06
 Reference value :  8.86369e-06
 Reference value :  8.92017e-06
 Reference value :  8.97656e-06
 Reference value :  9.02964e-06
 Reference value :  9.08604e-06
 Reference value :  9.14530e-06
 Reference value :  9.20248e-06
 Reference value :  9.25494e-06
 Reference value :  9.30451e-06
 Reference value :  9.35786e-06
 Reference value :  9.41497e-06
 Reference value :  9.47137e-06
 Reference value :  9.51321e-06
 Reference value :  9.55893e-06
 Reference value :  9.60790e-06
 Reference value :  9.64636e-06
 Reference value :  9.67883e-06
 Reference value :  9.72459e-06
 Reference value :  9.77539e-06
 Reference value :  9.81709e-06
 Reference value :  9.86152e-06
 Reference value :  9.89658e-06
 Reference value :  9.93418e-06
 Reference value :  9.98262e-06
 Reference value :  1.00151e-05
 Reference value :  1.00561e-05
 Reference value :  1.01029e-05
 Reference value :  1.01431e-05
 Reference value :  1.01824e-05
 Reference value :  1.02344e-05
No. of Data Rows : 6132
vhold_min           =  1.32000e+00 at=  1.36720e-10
tfirst              =  5.92476e-07
t1                  =  6.15218e-06
t2                  =  6.32094e-06
t3                  =  6.48746e-06
t4                  =  6.65323e-06
t5                  =  6.81911e-06
t6                  =  6.98496e-06
t7                  =  7.15083e-06
t8                  =  7.31672e-06
t9                  =  7.48270e-06
t10                 =  7.64880e-06
t11                 =  7.81516e-06
t12                 =  7.98141e-06
idd_run             =  -2.05069e-05 from=  6.15400e-06 to=  1.02600e-05
vmax                =  1.34714e+00 at=  7.81738e-06
vmin                =  -1.68196e-02 at=  1.02230e-05
Note: Simulation executed from .control section 
Warning: m=xx on .subckt line will override multiplier m hierarchy!

Note: Starting dynamic gmin stepping
Warning: Dynamic gmin stepping failed
Note: Starting true gmin stepping
Note: True gmin stepping completed
Note: Starting dynamic gmin stepping
Warning: Dynamic gmin stepping failed
Note: Starting true gmin stepping
Note: True gmin stepping completed
