
Note: Compatibility modes selected: hs a


Circuit: * tt_analog_ring, code 1

Doing analysis at TEMP = 125.000000 and TNOM = 27.000000

Using SPARSE 1.3 as Direct Linear Solver
 Reference value :  0.00000e+00
No. of Data Rows : 1
idd_dis=5.39859E-06 vbp=0.894098 vbn=0.223681 clk_dis=1.2
Doing analysis at TEMP = 125.000000 and TNOM = 27.000000

Using SPARSE 1.3 as Direct Linear Solver

Initial Transient Solution
--------------------------

Node                                   Voltage
----                                   -------
vpwr                                       1.2
code[0]                                    1.2
code[1]                                      0
code[2]                                      0
code[3]                                      0
code[4]                                      0
code[5]                                      0
code[6]                                      0
code[7]                                      0
enable                                       0
xdut.vbp                              0.894098
clk_out                                    1.2
xdut.b1                            7.24926e-07
xdut.s3                            8.71295e-05
xdut.s2                                1.19998
xdut.n_126                             1.19994
xdut.s1                            8.71536e-05
xdut.n_125                             1.19998
xdut.s10                               1.19998
xdut.s6                                1.19998
xdut.s5                            8.71295e-05
xdut.n_128                             1.19998
xdut.s9                            8.71295e-05
xdut.n_133                             1.19998
xdut.s4                                1.19998
xdut.n_129                             1.19994
xdut.s8                                1.19998
xdut.n_132                             1.19994
xdut.s7                            8.71295e-05
xdut.n_130                             1.19994
xdut.n_127                             1.19998
xdut.n_131                             1.19998
xdut.s0                                1.19996
xdut.n_124                             1.19994
xdut.n_71                          8.64699e-05
xdut.n_72                          8.64461e-05
xdut.n_70                          1.46655e-05
xdut.n_77                          8.64461e-05
xdut.n_75                          1.46655e-05
xdut.n_73                          1.46655e-05
xdut.n_67                          1.46655e-05
xdut.n_76                          1.46655e-05
xdut.n_69                          8.64461e-05
xdut.n_74                          8.64461e-05
xdut.n_122                             1.19996
xdut.n_i1005                           1.02029
xdut.n_68                          3.39738e-05
xdut.vbn                              0.223681
ven#branch                         3.57894e-12
vc7#branch                          4.5093e-12
vc6#branch                         2.25465e-12
vc5#branch                         1.12733e-12
vc4#branch                         5.63663e-13
vc3#branch                         2.81832e-13
vc2#branch                         1.40916e-13
vc1#branch                         7.04579e-14
vc0#branch                        -1.99373e-10
vdd#branch                        -5.39859e-06

 Reference value :  0.00000e+00
 Reference value :  6.73147e-08
 Reference value :  1.52378e-07
 Reference value :  2.37441e-07
 Reference value :  3.22504e-07
 Reference value :  4.09866e-07
 Reference value :  4.97228e-07
 Reference value :  5.84590e-07
 Reference value :  6.71952e-07
 Reference value :  7.04872e-07
 Reference value :  7.53151e-07
 Reference value :  8.01430e-07
 Reference value :  8.49709e-07
 Reference value :  8.97988e-07
 Reference value :  9.50099e-07
 Reference value :  1.00146e-06
 Reference value :  1.04974e-06
 Reference value :  1.09801e-06
 Reference value :  1.14629e-06
 Reference value :  1.19917e-06
 Reference value :  1.24604e-06
 Reference value :  1.29892e-06
 Reference value :  1.34720e-06
 Reference value :  1.39548e-06
 Reference value :  1.44376e-06
 Reference value :  1.49663e-06
 Reference value :  1.54078e-06
 Reference value :  1.58906e-06
 Reference value :  1.63734e-06
 Reference value :  1.68332e-06
 Reference value :  1.73160e-06
 Reference value :  1.78908e-06
 Reference value :  1.83592e-06
 Reference value :  1.88420e-06
 Reference value :  1.93018e-06
 Reference value :  1.97846e-06
 Reference value :  2.02904e-06
 Reference value :  2.07312e-06
 Reference value :  2.12370e-06
 Reference value :  2.16968e-06
 Reference value :  2.21566e-06
 Reference value :  2.26394e-06
 Reference value :  2.31681e-06
 Reference value :  2.36366e-06
 Reference value :  2.41653e-06
 Reference value :  2.46481e-06
 Reference value :  2.51079e-06
 Reference value :  2.55907e-06
 Reference value :  2.61195e-06
 Reference value :  2.65602e-06
 Reference value :  2.70430e-06
 Reference value :  2.75488e-06
 Reference value :  2.80316e-06
 Reference value :  2.84914e-06
 Reference value :  2.90431e-06
 Reference value :  2.94888e-06
 Reference value :  2.99486e-06
 Reference value :  3.04084e-06
 Reference value :  3.08912e-06
 Reference value :  3.13740e-06
 Reference value :  3.18183e-06
 Reference value :  3.23203e-06
 Reference value :  3.28031e-06
 Reference value :  3.32629e-06
 Reference value :  3.37227e-06
 Reference value :  3.42514e-06
 Reference value :  3.47663e-06
 Reference value :  3.52951e-06
 Reference value :  3.57779e-06
 Reference value :  3.62837e-06
 Reference value :  3.67894e-06
 Reference value :  3.73642e-06
 Reference value :  3.78964e-06
 Reference value :  3.84252e-06
 Reference value :  3.89540e-06
 Reference value :  3.94827e-06
 Reference value :  4.00805e-06
 Reference value :  4.05724e-06
 Reference value :  4.10782e-06
 Reference value :  4.15839e-06
 Reference value :  4.21127e-06
 Reference value :  4.26875e-06
 Reference value :  4.31737e-06
 Reference value :  4.37254e-06
 Reference value :  4.43232e-06
 Reference value :  4.48519e-06
 Reference value :  4.53807e-06
 Reference value :  4.58956e-06
 Reference value :  4.64704e-06
 Reference value :  4.69991e-06
 Reference value :  4.75049e-06
 Reference value :  4.80107e-06
 Reference value :  4.85323e-06
 Reference value :  4.90946e-06
 Reference value :  4.96234e-06
 Reference value :  5.01751e-06
 Reference value :  5.07039e-06
 Reference value :  5.13246e-06
 Reference value :  5.18396e-06
 Reference value :  5.23914e-06
 Reference value :  5.29431e-06
 Reference value :  5.34719e-06
 Reference value :  5.40696e-06
 Reference value :  5.45787e-06
 Reference value :  5.51304e-06
 Reference value :  5.56822e-06
 Reference value :  5.62340e-06
 Reference value :  5.68547e-06
 Reference value :  5.74157e-06
 Reference value :  5.79904e-06
 Reference value :  5.85422e-06
 Reference value :  5.90710e-06
 Reference value :  5.96687e-06
 Reference value :  6.02467e-06
 Reference value :  6.07984e-06
 Reference value :  6.13502e-06
 Reference value :  6.19249e-06
 Reference value :  6.25457e-06
 Reference value :  6.31297e-06
 Reference value :  6.37275e-06
 Reference value :  6.42792e-06
 Reference value :  6.48770e-06
 Reference value :  6.54318e-06
 Reference value :  6.60296e-06
 Reference value :  6.66273e-06
 Reference value :  6.71791e-06
 Reference value :  6.77998e-06
 Reference value :  6.84069e-06
 Reference value :  6.89817e-06
 Reference value :  6.95564e-06
 Reference value :  7.01312e-06
 Reference value :  7.07519e-06
 Reference value :  7.13067e-06
 Reference value :  7.20424e-06
 Reference value :  7.28010e-06
 Reference value :  7.36747e-06
 Reference value :  7.44428e-06
 Reference value :  7.52475e-06
 Reference value :  7.59831e-06
 Reference value :  7.66297e-06
 Reference value :  7.74344e-06
 Reference value :  7.81470e-06
 Reference value :  7.89517e-06
 Reference value :  7.97661e-06
 Reference value :  8.05477e-06
 Reference value :  8.13294e-06
 Reference value :  8.20907e-06
 Reference value :  8.29183e-06
 Reference value :  8.36540e-06
 Reference value :  8.44816e-06
 Reference value :  8.52965e-06
 Reference value :  8.60552e-06
 Reference value :  8.68368e-06
 Reference value :  8.75976e-06
 Reference value :  8.84253e-06
 Reference value :  8.91839e-06
 Reference value :  8.99656e-06
 Reference value :  9.07810e-06
 Reference value :  9.15396e-06
 Reference value :  9.22983e-06
 Reference value :  9.30800e-06
 Reference value :  9.38173e-06
 Reference value :  9.45990e-06
 Reference value :  9.53806e-06
 Reference value :  9.61735e-06
 Reference value :  9.69322e-06
 Reference value :  9.76908e-06
 Reference value :  9.85415e-06
 Reference value :  9.92783e-06
 Reference value :  1.00083e-05
 Reference value :  1.00865e-05
 Reference value :  1.01595e-05
 Reference value :  1.02210e-05
 Reference value :  1.02784e-05
 Reference value :  1.03359e-05
 Reference value :  1.03957e-05
 Reference value :  1.04532e-05
 Reference value :  1.05130e-05
 Reference value :  1.05751e-05
 Reference value :  1.06372e-05
 Reference value :  1.07084e-05
 Reference value :  1.07694e-05
 Reference value :  1.08292e-05
 Reference value :  1.09097e-05
 Reference value :  1.09832e-05
 Reference value :  1.10384e-05
 Reference value :  1.10959e-05
 Reference value :  1.11534e-05
 Reference value :  1.12108e-05
 Reference value :  1.12729e-05
 Reference value :  1.13294e-05
 Reference value :  1.13868e-05
 Reference value :  1.14420e-05
 Reference value :  1.14995e-05
 Reference value :  1.15569e-05
 Reference value :  1.16190e-05
 Reference value :  1.16788e-05
 Reference value :  1.17363e-05
 Reference value :  1.17983e-05
 Reference value :  1.18548e-05
 Reference value :  1.19146e-05
 Reference value :  1.19744e-05
 Reference value :  1.20342e-05
 Reference value :  1.20985e-05
 Reference value :  1.21512e-05
 Reference value :  1.22087e-05
 Reference value :  1.22662e-05
 Reference value :  1.23214e-05
 Reference value :  1.23834e-05
 Reference value :  1.24355e-05
 Reference value :  1.24906e-05
 Reference value :  1.25435e-05
 Reference value :  1.25964e-05
 Reference value :  1.26585e-05
 Reference value :  1.27134e-05
 Reference value :  1.27686e-05
 Reference value :  1.28260e-05
 Reference value :  1.28812e-05
 Reference value :  1.29410e-05
 Reference value :  1.29931e-05
 Reference value :  1.30483e-05
 Reference value :  1.31081e-05
 Reference value :  1.31632e-05
 Reference value :  1.32175e-05
 Reference value :  1.32755e-05
 Reference value :  1.33307e-05
 Reference value :  1.33859e-05
 Reference value :  1.34411e-05
 Reference value :  1.35008e-05
 Reference value :  1.35531e-05
 Reference value :  1.36083e-05
 Reference value :  1.36634e-05
 Reference value :  1.37140e-05
 Reference value :  1.37738e-05
No. of Data Rows : 6053
vhold_min           =  1.20000e+00 at=  6.87723e-07
tfirst              =  9.47168e-07
t1                  =  8.48377e-06
t2                  =  9.04139e-06
t3                  =  9.59902e-06
t4                  =  1.01566e-05
t5                  =  1.07143e-05
t6                  =  1.12719e-05
t7                  =  1.18295e-05
t8                  =  1.23871e-05
t9                  =  1.29447e-05
t10                 =  1.35023e-05
idd_run             =  -6.20055e-06 from=  8.27600e-06 to=  1.37900e-05
vmax                =  1.21696e+00 at=  9.04428e-06
vmin                =  -1.59518e-02 at=  1.04294e-05
Note: Simulation executed from .control section 
Warning: m=xx on .subckt line will override multiplier m hierarchy!

Note: Starting dynamic gmin stepping
Note: Dynamic gmin stepping completed
Note: Starting dynamic gmin stepping
Note: Dynamic gmin stepping completed

Error: measure  t11  when(WHEN) : out of interval
 meas tran t11 when v(clk_out)=6.000000e-01 rise=11 from=8.276000e-06 failed!


Error: measure  t12  when(WHEN) : out of interval
 meas tran t12 when v(clk_out)=6.000000e-01 rise=12 from=8.276000e-06 failed!

