
Note: Compatibility modes selected: hs a


Circuit: * tt_analog_ring, code 16

Doing analysis at TEMP = 27.000000 and TNOM = 27.000000

Using SPARSE 1.3 as Direct Linear Solver
 Reference value :  0.00000e+00
No. of Data Rows : 1
idd_dis=5.96548E-05 vbp=0.785027 vbn=0.3057 clk_dis=1.2
Doing analysis at TEMP = 27.000000 and TNOM = 27.000000

Using SPARSE 1.3 as Direct Linear Solver

Initial Transient Solution
--------------------------

Node                                   Voltage
----                                   -------
vpwr                                       1.2
code[0]                                      0
code[1]                                      0
code[2]                                      0
code[3]                                      0
code[4]                                    1.2
code[5]                                      0
code[6]                                      0
code[7]                                      0
enable                                       0
xdut.vbp                              0.785027
clk_out                                    1.2
xdut.b1                             9.3171e-07
xdut.s3                            1.48176e-05
xdut.s2                                    1.2
xdut.n_126                             1.19999
xdut.s1                            1.48182e-05
xdut.n_125                                 1.2
xdut.s10                                   1.2
xdut.s6                                    1.2
xdut.s5                            1.48176e-05
xdut.n_128                                 1.2
xdut.s9                            1.48176e-05
xdut.n_133                                 1.2
xdut.s4                                    1.2
xdut.n_129                             1.19999
xdut.s8                                    1.2
xdut.n_132                             1.19999
xdut.s7                            1.48176e-05
xdut.n_130                             1.19999
xdut.n_127                                 1.2
xdut.n_131                                 1.2
xdut.s0                                1.19999
xdut.n_124                             1.19999
xdut.n_71                          1.40878e-05
xdut.n_72                          1.40873e-05
xdut.n_70                          2.01728e-06
xdut.n_77                          1.40873e-05
xdut.n_75                          2.01728e-06
xdut.n_73                          2.01728e-06
xdut.n_67                          2.01728e-06
xdut.n_76                          2.01728e-06
xdut.n_69                          1.40873e-05
xdut.n_74                          1.40873e-05
xdut.n_122                             1.19999
xdut.n_i1005                           1.03091
xdut.n_68                          3.68344e-06
xdut.vbn                                0.3057
ven#branch                         2.39881e-11
vc7#branch                         2.18586e-11
vc6#branch                         1.09293e-11
vc5#branch                         5.46464e-12
vc4#branch                        -2.33884e-08
vc3#branch                         1.36616e-12
vc2#branch                          6.8308e-13
vc1#branch                          3.4154e-13
vc0#branch                          1.7077e-13
vdd#branch                        -5.96548e-05

 Reference value :  0.00000e+00
 Reference value :  1.20241e-08
 Reference value :  2.71987e-08
 Reference value :  4.27346e-08
 Reference value :  5.79092e-08
 Reference value :  7.30838e-08
 Reference value :  8.82584e-08
 Reference value :  1.03433e-07
 Reference value :  1.11831e-07
 Reference value :  1.19780e-07
 Reference value :  1.28090e-07
 Reference value :  1.36173e-07
 Reference value :  1.43399e-07
 Reference value :  1.50625e-07
 Reference value :  1.57803e-07
 Reference value :  1.64976e-07
 Reference value :  1.72202e-07
 Reference value :  1.79067e-07
 Reference value :  1.85083e-07
 Reference value :  1.91948e-07
 Reference value :  1.98812e-07
 Reference value :  2.06400e-07
 Reference value :  2.13127e-07
 Reference value :  2.20353e-07
 Reference value :  2.28302e-07
 Reference value :  2.35188e-07
 Reference value :  2.42414e-07
 Reference value :  2.49278e-07
 Reference value :  2.56052e-07
 Reference value :  2.63209e-07
 Reference value :  2.70435e-07
 Reference value :  2.78022e-07
 Reference value :  2.84410e-07
 Reference value :  2.91636e-07
 Reference value :  2.98862e-07
 Reference value :  3.05645e-07
 Reference value :  3.12847e-07
 Reference value :  3.20073e-07
 Reference value :  3.27661e-07
 Reference value :  3.34413e-07
 Reference value :  3.42000e-07
 Reference value :  3.49587e-07
 Reference value :  3.57048e-07
 Reference value :  3.64274e-07
 Reference value :  3.71139e-07
 Reference value :  3.78245e-07
 Reference value :  3.85278e-07
 Reference value :  3.92865e-07
 Reference value :  4.00452e-07
 Reference value :  4.07924e-07
 Reference value :  4.15511e-07
 Reference value :  4.23098e-07
 Reference value :  4.30412e-07
 Reference value :  4.37999e-07
 Reference value :  4.45586e-07
 Reference value :  4.53530e-07
 Reference value :  4.60756e-07
 Reference value :  4.67982e-07
 Reference value :  4.75570e-07
 Reference value :  4.81876e-07
 Reference value :  4.89102e-07
 Reference value :  4.96328e-07
 Reference value :  5.03028e-07
 Reference value :  5.10254e-07
 Reference value :  5.17480e-07
 Reference value :  5.25067e-07
 Reference value :  5.31775e-07
 Reference value :  5.39001e-07
 Reference value :  5.49479e-07
 Reference value :  5.60679e-07
 Reference value :  5.71879e-07
 Reference value :  5.82554e-07
 Reference value :  5.90864e-07
 Reference value :  5.99174e-07
 Reference value :  6.07357e-07
 Reference value :  6.17835e-07
 Reference value :  6.25830e-07
 Reference value :  6.32695e-07
 Reference value :  6.40282e-07
 Reference value :  6.47869e-07
 Reference value :  6.54615e-07
 Reference value :  6.61841e-07
 Reference value :  6.69428e-07
 Reference value :  6.76364e-07
 Reference value :  6.83229e-07
 Reference value :  6.90093e-07
 Reference value :  6.97681e-07
 Reference value :  7.04873e-07
 Reference value :  7.12099e-07
 Reference value :  7.19686e-07
 Reference value :  7.26067e-07
 Reference value :  7.34016e-07
 Reference value :  7.41603e-07
 Reference value :  7.48680e-07
 Reference value :  7.55906e-07
 Reference value :  7.62771e-07
 Reference value :  7.69997e-07
 Reference value :  7.76471e-07
 Reference value :  7.83336e-07
 Reference value :  7.90562e-07
 Reference value :  7.98301e-07
 Reference value :  8.07695e-07
 Reference value :  8.19528e-07
 Reference value :  8.31043e-07
 Reference value :  8.42243e-07
 Reference value :  8.54026e-07
 Reference value :  8.65226e-07
 Reference value :  8.74637e-07
 Reference value :  8.84030e-07
 Reference value :  8.93691e-07
 Reference value :  9.02290e-07
 Reference value :  9.11684e-07
 Reference value :  9.22353e-07
 Reference value :  9.33192e-07
 Reference value :  9.45100e-07
 Reference value :  9.56300e-07
 Reference value :  9.64971e-07
 Reference value :  9.72416e-07
 Reference value :  9.80726e-07
 Reference value :  9.89397e-07
 Reference value :  9.97570e-07
 Reference value :  1.00588e-06
 Reference value :  1.01455e-06
 Reference value :  1.02252e-06
 Reference value :  1.03011e-06
 Reference value :  1.03806e-06
 Reference value :  1.04584e-06
 Reference value :  1.05415e-06
 Reference value :  1.06282e-06
 Reference value :  1.07027e-06
 Reference value :  1.07858e-06
 Reference value :  1.08726e-06
 Reference value :  1.09590e-06
 Reference value :  1.10421e-06
 Reference value :  1.11324e-06
 Reference value :  1.12032e-06
 Reference value :  1.12863e-06
 Reference value :  1.13730e-06
 Reference value :  1.14551e-06
 Reference value :  1.15382e-06
 Reference value :  1.16249e-06
 Reference value :  1.16953e-06
 Reference value :  1.17676e-06
 Reference value :  1.18434e-06
 Reference value :  1.19064e-06
 Reference value :  1.19786e-06
 Reference value :  1.20509e-06
 Reference value :  1.21189e-06
 Reference value :  1.21883e-06
 Reference value :  1.22642e-06
 Reference value :  1.23365e-06
 Reference value :  1.24160e-06
 Reference value :  1.24918e-06
 Reference value :  1.25677e-06
 Reference value :  1.26341e-06
 Reference value :  1.27064e-06
 Reference value :  1.27786e-06
 Reference value :  1.28545e-06
 Reference value :  1.29214e-06
 Reference value :  1.30226e-06
 Reference value :  1.31327e-06
 Reference value :  1.32447e-06
 Reference value :  1.33629e-06
 Reference value :  1.34749e-06
 Reference value :  1.35869e-06
 Reference value :  1.37010e-06
 Reference value :  1.38058e-06
 Reference value :  1.39190e-06
 Reference value :  1.40274e-06
 Reference value :  1.41320e-06
 Reference value :  1.42476e-06
 Reference value :  1.43666e-06
 Reference value :  1.44822e-06
 Reference value :  1.45791e-06
 Reference value :  1.46942e-06
 Reference value :  1.48098e-06
 Reference value :  1.49204e-06
 Reference value :  1.50396e-06
 Reference value :  1.51518e-06
 Reference value :  1.52349e-06
 Reference value :  1.53164e-06
 Reference value :  1.54175e-06
 Reference value :  1.55332e-06
 Reference value :  1.56328e-06
 Reference value :  1.57448e-06
 Reference value :  1.58568e-06
 Reference value :  1.59688e-06
 Reference value :  1.60719e-06
 Reference value :  1.61658e-06
 Reference value :  1.62851e-06
 Reference value :  1.63814e-06
 Reference value :  1.65006e-06
 Reference value :  1.66132e-06
 Reference value :  1.67288e-06
 Reference value :  1.68434e-06
 Reference value :  1.69590e-06
 Reference value :  1.70803e-06
 Reference value :  1.71960e-06
 Reference value :  1.73055e-06
 Reference value :  1.74211e-06
 Reference value :  1.75294e-06
 Reference value :  1.76414e-06
 Reference value :  1.77606e-06
 Reference value :  1.78723e-06
 Reference value :  1.79843e-06
 Reference value :  1.80879e-06
 Reference value :  1.82072e-06
 Reference value :  1.83214e-06
 Reference value :  1.84334e-06
 Reference value :  1.85419e-06
 Reference value :  1.86503e-06
 Reference value :  1.87642e-06
 Reference value :  1.88762e-06
 Reference value :  1.89943e-06
 Reference value :  1.91095e-06
 Reference value :  1.92287e-06
 Reference value :  1.93442e-06
 Reference value :  1.94635e-06
 Reference value :  1.95702e-06
 Reference value :  1.96894e-06
 Reference value :  1.98036e-06
 Reference value :  1.99264e-06
 Reference value :  2.00419e-06
 Reference value :  2.01647e-06
 Reference value :  2.02819e-06
 Reference value :  2.04048e-06
 Reference value :  2.05222e-06
 Reference value :  2.06414e-06
 Reference value :  2.07519e-06
 Reference value :  2.08675e-06
 Reference value :  2.09864e-06
 Reference value :  2.11057e-06
 Reference value :  2.12225e-06
 Reference value :  2.13381e-06
 Reference value :  2.14497e-06
 Reference value :  2.15617e-06
 Reference value :  2.16737e-06
No. of Data Rows : 6079
vhold_min           =  1.20000e+00 at=  1.15616e-10
tfirst              =  1.32406e-07
t1                  =  1.33465e-06
t2                  =  1.38367e-06
t3                  =  1.43275e-06
t4                  =  1.48180e-06
t5                  =  1.53084e-06
t6                  =  1.57988e-06
t7                  =  1.62895e-06
t8                  =  1.67800e-06
t9                  =  1.72702e-06
t10                 =  1.77610e-06
t11                 =  1.82515e-06
t12                 =  1.87419e-06
idd_run             =  -6.37116e-05 from=  1.30100e-06 to=  2.16800e-06
vmax                =  1.23183e+00 at=  2.02178e-06
vmin                =  -3.92301e-02 at=  2.04580e-06
Note: Simulation executed from .control section 
Warning: m=xx on .subckt line will override multiplier m hierarchy!

Note: Starting dynamic gmin stepping
Note: Dynamic gmin stepping completed
Note: Starting dynamic gmin stepping
Note: Dynamic gmin stepping completed
