
Note: No compatibility mode selected!


Circuit: * tt_analog_ring, code 128

Doing analysis at TEMP = 125.000000 and TNOM = 27.000000

Using SPARSE 1.3 as Direct Linear Solver
 Reference value :  0.00000e+00
No. of Data Rows : 1
idd_dis=0.000241094 vbp=0.630133 vbn=0.440567 clk_dis=1.2
Doing analysis at TEMP = 125.000000 and TNOM = 27.000000

Using SPARSE 1.3 as Direct Linear Solver

Initial Transient Solution
--------------------------

Node                                   Voltage
----                                   -------
vpwr                                       1.2
code[0]                                      0
code[1]                                      0
code[2]                                      0
code[3]                                      0
code[4]                                      0
code[5]                                      0
code[6]                                      0
code[7]                                    1.2
enable                                       0
xdut.vbp                              0.630133
xdut.vbn                              0.440567
xdut.n0                            1.70021e-05
xdut.p0                                1.19998
xdut.na0                               1.01689
xdut.s0                                1.19998
xdut.s10                               1.19999
xdut.n1                            3.08694e-05
xdut.p1                                1.19997
xdut.s1                            3.49249e-05
xdut.n2                            8.48353e-06
xdut.p2                                1.19999
xdut.s2                                1.19999
xdut.n3                            3.08634e-05
xdut.p3                                1.19997
xdut.s3                            3.49181e-05
xdut.n4                            8.48353e-06
xdut.p4                                1.19999
xdut.s4                                1.19999
xdut.n5                            3.08634e-05
xdut.p5                                1.19997
xdut.s5                            3.49181e-05
xdut.n6                            8.48353e-06
xdut.p6                                1.19999
xdut.s6                                1.19999
xdut.n7                            3.08634e-05
xdut.p7                                1.19997
xdut.s7                            3.49181e-05
xdut.n8                            8.48353e-06
xdut.p8                                1.19999
xdut.s8                                1.19999
xdut.n9                            3.08634e-05
xdut.p9                                1.19997
xdut.s9                            3.49181e-05
xdut.n10                           8.48353e-06
xdut.p10                               1.19999
xdut.b1                            4.18248e-06
clk_out                                    1.2
ven#branch                         1.19665e-11
vc7#branch                        -1.03665e-07
vc6#branch                         5.17991e-12
vc5#branch                         2.58995e-12
vc4#branch                         1.29498e-12
vc3#branch                         6.47489e-13
vc2#branch                         3.23744e-13
vc1#branch                         1.61872e-13
vc0#branch                         8.09361e-14
vdd#branch                        -0.000241094

 Reference value :  0.00000e+00
 Reference value :  8.72721e-10
 Reference value :  1.92196e-09
 Reference value :  3.00206e-09
 Reference value :  4.05130e-09
 Reference value :  5.13140e-09
 Reference value :  6.21150e-09
 Reference value :  7.29160e-09
 Reference value :  8.40256e-09
 Reference value :  9.30529e-09
 Reference value :  9.89905e-09
 Reference value :  1.05163e-08
 Reference value :  1.11643e-08
 Reference value :  1.17815e-08
 Reference value :  1.24604e-08
 Reference value :  1.31394e-08
 Reference value :  1.37874e-08
 Reference value :  1.44355e-08
 Reference value :  1.51453e-08
 Reference value :  1.58242e-08
 Reference value :  1.64414e-08
 Reference value :  1.70586e-08
 Reference value :  1.76449e-08
 Reference value :  1.82621e-08
 Reference value :  1.89719e-08
 Reference value :  1.95891e-08
 Reference value :  2.02680e-08
 Reference value :  2.08852e-08
 Reference value :  2.15641e-08
 Reference value :  2.22739e-08
 Reference value :  2.29528e-08
 Reference value :  2.35700e-08
 Reference value :  2.41872e-08
 Reference value :  2.49279e-08
 Reference value :  2.56068e-08
 Reference value :  2.62549e-08
 Reference value :  2.68721e-08
 Reference value :  2.74893e-08
 Reference value :  2.81990e-08
 Reference value :  2.88162e-08
 Reference value :  2.94334e-08
 Reference value :  3.00815e-08
 Reference value :  3.07604e-08
 Reference value :  3.15011e-08
 Reference value :  3.21491e-08
 Reference value :  3.28280e-08
 Reference value :  3.35069e-08
 Reference value :  3.42784e-08
 Reference value :  3.49574e-08
 Reference value :  3.56054e-08
 Reference value :  3.62226e-08
 Reference value :  3.69324e-08
 Reference value :  3.76730e-08
 Reference value :  3.83520e-08
 Reference value :  3.90000e-08
 Reference value :  3.96789e-08
 Reference value :  4.04196e-08
 Reference value :  4.10985e-08
 Reference value :  4.17774e-08
 Reference value :  4.24255e-08
 Reference value :  4.31353e-08
 Reference value :  4.38142e-08
 Reference value :  4.44314e-08
 Reference value :  4.50486e-08
 Reference value :  4.56966e-08
 Reference value :  4.64064e-08
 Reference value :  4.70545e-08
 Reference value :  4.76717e-08
 Reference value :  4.83815e-08
 Reference value :  4.90604e-08
 Reference value :  4.97702e-08
 Reference value :  5.04182e-08
 Reference value :  5.10663e-08
 Reference value :  5.17143e-08
 Reference value :  5.24241e-08
 Reference value :  5.30722e-08
 Reference value :  5.37202e-08
 Reference value :  5.43683e-08
 Reference value :  5.50472e-08
 Reference value :  5.57261e-08
 Reference value :  5.63742e-08
 Reference value :  5.70531e-08
 Reference value :  5.77320e-08
 Reference value :  5.84418e-08
 Reference value :  5.91207e-08
 Reference value :  5.97688e-08
 Reference value :  6.04477e-08
 Reference value :  6.11266e-08
 Reference value :  6.18673e-08
 Reference value :  6.25462e-08
 Reference value :  6.32251e-08
 Reference value :  6.38423e-08
 Reference value :  6.45212e-08
 Reference value :  6.52002e-08
 Reference value :  6.58482e-08
 Reference value :  6.64963e-08
 Reference value :  6.71443e-08
 Reference value :  6.78850e-08
 Reference value :  6.85639e-08
 Reference value :  6.92120e-08
 Reference value :  6.98600e-08
 Reference value :  7.05389e-08
 Reference value :  7.12179e-08
 Reference value :  7.18968e-08
 Reference value :  7.25140e-08
 Reference value :  7.31620e-08
 Reference value :  7.39027e-08
 Reference value :  7.45507e-08
 Reference value :  7.51679e-08
 Reference value :  7.57543e-08
 Reference value :  7.63406e-08
 Reference value :  7.70504e-08
 Reference value :  7.76676e-08
 Reference value :  7.83157e-08
 Reference value :  7.89329e-08
 Reference value :  7.95809e-08
 Reference value :  8.03216e-08
 Reference value :  8.09696e-08
 Reference value :  8.15868e-08
 Reference value :  8.22349e-08
 Reference value :  8.29447e-08
 Reference value :  8.36236e-08
 Reference value :  8.43025e-08
 Reference value :  8.49197e-08
 Reference value :  8.55678e-08
 Reference value :  8.62467e-08
 Reference value :  8.68948e-08
 Reference value :  8.75428e-08
 Reference value :  8.81600e-08
 Reference value :  8.88698e-08
 Reference value :  8.95487e-08
 Reference value :  9.02276e-08
 Reference value :  9.08757e-08
 Reference value :  9.15238e-08
 Reference value :  9.22644e-08
 Reference value :  9.28816e-08
 Reference value :  9.34988e-08
 Reference value :  9.41160e-08
 Reference value :  9.47641e-08
 Reference value :  9.54430e-08
 Reference value :  9.60602e-08
 Reference value :  9.66774e-08
 Reference value :  9.73254e-08
 Reference value :  9.79735e-08
 Reference value :  9.86524e-08
 Reference value :  9.93005e-08
 Reference value :  9.99177e-08
 Reference value :  1.00597e-07
 Reference value :  1.01245e-07
 Reference value :  1.01893e-07
 Reference value :  1.02479e-07
 Reference value :  1.03127e-07
 Reference value :  1.03744e-07
 Reference value :  1.04485e-07
 Reference value :  1.05102e-07
 Reference value :  1.05781e-07
 Reference value :  1.06460e-07
 Reference value :  1.07108e-07
 Reference value :  1.07787e-07
 Reference value :  1.08466e-07
 Reference value :  1.09145e-07
 Reference value :  1.09762e-07
 Reference value :  1.10503e-07
 Reference value :  1.11151e-07
 Reference value :  1.11768e-07
 Reference value :  1.12385e-07
 Reference value :  1.13033e-07
 Reference value :  1.13712e-07
 Reference value :  1.14360e-07
 Reference value :  1.15008e-07
 Reference value :  1.15625e-07
 Reference value :  1.16304e-07
 Reference value :  1.16983e-07
 Reference value :  1.17600e-07
 Reference value :  1.18218e-07
 Reference value :  1.18835e-07
 Reference value :  1.19545e-07
 Reference value :  1.20224e-07
 Reference value :  1.20872e-07
 Reference value :  1.21489e-07
 Reference value :  1.22106e-07
 Reference value :  1.22847e-07
 Reference value :  1.23464e-07
 Reference value :  1.24143e-07
 Reference value :  1.24729e-07
 Reference value :  1.25377e-07
 Reference value :  1.26087e-07
 Reference value :  1.26766e-07
 Reference value :  1.27414e-07
 Reference value :  1.28031e-07
 Reference value :  1.28772e-07
 Reference value :  1.29451e-07
 Reference value :  1.30099e-07
 Reference value :  1.30685e-07
 Reference value :  1.31271e-07
 Reference value :  1.31919e-07
 Reference value :  1.32568e-07
 Reference value :  1.33185e-07
 Reference value :  1.33771e-07
 Reference value :  1.34419e-07
 Reference value :  1.35129e-07
 Reference value :  1.35808e-07
 Reference value :  1.36456e-07
 Reference value :  1.37104e-07
 Reference value :  1.37814e-07
 Reference value :  1.38493e-07
 Reference value :  1.39141e-07
 Reference value :  1.39789e-07
 Reference value :  1.40468e-07
 Reference value :  1.41177e-07
 Reference value :  1.41826e-07
 Reference value :  1.42504e-07
 Reference value :  1.43153e-07
 Reference value :  1.43831e-07
 Reference value :  1.44510e-07
 Reference value :  1.45128e-07
 Reference value :  1.45714e-07
 Reference value :  1.46331e-07
 Reference value :  1.47010e-07
 Reference value :  1.47689e-07
 Reference value :  1.48337e-07
 Reference value :  1.48923e-07
 Reference value :  1.49541e-07
 Reference value :  1.50219e-07
 Reference value :  1.50837e-07
 Reference value :  1.51454e-07
 Reference value :  1.52133e-07
 Reference value :  1.52812e-07
 Reference value :  1.53521e-07
 Reference value :  1.54200e-07
 Reference value :  1.54848e-07
 Reference value :  1.55527e-07
 Reference value :  1.56206e-07
 Reference value :  1.56885e-07
 Reference value :  1.57564e-07
 Reference value :  1.58243e-07
 Reference value :  1.58953e-07
 Reference value :  1.59663e-07
 Reference value :  1.60280e-07
 Reference value :  1.60928e-07
 Reference value :  1.61545e-07
 Reference value :  1.62193e-07
 Reference value :  1.62841e-07
 Reference value :  1.63489e-07
 Reference value :  1.64106e-07
 Reference value :  1.64785e-07
 Reference value :  1.65526e-07
 Reference value :  1.66174e-07
 Reference value :  1.66822e-07
 Reference value :  1.67439e-07
 Reference value :  1.68057e-07
 Reference value :  1.68766e-07
 Reference value :  1.69414e-07
 Reference value :  1.70062e-07
 Reference value :  1.70680e-07
 Reference value :  1.71328e-07
 Reference value :  1.72007e-07
 Reference value :  1.72624e-07
 Reference value :  1.73241e-07
 Reference value :  1.73858e-07
 Reference value :  1.74506e-07
 Reference value :  1.75185e-07
 Reference value :  1.75864e-07
 Reference value :  1.76512e-07
 Reference value :  1.77160e-07
 Reference value :  1.77901e-07
 Reference value :  1.78611e-07
 Reference value :  1.79259e-07
 Reference value :  1.79845e-07
 Reference value :  1.80462e-07
 Reference value :  1.81141e-07
 Reference value :  1.81758e-07
 Reference value :  1.82406e-07
 Reference value :  1.82993e-07
 Reference value :  1.83733e-07
 Reference value :  1.84412e-07
 Reference value :  1.85091e-07
No. of Data Rows : 6015
vhold_min           =  1.20000e+00 at=  1.82938e-09
tfirst              =  1.27625e-08
t1                  =  1.13670e-07
t2                  =  1.19784e-07
t3                  =  1.25898e-07
t4                  =  1.32013e-07
t5                  =  1.38126e-07
t6                  =  1.44240e-07
t7                  =  1.50354e-07
t8                  =  1.56468e-07
t9                  =  1.62582e-07
t10                 =  1.68696e-07
t11                 =  1.74810e-07
t12                 =  1.80924e-07
idd_run             =  -2.53998e-04 from=  1.11100e-07 to=  1.85200e-07
vmax                =  1.20751e+00 at=  1.77654e-07
vmin                =  -4.43270e-03 at=  1.56268e-07
Note: Simulation executed from .control section 
Note: Starting dynamic gmin stepping
Note: Dynamic gmin stepping completed
Note: Starting dynamic gmin stepping
Note: Dynamic gmin stepping completed
