
Note: No compatibility mode selected!


Circuit: * tt_analog_ring, code 8

Doing analysis at TEMP = 27.000000 and TNOM = 27.000000

Using SPARSE 1.3 as Direct Linear Solver
 Reference value :  0.00000e+00
No. of Data Rows : 1
idd_dis=2.28674E-05 vbp=0.673869 vbn=0.309879 clk_dis=1.08
Doing analysis at TEMP = 27.000000 and TNOM = 27.000000

Using SPARSE 1.3 as Direct Linear Solver

Initial Transient Solution
--------------------------

Node                                   Voltage
----                                   -------
vpwr                                      1.08
code[0]                                      0
code[1]                                      0
code[2]                                      0
code[3]                                   1.08
code[4]                                      0
code[5]                                      0
code[6]                                      0
code[7]                                      0
enable                                       0
xdut.vbp                              0.673869
xdut.vbn                              0.309879
xdut.n0                            1.04571e-06
xdut.p0                                   1.08
xdut.na0                               0.91818
xdut.s0                                   1.08
xdut.s10                                  1.08
xdut.n1                            3.08404e-06
xdut.p1                                   1.08
xdut.s1                            3.17374e-06
xdut.n2                            4.86735e-07
xdut.p2                                   1.08
xdut.s2                                   1.08
xdut.n3                              3.084e-06
xdut.p3                                   1.08
xdut.s3                             3.1737e-06
xdut.n4                            4.86735e-07
xdut.p4                                   1.08
xdut.s4                                   1.08
xdut.n5                              3.084e-06
xdut.p5                                   1.08
xdut.s5                             3.1737e-06
xdut.n6                            4.86735e-07
xdut.p6                                   1.08
xdut.s6                                   1.08
xdut.n7                              3.084e-06
xdut.p7                                   1.08
xdut.s7                             3.1737e-06
xdut.n8                            4.86735e-07
xdut.p8                                   1.08
xdut.s8                                   1.08
xdut.n9                              3.084e-06
xdut.p9                                   1.08
xdut.s9                             3.1737e-06
xdut.n10                           4.86735e-07
xdut.p10                                  1.08
xdut.b1                            1.43973e-07
clk_out                                   1.08
ven#branch                         5.05079e-12
vc7#branch                         2.94191e-12
vc6#branch                         1.47096e-12
vc5#branch                         7.35478e-13
vc4#branch                         3.67739e-13
vc3#branch                        -1.96024e-09
vc2#branch                         9.19348e-14
vc1#branch                         4.59674e-14
vc0#branch                         2.29837e-14
vdd#branch                        -2.28674e-05

 Reference value :  0.00000e+00
 Reference value :  9.66240e-09
 Reference value :  2.18724e-08
 Reference value :  3.37524e-08
 Reference value :  4.59624e-08
 Reference value :  5.81724e-08
 Reference value :  7.00524e-08
 Reference value :  8.16024e-08
 Reference value :  9.34824e-08
 Reference value :  1.00211e-07
 Reference value :  1.06811e-07
 Reference value :  1.13081e-07
 Reference value :  1.19351e-07
 Reference value :  1.25951e-07
 Reference value :  1.31931e-07
 Reference value :  1.38201e-07
 Reference value :  1.45131e-07
 Reference value :  1.52061e-07
 Reference value :  1.57941e-07
 Reference value :  1.64541e-07
 Reference value :  1.70811e-07
 Reference value :  1.76751e-07
 Reference value :  1.82447e-07
 Reference value :  1.88387e-07
 Reference value :  1.94657e-07
 Reference value :  2.00597e-07
 Reference value :  2.07197e-07
 Reference value :  2.13137e-07
 Reference value :  2.19407e-07
 Reference value :  2.25677e-07
 Reference value :  2.32277e-07
 Reference value :  2.37616e-07
 Reference value :  2.44216e-07
 Reference value :  2.50816e-07
 Reference value :  2.57416e-07
 Reference value :  2.63355e-07
 Reference value :  2.69625e-07
 Reference value :  2.75895e-07
 Reference value :  2.82165e-07
 Reference value :  2.88765e-07
 Reference value :  2.93664e-07
 Reference value :  2.99934e-07
 Reference value :  3.06534e-07
 Reference value :  3.12804e-07
 Reference value :  3.18345e-07
 Reference value :  3.24615e-07
 Reference value :  3.30885e-07
 Reference value :  3.36825e-07
 Reference value :  3.43095e-07
 Reference value :  3.48792e-07
 Reference value :  3.54732e-07
 Reference value :  3.61002e-07
 Reference value :  3.67272e-07
 Reference value :  3.73212e-07
 Reference value :  3.79152e-07
 Reference value :  3.85422e-07
 Reference value :  3.91362e-07
 Reference value :  3.97414e-07
 Reference value :  4.03643e-07
 Reference value :  4.10243e-07
 Reference value :  4.16183e-07
 Reference value :  4.22783e-07
 Reference value :  4.28393e-07
 Reference value :  4.34663e-07
 Reference value :  4.40933e-07
 Reference value :  4.47203e-07
 Reference value :  4.52451e-07
 Reference value :  4.58391e-07
 Reference value :  4.64661e-07
 Reference value :  4.70601e-07
 Reference value :  4.76871e-07
 Reference value :  4.82396e-07
 Reference value :  4.88666e-07
 Reference value :  4.94606e-07
 Reference value :  5.00546e-07
 Reference value :  5.06593e-07
 Reference value :  5.12863e-07
 Reference value :  5.19133e-07
 Reference value :  5.25733e-07
 Reference value :  5.32003e-07
 Reference value :  5.37599e-07
 Reference value :  5.43209e-07
 Reference value :  5.49149e-07
 Reference value :  5.55089e-07
 Reference value :  5.60457e-07
 Reference value :  5.66727e-07
 Reference value :  5.72667e-07
 Reference value :  5.78607e-07
 Reference value :  5.84877e-07
 Reference value :  5.90817e-07
 Reference value :  5.97087e-07
 Reference value :  6.03357e-07
 Reference value :  6.10287e-07
 Reference value :  6.15970e-07
 Reference value :  6.22240e-07
 Reference value :  6.28510e-07
 Reference value :  6.34780e-07
 Reference value :  6.40720e-07
 Reference value :  6.46990e-07
 Reference value :  6.52930e-07
 Reference value :  6.59530e-07
 Reference value :  6.66130e-07
 Reference value :  6.71386e-07
 Reference value :  6.77656e-07
 Reference value :  6.83926e-07
 Reference value :  6.90526e-07
 Reference value :  6.96050e-07
 Reference value :  7.01990e-07
 Reference value :  7.08260e-07
 Reference value :  7.14200e-07
 Reference value :  7.20470e-07
 Reference value :  7.25871e-07
 Reference value :  7.31811e-07
 Reference value :  7.38081e-07
 Reference value :  7.44351e-07
 Reference value :  7.50261e-07
 Reference value :  7.56201e-07
 Reference value :  7.62801e-07
 Reference value :  7.68741e-07
 Reference value :  7.74825e-07
 Reference value :  7.81045e-07
 Reference value :  7.87645e-07
 Reference value :  7.93915e-07
 Reference value :  8.00515e-07
 Reference value :  8.06455e-07
 Reference value :  8.12725e-07
 Reference value :  8.18665e-07
 Reference value :  8.24935e-07
 Reference value :  8.30299e-07
 Reference value :  8.36569e-07
 Reference value :  8.42839e-07
 Reference value :  8.49109e-07
 Reference value :  8.55709e-07
 Reference value :  8.61649e-07
 Reference value :  8.67919e-07
 Reference value :  8.74189e-07
 Reference value :  8.80789e-07
 Reference value :  8.85430e-07
 Reference value :  8.91370e-07
 Reference value :  8.97310e-07
 Reference value :  9.03250e-07
 Reference value :  9.09190e-07
 Reference value :  9.15070e-07
 Reference value :  9.21010e-07
 Reference value :  9.27610e-07
 Reference value :  9.33880e-07
 Reference value :  9.39527e-07
 Reference value :  9.45797e-07
 Reference value :  9.51737e-07
 Reference value :  9.58007e-07
 Reference value :  9.63581e-07
 Reference value :  9.69498e-07
 Reference value :  9.75768e-07
 Reference value :  9.82038e-07
 Reference value :  9.87978e-07
 Reference value :  9.93344e-07
 Reference value :  9.99614e-07
 Reference value :  1.00555e-06
 Reference value :  1.01182e-06
 Reference value :  1.01776e-06
 Reference value :  1.02370e-06
 Reference value :  1.02964e-06
 Reference value :  1.03558e-06
 Reference value :  1.04185e-06
 Reference value :  1.04719e-06
 Reference value :  1.05346e-06
 Reference value :  1.05940e-06
 Reference value :  1.06567e-06
 Reference value :  1.07128e-06
 Reference value :  1.07722e-06
 Reference value :  1.08349e-06
 Reference value :  1.08976e-06
 Reference value :  1.09603e-06
 Reference value :  1.10093e-06
 Reference value :  1.10720e-06
 Reference value :  1.11347e-06
 Reference value :  1.12007e-06
 Reference value :  1.12561e-06
 Reference value :  1.13155e-06
 Reference value :  1.13782e-06
 Reference value :  1.14409e-06
 Reference value :  1.15069e-06
 Reference value :  1.15606e-06
 Reference value :  1.16233e-06
 Reference value :  1.16827e-06
 Reference value :  1.17421e-06
 Reference value :  1.17982e-06
 Reference value :  1.18576e-06
 Reference value :  1.19170e-06
 Reference value :  1.19797e-06
 Reference value :  1.20424e-06
 Reference value :  1.20959e-06
 Reference value :  1.21586e-06
 Reference value :  1.22213e-06
 Reference value :  1.22840e-06
 Reference value :  1.23467e-06
 Reference value :  1.24094e-06
 Reference value :  1.24721e-06
 Reference value :  1.25315e-06
 Reference value :  1.25942e-06
 Reference value :  1.26434e-06
 Reference value :  1.27028e-06
 Reference value :  1.27655e-06
 Reference value :  1.28249e-06
 Reference value :  1.28802e-06
 Reference value :  1.29429e-06
 Reference value :  1.30056e-06
 Reference value :  1.30650e-06
 Reference value :  1.31310e-06
 Reference value :  1.31914e-06
 Reference value :  1.32574e-06
 Reference value :  1.33234e-06
 Reference value :  1.33861e-06
 Reference value :  1.34487e-06
 Reference value :  1.35114e-06
 Reference value :  1.35708e-06
 Reference value :  1.36335e-06
 Reference value :  1.36905e-06
 Reference value :  1.37532e-06
 Reference value :  1.38159e-06
 Reference value :  1.38786e-06
 Reference value :  1.39446e-06
 Reference value :  1.40073e-06
 Reference value :  1.40733e-06
 Reference value :  1.41393e-06
 Reference value :  1.42053e-06
 Reference value :  1.42621e-06
 Reference value :  1.43248e-06
 Reference value :  1.43908e-06
 Reference value :  1.44535e-06
 Reference value :  1.45129e-06
 Reference value :  1.45756e-06
 Reference value :  1.46383e-06
 Reference value :  1.47043e-06
 Reference value :  1.47603e-06
 Reference value :  1.48230e-06
 Reference value :  1.48857e-06
 Reference value :  1.49484e-06
 Reference value :  1.50144e-06
 Reference value :  1.50697e-06
 Reference value :  1.51357e-06
 Reference value :  1.51984e-06
 Reference value :  1.52644e-06
 Reference value :  1.53220e-06
 Reference value :  1.53847e-06
 Reference value :  1.54408e-06
 Reference value :  1.55035e-06
 Reference value :  1.55629e-06
 Reference value :  1.56215e-06
 Reference value :  1.56875e-06
 Reference value :  1.57535e-06
 Reference value :  1.58228e-06
 Reference value :  1.58832e-06
 Reference value :  1.59459e-06
 Reference value :  1.60119e-06
 Reference value :  1.60713e-06
 Reference value :  1.61307e-06
 Reference value :  1.61967e-06
 Reference value :  1.62594e-06
 Reference value :  1.63188e-06
 Reference value :  1.63758e-06
 Reference value :  1.64385e-06
 Reference value :  1.65012e-06
 Reference value :  1.65672e-06
 Reference value :  1.66299e-06
 Reference value :  1.66893e-06
 Reference value :  1.67520e-06
 Reference value :  1.68147e-06
 Reference value :  1.68840e-06
 Reference value :  1.69374e-06
 Reference value :  1.70001e-06
 Reference value :  1.70628e-06
 Reference value :  1.71288e-06
 Reference value :  1.71915e-06
 Reference value :  1.72542e-06
 Reference value :  1.73169e-06
 Reference value :  1.73829e-06
 Reference value :  1.74478e-06
 Reference value :  1.75046e-06
 Reference value :  1.75673e-06
 Reference value :  1.76300e-06
 Reference value :  1.76927e-06
 Reference value :  1.77480e-06
 Reference value :  1.78107e-06
 Reference value :  1.78767e-06
 Reference value :  1.79394e-06
 Reference value :  1.79997e-06
 Reference value :  1.80558e-06
 Reference value :  1.81185e-06
 Reference value :  1.81779e-06
 Reference value :  1.82406e-06
 Reference value :  1.83000e-06
 Reference value :  1.83627e-06
 Reference value :  1.84221e-06
 Reference value :  1.84848e-06
 Reference value :  1.85417e-06
 Reference value :  1.86011e-06
 Reference value :  1.86671e-06
 Reference value :  1.87298e-06
 Reference value :  1.87925e-06
 Reference value :  1.88519e-06
 Reference value :  1.89113e-06
 Reference value :  1.89707e-06
 Reference value :  1.90367e-06
 Reference value :  1.90864e-06
 Reference value :  1.91458e-06
 Reference value :  1.92085e-06
 Reference value :  1.92712e-06
 Reference value :  1.93339e-06
 Reference value :  1.93926e-06
 Reference value :  1.94520e-06
 Reference value :  1.95180e-06
 Reference value :  1.95873e-06
 Reference value :  1.96443e-06
 Reference value :  1.97103e-06
 Reference value :  1.97796e-06
No. of Data Rows : 6049
vhold_min           =  1.08000e+00 at=  2.40240e-09
tfirst              =  1.27160e-07
t1                  =  1.23268e-06
t2                  =  1.28658e-06
t3                  =  1.34047e-06
t4                  =  1.39438e-06
t5                  =  1.44830e-06
t6                  =  1.50221e-06
t7                  =  1.55610e-06
t8                  =  1.61000e-06
t9                  =  1.66391e-06
t10                 =  1.71784e-06
t11                 =  1.77172e-06
t12                 =  1.82562e-06
idd_run             =  -2.42934e-05 from=  1.18800e-06 to=  1.98000e-06
vmax                =  1.10014e+00 at=  1.50271e-06
vmin                =  -2.16044e-02 at=  1.74478e-06
Note: Simulation executed from .control section 
Note: Starting dynamic gmin stepping
Note: Dynamic gmin stepping completed
Note: Starting dynamic gmin stepping
Note: Dynamic gmin stepping completed
