
Note: Compatibility modes selected: hs a


Circuit: * tt_analog_ring, code 0

Doing analysis at TEMP = 27.000000 and TNOM = 27.000000

Using SPARSE 1.3 as Direct Linear Solver
 Reference value :  0.00000e+00
No. of Data Rows : 1
idd_dis=5.45736E-06 vbp=0.843137 vbn=0.27336 clk_dis=1.2
Doing analysis at TEMP = 27.000000 and TNOM = 27.000000

Using SPARSE 1.3 as Direct Linear Solver

Initial Transient Solution
--------------------------

Node                                   Voltage
----                                   -------
vpwr                                       1.2
code[0]                                      0
code[1]                                      0
code[2]                                      0
code[3]                                      0
code[4]                                      0
code[5]                                      0
code[6]                                      0
code[7]                                      0
enable                                       0
xdut.vbp                              0.843137
clk_out                                    1.2
xdut.b1                            1.31988e-07
xdut.s3                            1.15197e-05
xdut.s2                                    1.2
xdut.n_126                             1.19999
xdut.s1                            1.15199e-05
xdut.n_125                                 1.2
xdut.s10                                   1.2
xdut.s6                                    1.2
xdut.s5                            1.15197e-05
xdut.n_128                                 1.2
xdut.s9                            1.15197e-05
xdut.n_133                                 1.2
xdut.s4                                    1.2
xdut.n_129                             1.19999
xdut.s8                                    1.2
xdut.n_132                             1.19999
xdut.s7                            1.15197e-05
xdut.n_130                             1.19999
xdut.n_127                                 1.2
xdut.n_131                                 1.2
xdut.s0                                1.19999
xdut.n_124                             1.19999
xdut.n_71                          1.14389e-05
xdut.n_72                          1.14386e-05
xdut.n_70                          5.86947e-07
xdut.n_77                          1.14386e-05
xdut.n_75                          5.86947e-07
xdut.n_73                          5.86947e-07
xdut.n_67                          5.86947e-07
xdut.n_76                          5.86947e-07
xdut.n_69                          1.14386e-05
xdut.n_74                          1.14386e-05
xdut.n_122                             1.19999
xdut.n_i1005                           1.02326
xdut.n_68                          1.52236e-06
xdut.vbn                               0.27336
ven#branch                         5.73957e-12
vc7#branch                         9.48885e-12
vc6#branch                         4.74442e-12
vc5#branch                         2.37221e-12
vc4#branch                         1.18611e-12
vc3#branch                         5.93053e-13
vc2#branch                         2.96526e-13
vc1#branch                         1.48263e-13
vc0#branch                         7.41316e-14
vdd#branch                        -5.45736e-06

 Reference value :  0.00000e+00
 Reference value :  1.23798e-07
 Reference value :  2.71176e-07
 Reference value :  4.18554e-07
 Reference value :  5.65932e-07
 Reference value :  7.13310e-07
 Reference value :  8.60688e-07
 Reference value :  1.00807e-06
 Reference value :  1.07071e-06
 Reference value :  1.14089e-06
 Reference value :  1.20406e-06
 Reference value :  1.27774e-06
 Reference value :  1.34189e-06
 Reference value :  1.40856e-06
 Reference value :  1.47523e-06
 Reference value :  1.55594e-06
 Reference value :  1.62794e-06
 Reference value :  1.69461e-06
 Reference value :  1.75426e-06
 Reference value :  1.81113e-06
 Reference value :  1.87078e-06
 Reference value :  1.93395e-06
 Reference value :  1.99711e-06
 Reference value :  2.06729e-06
 Reference value :  2.12569e-06
 Reference value :  2.18534e-06
 Reference value :  2.24850e-06
 Reference value :  2.31762e-06
 Reference value :  2.38946e-06
 Reference value :  2.45613e-06
 Reference value :  2.51578e-06
 Reference value :  2.58596e-06
 Reference value :  2.65263e-06
 Reference value :  2.71930e-06
 Reference value :  2.78597e-06
 Reference value :  2.85293e-06
 Reference value :  2.91960e-06
 Reference value :  2.98627e-06
 Reference value :  3.05996e-06
 Reference value :  3.12762e-06
 Reference value :  3.19430e-06
 Reference value :  3.25746e-06
 Reference value :  3.32764e-06
 Reference value :  3.39048e-06
 Reference value :  3.46066e-06
 Reference value :  3.52733e-06
 Reference value :  3.60102e-06
 Reference value :  3.66903e-06
 Reference value :  3.73921e-06
 Reference value :  3.80588e-06
 Reference value :  3.87716e-06
 Reference value :  3.94734e-06
 Reference value :  4.01752e-06
 Reference value :  4.09121e-06
 Reference value :  4.15645e-06
 Reference value :  4.22312e-06
 Reference value :  4.28979e-06
 Reference value :  4.35997e-06
 Reference value :  4.42373e-06
 Reference value :  4.49391e-06
 Reference value :  4.56409e-06
 Reference value :  4.63052e-06
 Reference value :  4.69363e-06
 Reference value :  4.75680e-06
 Reference value :  4.81996e-06
 Reference value :  4.88333e-06
 Reference value :  4.94649e-06
 Reference value :  5.00264e-06
 Reference value :  5.06229e-06
 Reference value :  5.13247e-06
 Reference value :  5.19101e-06
 Reference value :  5.25066e-06
 Reference value :  5.31031e-06
 Reference value :  5.37698e-06
 Reference value :  5.43187e-06
 Reference value :  5.48801e-06
 Reference value :  5.54767e-06
 Reference value :  5.61083e-06
 Reference value :  5.66791e-06
 Reference value :  5.72756e-06
 Reference value :  5.79073e-06
 Reference value :  5.84687e-06
 Reference value :  5.90835e-06
 Reference value :  5.97151e-06
 Reference value :  6.03116e-06
 Reference value :  6.09081e-06
 Reference value :  6.15749e-06
 Reference value :  6.22065e-06
 Reference value :  6.28381e-06
 Reference value :  6.34346e-06
 Reference value :  6.40921e-06
 Reference value :  6.47408e-06
 Reference value :  6.53374e-06
 Reference value :  6.59690e-06
 Reference value :  6.66357e-06
 Reference value :  6.71672e-06
 Reference value :  6.77287e-06
 Reference value :  6.82901e-06
 Reference value :  6.89217e-06
 Reference value :  6.94811e-06
 Reference value :  7.00776e-06
 Reference value :  7.06741e-06
 Reference value :  7.12706e-06
 Reference value :  7.19723e-06
 Reference value :  7.26039e-06
 Reference value :  7.32356e-06
 Reference value :  7.38321e-06
 Reference value :  7.44940e-06
 Reference value :  7.51607e-06
 Reference value :  7.58274e-06
 Reference value :  7.65292e-06
 Reference value :  7.72129e-06
 Reference value :  7.78796e-06
 Reference value :  7.85463e-06
 Reference value :  7.92832e-06
 Reference value :  7.98441e-06
 Reference value :  8.04758e-06
 Reference value :  8.11074e-06
 Reference value :  8.18092e-06
 Reference value :  8.23905e-06
 Reference value :  8.30221e-06
 Reference value :  8.35835e-06
 Reference value :  8.42853e-06
 Reference value :  8.49588e-06
 Reference value :  8.56255e-06
 Reference value :  8.62922e-06
 Reference value :  8.70993e-06
 Reference value :  8.77631e-06
 Reference value :  8.84298e-06
 Reference value :  8.90965e-06
 Reference value :  8.98003e-06
 Reference value :  9.04670e-06
 Reference value :  9.10986e-06
 Reference value :  9.17653e-06
 Reference value :  9.24912e-06
 Reference value :  9.31930e-06
 Reference value :  9.38597e-06
 Reference value :  9.46317e-06
 Reference value :  9.52513e-06
 Reference value :  9.59531e-06
 Reference value :  9.66198e-06
 Reference value :  9.73817e-06
 Reference value :  9.81050e-06
 Reference value :  9.88068e-06
 Reference value :  9.94735e-06
 Reference value :  1.00120e-05
 Reference value :  1.00787e-05
 Reference value :  1.01453e-05
 Reference value :  1.02155e-05
 Reference value :  1.02857e-05
 Reference value :  1.03559e-05
 Reference value :  1.04260e-05
 Reference value :  1.04962e-05
 Reference value :  1.05621e-05
 Reference value :  1.06323e-05
 Reference value :  1.07024e-05
 Reference value :  1.07747e-05
 Reference value :  1.08449e-05
 Reference value :  1.09116e-05
 Reference value :  1.09818e-05
 Reference value :  1.10522e-05
 Reference value :  1.11259e-05
 Reference value :  1.11995e-05
 Reference value :  1.12767e-05
 Reference value :  1.13434e-05
 Reference value :  1.14101e-05
 Reference value :  1.14733e-05
 Reference value :  1.15377e-05
 Reference value :  1.16044e-05
 Reference value :  1.16710e-05
 Reference value :  1.17412e-05
 Reference value :  1.18118e-05
 Reference value :  1.18820e-05
 Reference value :  1.19486e-05
 Reference value :  1.20223e-05
 Reference value :  1.20846e-05
 Reference value :  1.21548e-05
 Reference value :  1.22215e-05
 Reference value :  1.22952e-05
 Reference value :  1.23653e-05
 Reference value :  1.24355e-05
 Reference value :  1.25022e-05
 Reference value :  1.25728e-05
 Reference value :  1.26395e-05
 Reference value :  1.27096e-05
 Reference value :  1.27868e-05
 Reference value :  1.28509e-05
 Reference value :  1.29175e-05
 Reference value :  1.29877e-05
 Reference value :  1.30531e-05
 Reference value :  1.31208e-05
 Reference value :  1.31875e-05
 Reference value :  1.32576e-05
 Reference value :  1.33262e-05
 Reference value :  1.33928e-05
 Reference value :  1.34630e-05
 Reference value :  1.35367e-05
 Reference value :  1.36041e-05
 Reference value :  1.36708e-05
 Reference value :  1.37410e-05
 Reference value :  1.38287e-05
 Reference value :  1.38985e-05
 Reference value :  1.39617e-05
 Reference value :  1.40213e-05
 Reference value :  1.40813e-05
 Reference value :  1.41445e-05
 Reference value :  1.42041e-05
 Reference value :  1.42638e-05
 Reference value :  1.43339e-05
 Reference value :  1.43926e-05
 Reference value :  1.44558e-05
 Reference value :  1.45259e-05
 Reference value :  1.45892e-05
 Reference value :  1.46580e-05
 Reference value :  1.47176e-05
 Reference value :  1.47808e-05
 Reference value :  1.48474e-05
 Reference value :  1.49046e-05
 Reference value :  1.49642e-05
 Reference value :  1.50274e-05
 Reference value :  1.50905e-05
 Reference value :  1.51449e-05
 Reference value :  1.52011e-05
 Reference value :  1.52607e-05
 Reference value :  1.53274e-05
 Reference value :  1.53941e-05
 Reference value :  1.54572e-05
 Reference value :  1.55169e-05
 Reference value :  1.55835e-05
 Reference value :  1.56399e-05
 Reference value :  1.56996e-05
 Reference value :  1.57592e-05
 Reference value :  1.58189e-05
 Reference value :  1.58795e-05
 Reference value :  1.59427e-05
 Reference value :  1.60023e-05
 Reference value :  1.60620e-05
 Reference value :  1.61224e-05
 Reference value :  1.61846e-05
 Reference value :  1.62477e-05
 Reference value :  1.63109e-05
 Reference value :  1.63811e-05
 Reference value :  1.64422e-05
 Reference value :  1.65018e-05
 Reference value :  1.65650e-05
 Reference value :  1.66281e-05
 Reference value :  1.66852e-05
 Reference value :  1.67449e-05
 Reference value :  1.68046e-05
 Reference value :  1.68712e-05
 Reference value :  1.69292e-05
 Reference value :  1.69924e-05
 Reference value :  1.70520e-05
 Reference value :  1.71187e-05
 Reference value :  1.71756e-05
 Reference value :  1.72387e-05
 Reference value :  1.73019e-05
 Reference value :  1.73650e-05
 Reference value :  1.74306e-05
 Reference value :  1.74937e-05
 Reference value :  1.75569e-05
 Reference value :  1.76201e-05
 Reference value :  1.76838e-05
 Reference value :  1.77469e-05
 Reference value :  1.78101e-05
 Reference value :  1.78733e-05
 Reference value :  1.79399e-05
 Reference value :  1.79996e-05
 Reference value :  1.80627e-05
 Reference value :  1.81259e-05
 Reference value :  1.81869e-05
 Reference value :  1.82501e-05
 Reference value :  1.83132e-05
 Reference value :  1.83764e-05
 Reference value :  1.84365e-05
 Reference value :  1.84997e-05
 Reference value :  1.85593e-05
 Reference value :  1.86190e-05
 Reference value :  1.86772e-05
 Reference value :  1.87374e-05
 Reference value :  1.87970e-05
 Reference value :  1.88532e-05
 Reference value :  1.89234e-05
 Reference value :  1.89898e-05
 Reference value :  1.90565e-05
 Reference value :  1.91232e-05
 Reference value :  1.91907e-05
 Reference value :  1.92632e-05
 Reference value :  1.93264e-05
 Reference value :  1.93930e-05
 Reference value :  1.94613e-05
 Reference value :  1.95280e-05
 Reference value :  1.95876e-05
 Reference value :  1.96473e-05
 Reference value :  1.97103e-05
 Reference value :  1.97734e-05
 Reference value :  1.98366e-05
 Reference value :  1.99032e-05
 Reference value :  1.99679e-05
 Reference value :  2.00346e-05
 Reference value :  2.00977e-05
 Reference value :  2.01574e-05
 Reference value :  2.02215e-05
 Reference value :  2.02812e-05
 Reference value :  2.03443e-05
 Reference value :  2.04075e-05
 Reference value :  2.04736e-05
 Reference value :  2.05394e-05
 Reference value :  2.05991e-05
 Reference value :  2.06622e-05
 Reference value :  2.07295e-05
 Reference value :  2.07997e-05
 Reference value :  2.08664e-05
 Reference value :  2.09365e-05
 Reference value :  2.10100e-05
No. of Data Rows : 6070
vhold_min           =  1.20000e+00 at=  1.12288e-09
tfirst              =  1.29011e-06
t1                  =  1.27992e-05
t2                  =  1.33108e-05
t3                  =  1.38219e-05
t4                  =  1.43325e-05
t5                  =  1.48449e-05
t6                  =  1.53552e-05
t7                  =  1.58664e-05
t8                  =  1.63783e-05
t9                  =  1.68893e-05
t10                 =  1.74005e-05
t11                 =  1.79114e-05
t12                 =  1.84234e-05
idd_run             =  -6.21343e-06 from=  1.26300e-05 to=  2.10500e-05
vmax                =  1.21519e+00 at=  1.43370e-05
vmin                =  -9.00903e-03 at=  1.35637e-05
Note: Simulation executed from .control section 
Warning: m=xx on .subckt line will override multiplier m hierarchy!

Note: Starting dynamic gmin stepping
Note: Dynamic gmin stepping completed
Note: Starting dynamic gmin stepping
Note: Dynamic gmin stepping completed
