
Note: No compatibility mode selected!


Circuit: * nand as inverter: a=1, pulse b

Doing analysis at TEMP = 27.000000 and TNOM = 27.000000

Using SPARSE 1.3 as Direct Linear Solver

Initial Transient Solution
--------------------------

Node                                   Voltage
----                                   -------
vpwr                                      1.32
code[0]                                      0
code[1]                                      0
code[2]                                      0
code[3]                                      0
code[4]                                   1.32
code[5]                                      0
code[6]                                      0
code[7]                                      0
vbp                                   0.824148
vbn                                   0.337786
a                                         1.32
p                                            0
xdrv.net1                                 1.32
b                                         1.32
xdrv.net2                          7.28178e-07
xnand.net1                                1.32
y                                  6.14926e-06
xnand.net2                           6.093e-06
xnand.net3                         5.97525e-06
xload.net1                                1.32
z                                         1.32
xload.net2                         7.28295e-07
xload2.net1                               1.32
zz                                 1.25635e-06
xload2.net2                        1.21758e-06
vin#branch                         6.57861e-12
va#branch                         -5.84024e-11
vc7#branch                         1.18835e-11
vc6#branch                          5.9413e-12
vc5#branch                          2.9702e-12
vc4#branch                        -2.45112e-08
vc3#branch                         7.41866e-13
vc2#branch                         3.70477e-13
vc1#branch                         1.84783e-13
vc0#branch                         9.19362e-14
vdd#branch                        -6.55594e-05

 Reference value :  6.30888e-10
 Reference value :  8.86929e-09
 Reference value :  1.57815e-08
 Reference value :  2.23397e-08
 Reference value :  3.06594e-08
 Reference value :  3.90876e-08
 Reference value :  4.50183e-08
 Reference value :  5.26063e-08
 Reference value :  6.10344e-08
 Reference value :  6.86265e-08
 Reference value :  7.45072e-08
 Reference value :  8.28269e-08
 Reference value :  9.12279e-08
 Reference value :  9.79716e-08
 Reference value :  1.05153e-07
 Reference value :  1.13419e-07
 Reference value :  1.21684e-07
 Reference value :  1.27217e-07
 Reference value :  1.35401e-07
 Reference value :  1.43450e-07
 Reference value :  1.50735e-07
 Reference value :  1.56995e-07
No. of Data Rows : 6044
tin_f               =  6.86896e-08
tout_r              =  7.00448e-08
tin_r               =  9.59555e-08
tout_f              =  9.69094e-08
tplh=1.35523E-09 tphl=9.5386E-10
Note: Simulation executed from .control section 
Note: Starting dynamic gmin stepping
Note: Dynamic gmin stepping completed
