
Note: No compatibility mode selected!


Circuit: * tt_analog_ring, code 255

Doing analysis at TEMP = 27.000000 and TNOM = 27.000000

Using SPARSE 1.3 as Direct Linear Solver
 Reference value :  0.00000e+00
No. of Data Rows : 1
idd_dis=0.000582149 vbp=0.460756 vbn=0.5683 clk_dis=1.2
Doing analysis at TEMP = 27.000000 and TNOM = 27.000000

Using SPARSE 1.3 as Direct Linear Solver

Initial Transient Solution
--------------------------

Node                                   Voltage
----                                   -------
vpwr                                       1.2
code[0]                                    1.2
code[1]                                    1.2
code[2]                                    1.2
code[3]                                    1.2
code[4]                                    1.2
code[5]                                    1.2
code[6]                                    1.2
code[7]                                    1.2
enable                                       0
xdut.vbp                              0.460756
xdut.vbn                                0.5683
xdut.n0                            1.40379e-07
xdut.p0                                    1.2
xdut.na0                               1.01315
xdut.s0                                    1.2
xdut.s10                                   1.2
xdut.n1                            3.49666e-07
xdut.p1                                    1.2
xdut.s1                            4.18345e-07
xdut.n2                             4.0437e-08
xdut.p2                                    1.2
xdut.s2                                    1.2
xdut.n3                            6.64846e-07
xdut.p3                                    1.2
xdut.s3                             7.8494e-07
xdut.n4                            3.39564e-08
xdut.p4                                    1.2
xdut.s4                                    1.2
xdut.n5                            4.65042e-07
xdut.p5                                    1.2
xdut.s5                            5.51883e-07
xdut.n6                            4.02013e-08
xdut.p6                                    1.2
xdut.s6                                    1.2
xdut.n7                            4.07681e-07
xdut.p7                                    1.2
xdut.s7                            4.92877e-07
xdut.n8                            1.24355e-07
xdut.p8                                    1.2
xdut.s8                                    1.2
xdut.n9                            4.15272e-07
xdut.p9                                    1.2
xdut.s9                             4.9531e-07
xdut.n10                           7.17511e-08
xdut.p10                                   1.2
xdut.b1                            1.56136e-07
clk_out                                    1.2
ven#branch                          7.6115e-12
vc7#branch                        -6.39565e-08
vc6#branch                        -3.19308e-08
vc5#branch                        -1.59464e-08
vc4#branch                        -7.98022e-09
vc3#branch                        -3.94396e-09
vc2#branch                        -2.00446e-09
vc1#branch                        -1.00694e-09
vc0#branch                        -5.02322e-10
vdd#branch                        -0.000582149

 Reference value :  0.00000e+00
 Reference value :  6.28102e-10
 Reference value :  1.39114e-09
 Reference value :  2.17426e-09
 Reference value :  2.97746e-09
 Reference value :  3.76058e-09
 Reference value :  4.54370e-09
 Reference value :  5.34690e-09
 Reference value :  6.03806e-09
 Reference value :  6.45532e-09
 Reference value :  6.89708e-09
 Reference value :  7.35892e-09
 Reference value :  7.84084e-09
 Reference value :  8.30268e-09
 Reference value :  8.74444e-09
 Reference value :  9.20628e-09
 Reference value :  9.64804e-09
 Reference value :  1.00898e-08
 Reference value :  1.05316e-08
 Reference value :  1.10336e-08
 Reference value :  1.14552e-08
 Reference value :  1.19171e-08
 Reference value :  1.23388e-08
 Reference value :  1.28207e-08
 Reference value :  1.32624e-08
 Reference value :  1.37243e-08
 Reference value :  1.42062e-08
 Reference value :  1.46480e-08
 Reference value :  1.50897e-08
 Reference value :  1.55516e-08
 Reference value :  1.59933e-08
 Reference value :  1.64552e-08
 Reference value :  1.68969e-08
 Reference value :  1.73989e-08
 Reference value :  1.78608e-08
 Reference value :  1.83226e-08
 Reference value :  1.88045e-08
 Reference value :  1.92664e-08
 Reference value :  1.97081e-08
 Reference value :  2.01499e-08
 Reference value :  2.06519e-08
 Reference value :  2.10936e-08
 Reference value :  2.15153e-08
 Reference value :  2.19972e-08
 Reference value :  2.24390e-08
 Reference value :  2.29008e-08
 Reference value :  2.33627e-08
 Reference value :  2.38044e-08
 Reference value :  2.42261e-08
 Reference value :  2.46478e-08
 Reference value :  2.51297e-08
 Reference value :  2.55715e-08
 Reference value :  2.60333e-08
 Reference value :  2.65353e-08
 Reference value :  2.69972e-08
 Reference value :  2.74188e-08
 Reference value :  2.78807e-08
 Reference value :  2.83425e-08
 Reference value :  2.88044e-08
 Reference value :  2.92461e-08
 Reference value :  2.97481e-08
 Reference value :  3.02100e-08
 Reference value :  3.06517e-08
 Reference value :  3.10734e-08
 Reference value :  3.15553e-08
 Reference value :  3.20172e-08
 Reference value :  3.24388e-08
 Reference value :  3.29208e-08
 Reference value :  3.33625e-08
 Reference value :  3.38043e-08
 Reference value :  3.42661e-08
 Reference value :  3.47280e-08
 Reference value :  3.51898e-08
 Reference value :  3.56516e-08
 Reference value :  3.61536e-08
 Reference value :  3.66155e-08
 Reference value :  3.70372e-08
 Reference value :  3.75392e-08
 Reference value :  3.80010e-08
 Reference value :  3.84428e-08
 Reference value :  3.89247e-08
 Reference value :  3.93865e-08
 Reference value :  3.98283e-08
 Reference value :  4.02700e-08
 Reference value :  4.07118e-08
 Reference value :  4.11536e-08
 Reference value :  4.15953e-08
 Reference value :  4.20572e-08
 Reference value :  4.25190e-08
 Reference value :  4.29608e-08
 Reference value :  4.33824e-08
 Reference value :  4.38644e-08
 Reference value :  4.43061e-08
 Reference value :  4.47479e-08
 Reference value :  4.52298e-08
 Reference value :  4.57117e-08
 Reference value :  4.61334e-08
 Reference value :  4.65952e-08
 Reference value :  4.70772e-08
 Reference value :  4.75390e-08
 Reference value :  4.79808e-08
 Reference value :  4.85028e-08
 Reference value :  4.89446e-08
 Reference value :  4.93663e-08
 Reference value :  4.98281e-08
 Reference value :  5.02900e-08
 Reference value :  5.07317e-08
 Reference value :  5.11735e-08
 Reference value :  5.16755e-08
 Reference value :  5.20972e-08
 Reference value :  5.25188e-08
 Reference value :  5.29807e-08
 Reference value :  5.34224e-08
 Reference value :  5.38843e-08
 Reference value :  5.43260e-08
 Reference value :  5.48481e-08
 Reference value :  5.53100e-08
 Reference value :  5.57316e-08
 Reference value :  5.61935e-08
 Reference value :  5.66553e-08
 Reference value :  5.71372e-08
 Reference value :  5.76192e-08
 Reference value :  5.81011e-08
 Reference value :  5.85629e-08
 Reference value :  5.89846e-08
 Reference value :  5.94464e-08
 Reference value :  5.98882e-08
 Reference value :  6.03500e-08
 Reference value :  6.08320e-08
 Reference value :  6.12737e-08
 Reference value :  6.16954e-08
 Reference value :  6.21171e-08
 Reference value :  6.26191e-08
 Reference value :  6.31010e-08
 Reference value :  6.35227e-08
 Reference value :  6.40648e-08
 Reference value :  6.45267e-08
 Reference value :  6.49484e-08
 Reference value :  6.54102e-08
 Reference value :  6.58720e-08
 Reference value :  6.63339e-08
 Reference value :  6.67756e-08
 Reference value :  6.72977e-08
 Reference value :  6.77395e-08
 Reference value :  6.81812e-08
 Reference value :  6.86632e-08
 Reference value :  6.91049e-08
 Reference value :  6.95467e-08
 Reference value :  6.99884e-08
 Reference value :  7.04503e-08
 Reference value :  7.08920e-08
 Reference value :  7.13137e-08
 Reference value :  7.17756e-08
 Reference value :  7.22374e-08
 Reference value :  7.26992e-08
 Reference value :  7.31410e-08
 Reference value :  7.36229e-08
 Reference value :  7.40647e-08
 Reference value :  7.44864e-08
 Reference value :  7.49281e-08
 Reference value :  7.53699e-08
 Reference value :  7.58116e-08
 Reference value :  7.62735e-08
 Reference value :  7.67554e-08
 Reference value :  7.71972e-08
 Reference value :  7.76389e-08
 Reference value :  7.81208e-08
 Reference value :  7.85626e-08
 Reference value :  7.90044e-08
 Reference value :  7.94863e-08
 Reference value :  7.99481e-08
 Reference value :  8.03899e-08
 Reference value :  8.07915e-08
 Reference value :  8.12734e-08
 Reference value :  8.17352e-08
 Reference value :  8.21770e-08
 Reference value :  8.26589e-08
 Reference value :  8.31208e-08
 Reference value :  8.35625e-08
 Reference value :  8.40043e-08
 Reference value :  8.44661e-08
 Reference value :  8.49280e-08
 Reference value :  8.53697e-08
 Reference value :  8.58717e-08
 Reference value :  8.63135e-08
 Reference value :  8.67552e-08
 Reference value :  8.71769e-08
 Reference value :  8.76588e-08
 Reference value :  8.81207e-08
 Reference value :  8.85624e-08
 Reference value :  8.90845e-08
 Reference value :  8.95263e-08
 Reference value :  8.99480e-08
 Reference value :  9.03897e-08
 Reference value :  9.08716e-08
 Reference value :  9.13134e-08
 Reference value :  9.17351e-08
 Reference value :  9.22572e-08
 Reference value :  9.26989e-08
 Reference value :  9.31407e-08
 Reference value :  9.36226e-08
 Reference value :  9.40644e-08
 Reference value :  9.45262e-08
 Reference value :  9.50081e-08
 Reference value :  9.54900e-08
 Reference value :  9.59519e-08
 Reference value :  9.63736e-08
 Reference value :  9.68555e-08
 Reference value :  9.72972e-08
 Reference value :  9.77390e-08
 Reference value :  9.82008e-08
 Reference value :  9.86426e-08
 Reference value :  9.90844e-08
 Reference value :  9.94860e-08
 Reference value :  9.99679e-08
 Reference value :  1.00410e-07
 Reference value :  1.00851e-07
 Reference value :  1.01313e-07
 Reference value :  1.01795e-07
 Reference value :  1.02237e-07
 Reference value :  1.02679e-07
 Reference value :  1.03161e-07
 Reference value :  1.03602e-07
 Reference value :  1.04064e-07
 Reference value :  1.04586e-07
 Reference value :  1.05028e-07
 Reference value :  1.05470e-07
 Reference value :  1.05912e-07
 Reference value :  1.06393e-07
 Reference value :  1.06835e-07
 Reference value :  1.07277e-07
 Reference value :  1.07799e-07
 Reference value :  1.08241e-07
 Reference value :  1.08663e-07
 Reference value :  1.09104e-07
 Reference value :  1.09566e-07
 Reference value :  1.10048e-07
 Reference value :  1.10470e-07
 Reference value :  1.10992e-07
 Reference value :  1.11434e-07
 Reference value :  1.11855e-07
 Reference value :  1.12337e-07
 Reference value :  1.12779e-07
 Reference value :  1.13241e-07
 Reference value :  1.13723e-07
 Reference value :  1.14205e-07
 Reference value :  1.14666e-07
 Reference value :  1.15088e-07
 Reference value :  1.15570e-07
 Reference value :  1.16012e-07
 Reference value :  1.16454e-07
 Reference value :  1.16935e-07
 Reference value :  1.17397e-07
 Reference value :  1.17839e-07
 Reference value :  1.18261e-07
 Reference value :  1.18743e-07
 Reference value :  1.19225e-07
 Reference value :  1.19666e-07
 Reference value :  1.20168e-07
No. of Data Rows : 6015
vhold_min           =  1.20000e+00 at=  1.06022e-10
tfirst              =  7.96202e-09
t1                  =  7.50025e-08
t2                  =  7.81218e-08
t3                  =  8.12410e-08
t4                  =  8.43601e-08
t5                  =  8.74795e-08
t6                  =  9.05986e-08
t7                  =  9.37177e-08
t8                  =  9.68371e-08
t9                  =  9.99562e-08
t10                 =  1.03075e-07
t11                 =  1.06195e-07
t12                 =  1.09314e-07
idd_run             =  -6.04007e-04 from=  7.22900e-08 to=  1.20500e-07
vmax                =  1.21497e+00 at=  9.83012e-08
vmin                =  -1.09738e-02 at=  7.48880e-08
Note: Simulation executed from .control section 
Note: Starting dynamic gmin stepping
Note: Dynamic gmin stepping completed
Note: Starting dynamic gmin stepping
Note: Dynamic gmin stepping completed
