
Note: No compatibility mode selected!


Circuit: * stage delay at code 128

Doing analysis at TEMP = -40.000000 and TNOM = 27.000000

Using SPARSE 1.3 as Direct Linear Solver

Initial Transient Solution
--------------------------

Node                                   Voltage
----                                   -------
vpwr                                       1.2
code[0]                                      0
code[1]                                      0
code[2]                                      0
code[3]                                      0
code[4]                                      0
code[5]                                      0
code[6]                                      0
code[7]                                    1.2
vbp                                   0.498043
vbn                                   0.582843
a                                            0
xdrv.net1                                  1.2
b                                          1.2
xdrv.net2                          3.06902e-09
xdut.net1                                  1.2
y                                  5.82175e-08
xdut.net2                          5.03686e-08
xload.net1                                 1.2
z                                          1.2
xload.net2                         3.06902e-09
xload2.net1                                1.2
zz                                 3.52514e-08
xload2.net2                        3.10502e-08
vin#branch                         1.50913e-12
vc7#branch                        -1.06995e-08
vc6#branch                         6.21223e-14
vc5#branch                          3.1061e-14
vc4#branch                         1.55304e-14
vc3#branch                         7.76503e-15
vc2#branch                         3.88237e-15
vc1#branch                         1.94104e-15
vc0#branch                         9.70372e-16
vdd#branch                        -0.000356639

 Reference value :  1.91126e-10
 Reference value :  1.86719e-09
 Reference value :  3.07570e-09
 Reference value :  4.47859e-09
 Reference value :  6.02502e-09
 Reference value :  7.33901e-09
 Reference value :  8.53355e-09
 Reference value :  1.00985e-08
 Reference value :  1.15948e-08
 Reference value :  1.26310e-08
 Reference value :  1.41682e-08
 Reference value :  1.57053e-08
 Reference value :  1.68943e-08
 Reference value :  1.82602e-08
 Reference value :  1.98020e-08
 Reference value :  2.11677e-08
 Reference value :  2.23623e-08
 Reference value :  2.38902e-08
 Reference value :  2.54227e-08
 Reference value :  2.64450e-08
No. of Data Rows : 6045
tin_f               =  1.17736e-08
tout_r              =  1.19589e-08
tin_r               =  1.64279e-08
tout_f              =  1.66445e-08
tplh=1.8528E-10 tphl=2.1659E-10
t40r                =  1.19300e-08
t60r                =  1.19905e-08
t60f                =  1.66129e-08
t40f                =  1.66776e-08
sr_r=3.97088E+09 sr_f=-3.70771E+09
tr                  =  1.18753e-08
tr8                 =  1.20976e-08
tf                  =  1.65509e-08
tf2                 =  1.67684e-08
trise=2.2229E-10 tfall=2.1746E-10
Note: Simulation executed from .control section 
Note: Starting dynamic gmin stepping
Note: Dynamic gmin stepping completed
