
Note: No compatibility mode selected!


Circuit: * stage delay at code 255

Doing analysis at TEMP = 27.000000 and TNOM = 27.000000

Using SPARSE 1.3 as Direct Linear Solver

Initial Transient Solution
--------------------------

Node                                   Voltage
----                                   -------
vpwr                                      1.08
code[0]                                   1.08
code[1]                                   1.08
code[2]                                   1.08
code[3]                                   1.08
code[4]                                   1.08
code[5]                                   1.08
code[6]                                   1.08
code[7]                                   1.08
vbp                                   0.411706
vbn                                   0.500635
a                                            0
xdrv.net1                                 1.08
b                                         1.08
xdrv.net2                          5.14814e-07
xdut.net1                                 1.08
y                                  3.88363e-06
xdut.net2                          3.14271e-06
xload.net1                                1.08
z                                         1.08
xload.net2                         5.14863e-07
xload2.net1                               1.08
zz                                 3.65704e-06
xload2.net2                        2.96036e-06
vin#branch                         1.65178e-11
vc7#branch                        -1.59978e-07
vc6#branch                        -7.99007e-08
vc5#branch                        -3.98621e-08
vc4#branch                        -1.98428e-08
vc3#branch                        -9.83315e-09
vc2#branch                        -4.82833e-09
vc1#branch                        -2.32591e-09
vc0#branch                        -1.07471e-09
vdd#branch                        -0.000531914

 Reference value :  1.42407e-10
 Reference value :  1.13034e-09
 Reference value :  1.91593e-09
 Reference value :  2.80447e-09
 Reference value :  3.79843e-09
 Reference value :  4.70083e-09
 Reference value :  5.40564e-09
 Reference value :  6.40261e-09
 Reference value :  7.39055e-09
 Reference value :  8.08451e-09
 Reference value :  9.03028e-09
 Reference value :  1.00062e-08
 Reference value :  1.08453e-08
 Reference value :  1.16194e-08
 Reference value :  1.25983e-08
 Reference value :  1.35736e-08
 Reference value :  1.42501e-08
 Reference value :  1.52230e-08
 Reference value :  1.62169e-08
 Reference value :  1.69958e-08
 Reference value :  1.78332e-08
No. of Data Rows : 6046
tin_f               =  7.65920e-09
tout_r              =  7.77114e-09
tin_r               =  1.07015e-08
tout_f              =  1.08385e-08
tplh=1.11939E-10 tphl=1.3698E-10
t40r                =  7.75275e-09
t60r                =  7.79269e-09
t60f                =  1.08180e-08
t40f                =  1.08600e-08
sr_r=5.4073E+09 sr_f=-5.15144E+09
tr                  =  7.71861e-09
tr8                 =  7.87570e-09
tf                  =  1.07786e-08
tf2                 =  1.09188e-08
trise=1.57091E-10 tfall=1.4021E-10
Note: Simulation executed from .control section 
Note: Starting dynamic gmin stepping
Note: Dynamic gmin stepping completed
