
Note: Compatibility modes selected: hs a


Circuit: * tt_analog_ring, code 16

Doing analysis at TEMP = 27.000000 and TNOM = 27.000000

Using SPARSE 1.3 as Direct Linear Solver
 Reference value :  0.00000e+00
No. of Data Rows : 1
idd_dis=5.11703E-05 vbp=0.745311 vbn=0.355975 clk_dis=1.2
Doing analysis at TEMP = 27.000000 and TNOM = 27.000000

Using SPARSE 1.3 as Direct Linear Solver

Initial Transient Solution
--------------------------

Node                                   Voltage
----                                   -------
vpwr                                       1.2
code[0]                                      0
code[1]                                      0
code[2]                                      0
code[3]                                      0
code[4]                                    1.2
code[5]                                      0
code[6]                                      0
code[7]                                      0
enable                                       0
xdut.vbp                              0.745311
clk_out                                    1.2
xdut.b1                            1.83825e-07
xdut.s3                            1.94487e-06
xdut.s2                                    1.2
xdut.n_126                                 1.2
xdut.s1                            2.55899e-06
xdut.n_125                                 1.2
xdut.s10                                   1.2
xdut.s6                                    1.2
xdut.s5                            1.93687e-06
xdut.n_128                                 1.2
xdut.s9                             2.2244e-06
xdut.n_133                                 1.2
xdut.s4                                    1.2
xdut.n_129                                 1.2
xdut.s8                                    1.2
xdut.n_132                                 1.2
xdut.s7                            2.09322e-06
xdut.n_130                                 1.2
xdut.n_127                                 1.2
xdut.n_131                                 1.2
xdut.s0                                    1.2
xdut.n_124                                 1.2
xdut.n_71                           2.4444e-06
xdut.n_72                          2.00951e-06
xdut.n_70                          7.70035e-07
xdut.n_77                          1.87746e-06
xdut.n_75                          3.40186e-07
xdut.n_73                          1.82813e-07
xdut.n_67                          1.59692e-07
xdut.n_76                          1.85576e-07
xdut.n_69                           2.1277e-06
xdut.n_74                          1.83998e-06
xdut.n_122                                 1.2
xdut.n_i1005                           1.02241
xdut.n_68                          1.14908e-06
xdut.vbn                              0.355975
ven#branch                         7.43792e-12
vc7#branch                         4.03966e-12
vc6#branch                         2.01331e-12
vc5#branch                         1.00591e-12
vc4#branch                        -6.80196e-09
vc3#branch                         2.52601e-13
vc2#branch                         1.26578e-13
vc1#branch                         6.30724e-14
vc0#branch                         3.01054e-14
vdd#branch                        -5.11703e-05

 Reference value :  0.00000e+00
 Reference value :  1.31080e-08
 Reference value :  2.90052e-08
 Reference value :  4.45411e-08
 Reference value :  6.00770e-08
 Reference value :  7.81420e-08
 Reference value :  1.05962e-07
 Reference value :  1.18335e-07
 Reference value :  1.32425e-07
 Reference value :  1.44933e-07
 Reference value :  1.59385e-07
 Reference value :  1.72680e-07
 Reference value :  1.87132e-07
 Reference value :  2.00081e-07
 Reference value :  2.13810e-07
 Reference value :  2.27520e-07
 Reference value :  2.41611e-07
 Reference value :  2.54683e-07
 Reference value :  2.69496e-07
 Reference value :  2.83944e-07
 Reference value :  2.98134e-07
 Reference value :  3.12947e-07
 Reference value :  3.27372e-07
 Reference value :  3.41824e-07
 Reference value :  3.55587e-07
 Reference value :  3.69677e-07
 Reference value :  3.83640e-07
 Reference value :  3.97731e-07
 Reference value :  4.10713e-07
 Reference value :  4.24442e-07
 Reference value :  4.38452e-07
 Reference value :  4.52543e-07
 Reference value :  4.65093e-07
 Reference value :  4.78461e-07
 Reference value :  4.92552e-07
 Reference value :  5.06643e-07
 Reference value :  5.20198e-07
 Reference value :  5.33927e-07
 Reference value :  5.48710e-07
 Reference value :  5.63162e-07
 Reference value :  5.75872e-07
 Reference value :  5.91046e-07
 Reference value :  6.05133e-07
 Reference value :  6.20307e-07
 Reference value :  6.33413e-07
 Reference value :  6.48227e-07
 Reference value :  6.61929e-07
 Reference value :  6.76054e-07
 Reference value :  6.89783e-07
 Reference value :  7.04108e-07
 Reference value :  7.18560e-07
 Reference value :  7.32619e-07
 Reference value :  7.46710e-07
 Reference value :  7.61437e-07
 Reference value :  7.74805e-07
 Reference value :  7.88421e-07
 Reference value :  8.02512e-07
 Reference value :  8.16959e-07
 Reference value :  8.31411e-07
 Reference value :  8.45601e-07
 Reference value :  8.59692e-07
 Reference value :  8.73393e-07
 Reference value :  8.87123e-07
 Reference value :  9.00885e-07
 Reference value :  9.15699e-07
 Reference value :  9.29661e-07
 Reference value :  9.44400e-07
 Reference value :  9.57821e-07
 Reference value :  9.72635e-07
 Reference value :  9.85563e-07
 Reference value :  9.98926e-07
 Reference value :  1.01257e-06
 Reference value :  1.02703e-06
 Reference value :  1.04039e-06
 Reference value :  1.05387e-06
 Reference value :  1.06507e-06
 Reference value :  1.07736e-06
 Reference value :  1.09000e-06
 Reference value :  1.10409e-06
 Reference value :  1.11151e-06
 Reference value :  1.12379e-06
 Reference value :  1.13785e-06
 Reference value :  1.15194e-06
 Reference value :  1.16501e-06
 Reference value :  1.17910e-06
 Reference value :  1.19391e-06
 Reference value :  1.20800e-06
 Reference value :  1.22075e-06
 Reference value :  1.23195e-06
 Reference value :  1.24530e-06
 Reference value :  1.25759e-06
 Reference value :  1.27136e-06
 Reference value :  1.28292e-06
 Reference value :  1.29160e-06
 Reference value :  1.30014e-06
 Reference value :  1.31279e-06
 Reference value :  1.32146e-06
 Reference value :  1.33003e-06
 Reference value :  1.34268e-06
 Reference value :  1.35557e-06
 Reference value :  1.36930e-06
 Reference value :  1.38290e-06
 Reference value :  1.39735e-06
 Reference value :  1.41134e-06
 Reference value :  1.42579e-06
 Reference value :  1.43864e-06
 Reference value :  1.45309e-06
 Reference value :  1.46707e-06
 Reference value :  1.48153e-06
 Reference value :  1.49440e-06
 Reference value :  1.50921e-06
 Reference value :  1.52284e-06
 Reference value :  1.53693e-06
 Reference value :  1.55014e-06
 Reference value :  1.56459e-06
 Reference value :  1.57785e-06
 Reference value :  1.59208e-06
 Reference value :  1.60590e-06
 Reference value :  1.62029e-06
 Reference value :  1.63398e-06
 Reference value :  1.64791e-06
 Reference value :  1.66200e-06
 Reference value :  1.67598e-06
 Reference value :  1.68971e-06
 Reference value :  1.70331e-06
 Reference value :  1.71813e-06
 Reference value :  1.73247e-06
 Reference value :  1.74656e-06
 Reference value :  1.76122e-06
 Reference value :  1.77495e-06
 Reference value :  1.78893e-06
 Reference value :  1.80302e-06
 Reference value :  1.81662e-06
 Reference value :  1.83107e-06
 Reference value :  1.84470e-06
 Reference value :  1.85915e-06
 Reference value :  1.87200e-06
 Reference value :  1.88681e-06
 Reference value :  1.90043e-06
 Reference value :  1.91488e-06
 Reference value :  1.92812e-06
 Reference value :  1.94330e-06
 Reference value :  1.95692e-06
 Reference value :  1.96992e-06
 Reference value :  1.98423e-06
 Reference value :  1.99856e-06
 Reference value :  2.01229e-06
 Reference value :  2.02590e-06
 Reference value :  2.03999e-06
 Reference value :  2.05433e-06
 Reference value :  2.06842e-06
 Reference value :  2.08200e-06
 Reference value :  2.09609e-06
 Reference value :  2.11007e-06
 Reference value :  2.12344e-06
 Reference value :  2.13632e-06
 Reference value :  2.15005e-06
 Reference value :  2.16259e-06
No. of Data Rows : 6067
vhold_min           =  1.20000e+00 at=  8.23764e-10
tfirst              =  1.34733e-07
t1                  =  1.35000e-06
t2                  =  1.40395e-06
t3                  =  1.45789e-06
t4                  =  1.51183e-06
t5                  =  1.56578e-06
t6                  =  1.61972e-06
t7                  =  1.67367e-06
t8                  =  1.72761e-06
t9                  =  1.78155e-06
t10                 =  1.83550e-06
t11                 =  1.88944e-06
t12                 =  1.94339e-06
idd_run             =  -5.39930e-05 from=  1.30100e-06 to=  2.16800e-06
vmax                =  1.22349e+00 at=  1.89000e-06
vmin                =  -3.18473e-02 at=  2.13128e-06
Note: Simulation executed from .control section 
Warning: m=xx on .subckt line will override multiplier m hierarchy!

Note: Starting dynamic gmin stepping
Note: Dynamic gmin stepping completed
Note: Starting dynamic gmin stepping
Note: Dynamic gmin stepping completed
