
Note: No compatibility mode selected!


Circuit: * stage delay at code 16

Doing analysis at TEMP = -40.000000 and TNOM = 27.000000

Using SPARSE 1.3 as Direct Linear Solver

Initial Transient Solution
--------------------------

Node                                   Voltage
----                                   -------
vpwr                                       1.2
code[0]                                      0
code[1]                                      0
code[2]                                      0
code[3]                                      0
code[4]                                    1.2
code[5]                                      0
code[6]                                      0
code[7]                                      0
vbp                                    0.67113
vbn                                   0.448452
a                                            0
xdrv.net1                                  1.2
b                                          1.2
xdrv.net2                          3.03494e-09
xdut.net1                                  1.2
y                                  1.83944e-07
xdut.net2                          1.76096e-07
xload.net1                                 1.2
z                                          1.2
xload.net2                         3.03494e-09
xload2.net1                                1.2
zz                                 1.09614e-07
xload2.net2                        1.05413e-07
vin#branch                         1.50913e-12
vc7#branch                         3.14657e-13
vc6#branch                         1.57328e-13
vc5#branch                         7.86639e-14
vc4#branch                        -1.25443e-09
vc3#branch                         1.96658e-14
vc2#branch                         9.83273e-15
vc1#branch                         4.91622e-15
vc0#branch                         2.45796e-15
vdd#branch                        -5.39429e-05

 Reference value :  1.19999e-09
 Reference value :  1.01701e-08
 Reference value :  1.71636e-08
 Reference value :  2.52394e-08
 Reference value :  3.42367e-08
 Reference value :  4.22270e-08
 Reference value :  4.90020e-08
 Reference value :  5.79179e-08
 Reference value :  6.68609e-08
 Reference value :  7.30980e-08
 Reference value :  8.19868e-08
 Reference value :  9.11737e-08
 Reference value :  9.83239e-08
 Reference value :  1.06183e-07
 Reference value :  1.15370e-07
 Reference value :  1.23423e-07
 Reference value :  1.30333e-07
 Reference value :  1.39330e-07
 Reference value :  1.48409e-07
 Reference value :  1.54421e-07
No. of Data Rows : 6044
tin_f               =  6.87251e-08
tout_r              =  6.96809e-08
tin_r               =  9.59076e-08
tout_f              =  9.70503e-08
tplh=9.558E-10 tphl=1.14271E-09
t40r                =  6.94825e-08
t60r                =  6.98829e-08
t60f                =  9.68431e-08
t40f                =  9.72533e-08
sr_r=5.99371E+08 sr_f=-5.8518E+08
tr                  =  6.91010e-08
tr8                 =  7.06953e-08
tf                  =  9.64325e-08
tf2                 =  9.79230e-08
trise=1.59428E-09 tfall=1.49048E-09
Note: Simulation executed from .control section 
Note: Starting dynamic gmin stepping
Note: Dynamic gmin stepping completed
