
Note: No compatibility mode selected!


Circuit: * tt_analog_ring, code 4

Doing analysis at TEMP = 125.000000 and TNOM = 27.000000

Using SPARSE 1.3 as Direct Linear Solver
 Reference value :  0.00000e+00
No. of Data Rows : 1
idd_dis=1.42441E-05 vbp=1.0363 vbn=0.244359 clk_dis=1.32
Doing analysis at TEMP = 125.000000 and TNOM = 27.000000

Using SPARSE 1.3 as Direct Linear Solver

Initial Transient Solution
--------------------------

Node                                   Voltage
----                                   -------
vpwr                                      1.32
code[0]                                      0
code[1]                                      0
code[2]                                   1.32
code[3]                                      0
code[4]                                      0
code[5]                                      0
code[6]                                      0
code[7]                                      0
enable                                       0
xdut.vbp                                1.0363
xdut.vbn                              0.244359
xdut.n0                            4.57398e-05
xdut.p0                                1.31995
xdut.na0                               1.12705
xdut.s0                                1.31995
xdut.s10                               1.31997
xdut.n1                            0.000587746
xdut.p1                                1.31945
xdut.s1                            0.000597355
xdut.n2                            2.12841e-05
xdut.p2                                1.31997
xdut.s2                                1.31997
xdut.n3                            0.000587483
xdut.p3                                1.31945
xdut.s3                            0.000597088
xdut.n4                            2.12839e-05
xdut.p4                                1.31997
xdut.s4                                1.31997
xdut.n5                            0.000587483
xdut.p5                                1.31945
xdut.s5                            0.000597088
xdut.n6                            2.12839e-05
xdut.p6                                1.31997
xdut.s6                                1.31997
xdut.n7                            0.000587483
xdut.p7                                1.31945
xdut.s7                            0.000597088
xdut.n8                            2.12839e-05
xdut.p8                                1.31997
xdut.s8                                1.31997
xdut.n9                            0.000587483
xdut.p9                                1.31945
xdut.s9                            0.000597088
xdut.n10                           2.12839e-05
xdut.p10                               1.31997
xdut.b1                             1.0004e-05
clk_out                                   1.32
ven#branch                         2.92378e-11
vc7#branch                         1.60921e-11
vc6#branch                         8.04604e-12
vc5#branch                         4.02302e-12
vc4#branch                         2.01151e-12
vc3#branch                         1.00575e-12
vc2#branch                        -2.64376e-09
vc1#branch                         2.51439e-13
vc0#branch                         1.25719e-13
vdd#branch                        -1.42441e-05

 Reference value :  0.00000e+00
 Reference value :  1.75231e-08
 Reference value :  3.88107e-08
 Reference value :  6.06585e-08
 Reference value :  8.30665e-08
 Reference value :  1.04354e-07
 Reference value :  1.25642e-07
 Reference value :  1.46929e-07
 Reference value :  1.68110e-07
 Reference value :  1.75811e-07
 Reference value :  1.88136e-07
 Reference value :  2.00460e-07
 Reference value :  2.12785e-07
 Reference value :  2.25109e-07
 Reference value :  2.35297e-07
 Reference value :  2.48182e-07
 Reference value :  2.60506e-07
 Reference value :  2.73391e-07
 Reference value :  2.85155e-07
 Reference value :  2.96919e-07
 Reference value :  3.08474e-07
 Reference value :  3.20239e-07
 Reference value :  3.32563e-07
 Reference value :  3.44887e-07
 Reference value :  3.56652e-07
 Reference value :  3.67722e-07
 Reference value :  3.79005e-07
 Reference value :  3.91330e-07
 Reference value :  4.03654e-07
 Reference value :  4.15979e-07
 Reference value :  4.27743e-07
 Reference value :  4.38699e-07
 Reference value :  4.51583e-07
 Reference value :  4.63348e-07
 Reference value :  4.75672e-07
 Reference value :  4.87996e-07
 Reference value :  5.00881e-07
 Reference value :  5.10976e-07
 Reference value :  5.23860e-07
 Reference value :  5.36745e-07
 Reference value :  5.49630e-07
 Reference value :  5.62514e-07
 Reference value :  5.72898e-07
 Reference value :  5.86343e-07
 Reference value :  5.98667e-07
 Reference value :  6.10992e-07
 Reference value :  6.23876e-07
 Reference value :  6.36761e-07
 Reference value :  6.48637e-07
 Reference value :  6.60962e-07
 Reference value :  6.73286e-07
 Reference value :  6.85050e-07
 Reference value :  6.97375e-07
 Reference value :  7.08380e-07
 Reference value :  7.20704e-07
 Reference value :  7.33028e-07
 Reference value :  7.45353e-07
 Reference value :  7.57677e-07
 Reference value :  7.70562e-07
 Reference value :  7.79530e-07
 Reference value :  7.91855e-07
 Reference value :  8.03619e-07
 Reference value :  8.15943e-07
 Reference value :  8.28268e-07
 Reference value :  8.40032e-07
 Reference value :  8.52192e-07
 Reference value :  8.64516e-07
 Reference value :  8.76840e-07
 Reference value :  8.89725e-07
 Reference value :  9.02610e-07
 Reference value :  9.12203e-07
 Reference value :  9.25088e-07
 Reference value :  9.37972e-07
 Reference value :  9.49737e-07
 Reference value :  9.62061e-07
 Reference value :  9.74385e-07
 Reference value :  9.86693e-07
 Reference value :  9.99578e-07
 Reference value :  1.01190e-06
 Reference value :  1.02423e-06
 Reference value :  1.03711e-06
 Reference value :  1.04774e-06
 Reference value :  1.06063e-06
 Reference value :  1.07239e-06
 Reference value :  1.08472e-06
 Reference value :  1.09704e-06
 Reference value :  1.10880e-06
 Reference value :  1.12026e-06
 Reference value :  1.13203e-06
 Reference value :  1.14379e-06
 Reference value :  1.15556e-06
 Reference value :  1.16788e-06
 Reference value :  1.17842e-06
 Reference value :  1.19186e-06
 Reference value :  1.20475e-06
 Reference value :  1.21651e-06
 Reference value :  1.22884e-06
 Reference value :  1.24172e-06
 Reference value :  1.25459e-06
 Reference value :  1.26691e-06
 Reference value :  1.27924e-06
 Reference value :  1.29156e-06
 Reference value :  1.30333e-06
 Reference value :  1.31452e-06
 Reference value :  1.32685e-06
 Reference value :  1.33917e-06
 Reference value :  1.35149e-06
 Reference value :  1.36326e-06
 Reference value :  1.37502e-06
 Reference value :  1.38648e-06
 Reference value :  1.39881e-06
 Reference value :  1.41113e-06
 Reference value :  1.42346e-06
 Reference value :  1.43522e-06
 Reference value :  1.44619e-06
 Reference value :  1.45794e-06
 Reference value :  1.47026e-06
 Reference value :  1.48203e-06
 Reference value :  1.49379e-06
 Reference value :  1.50556e-06
 Reference value :  1.51657e-06
 Reference value :  1.52946e-06
 Reference value :  1.54178e-06
 Reference value :  1.55355e-06
 Reference value :  1.56587e-06
 Reference value :  1.57819e-06
 Reference value :  1.58717e-06
 Reference value :  1.59949e-06
 Reference value :  1.61238e-06
 Reference value :  1.62470e-06
 Reference value :  1.63703e-06
 Reference value :  1.64935e-06
 Reference value :  1.66099e-06
 Reference value :  1.67332e-06
 Reference value :  1.68564e-06
 Reference value :  1.69797e-06
 Reference value :  1.71085e-06
 Reference value :  1.72100e-06
 Reference value :  1.73444e-06
 Reference value :  1.74677e-06
 Reference value :  1.75909e-06
 Reference value :  1.77142e-06
 Reference value :  1.78374e-06
 Reference value :  1.79534e-06
 Reference value :  1.80766e-06
 Reference value :  1.81999e-06
 Reference value :  1.83287e-06
 Reference value :  1.84520e-06
 Reference value :  1.85397e-06
 Reference value :  1.86685e-06
 Reference value :  1.87918e-06
 Reference value :  1.89094e-06
 Reference value :  1.90327e-06
 Reference value :  1.91615e-06
 Reference value :  1.92844e-06
 Reference value :  1.94076e-06
 Reference value :  1.95253e-06
 Reference value :  1.96541e-06
 Reference value :  1.97718e-06
 Reference value :  1.98764e-06
 Reference value :  2.00052e-06
 Reference value :  2.01285e-06
 Reference value :  2.02461e-06
 Reference value :  2.03638e-06
 Reference value :  2.04870e-06
 Reference value :  2.06099e-06
 Reference value :  2.07332e-06
 Reference value :  2.08564e-06
 Reference value :  2.09797e-06
 Reference value :  2.11029e-06
 Reference value :  2.12045e-06
 Reference value :  2.13307e-06
 Reference value :  2.14596e-06
 Reference value :  2.15828e-06
 Reference value :  2.17005e-06
 Reference value :  2.18237e-06
 Reference value :  2.19355e-06
 Reference value :  2.20587e-06
 Reference value :  2.21764e-06
 Reference value :  2.22996e-06
 Reference value :  2.24173e-06
 Reference value :  2.25405e-06
 Reference value :  2.26396e-06
 Reference value :  2.27628e-06
 Reference value :  2.28917e-06
 Reference value :  2.30149e-06
 Reference value :  2.31325e-06
 Reference value :  2.32446e-06
 Reference value :  2.33734e-06
 Reference value :  2.34967e-06
 Reference value :  2.36255e-06
 Reference value :  2.37488e-06
 Reference value :  2.38720e-06
 Reference value :  2.39724e-06
 Reference value :  2.41012e-06
 Reference value :  2.42245e-06
 Reference value :  2.43421e-06
 Reference value :  2.44654e-06
 Reference value :  2.45830e-06
 Reference value :  2.46980e-06
 Reference value :  2.48213e-06
 Reference value :  2.49445e-06
 Reference value :  2.50678e-06
 Reference value :  2.51910e-06
 Reference value :  2.52913e-06
 Reference value :  2.54202e-06
 Reference value :  2.55434e-06
 Reference value :  2.56610e-06
 Reference value :  2.57843e-06
 Reference value :  2.59075e-06
 Reference value :  2.60130e-06
 Reference value :  2.61419e-06
 Reference value :  2.62707e-06
 Reference value :  2.63996e-06
 Reference value :  2.65228e-06
 Reference value :  2.66173e-06
 Reference value :  2.67518e-06
 Reference value :  2.68750e-06
 Reference value :  2.69983e-06
 Reference value :  2.71215e-06
 Reference value :  2.72392e-06
 Reference value :  2.73491e-06
 Reference value :  2.74780e-06
 Reference value :  2.76012e-06
 Reference value :  2.77244e-06
 Reference value :  2.78477e-06
 Reference value :  2.79587e-06
 Reference value :  2.80932e-06
 Reference value :  2.82164e-06
 Reference value :  2.83340e-06
 Reference value :  2.84573e-06
 Reference value :  2.85805e-06
 Reference value :  2.87036e-06
 Reference value :  2.88325e-06
 Reference value :  2.89557e-06
 Reference value :  2.90790e-06
 Reference value :  2.92078e-06
 Reference value :  2.93142e-06
 Reference value :  2.94430e-06
 Reference value :  2.95662e-06
 Reference value :  2.96839e-06
 Reference value :  2.98071e-06
 Reference value :  2.99248e-06
 Reference value :  3.00394e-06
 Reference value :  3.01627e-06
 Reference value :  3.02859e-06
 Reference value :  3.04091e-06
 Reference value :  3.05212e-06
 Reference value :  3.06364e-06
 Reference value :  3.07539e-06
 Reference value :  3.08772e-06
 Reference value :  3.10004e-06
 Reference value :  3.11236e-06
 Reference value :  3.12413e-06
 Reference value :  3.13515e-06
 Reference value :  3.14747e-06
 Reference value :  3.16035e-06
 Reference value :  3.17212e-06
 Reference value :  3.18444e-06
 Reference value :  3.19733e-06
 Reference value :  3.20741e-06
 Reference value :  3.21974e-06
 Reference value :  3.23206e-06
 Reference value :  3.24438e-06
 Reference value :  3.25727e-06
 Reference value :  3.26890e-06
 Reference value :  3.28178e-06
 Reference value :  3.29410e-06
 Reference value :  3.30587e-06
 Reference value :  3.31763e-06
 Reference value :  3.32996e-06
 Reference value :  3.33954e-06
 Reference value :  3.35242e-06
No. of Data Rows : 6050
vhold_min           =  1.32000e+00 at=  3.58528e-10
tfirst              =  2.32295e-07
t1                  =  2.05378e-06
t2                  =  2.18856e-06
t3                  =  2.32334e-06
t4                  =  2.45810e-06
t5                  =  2.59289e-06
t6                  =  2.72767e-06
t7                  =  2.86247e-06
t8                  =  2.99726e-06
t9                  =  3.13209e-06
t10                 =  3.26688e-06
idd_run             =  -1.65361e-05 from=  2.01700e-06 to=  3.36100e-06
vmax                =  1.34354e+00 at=  2.99794e-06
vmin                =  -3.72252e-02 at=  3.33316e-06
Note: Simulation executed from .control section 
Note: Starting dynamic gmin stepping
Note: Dynamic gmin stepping completed
Note: Starting dynamic gmin stepping
Note: Dynamic gmin stepping completed

Error: measure  t11  when(WHEN) : out of interval
 meas tran t11 when v(clk_out)=6.600000e-01 rise=11 from=2.017000e-06 failed!


Error: measure  t12  when(WHEN) : out of interval
 meas tran t12 when v(clk_out)=6.600000e-01 rise=12 from=2.017000e-06 failed!

