
Note: Compatibility modes selected: hs a


Circuit: * tt_analog_ring, code 16

Doing analysis at TEMP = 27.000000 and TNOM = 27.000000

Using SPARSE 1.3 as Direct Linear Solver
 Reference value :  0.00000e+00
No. of Data Rows : 1
idd_dis=5.0783E-05 vbp=0.746268 vbn=0.34489 clk_dis=1.2
Doing analysis at TEMP = 27.000000 and TNOM = 27.000000

Using SPARSE 1.3 as Direct Linear Solver

Initial Transient Solution
--------------------------

Node                                   Voltage
----                                   -------
vpwr                                       1.2
code[0]                                      0
code[1]                                      0
code[2]                                      0
code[3]                                      0
code[4]                                    1.2
code[5]                                      0
code[6]                                      0
code[7]                                      0
enable                                       0
xdut.vbp                              0.746268
clk_out                                    1.2
xdut.b1                            1.65497e-07
xdut.s3                            2.23788e-06
xdut.s2                                    1.2
xdut.n_126                                 1.2
xdut.s1                            2.15624e-06
xdut.n_125                                 1.2
xdut.s10                                   1.2
xdut.s6                                    1.2
xdut.s5                            2.75403e-06
xdut.n_128                                 1.2
xdut.s9                            2.29983e-06
xdut.n_133                                 1.2
xdut.s4                                    1.2
xdut.n_129                                 1.2
xdut.s8                                    1.2
xdut.n_132                                 1.2
xdut.s7                             1.8165e-06
xdut.n_130                                 1.2
xdut.n_127                                 1.2
xdut.n_131                                 1.2
xdut.s0                                    1.2
xdut.n_124                                 1.2
xdut.n_71                          2.07122e-06
xdut.n_72                          1.73674e-06
xdut.n_70                          2.23911e-07
xdut.n_77                          2.15433e-06
xdut.n_75                           5.8011e-07
xdut.n_73                          2.93595e-07
xdut.n_67                          3.57194e-07
xdut.n_76                          5.62292e-07
xdut.n_69                          2.21546e-06
xdut.n_74                          2.65401e-06
xdut.n_122                                 1.2
xdut.n_i1005                           1.02377
xdut.n_68                          5.80136e-07
xdut.vbn                               0.34489
ven#branch                         7.34849e-12
vc7#branch                         4.05865e-12
vc6#branch                         2.03337e-12
vc5#branch                         1.01232e-12
vc4#branch                        -6.74915e-09
vc3#branch                          2.5321e-13
vc2#branch                         1.25022e-13
vc1#branch                          6.3543e-14
vc0#branch                         3.09578e-14
vdd#branch                         -5.0783e-05

 Reference value :  0.00000e+00
 Reference value :  1.05789e-08
 Reference value :  2.35857e-08
 Reference value :  3.73151e-08
 Reference value :  5.14058e-08
 Reference value :  6.51352e-08
 Reference value :  7.85033e-08
 Reference value :  9.15101e-08
 Reference value :  1.04517e-07
 Reference value :  1.11109e-07
 Reference value :  1.17612e-07
 Reference value :  1.24477e-07
 Reference value :  1.30980e-07
 Reference value :  1.38206e-07
 Reference value :  1.43681e-07
 Reference value :  1.50185e-07
 Reference value :  1.57049e-07
 Reference value :  1.63914e-07
 Reference value :  1.70292e-07
 Reference value :  1.77157e-07
 Reference value :  1.83660e-07
 Reference value :  1.90525e-07
 Reference value :  1.97751e-07
 Reference value :  2.03436e-07
 Reference value :  2.10300e-07
 Reference value :  2.17526e-07
 Reference value :  2.25475e-07
 Reference value :  2.32259e-07
 Reference value :  2.39124e-07
 Reference value :  2.45988e-07
 Reference value :  2.52853e-07
 Reference value :  2.60694e-07
 Reference value :  2.67213e-07
 Reference value :  2.74439e-07
 Reference value :  2.81665e-07
 Reference value :  2.89252e-07
 Reference value :  2.95680e-07
 Reference value :  3.02906e-07
 Reference value :  3.10132e-07
 Reference value :  3.17358e-07
 Reference value :  3.23404e-07
 Reference value :  3.30630e-07
 Reference value :  3.37856e-07
 Reference value :  3.45443e-07
 Reference value :  3.52236e-07
 Reference value :  3.59462e-07
 Reference value :  3.66688e-07
 Reference value :  3.73914e-07
 Reference value :  3.81268e-07
 Reference value :  3.87905e-07
 Reference value :  3.94770e-07
 Reference value :  4.01996e-07
 Reference value :  4.09583e-07
 Reference value :  4.16017e-07
 Reference value :  4.22521e-07
 Reference value :  4.29024e-07
 Reference value :  4.36250e-07
 Reference value :  4.41928e-07
 Reference value :  4.48793e-07
 Reference value :  4.55657e-07
 Reference value :  4.62522e-07
 Reference value :  4.69748e-07
 Reference value :  4.76186e-07
 Reference value :  4.83051e-07
 Reference value :  4.89915e-07
 Reference value :  4.97503e-07
 Reference value :  5.03177e-07
 Reference value :  5.10041e-07
 Reference value :  5.16906e-07
 Reference value :  5.23771e-07
 Reference value :  5.30594e-07
 Reference value :  5.37799e-07
 Reference value :  5.44664e-07
 Reference value :  5.51890e-07
 Reference value :  5.59477e-07
 Reference value :  5.65509e-07
 Reference value :  5.72374e-07
 Reference value :  5.79239e-07
 Reference value :  5.86826e-07
 Reference value :  5.93632e-07
 Reference value :  6.00858e-07
 Reference value :  6.08084e-07
 Reference value :  6.15310e-07
 Reference value :  6.22166e-07
 Reference value :  6.28926e-07
 Reference value :  6.35790e-07
 Reference value :  6.43016e-07
 Reference value :  6.50604e-07
 Reference value :  6.57413e-07
 Reference value :  6.64639e-07
 Reference value :  6.71865e-07
 Reference value :  6.79814e-07
 Reference value :  6.85477e-07
 Reference value :  6.92342e-07
 Reference value :  6.99568e-07
 Reference value :  7.07517e-07
 Reference value :  7.14708e-07
 Reference value :  7.21934e-07
 Reference value :  7.29160e-07
 Reference value :  7.36747e-07
 Reference value :  7.42761e-07
 Reference value :  7.49626e-07
 Reference value :  7.56490e-07
 Reference value :  7.63355e-07
 Reference value :  7.70942e-07
 Reference value :  7.77747e-07
 Reference value :  7.84973e-07
 Reference value :  7.92561e-07
 Reference value :  8.00509e-07
 Reference value :  8.06890e-07
 Reference value :  8.13754e-07
 Reference value :  8.20258e-07
 Reference value :  8.27484e-07
 Reference value :  8.34319e-07
 Reference value :  8.41184e-07
 Reference value :  8.48048e-07
 Reference value :  8.55274e-07
 Reference value :  8.62377e-07
 Reference value :  8.68873e-07
 Reference value :  8.76099e-07
 Reference value :  8.83325e-07
 Reference value :  8.90912e-07
 Reference value :  8.97721e-07
 Reference value :  9.05309e-07
 Reference value :  9.13257e-07
 Reference value :  9.21928e-07
 Reference value :  9.29024e-07
 Reference value :  9.36973e-07
 Reference value :  9.44921e-07
 Reference value :  9.53207e-07
 Reference value :  9.61156e-07
 Reference value :  9.70549e-07
 Reference value :  9.79221e-07
 Reference value :  9.85952e-07
 Reference value :  9.93178e-07
 Reference value :  1.00077e-06
 Reference value :  1.00908e-06
 Reference value :  1.01663e-06
 Reference value :  1.02421e-06
 Reference value :  1.03216e-06
 Reference value :  1.04047e-06
 Reference value :  1.04720e-06
 Reference value :  1.05515e-06
 Reference value :  1.06346e-06
 Reference value :  1.07177e-06
 Reference value :  1.07931e-06
 Reference value :  1.08689e-06
 Reference value :  1.09484e-06
 Reference value :  1.10303e-06
 Reference value :  1.11024e-06
 Reference value :  1.11819e-06
 Reference value :  1.12614e-06
 Reference value :  1.13443e-06
 Reference value :  1.14238e-06
 Reference value :  1.15069e-06
 Reference value :  1.15936e-06
 Reference value :  1.16645e-06
 Reference value :  1.17548e-06
 Reference value :  1.18343e-06
 Reference value :  1.19210e-06
 Reference value :  1.20002e-06
 Reference value :  1.20797e-06
 Reference value :  1.21592e-06
 Reference value :  1.22383e-06
 Reference value :  1.23168e-06
 Reference value :  1.23926e-06
 Reference value :  1.24938e-06
 Reference value :  1.25766e-06
 Reference value :  1.26561e-06
 Reference value :  1.27355e-06
 Reference value :  1.28223e-06
 Reference value :  1.28895e-06
 Reference value :  1.29690e-06
 Reference value :  1.30449e-06
 Reference value :  1.31280e-06
 Reference value :  1.32071e-06
 Reference value :  1.32866e-06
 Reference value :  1.33625e-06
 Reference value :  1.34394e-06
 Reference value :  1.35092e-06
 Reference value :  1.35887e-06
 Reference value :  1.36610e-06
 Reference value :  1.37329e-06
 Reference value :  1.38052e-06
 Reference value :  1.38738e-06
 Reference value :  1.39425e-06
 Reference value :  1.40148e-06
 Reference value :  1.40712e-06
 Reference value :  1.41362e-06
 Reference value :  1.42012e-06
 Reference value :  1.42807e-06
 Reference value :  1.43599e-06
 Reference value :  1.44358e-06
 Reference value :  1.45153e-06
 Reference value :  1.46020e-06
 Reference value :  1.46692e-06
 Reference value :  1.47451e-06
 Reference value :  1.48246e-06
 Reference value :  1.49113e-06
 Reference value :  1.49905e-06
 Reference value :  1.50700e-06
 Reference value :  1.51494e-06
 Reference value :  1.52362e-06
 Reference value :  1.53034e-06
 Reference value :  1.53829e-06
 Reference value :  1.54624e-06
 Reference value :  1.55452e-06
 Reference value :  1.56210e-06
 Reference value :  1.57005e-06
 Reference value :  1.57872e-06
 Reference value :  1.58617e-06
 Reference value :  1.59412e-06
 Reference value :  1.60207e-06
 Reference value :  1.61038e-06
 Reference value :  1.61902e-06
 Reference value :  1.62733e-06
 Reference value :  1.63528e-06
 Reference value :  1.64395e-06
 Reference value :  1.65067e-06
 Reference value :  1.65862e-06
 Reference value :  1.66657e-06
 Reference value :  1.67521e-06
 Reference value :  1.68316e-06
 Reference value :  1.69147e-06
 Reference value :  1.69978e-06
 Reference value :  1.70650e-06
 Reference value :  1.71409e-06
 Reference value :  1.72204e-06
 Reference value :  1.73035e-06
 Reference value :  1.73863e-06
 Reference value :  1.74658e-06
 Reference value :  1.75489e-06
 Reference value :  1.76465e-06
 Reference value :  1.77137e-06
 Reference value :  1.77932e-06
 Reference value :  1.78726e-06
 Reference value :  1.79555e-06
 Reference value :  1.80314e-06
 Reference value :  1.81109e-06
 Reference value :  1.81903e-06
 Reference value :  1.82648e-06
 Reference value :  1.83443e-06
 Reference value :  1.84237e-06
 Reference value :  1.85104e-06
 Reference value :  1.85897e-06
 Reference value :  1.86728e-06
 Reference value :  1.87595e-06
 Reference value :  1.88462e-06
 Reference value :  1.89134e-06
 Reference value :  1.89929e-06
 Reference value :  1.90724e-06
 Reference value :  1.91552e-06
 Reference value :  1.92419e-06
 Reference value :  1.93214e-06
 Reference value :  1.94045e-06
 Reference value :  1.94753e-06
 Reference value :  1.95548e-06
 Reference value :  1.96343e-06
 Reference value :  1.97210e-06
 Reference value :  1.98003e-06
 Reference value :  1.98797e-06
 Reference value :  1.99592e-06
 Reference value :  2.00459e-06
 Reference value :  2.01131e-06
 Reference value :  2.01926e-06
 Reference value :  2.02721e-06
 Reference value :  2.03550e-06
 Reference value :  2.04345e-06
 Reference value :  2.05176e-06
 Reference value :  2.06043e-06
 Reference value :  2.06895e-06
 Reference value :  2.07762e-06
 Reference value :  2.08629e-06
 Reference value :  2.09496e-06
 Reference value :  2.10361e-06
 Reference value :  2.11192e-06
 Reference value :  2.12023e-06
 Reference value :  2.12731e-06
 Reference value :  2.13526e-06
 Reference value :  2.14321e-06
 Reference value :  2.15152e-06
 Reference value :  2.15945e-06
 Reference value :  2.16739e-06
No. of Data Rows : 6067
vhold_min           =  1.20000e+00 at=  1.15616e-10
tfirst              =  1.39910e-07
t1                  =  1.31234e-06
t2                  =  1.37251e-06
t3                  =  1.43268e-06
t4                  =  1.49285e-06
t5                  =  1.55301e-06
t6                  =  1.61318e-06
t7                  =  1.67335e-06
t8                  =  1.73351e-06
t9                  =  1.79368e-06
t10                 =  1.85385e-06
t11                 =  1.91401e-06
t12                 =  1.97418e-06
idd_run             =  -5.33909e-05 from=  1.30100e-06 to=  2.16800e-06
vmax                =  1.20824e+00 at=  1.31280e-06
vmin                =  -2.33418e-02 at=  1.34371e-06
Note: Simulation executed from .control section 
Warning: m=xx on .subckt line will override multiplier m hierarchy!

Note: Starting dynamic gmin stepping
Note: Dynamic gmin stepping completed
Note: Starting dynamic gmin stepping
Note: Dynamic gmin stepping completed
