
Note: Compatibility modes selected: hs a


Circuit: * tt_analog_ring, code 255

Doing analysis at TEMP = 27.000000 and TNOM = 27.000000

Using SPARSE 1.3 as Direct Linear Solver
 Reference value :  0.00000e+00
No. of Data Rows : 1
idd_dis=0.000580211 vbp=0.460879 vbn=0.561888 clk_dis=1.2
Doing analysis at TEMP = 27.000000 and TNOM = 27.000000

Using SPARSE 1.3 as Direct Linear Solver

Initial Transient Solution
--------------------------

Node                                   Voltage
----                                   -------
vpwr                                       1.2
code[0]                                    1.2
code[1]                                    1.2
code[2]                                    1.2
code[3]                                    1.2
code[4]                                    1.2
code[5]                                    1.2
code[6]                                    1.2
code[7]                                    1.2
enable                                       0
xdut.vbp                              0.460879
clk_out                                    1.2
xdut.b1                            1.86312e-07
xdut.s3                            6.83776e-07
xdut.s2                                    1.2
xdut.n_126                                 1.2
xdut.s1                            5.25092e-07
xdut.n_125                                 1.2
xdut.s10                                   1.2
xdut.s6                                    1.2
xdut.s5                            5.19051e-07
xdut.n_128                                 1.2
xdut.s9                            4.95186e-07
xdut.n_133                                 1.2
xdut.s4                                    1.2
xdut.n_129                                 1.2
xdut.s8                                    1.2
xdut.n_132                                 1.2
xdut.s7                            6.26969e-07
xdut.n_130                                 1.2
xdut.n_127                                 1.2
xdut.n_131                                 1.2
xdut.s0                                    1.2
xdut.n_124                                 1.2
xdut.n_71                          4.45242e-07
xdut.n_72                          5.19879e-07
xdut.n_70                          5.31583e-08
xdut.n_77                           5.7385e-07
xdut.n_75                          3.07495e-08
xdut.n_73                          9.51817e-08
xdut.n_67                          7.17442e-08
xdut.n_76                          7.51819e-08
xdut.n_69                          4.15593e-07
xdut.n_74                          4.33888e-07
xdut.n_122                                 1.2
xdut.n_i1005                           1.01415
xdut.n_68                          1.76732e-07
xdut.vbn                              0.561888
ven#branch                         7.13301e-12
vc7#branch                        -6.38335e-08
vc6#branch                        -3.18748e-08
vc5#branch                        -1.59444e-08
vc4#branch                          -8.003e-09
vc3#branch                        -3.98337e-09
vc2#branch                        -1.96354e-09
vc1#branch                        -9.79263e-10
vc0#branch                        -5.02864e-10
vdd#branch                        -0.000580211

 Reference value :  0.00000e+00
 Reference value :  1.37668e-09
 Reference value :  3.06340e-09
 Reference value :  4.75012e-09
 Reference value :  6.43684e-09
 Reference value :  8.12356e-09
 Reference value :  9.81028e-09
 Reference value :  1.14568e-08
 Reference value :  1.24914e-08
 Reference value :  1.34150e-08
 Reference value :  1.43387e-08
 Reference value :  1.53829e-08
 Reference value :  1.63467e-08
 Reference value :  1.73909e-08
 Reference value :  1.85154e-08
 Reference value :  1.94792e-08
 Reference value :  2.04430e-08
 Reference value :  2.14470e-08
 Reference value :  2.24510e-08
 Reference value :  2.34149e-08
 Reference value :  2.43386e-08
 Reference value :  2.56237e-08
 Reference value :  2.65875e-08
 Reference value :  2.75112e-08
 Reference value :  2.85554e-08
 Reference value :  2.94790e-08
 Reference value :  3.04027e-08
 Reference value :  3.14870e-08
 Reference value :  3.24107e-08
 Reference value :  3.33344e-08
 Reference value :  3.43786e-08
 Reference value :  3.53424e-08
 Reference value :  3.62661e-08
 Reference value :  3.72299e-08
 Reference value :  3.82339e-08
 Reference value :  3.91576e-08
 Reference value :  4.00813e-08
 Reference value :  4.11656e-08
 Reference value :  4.20893e-08
 Reference value :  4.30130e-08
 Reference value :  4.40571e-08
 Reference value :  4.49406e-08
 Reference value :  4.59446e-08
 Reference value :  4.69888e-08
 Reference value :  4.80330e-08
 Reference value :  4.89165e-08
 Reference value :  4.98803e-08
 Reference value :  5.08843e-08
 Reference value :  5.18080e-08
 Reference value :  5.27317e-08
 Reference value :  5.38160e-08
 Reference value :  5.47397e-08
 Reference value :  5.57035e-08
 Reference value :  5.68280e-08
 Reference value :  5.78722e-08
 Reference value :  5.87958e-08
 Reference value :  5.97597e-08
 Reference value :  6.06030e-08
 Reference value :  6.14464e-08
 Reference value :  6.22496e-08
 Reference value :  6.32536e-08
 Reference value :  6.41773e-08
 Reference value :  6.51010e-08
 Reference value :  6.61451e-08
 Reference value :  6.71090e-08
 Reference value :  6.80326e-08
 Reference value :  6.89965e-08
 Reference value :  6.98398e-08
 Reference value :  7.06832e-08
 Reference value :  7.14864e-08
 Reference value :  7.24502e-08
 Reference value :  7.32936e-08
 Reference value :  7.42173e-08
 Reference value :  7.51811e-08
 Reference value :  7.61851e-08
 Reference value :  7.71088e-08
 Reference value :  7.80325e-08
 Reference value :  7.91168e-08
 Reference value :  8.00405e-08
 Reference value :  8.10043e-08
 Reference value :  8.20083e-08
 Reference value :  8.28918e-08
 Reference value :  8.38557e-08
 Reference value :  8.48998e-08
 Reference value :  8.58637e-08
 Reference value :  8.68275e-08
 Reference value :  8.77914e-08
 Reference value :  8.87954e-08
 Reference value :  8.97592e-08
 Reference value :  9.07230e-08
 Reference value :  9.17672e-08
 Reference value :  9.26909e-08
 Reference value :  9.36146e-08
 Reference value :  9.46587e-08
 Reference value :  9.55824e-08
 Reference value :  9.65061e-08
 Reference value :  9.75101e-08
 Reference value :  9.84739e-08
 Reference value :  9.94378e-08
 Reference value :  1.00361e-07
 Reference value :  1.01365e-07
 Reference value :  1.02289e-07
 Reference value :  1.03173e-07
 Reference value :  1.04217e-07
 Reference value :  1.05181e-07
 Reference value :  1.06144e-07
 Reference value :  1.07189e-07
 Reference value :  1.08152e-07
 Reference value :  1.09116e-07
 Reference value :  1.10080e-07
 Reference value :  1.11084e-07
 Reference value :  1.12008e-07
 Reference value :  1.12932e-07
 Reference value :  1.13976e-07
 Reference value :  1.14899e-07
 Reference value :  1.15823e-07
 Reference value :  1.16867e-07
 Reference value :  1.17791e-07
 Reference value :  1.18594e-07
 Reference value :  1.19478e-07
 Reference value :  1.20401e-07
 Reference value :  1.21285e-07
 Reference value :  1.22208e-07
 Reference value :  1.23253e-07
 Reference value :  1.24176e-07
 Reference value :  1.25100e-07
 Reference value :  1.26104e-07
 Reference value :  1.27148e-07
 Reference value :  1.28072e-07
 Reference value :  1.29036e-07
 Reference value :  1.30080e-07
 Reference value :  1.31004e-07
 Reference value :  1.31927e-07
 Reference value :  1.33012e-07
 Reference value :  1.33975e-07
 Reference value :  1.34899e-07
 Reference value :  1.35983e-07
 Reference value :  1.36907e-07
 Reference value :  1.37831e-07
 Reference value :  1.38875e-07
 Reference value :  1.39758e-07
 Reference value :  1.40642e-07
 Reference value :  1.41485e-07
 Reference value :  1.42489e-07
 Reference value :  1.43333e-07
 Reference value :  1.44176e-07
 Reference value :  1.45140e-07
 Reference value :  1.46023e-07
 Reference value :  1.46907e-07
 Reference value :  1.47831e-07
 Reference value :  1.48915e-07
 Reference value :  1.49919e-07
 Reference value :  1.50883e-07
 Reference value :  1.51967e-07
 Reference value :  1.52931e-07
 Reference value :  1.53855e-07
 Reference value :  1.54939e-07
 Reference value :  1.55903e-07
 Reference value :  1.56867e-07
 Reference value :  1.57911e-07
 Reference value :  1.58875e-07
 Reference value :  1.59838e-07
 Reference value :  1.60802e-07
 Reference value :  1.61726e-07
 Reference value :  1.62650e-07
 Reference value :  1.63493e-07
 Reference value :  1.64417e-07
 Reference value :  1.65220e-07
 Reference value :  1.66144e-07
 Reference value :  1.67148e-07
 Reference value :  1.68152e-07
 Reference value :  1.69115e-07
 Reference value :  1.70039e-07
 Reference value :  1.71164e-07
 Reference value :  1.72087e-07
 Reference value :  1.73011e-07
 Reference value :  1.74095e-07
 Reference value :  1.75220e-07
 Reference value :  1.76344e-07
 Reference value :  1.77589e-07
 Reference value :  1.78513e-07
 Reference value :  1.79436e-07
 Reference value :  1.80440e-07
 Reference value :  1.81284e-07
 Reference value :  1.82127e-07
 Reference value :  1.83051e-07
 Reference value :  1.83934e-07
 Reference value :  1.84818e-07
 Reference value :  1.85701e-07
 Reference value :  1.86705e-07
 Reference value :  1.87629e-07
 Reference value :  1.88553e-07
 Reference value :  1.89557e-07
 Reference value :  1.90521e-07
 Reference value :  1.91484e-07
 Reference value :  1.92448e-07
 Reference value :  1.93452e-07
 Reference value :  1.94416e-07
 Reference value :  1.95340e-07
 Reference value :  1.96384e-07
 Reference value :  1.97308e-07
 Reference value :  1.98231e-07
 Reference value :  1.99316e-07
 Reference value :  2.00239e-07
 Reference value :  2.01203e-07
 Reference value :  2.02207e-07
 Reference value :  2.03131e-07
 Reference value :  2.04055e-07
 Reference value :  2.04978e-07
 Reference value :  2.05982e-07
 Reference value :  2.06906e-07
 Reference value :  2.07830e-07
 Reference value :  2.08874e-07
 Reference value :  2.09797e-07
 Reference value :  2.10721e-07
 Reference value :  2.11725e-07
 Reference value :  2.12649e-07
 Reference value :  2.13572e-07
 Reference value :  2.14496e-07
 Reference value :  2.15540e-07
 Reference value :  2.16464e-07
 Reference value :  2.17388e-07
 Reference value :  2.18472e-07
 Reference value :  2.19396e-07
 Reference value :  2.20319e-07
 Reference value :  2.21364e-07
 Reference value :  2.22287e-07
 Reference value :  2.23251e-07
 Reference value :  2.24295e-07
 Reference value :  2.25299e-07
 Reference value :  2.26263e-07
 Reference value :  2.27227e-07
 Reference value :  2.28311e-07
 Reference value :  2.29315e-07
 Reference value :  2.30239e-07
 Reference value :  2.31323e-07
 Reference value :  2.32408e-07
 Reference value :  2.33853e-07
 Reference value :  2.34777e-07
 Reference value :  2.35701e-07
 Reference value :  2.36664e-07
 Reference value :  2.37668e-07
 Reference value :  2.38512e-07
 Reference value :  2.39355e-07
 Reference value :  2.40319e-07
No. of Data Rows : 6014
vhold_min           =  1.20000e+00 at=  1.71885e-10
tfirst              =  1.57157e-08
t1                  =  1.45528e-07
t2                  =  1.51863e-07
t3                  =  1.58198e-07
t4                  =  1.64532e-07
t5                  =  1.70866e-07
t6                  =  1.77202e-07
t7                  =  1.83537e-07
t8                  =  1.89871e-07
t9                  =  1.96205e-07
t10                 =  2.02540e-07
t11                 =  2.08875e-07
t12                 =  2.15209e-07
idd_run             =  -5.97416e-04 from=  1.44600e-07 to=  2.41000e-07
vmax                =  1.21003e+00 at=  1.73894e-07
vmin                =  -6.80503e-03 at=  1.70682e-07
Note: Simulation executed from .control section 
Warning: m=xx on .subckt line will override multiplier m hierarchy!

Note: Starting dynamic gmin stepping
Note: Dynamic gmin stepping completed
Note: Starting dynamic gmin stepping
Note: Dynamic gmin stepping completed
