
Note: No compatibility mode selected!


Circuit: * stage delay at code 128

Doing analysis at TEMP = 27.000000 and TNOM = 27.000000

Using SPARSE 1.3 as Direct Linear Solver

Initial Transient Solution
--------------------------

Node                                   Voltage
----                                   -------
vpwr                                      1.32
code[0]                                      0
code[1]                                      0
code[2]                                      0
code[3]                                      0
code[4]                                      0
code[5]                                      0
code[6]                                      0
code[7]                                   1.32
vbp                                   0.645244
vbn                                   0.526206
a                                            0
xdrv.net1                                 1.32
b                                         1.32
xdrv.net2                          8.80908e-08
xdut.net1                                 1.32
y                                  7.88765e-07
xdut.net2                          6.91285e-07
xload.net1                                1.32
z                                         1.32
xload.net2                         8.80924e-08
xload2.net1                               1.32
zz                                 6.28356e-07
xload2.net2                        5.52998e-07
vin#branch                         1.04806e-11
vc7#branch                        -1.11033e-07
vc6#branch                         1.30693e-12
vc5#branch                         6.53352e-13
vc4#branch                         3.26563e-13
vc3#branch                         1.63169e-13
vc2#branch                          8.1472e-14
vc1#branch                         4.06234e-14
vc0#branch                         2.01991e-14
vdd#branch                        -0.000405059

 Reference value :  2.88356e-10
 Reference value :  1.86719e-09
 Reference value :  3.03403e-09
 Reference value :  4.52026e-09
 Reference value :  6.08058e-09
 Reference value :  7.40846e-09
 Reference value :  8.72801e-09
 Reference value :  1.02744e-08
 Reference value :  1.17235e-08
 Reference value :  1.29227e-08
 Reference value :  1.44460e-08
 Reference value :  1.60017e-08
 Reference value :  1.70980e-08
 Reference value :  1.86121e-08
 Reference value :  2.01724e-08
 Reference value :  2.14131e-08
 Reference value :  2.28068e-08
 Reference value :  2.43624e-08
 Reference value :  2.57413e-08
 Reference value :  2.69358e-08
No. of Data Rows : 6045
tin_f               =  1.17450e-08
tout_r              =  1.18918e-08
tin_r               =  1.64041e-08
tout_f              =  1.65870e-08
tplh=1.4672E-10 tphl=1.8286E-10
t40r                =  1.18626e-08
t60r                =  1.19265e-08
t60f                =  1.65561e-08
t40f                =  1.66190e-08
sr_r=4.13016E+09 sr_f=-4.19914E+09
tr                  =  1.18117e-08
tr8                 =  1.20532e-08
tf                  =  1.64973e-08
tf2                 =  1.67104e-08
trise=2.4142E-10 tfall=2.1308E-10
Note: Simulation executed from .control section 
Note: Starting dynamic gmin stepping
Note: Dynamic gmin stepping completed
