
Note: No compatibility mode selected!


Circuit: * tt_analog_ring, code 1

Doing analysis at TEMP = 27.000000 and TNOM = 27.000000

Using SPARSE 1.3 as Direct Linear Solver
 Reference value :  0.00000e+00
No. of Data Rows : 1
idd_dis=1.04787E-05 vbp=0.950999 vbn=0.277514 clk_dis=1.32
Doing analysis at TEMP = 27.000000 and TNOM = 27.000000

Using SPARSE 1.3 as Direct Linear Solver

Initial Transient Solution
--------------------------

Node                                   Voltage
----                                   -------
vpwr                                      1.32
code[0]                                   1.32
code[1]                                      0
code[2]                                      0
code[3]                                      0
code[4]                                      0
code[5]                                      0
code[6]                                      0
code[7]                                      0
enable                                       0
xdut.vbp                              0.950999
xdut.vbn                              0.277514
xdut.n0                            2.25274e-06
xdut.p0                                1.31999
xdut.na0                               1.13413
xdut.s0                                1.31999
xdut.s10                               1.31999
xdut.n1                            9.22609e-06
xdut.p1                                   1.32
xdut.s1                            9.32357e-06
xdut.n2                            1.02235e-06
xdut.p2                                   1.32
xdut.s2                                1.31999
xdut.n3                            9.22591e-06
xdut.p3                                   1.32
xdut.s3                            9.32339e-06
xdut.n4                            1.02235e-06
xdut.p4                                   1.32
xdut.s4                                1.31999
xdut.n5                            9.22591e-06
xdut.p5                                   1.32
xdut.s5                            9.32339e-06
xdut.n6                            1.02235e-06
xdut.p6                                   1.32
xdut.s6                                1.31999
xdut.n7                            9.22591e-06
xdut.p7                                   1.32
xdut.s7                            9.32339e-06
xdut.n8                            1.02235e-06
xdut.p8                                   1.32
xdut.s8                                1.31999
xdut.n9                            9.22591e-06
xdut.p9                                   1.32
xdut.s9                            9.32339e-06
xdut.n10                           1.02235e-06
xdut.p10                                  1.32
xdut.b1                            1.76717e-07
clk_out                                   1.32
ven#branch                         1.04959e-11
vc7#branch                         9.45761e-12
vc6#branch                          4.7288e-12
vc5#branch                          2.3644e-12
vc4#branch                          1.1822e-12
vc3#branch                           5.911e-13
vc2#branch                          2.9555e-13
vc1#branch                         1.47775e-13
vc0#branch                        -7.07447e-10
vdd#branch                        -1.04787e-05

 Reference value :  0.00000e+00
 Reference value :  3.24937e-08
 Reference value :  7.27087e-08
 Reference value :  1.11775e-07
 Reference value :  1.51990e-07
 Reference value :  1.91056e-07
 Reference value :  2.31271e-07
 Reference value :  2.71486e-07
 Reference value :  3.10552e-07
 Reference value :  3.44865e-07
 Reference value :  3.58175e-07
 Reference value :  3.77708e-07
 Reference value :  3.96092e-07
 Reference value :  4.15625e-07
 Reference value :  4.33197e-07
 Reference value :  4.53879e-07
 Reference value :  4.72263e-07
 Reference value :  4.91796e-07
 Reference value :  5.09031e-07
 Reference value :  5.28554e-07
 Reference value :  5.45789e-07
 Reference value :  5.64173e-07
 Reference value :  5.83706e-07
 Reference value :  6.01362e-07
 Reference value :  6.20895e-07
 Reference value :  6.40428e-07
 Reference value :  6.58812e-07
 Reference value :  6.76480e-07
 Reference value :  6.97162e-07
 Reference value :  7.16695e-07
 Reference value :  7.36228e-07
 Reference value :  7.54911e-07
 Reference value :  7.75593e-07
 Reference value :  7.95126e-07
 Reference value :  8.13510e-07
 Reference value :  8.33043e-07
 Reference value :  8.52545e-07
 Reference value :  8.72078e-07
 Reference value :  8.90462e-07
 Reference value :  9.09995e-07
 Reference value :  9.28846e-07
 Reference value :  9.48379e-07
 Reference value :  9.67912e-07
 Reference value :  9.86296e-07
 Reference value :  1.00401e-06
 Reference value :  1.02469e-06
 Reference value :  1.04422e-06
 Reference value :  1.06261e-06
 Reference value :  1.08066e-06
 Reference value :  1.10083e-06
 Reference value :  1.12036e-06
 Reference value :  1.13874e-06
 Reference value :  1.15828e-06
 Reference value :  1.17778e-06
 Reference value :  1.19731e-06
 Reference value :  1.21684e-06
 Reference value :  1.23752e-06
 Reference value :  1.25630e-06
 Reference value :  1.27583e-06
 Reference value :  1.29651e-06
 Reference value :  1.31604e-06
 Reference value :  1.33253e-06
 Reference value :  1.35207e-06
 Reference value :  1.37160e-06
 Reference value :  1.38883e-06
 Reference value :  1.40722e-06
 Reference value :  1.42590e-06
 Reference value :  1.44543e-06
 Reference value :  1.46497e-06
 Reference value :  1.48450e-06
 Reference value :  1.50257e-06
 Reference value :  1.52095e-06
 Reference value :  1.54048e-06
 Reference value :  1.56002e-06
 Reference value :  1.57586e-06
 Reference value :  1.59540e-06
 Reference value :  1.61378e-06
 Reference value :  1.63217e-06
 Reference value :  1.65055e-06
 Reference value :  1.66750e-06
 Reference value :  1.68703e-06
 Reference value :  1.70427e-06
 Reference value :  1.72380e-06
 Reference value :  1.74099e-06
 Reference value :  1.76052e-06
 Reference value :  1.77891e-06
 Reference value :  1.79614e-06
 Reference value :  1.81567e-06
 Reference value :  1.83343e-06
 Reference value :  1.85297e-06
 Reference value :  1.87135e-06
 Reference value :  1.89088e-06
 Reference value :  1.90800e-06
 Reference value :  1.92869e-06
 Reference value :  1.94707e-06
 Reference value :  1.96660e-06
 Reference value :  1.98612e-06
 Reference value :  2.00566e-06
 Reference value :  2.02519e-06
 Reference value :  2.04472e-06
 Reference value :  2.06278e-06
 Reference value :  2.08299e-06
 Reference value :  2.10138e-06
 Reference value :  2.12091e-06
 Reference value :  2.13930e-06
 Reference value :  2.15573e-06
 Reference value :  2.17526e-06
 Reference value :  2.19479e-06
 Reference value :  2.21203e-06
 Reference value :  2.22954e-06
 Reference value :  2.24908e-06
 Reference value :  2.26746e-06
 Reference value :  2.28584e-06
 Reference value :  2.30653e-06
 Reference value :  2.32308e-06
 Reference value :  2.34261e-06
 Reference value :  2.36214e-06
 Reference value :  2.38282e-06
 Reference value :  2.40031e-06
 Reference value :  2.41984e-06
 Reference value :  2.43937e-06
 Reference value :  2.45890e-06
 Reference value :  2.47838e-06
 Reference value :  2.49676e-06
 Reference value :  2.51630e-06
 Reference value :  2.53583e-06
 Reference value :  2.55392e-06
 Reference value :  2.57426e-06
 Reference value :  2.59379e-06
 Reference value :  2.61332e-06
 Reference value :  2.63286e-06
 Reference value :  2.65058e-06
 Reference value :  2.67011e-06
 Reference value :  2.68965e-06
 Reference value :  2.70918e-06
 Reference value :  2.72676e-06
 Reference value :  2.74514e-06
 Reference value :  2.76353e-06
 Reference value :  2.78076e-06
 Reference value :  2.80029e-06
 Reference value :  2.81858e-06
 Reference value :  2.83697e-06
 Reference value :  2.85535e-06
 Reference value :  2.87489e-06
 Reference value :  2.89246e-06
 Reference value :  2.91314e-06
 Reference value :  2.93268e-06
 Reference value :  2.95106e-06
 Reference value :  2.96641e-06
 Reference value :  2.98580e-06
 Reference value :  3.00419e-06
 Reference value :  3.02372e-06
 Reference value :  3.04211e-06
 Reference value :  3.05848e-06
 Reference value :  3.07687e-06
 Reference value :  3.09525e-06
 Reference value :  3.11478e-06
 Reference value :  3.13013e-06
 Reference value :  3.14952e-06
 Reference value :  3.16906e-06
 Reference value :  3.18859e-06
 Reference value :  3.20812e-06
 Reference value :  3.22679e-06
 Reference value :  3.24632e-06
 Reference value :  3.26700e-06
 Reference value :  3.28653e-06
 Reference value :  3.30404e-06
 Reference value :  3.32128e-06
 Reference value :  3.34081e-06
 Reference value :  3.35804e-06
 Reference value :  3.37555e-06
 Reference value :  3.39393e-06
 Reference value :  3.41232e-06
 Reference value :  3.43070e-06
 Reference value :  3.44909e-06
 Reference value :  3.46545e-06
 Reference value :  3.48384e-06
 Reference value :  3.50337e-06
 Reference value :  3.52061e-06
 Reference value :  3.53810e-06
 Reference value :  3.55763e-06
 Reference value :  3.57602e-06
 Reference value :  3.59440e-06
 Reference value :  3.61279e-06
 Reference value :  3.62916e-06
 Reference value :  3.64755e-06
 Reference value :  3.66823e-06
 Reference value :  3.68661e-06
 Reference value :  3.70410e-06
 Reference value :  3.72478e-06
 Reference value :  3.74431e-06
 Reference value :  3.76384e-06
 Reference value :  3.78338e-06
 Reference value :  3.80207e-06
 Reference value :  3.82045e-06
 Reference value :  3.83998e-06
 Reference value :  3.85952e-06
 Reference value :  3.87928e-06
 Reference value :  3.89882e-06
 Reference value :  3.91835e-06
 Reference value :  3.93673e-06
 Reference value :  3.95544e-06
 Reference value :  3.97497e-06
 Reference value :  3.99451e-06
 Reference value :  4.01289e-06
 Reference value :  4.02919e-06
 Reference value :  4.04872e-06
 Reference value :  4.06711e-06
 Reference value :  4.08549e-06
 Reference value :  4.10388e-06
 Reference value :  4.12146e-06
 Reference value :  4.13984e-06
 Reference value :  4.15938e-06
 Reference value :  4.17776e-06
 Reference value :  4.19633e-06
 Reference value :  4.21702e-06
 Reference value :  4.23655e-06
 Reference value :  4.25608e-06
 Reference value :  4.27530e-06
 Reference value :  4.29552e-06
 Reference value :  4.31391e-06
 Reference value :  4.33344e-06
 Reference value :  4.35297e-06
 Reference value :  4.37036e-06
 Reference value :  4.38874e-06
 Reference value :  4.40712e-06
 Reference value :  4.42551e-06
 Reference value :  4.44203e-06
 Reference value :  4.46156e-06
 Reference value :  4.48110e-06
 Reference value :  4.50063e-06
 Reference value :  4.51930e-06
 Reference value :  4.53978e-06
 Reference value :  4.55931e-06
 Reference value :  4.57770e-06
 Reference value :  4.59608e-06
 Reference value :  4.61266e-06
 Reference value :  4.63104e-06
 Reference value :  4.65057e-06
 Reference value :  4.66781e-06
 Reference value :  4.68368e-06
 Reference value :  4.70279e-06
 Reference value :  4.72117e-06
 Reference value :  4.74070e-06
 Reference value :  4.76024e-06
 Reference value :  4.77690e-06
 Reference value :  4.79643e-06
 Reference value :  4.81596e-06
 Reference value :  4.83664e-06
 Reference value :  4.85556e-06
 Reference value :  4.87510e-06
 Reference value :  4.89348e-06
 Reference value :  4.91301e-06
 Reference value :  4.93099e-06
 Reference value :  4.95052e-06
 Reference value :  4.97005e-06
 Reference value :  4.99074e-06
 Reference value :  5.00898e-06
 Reference value :  5.02441e-06
 Reference value :  5.04394e-06
 Reference value :  5.06348e-06
 Reference value :  5.08301e-06
 Reference value :  5.10162e-06
 Reference value :  5.12000e-06
 Reference value :  5.13954e-06
 Reference value :  5.15907e-06
 Reference value :  5.17816e-06
 Reference value :  5.19769e-06
 Reference value :  5.21607e-06
 Reference value :  5.23331e-06
 Reference value :  5.25284e-06
 Reference value :  5.27113e-06
 Reference value :  5.28951e-06
 Reference value :  5.30675e-06
 Reference value :  5.32628e-06
 Reference value :  5.34320e-06
 Reference value :  5.36273e-06
 Reference value :  5.38227e-06
 Reference value :  5.40180e-06
 Reference value :  5.42120e-06
 Reference value :  5.44059e-06
 Reference value :  5.46013e-06
 Reference value :  5.48081e-06
 Reference value :  5.50020e-06
 Reference value :  5.51554e-06
 Reference value :  5.53278e-06
 Reference value :  5.55001e-06
 Reference value :  5.57069e-06
 Reference value :  5.58814e-06
 Reference value :  5.60768e-06
 Reference value :  5.62721e-06
 Reference value :  5.64674e-06
 Reference value :  5.66513e-06
 Reference value :  5.68366e-06
 Reference value :  5.70319e-06
 Reference value :  5.72043e-06
 Reference value :  5.73996e-06
 Reference value :  5.75613e-06
 Reference value :  5.77566e-06
 Reference value :  5.79519e-06
 Reference value :  5.81358e-06
 Reference value :  5.82993e-06
 Reference value :  5.85035e-06
 Reference value :  5.86989e-06
 Reference value :  5.88827e-06
 Reference value :  5.90780e-06
 Reference value :  5.92564e-06
 Reference value :  5.94632e-06
 Reference value :  5.96356e-06
 Reference value :  5.98309e-06
 Reference value :  5.99912e-06
 Reference value :  6.01865e-06
 Reference value :  6.03704e-06
 Reference value :  6.05427e-06
 Reference value :  6.07380e-06
 Reference value :  6.09018e-06
 Reference value :  6.10972e-06
 Reference value :  6.12925e-06
 Reference value :  6.14878e-06
 Reference value :  6.16607e-06
 Reference value :  6.18676e-06
 Reference value :  6.20629e-06
 Reference value :  6.22582e-06
 Reference value :  6.24226e-06
 Reference value :  6.26180e-06
 Reference value :  6.27903e-06
 Reference value :  6.29856e-06
 Reference value :  6.31810e-06
 Reference value :  6.33539e-06
 Reference value :  6.35492e-06
 Reference value :  6.37330e-06
 Reference value :  6.39284e-06
 Reference value :  6.40942e-06
 Reference value :  6.42781e-06
 Reference value :  6.44619e-06
 Reference value :  6.46458e-06
 Reference value :  6.48284e-06
 Reference value :  6.49842e-06
 Reference value :  6.51680e-06
 Reference value :  6.53633e-06
 Reference value :  6.55472e-06
 Reference value :  6.57269e-06
 Reference value :  6.59223e-06
 Reference value :  6.61176e-06
 Reference value :  6.63014e-06
 Reference value :  6.64906e-06
 Reference value :  6.66966e-06
 Reference value :  6.68919e-06
 Reference value :  6.70872e-06
 Reference value :  6.72940e-06
 Reference value :  6.74733e-06
 Reference value :  6.76571e-06
 Reference value :  6.78410e-06
 Reference value :  6.80248e-06
 Reference value :  6.81531e-06
 Reference value :  6.83484e-06
 Reference value :  6.85323e-06
 Reference value :  6.87161e-06
 Reference value :  6.89114e-06
No. of Data Rows : 6078
vhold_min           =  1.32000e+00 at=  1.83840e-10
tfirst              =  4.24262e-07
t1                  =  4.27386e-06
t2                  =  4.43756e-06
t3                  =  4.60125e-06
t4                  =  4.76509e-06
t5                  =  4.92861e-06
t6                  =  5.09274e-06
t7                  =  5.25637e-06
t8                  =  5.41988e-06
t9                  =  5.58392e-06
t10                 =  5.74748e-06
t11                 =  5.91130e-06
t12                 =  6.07512e-06
idd_run             =  -1.20630e-05 from=  4.13800e-06 to=  6.89700e-06
vmax                =  1.35007e+00 at=  6.73149e-06
vmin                =  -2.18806e-02 at=  6.15642e-06
Note: Simulation executed from .control section 
Note: Starting dynamic gmin stepping
Note: Dynamic gmin stepping completed
Note: Starting dynamic gmin stepping
Note: Dynamic gmin stepping completed
