
Note: Compatibility modes selected: hs a


Circuit: * tt_analog_ring, code 255

Doing analysis at TEMP = 27.000000 and TNOM = 27.000000

Using SPARSE 1.3 as Direct Linear Solver
 Reference value :  0.00000e+00
No. of Data Rows : 1
idd_dis=0.000452431 vbp=0.386707 vbn=0.537255 clk_dis=1.08
Doing analysis at TEMP = 27.000000 and TNOM = 27.000000

Using SPARSE 1.3 as Direct Linear Solver

Initial Transient Solution
--------------------------

Node                                   Voltage
----                                   -------
vpwr                                      1.08
code[0]                                   1.08
code[1]                                   1.08
code[2]                                   1.08
code[3]                                   1.08
code[4]                                   1.08
code[5]                                   1.08
code[6]                                   1.08
code[7]                                   1.08
enable                                       0
xdut.vbp                              0.386707
clk_out                                   1.08
xdut.b1                            1.43971e-07
xdut.s3                            5.04388e-07
xdut.s2                                   1.08
xdut.n_126                                1.08
xdut.s1                             5.0439e-07
xdut.n_125                                1.08
xdut.s10                                  1.08
xdut.s6                                   1.08
xdut.s5                            5.04388e-07
xdut.n_128                                1.08
xdut.s9                            5.04388e-07
xdut.n_133                                1.08
xdut.s4                                   1.08
xdut.n_129                                1.08
xdut.s8                                   1.08
xdut.n_132                                1.08
xdut.s7                            5.04388e-07
xdut.n_130                                1.08
xdut.n_127                                1.08
xdut.n_131                                1.08
xdut.s0                                   1.08
xdut.n_124                                1.08
xdut.n_71                          4.14692e-07
xdut.n_72                          4.14691e-07
xdut.n_70                          7.65066e-08
xdut.n_77                          4.14691e-07
xdut.n_75                          7.65066e-08
xdut.n_73                          7.65066e-08
xdut.n_67                          7.65066e-08
xdut.n_76                          7.65066e-08
xdut.n_69                          4.14691e-07
xdut.n_74                          4.14691e-07
xdut.n_122                                1.08
xdut.n_i1005                          0.918197
xdut.n_68                          1.49297e-07
xdut.vbn                              0.537255
ven#branch                         5.05084e-12
vc7#branch                        -3.86497e-08
vc6#branch                        -1.93249e-08
vc5#branch                        -9.66244e-09
vc4#branch                        -4.83122e-09
vc3#branch                        -2.41561e-09
vc2#branch                         -1.2078e-09
vc1#branch                        -6.03902e-10
vc0#branch                        -3.01951e-10
vdd#branch                        -0.000452431

 Reference value :  0.00000e+00
 Reference value :  1.37668e-09
 Reference value :  2.98308e-09
 Reference value :  4.58948e-09
 Reference value :  6.23604e-09
 Reference value :  7.92276e-09
 Reference value :  9.60948e-09
 Reference value :  1.12560e-08
 Reference value :  1.24110e-08
 Reference value :  1.34150e-08
 Reference value :  1.44592e-08
 Reference value :  1.54632e-08
 Reference value :  1.65877e-08
 Reference value :  1.75515e-08
 Reference value :  1.85154e-08
 Reference value :  1.95595e-08
 Reference value :  2.05635e-08
 Reference value :  2.15274e-08
 Reference value :  2.25314e-08
 Reference value :  2.35755e-08
 Reference value :  2.45795e-08
 Reference value :  2.55434e-08
 Reference value :  2.65474e-08
 Reference value :  2.76718e-08
 Reference value :  2.86357e-08
 Reference value :  2.95995e-08
 Reference value :  3.06035e-08
 Reference value :  3.16477e-08
 Reference value :  3.25312e-08
 Reference value :  3.34549e-08
 Reference value :  3.44589e-08
 Reference value :  3.54227e-08
 Reference value :  3.64267e-08
 Reference value :  3.73906e-08
 Reference value :  3.85150e-08
 Reference value :  3.95592e-08
 Reference value :  4.05632e-08
 Reference value :  4.15672e-08
 Reference value :  4.26515e-08
 Reference value :  4.36154e-08
 Reference value :  4.45792e-08
 Reference value :  4.56234e-08
 Reference value :  4.67077e-08
 Reference value :  4.77117e-08
 Reference value :  4.87157e-08
 Reference value :  4.97598e-08
 Reference value :  5.08040e-08
 Reference value :  5.17277e-08
 Reference value :  5.26915e-08
 Reference value :  5.41774e-08
 Reference value :  5.55830e-08
 Reference value :  5.71091e-08
 Reference value :  5.84746e-08
 Reference value :  5.99203e-08
 Reference value :  6.16472e-08
 Reference value :  6.31733e-08
 Reference value :  6.47395e-08
 Reference value :  6.62656e-08
 Reference value :  6.78318e-08
 Reference value :  6.94784e-08
 Reference value :  7.09643e-08
 Reference value :  7.26510e-08
 Reference value :  7.41771e-08
 Reference value :  7.58237e-08
 Reference value :  7.74301e-08
 Reference value :  7.89562e-08
 Reference value :  8.06429e-08
 Reference value :  8.21690e-08
 Reference value :  8.38958e-08
 Reference value :  8.55022e-08
 Reference value :  8.71086e-08
 Reference value :  8.87954e-08
 Reference value :  9.03616e-08
 Reference value :  9.21286e-08
 Reference value :  9.36547e-08
 Reference value :  9.53816e-08
 Reference value :  9.69077e-08
 Reference value :  9.84338e-08
 Reference value :  1.00040e-07
 Reference value :  1.01446e-07
 Reference value :  1.03092e-07
 Reference value :  1.04578e-07
 Reference value :  1.06104e-07
 Reference value :  1.07550e-07
 Reference value :  1.08996e-07
 Reference value :  1.10562e-07
 Reference value :  1.12008e-07
 Reference value :  1.13574e-07
 Reference value :  1.15020e-07
 Reference value :  1.16385e-07
 Reference value :  1.17992e-07
 Reference value :  1.19397e-07
 Reference value :  1.20964e-07
 Reference value :  1.22490e-07
 Reference value :  1.23775e-07
 Reference value :  1.25220e-07
 Reference value :  1.26546e-07
 Reference value :  1.27911e-07
 Reference value :  1.29477e-07
 Reference value :  1.30883e-07
 Reference value :  1.32530e-07
 Reference value :  1.33895e-07
 Reference value :  1.35461e-07
 Reference value :  1.37108e-07
 Reference value :  1.38594e-07
 Reference value :  1.40240e-07
 Reference value :  1.41726e-07
 Reference value :  1.43413e-07
 Reference value :  1.44939e-07
 Reference value :  1.46425e-07
 Reference value :  1.48112e-07
 Reference value :  1.49598e-07
 Reference value :  1.51324e-07
 Reference value :  1.52891e-07
 Reference value :  1.54457e-07
 Reference value :  1.56184e-07
 Reference value :  1.57670e-07
 Reference value :  1.59397e-07
 Reference value :  1.60802e-07
 Reference value :  1.62449e-07
 Reference value :  1.63935e-07
 Reference value :  1.65421e-07
 Reference value :  1.67148e-07
 Reference value :  1.68553e-07
 Reference value :  1.70160e-07
 Reference value :  1.71645e-07
 Reference value :  1.73372e-07
 Reference value :  1.75099e-07
 Reference value :  1.76746e-07
 Reference value :  1.78513e-07
 Reference value :  1.80079e-07
 Reference value :  1.81685e-07
 Reference value :  1.83131e-07
 Reference value :  1.84577e-07
 Reference value :  1.86224e-07
 Reference value :  1.87509e-07
 Reference value :  1.89035e-07
 Reference value :  1.90480e-07
 Reference value :  1.92047e-07
 Reference value :  1.93774e-07
 Reference value :  1.95219e-07
 Reference value :  1.96906e-07
 Reference value :  1.98272e-07
 Reference value :  1.99798e-07
 Reference value :  2.01404e-07
 Reference value :  2.02890e-07
 Reference value :  2.04536e-07
 Reference value :  2.05982e-07
 Reference value :  2.07548e-07
 Reference value :  2.09155e-07
 Reference value :  2.10641e-07
 Reference value :  2.12328e-07
 Reference value :  2.13813e-07
 Reference value :  2.15420e-07
 Reference value :  2.16825e-07
 Reference value :  2.18432e-07
 Reference value :  2.20078e-07
 Reference value :  2.21564e-07
 Reference value :  2.23251e-07
 Reference value :  2.24697e-07
 Reference value :  2.26263e-07
 Reference value :  2.27829e-07
 Reference value :  2.29396e-07
 Reference value :  2.31122e-07
 Reference value :  2.32648e-07
 Reference value :  2.34255e-07
 Reference value :  2.35741e-07
 Reference value :  2.37307e-07
 Reference value :  2.38994e-07
 Reference value :  2.40480e-07
No. of Data Rows : 6014
vhold_min           =  1.08000e+00 at=  4.12845e-10
tfirst              =  1.63545e-08
t1                  =  1.47919e-07
t2                  =  1.55436e-07
t3                  =  1.62953e-07
t4                  =  1.70470e-07
t5                  =  1.77988e-07
t6                  =  1.85505e-07
t7                  =  1.93022e-07
t8                  =  2.00539e-07
t9                  =  2.08057e-07
t10                 =  2.15574e-07
t11                 =  2.23092e-07
t12                 =  2.30609e-07
idd_run             =  -4.64983e-04 from=  1.44600e-07 to=  2.41000e-07
vmax                =  1.08982e+00 at=  1.81525e-07
vmin                =  -7.21793e-03 at=  1.92810e-07
Note: Simulation executed from .control section 
Warning: m=xx on .subckt line will override multiplier m hierarchy!

Note: Starting dynamic gmin stepping
Note: Dynamic gmin stepping completed
Note: Starting dynamic gmin stepping
Note: Dynamic gmin stepping completed
