
Note: No compatibility mode selected!


Circuit: * tt_analog_ring, code 15

Doing analysis at TEMP = 27.000000 and TNOM = 27.000000

Using SPARSE 1.3 as Direct Linear Solver
 Reference value :  0.00000e+00
No. of Data Rows : 1
idd_dis=4.86424E-05 vbp=0.748381 vbn=0.34943 clk_dis=1.2
Doing analysis at TEMP = 27.000000 and TNOM = 27.000000

Using SPARSE 1.3 as Direct Linear Solver

Initial Transient Solution
--------------------------

Node                                   Voltage
----                                   -------
vpwr                                       1.2
code[0]                                    1.2
code[1]                                    1.2
code[2]                                    1.2
code[3]                                    1.2
code[4]                                      0
code[5]                                      0
code[6]                                      0
code[7]                                      0
enable                                       0
xdut.vbp                              0.748381
xdut.vbn                               0.34943
xdut.n0                            7.50029e-07
xdut.p0                                    1.2
xdut.na0                               1.02731
xdut.s0                                    1.2
xdut.s10                                   1.2
xdut.n1                            2.23312e-06
xdut.p1                                    1.2
xdut.s1                            2.33633e-06
xdut.n2                            3.65919e-07
xdut.p2                                    1.2
xdut.s2                                    1.2
xdut.n3                            2.61915e-06
xdut.p3                                    1.2
xdut.s3                            2.71427e-06
xdut.n4                             7.4152e-07
xdut.p4                                    1.2
xdut.s4                                    1.2
xdut.n5                            2.25014e-06
xdut.p5                                    1.2
xdut.s5                            2.33301e-06
xdut.n6                            3.45363e-07
xdut.p6                                    1.2
xdut.s6                                    1.2
xdut.n7                            2.13831e-06
xdut.p7                                    1.2
xdut.s7                            2.23602e-06
xdut.n8                            1.29093e-07
xdut.p8                                    1.2
xdut.s8                                    1.2
xdut.n9                            1.17837e-06
xdut.p9                                    1.2
xdut.s9                             1.2349e-06
xdut.n10                           2.00859e-07
xdut.p10                                   1.2
xdut.b1                             1.5409e-07
clk_out                                    1.2
ven#branch                         7.51555e-12
vc7#branch                         4.08474e-12
vc6#branch                         2.04563e-12
vc5#branch                         1.02423e-12
vc4#branch                         5.12299e-13
vc3#branch                        -3.39419e-09
vc2#branch                        -1.67875e-09
vc1#branch                        -8.46631e-10
vc0#branch                        -4.15867e-10
vdd#branch                        -4.86424e-05

 Reference value :  0.00000e+00
 Reference value :  5.80165e-09
 Reference value :  1.30824e-08
 Reference value :  2.03632e-08
 Reference value :  2.78356e-08
 Reference value :  3.53080e-08
 Reference value :  4.29720e-08
 Reference value :  5.04444e-08
 Reference value :  5.75000e-08
 Reference value :  6.06610e-08
 Reference value :  6.44930e-08
 Reference value :  6.83250e-08
 Reference value :  7.25402e-08
 Reference value :  7.57644e-08
 Reference value :  7.95964e-08
 Reference value :  8.36200e-08
 Reference value :  8.74520e-08
 Reference value :  9.12483e-08
 Reference value :  9.52719e-08
 Reference value :  9.91039e-08
 Reference value :  1.03077e-07
 Reference value :  1.06746e-07
 Reference value :  1.10770e-07
 Reference value :  1.14794e-07
 Reference value :  1.18393e-07
 Reference value :  1.22416e-07
 Reference value :  1.26057e-07
 Reference value :  1.30464e-07
 Reference value :  1.33936e-07
 Reference value :  1.37768e-07
 Reference value :  1.41600e-07
 Reference value :  1.45624e-07
 Reference value :  1.49228e-07
 Reference value :  1.53251e-07
 Reference value :  1.57275e-07
 Reference value :  1.61140e-07
 Reference value :  1.64926e-07
 Reference value :  1.68758e-07
 Reference value :  1.72974e-07
 Reference value :  1.76765e-07
 Reference value :  1.80789e-07
 Reference value :  1.84621e-07
 Reference value :  1.88836e-07
 Reference value :  1.92301e-07
 Reference value :  1.96516e-07
 Reference value :  2.00540e-07
 Reference value :  2.04144e-07
 Reference value :  2.07976e-07
 Reference value :  2.12191e-07
 Reference value :  2.16215e-07
 Reference value :  2.19849e-07
 Reference value :  2.23681e-07
 Reference value :  2.27705e-07
 Reference value :  2.31537e-07
 Reference value :  2.35139e-07
 Reference value :  2.39162e-07
 Reference value :  2.43186e-07
 Reference value :  2.47401e-07
 Reference value :  2.50860e-07
 Reference value :  2.54883e-07
 Reference value :  2.58715e-07
 Reference value :  2.62511e-07
 Reference value :  2.66343e-07
 Reference value :  2.70366e-07
 Reference value :  2.74582e-07
 Reference value :  2.78222e-07
 Reference value :  2.82245e-07
 Reference value :  2.86269e-07
 Reference value :  2.90271e-07
 Reference value :  2.94279e-07
 Reference value :  2.98303e-07
 Reference value :  3.02135e-07
 Reference value :  3.05780e-07
 Reference value :  3.09996e-07
 Reference value :  3.14019e-07
 Reference value :  3.18043e-07
 Reference value :  3.21648e-07
 Reference value :  3.25863e-07
 Reference value :  3.29886e-07
 Reference value :  3.34102e-07
 Reference value :  3.37361e-07
 Reference value :  3.41384e-07
 Reference value :  3.45216e-07
 Reference value :  3.48822e-07
 Reference value :  3.52845e-07
 Reference value :  3.56869e-07
 Reference value :  3.61084e-07
 Reference value :  3.64728e-07
 Reference value :  3.68751e-07
 Reference value :  3.72775e-07
 Reference value :  3.76798e-07
 Reference value :  3.80405e-07
 Reference value :  3.84428e-07
 Reference value :  3.88452e-07
 Reference value :  3.92328e-07
 Reference value :  3.96309e-07
 Reference value :  4.00333e-07
 Reference value :  4.04165e-07
 Reference value :  4.07978e-07
 Reference value :  4.12001e-07
 Reference value :  4.16025e-07
 Reference value :  4.20240e-07
 Reference value :  4.23487e-07
 Reference value :  4.27510e-07
 Reference value :  4.31151e-07
 Reference value :  4.34965e-07
 Reference value :  4.38797e-07
 Reference value :  4.42820e-07
 Reference value :  4.46844e-07
 Reference value :  4.50473e-07
 Reference value :  4.54305e-07
 Reference value :  4.58329e-07
 Reference value :  4.62161e-07
 Reference value :  4.65976e-07
 Reference value :  4.70192e-07
 Reference value :  4.74215e-07
 Reference value :  4.78239e-07
 Reference value :  4.81677e-07
 Reference value :  4.85700e-07
 Reference value :  4.89724e-07
 Reference value :  4.93541e-07
 Reference value :  4.97565e-07
 Reference value :  5.01588e-07
 Reference value :  5.05803e-07
 Reference value :  5.09241e-07
 Reference value :  5.13073e-07
 Reference value :  5.17097e-07
 Reference value :  5.20929e-07
 Reference value :  5.24749e-07
 Reference value :  5.28772e-07
 Reference value :  5.32796e-07
 Reference value :  5.36704e-07
 Reference value :  5.40642e-07
 Reference value :  5.44474e-07
 Reference value :  5.48497e-07
 Reference value :  5.52513e-07
 Reference value :  5.56537e-07
 Reference value :  5.60560e-07
 Reference value :  5.64776e-07
 Reference value :  5.68232e-07
 Reference value :  5.72255e-07
 Reference value :  5.76279e-07
 Reference value :  5.80303e-07
 Reference value :  5.84326e-07
 Reference value :  5.88350e-07
 Reference value :  5.92565e-07
 Reference value :  5.96276e-07
 Reference value :  6.00108e-07
 Reference value :  6.04131e-07
 Reference value :  6.08131e-07
 Reference value :  6.11946e-07
 Reference value :  6.15778e-07
 Reference value :  6.19610e-07
 Reference value :  6.23488e-07
 Reference value :  6.27275e-07
 Reference value :  6.31107e-07
 Reference value :  6.34939e-07
 Reference value :  6.38538e-07
 Reference value :  6.42562e-07
 Reference value :  6.46394e-07
 Reference value :  6.50418e-07
 Reference value :  6.53871e-07
 Reference value :  6.57703e-07
 Reference value :  6.61726e-07
 Reference value :  6.65558e-07
 Reference value :  6.69157e-07
 Reference value :  6.72989e-07
 Reference value :  6.76821e-07
 Reference value :  6.80845e-07
 Reference value :  6.84104e-07
 Reference value :  6.88128e-07
 Reference value :  6.91960e-07
 Reference value :  6.95559e-07
 Reference value :  6.99391e-07
 Reference value :  7.03414e-07
 Reference value :  7.07438e-07
 Reference value :  7.10891e-07
 Reference value :  7.14723e-07
 Reference value :  7.18555e-07
 Reference value :  7.22578e-07
 Reference value :  7.26369e-07
 Reference value :  7.30201e-07
 Reference value :  7.34033e-07
 Reference value :  7.38056e-07
 Reference value :  7.41507e-07
 Reference value :  7.45723e-07
 Reference value :  7.49555e-07
 Reference value :  7.53345e-07
 Reference value :  7.57369e-07
 Reference value :  7.61392e-07
 Reference value :  7.65416e-07
 Reference value :  7.68869e-07
 Reference value :  7.72701e-07
 Reference value :  7.76533e-07
 Reference value :  7.80365e-07
 Reference value :  7.83964e-07
 Reference value :  7.87987e-07
 Reference value :  7.92011e-07
 Reference value :  7.96034e-07
 Reference value :  7.99486e-07
 Reference value :  8.03318e-07
 Reference value :  8.07150e-07
 Reference value :  8.10749e-07
 Reference value :  8.14772e-07
 Reference value :  8.18796e-07
 Reference value :  8.22628e-07
 Reference value :  8.26272e-07
 Reference value :  8.30104e-07
 Reference value :  8.33936e-07
 Reference value :  8.37768e-07
 Reference value :  8.41367e-07
 Reference value :  8.45583e-07
 Reference value :  8.49606e-07
 Reference value :  8.53630e-07
 Reference value :  8.56699e-07
 Reference value :  8.60531e-07
 Reference value :  8.64555e-07
 Reference value :  8.68537e-07
 Reference value :  8.72561e-07
 Reference value :  8.76585e-07
 Reference value :  8.80800e-07
 Reference value :  8.84254e-07
 Reference value :  8.88086e-07
 Reference value :  8.92109e-07
 Reference value :  8.95941e-07
 Reference value :  8.99541e-07
 Reference value :  9.03564e-07
 Reference value :  9.07588e-07
 Reference value :  9.11612e-07
 Reference value :  9.14873e-07
 Reference value :  9.18705e-07
 Reference value :  9.22537e-07
 Reference value :  9.26136e-07
 Reference value :  9.29968e-07
 Reference value :  9.33992e-07
 Reference value :  9.37824e-07
 Reference value :  9.41470e-07
 Reference value :  9.45302e-07
 Reference value :  9.49134e-07
 Reference value :  9.53157e-07
 Reference value :  9.56757e-07
 Reference value :  9.60589e-07
 Reference value :  9.64421e-07
 Reference value :  9.68444e-07
 Reference value :  9.71897e-07
 Reference value :  9.75729e-07
 Reference value :  9.79753e-07
 Reference value :  9.83753e-07
 Reference value :  9.87376e-07
 Reference value :  9.91208e-07
 Reference value :  9.95232e-07
 Reference value :  9.99111e-07
 Reference value :  1.00290e-06
 Reference value :  1.00673e-06
 Reference value :  1.01076e-06
 Reference value :  1.01455e-06
 Reference value :  1.01857e-06
 Reference value :  1.02240e-06
 Reference value :  1.02662e-06
 Reference value :  1.03007e-06
 Reference value :  1.03390e-06
 Reference value :  1.03774e-06
 Reference value :  1.04155e-06
 Reference value :  1.04536e-06
 Reference value :  1.04958e-06
 Reference value :  1.05341e-06
 Reference value :  1.05725e-06
 Reference value :  1.06127e-06
 Reference value :  1.06529e-06
 Reference value :  1.06912e-06
 Reference value :  1.07273e-06
 Reference value :  1.07675e-06
 Reference value :  1.08077e-06
 Reference value :  1.08499e-06
 Reference value :  1.08844e-06
 Reference value :  1.09266e-06
 Reference value :  1.09668e-06
 Reference value :  1.10047e-06
 Reference value :  1.10430e-06
 Reference value :  1.10833e-06
 Reference value :  1.11254e-06
 Reference value :  1.11600e-06
 Reference value :  1.11983e-06
 Reference value :  1.12366e-06
 Reference value :  1.12749e-06
 Reference value :  1.13109e-06
 Reference value :  1.13512e-06
 Reference value :  1.13895e-06
 Reference value :  1.14317e-06
 Reference value :  1.14643e-06
No. of Data Rows : 6057
vhold_min           =  1.20000e+00 at=  4.36848e-10
tfirst              =  7.39496e-08
t1                  =  6.94523e-07
t2                  =  7.23416e-07
t3                  =  7.52309e-07
t4                  =  7.81202e-07
t5                  =  8.10095e-07
t6                  =  8.38989e-07
t7                  =  8.67882e-07
t8                  =  8.96776e-07
t9                  =  9.25670e-07
t10                 =  9.54564e-07
t11                 =  9.83458e-07
t12                 =  1.01235e-06
idd_run             =  -5.17495e-05 from=  6.89700e-07 to=  1.14900e-06
vmax                =  1.22590e+00 at=  1.04155e-06
vmin                =  -1.11067e-02 at=  1.14331e-06
Note: Simulation executed from .control section 
Note: Starting dynamic gmin stepping
Note: Dynamic gmin stepping completed
Note: Starting dynamic gmin stepping
Note: Dynamic gmin stepping completed
