
Note: No compatibility mode selected!


Circuit: * tt_analog_ring, code 32

Doing analysis at TEMP = -40.000000 and TNOM = 27.000000

Using SPARSE 1.3 as Direct Linear Solver
 Reference value :  0.00000e+00
No. of Data Rows : 1
idd_dis=0.00010189 vbp=0.53111 vbn=0.395256 clk_dis=1.08
Doing analysis at TEMP = -40.000000 and TNOM = 27.000000

Using SPARSE 1.3 as Direct Linear Solver

Initial Transient Solution
--------------------------

Node                                   Voltage
----                                   -------
vpwr                                      1.08
code[0]                                      0
code[1]                                      0
code[2]                                      0
code[3]                                      0
code[4]                                      0
code[5]                                   1.08
code[6]                                      0
code[7]                                      0
enable                                       0
xdut.vbp                               0.53111
xdut.vbn                              0.395256
xdut.n0                            2.63372e-08
xdut.p0                                   1.08
xdut.na0                              0.882793
xdut.s0                                   1.08
xdut.s10                                1.0625
xdut.n1                            1.86125e-07
xdut.p1                                   1.08
xdut.s1                            1.98471e-07
xdut.n2                            1.75901e-08
xdut.p2                                   1.08
xdut.s2                                   1.08
xdut.n3                            1.86125e-07
xdut.p3                                   1.08
xdut.s3                            1.98471e-07
xdut.n4                            1.75901e-08
xdut.p4                                   1.08
xdut.s4                                   1.08
xdut.n5                            1.86125e-07
xdut.p5                                   1.08
xdut.s5                            1.98471e-07
xdut.n6                            1.75901e-08
xdut.p6                                   1.08
xdut.s6                                   1.08
xdut.n7                            1.86125e-07
xdut.p7                                   1.08
xdut.s7                            1.98471e-07
xdut.n8                            1.75902e-08
xdut.p8                                   1.08
xdut.s8                                   1.08
xdut.n9                            1.83029e-07
xdut.p9                                   1.08
xdut.s9                             1.9509e-07
xdut.n10                           1.74995e-08
xdut.p10                               1.06443
xdut.b1                            3.18912e-08
clk_out                                   1.08
ven#branch                         1.97575e-12
vc7#branch                         1.39189e-12
vc6#branch                         6.95947e-13
vc5#branch                        -9.50727e-09
vc4#branch                         1.73987e-13
vc3#branch                         8.69934e-14
vc2#branch                         4.34967e-14
vc1#branch                         2.17484e-14
vc0#branch                         1.08742e-14
vdd#branch                         -0.00010189

 Reference value :  0.00000e+00
 Reference value :  2.65489e-09
 Reference value :  6.54769e-09
 Reference value :  1.02458e-08
 Reference value :  1.39440e-08
 Reference value :  1.77395e-08
 Reference value :  2.15350e-08
 Reference value :  2.52331e-08
 Reference value :  2.92000e-08
 Reference value :  3.08660e-08
 Reference value :  3.29097e-08
 Reference value :  3.49534e-08
 Reference value :  3.69972e-08
 Reference value :  3.90409e-08
 Reference value :  4.09873e-08
 Reference value :  4.31283e-08
 Reference value :  4.51720e-08
 Reference value :  4.72158e-08
 Reference value :  4.92595e-08
 Reference value :  5.10885e-08
 Reference value :  5.31322e-08
 Reference value :  5.51760e-08
 Reference value :  5.71224e-08
 Reference value :  5.91661e-08
 Reference value :  6.12098e-08
 Reference value :  6.33440e-08
 Reference value :  6.53877e-08
 Reference value :  6.74314e-08
 Reference value :  6.93778e-08
 Reference value :  7.14216e-08
 Reference value :  7.34653e-08
 Reference value :  7.56063e-08
 Reference value :  7.76496e-08
 Reference value :  7.95960e-08
 Reference value :  8.16397e-08
 Reference value :  8.35861e-08
 Reference value :  8.56298e-08
 Reference value :  8.77709e-08
 Reference value :  8.97959e-08
 Reference value :  9.18396e-08
 Reference value :  9.38833e-08
 Reference value :  9.59270e-08
 Reference value :  9.79708e-08
 Reference value :  1.00014e-07
 Reference value :  1.02054e-07
 Reference value :  1.04195e-07
 Reference value :  1.06239e-07
 Reference value :  1.08380e-07
 Reference value :  1.10424e-07
 Reference value :  1.12467e-07
 Reference value :  1.14608e-07
 Reference value :  1.16644e-07
 Reference value :  1.18688e-07
 Reference value :  1.20732e-07
 Reference value :  1.22775e-07
 Reference value :  1.24722e-07
 Reference value :  1.26766e-07
 Reference value :  1.28792e-07
 Reference value :  1.30836e-07
 Reference value :  1.32879e-07
 Reference value :  1.34923e-07
 Reference value :  1.36967e-07
 Reference value :  1.39108e-07
 Reference value :  1.41248e-07
 Reference value :  1.43291e-07
 Reference value :  1.45238e-07
 Reference value :  1.47282e-07
 Reference value :  1.49325e-07
 Reference value :  1.51272e-07
 Reference value :  1.53510e-07
 Reference value :  1.55439e-07
 Reference value :  1.57483e-07
 Reference value :  1.59429e-07
 Reference value :  1.61473e-07
 Reference value :  1.63419e-07
 Reference value :  1.65366e-07
 Reference value :  1.67295e-07
 Reference value :  1.69241e-07
 Reference value :  1.71188e-07
 Reference value :  1.73329e-07
 Reference value :  1.75373e-07
 Reference value :  1.77416e-07
 Reference value :  1.79460e-07
 Reference value :  1.81503e-07
 Reference value :  1.83547e-07
 Reference value :  1.85591e-07
 Reference value :  1.87537e-07
 Reference value :  1.89678e-07
 Reference value :  1.91819e-07
 Reference value :  1.93844e-07
 Reference value :  1.95888e-07
 Reference value :  1.97932e-07
 Reference value :  1.99976e-07
 Reference value :  2.01922e-07
 Reference value :  2.03868e-07
 Reference value :  2.05815e-07
 Reference value :  2.07849e-07
 Reference value :  2.09893e-07
 Reference value :  2.11839e-07
 Reference value :  2.13785e-07
 Reference value :  2.15829e-07
 Reference value :  2.17873e-07
 Reference value :  2.19917e-07
 Reference value :  2.21960e-07
 Reference value :  2.24004e-07
 Reference value :  2.26048e-07
 Reference value :  2.28091e-07
 Reference value :  2.30135e-07
 Reference value :  2.32061e-07
 Reference value :  2.34105e-07
 Reference value :  2.36149e-07
 Reference value :  2.38290e-07
 Reference value :  2.40334e-07
 Reference value :  2.42377e-07
 Reference value :  2.44324e-07
 Reference value :  2.46457e-07
 Reference value :  2.48501e-07
 Reference value :  2.50544e-07
 Reference value :  2.52588e-07
 Reference value :  2.54632e-07
 Reference value :  2.56675e-07
 Reference value :  2.58816e-07
 Reference value :  2.60860e-07
 Reference value :  2.62904e-07
 Reference value :  2.64850e-07
 Reference value :  2.66894e-07
 Reference value :  2.68840e-07
 Reference value :  2.70872e-07
 Reference value :  2.72908e-07
 Reference value :  2.74855e-07
 Reference value :  2.76898e-07
 Reference value :  2.78942e-07
 Reference value :  2.80986e-07
 Reference value :  2.83029e-07
 Reference value :  2.85067e-07
 Reference value :  2.87208e-07
 Reference value :  2.89349e-07
 Reference value :  2.91296e-07
 Reference value :  2.93437e-07
 Reference value :  2.95578e-07
 Reference value :  2.97715e-07
 Reference value :  2.99759e-07
 Reference value :  3.01803e-07
 Reference value :  3.03847e-07
 Reference value :  3.05890e-07
 Reference value :  3.07934e-07
 Reference value :  3.09870e-07
 Reference value :  3.11906e-07
 Reference value :  3.13852e-07
 Reference value :  3.15896e-07
 Reference value :  3.17842e-07
 Reference value :  3.19886e-07
 Reference value :  3.21930e-07
 Reference value :  3.23970e-07
 Reference value :  3.26111e-07
 Reference value :  3.28252e-07
 Reference value :  3.30296e-07
 Reference value :  3.32340e-07
 Reference value :  3.34481e-07
 Reference value :  3.36613e-07
 Reference value :  3.38656e-07
 Reference value :  3.40700e-07
 Reference value :  3.42841e-07
 Reference value :  3.44885e-07
 Reference value :  3.46929e-07
 Reference value :  3.48865e-07
 Reference value :  3.50902e-07
 Reference value :  3.52848e-07
 Reference value :  3.54989e-07
 Reference value :  3.56936e-07
 Reference value :  3.59077e-07
 Reference value :  3.61121e-07
 Reference value :  3.63164e-07
 Reference value :  3.65305e-07
 Reference value :  3.67349e-07
 Reference value :  3.69295e-07
 Reference value :  3.71339e-07
 Reference value :  3.73480e-07
 Reference value :  3.75505e-07
 Reference value :  3.77549e-07
 Reference value :  3.79593e-07
 Reference value :  3.81636e-07
 Reference value :  3.83583e-07
 Reference value :  3.85529e-07
 Reference value :  3.87670e-07
 Reference value :  3.89704e-07
 Reference value :  3.91748e-07
 Reference value :  3.93889e-07
 Reference value :  3.95836e-07
 Reference value :  3.97879e-07
 Reference value :  4.00020e-07
 Reference value :  4.02064e-07
 Reference value :  4.04010e-07
 Reference value :  4.06054e-07
 Reference value :  4.08098e-07
 Reference value :  4.10142e-07
 Reference value :  4.12185e-07
 Reference value :  4.14112e-07
 Reference value :  4.16058e-07
 Reference value :  4.18004e-07
 Reference value :  4.20145e-07
 Reference value :  4.22092e-07
 Reference value :  4.24135e-07
 Reference value :  4.26179e-07
 Reference value :  4.28312e-07
 Reference value :  4.30259e-07
 Reference value :  4.32400e-07
 Reference value :  4.34444e-07
 Reference value :  4.36585e-07
 Reference value :  4.38726e-07
 Reference value :  4.40769e-07
 Reference value :  4.42813e-07
 Reference value :  4.44759e-07
 Reference value :  4.46803e-07
 Reference value :  4.48750e-07
 Reference value :  4.50696e-07
 Reference value :  4.52825e-07
 Reference value :  4.54861e-07
 Reference value :  4.56905e-07
 Reference value :  4.58949e-07
 Reference value :  4.60895e-07
 Reference value :  4.62939e-07
 Reference value :  4.64982e-07
 Reference value :  4.67118e-07
 Reference value :  4.69162e-07
 Reference value :  4.71303e-07
 Reference value :  4.73249e-07
 Reference value :  4.75293e-07
 Reference value :  4.77239e-07
 Reference value :  4.79376e-07
 Reference value :  4.81420e-07
 Reference value :  4.83463e-07
 Reference value :  4.85507e-07
 Reference value :  4.87551e-07
 Reference value :  4.89595e-07
 Reference value :  4.91736e-07
 Reference value :  4.93761e-07
 Reference value :  4.95708e-07
 Reference value :  4.97751e-07
 Reference value :  4.99795e-07
 Reference value :  5.01839e-07
 Reference value :  5.03882e-07
 Reference value :  5.05923e-07
 Reference value :  5.07967e-07
 Reference value :  5.10108e-07
 Reference value :  5.12054e-07
 Reference value :  5.14098e-07
 Reference value :  5.16239e-07
 Reference value :  5.18371e-07
 Reference value :  5.20414e-07
 Reference value :  5.22361e-07
 Reference value :  5.24502e-07
 Reference value :  5.26448e-07
 Reference value :  5.28395e-07
 Reference value :  5.30438e-07
 Reference value :  5.32472e-07
 Reference value :  5.34516e-07
 Reference value :  5.36463e-07
 Reference value :  5.38604e-07
 Reference value :  5.40647e-07
 Reference value :  5.42691e-07
 Reference value :  5.44735e-07
 Reference value :  5.46681e-07
 Reference value :  5.48725e-07
 Reference value :  5.50769e-07
 Reference value :  5.52910e-07
 Reference value :  5.54953e-07
 Reference value :  5.56880e-07
 Reference value :  5.58923e-07
 Reference value :  5.60967e-07
 Reference value :  5.63011e-07
 Reference value :  5.64957e-07
 Reference value :  5.66904e-07
 Reference value :  5.68947e-07
 Reference value :  5.70983e-07
 Reference value :  5.73124e-07
 Reference value :  5.75265e-07
 Reference value :  5.77309e-07
 Reference value :  5.79450e-07
 Reference value :  5.81591e-07
 Reference value :  5.83635e-07
No. of Data Rows : 6018
vhold_min           =  1.08000e+00 at=  1.24570e-10
tfirst              =  3.67740e-08
t1                  =  3.55191e-07
t2                  =  3.68183e-07
t3                  =  3.81177e-07
t4                  =  3.94177e-07
t5                  =  4.07171e-07
t6                  =  4.20167e-07
t7                  =  4.33165e-07
t8                  =  4.46160e-07
t9                  =  4.59160e-07
t10                 =  4.72155e-07
t11                 =  4.85151e-07
t12                 =  4.98152e-07
idd_run             =  -1.06111e-04 from=  3.50400e-07 to=  5.83900e-07
vmax                =  1.09277e+00 at=  5.76336e-07
vmin                =  -1.94166e-02 at=  5.69823e-07
Note: Simulation executed from .control section 
Note: Starting dynamic gmin stepping
Note: Dynamic gmin stepping completed
Note: Starting dynamic gmin stepping
Note: Dynamic gmin stepping completed
