
Note: No compatibility mode selected!


Circuit: * tt_analog_ring, code 1

Doing analysis at TEMP = -40.000000 and TNOM = 27.000000

Using SPARSE 1.3 as Direct Linear Solver
 Reference value :  0.00000e+00
No. of Data Rows : 1
idd_dis=8.71132E-06 vbp=0.678292 vbn=0.319791 clk_dis=1.08
Doing analysis at TEMP = -40.000000 and TNOM = 27.000000

Using SPARSE 1.3 as Direct Linear Solver

Initial Transient Solution
--------------------------

Node                                   Voltage
----                                   -------
vpwr                                      1.08
code[0]                                   1.08
code[1]                                      0
code[2]                                      0
code[3]                                      0
code[4]                                      0
code[5]                                      0
code[6]                                      0
code[7]                                      0
enable                                       0
xdut.vbp                              0.678292
xdut.vbn                              0.319791
xdut.n0                            3.82834e-08
xdut.p0                                   1.08
xdut.na0                              0.873059
xdut.s0                                   1.08
xdut.s10                                  1.08
xdut.n1                            1.26537e-06
xdut.p1                                   1.08
xdut.s1                            1.28146e-06
xdut.n2                            2.04671e-08
xdut.p2                                   1.08
xdut.s2                                   1.08
xdut.n3                            1.26537e-06
xdut.p3                                   1.08
xdut.s3                            1.28146e-06
xdut.n4                            2.04671e-08
xdut.p4                                   1.08
xdut.s4                                   1.08
xdut.n5                            1.26537e-06
xdut.p5                                   1.08
xdut.s5                            1.28146e-06
xdut.n6                            2.04671e-08
xdut.p6                                   1.08
xdut.s6                                   1.08
xdut.n7                            1.26537e-06
xdut.p7                                   1.08
xdut.s7                            1.28146e-06
xdut.n8                            2.04671e-08
xdut.p8                                   1.08
xdut.s8                                   1.08
xdut.n9                            1.26537e-06
xdut.p9                                   1.08
xdut.s9                            1.28146e-06
xdut.n10                           2.04671e-08
xdut.p10                                  1.08
xdut.b1                            4.99523e-08
clk_out                                   1.08
ven#branch                         3.25351e-12
vc7#branch                         1.37861e-12
vc6#branch                         6.89305e-13
vc5#branch                         3.44653e-13
vc4#branch                         1.72326e-13
vc3#branch                         8.61632e-14
vc2#branch                         4.30816e-14
vc1#branch                         2.15408e-14
vc0#branch                        -1.49379e-10
vdd#branch                        -8.71132e-06

 Reference value :  0.00000e+00
 Reference value :  3.36427e-08
 Reference value :  7.50067e-08
 Reference value :  1.16371e-07
 Reference value :  1.57735e-07
 Reference value :  1.97950e-07
 Reference value :  2.39314e-07
 Reference value :  2.80678e-07
 Reference value :  3.20893e-07
 Reference value :  3.45005e-07
 Reference value :  3.63920e-07
 Reference value :  3.83453e-07
 Reference value :  4.04135e-07
 Reference value :  4.25274e-07
 Reference value :  4.45956e-07
 Reference value :  4.67787e-07
 Reference value :  4.88227e-07
 Reference value :  5.06107e-07
 Reference value :  5.26789e-07
 Reference value :  5.46322e-07
 Reference value :  5.66093e-07
 Reference value :  5.86775e-07
 Reference value :  6.07457e-07
 Reference value :  6.27896e-07
 Reference value :  6.45773e-07
 Reference value :  6.66455e-07
 Reference value :  6.87137e-07
 Reference value :  7.06894e-07
 Reference value :  7.27576e-07
 Reference value :  7.48258e-07
 Reference value :  7.67561e-07
 Reference value :  7.85461e-07
 Reference value :  8.06143e-07
 Reference value :  8.26825e-07
 Reference value :  8.45405e-07
 Reference value :  8.64938e-07
 Reference value :  8.85620e-07
 Reference value :  9.06302e-07
 Reference value :  9.22836e-07
 Reference value :  9.43518e-07
 Reference value :  9.64200e-07
 Reference value :  9.83905e-07
 Reference value :  1.00459e-06
 Reference value :  1.02527e-06
 Reference value :  1.04595e-06
 Reference value :  1.06254e-06
 Reference value :  1.08207e-06
 Reference value :  1.10161e-06
 Reference value :  1.12010e-06
 Reference value :  1.14079e-06
 Reference value :  1.16147e-06
 Reference value :  1.18215e-06
 Reference value :  1.19765e-06
 Reference value :  1.21948e-06
 Reference value :  1.24131e-06
 Reference value :  1.26086e-06
 Reference value :  1.28154e-06
 Reference value :  1.30222e-06
 Reference value :  1.32405e-06
 Reference value :  1.34222e-06
 Reference value :  1.36290e-06
 Reference value :  1.38244e-06
 Reference value :  1.40147e-06
 Reference value :  1.42100e-06
 Reference value :  1.44168e-06
 Reference value :  1.46237e-06
 Reference value :  1.48070e-06
 Reference value :  1.50024e-06
 Reference value :  1.52092e-06
 Reference value :  1.53943e-06
 Reference value :  1.56012e-06
 Reference value :  1.57965e-06
 Reference value :  1.60033e-06
 Reference value :  1.61800e-06
 Reference value :  1.63868e-06
 Reference value :  1.65821e-06
 Reference value :  1.67668e-06
 Reference value :  1.69736e-06
 Reference value :  1.71689e-06
 Reference value :  1.73757e-06
 Reference value :  1.75524e-06
 Reference value :  1.77592e-06
 Reference value :  1.79660e-06
 Reference value :  1.81536e-06
 Reference value :  1.83699e-06
 Reference value :  1.85767e-06
 Reference value :  1.87835e-06
 Reference value :  1.89604e-06
 Reference value :  1.91672e-06
 Reference value :  1.93626e-06
 Reference value :  1.95628e-06
 Reference value :  1.97696e-06
 Reference value :  1.99764e-06
 Reference value :  2.01832e-06
 Reference value :  2.03487e-06
 Reference value :  2.05441e-06
 Reference value :  2.07624e-06
 Reference value :  2.09594e-06
 Reference value :  2.11662e-06
 Reference value :  2.13845e-06
 Reference value :  2.15913e-06
 Reference value :  2.17457e-06
 Reference value :  2.19411e-06
 Reference value :  2.21479e-06
 Reference value :  2.23352e-06
 Reference value :  2.25396e-06
 Reference value :  2.27350e-06
 Reference value :  2.29303e-06
 Reference value :  2.31084e-06
 Reference value :  2.33152e-06
 Reference value :  2.35335e-06
 Reference value :  2.37242e-06
 Reference value :  2.39346e-06
 Reference value :  2.41299e-06
 Reference value :  2.43482e-06
 Reference value :  2.45310e-06
 Reference value :  2.47149e-06
 Reference value :  2.48987e-06
 Reference value :  2.51055e-06
 Reference value :  2.52844e-06
 Reference value :  2.54797e-06
 Reference value :  2.56865e-06
 Reference value :  2.58696e-06
 Reference value :  2.60649e-06
 Reference value :  2.62603e-06
 Reference value :  2.64786e-06
 Reference value :  2.66411e-06
 Reference value :  2.68480e-06
 Reference value :  2.70433e-06
 Reference value :  2.72315e-06
 Reference value :  2.74381e-06
 Reference value :  2.76334e-06
 Reference value :  2.78402e-06
 Reference value :  2.80022e-06
 Reference value :  2.82090e-06
 Reference value :  2.84158e-06
 Reference value :  2.86112e-06
 Reference value :  2.87992e-06
 Reference value :  2.90060e-06
 Reference value :  2.91898e-06
 Reference value :  2.93893e-06
 Reference value :  2.95847e-06
 Reference value :  2.98030e-06
 Reference value :  3.00094e-06
 Reference value :  3.01926e-06
 Reference value :  3.03995e-06
 Reference value :  3.05948e-06
 Reference value :  3.07851e-06
 Reference value :  3.09804e-06
 Reference value :  3.11872e-06
 Reference value :  3.13825e-06
 Reference value :  3.15544e-06
 Reference value :  3.17498e-06
 Reference value :  3.19336e-06
 Reference value :  3.21097e-06
 Reference value :  3.23140e-06
 Reference value :  3.24978e-06
 Reference value :  3.27046e-06
 Reference value :  3.28813e-06
 Reference value :  3.30881e-06
 Reference value :  3.32720e-06
 Reference value :  3.34788e-06
 Reference value :  3.36404e-06
 Reference value :  3.38357e-06
 Reference value :  3.40310e-06
 Reference value :  3.42193e-06
 Reference value :  3.44146e-06
 Reference value :  3.46215e-06
 Reference value :  3.48398e-06
 Reference value :  3.50133e-06
 Reference value :  3.52201e-06
 Reference value :  3.54155e-06
 Reference value :  3.56041e-06
 Reference value :  3.57988e-06
 Reference value :  3.59941e-06
 Reference value :  3.62009e-06
 Reference value :  3.63899e-06
 Reference value :  3.65738e-06
 Reference value :  3.67806e-06
 Reference value :  3.69854e-06
 Reference value :  3.71654e-06
 Reference value :  3.73722e-06
 Reference value :  3.75790e-06
 Reference value :  3.77631e-06
 Reference value :  3.79585e-06
 Reference value :  3.81653e-06
 Reference value :  3.83832e-06
 Reference value :  3.85653e-06
 Reference value :  3.87721e-06
 Reference value :  3.89559e-06
 Reference value :  3.91232e-06
 Reference value :  3.93070e-06
 Reference value :  3.94909e-06
 Reference value :  3.96977e-06
 Reference value :  3.98812e-06
 Reference value :  4.00765e-06
 Reference value :  4.02719e-06
 Reference value :  4.04651e-06
 Reference value :  4.06523e-06
 Reference value :  4.08591e-06
 Reference value :  4.10659e-06
 Reference value :  4.12541e-06
 Reference value :  4.14609e-06
 Reference value :  4.16562e-06
 Reference value :  4.18516e-06
 Reference value :  4.20133e-06
 Reference value :  4.22086e-06
 Reference value :  4.23924e-06
 Reference value :  4.25808e-06
 Reference value :  4.27759e-06
 Reference value :  4.29713e-06
 Reference value :  4.31781e-06
 Reference value :  4.33407e-06
 Reference value :  4.35360e-06
 Reference value :  4.37313e-06
 Reference value :  4.39496e-06
 Reference value :  4.41266e-06
 Reference value :  4.43105e-06
 Reference value :  4.45173e-06
 Reference value :  4.47175e-06
 Reference value :  4.49128e-06
 Reference value :  4.51196e-06
 Reference value :  4.53264e-06
 Reference value :  4.54917e-06
 Reference value :  4.56870e-06
 Reference value :  4.58938e-06
 Reference value :  4.60796e-06
 Reference value :  4.62864e-06
 Reference value :  4.65047e-06
 Reference value :  4.67115e-06
 Reference value :  4.68772e-06
 Reference value :  4.70725e-06
 Reference value :  4.72678e-06
 Reference value :  4.74553e-06
 Reference value :  4.76485e-06
 Reference value :  4.78438e-06
 Reference value :  4.80506e-06
 Reference value :  4.82166e-06
 Reference value :  4.84119e-06
 Reference value :  4.86188e-06
 Reference value :  4.88256e-06
 Reference value :  4.89988e-06
 Reference value :  4.92057e-06
 Reference value :  4.94125e-06
 Reference value :  4.95795e-06
 Reference value :  4.97634e-06
 Reference value :  4.99702e-06
 Reference value :  5.01655e-06
 Reference value :  5.03251e-06
 Reference value :  5.05089e-06
 Reference value :  5.07043e-06
 Reference value :  5.08996e-06
 Reference value :  5.10712e-06
 Reference value :  5.12665e-06
 Reference value :  5.14618e-06
 Reference value :  5.16327e-06
 Reference value :  5.18098e-06
 Reference value :  5.20051e-06
 Reference value :  5.22119e-06
 Reference value :  5.23886e-06
 Reference value :  5.25840e-06
 Reference value :  5.27678e-06
 Reference value :  5.29631e-06
 Reference value :  5.31403e-06
 Reference value :  5.33241e-06
 Reference value :  5.35195e-06
 Reference value :  5.37263e-06
 Reference value :  5.38811e-06
 Reference value :  5.40764e-06
 Reference value :  5.42832e-06
 Reference value :  5.44679e-06
 Reference value :  5.46632e-06
 Reference value :  5.48701e-06
 Reference value :  5.50769e-06
 Reference value :  5.52435e-06
 Reference value :  5.54503e-06
 Reference value :  5.56457e-06
 Reference value :  5.58248e-06
 Reference value :  5.60236e-06
 Reference value :  5.62305e-06
 Reference value :  5.64373e-06
 Reference value :  5.66316e-06
 Reference value :  5.68385e-06
 Reference value :  5.70453e-06
 Reference value :  5.72372e-06
 Reference value :  5.74423e-06
 Reference value :  5.76376e-06
 Reference value :  5.78559e-06
 Reference value :  5.80395e-06
 Reference value :  5.82463e-06
 Reference value :  5.84531e-06
 Reference value :  5.86291e-06
 Reference value :  5.88334e-06
 Reference value :  5.90172e-06
 Reference value :  5.92125e-06
 Reference value :  5.93892e-06
 Reference value :  5.95845e-06
 Reference value :  5.97684e-06
 Reference value :  5.99637e-06
 Reference value :  6.01253e-06
 Reference value :  6.03206e-06
 Reference value :  6.05159e-06
 Reference value :  6.07192e-06
 Reference value :  6.09226e-06
 Reference value :  6.11179e-06
 Reference value :  6.13247e-06
 Reference value :  6.14980e-06
 Reference value :  6.17049e-06
 Reference value :  6.18887e-06
 Reference value :  6.20955e-06
 Reference value :  6.22719e-06
 Reference value :  6.24672e-06
 Reference value :  6.26625e-06
 Reference value :  6.28509e-06
 Reference value :  6.30462e-06
 Reference value :  6.32531e-06
 Reference value :  6.34484e-06
 Reference value :  6.36198e-06
 Reference value :  6.38266e-06
 Reference value :  6.40219e-06
 Reference value :  6.41928e-06
 Reference value :  6.43700e-06
 Reference value :  6.45654e-06
 Reference value :  6.47607e-06
 Reference value :  6.49375e-06
 Reference value :  6.51329e-06
 Reference value :  6.53282e-06
 Reference value :  6.55465e-06
 Reference value :  6.57236e-06
 Reference value :  6.59304e-06
 Reference value :  6.61257e-06
 Reference value :  6.63057e-06
 Reference value :  6.64872e-06
 Reference value :  6.66940e-06
 Reference value :  6.69008e-06
 Reference value :  6.70743e-06
 Reference value :  6.72811e-06
 Reference value :  6.74764e-06
 Reference value :  6.76832e-06
 Reference value :  6.78379e-06
 Reference value :  6.80332e-06
 Reference value :  6.82286e-06
 Reference value :  6.84129e-06
 Reference value :  6.86197e-06
 Reference value :  6.88265e-06
No. of Data Rows : 6080
vhold_min           =  1.08000e+00 at=  7.35360e-10
tfirst              =  4.16246e-07
t1                  =  4.25578e-06
t2                  =  4.39532e-06
t3                  =  4.53468e-06
t4                  =  4.67435e-06
t5                  =  4.81402e-06
t6                  =  4.95370e-06
t7                  =  5.09340e-06
t8                  =  5.23305e-06
t9                  =  5.37241e-06
t10                 =  5.51208e-06
t11                 =  5.65180e-06
t12                 =  5.79130e-06
idd_run             =  -9.26612e-06 from=  4.13800e-06 to=  6.89700e-06
vmax                =  1.09817e+00 at=  5.93238e-06
vmin                =  -1.77011e-02 at=  4.46521e-06
Note: Simulation executed from .control section 
Note: Starting dynamic gmin stepping
Note: Dynamic gmin stepping completed
Note: Starting dynamic gmin stepping
Note: Dynamic gmin stepping completed
