
Note: No compatibility mode selected!


Circuit: * tt_analog_ring, code 0

Doing analysis at TEMP = 125.000000 and TNOM = 27.000000

Using SPARSE 1.3 as Direct Linear Solver
 Reference value :  0.00000e+00
No. of Data Rows : 1
idd_dis=4.25534E-06 vbp=0.810314 vbn=0.12556 clk_dis=1.08
Doing analysis at TEMP = 125.000000 and TNOM = 27.000000

Using SPARSE 1.3 as Direct Linear Solver

Initial Transient Solution
--------------------------

Node                                   Voltage
----                                   -------
vpwr                                      1.08
code[0]                                      0
code[1]                                      0
code[2]                                      0
code[3]                                      0
code[4]                                      0
code[5]                                      0
code[6]                                      0
code[7]                                      0
enable                                       0
xdut.vbp                              0.810314
xdut.vbn                               0.12556
xdut.n0                            0.000651046
xdut.p0                                1.07932
xdut.na0                              0.910096
xdut.s0                                1.07931
xdut.s10                               1.07962
xdut.n1                            0.000214618
xdut.p1                                1.07981
xdut.s1                            0.000216239
xdut.n2                            0.000354501
xdut.p2                                1.07963
xdut.s2                                1.07962
xdut.n3                            0.000213493
xdut.p3                                1.07981
xdut.s3                            0.000215105
xdut.n4                            0.000354493
xdut.p4                                1.07963
xdut.s4                                1.07962
xdut.n5                            0.000213493
xdut.p5                                1.07981
xdut.s5                            0.000215105
xdut.n6                            0.000354493
xdut.p6                                1.07963
xdut.s6                                1.07962
xdut.n7                            0.000213493
xdut.p7                                1.07981
xdut.s7                            0.000215105
xdut.n8                            0.000354493
xdut.p8                                1.07963
xdut.s8                                1.07962
xdut.n9                            0.000213493
xdut.p9                                1.07981
xdut.s9                            0.000215105
xdut.n10                           0.000354493
xdut.p10                               1.07963
xdut.b1                            1.67686e-06
clk_out                                   1.08
ven#branch                         5.17688e-12
vc7#branch                         4.17242e-11
vc6#branch                         2.08621e-11
vc5#branch                          1.0431e-11
vc4#branch                         5.21552e-12
vc3#branch                         2.60776e-12
vc2#branch                         1.30388e-12
vc1#branch                          6.5194e-13
vc0#branch                          3.2597e-13
vdd#branch                        -4.25534e-06

 Reference value :  0.00000e+00
 Reference value :  5.66191e-08
 Reference value :  1.30287e-07
 Reference value :  1.96939e-07
 Reference value :  2.65345e-07
 Reference value :  3.31997e-07
 Reference value :  4.02157e-07
 Reference value :  4.68809e-07
 Reference value :  5.26400e-07
 Reference value :  5.54495e-07
 Reference value :  5.91329e-07
 Reference value :  6.26409e-07
 Reference value :  6.61489e-07
 Reference value :  6.97856e-07
 Reference value :  7.35895e-07
 Reference value :  7.72729e-07
 Reference value :  8.09563e-07
 Reference value :  8.46397e-07
 Reference value :  8.78656e-07
 Reference value :  9.17244e-07
 Reference value :  9.54078e-07
 Reference value :  9.89158e-07
 Reference value :  1.02424e-06
 Reference value :  1.05606e-06
 Reference value :  1.09465e-06
 Reference value :  1.13148e-06
 Reference value :  1.16832e-06
 Reference value :  1.20340e-06
 Reference value :  1.23763e-06
 Reference value :  1.27446e-06
 Reference value :  1.30954e-06
 Reference value :  1.34462e-06
 Reference value :  1.38146e-06
 Reference value :  1.41103e-06
 Reference value :  1.44961e-06
 Reference value :  1.48469e-06
 Reference value :  1.52153e-06
 Reference value :  1.55836e-06
 Reference value :  1.59059e-06
 Reference value :  1.62918e-06
 Reference value :  1.66426e-06
 Reference value :  1.70109e-06
 Reference value :  1.73968e-06
 Reference value :  1.77004e-06
 Reference value :  1.80863e-06
 Reference value :  1.84722e-06
 Reference value :  1.88405e-06
 Reference value :  1.92088e-06
 Reference value :  1.95317e-06
 Reference value :  1.99001e-06
 Reference value :  2.02509e-06
 Reference value :  2.06367e-06
 Reference value :  2.10051e-06
 Reference value :  2.13388e-06
 Reference value :  2.17071e-06
 Reference value :  2.20579e-06
 Reference value :  2.24087e-06
 Reference value :  2.27946e-06
 Reference value :  2.31343e-06
 Reference value :  2.34851e-06
 Reference value :  2.38710e-06
 Reference value :  2.42393e-06
 Reference value :  2.46037e-06
 Reference value :  2.49835e-06
 Reference value :  2.53518e-06
 Reference value :  2.57026e-06
 Reference value :  2.60710e-06
 Reference value :  2.63993e-06
 Reference value :  2.67970e-06
 Reference value :  2.71653e-06
 Reference value :  2.75337e-06
 Reference value :  2.79020e-06
 Reference value :  2.82472e-06
 Reference value :  2.86331e-06
 Reference value :  2.90190e-06
 Reference value :  2.93873e-06
 Reference value :  2.97557e-06
 Reference value :  3.01132e-06
 Reference value :  3.04991e-06
 Reference value :  3.08674e-06
 Reference value :  3.12357e-06
 Reference value :  3.16041e-06
 Reference value :  3.19415e-06
 Reference value :  3.23099e-06
 Reference value :  3.26782e-06
 Reference value :  3.30466e-06
 Reference value :  3.34149e-06
 Reference value :  3.37743e-06
 Reference value :  3.41426e-06
 Reference value :  3.44934e-06
 Reference value :  3.48618e-06
 Reference value :  3.51883e-06
 Reference value :  3.55619e-06
 Reference value :  3.59303e-06
 Reference value :  3.62986e-06
 Reference value :  3.66845e-06
 Reference value :  3.70240e-06
 Reference value :  3.74099e-06
 Reference value :  3.77958e-06
 Reference value :  3.81641e-06
 Reference value :  3.85500e-06
 Reference value :  3.88492e-06
 Reference value :  3.92351e-06
 Reference value :  3.96034e-06
 Reference value :  3.99718e-06
 Reference value :  4.03226e-06
 Reference value :  4.06672e-06
 Reference value :  4.10355e-06
 Reference value :  4.14038e-06
 Reference value :  4.17897e-06
 Reference value :  4.21581e-06
 Reference value :  4.24716e-06
 Reference value :  4.28400e-06
 Reference value :  4.32083e-06
 Reference value :  4.35767e-06
 Reference value :  4.39625e-06
 Reference value :  4.43027e-06
 Reference value :  4.46535e-06
 Reference value :  4.50394e-06
 Reference value :  4.53902e-06
 Reference value :  4.57555e-06
 Reference value :  4.61304e-06
 Reference value :  4.64987e-06
 Reference value :  4.68671e-06
 Reference value :  4.72179e-06
 Reference value :  4.75476e-06
 Reference value :  4.79285e-06
 Reference value :  4.82793e-06
 Reference value :  4.86476e-06
 Reference value :  4.90335e-06
 Reference value :  4.93476e-06
 Reference value :  4.97335e-06
 Reference value :  5.01019e-06
 Reference value :  5.04702e-06
 Reference value :  5.08385e-06
 Reference value :  5.11780e-06
 Reference value :  5.15638e-06
 Reference value :  5.19146e-06
 Reference value :  5.22654e-06
 Reference value :  5.26513e-06
 Reference value :  5.29679e-06
 Reference value :  5.33363e-06
 Reference value :  5.37222e-06
 Reference value :  5.40730e-06
 Reference value :  5.44413e-06
 Reference value :  5.47688e-06
 Reference value :  5.51371e-06
 Reference value :  5.55055e-06
 Reference value :  5.58914e-06
 Reference value :  5.62597e-06
 Reference value :  5.65558e-06
 Reference value :  5.69241e-06
 Reference value :  5.72924e-06
 Reference value :  5.76608e-06
 Reference value :  5.80642e-06
 Reference value :  5.84044e-06
 Reference value :  5.87903e-06
 Reference value :  5.91586e-06
 Reference value :  5.95270e-06
 Reference value :  5.98570e-06
 Reference value :  6.02326e-06
 Reference value :  6.05834e-06
 Reference value :  6.09692e-06
 Reference value :  6.13376e-06
 Reference value :  6.16629e-06
 Reference value :  6.20654e-06
 Reference value :  6.24338e-06
 Reference value :  6.27846e-06
 Reference value :  6.31529e-06
 Reference value :  6.34842e-06
 Reference value :  6.38701e-06
 Reference value :  6.42384e-06
 Reference value :  6.46068e-06
 Reference value :  6.49751e-06
 Reference value :  6.53319e-06
 Reference value :  6.57002e-06
 Reference value :  6.60686e-06
 Reference value :  6.64544e-06
 Reference value :  6.68403e-06
 Reference value :  6.71568e-06
 Reference value :  6.75427e-06
 Reference value :  6.79110e-06
 Reference value :  6.82793e-06
 Reference value :  6.86652e-06
 Reference value :  6.89933e-06
 Reference value :  6.93617e-06
 Reference value :  6.97300e-06
 Reference value :  7.00983e-06
 Reference value :  7.04427e-06
 Reference value :  7.08344e-06
 Reference value :  7.12028e-06
 Reference value :  7.15711e-06
 Reference value :  7.19394e-06
 Reference value :  7.22620e-06
 Reference value :  7.26479e-06
 Reference value :  7.30338e-06
 Reference value :  7.34197e-06
 Reference value :  7.37880e-06
 Reference value :  7.41125e-06
 Reference value :  7.44984e-06
 Reference value :  7.48667e-06
 Reference value :  7.52350e-06
 Reference value :  7.56034e-06
 Reference value :  7.59613e-06
 Reference value :  7.63297e-06
 Reference value :  7.66980e-06
 Reference value :  7.70663e-06
 Reference value :  7.74347e-06
 Reference value :  7.77945e-06
 Reference value :  7.81453e-06
 Reference value :  7.85136e-06
 Reference value :  7.88820e-06
 Reference value :  7.92679e-06
 Reference value :  7.96434e-06
 Reference value :  8.00117e-06
 Reference value :  8.03800e-06
 Reference value :  8.07308e-06
 Reference value :  8.10523e-06
 Reference value :  8.14557e-06
 Reference value :  8.18240e-06
 Reference value :  8.22099e-06
 Reference value :  8.25782e-06
 Reference value :  8.29207e-06
 Reference value :  8.33241e-06
 Reference value :  8.36924e-06
 Reference value :  8.40608e-06
 Reference value :  8.44642e-06
 Reference value :  8.47993e-06
 Reference value :  8.51677e-06
 Reference value :  8.55536e-06
 Reference value :  8.59044e-06
 Reference value :  8.62902e-06
 Reference value :  8.66584e-06
 Reference value :  8.70268e-06
 Reference value :  8.73951e-06
 Reference value :  8.77634e-06
 Reference value :  8.80924e-06
 Reference value :  8.84936e-06
 Reference value :  8.88620e-06
 Reference value :  8.92478e-06
 Reference value :  8.96337e-06
 Reference value :  8.99918e-06
 Reference value :  9.03777e-06
 Reference value :  9.07460e-06
 Reference value :  9.11144e-06
 Reference value :  9.14827e-06
 Reference value :  9.18050e-06
 Reference value :  9.21734e-06
 Reference value :  9.25417e-06
 Reference value :  9.28925e-06
 Reference value :  9.32784e-06
 Reference value :  9.36382e-06
 Reference value :  9.40065e-06
 Reference value :  9.44100e-06
 Reference value :  9.47783e-06
 Reference value :  9.51266e-06
 Reference value :  9.55065e-06
 Reference value :  9.58749e-06
 Reference value :  9.62432e-06
 Reference value :  9.66115e-06
 Reference value :  9.69536e-06
 Reference value :  9.73394e-06
 Reference value :  9.77078e-06
 Reference value :  9.80761e-06
 Reference value :  9.84445e-06
 Reference value :  9.87723e-06
 Reference value :  9.91582e-06
 Reference value :  9.95265e-06
 Reference value :  9.98949e-06
 Reference value :  1.00281e-05
 Reference value :  1.00621e-05
 Reference value :  1.00990e-05
 Reference value :  1.01358e-05
 Reference value :  1.01726e-05
 Reference value :  1.02095e-05
 Reference value :  1.02439e-05
 Reference value :  1.02808e-05
 Reference value :  1.03176e-05
 Reference value :  1.03544e-05
 Reference value :  1.03930e-05
 Reference value :  1.04289e-05
 Reference value :  1.04657e-05
 Reference value :  1.05025e-05
No. of Data Rows : 6059
vhold_min           =  1.08000e+00 at=  2.24512e-09
tfirst              =  6.95787e-07
t1                  =  6.51574e-06
t2                  =  6.86800e-06
t3                  =  7.22082e-06
t4                  =  7.57333e-06
t5                  =  7.92583e-06
t6                  =  8.27814e-06
t7                  =  8.63080e-06
t8                  =  8.98345e-06
t9                  =  9.33581e-06
t10                 =  9.68839e-06
t11                 =  1.00411e-05
t12                 =  1.03936e-05
idd_run             =  -5.03500e-06 from=  6.31600e-06 to=  1.05300e-05
vmax                =  1.09977e+00 at=  9.69057e-06
vmin                =  -1.49817e-02 at=  7.39593e-06
Note: Simulation executed from .control section 
Note: Starting dynamic gmin stepping
Note: Dynamic gmin stepping completed
Note: Starting dynamic gmin stepping
Note: Dynamic gmin stepping completed
