
Note: No compatibility mode selected!


Circuit: * nand as inverter: a=1, pulse b

Doing analysis at TEMP = 125.000000 and TNOM = 27.000000

Using SPARSE 1.3 as Direct Linear Solver

Initial Transient Solution
--------------------------

Node                                   Voltage
----                                   -------
vpwr                                      1.32
code[0]                                      0
code[1]                                      0
code[2]                                      0
code[3]                                      0
code[4]                                      0
code[5]                                      0
code[6]                                      0
code[7]                                      0
vbp                                    1.03337
vbn                                   0.141464
a                                         1.32
p                                            0
xdrv.net1                              1.31966
b                                      1.31966
xdrv.net2                          0.000294144
xnand.net1                             1.31967
y                                  0.000434318
xnand.net2                         0.000432782
xnand.net3                         0.000431121
xload.net1                             1.31968
z                                      1.31967
xload.net2                         0.000296765
xload2.net1                            1.31983
zz                                 0.000195645
xload2.net2                         0.00019414
vin#branch                         1.09793e-11
va#branch                         -9.66144e-11
vc7#branch                         7.78231e-11
vc6#branch                         3.88997e-11
vc5#branch                          1.9438e-11
vc4#branch                         9.70709e-12
vc3#branch                         4.84165e-12
vc2#branch                         2.40894e-12
vc1#branch                         1.19258e-12
vc0#branch                         5.84399e-13
vdd#branch                        -5.98577e-06

 Reference value :  2.63200e-12
 Reference value :  7.82441e-08
 Reference value :  1.46834e-07
 Reference value :  2.07370e-07
 Reference value :  2.88435e-07
 Reference value :  3.69501e-07
 Reference value :  4.29824e-07
 Reference value :  4.98519e-07
 Reference value :  5.80111e-07
 Reference value :  6.58059e-07
 Reference value :  7.14456e-07
 Reference value :  7.94206e-07
 Reference value :  8.76061e-07
 Reference value :  9.42437e-07
 Reference value :  1.00482e-06
 Reference value :  1.08693e-06
 Reference value :  1.16984e-06
 Reference value :  1.22733e-06
 Reference value :  1.30577e-06
 Reference value :  1.39473e-06
 Reference value :  1.46874e-06
 Reference value :  1.54085e-06
No. of Data Rows : 6065
tin_f               =  6.64385e-07
tout_r              =  6.84020e-07
tin_r               =  9.33460e-07
tout_f              =  9.43028e-07
tplh=1.96345E-08 tphl=9.5678E-09
Note: Simulation executed from .control section 
Note: Starting dynamic gmin stepping
Note: Dynamic gmin stepping completed
