
Note: No compatibility mode selected!


Circuit: * stage delay at code 128

Doing analysis at TEMP = 27.000000 and TNOM = 27.000000

Using SPARSE 1.3 as Direct Linear Solver

Initial Transient Solution
--------------------------

Node                                   Voltage
----                                   -------
vpwr                                      1.32
code[0]                                      0
code[1]                                      0
code[2]                                      0
code[3]                                      0
code[4]                                      0
code[5]                                      0
code[6]                                      0
code[7]                                   1.32
vbp                                    0.67783
vbn                                    0.55345
a                                            0
xdrv.net1                                 1.32
b                                         1.32
xdrv.net2                          2.41362e-08
xdut.net1                                 1.32
y                                   1.9342e-06
xdut.net2                          1.67385e-06
xload.net1                                1.32
z                                         1.32
xload.net2                         2.41371e-08
xload2.net1                               1.32
zz                                 1.65019e-06
xload2.net2                        1.42898e-06
vin#branch                         1.80291e-11
vc7#branch                        -5.68141e-08
vc6#branch                         7.11513e-13
vc5#branch                         3.55729e-13
vc4#branch                         1.77836e-13
vc3#branch                         8.88905e-14
vc2#branch                         4.44175e-14
vc1#branch                          2.2181e-14
vc0#branch                         1.10627e-14
vdd#branch                        -0.000390045

 Reference value :  4.04106e-10
 Reference value :  1.88108e-09
 Reference value :  2.98773e-09
 Reference value :  4.33043e-09
 Reference value :  5.78426e-09
 Reference value :  7.13992e-09
 Reference value :  8.21871e-09
 Reference value :  9.67716e-09
 Reference value :  1.11865e-08
 Reference value :  1.22745e-08
 Reference value :  1.36218e-08
 Reference value :  1.50849e-08
 Reference value :  1.64313e-08
 Reference value :  1.75194e-08
 Reference value :  1.89917e-08
 Reference value :  2.04687e-08
 Reference value :  2.15752e-08
 Reference value :  2.29688e-08
 Reference value :  2.44828e-08
 Reference value :  2.58292e-08
 Reference value :  2.70423e-08
No. of Data Rows : 6045
tin_f               =  1.17535e-08
tout_r              =  1.18923e-08
tin_r               =  1.64060e-08
tout_f              =  1.66109e-08
tplh=1.3873E-10 tphl=2.0495E-10
t40r                =  1.18624e-08
t60r                =  1.19284e-08
t60f                =  1.65786e-08
t40f                =  1.66440e-08
sr_r=4.00061E+09 sr_f=-4.03485E+09
tr                  =  1.18106e-08
tr8                 =  1.20624e-08
tf                  =  1.65164e-08
tf2                 =  1.67374e-08
trise=2.5185E-10 tfall=2.2099E-10
Note: Simulation executed from .control section 
