
Note: Compatibility modes selected: hs a


Circuit: * tt_analog_ring, code 255

Doing analysis at TEMP = 27.000000 and TNOM = 27.000000

Using SPARSE 1.3 as Direct Linear Solver
 Reference value :  0.00000e+00
No. of Data Rows : 1
idd_dis=0.000582217 vbp=0.460287 vbn=0.570365 clk_dis=1.2
Doing analysis at TEMP = 27.000000 and TNOM = 27.000000

Using SPARSE 1.3 as Direct Linear Solver

Initial Transient Solution
--------------------------

Node                                   Voltage
----                                   -------
vpwr                                       1.2
code[0]                                    1.2
code[1]                                    1.2
code[2]                                    1.2
code[3]                                    1.2
code[4]                                    1.2
code[5]                                    1.2
code[6]                                    1.2
code[7]                                    1.2
enable                                       0
xdut.vbp                              0.460287
clk_out                                    1.2
xdut.b1                            1.63386e-07
xdut.s3                            4.46564e-07
xdut.s2                                    1.2
xdut.n_126                                 1.2
xdut.s1                            5.97039e-07
xdut.n_125                                 1.2
xdut.s10                                   1.2
xdut.s6                                    1.2
xdut.s5                            6.44776e-07
xdut.n_128                                 1.2
xdut.s9                             5.0943e-07
xdut.n_133                                 1.2
xdut.s4                                    1.2
xdut.n_129                                 1.2
xdut.s8                                    1.2
xdut.n_132                                 1.2
xdut.s7                            5.23776e-07
xdut.n_130                                 1.2
xdut.n_127                                 1.2
xdut.n_131                                 1.2
xdut.s0                                    1.2
xdut.n_124                                 1.2
xdut.n_71                          5.01009e-07
xdut.n_72                          4.43965e-07
xdut.n_70                          9.30081e-08
xdut.n_77                          3.68044e-07
xdut.n_75                          2.95467e-08
xdut.n_73                          1.37445e-07
xdut.n_67                          7.59185e-08
xdut.n_76                          5.23869e-08
xdut.n_69                          4.26596e-07
xdut.n_74                          5.39291e-07
xdut.n_122                                 1.2
xdut.n_i1005                           1.01204
xdut.n_68                          1.85406e-07
xdut.vbn                              0.570365
ven#branch                         7.51609e-12
vc7#branch                        -6.39745e-08
vc6#branch                         -3.2026e-08
vc5#branch                        -1.59405e-08
vc4#branch                        -7.98317e-09
vc3#branch                        -4.01596e-09
vc2#branch                        -1.99988e-09
vc1#branch                        -9.88598e-10
vc0#branch                        -5.02372e-10
vdd#branch                        -0.000582217

 Reference value :  0.00000e+00
 Reference value :  1.13572e-09
 Reference value :  2.58148e-09
 Reference value :  4.02724e-09
 Reference value :  5.63364e-09
 Reference value :  7.24004e-09
 Reference value :  8.84644e-09
 Reference value :  1.04930e-08
 Reference value :  1.20620e-08
 Reference value :  1.28930e-08
 Reference value :  1.38568e-08
 Reference value :  1.48206e-08
 Reference value :  1.58648e-08
 Reference value :  1.67885e-08
 Reference value :  1.77122e-08
 Reference value :  1.87563e-08
 Reference value :  1.96800e-08
 Reference value :  2.06037e-08
 Reference value :  2.16077e-08
 Reference value :  2.25314e-08
 Reference value :  2.35354e-08
 Reference value :  2.46197e-08
 Reference value :  2.55434e-08
 Reference value :  2.64269e-08
 Reference value :  2.74309e-08
 Reference value :  2.83947e-08
 Reference value :  2.93184e-08
 Reference value :  3.02019e-08
 Reference value :  3.12059e-08
 Reference value :  3.21296e-08
 Reference value :  3.30533e-08
 Reference value :  3.40573e-08
 Reference value :  3.49810e-08
 Reference value :  3.58645e-08
 Reference value :  3.69086e-08
 Reference value :  3.78725e-08
 Reference value :  3.87962e-08
 Reference value :  3.97198e-08
 Reference value :  4.06034e-08
 Reference value :  4.14869e-08
 Reference value :  4.23302e-08
 Reference value :  4.32941e-08
 Reference value :  4.41374e-08
 Reference value :  4.50210e-08
 Reference value :  4.59848e-08
 Reference value :  4.68683e-08
 Reference value :  4.77117e-08
 Reference value :  4.85550e-08
 Reference value :  4.95189e-08
 Reference value :  5.03622e-08
 Reference value :  5.11253e-08
 Reference value :  5.20891e-08
 Reference value :  5.30931e-08
 Reference value :  5.40168e-08
 Reference value :  5.49806e-08
 Reference value :  5.60248e-08
 Reference value :  5.69485e-08
 Reference value :  5.78320e-08
 Reference value :  5.89163e-08
 Reference value :  5.98400e-08
 Reference value :  6.07637e-08
 Reference value :  6.20488e-08
 Reference value :  6.28118e-08
 Reference value :  6.35749e-08
 Reference value :  6.44182e-08
 Reference value :  6.53018e-08
 Reference value :  6.61451e-08
 Reference value :  6.69483e-08
 Reference value :  6.79523e-08
 Reference value :  6.89162e-08
 Reference value :  6.98800e-08
 Reference value :  7.09643e-08
 Reference value :  7.19282e-08
 Reference value :  7.28518e-08
 Reference value :  7.38960e-08
 Reference value :  7.48598e-08
 Reference value :  7.57835e-08
 Reference value :  7.67072e-08
 Reference value :  7.76309e-08
 Reference value :  7.85947e-08
 Reference value :  7.95184e-08
 Reference value :  8.05626e-08
 Reference value :  8.15264e-08
 Reference value :  8.23698e-08
 Reference value :  8.32533e-08
 Reference value :  8.40565e-08
 Reference value :  8.48597e-08
 Reference value :  8.56227e-08
 Reference value :  8.65464e-08
 Reference value :  8.73496e-08
 Reference value :  8.81528e-08
 Reference value :  8.89962e-08
 Reference value :  8.99198e-08
 Reference value :  9.07632e-08
 Reference value :  9.16066e-08
 Reference value :  9.26106e-08
 Reference value :  9.34539e-08
 Reference value :  9.42973e-08
 Reference value :  9.51808e-08
 Reference value :  9.61045e-08
 Reference value :  9.70282e-08
 Reference value :  9.81526e-08
 Reference value :  9.93976e-08
 Reference value :  1.00442e-07
 Reference value :  1.01486e-07
 Reference value :  1.02450e-07
 Reference value :  1.03414e-07
 Reference value :  1.04418e-07
 Reference value :  1.05381e-07
 Reference value :  1.06225e-07
 Reference value :  1.07068e-07
 Reference value :  1.08032e-07
 Reference value :  1.08875e-07
 Reference value :  1.09719e-07
 Reference value :  1.10602e-07
 Reference value :  1.11526e-07
 Reference value :  1.12369e-07
 Reference value :  1.13213e-07
 Reference value :  1.14176e-07
 Reference value :  1.15020e-07
 Reference value :  1.15863e-07
 Reference value :  1.16747e-07
 Reference value :  1.17670e-07
 Reference value :  1.18514e-07
 Reference value :  1.19317e-07
 Reference value :  1.20281e-07
 Reference value :  1.21164e-07
 Reference value :  1.22048e-07
 Reference value :  1.23012e-07
 Reference value :  1.24016e-07
 Reference value :  1.24939e-07
 Reference value :  1.25863e-07
 Reference value :  1.26867e-07
 Reference value :  1.27710e-07
 Reference value :  1.28594e-07
 Reference value :  1.29518e-07
 Reference value :  1.30401e-07
 Reference value :  1.31244e-07
 Reference value :  1.32128e-07
 Reference value :  1.33052e-07
 Reference value :  1.33895e-07
 Reference value :  1.34819e-07
 Reference value :  1.35863e-07
 Reference value :  1.36787e-07
 Reference value :  1.37710e-07
 Reference value :  1.38754e-07
 Reference value :  1.39678e-07
 Reference value :  1.40562e-07
 Reference value :  1.41525e-07
 Reference value :  1.42449e-07
 Reference value :  1.43373e-07
 Reference value :  1.44296e-07
 Reference value :  1.45300e-07
 Reference value :  1.46184e-07
 Reference value :  1.47108e-07
 Reference value :  1.48152e-07
 Reference value :  1.49076e-07
 Reference value :  1.49999e-07
 Reference value :  1.51003e-07
 Reference value :  1.51927e-07
 Reference value :  1.52891e-07
 Reference value :  1.53855e-07
 Reference value :  1.54859e-07
 Reference value :  1.55782e-07
 Reference value :  1.56706e-07
 Reference value :  1.57750e-07
 Reference value :  1.58674e-07
 Reference value :  1.59597e-07
 Reference value :  1.60642e-07
 Reference value :  1.61565e-07
 Reference value :  1.62489e-07
 Reference value :  1.63533e-07
 Reference value :  1.64457e-07
 Reference value :  1.65380e-07
 Reference value :  1.66384e-07
 Reference value :  1.67348e-07
 Reference value :  1.68312e-07
 Reference value :  1.69276e-07
 Reference value :  1.70240e-07
 Reference value :  1.71204e-07
 Reference value :  1.72127e-07
 Reference value :  1.73172e-07
 Reference value :  1.74095e-07
 Reference value :  1.74979e-07
 Reference value :  1.76023e-07
 Reference value :  1.76947e-07
 Reference value :  1.77870e-07
 Reference value :  1.78995e-07
 Reference value :  1.79878e-07
 Reference value :  1.80802e-07
 Reference value :  1.81806e-07
 Reference value :  1.82770e-07
 Reference value :  1.83653e-07
 Reference value :  1.84577e-07
 Reference value :  1.85541e-07
 Reference value :  1.86384e-07
 Reference value :  1.87228e-07
 Reference value :  1.88151e-07
 Reference value :  1.88995e-07
 Reference value :  1.89838e-07
 Reference value :  1.90681e-07
 Reference value :  1.91645e-07
 Reference value :  1.92488e-07
 Reference value :  1.93332e-07
 Reference value :  1.94296e-07
 Reference value :  1.95139e-07
 Reference value :  1.95982e-07
 Reference value :  1.96826e-07
 Reference value :  1.97790e-07
 Reference value :  1.98673e-07
 Reference value :  1.99516e-07
 Reference value :  2.00480e-07
 Reference value :  2.01364e-07
 Reference value :  2.02207e-07
 Reference value :  2.03091e-07
 Reference value :  2.04055e-07
 Reference value :  2.04938e-07
 Reference value :  2.05781e-07
 Reference value :  2.06745e-07
 Reference value :  2.07589e-07
 Reference value :  2.08392e-07
 Reference value :  2.09195e-07
 Reference value :  2.10119e-07
 Reference value :  2.10922e-07
 Reference value :  2.11685e-07
 Reference value :  2.12528e-07
 Reference value :  2.13372e-07
 Reference value :  2.14175e-07
 Reference value :  2.14978e-07
 Reference value :  2.15862e-07
 Reference value :  2.16665e-07
 Reference value :  2.17468e-07
 Reference value :  2.18352e-07
 Reference value :  2.19356e-07
 Reference value :  2.20279e-07
 Reference value :  2.21163e-07
 Reference value :  2.22207e-07
 Reference value :  2.23131e-07
 Reference value :  2.24014e-07
 Reference value :  2.25018e-07
 Reference value :  2.25942e-07
 Reference value :  2.26865e-07
 Reference value :  2.27829e-07
 Reference value :  2.28873e-07
 Reference value :  2.29797e-07
 Reference value :  2.30681e-07
 Reference value :  2.31685e-07
 Reference value :  2.32488e-07
 Reference value :  2.33331e-07
 Reference value :  2.34215e-07
 Reference value :  2.35098e-07
 Reference value :  2.35901e-07
 Reference value :  2.36785e-07
 Reference value :  2.37749e-07
 Reference value :  2.38592e-07
 Reference value :  2.39476e-07
 Reference value :  2.40399e-07
No. of Data Rows : 6014
vhold_min           =  1.20000e+00 at=  2.52205e-10
tfirst              =  1.55929e-08
t1                  =  1.48319e-07
t2                  =  1.54490e-07
t3                  =  1.60661e-07
t4                  =  1.66833e-07
t5                  =  1.73005e-07
t6                  =  1.79176e-07
t7                  =  1.85348e-07
t8                  =  1.91520e-07
t9                  =  1.97691e-07
t10                 =  2.03863e-07
t11                 =  2.10035e-07
t12                 =  2.16206e-07
idd_run             =  -5.99699e-04 from=  1.44600e-07 to=  2.41000e-07
vmax                =  1.20904e+00 at=  1.57348e-07
vmin                =  -6.26783e-03 at=  2.34536e-07
Note: Simulation executed from .control section 
Warning: m=xx on .subckt line will override multiplier m hierarchy!

Note: Starting dynamic gmin stepping
Note: Dynamic gmin stepping completed
Note: Starting dynamic gmin stepping
Note: Dynamic gmin stepping completed
