
Note: Compatibility modes selected: hs a


Circuit: * tt_analog_ring, code 4

Doing analysis at TEMP = 27.000000 and TNOM = 27.000000

Using SPARSE 1.3 as Direct Linear Solver
 Reference value :  0.00000e+00
No. of Data Rows : 1
idd_dis=2.02557E-05 vbp=0.849897 vbn=0.250275 clk_dis=1.2
Doing analysis at TEMP = 27.000000 and TNOM = 27.000000

Using SPARSE 1.3 as Direct Linear Solver

Initial Transient Solution
--------------------------

Node                                   Voltage
----                                   -------
vpwr                                       1.2
code[0]                                      0
code[1]                                      0
code[2]                                    1.2
code[3]                                      0
code[4]                                      0
code[5]                                      0
code[6]                                      0
code[7]                                      0
enable                                       0
xdut.vbp                              0.849897
clk_out                                    1.2
xdut.b1                            9.31788e-07
xdut.s3                            3.17567e-05
xdut.s2                                1.19999
xdut.n_126                             1.19997
xdut.s1                            3.17593e-05
xdut.n_125                             1.19999
xdut.s10                               1.19999
xdut.s6                                1.19999
xdut.s5                            3.17567e-05
xdut.n_128                             1.19999
xdut.s9                            3.17567e-05
xdut.n_133                             1.19999
xdut.s4                                1.19999
xdut.n_129                             1.19997
xdut.s8                                1.19999
xdut.n_132                             1.19997
xdut.s7                            3.17567e-05
xdut.n_130                             1.19997
xdut.n_127                             1.19999
xdut.n_131                             1.19999
xdut.s0                                1.19999
xdut.n_124                             1.19997
xdut.n_71                          3.10291e-05
xdut.n_72                          3.10265e-05
xdut.n_70                          4.42671e-06
xdut.n_77                          3.10265e-05
xdut.n_75                          4.42671e-06
xdut.n_73                          4.42671e-06
xdut.n_67                          4.42671e-06
xdut.n_76                          4.42671e-06
xdut.n_69                          3.10265e-05
xdut.n_74                          3.10265e-05
xdut.n_122                             1.19999
xdut.n_i1005                           1.03091
xdut.n_68                          8.09675e-06
xdut.vbn                              0.250275
ven#branch                         2.39877e-11
vc7#branch                         2.76863e-11
vc6#branch                         1.38431e-11
vc5#branch                         6.92156e-12
vc4#branch                         3.46078e-12
vc3#branch                         1.73039e-12
vc2#branch                        -5.80661e-09
vc1#branch                         4.32598e-13
vc0#branch                         2.16299e-13
vdd#branch                        -2.02557e-05

 Reference value :  0.00000e+00
 Reference value :  6.41536e-08
 Reference value :  1.25754e-07
 Reference value :  1.76154e-07
 Reference value :  2.26554e-07
 Reference value :  2.76954e-07
 Reference value :  3.28474e-07
 Reference value :  3.48065e-07
 Reference value :  3.77185e-07
 Reference value :  4.02945e-07
 Reference value :  4.24393e-07
 Reference value :  4.47913e-07
 Reference value :  4.72553e-07
 Reference value :  4.96387e-07
 Reference value :  5.21027e-07
 Reference value :  5.44547e-07
 Reference value :  5.66959e-07
 Reference value :  5.90479e-07
 Reference value :  6.13999e-07
 Reference value :  6.38985e-07
 Reference value :  6.62505e-07
 Reference value :  6.84905e-07
 Reference value :  7.08558e-07
 Reference value :  7.32078e-07
 Reference value :  7.55598e-07
 Reference value :  7.80560e-07
 Reference value :  8.06320e-07
 Reference value :  8.29840e-07
 Reference value :  8.54500e-07
 Reference value :  8.79140e-07
 Reference value :  9.04900e-07
 Reference value :  9.29928e-07
 Reference value :  9.54568e-07
 Reference value :  9.78088e-07
 Reference value :  1.00143e-06
 Reference value :  1.02607e-06
 Reference value :  1.05071e-06
 Reference value :  1.07468e-06
 Reference value :  1.10044e-06
 Reference value :  1.12508e-06
 Reference value :  1.15003e-06
 Reference value :  1.17243e-06
 Reference value :  1.19483e-06
 Reference value :  1.21872e-06
 Reference value :  1.24334e-06
 Reference value :  1.27470e-06
 Reference value :  1.29716e-06
 Reference value :  1.31956e-06
 Reference value :  1.34308e-06
 Reference value :  1.36924e-06
 Reference value :  1.39612e-06
 Reference value :  1.42076e-06
 Reference value :  1.44779e-06
 Reference value :  1.47243e-06
 Reference value :  1.49819e-06
 Reference value :  1.52433e-06
 Reference value :  1.55009e-06
 Reference value :  1.57585e-06
 Reference value :  1.59942e-06
 Reference value :  1.62294e-06
 Reference value :  1.64870e-06
 Reference value :  1.67038e-06
 Reference value :  1.69166e-06
 Reference value :  1.71294e-06
 Reference value :  1.73325e-06
 Reference value :  1.75453e-06
 Reference value :  1.77469e-06
 Reference value :  1.79597e-06
 Reference value :  1.81763e-06
 Reference value :  1.83779e-06
 Reference value :  1.85795e-06
 Reference value :  1.87811e-06
 Reference value :  1.89608e-06
 Reference value :  1.91624e-06
 Reference value :  1.93640e-06
 Reference value :  1.95584e-06
 Reference value :  1.97712e-06
 Reference value :  1.99840e-06
 Reference value :  2.01968e-06
 Reference value :  2.03999e-06
 Reference value :  2.05903e-06
 Reference value :  2.07919e-06
 Reference value :  2.10126e-06
 Reference value :  2.12773e-06
 Reference value :  2.15013e-06
 Reference value :  2.17329e-06
 Reference value :  2.19947e-06
 Reference value :  2.22523e-06
 Reference value :  2.24842e-06
 Reference value :  2.27154e-06
 Reference value :  2.29506e-06
 Reference value :  2.32658e-06
 Reference value :  2.35906e-06
 Reference value :  2.39378e-06
 Reference value :  2.42664e-06
 Reference value :  2.46024e-06
 Reference value :  2.49165e-06
 Reference value :  2.52525e-06
 Reference value :  2.55813e-06
 Reference value :  2.58837e-06
 Reference value :  2.61988e-06
 Reference value :  2.65236e-06
 Reference value :  2.68820e-06
 Reference value :  2.71994e-06
 Reference value :  2.75466e-06
 Reference value :  2.78719e-06
 Reference value :  2.81743e-06
 Reference value :  2.85143e-06
 Reference value :  2.88391e-06
 Reference value :  2.91654e-06
 Reference value :  2.95126e-06
 Reference value :  2.98262e-06
 Reference value :  3.00988e-06
 Reference value :  3.04012e-06
 Reference value :  3.06930e-06
 Reference value :  3.09730e-06
 Reference value :  3.12306e-06
 Reference value :  3.14809e-06
 Reference value :  3.17609e-06
 Reference value :  3.20761e-06
 Reference value :  3.24009e-06
 Reference value :  3.27481e-06
 Reference value :  3.30431e-06
 Reference value :  3.33679e-06
 Reference value :  3.36708e-06
 Reference value :  3.40068e-06
 Reference value :  3.43132e-06
 Reference value :  3.45484e-06
 Reference value :  3.48396e-06
 Reference value :  3.51435e-06
 Reference value :  3.54571e-06
 Reference value :  3.57745e-06
 Reference value :  3.60881e-06
 Reference value :  3.63681e-06
 Reference value :  3.65702e-06
 Reference value :  3.67718e-06
 Reference value :  3.69734e-06
 Reference value :  3.71974e-06
 Reference value :  3.74030e-06
 Reference value :  3.76046e-06
 Reference value :  3.77950e-06
 Reference value :  3.80205e-06
 Reference value :  3.83453e-06
 Reference value :  3.86701e-06
 Reference value :  3.90099e-06
 Reference value :  3.92563e-06
 Reference value :  3.94585e-06
 Reference value :  3.96601e-06
 Reference value :  3.98841e-06
 Reference value :  4.01680e-06
 Reference value :  4.04704e-06
 Reference value :  4.07616e-06
 Reference value :  4.10767e-06
 Reference value :  4.13903e-06
 Reference value :  4.17526e-06
 Reference value :  4.20886e-06
 Reference value :  4.23426e-06
 Reference value :  4.25819e-06
 Reference value :  4.28171e-06
 Reference value :  4.30859e-06
 Reference value :  4.33251e-06
 Reference value :  4.35715e-06
 Reference value :  4.38144e-06
 Reference value :  4.40545e-06
 Reference value :  4.42897e-06
 Reference value :  4.45473e-06
 Reference value :  4.47752e-06
 Reference value :  4.50104e-06
 Reference value :  4.52680e-06
 Reference value :  4.54925e-06
 Reference value :  4.58061e-06
 Reference value :  4.60677e-06
 Reference value :  4.63141e-06
 Reference value :  4.65717e-06
 Reference value :  4.68867e-06
 Reference value :  4.72339e-06
 Reference value :  4.75626e-06
 Reference value :  4.78538e-06
 Reference value :  4.81450e-06
 Reference value :  4.84032e-06
 Reference value :  4.87392e-06
 Reference value :  4.90567e-06
 Reference value :  4.93703e-06
 Reference value :  4.96951e-06
 Reference value :  4.99989e-06
 Reference value :  5.03461e-06
 Reference value :  5.06636e-06
 Reference value :  5.09996e-06
 Reference value :  5.13362e-06
 Reference value :  5.16162e-06
 Reference value :  5.19265e-06
 Reference value :  5.22361e-06
 Reference value :  5.25609e-06
 Reference value :  5.28535e-06
 Reference value :  5.31223e-06
 Reference value :  5.34846e-06
 Reference value :  5.38094e-06
 Reference value :  5.41348e-06
 Reference value :  5.44484e-06
 Reference value :  5.46500e-06
 Reference value :  5.49675e-06
 Reference value :  5.52139e-06
 Reference value :  5.55723e-06
 Reference value :  5.58537e-06
 Reference value :  5.61113e-06
 Reference value :  5.64848e-06
 Reference value :  5.68432e-06
 Reference value :  5.72023e-06
 Reference value :  5.75383e-06
 Reference value :  5.78071e-06
 Reference value :  5.80462e-06
 Reference value :  5.83038e-06
 Reference value :  5.85425e-06
 Reference value :  5.87755e-06
 Reference value :  5.89995e-06
 Reference value :  5.92235e-06
 Reference value :  5.94290e-06
 Reference value :  5.96306e-06
 Reference value :  5.98322e-06
 Reference value :  6.00233e-06
 Reference value :  6.02249e-06
 Reference value :  6.04377e-06
 Reference value :  6.06505e-06
 Reference value :  6.08560e-06
 Reference value :  6.10688e-06
 Reference value :  6.12816e-06
 Reference value :  6.14867e-06
 Reference value :  6.16973e-06
 Reference value :  6.19101e-06
 Reference value :  6.21341e-06
 Reference value :  6.23397e-06
 Reference value :  6.25413e-06
 Reference value :  6.27541e-06
 Reference value :  6.29445e-06
 Reference value :  6.31243e-06
 Reference value :  6.33371e-06
 Reference value :  6.35611e-06
 Reference value :  6.37778e-06
 Reference value :  6.39906e-06
 Reference value :  6.41922e-06
 Reference value :  6.44162e-06
 Reference value :  6.46079e-06
 Reference value :  6.48207e-06
 Reference value :  6.50447e-06
 Reference value :  6.52503e-06
 Reference value :  6.54743e-06
 Reference value :  6.56871e-06
 Reference value :  6.58963e-06
 Reference value :  6.61133e-06
 Reference value :  6.63261e-06
 Reference value :  6.65613e-06
 Reference value :  6.67780e-06
 Reference value :  6.69908e-06
 Reference value :  6.72036e-06
No. of Data Rows : 6089
vhold_min           =  1.20000e+00 at=  2.24000e-11
tfirst              =  4.04957e-07
t1                  =  4.16088e-06
t2                  =  4.30805e-06
t3                  =  4.45530e-06
t4                  =  4.60248e-06
t5                  =  4.74972e-06
t6                  =  4.89690e-06
t7                  =  5.04414e-06
t8                  =  5.19132e-06
t9                  =  5.33856e-06
t10                 =  5.48574e-06
t11                 =  5.63299e-06
t12                 =  5.78017e-06
idd_run             =  -2.26119e-05 from=  4.03400e-06 to=  6.72300e-06
vmax                =  1.22426e+00 at=  4.30938e-06
vmin                =  -1.80070e-02 at=  4.08702e-06
Note: Simulation executed from .control section 
Warning: m=xx on .subckt line will override multiplier m hierarchy!

Note: Starting dynamic gmin stepping
Note: Dynamic gmin stepping completed
Note: Starting dynamic gmin stepping
Note: Dynamic gmin stepping completed
