
Note: No compatibility mode selected!


Circuit: * tt_analog_ring, code 255

Doing analysis at TEMP = 125.000000 and TNOM = 27.000000

Using SPARSE 1.3 as Direct Linear Solver
 Reference value :  0.00000e+00
No. of Data Rows : 1
idd_dis=0.000332955 vbp=0.48587 vbn=0.51415 clk_dis=1.08
Doing analysis at TEMP = 125.000000 and TNOM = 27.000000

Using SPARSE 1.3 as Direct Linear Solver

Initial Transient Solution
--------------------------

Node                                   Voltage
----                                   -------
vpwr                                      1.08
code[0]                                   1.08
code[1]                                   1.08
code[2]                                   1.08
code[3]                                   1.08
code[4]                                   1.08
code[5]                                   1.08
code[6]                                   1.08
code[7]                                   1.08
enable                                       0
xdut.vbp                               0.48587
xdut.vbn                               0.51415
xdut.n0                            4.59464e-06
xdut.p0                                1.07999
xdut.na0                              0.911158
xdut.s0                                1.07999
xdut.s10                                  1.08
xdut.n1                            5.73706e-05
xdut.p1                                1.07994
xdut.s1                            6.85316e-05
xdut.n2                            2.16261e-06
xdut.p2                                   1.08
xdut.s2                                   1.08
xdut.n3                            5.73673e-05
xdut.p3                                1.07994
xdut.s3                            6.85276e-05
xdut.n4                            2.16261e-06
xdut.p4                                   1.08
xdut.s4                                   1.08
xdut.n5                            5.73673e-05
xdut.p5                                1.07994
xdut.s5                            6.85276e-05
xdut.n6                            2.16261e-06
xdut.p6                                   1.08
xdut.s6                                   1.08
xdut.n7                            5.73673e-05
xdut.p7                                1.07994
xdut.s7                            6.85276e-05
xdut.n8                            2.16261e-06
xdut.p8                                   1.08
xdut.s8                                   1.08
xdut.n9                            5.73673e-05
xdut.p9                                1.07994
xdut.s9                            6.85276e-05
xdut.n10                           2.16261e-06
xdut.p10                                  1.08
xdut.b1                            1.13646e-05
clk_out                                   1.08
ven#branch                         1.43167e-11
vc7#branch                        -3.30596e-08
vc6#branch                        -1.65298e-08
vc5#branch                         -8.2649e-09
vc4#branch                        -4.13245e-09
vc3#branch                        -2.06622e-09
vc2#branch                        -1.03311e-09
vc1#branch                        -5.16556e-10
vc0#branch                        -2.58278e-10
vdd#branch                        -0.000332955

 Reference value :  0.00000e+00
 Reference value :  6.28102e-10
 Reference value :  1.43130e-09
 Reference value :  2.23450e-09
 Reference value :  3.07786e-09
 Reference value :  3.92122e-09
 Reference value :  4.72442e-09
 Reference value :  5.52762e-09
 Reference value :  6.12601e-09
 Reference value :  6.63604e-09
 Reference value :  7.15812e-09
 Reference value :  7.66012e-09
 Reference value :  8.18220e-09
 Reference value :  8.74444e-09
 Reference value :  9.26652e-09
 Reference value :  9.78860e-09
 Reference value :  1.02906e-08
 Reference value :  1.08127e-08
 Reference value :  1.13147e-08
 Reference value :  1.18167e-08
 Reference value :  1.23388e-08
 Reference value :  1.28608e-08
 Reference value :  1.33829e-08
 Reference value :  1.38849e-08
 Reference value :  1.43869e-08
 Reference value :  1.48889e-08
 Reference value :  1.54110e-08
 Reference value :  1.58929e-08
 Reference value :  1.63949e-08
 Reference value :  1.68969e-08
 Reference value :  1.74190e-08
 Reference value :  1.79612e-08
 Reference value :  1.84230e-08
 Reference value :  1.89250e-08
 Reference value :  1.94270e-08
 Reference value :  1.99491e-08
 Reference value :  2.04511e-08
 Reference value :  2.09932e-08
 Reference value :  2.14952e-08
 Reference value :  2.20173e-08
 Reference value :  2.25193e-08
 Reference value :  2.30213e-08
 Reference value :  2.35032e-08
 Reference value :  2.40253e-08
 Reference value :  2.45273e-08
 Reference value :  2.50092e-08
 Reference value :  2.55112e-08
 Reference value :  2.60132e-08
 Reference value :  2.65152e-08
 Reference value :  2.70373e-08
 Reference value :  2.75594e-08
 Reference value :  2.80614e-08
 Reference value :  2.85835e-08
 Reference value :  2.91056e-08
 Reference value :  2.96076e-08
 Reference value :  3.01296e-08
 Reference value :  3.06517e-08
 Reference value :  3.11738e-08
 Reference value :  3.16758e-08
 Reference value :  3.21778e-08
 Reference value :  3.26999e-08
 Reference value :  3.32220e-08
 Reference value :  3.37440e-08
 Reference value :  3.42661e-08
 Reference value :  3.48083e-08
 Reference value :  3.53304e-08
 Reference value :  3.58524e-08
 Reference value :  3.63745e-08
 Reference value :  3.68966e-08
 Reference value :  3.74388e-08
 Reference value :  3.79809e-08
 Reference value :  3.84829e-08
 Reference value :  3.90251e-08
 Reference value :  3.95472e-08
 Reference value :  4.00893e-08
 Reference value :  4.05913e-08
 Reference value :  4.10933e-08
 Reference value :  4.15953e-08
 Reference value :  4.21174e-08
 Reference value :  4.26395e-08
 Reference value :  4.31415e-08
 Reference value :  4.36836e-08
 Reference value :  4.42057e-08
 Reference value :  4.47278e-08
 Reference value :  4.52499e-08
 Reference value :  4.57519e-08
 Reference value :  4.62740e-08
 Reference value :  4.67960e-08
 Reference value :  4.72980e-08
 Reference value :  4.78000e-08
 Reference value :  4.83221e-08
 Reference value :  4.88442e-08
 Reference value :  4.93864e-08
 Reference value :  4.98884e-08
 Reference value :  5.03904e-08
 Reference value :  5.09325e-08
 Reference value :  5.14546e-08
 Reference value :  5.19566e-08
 Reference value :  5.24787e-08
 Reference value :  5.29807e-08
 Reference value :  5.34827e-08
 Reference value :  5.39847e-08
 Reference value :  5.45068e-08
 Reference value :  5.50288e-08
 Reference value :  5.55509e-08
 Reference value :  5.60730e-08
 Reference value :  5.65951e-08
 Reference value :  5.71172e-08
 Reference value :  5.76593e-08
 Reference value :  5.82015e-08
 Reference value :  5.87035e-08
 Reference value :  5.91854e-08
 Reference value :  5.96874e-08
 Reference value :  6.02095e-08
 Reference value :  6.07316e-08
 Reference value :  6.12536e-08
 Reference value :  6.17757e-08
 Reference value :  6.22978e-08
 Reference value :  6.28199e-08
 Reference value :  6.33018e-08
 Reference value :  6.37837e-08
 Reference value :  6.43058e-08
 Reference value :  6.48480e-08
 Reference value :  6.53500e-08
 Reference value :  6.58720e-08
 Reference value :  6.64142e-08
 Reference value :  6.69363e-08
 Reference value :  6.74383e-08
 Reference value :  6.79202e-08
 Reference value :  6.84222e-08
 Reference value :  6.89644e-08
 Reference value :  6.94664e-08
 Reference value :  7.00085e-08
 Reference value :  7.05105e-08
 Reference value :  7.10326e-08
 Reference value :  7.15547e-08
 Reference value :  7.20567e-08
 Reference value :  7.25587e-08
 Reference value :  7.30607e-08
 Reference value :  7.35828e-08
 Reference value :  7.40848e-08
 Reference value :  7.45868e-08
 Reference value :  7.51088e-08
 Reference value :  7.56309e-08
 Reference value :  7.61731e-08
 Reference value :  7.66751e-08
 Reference value :  7.71771e-08
 Reference value :  7.76791e-08
 Reference value :  7.82012e-08
 Reference value :  7.87433e-08
 Reference value :  7.92654e-08
 Reference value :  7.98076e-08
 Reference value :  8.03096e-08
 Reference value :  8.08517e-08
 Reference value :  8.13136e-08
 Reference value :  8.18356e-08
 Reference value :  8.23778e-08
 Reference value :  8.28999e-08
 Reference value :  8.34220e-08
 Reference value :  8.39440e-08
 Reference value :  8.44862e-08
 Reference value :  8.50284e-08
 Reference value :  8.55304e-08
 Reference value :  8.60524e-08
 Reference value :  8.65745e-08
 Reference value :  8.71167e-08
 Reference value :  8.76388e-08
 Reference value :  8.81408e-08
 Reference value :  8.86428e-08
 Reference value :  8.91448e-08
 Reference value :  8.96668e-08
 Reference value :  9.01889e-08
 Reference value :  9.06708e-08
 Reference value :  9.11929e-08
 Reference value :  9.17351e-08
 Reference value :  9.22371e-08
 Reference value :  9.27592e-08
 Reference value :  9.33013e-08
 Reference value :  9.38234e-08
 Reference value :  9.43455e-08
 Reference value :  9.48475e-08
 Reference value :  9.53495e-08
 Reference value :  9.58716e-08
 Reference value :  9.63736e-08
 Reference value :  9.68756e-08
 Reference value :  9.74177e-08
 Reference value :  9.79398e-08
 Reference value :  9.84619e-08
 Reference value :  9.89840e-08
 Reference value :  9.95060e-08
 Reference value :  1.00008e-07
 Reference value :  1.00510e-07
 Reference value :  1.01032e-07
 Reference value :  1.01534e-07
 Reference value :  1.02056e-07
 Reference value :  1.02558e-07
 Reference value :  1.03080e-07
 Reference value :  1.03582e-07
 Reference value :  1.04084e-07
 Reference value :  1.04606e-07
 Reference value :  1.05128e-07
 Reference value :  1.05651e-07
 Reference value :  1.06153e-07
 Reference value :  1.06675e-07
 Reference value :  1.07197e-07
 Reference value :  1.07739e-07
 Reference value :  1.08261e-07
 Reference value :  1.08763e-07
 Reference value :  1.09285e-07
 Reference value :  1.09807e-07
 Reference value :  1.10289e-07
 Reference value :  1.10811e-07
 Reference value :  1.11333e-07
 Reference value :  1.11855e-07
 Reference value :  1.12357e-07
 Reference value :  1.12859e-07
 Reference value :  1.13361e-07
 Reference value :  1.13903e-07
 Reference value :  1.14425e-07
 Reference value :  1.14927e-07
 Reference value :  1.15429e-07
 Reference value :  1.15931e-07
 Reference value :  1.16474e-07
 Reference value :  1.16976e-07
 Reference value :  1.17458e-07
 Reference value :  1.17980e-07
 Reference value :  1.18502e-07
 Reference value :  1.19024e-07
 Reference value :  1.19526e-07
 Reference value :  1.20048e-07
No. of Data Rows : 6015
vhold_min           =  1.08000e+00 at=  6.02400e-09
tfirst              =  8.69594e-09
t1                  =  7.38341e-08
t2                  =  7.83249e-08
t3                  =  8.28154e-08
t4                  =  8.73060e-08
t5                  =  9.17968e-08
t6                  =  9.62873e-08
t7                  =  1.00778e-07
t8                  =  1.05269e-07
t9                  =  1.09759e-07
t10                 =  1.14250e-07
t11                 =  1.18741e-07
idd_run             =  -3.47425e-04 from=  7.22900e-08 to=  1.20500e-07
vmax                =  1.09108e+00 at=  1.16313e-07
vmin                =  -6.11649e-03 at=  9.61125e-08
Note: Simulation executed from .control section 
Note: Starting dynamic gmin stepping
Note: Dynamic gmin stepping completed
Note: Starting dynamic gmin stepping
Note: Dynamic gmin stepping completed

Error: measure  t12  when(WHEN) : out of interval
 meas tran t12 when v(clk_out)=5.400000e-01 rise=12 from=7.229000e-08 failed!

