
Note: Compatibility modes selected: hs a


Circuit: * tt_analog_ring, code 8

Doing analysis at TEMP = 125.000000 and TNOM = 27.000000

Using SPARSE 1.3 as Direct Linear Solver
 Reference value :  0.00000e+00
No. of Data Rows : 1
idd_dis=1.84757E-05 vbp=0.730727 vbn=0.197977 clk_dis=1.08
Doing analysis at TEMP = 125.000000 and TNOM = 27.000000

Using SPARSE 1.3 as Direct Linear Solver

Initial Transient Solution
--------------------------

Node                                   Voltage
----                                   -------
vpwr                                      1.08
code[0]                                      0
code[1]                                      0
code[2]                                      0
code[3]                                   1.08
code[4]                                      0
code[5]                                      0
code[6]                                      0
code[7]                                      0
enable                                       0
xdut.vbp                              0.730727
clk_out                                   1.08
xdut.b1                            1.66904e-06
xdut.s3                            6.50088e-05
xdut.s2                                1.07988
xdut.n_126                             1.07994
xdut.s1                            6.51155e-05
xdut.n_125                             1.07989
xdut.s10                               1.07988
xdut.s6                                1.07988
xdut.s5                            6.50088e-05
xdut.n_128                             1.07989
xdut.s9                            6.50088e-05
xdut.n_133                             1.07989
xdut.s4                                1.07988
xdut.n_129                             1.07994
xdut.s8                                1.07988
xdut.n_132                             1.07994
xdut.s7                            6.50088e-05
xdut.n_130                             1.07994
xdut.n_127                             1.07989
xdut.n_131                             1.07989
xdut.s0                                1.07979
xdut.n_124                             1.07994
xdut.n_71                           6.3504e-05
xdut.n_72                          6.34001e-05
xdut.n_70                          0.000105637
xdut.n_77                          6.34001e-05
xdut.n_75                          0.000105637
xdut.n_73                          0.000105637
xdut.n_67                          0.000105637
xdut.n_76                          0.000105637
xdut.n_69                          6.34001e-05
xdut.n_74                          6.34001e-05
xdut.n_122                              1.0798
xdut.n_i1005                          0.909951
xdut.n_68                          0.000195052
xdut.vbn                              0.197977
ven#branch                         5.18301e-12
vc7#branch                         3.49342e-11
vc6#branch                         1.74671e-11
vc5#branch                         8.73356e-12
vc4#branch                         4.36678e-12
vc3#branch                        -6.58667e-09
vc2#branch                          1.0917e-12
vc1#branch                         5.45848e-13
vc0#branch                         2.72924e-13
vdd#branch                        -1.84757e-05

 Reference value :  0.00000e+00
 Reference value :  5.23327e-08
 Reference value :  1.08441e-07
 Reference value :  1.63890e-07
 Reference value :  2.04930e-07
 Reference value :  2.33974e-07
 Reference value :  2.64999e-07
 Reference value :  2.93936e-07
 Reference value :  3.24300e-07
 Reference value :  3.55317e-07
 Reference value :  3.85682e-07
 Reference value :  4.17725e-07
 Reference value :  4.48750e-07
 Reference value :  4.81094e-07
 Reference value :  5.09953e-07
 Reference value :  5.39658e-07
 Reference value :  5.70984e-07
 Reference value :  6.01348e-07
 Reference value :  6.32254e-07
 Reference value :  6.62619e-07
 Reference value :  6.93643e-07
 Reference value :  7.23625e-07
 Reference value :  7.53990e-07
 Reference value :  7.86941e-07
 Reference value :  8.17306e-07
 Reference value :  8.47386e-07
 Reference value :  8.77751e-07
 Reference value :  9.08775e-07
 Reference value :  9.38282e-07
 Reference value :  9.67326e-07
 Reference value :  9.98021e-07
 Reference value :  1.02839e-06
 Reference value :  1.05941e-06
 Reference value :  1.08764e-06
 Reference value :  1.11734e-06
 Reference value :  1.14865e-06
 Reference value :  1.17835e-06
 Reference value :  1.20998e-06
 Reference value :  1.23902e-06
 Reference value :  1.26807e-06
 Reference value :  1.29757e-06
 Reference value :  1.32728e-06
 Reference value :  1.35808e-06
 Reference value :  1.38712e-06
 Reference value :  1.41815e-06
 Reference value :  1.44681e-06
 Reference value :  1.47652e-06
 Reference value :  1.50804e-06
 Reference value :  1.53774e-06
 Reference value :  1.56773e-06
 Reference value :  1.59743e-06
 Reference value :  1.62582e-06
 Reference value :  1.65480e-06
 Reference value :  1.68385e-06
 Reference value :  1.71599e-06
 Reference value :  1.74636e-06
 Reference value :  1.77870e-06
 Reference value :  1.80885e-06
 Reference value :  1.83789e-06
 Reference value :  1.86388e-06
 Reference value :  1.88699e-06
 Reference value :  1.91405e-06
 Reference value :  1.94229e-06
 Reference value :  1.97068e-06
 Reference value :  1.99312e-06
 Reference value :  2.00924e-06
 Reference value :  2.02508e-06
 Reference value :  2.04884e-06
 Reference value :  2.06931e-06
 Reference value :  2.09500e-06
 Reference value :  2.12338e-06
 Reference value :  2.15289e-06
 Reference value :  2.17995e-06
 Reference value :  2.20503e-06
 Reference value :  2.22858e-06
 Reference value :  2.24508e-06
 Reference value :  2.26818e-06
 Reference value :  2.28588e-06
 Reference value :  2.30741e-06
 Reference value :  2.33579e-06
 Reference value :  2.36731e-06
 Reference value :  2.39900e-06
 Reference value :  2.43043e-06
 Reference value :  2.46199e-06
 Reference value :  2.48047e-06
 Reference value :  2.50880e-06
 Reference value :  2.53916e-06
 Reference value :  2.57217e-06
 Reference value :  2.60564e-06
 Reference value :  2.63666e-06
 Reference value :  2.67011e-06
 Reference value :  2.69123e-06
 Reference value :  2.71756e-06
 Reference value :  2.74429e-06
 Reference value :  2.77399e-06
 Reference value :  2.79959e-06
 Reference value :  2.82533e-06
 Reference value :  2.85306e-06
 Reference value :  2.88304e-06
 Reference value :  2.91340e-06
 Reference value :  2.94570e-06
 Reference value :  2.97672e-06
 Reference value :  3.00886e-06
 Reference value :  3.04055e-06
 Reference value :  3.07157e-06
 Reference value :  3.10172e-06
 Reference value :  3.13208e-06
 Reference value :  3.16273e-06
 Reference value :  3.19243e-06
 Reference value :  3.22395e-06
 Reference value :  3.25564e-06
 Reference value :  3.28732e-06
 Reference value :  3.31731e-06
 Reference value :  3.34899e-06
 Reference value :  3.38062e-06
 Reference value :  3.41032e-06
 Reference value :  3.44247e-06
 Reference value :  3.47350e-06
 Reference value :  3.50452e-06
 Reference value :  3.53533e-06
 Reference value :  3.56569e-06
 Reference value :  3.59696e-06
 Reference value :  3.62799e-06
 Reference value :  3.66019e-06
 Reference value :  3.69055e-06
 Reference value :  3.72290e-06
 Reference value :  3.75288e-06
 Reference value :  3.78324e-06
 Reference value :  3.81620e-06
 Reference value :  3.84590e-06
 Reference value :  3.87664e-06
 Reference value :  3.90700e-06
 Reference value :  3.93935e-06
No. of Data Rows : 6036
vhold_min           =  1.08000e+00 at=  8.44928e-10
tfirst              =  2.67273e-07
t1                  =  2.50204e-06
t2                  =  2.64615e-06
t3                  =  2.79022e-06
t4                  =  2.93432e-06
t5                  =  3.07842e-06
t6                  =  3.22250e-06
t7                  =  3.36660e-06
t8                  =  3.51071e-06
t9                  =  3.65478e-06
t10                 =  3.79888e-06
t11                 =  3.94297e-06
idd_run             =  -2.00060e-05 from=  2.37600e-06 to=  3.96000e-06
vmax                =  1.09811e+00 at=  2.64710e-06
vmin                =  -2.71598e-03 at=  3.72672e-06
Note: Simulation executed from .control section 
Warning: m=xx on .subckt line will override multiplier m hierarchy!

Note: Starting dynamic gmin stepping
Note: Dynamic gmin stepping completed
Note: Starting dynamic gmin stepping
Note: Dynamic gmin stepping completed

Error: measure  t12  when(WHEN) : out of interval
 meas tran t12 when v(clk_out)=5.400000e-01 rise=12 from=2.376000e-06 failed!

