
Note: No compatibility mode selected!


Circuit: * tt_analog_ring, code 128

Doing analysis at TEMP = -40.000000 and TNOM = 27.000000

Using SPARSE 1.3 as Direct Linear Solver
 Reference value :  0.00000e+00
No. of Data Rows : 1
idd_dis=0.000313336 vbp=0.466988 vbn=0.540831 clk_dis=1.08
Doing analysis at TEMP = -40.000000 and TNOM = 27.000000

Using SPARSE 1.3 as Direct Linear Solver

Initial Transient Solution
--------------------------

Node                                   Voltage
----                                   -------
vpwr                                      1.08
code[0]                                      0
code[1]                                      0
code[2]                                      0
code[3]                                      0
code[4]                                      0
code[5]                                      0
code[6]                                      0
code[7]                                   1.08
enable                                       0
xdut.vbp                              0.466988
xdut.vbn                              0.540831
xdut.n0                            5.09996e-09
xdut.p0                                   1.08
xdut.na0                              0.836014
xdut.s0                                   1.08
xdut.s10                                  1.08
xdut.n1                            1.48423e-07
xdut.p1                                   1.08
xdut.s1                            1.77828e-07
xdut.n2                            4.92323e-09
xdut.p2                                   1.08
xdut.s2                                   1.08
xdut.n3                            1.48423e-07
xdut.p3                                   1.08
xdut.s3                            1.77828e-07
xdut.n4                            4.92323e-09
xdut.p4                                   1.08
xdut.s4                                   1.08
xdut.n5                            1.48423e-07
xdut.p5                                   1.08
xdut.s5                            1.77828e-07
xdut.n6                            4.92323e-09
xdut.p6                                   1.08
xdut.s6                                   1.08
xdut.n7                            1.48423e-07
xdut.p7                                   1.08
xdut.s7                            1.77828e-07
xdut.n8                            4.92323e-09
xdut.p8                                   1.08
xdut.s8                                   1.08
xdut.n9                            1.48423e-07
xdut.p9                                   1.08
xdut.s9                            1.77828e-07
xdut.n10                           4.92323e-09
xdut.p10                                  1.08
xdut.b1                            9.29088e-08
clk_out                                   1.08
ven#branch                         5.64628e-12
vc7#branch                        -1.04697e-08
vc6#branch                         1.09295e-13
vc5#branch                         5.46476e-14
vc4#branch                         2.73238e-14
vc3#branch                         1.36619e-14
vc2#branch                         6.83095e-15
vc1#branch                         3.41548e-15
vc0#branch                         1.70774e-15
vdd#branch                        -0.000313336

 Reference value :  0.00000e+00
 Reference value :  9.96161e-10
 Reference value :  2.16884e-09
 Reference value :  3.37238e-09
 Reference value :  4.57592e-09
 Reference value :  5.81032e-09
 Reference value :  7.01386e-09
 Reference value :  8.24826e-09
 Reference value :  9.30529e-09
 Reference value :  9.92991e-09
 Reference value :  1.06088e-08
 Reference value :  1.12878e-08
 Reference value :  1.20284e-08
 Reference value :  1.27073e-08
 Reference value :  1.34480e-08
 Reference value :  1.41269e-08
 Reference value :  1.48367e-08
 Reference value :  1.55464e-08
 Reference value :  1.62562e-08
 Reference value :  1.69660e-08
 Reference value :  1.77066e-08
 Reference value :  1.83856e-08
 Reference value :  1.90953e-08
 Reference value :  1.98051e-08
 Reference value :  2.05149e-08
 Reference value :  2.12247e-08
 Reference value :  2.19036e-08
 Reference value :  2.26442e-08
 Reference value :  2.33540e-08
 Reference value :  2.40638e-08
 Reference value :  2.47736e-08
 Reference value :  2.54525e-08
 Reference value :  2.61623e-08
 Reference value :  2.68412e-08
 Reference value :  2.75818e-08
 Reference value :  2.82608e-08
 Reference value :  2.89705e-08
 Reference value :  2.96803e-08
 Reference value :  3.04210e-08
 Reference value :  3.10999e-08
 Reference value :  3.18097e-08
 Reference value :  3.25503e-08
 Reference value :  3.32292e-08
 Reference value :  3.39390e-08
 Reference value :  3.46488e-08
 Reference value :  3.53894e-08
 Reference value :  3.60375e-08
 Reference value :  3.67472e-08
 Reference value :  3.74879e-08
 Reference value :  3.81977e-08
 Reference value :  3.89074e-08
 Reference value :  3.95864e-08
 Reference value :  4.02961e-08
 Reference value :  4.10059e-08
 Reference value :  4.16848e-08
 Reference value :  4.24255e-08
 Reference value :  4.31353e-08
 Reference value :  4.38450e-08
 Reference value :  4.45240e-08
 Reference value :  4.52646e-08
 Reference value :  4.59744e-08
 Reference value :  4.66842e-08
 Reference value :  4.74248e-08
 Reference value :  4.81346e-08
 Reference value :  4.88444e-08
 Reference value :  4.95541e-08
 Reference value :  5.02639e-08
 Reference value :  5.09428e-08
 Reference value :  5.16526e-08
 Reference value :  5.23933e-08
 Reference value :  5.31030e-08
 Reference value :  5.38128e-08
 Reference value :  5.44917e-08
 Reference value :  5.52015e-08
 Reference value :  5.58496e-08
 Reference value :  5.65594e-08
 Reference value :  5.73000e-08
 Reference value :  5.80406e-08
 Reference value :  5.87813e-08
 Reference value :  5.94911e-08
 Reference value :  6.02008e-08
 Reference value :  6.08798e-08
 Reference value :  6.16204e-08
 Reference value :  6.22993e-08
 Reference value :  6.30708e-08
 Reference value :  6.37806e-08
 Reference value :  6.44595e-08
 Reference value :  6.51693e-08
 Reference value :  6.58791e-08
 Reference value :  6.65580e-08
 Reference value :  6.72678e-08
 Reference value :  6.80393e-08
 Reference value :  6.87182e-08
 Reference value :  6.93971e-08
 Reference value :  7.00760e-08
 Reference value :  7.07858e-08
 Reference value :  7.14647e-08
 Reference value :  7.21745e-08
 Reference value :  7.29152e-08
 Reference value :  7.35941e-08
 Reference value :  7.42730e-08
 Reference value :  7.49519e-08
 Reference value :  7.56926e-08
 Reference value :  7.63715e-08
 Reference value :  7.70813e-08
 Reference value :  7.77910e-08
 Reference value :  7.84700e-08
 Reference value :  7.91489e-08
 Reference value :  7.98587e-08
 Reference value :  8.05993e-08
 Reference value :  8.12474e-08
 Reference value :  8.19572e-08
 Reference value :  8.26978e-08
 Reference value :  8.34076e-08
 Reference value :  8.41174e-08
 Reference value :  8.48271e-08
 Reference value :  8.55369e-08
 Reference value :  8.62158e-08
 Reference value :  8.69256e-08
 Reference value :  8.76045e-08
 Reference value :  8.83452e-08
 Reference value :  8.90550e-08
 Reference value :  8.97956e-08
 Reference value :  9.05362e-08
 Reference value :  9.12152e-08
 Reference value :  9.18941e-08
 Reference value :  9.25730e-08
 Reference value :  9.33445e-08
 Reference value :  9.40543e-08
 Reference value :  9.47949e-08
 Reference value :  9.54738e-08
 Reference value :  9.62145e-08
 Reference value :  9.68934e-08
 Reference value :  9.76032e-08
 Reference value :  9.83747e-08
 Reference value :  9.90845e-08
 Reference value :  9.97942e-08
 Reference value :  1.00473e-07
 Reference value :  1.01214e-07
 Reference value :  1.01893e-07
 Reference value :  1.02602e-07
 Reference value :  1.03343e-07
 Reference value :  1.04022e-07
 Reference value :  1.04701e-07
 Reference value :  1.05380e-07
 Reference value :  1.06090e-07
 Reference value :  1.06830e-07
 Reference value :  1.07509e-07
 Reference value :  1.08250e-07
 Reference value :  1.08960e-07
 Reference value :  1.09669e-07
 Reference value :  1.10379e-07
 Reference value :  1.11058e-07
 Reference value :  1.11799e-07
 Reference value :  1.12509e-07
 Reference value :  1.13218e-07
 Reference value :  1.13928e-07
 Reference value :  1.14638e-07
 Reference value :  1.15348e-07
 Reference value :  1.16057e-07
 Reference value :  1.16767e-07
 Reference value :  1.17477e-07
 Reference value :  1.18218e-07
 Reference value :  1.18958e-07
 Reference value :  1.19637e-07
 Reference value :  1.20316e-07
 Reference value :  1.21026e-07
 Reference value :  1.21705e-07
 Reference value :  1.22415e-07
 Reference value :  1.23124e-07
 Reference value :  1.23865e-07
 Reference value :  1.24575e-07
 Reference value :  1.25254e-07
 Reference value :  1.25964e-07
 Reference value :  1.26673e-07
 Reference value :  1.27414e-07
 Reference value :  1.28093e-07
 Reference value :  1.28864e-07
 Reference value :  1.29543e-07
 Reference value :  1.30253e-07
 Reference value :  1.30994e-07
 Reference value :  1.31703e-07
 Reference value :  1.32382e-07
 Reference value :  1.33061e-07
 Reference value :  1.33833e-07
 Reference value :  1.34543e-07
 Reference value :  1.35252e-07
 Reference value :  1.35931e-07
 Reference value :  1.36672e-07
 Reference value :  1.37413e-07
 Reference value :  1.38091e-07
 Reference value :  1.38863e-07
 Reference value :  1.39573e-07
 Reference value :  1.40283e-07
 Reference value :  1.40992e-07
 Reference value :  1.41733e-07
 Reference value :  1.42412e-07
 Reference value :  1.43122e-07
 Reference value :  1.43893e-07
 Reference value :  1.44572e-07
 Reference value :  1.45282e-07
 Reference value :  1.45961e-07
 Reference value :  1.46701e-07
 Reference value :  1.47380e-07
 Reference value :  1.48090e-07
 Reference value :  1.48831e-07
 Reference value :  1.49510e-07
 Reference value :  1.50189e-07
 Reference value :  1.50868e-07
 Reference value :  1.51608e-07
 Reference value :  1.52318e-07
 Reference value :  1.52997e-07
 Reference value :  1.53707e-07
 Reference value :  1.54447e-07
 Reference value :  1.55157e-07
 Reference value :  1.55867e-07
 Reference value :  1.56577e-07
 Reference value :  1.57286e-07
 Reference value :  1.57996e-07
 Reference value :  1.58737e-07
 Reference value :  1.59447e-07
 Reference value :  1.60156e-07
 Reference value :  1.60835e-07
 Reference value :  1.61576e-07
 Reference value :  1.62255e-07
 Reference value :  1.62934e-07
 Reference value :  1.63674e-07
 Reference value :  1.64415e-07
 Reference value :  1.65125e-07
 Reference value :  1.65773e-07
 Reference value :  1.66483e-07
 Reference value :  1.67162e-07
 Reference value :  1.67871e-07
 Reference value :  1.68519e-07
 Reference value :  1.69291e-07
 Reference value :  1.70032e-07
 Reference value :  1.70741e-07
 Reference value :  1.71451e-07
 Reference value :  1.72161e-07
 Reference value :  1.72871e-07
 Reference value :  1.73550e-07
 Reference value :  1.74290e-07
 Reference value :  1.75031e-07
 Reference value :  1.75772e-07
 Reference value :  1.76481e-07
 Reference value :  1.77191e-07
 Reference value :  1.77870e-07
 Reference value :  1.78580e-07
 Reference value :  1.79351e-07
 Reference value :  1.80061e-07
 Reference value :  1.80740e-07
 Reference value :  1.81450e-07
 Reference value :  1.82129e-07
 Reference value :  1.82808e-07
 Reference value :  1.83517e-07
 Reference value :  1.84258e-07
 Reference value :  1.84937e-07
No. of Data Rows : 6015
vhold_min           =  1.08000e+00 at=  1.01221e-10
tfirst              =  1.23057e-08
t1                  =  1.16019e-07
t2                  =  1.21077e-07
t3                  =  1.26135e-07
t4                  =  1.31194e-07
t5                  =  1.36252e-07
t6                  =  1.41311e-07
t7                  =  1.46369e-07
t8                  =  1.51427e-07
t9                  =  1.56486e-07
t10                 =  1.61544e-07
t11                 =  1.66602e-07
t12                 =  1.71660e-07
idd_run             =  -3.25092e-04 from=  1.11100e-07 to=  1.85200e-07
vmax                =  1.09816e+00 at=  1.63921e-07
vmin                =  -1.20858e-02 at=  1.76574e-07
Note: Simulation executed from .control section 
Note: Starting dynamic gmin stepping
Note: Dynamic gmin stepping completed
Note: Starting dynamic gmin stepping
Note: Dynamic gmin stepping completed
