
Note: Compatibility modes selected: hs a


Circuit: * tt_analog_ring, code 64

Doing analysis at TEMP = 27.000000 and TNOM = 27.000000

Using SPARSE 1.3 as Direct Linear Solver
 Reference value :  0.00000e+00
No. of Data Rows : 1
idd_dis=0.000178238 vbp=0.636196 vbn=0.440241 clk_dis=1.2
Doing analysis at TEMP = 27.000000 and TNOM = 27.000000

Using SPARSE 1.3 as Direct Linear Solver

Initial Transient Solution
--------------------------

Node                                   Voltage
----                                   -------
vpwr                                       1.2
code[0]                                      0
code[1]                                      0
code[2]                                      0
code[3]                                      0
code[4]                                      0
code[5]                                      0
code[6]                                    1.2
code[7]                                      0
enable                                       0
xdut.vbp                              0.636196
clk_out                                    1.2
xdut.b1                            1.55518e-07
xdut.s3                             9.8097e-07
xdut.s2                                    1.2
xdut.n_126                                 1.2
xdut.s1                            9.80974e-07
xdut.n_125                                 1.2
xdut.s10                                   1.2
xdut.s6                                    1.2
xdut.s5                             9.8097e-07
xdut.n_128                                 1.2
xdut.s9                             9.8097e-07
xdut.n_133                                 1.2
xdut.s4                                    1.2
xdut.n_129                                 1.2
xdut.s8                                    1.2
xdut.n_132                                 1.2
xdut.s7                             9.8097e-07
xdut.n_130                                 1.2
xdut.n_127                                 1.2
xdut.n_131                                 1.2
xdut.s0                                    1.2
xdut.n_124                                 1.2
xdut.n_71                          8.90575e-07
xdut.n_72                          8.90571e-07
xdut.n_70                          1.27382e-07
xdut.n_77                          8.90571e-07
xdut.n_75                          1.27382e-07
xdut.n_73                          1.27382e-07
xdut.n_67                          1.27382e-07
xdut.n_76                          1.27382e-07
xdut.n_69                          8.90571e-07
xdut.n_74                          8.90571e-07
xdut.n_122                                 1.2
xdut.n_i1005                           1.02583
xdut.n_68                          2.67276e-07
xdut.vbn                              0.440241
ven#branch                         7.40112e-12
vc7#branch                         2.48132e-12
vc6#branch                          -2.795e-08
vc5#branch                          6.2033e-13
vc4#branch                         3.10165e-13
vc3#branch                         1.55082e-13
vc2#branch                         7.75412e-14
vc1#branch                         3.87706e-14
vc0#branch                         1.93853e-14
vdd#branch                        -0.000178238

 Reference value :  0.00000e+00
 Reference value :  3.30942e-09
 Reference value :  7.11822e-09
 Reference value :  1.11386e-08
 Reference value :  1.50532e-08
 Reference value :  1.91794e-08
 Reference value :  2.28824e-08
 Reference value :  2.67970e-08
 Reference value :  3.06058e-08
 Reference value :  3.28014e-08
 Reference value :  3.49174e-08
 Reference value :  3.69276e-08
 Reference value :  3.91494e-08
 Reference value :  4.13441e-08
 Reference value :  4.35659e-08
 Reference value :  4.57877e-08
 Reference value :  4.83269e-08
 Reference value :  5.05487e-08
 Reference value :  5.27705e-08
 Reference value :  5.49923e-08
 Reference value :  5.71921e-08
 Reference value :  5.94139e-08
 Reference value :  6.16357e-08
 Reference value :  6.40691e-08
 Reference value :  6.63967e-08
 Reference value :  6.85127e-08
 Reference value :  7.07345e-08
 Reference value :  7.31679e-08
 Reference value :  7.52499e-08
 Reference value :  7.73659e-08
 Reference value :  7.95877e-08
 Reference value :  8.19153e-08
 Reference value :  8.41371e-08
 Reference value :  8.63589e-08
 Reference value :  8.87923e-08
 Reference value :  9.07813e-08
 Reference value :  9.30031e-08
 Reference value :  9.52249e-08
 Reference value :  9.76583e-08
 Reference value :  9.97743e-08
 Reference value :  1.01996e-07
 Reference value :  1.04218e-07
 Reference value :  1.06510e-07
 Reference value :  1.08732e-07
 Reference value :  1.10954e-07
 Reference value :  1.13493e-07
 Reference value :  1.15715e-07
 Reference value :  1.17937e-07
 Reference value :  1.20370e-07
 Reference value :  1.22994e-07
 Reference value :  1.25428e-07
 Reference value :  1.27755e-07
 Reference value :  1.30506e-07
 Reference value :  1.32940e-07
 Reference value :  1.35373e-07
 Reference value :  1.37912e-07
 Reference value :  1.40098e-07
 Reference value :  1.42426e-07
 Reference value :  1.44859e-07
 Reference value :  1.47398e-07
 Reference value :  1.49832e-07
 Reference value :  1.52265e-07
 Reference value :  1.54910e-07
 Reference value :  1.57217e-07
 Reference value :  1.59651e-07
 Reference value :  1.62402e-07
 Reference value :  1.64835e-07
 Reference value :  1.67268e-07
 Reference value :  1.69702e-07
 Reference value :  1.72099e-07
 Reference value :  1.74532e-07
 Reference value :  1.76966e-07
 Reference value :  1.79611e-07
 Reference value :  1.82044e-07
 Reference value :  1.84478e-07
 Reference value :  1.87123e-07
 Reference value :  1.89324e-07
 Reference value :  1.91652e-07
 Reference value :  1.94085e-07
 Reference value :  1.96625e-07
 Reference value :  1.98952e-07
 Reference value :  2.01280e-07
 Reference value :  2.03819e-07
 Reference value :  2.06004e-07
 Reference value :  2.08438e-07
 Reference value :  2.10871e-07
 Reference value :  2.13304e-07
 Reference value :  2.15738e-07
 Reference value :  2.18171e-07
 Reference value :  2.20691e-07
 Reference value :  2.23124e-07
 Reference value :  2.25558e-07
 Reference value :  2.28308e-07
 Reference value :  2.30742e-07
 Reference value :  2.33069e-07
 Reference value :  2.35397e-07
 Reference value :  2.37476e-07
 Reference value :  2.39592e-07
 Reference value :  2.41602e-07
 Reference value :  2.43824e-07
 Reference value :  2.45940e-07
 Reference value :  2.47950e-07
 Reference value :  2.50066e-07
 Reference value :  2.52394e-07
 Reference value :  2.54385e-07
 Reference value :  2.56607e-07
 Reference value :  2.58617e-07
 Reference value :  2.60944e-07
 Reference value :  2.62955e-07
 Reference value :  2.65071e-07
 Reference value :  2.67187e-07
 Reference value :  2.69272e-07
 Reference value :  2.71487e-07
 Reference value :  2.73709e-07
 Reference value :  2.76248e-07
 Reference value :  2.78681e-07
 Reference value :  2.81115e-07
 Reference value :  2.83548e-07
 Reference value :  2.86069e-07
 Reference value :  2.88290e-07
 Reference value :  2.90406e-07
 Reference value :  2.92946e-07
 Reference value :  2.95167e-07
 Reference value :  2.97601e-07
 Reference value :  3.00034e-07
 Reference value :  3.02536e-07
 Reference value :  3.04969e-07
 Reference value :  3.07402e-07
 Reference value :  3.10047e-07
 Reference value :  3.12481e-07
 Reference value :  3.14914e-07
 Reference value :  3.17559e-07
 Reference value :  3.19982e-07
 Reference value :  3.22204e-07
 Reference value :  3.24637e-07
 Reference value :  3.27071e-07
 Reference value :  3.29293e-07
 Reference value :  3.31726e-07
 Reference value :  3.34265e-07
 Reference value :  3.36554e-07
 Reference value :  3.38987e-07
 Reference value :  3.41632e-07
 Reference value :  3.44171e-07
 Reference value :  3.46605e-07
 Reference value :  3.49038e-07
 Reference value :  3.51572e-07
 Reference value :  3.54005e-07
 Reference value :  3.56439e-07
 Reference value :  3.59084e-07
 Reference value :  3.61411e-07
 Reference value :  3.63739e-07
 Reference value :  3.66067e-07
 Reference value :  3.68255e-07
 Reference value :  3.70900e-07
 Reference value :  3.73439e-07
 Reference value :  3.76084e-07
 Reference value :  3.78517e-07
 Reference value :  3.81056e-07
 Reference value :  3.83804e-07
 Reference value :  3.86026e-07
 Reference value :  3.88142e-07
 Reference value :  3.90470e-07
 Reference value :  3.92797e-07
 Reference value :  3.94913e-07
 Reference value :  3.97029e-07
 Reference value :  3.99463e-07
 Reference value :  4.01558e-07
 Reference value :  4.03674e-07
 Reference value :  4.06002e-07
 Reference value :  4.08435e-07
 Reference value :  4.10657e-07
 Reference value :  4.12879e-07
 Reference value :  4.15418e-07
 Reference value :  4.17604e-07
 Reference value :  4.19825e-07
 Reference value :  4.22047e-07
 Reference value :  4.24375e-07
 Reference value :  4.26597e-07
 Reference value :  4.28818e-07
 Reference value :  4.31252e-07
 Reference value :  4.33454e-07
 Reference value :  4.35676e-07
 Reference value :  4.37897e-07
 Reference value :  4.40437e-07
 Reference value :  4.42658e-07
 Reference value :  4.44986e-07
 Reference value :  4.47419e-07
 Reference value :  4.49710e-07
 Reference value :  4.52038e-07
 Reference value :  4.54365e-07
 Reference value :  4.57010e-07
 Reference value :  4.59338e-07
 Reference value :  4.61666e-07
 Reference value :  4.64311e-07
 Reference value :  4.66618e-07
 Reference value :  4.68840e-07
 Reference value :  4.71168e-07
 Reference value :  4.73707e-07
 Reference value :  4.75929e-07
 Reference value :  4.78256e-07
 Reference value :  4.80796e-07
 Reference value :  4.83086e-07
 Reference value :  4.85308e-07
 Reference value :  4.87741e-07
 Reference value :  4.90175e-07
 Reference value :  4.92502e-07
 Reference value :  4.94830e-07
 Reference value :  4.97369e-07
 Reference value :  4.99572e-07
 Reference value :  5.01899e-07
 Reference value :  5.04227e-07
 Reference value :  5.06660e-07
 Reference value :  5.08882e-07
 Reference value :  5.11210e-07
 Reference value :  5.13749e-07
 Reference value :  5.15933e-07
 Reference value :  5.18261e-07
 Reference value :  5.20589e-07
 Reference value :  5.23022e-07
 Reference value :  5.25244e-07
 Reference value :  5.27466e-07
 Reference value :  5.30005e-07
 Reference value :  5.32102e-07
 Reference value :  5.34323e-07
 Reference value :  5.36651e-07
 Reference value :  5.39190e-07
 Reference value :  5.41412e-07
 Reference value :  5.43740e-07
 Reference value :  5.46279e-07
 Reference value :  5.48463e-07
 Reference value :  5.50791e-07
 Reference value :  5.53118e-07
 Reference value :  5.55552e-07
 Reference value :  5.57879e-07
 Reference value :  5.60207e-07
 Reference value :  5.62746e-07
 Reference value :  5.64957e-07
 Reference value :  5.67285e-07
 Reference value :  5.69718e-07
 Reference value :  5.72152e-07
 Reference value :  5.74374e-07
 Reference value :  5.76595e-07
 Reference value :  5.79029e-07
 Reference value :  5.81106e-07
 Reference value :  5.83222e-07
 Reference value :  5.85549e-07
 Reference value :  5.87983e-07
 Reference value :  5.90204e-07
 Reference value :  5.92532e-07
 Reference value :  5.95177e-07
 Reference value :  5.97710e-07
 Reference value :  6.00038e-07
 Reference value :  6.02577e-07
 Reference value :  6.05011e-07
 Reference value :  6.07444e-07
 Reference value :  6.09877e-07
 Reference value :  6.12276e-07
 Reference value :  6.14604e-07
 Reference value :  6.16932e-07
 Reference value :  6.19577e-07
 Reference value :  6.21587e-07
 Reference value :  6.24020e-07
 Reference value :  6.26559e-07
 Reference value :  6.29097e-07
 Reference value :  6.31530e-07
 Reference value :  6.33964e-07
No. of Data Rows : 6024
vhold_min           =  1.20000e+00 at=  3.16540e-08
tfirst              =  4.05735e-08
t1                  =  3.91501e-07
t2                  =  4.07821e-07
t3                  =  4.24136e-07
t4                  =  4.40457e-07
t5                  =  4.56771e-07
t6                  =  4.73092e-07
t7                  =  4.89407e-07
t8                  =  5.05727e-07
t9                  =  5.22042e-07
t10                 =  5.38362e-07
t11                 =  5.54677e-07
t12                 =  5.70998e-07
idd_run             =  -1.85431e-04 from=  3.81000e-07 to=  6.34900e-07
vmax                =  1.21225e+00 at=  6.03847e-07
vmin                =  -2.03416e-02 at=  5.62958e-07
Note: Simulation executed from .control section 
Warning: m=xx on .subckt line will override multiplier m hierarchy!

Note: Starting dynamic gmin stepping
Note: Dynamic gmin stepping completed
Note: Starting dynamic gmin stepping
Note: Dynamic gmin stepping completed
