
Note: No compatibility mode selected!


Circuit: * tt_analog_ring, code 2

Doing analysis at TEMP = 27.000000 and TNOM = 27.000000

Using SPARSE 1.3 as Direct Linear Solver
 Reference value :  0.00000e+00
No. of Data Rows : 1
idd_dis=1.39497E-05 vbp=0.938225 vbn=0.289099 clk_dis=1.32
Doing analysis at TEMP = 27.000000 and TNOM = 27.000000

Using SPARSE 1.3 as Direct Linear Solver

Initial Transient Solution
--------------------------

Node                                   Voltage
----                                   -------
vpwr                                      1.32
code[0]                                      0
code[1]                                   1.32
code[2]                                      0
code[3]                                      0
code[4]                                      0
code[5]                                      0
code[6]                                      0
code[7]                                      0
enable                                       0
xdut.vbp                              0.938225
xdut.vbn                              0.289099
xdut.n0                            1.77393e-06
xdut.p0                                1.31999
xdut.na0                               1.13413
xdut.s0                                1.31999
xdut.s10                                  1.32
xdut.n1                             7.2604e-06
xdut.p1                                   1.32
xdut.s1                            7.35788e-06
xdut.n2                            8.05793e-07
xdut.p2                                   1.32
xdut.s2                                   1.32
xdut.n3                            7.26028e-06
xdut.p3                                   1.32
xdut.s3                            7.35776e-06
xdut.n4                            8.05793e-07
xdut.p4                                   1.32
xdut.s4                                   1.32
xdut.n5                            7.26028e-06
xdut.p5                                   1.32
xdut.s5                            7.35776e-06
xdut.n6                            8.05793e-07
xdut.p6                                   1.32
xdut.s6                                   1.32
xdut.n7                            7.26028e-06
xdut.p7                                   1.32
xdut.s7                            7.35776e-06
xdut.n8                            8.05793e-07
xdut.p8                                   1.32
xdut.s8                                   1.32
xdut.n9                            7.26028e-06
xdut.p9                                   1.32
xdut.s9                            7.35776e-06
xdut.n10                           8.05793e-07
xdut.p10                                  1.32
xdut.b1                            1.76715e-07
clk_out                                   1.32
ven#branch                         1.04959e-11
vc7#branch                         8.99297e-12
vc6#branch                         4.49649e-12
vc5#branch                         2.24824e-12
vc4#branch                         1.12412e-12
vc3#branch                         5.62061e-13
vc2#branch                          2.8103e-13
vc1#branch                        -1.41487e-09
vc0#branch                         7.02576e-14
vdd#branch                        -1.39497e-05

 Reference value :  0.00000e+00
 Reference value :  2.41709e-08
 Reference value :  5.32307e-08
 Reference value :  8.22905e-08
 Reference value :  1.13060e-07
 Reference value :  1.42120e-07
 Reference value :  1.71179e-07
 Reference value :  2.01094e-07
 Reference value :  2.30154e-07
 Reference value :  2.56465e-07
 Reference value :  2.66791e-07
 Reference value :  2.81321e-07
 Reference value :  2.94996e-07
 Reference value :  3.09526e-07
 Reference value :  3.23469e-07
 Reference value :  3.37999e-07
 Reference value :  3.51674e-07
 Reference value :  3.65349e-07
 Reference value :  3.78882e-07
 Reference value :  3.92255e-07
 Reference value :  4.05930e-07
 Reference value :  4.20460e-07
 Reference value :  4.35845e-07
 Reference value :  4.49425e-07
 Reference value :  4.63100e-07
 Reference value :  4.78485e-07
 Reference value :  4.93015e-07
 Reference value :  5.07070e-07
 Reference value :  5.21600e-07
 Reference value :  5.36130e-07
 Reference value :  5.50659e-07
 Reference value :  5.64212e-07
 Reference value :  5.79597e-07
 Reference value :  5.93272e-07
 Reference value :  6.07802e-07
 Reference value :  6.22230e-07
 Reference value :  6.36601e-07
 Reference value :  6.51131e-07
 Reference value :  6.66516e-07
 Reference value :  6.81046e-07
 Reference value :  6.93763e-07
 Reference value :  7.08293e-07
 Reference value :  7.22823e-07
 Reference value :  7.38207e-07
 Reference value :  7.52260e-07
 Reference value :  7.65935e-07
 Reference value :  7.80465e-07
 Reference value :  7.95850e-07
 Reference value :  8.08570e-07
 Reference value :  8.23100e-07
 Reference value :  8.37630e-07
 Reference value :  8.52160e-07
 Reference value :  8.65646e-07
 Reference value :  8.80770e-07
 Reference value :  8.95300e-07
 Reference value :  9.10684e-07
 Reference value :  9.25025e-07
 Reference value :  9.38776e-07
 Reference value :  9.52451e-07
 Reference value :  9.66981e-07
 Reference value :  9.80656e-07
 Reference value :  9.93909e-07
 Reference value :  1.00844e-06
 Reference value :  1.02297e-06
 Reference value :  1.03750e-06
 Reference value :  1.05013e-06
 Reference value :  1.06466e-06
 Reference value :  1.08005e-06
 Reference value :  1.09287e-06
 Reference value :  1.10825e-06
 Reference value :  1.12157e-06
 Reference value :  1.13525e-06
 Reference value :  1.14892e-06
 Reference value :  1.16345e-06
 Reference value :  1.17519e-06
 Reference value :  1.18886e-06
 Reference value :  1.20339e-06
 Reference value :  1.21878e-06
 Reference value :  1.23136e-06
 Reference value :  1.24585e-06
 Reference value :  1.25953e-06
 Reference value :  1.27491e-06
 Reference value :  1.29004e-06
 Reference value :  1.30369e-06
 Reference value :  1.31822e-06
 Reference value :  1.33275e-06
 Reference value :  1.34728e-06
 Reference value :  1.36070e-06
 Reference value :  1.37523e-06
 Reference value :  1.39062e-06
 Reference value :  1.40600e-06
 Reference value :  1.41855e-06
 Reference value :  1.43222e-06
 Reference value :  1.44675e-06
 Reference value :  1.46214e-06
 Reference value :  1.47639e-06
 Reference value :  1.49177e-06
 Reference value :  1.50630e-06
 Reference value :  1.52083e-06
 Reference value :  1.53449e-06
 Reference value :  1.54957e-06
 Reference value :  1.56410e-06
 Reference value :  1.57778e-06
 Reference value :  1.59316e-06
 Reference value :  1.60678e-06
 Reference value :  1.62045e-06
 Reference value :  1.63413e-06
 Reference value :  1.64951e-06
 Reference value :  1.66239e-06
 Reference value :  1.67692e-06
 Reference value :  1.69059e-06
 Reference value :  1.70427e-06
 Reference value :  1.71772e-06
 Reference value :  1.73281e-06
 Reference value :  1.74734e-06
 Reference value :  1.76187e-06
 Reference value :  1.77695e-06
 Reference value :  1.79265e-06
 Reference value :  1.80718e-06
 Reference value :  1.82171e-06
 Reference value :  1.83710e-06
 Reference value :  1.85111e-06
 Reference value :  1.86564e-06
 Reference value :  1.88017e-06
 Reference value :  1.89556e-06
 Reference value :  1.90922e-06
 Reference value :  1.92375e-06
 Reference value :  1.93913e-06
 Reference value :  1.95366e-06
 Reference value :  1.96683e-06
 Reference value :  1.98050e-06
 Reference value :  1.99503e-06
 Reference value :  2.00871e-06
 Reference value :  2.02156e-06
 Reference value :  2.03602e-06
 Reference value :  2.04970e-06
 Reference value :  2.06423e-06
 Reference value :  2.07876e-06
 Reference value :  2.09193e-06
 Reference value :  2.10560e-06
 Reference value :  2.11928e-06
 Reference value :  2.13466e-06
 Reference value :  2.14828e-06
 Reference value :  2.16366e-06
 Reference value :  2.17734e-06
 Reference value :  2.19187e-06
 Reference value :  2.20448e-06
 Reference value :  2.21874e-06
 Reference value :  2.23241e-06
 Reference value :  2.24609e-06
 Reference value :  2.26062e-06
 Reference value :  2.27142e-06
 Reference value :  2.28509e-06
 Reference value :  2.29877e-06
 Reference value :  2.31330e-06
 Reference value :  2.32595e-06
 Reference value :  2.34028e-06
 Reference value :  2.35481e-06
 Reference value :  2.37019e-06
 Reference value :  2.38462e-06
 Reference value :  2.39667e-06
 Reference value :  2.41120e-06
 Reference value :  2.42659e-06
 Reference value :  2.44112e-06
 Reference value :  2.45310e-06
 Reference value :  2.46678e-06
 Reference value :  2.48045e-06
 Reference value :  2.49413e-06
 Reference value :  2.50695e-06
 Reference value :  2.52024e-06
 Reference value :  2.53477e-06
 Reference value :  2.54930e-06
 Reference value :  2.56298e-06
 Reference value :  2.57622e-06
 Reference value :  2.59075e-06
 Reference value :  2.60443e-06
 Reference value :  2.61810e-06
 Reference value :  2.62990e-06
 Reference value :  2.64424e-06
 Reference value :  2.65963e-06
 Reference value :  2.67330e-06
 Reference value :  2.68783e-06
 Reference value :  2.70029e-06
 Reference value :  2.71568e-06
 Reference value :  2.72935e-06
 Reference value :  2.74474e-06
 Reference value :  2.75502e-06
 Reference value :  2.77041e-06
 Reference value :  2.78494e-06
 Reference value :  2.80032e-06
 Reference value :  2.81281e-06
 Reference value :  2.82686e-06
 Reference value :  2.84139e-06
 Reference value :  2.85677e-06
 Reference value :  2.87130e-06
 Reference value :  2.88479e-06
 Reference value :  2.89847e-06
 Reference value :  2.91385e-06
 Reference value :  2.92838e-06
 Reference value :  2.94034e-06
 Reference value :  2.95487e-06
 Reference value :  2.96940e-06
 Reference value :  2.98308e-06
 Reference value :  2.99469e-06
 Reference value :  3.00870e-06
 Reference value :  3.02238e-06
 Reference value :  3.03605e-06
 Reference value :  3.05058e-06
 Reference value :  3.06257e-06
 Reference value :  3.07710e-06
 Reference value :  3.09163e-06
 Reference value :  3.10531e-06
 Reference value :  3.11861e-06
 Reference value :  3.13485e-06
 Reference value :  3.14853e-06
 Reference value :  3.16306e-06
 Reference value :  3.17759e-06
 Reference value :  3.19167e-06
 Reference value :  3.20620e-06
 Reference value :  3.22073e-06
 Reference value :  3.23526e-06
 Reference value :  3.24687e-06
 Reference value :  3.26054e-06
 Reference value :  3.27507e-06
 Reference value :  3.28960e-06
 Reference value :  3.30207e-06
 Reference value :  3.31660e-06
 Reference value :  3.33113e-06
 Reference value :  3.34566e-06
 Reference value :  3.35889e-06
 Reference value :  3.37218e-06
 Reference value :  3.38671e-06
 Reference value :  3.40124e-06
 Reference value :  3.41491e-06
 Reference value :  3.42521e-06
 Reference value :  3.43974e-06
 Reference value :  3.45427e-06
 Reference value :  3.46880e-06
 Reference value :  3.48120e-06
 Reference value :  3.49508e-06
 Reference value :  3.50961e-06
 Reference value :  3.52328e-06
 Reference value :  3.53781e-06
 Reference value :  3.55075e-06
 Reference value :  3.56613e-06
 Reference value :  3.58066e-06
 Reference value :  3.59690e-06
 Reference value :  3.60739e-06
 Reference value :  3.62192e-06
 Reference value :  3.63645e-06
 Reference value :  3.65012e-06
 Reference value :  3.66465e-06
 Reference value :  3.67890e-06
 Reference value :  3.69258e-06
 Reference value :  3.70711e-06
 Reference value :  3.72335e-06
 Reference value :  3.73708e-06
 Reference value :  3.75161e-06
 Reference value :  3.76614e-06
 Reference value :  3.78153e-06
 Reference value :  3.79406e-06
 Reference value :  3.80859e-06
 Reference value :  3.82312e-06
 Reference value :  3.83765e-06
 Reference value :  3.84791e-06
 Reference value :  3.86240e-06
 Reference value :  3.87693e-06
 Reference value :  3.89061e-06
 Reference value :  3.90428e-06
 Reference value :  3.91507e-06
 Reference value :  3.93045e-06
 Reference value :  3.94498e-06
 Reference value :  3.95866e-06
 Reference value :  3.97113e-06
 Reference value :  3.98566e-06
 Reference value :  4.00104e-06
 Reference value :  4.01557e-06
 Reference value :  4.02995e-06
 Reference value :  4.04516e-06
 Reference value :  4.05883e-06
 Reference value :  4.07251e-06
 Reference value :  4.08618e-06
 Reference value :  4.09652e-06
 Reference value :  4.11105e-06
 Reference value :  4.12558e-06
 Reference value :  4.14011e-06
 Reference value :  4.15316e-06
 Reference value :  4.16847e-06
 Reference value :  4.18300e-06
 Reference value :  4.19753e-06
 Reference value :  4.21121e-06
 Reference value :  4.22567e-06
 Reference value :  4.23934e-06
 Reference value :  4.25302e-06
 Reference value :  4.26755e-06
 Reference value :  4.28012e-06
 Reference value :  4.29465e-06
 Reference value :  4.30918e-06
 Reference value :  4.32286e-06
 Reference value :  4.33355e-06
 Reference value :  4.34844e-06
 Reference value :  4.36297e-06
 Reference value :  4.37665e-06
 Reference value :  4.39118e-06
 Reference value :  4.40195e-06
 Reference value :  4.41648e-06
 Reference value :  4.43101e-06
 Reference value :  4.44469e-06
 Reference value :  4.45558e-06
 Reference value :  4.46977e-06
 Reference value :  4.48344e-06
 Reference value :  4.49712e-06
 Reference value :  4.51165e-06
 Reference value :  4.52532e-06
 Reference value :  4.53985e-06
 Reference value :  4.55438e-06
 Reference value :  4.56891e-06
 Reference value :  4.57985e-06
 Reference value :  4.59523e-06
 Reference value :  4.60891e-06
 Reference value :  4.62258e-06
 Reference value :  4.63787e-06
 Reference value :  4.64964e-06
 Reference value :  4.66417e-06
 Reference value :  4.67784e-06
 Reference value :  4.69323e-06
 Reference value :  4.70376e-06
 Reference value :  4.71914e-06
 Reference value :  4.73282e-06
 Reference value :  4.74649e-06
 Reference value :  4.76017e-06
 Reference value :  4.77552e-06
 Reference value :  4.78919e-06
 Reference value :  4.80287e-06
 Reference value :  4.81740e-06
 Reference value :  4.82682e-06
 Reference value :  4.84135e-06
 Reference value :  4.85503e-06
 Reference value :  4.86870e-06
 Reference value :  4.88204e-06
 Reference value :  4.89608e-06
 Reference value :  4.91061e-06
 Reference value :  4.92600e-06
 Reference value :  4.94138e-06
 Reference value :  4.95562e-06
 Reference value :  4.97101e-06
 Reference value :  4.98554e-06
 Reference value :  4.99921e-06
 Reference value :  5.01145e-06
 Reference value :  5.02512e-06
 Reference value :  5.03880e-06
 Reference value :  5.05247e-06
 Reference value :  5.06428e-06
 Reference value :  5.07858e-06
 Reference value :  5.09396e-06
 Reference value :  5.10764e-06
 Reference value :  5.12302e-06
No. of Data Rows : 6098
vhold_min           =  1.32000e+00 at=  2.73504e-10
tfirst              =  3.15947e-07
t1                  =  3.17710e-06
t2                  =  3.29863e-06
t3                  =  3.42048e-06
t4                  =  3.54225e-06
t5                  =  3.66393e-06
t6                  =  3.78545e-06
t7                  =  3.90727e-06
t8                  =  4.02888e-06
t9                  =  4.15078e-06
t10                 =  4.27235e-06
t11                 =  4.39418e-06
t12                 =  4.51585e-06
idd_run             =  -1.57325e-05 from=  3.07700e-06 to=  5.12800e-06
vmax                =  1.35380e+00 at=  4.88204e-06
vmin                =  -2.91310e-02 at=  3.23739e-06
Note: Simulation executed from .control section 
Note: Starting dynamic gmin stepping
Note: Dynamic gmin stepping completed
Note: Starting dynamic gmin stepping
Note: Dynamic gmin stepping completed
