
Note: Compatibility modes selected: hs a


Circuit: * tt_analog_ring, code 127

Doing analysis at TEMP = 27.000000 and TNOM = 27.000000

Using SPARSE 1.3 as Direct Linear Solver
 Reference value :  0.00000e+00
No. of Data Rows : 1
idd_dis=0.000327426 vbp=0.558798 vbn=0.493256 clk_dis=1.2
Doing analysis at TEMP = 27.000000 and TNOM = 27.000000

Using SPARSE 1.3 as Direct Linear Solver

Initial Transient Solution
--------------------------

Node                                   Voltage
----                                   -------
vpwr                                       1.2
code[0]                                    1.2
code[1]                                    1.2
code[2]                                    1.2
code[3]                                    1.2
code[4]                                    1.2
code[5]                                    1.2
code[6]                                    1.2
code[7]                                      0
enable                                       0
xdut.vbp                              0.558798
clk_out                                    1.2
xdut.b1                               1.59e-07
xdut.s3                            7.85301e-07
xdut.s2                                    1.2
xdut.n_126                                 1.2
xdut.s1                            9.03545e-07
xdut.n_125                                 1.2
xdut.s10                                   1.2
xdut.s6                                    1.2
xdut.s5                            7.18822e-07
xdut.n_128                                 1.2
xdut.s9                            7.77357e-07
xdut.n_133                                 1.2
xdut.s4                                    1.2
xdut.n_129                                 1.2
xdut.s8                                    1.2
xdut.n_132                                 1.2
xdut.s7                            6.62083e-07
xdut.n_130                                 1.2
xdut.n_127                                 1.2
xdut.n_131                                 1.2
xdut.s0                                    1.2
xdut.n_124                                 1.2
xdut.n_71                          7.84152e-07
xdut.n_72                          5.71499e-07
xdut.n_70                          1.76153e-07
xdut.n_77                          6.90371e-07
xdut.n_75                          7.63764e-08
xdut.n_73                          3.14083e-08
xdut.n_67                          1.59345e-07
xdut.n_76                          5.65209e-08
xdut.n_69                          6.80546e-07
xdut.n_74                          6.33209e-07
xdut.n_122                                 1.2
xdut.n_i1005                          0.997179
xdut.n_68                          2.73263e-07
xdut.vbn                              0.493256
ven#branch                         7.25452e-12
vc7#branch                         1.73444e-12
vc6#branch                        -2.93335e-08
vc5#branch                        -1.46594e-08
vc4#branch                        -7.30655e-09
vc3#branch                        -3.66385e-09
vc2#branch                          -1.816e-09
vc1#branch                        -9.08394e-10
vc0#branch                        -4.57171e-10
vdd#branch                        -0.000327426

 Reference value :  0.00000e+00
 Reference value :  4.11069e-09
 Reference value :  8.70017e-09
 Reference value :  1.32276e-08
 Reference value :  1.77551e-08
 Reference value :  2.02734e-08
 Reference value :  2.27542e-08
 Reference value :  2.54210e-08
 Reference value :  2.77778e-08
 Reference value :  3.04446e-08
 Reference value :  3.29254e-08
 Reference value :  3.55303e-08
 Reference value :  3.80731e-08
 Reference value :  4.06779e-08
 Reference value :  4.32208e-08
 Reference value :  4.58256e-08
 Reference value :  4.80583e-08
 Reference value :  4.99809e-08
 Reference value :  5.15935e-08
 Reference value :  5.40743e-08
 Reference value :  5.55007e-08
 Reference value :  5.72993e-08
 Reference value :  5.99662e-08
 Reference value :  6.24470e-08
 Reference value :  6.50518e-08
 Reference value :  6.75326e-08
 Reference value :  7.01374e-08
 Reference value :  7.26182e-08
 Reference value :  7.52851e-08
 Reference value :  7.77039e-08
 Reference value :  8.03087e-08
 Reference value :  8.27895e-08
 Reference value :  8.53944e-08
 Reference value :  8.78752e-08
 Reference value :  9.04800e-08
 Reference value :  9.25887e-08
 Reference value :  9.45733e-08
 Reference value :  9.61858e-08
 Reference value :  9.76743e-08
 Reference value :  9.94109e-08
 Reference value :  1.00899e-07
 Reference value :  1.02450e-07
 Reference value :  1.04186e-07
 Reference value :  1.05737e-07
 Reference value :  1.07287e-07
 Reference value :  1.09024e-07
 Reference value :  1.10450e-07
 Reference value :  1.11939e-07
 Reference value :  1.13613e-07
 Reference value :  1.15164e-07
 Reference value :  1.16714e-07
 Reference value :  1.18327e-07
 Reference value :  1.19877e-07
 Reference value :  1.21490e-07
 Reference value :  1.24157e-07
 Reference value :  1.26638e-07
 Reference value :  1.29305e-07
 Reference value :  1.31537e-07
 Reference value :  1.33212e-07
 Reference value :  1.35258e-07
 Reference value :  1.37863e-07
 Reference value :  1.40468e-07
 Reference value :  1.43011e-07
 Reference value :  1.45678e-07
 Reference value :  1.48345e-07
 Reference value :  1.50949e-07
 Reference value :  1.53554e-07
 Reference value :  1.55911e-07
 Reference value :  1.58020e-07
 Reference value :  1.60563e-07
 Reference value :  1.62671e-07
 Reference value :  1.64408e-07
 Reference value :  1.65958e-07
 Reference value :  1.67447e-07
 Reference value :  1.69183e-07
 Reference value :  1.70672e-07
 Reference value :  1.72222e-07
 Reference value :  1.73897e-07
 Reference value :  1.75323e-07
 Reference value :  1.76812e-07
 Reference value :  1.78486e-07
 Reference value :  1.79975e-07
 Reference value :  1.81525e-07
 Reference value :  1.83138e-07
 Reference value :  1.84688e-07
 Reference value :  1.86177e-07
 Reference value :  1.87665e-07
 Reference value :  1.89278e-07
 Reference value :  1.90766e-07
 Reference value :  1.92255e-07
 Reference value :  1.93929e-07
 Reference value :  1.95418e-07
 Reference value :  1.96906e-07
 Reference value :  1.98581e-07
 Reference value :  2.00007e-07
 Reference value :  2.01496e-07
 Reference value :  2.03108e-07
 Reference value :  2.04659e-07
 Reference value :  2.06209e-07
 Reference value :  2.07760e-07
 Reference value :  2.09434e-07
 Reference value :  2.10923e-07
 Reference value :  2.12411e-07
 Reference value :  2.14148e-07
 Reference value :  2.15698e-07
 Reference value :  2.17187e-07
 Reference value :  2.18861e-07
 Reference value :  2.20350e-07
 Reference value :  2.21838e-07
 Reference value :  2.23451e-07
 Reference value :  2.25001e-07
 Reference value :  2.26490e-07
 Reference value :  2.28102e-07
 Reference value :  2.29653e-07
 Reference value :  2.31141e-07
 Reference value :  2.32630e-07
 Reference value :  2.34304e-07
 Reference value :  2.35793e-07
 Reference value :  2.37219e-07
 Reference value :  2.38894e-07
 Reference value :  2.40320e-07
 Reference value :  2.41809e-07
 Reference value :  2.43483e-07
 Reference value :  2.45034e-07
 Reference value :  2.46522e-07
 Reference value :  2.48197e-07
 Reference value :  2.49685e-07
 Reference value :  2.51236e-07
 Reference value :  2.52724e-07
 Reference value :  2.54337e-07
 Reference value :  2.55887e-07
 Reference value :  2.57376e-07
 Reference value :  2.59112e-07
 Reference value :  2.60601e-07
 Reference value :  2.62089e-07
 Reference value :  2.63764e-07
 Reference value :  2.65190e-07
 Reference value :  2.66617e-07
 Reference value :  2.68353e-07
 Reference value :  2.69842e-07
 Reference value :  2.71330e-07
 Reference value :  2.72943e-07
 Reference value :  2.74493e-07
 Reference value :  2.76044e-07
 Reference value :  2.77594e-07
 Reference value :  2.79207e-07
 Reference value :  2.80695e-07
 Reference value :  2.82184e-07
 Reference value :  2.83858e-07
 Reference value :  2.85347e-07
 Reference value :  2.86835e-07
 Reference value :  2.88572e-07
 Reference value :  2.90060e-07
 Reference value :  2.91549e-07
 Reference value :  2.93161e-07
 Reference value :  2.94588e-07
 Reference value :  2.96076e-07
 Reference value :  2.97627e-07
 Reference value :  2.99177e-07
 Reference value :  3.00666e-07
 Reference value :  3.02154e-07
 Reference value :  3.03829e-07
 Reference value :  3.05317e-07
 Reference value :  3.06744e-07
 Reference value :  3.08418e-07
 Reference value :  3.09845e-07
 Reference value :  3.11333e-07
 Reference value :  3.12946e-07
 Reference value :  3.14496e-07
 Reference value :  3.16047e-07
 Reference value :  3.17597e-07
 Reference value :  3.19272e-07
 Reference value :  3.20760e-07
 Reference value :  3.22311e-07
 Reference value :  3.23985e-07
 Reference value :  3.25536e-07
 Reference value :  3.27024e-07
 Reference value :  3.28699e-07
 Reference value :  3.30125e-07
 Reference value :  3.31614e-07
 Reference value :  3.33288e-07
 Reference value :  3.34777e-07
 Reference value :  3.36265e-07
 Reference value :  3.37816e-07
 Reference value :  3.39304e-07
 Reference value :  3.40793e-07
 Reference value :  3.42281e-07
 Reference value :  3.43956e-07
 Reference value :  3.45506e-07
 Reference value :  3.46995e-07
 Reference value :  3.48669e-07
 Reference value :  3.50158e-07
 Reference value :  3.51646e-07
 Reference value :  3.53321e-07
 Reference value :  3.54871e-07
 Reference value :  3.56360e-07
 Reference value :  3.58034e-07
 Reference value :  3.59523e-07
 Reference value :  3.61011e-07
 Reference value :  3.62624e-07
 Reference value :  3.64174e-07
 Reference value :  3.65725e-07
 Reference value :  3.67275e-07
 Reference value :  3.68950e-07
 Reference value :  3.70438e-07
 Reference value :  3.71927e-07
No. of Data Rows : 6014
vhold_min           =  1.20000e+00 at=  2.03426e-10
tfirst              =  2.42439e-08
t1                  =  2.28709e-07
t2                  =  2.38688e-07
t3                  =  2.48667e-07
t4                  =  2.58647e-07
t5                  =  2.68627e-07
t6                  =  2.78607e-07
t7                  =  2.88587e-07
t8                  =  2.98566e-07
t9                  =  3.08546e-07
t10                 =  3.18525e-07
t11                 =  3.28504e-07
t12                 =  3.38483e-07
idd_run             =  -3.38662e-04 from=  2.23300e-07 to=  3.72100e-07
vmax                =  1.20647e+00 at=  3.33350e-07
vmin                =  -9.56446e-03 at=  2.73873e-07
Note: Simulation executed from .control section 
Warning: m=xx on .subckt line will override multiplier m hierarchy!

Note: Starting dynamic gmin stepping
Note: Dynamic gmin stepping completed
Note: Starting dynamic gmin stepping
Note: Dynamic gmin stepping completed
