
Note: Compatibility modes selected: hs a


Circuit: * tt_analog_ring, code 2

Doing analysis at TEMP = 27.000000 and TNOM = 27.000000

Using SPARSE 1.3 as Direct Linear Solver
 Reference value :  0.00000e+00
No. of Data Rows : 1
idd_dis=1.00007E-05 vbp=0.689369 vbn=0.24611 clk_dis=1.08
Doing analysis at TEMP = 27.000000 and TNOM = 27.000000

Using SPARSE 1.3 as Direct Linear Solver

Initial Transient Solution
--------------------------

Node                                   Voltage
----                                   -------
vpwr                                      1.08
code[0]                                      0
code[1]                                   1.08
code[2]                                      0
code[3]                                      0
code[4]                                      0
code[5]                                      0
code[6]                                      0
code[7]                                      0
enable                                       0
xdut.vbp                              0.689369
clk_out                                   1.08
xdut.b1                            6.52174e-08
xdut.s3                            2.80579e-06
xdut.s2                                   1.08
xdut.n_126                                1.08
xdut.s1                            2.80586e-06
xdut.n_125                                1.08
xdut.s10                                  1.08
xdut.s6                                   1.08
xdut.s5                            2.80579e-06
xdut.n_128                                1.08
xdut.s9                            2.80579e-06
xdut.n_133                                1.08
xdut.s4                                   1.08
xdut.n_129                                1.08
xdut.s8                                   1.08
xdut.n_132                                1.08
xdut.s7                            2.80579e-06
xdut.n_130                                1.08
xdut.n_127                                1.08
xdut.n_131                                1.08
xdut.s0                                1.07999
xdut.n_124                                1.08
xdut.n_71                          2.77128e-06
xdut.n_72                          2.77122e-06
xdut.n_70                          2.77237e-06
xdut.n_77                          2.77122e-06
xdut.n_75                          2.77237e-06
xdut.n_73                          2.77237e-06
xdut.n_67                          2.77237e-06
xdut.n_76                          2.77237e-06
xdut.n_69                          2.77122e-06
xdut.n_74                          2.77122e-06
xdut.n_122                             1.07999
xdut.n_i1005                          0.921385
xdut.n_68                          5.48319e-06
xdut.vbn                               0.24611
ven#branch                          3.1429e-12
vc7#branch                         6.81649e-12
vc6#branch                         3.40824e-12
vc5#branch                         1.70412e-12
vc4#branch                         8.52061e-13
vc3#branch                         4.26031e-13
vc2#branch                         2.13015e-13
vc1#branch                        -9.29399e-10
vc0#branch                         5.32538e-14
vdd#branch                        -1.00007e-05

 Reference value :  0.00000e+00
 Reference value :  1.04728e-07
 Reference value :  2.41448e-07
 Reference value :  3.78168e-07
 Reference value :  5.11280e-07
 Reference value :  5.59119e-07
 Reference value :  6.29188e-07
 Reference value :  6.82662e-07
 Reference value :  7.28805e-07
 Reference value :  7.79392e-07
 Reference value :  8.20408e-07
 Reference value :  8.58006e-07
 Reference value :  8.99464e-07
 Reference value :  9.37062e-07
 Reference value :  9.83205e-07
 Reference value :  1.04712e-06
 Reference value :  1.10693e-06
 Reference value :  1.17187e-06
 Reference value :  1.23682e-06
 Reference value :  1.29894e-06
 Reference value :  1.36217e-06
 Reference value :  1.42535e-06
 Reference value :  1.49029e-06
 Reference value :  1.55077e-06
 Reference value :  1.60717e-06
 Reference value :  1.65500e-06
 Reference value :  1.71310e-06
 Reference value :  1.77701e-06
 Reference value :  1.82657e-06
 Reference value :  1.87955e-06
 Reference value :  1.94449e-06
 Reference value :  2.01409e-06
 Reference value :  2.08188e-06
 Reference value :  2.15197e-06
 Reference value :  2.22033e-06
 Reference value :  2.28934e-06
 Reference value :  2.35428e-06
 Reference value :  2.42100e-06
 Reference value :  2.48765e-06
 Reference value :  2.55665e-06
 Reference value :  2.61476e-06
 Reference value :  2.65262e-06
 Reference value :  2.69022e-06
 Reference value :  2.75687e-06
 Reference value :  2.81879e-06
 Reference value :  2.88715e-06
 Reference value :  2.95229e-06
 Reference value :  3.01374e-06
 Reference value :  3.06220e-06
 Reference value :  3.10151e-06
 Reference value :  3.13837e-06
 Reference value :  3.17836e-06
 Reference value :  3.22963e-06
 Reference value :  3.29693e-06
 Reference value :  3.36359e-06
 Reference value :  3.40829e-06
 Reference value :  3.46640e-06
 Reference value :  3.53344e-06
 Reference value :  3.59838e-06
 Reference value :  3.66356e-06
 Reference value :  3.73021e-06
 Reference value :  3.79902e-06
 Reference value :  3.86738e-06
 Reference value :  3.93436e-06
 Reference value :  4.00101e-06
 Reference value :  4.06626e-06
 Reference value :  4.13633e-06
 Reference value :  4.20143e-06
 Reference value :  4.26720e-06
 Reference value :  4.33543e-06
 Reference value :  4.40177e-06
 Reference value :  4.46672e-06
 Reference value :  4.53413e-06
 Reference value :  4.59907e-06
 Reference value :  4.66592e-06
 Reference value :  4.73257e-06
 Reference value :  4.79810e-06
 Reference value :  4.86475e-06
 Reference value :  4.92918e-06
 Reference value :  4.99754e-06
 Reference value :  5.06516e-06
 Reference value :  5.13523e-06
 Reference value :  5.19869e-06
 Reference value :  5.26657e-06
 Reference value :  5.33438e-06
 Reference value :  5.39530e-06
 Reference value :  5.46366e-06
 Reference value :  5.52961e-06
 Reference value :  5.59626e-06
 Reference value :  5.66320e-06
 Reference value :  5.72472e-06
 Reference value :  5.78503e-06
 Reference value :  5.83630e-06
 Reference value :  5.88073e-06
 Reference value :  5.93509e-06
 Reference value :  6.00174e-06
 Reference value :  6.06596e-06
 Reference value :  6.11040e-06
 Reference value :  6.15602e-06
 Reference value :  6.19703e-06
 Reference value :  6.23805e-06
 Reference value :  6.30749e-06
 Reference value :  6.37756e-06
 Reference value :  6.44463e-06
 Reference value :  6.51438e-06
 Reference value :  6.57825e-06
 Reference value :  6.64058e-06
 Reference value :  6.70942e-06
 Reference value :  6.77544e-06
 Reference value :  6.84038e-06
 Reference value :  6.90481e-06
 Reference value :  6.96804e-06
 Reference value :  7.03582e-06
 Reference value :  7.10418e-06
 Reference value :  7.16685e-06
 Reference value :  7.23350e-06
 Reference value :  7.29792e-06
 Reference value :  7.34407e-06
 Reference value :  7.40188e-06
 Reference value :  7.46853e-06
 Reference value :  7.53630e-06
 Reference value :  7.58757e-06
 Reference value :  7.64000e-06
 Reference value :  7.70120e-06
 Reference value :  7.75418e-06
 Reference value :  7.81041e-06
 Reference value :  7.86168e-06
 Reference value :  7.91557e-06
 Reference value :  7.95658e-06
 Reference value :  7.99931e-06
 Reference value :  8.04333e-06
 Reference value :  8.08264e-06
 Reference value :  8.12365e-06
 Reference value :  8.17956e-06
 Reference value :  8.24451e-06
 Reference value :  8.29700e-06
 Reference value :  8.36366e-06
 Reference value :  8.40042e-06
 Reference value :  8.43801e-06
 Reference value :  8.50467e-06
 Reference value :  8.56946e-06
 Reference value :  8.63933e-06
 Reference value :  8.70056e-06
 Reference value :  8.76871e-06
 Reference value :  8.83510e-06
 Reference value :  8.89924e-06
 Reference value :  8.96589e-06
 Reference value :  9.03750e-06
 Reference value :  9.10586e-06
 Reference value :  9.16971e-06
 Reference value :  9.23636e-06
 Reference value :  9.30635e-06
 Reference value :  9.37813e-06
 Reference value :  9.43296e-06
 Reference value :  9.48081e-06
 Reference value :  9.53532e-06
 Reference value :  9.58659e-06
 Reference value :  9.64304e-06
 Reference value :  9.70208e-06
 Reference value :  9.76978e-06
 Reference value :  9.82043e-06
 Reference value :  9.88538e-06
 Reference value :  9.94016e-06
 Reference value :  9.98801e-06
 Reference value :  1.00391e-05
 Reference value :  1.00990e-05
 Reference value :  1.01631e-05
 Reference value :  1.02229e-05
No. of Data Rows : 6084
vhold_min           =  1.08000e+00 at=  3.41800e-11
tfirst              =  6.34029e-07
t1                  =  6.26460e-06
t2                  =  6.51494e-06
t3                  =  6.76497e-06
t4                  =  7.01509e-06
t5                  =  7.26520e-06
t6                  =  7.51546e-06
t7                  =  7.76545e-06
t8                  =  8.01566e-06
t9                  =  8.26589e-06
t10                 =  8.51594e-06
t11                 =  8.76630e-06
t12                 =  9.01638e-06
idd_run             =  -1.07171e-05 from=  6.15400e-06 to=  1.02600e-05
vmax                =  1.10091e+00 at=  6.26682e-06
vmin                =  -1.36292e-02 at=  1.01425e-05
Note: Simulation executed from .control section 
Warning: m=xx on .subckt line will override multiplier m hierarchy!

Note: Starting dynamic gmin stepping
Note: Dynamic gmin stepping completed
Note: Starting dynamic gmin stepping
Note: Dynamic gmin stepping completed
