
Note: Compatibility modes selected: hs a


Circuit: * tt_analog_ring, code 0

Doing analysis at TEMP = 27.000000 and TNOM = 27.000000

Using SPARSE 1.3 as Direct Linear Solver
 Reference value :  0.00000e+00
No. of Data Rows : 1
idd_dis=5.81779E-06 vbp=0.854134 vbn=0.257979 clk_dis=1.2
Doing analysis at TEMP = 27.000000 and TNOM = 27.000000

Using SPARSE 1.3 as Direct Linear Solver

Initial Transient Solution
--------------------------

Node                                   Voltage
----                                   -------
vpwr                                       1.2
code[0]                                      0
code[1]                                      0
code[2]                                      0
code[3]                                      0
code[4]                                      0
code[5]                                      0
code[6]                                      0
code[7]                                      0
enable                                       0
xdut.vbp                              0.854134
clk_out                                    1.2
xdut.b1                            1.71772e-07
xdut.s3                            9.49051e-06
xdut.s2                                1.19999
xdut.n_126                             1.19999
xdut.s1                            1.39926e-05
xdut.n_125                                 1.2
xdut.s10                               1.19999
xdut.s6                                1.19999
xdut.s5                             1.7168e-05
xdut.n_128                             1.19999
xdut.s9                            1.08027e-05
xdut.n_133                             1.19999
xdut.s4                                1.19999
xdut.n_129                             1.19999
xdut.s8                                1.19999
xdut.n_132                             1.19999
xdut.s7                            1.07589e-05
xdut.n_130                             1.19999
xdut.n_127                             1.19999
xdut.n_131                             1.19999
xdut.s0                                1.19999
xdut.n_124                             1.19999
xdut.n_71                           1.3912e-05
xdut.n_72                          1.06584e-05
xdut.n_70                          1.45948e-06
xdut.n_77                          9.40105e-06
xdut.n_75                          1.35854e-06
xdut.n_73                          2.19545e-06
xdut.n_67                            1.508e-06
xdut.n_76                          1.59152e-06
xdut.n_69                          1.06906e-05
xdut.n_74                          1.70782e-05
xdut.n_122                             1.19999
xdut.n_i1005                           1.04323
xdut.n_68                          2.49744e-06
xdut.vbn                              0.257979
ven#branch                         7.50051e-12
vc7#branch                         6.41055e-12
vc6#branch                         3.20271e-12
vc5#branch                         1.60857e-12
vc4#branch                         7.96864e-13
vc3#branch                         3.97687e-13
vc2#branch                          2.0121e-13
vc1#branch                          1.0075e-13
vc0#branch                         4.85981e-14
vdd#branch                        -5.81779e-06

 Reference value :  0.00000e+00
 Reference value :  1.23798e-07
 Reference value :  2.85212e-07
 Reference value :  4.29081e-07
 Reference value :  5.72950e-07
 Reference value :  7.13310e-07
 Reference value :  8.57179e-07
 Reference value :  9.97539e-07
 Reference value :  1.06370e-06
 Reference value :  1.13037e-06
 Reference value :  1.19353e-06
 Reference value :  1.26371e-06
 Reference value :  1.32410e-06
 Reference value :  1.38726e-06
 Reference value :  1.45393e-06
 Reference value :  1.52762e-06
 Reference value :  1.59142e-06
 Reference value :  1.65809e-06
 Reference value :  1.72476e-06
 Reference value :  1.77965e-06
 Reference value :  1.84983e-06
 Reference value :  1.91650e-06
 Reference value :  1.97966e-06
 Reference value :  2.04496e-06
 Reference value :  2.11514e-06
 Reference value :  2.18181e-06
 Reference value :  2.24848e-06
 Reference value :  2.31336e-06
 Reference value :  2.37302e-06
 Reference value :  2.42916e-06
 Reference value :  2.49232e-06
 Reference value :  2.55095e-06
 Reference value :  2.61060e-06
 Reference value :  2.67376e-06
 Reference value :  2.73632e-06
 Reference value :  2.80129e-06
 Reference value :  2.86445e-06
 Reference value :  2.92411e-06
 Reference value :  2.98234e-06
 Reference value :  3.04708e-06
 Reference value :  3.11024e-06
 Reference value :  3.17340e-06
 Reference value :  3.22975e-06
 Reference value :  3.29291e-06
 Reference value :  3.35257e-06
 Reference value :  3.41222e-06
 Reference value :  3.47250e-06
 Reference value :  3.53566e-06
 Reference value :  3.59532e-06
 Reference value :  3.65497e-06
 Reference value :  3.71181e-06
 Reference value :  3.77497e-06
 Reference value :  3.83814e-06
 Reference value :  3.89779e-06
 Reference value :  3.96338e-06
 Reference value :  4.02654e-06
 Reference value :  4.08971e-06
 Reference value :  4.15287e-06
 Reference value :  4.20679e-06
 Reference value :  4.26995e-06
 Reference value :  4.33312e-06
 Reference value :  4.39277e-06
 Reference value :  4.44442e-06
 Reference value :  4.50758e-06
 Reference value :  4.57075e-06
 Reference value :  4.63040e-06
 Reference value :  4.68816e-06
 Reference value :  4.75483e-06
 Reference value :  4.81799e-06
 Reference value :  4.87765e-06
 Reference value :  4.94331e-06
 Reference value :  5.00647e-06
 Reference value :  5.06613e-06
 Reference value :  5.12929e-06
 Reference value :  5.18379e-06
 Reference value :  5.23993e-06
 Reference value :  5.29608e-06
 Reference value :  5.35222e-06
 Reference value :  5.40922e-06
 Reference value :  5.47238e-06
 Reference value :  5.53554e-06
 Reference value :  5.59169e-06
 Reference value :  5.64771e-06
 Reference value :  5.70736e-06
 Reference value :  5.76702e-06
 Reference value :  5.82667e-06
 Reference value :  5.89313e-06
 Reference value :  5.95629e-06
 Reference value :  6.01945e-06
 Reference value :  6.08261e-06
 Reference value :  6.13886e-06
 Reference value :  6.20202e-06
 Reference value :  6.26168e-06
 Reference value :  6.31782e-06
 Reference value :  6.37667e-06
 Reference value :  6.43609e-06
 Reference value :  6.49223e-06
 Reference value :  6.55188e-06
 Reference value :  6.60685e-06
 Reference value :  6.66794e-06
 Reference value :  6.72759e-06
 Reference value :  6.79075e-06
 Reference value :  6.85352e-06
 Reference value :  6.90901e-06
 Reference value :  6.96867e-06
 Reference value :  7.03183e-06
 Reference value :  7.09420e-06
 Reference value :  7.15958e-06
 Reference value :  7.22274e-06
 Reference value :  7.28239e-06
 Reference value :  7.34434e-06
 Reference value :  7.40750e-06
 Reference value :  7.46715e-06
 Reference value :  7.53031e-06
 Reference value :  7.59348e-06
 Reference value :  7.66015e-06
 Reference value :  7.72331e-06
 Reference value :  7.78296e-06
 Reference value :  7.84820e-06
 Reference value :  7.91136e-06
 Reference value :  7.97452e-06
 Reference value :  8.03768e-06
 Reference value :  8.09125e-06
 Reference value :  8.15091e-06
 Reference value :  8.21758e-06
 Reference value :  8.27372e-06
 Reference value :  8.33259e-06
 Reference value :  8.40277e-06
 Reference value :  8.46593e-06
 Reference value :  8.53962e-06
 Reference value :  8.60474e-06
 Reference value :  8.67492e-06
 Reference value :  8.74159e-06
 Reference value :  8.81497e-06
 Reference value :  8.88164e-06
 Reference value :  8.94831e-06
 Reference value :  9.02200e-06
 Reference value :  9.08742e-06
 Reference value :  9.15409e-06
 Reference value :  9.21374e-06
 Reference value :  9.27339e-06
 Reference value :  9.33624e-06
 Reference value :  9.40292e-06
 Reference value :  9.46959e-06
 Reference value :  9.52561e-06
 Reference value :  9.59228e-06
 Reference value :  9.65895e-06
 Reference value :  9.72562e-06
 Reference value :  9.79652e-06
 Reference value :  9.86319e-06
 Reference value :  9.93337e-06
 Reference value :  9.99918e-06
 Reference value :  1.00674e-05
 Reference value :  1.01341e-05
 Reference value :  1.02008e-05
 Reference value :  1.02693e-05
 Reference value :  1.03394e-05
 Reference value :  1.04026e-05
 Reference value :  1.04728e-05
 Reference value :  1.05292e-05
 Reference value :  1.05959e-05
 Reference value :  1.06626e-05
 Reference value :  1.07300e-05
 Reference value :  1.07997e-05
 Reference value :  1.08699e-05
 Reference value :  1.09401e-05
 Reference value :  1.10049e-05
 Reference value :  1.10716e-05
 Reference value :  1.11383e-05
 Reference value :  1.12120e-05
 Reference value :  1.12879e-05
 Reference value :  1.13581e-05
 Reference value :  1.14318e-05
 Reference value :  1.14973e-05
 Reference value :  1.15605e-05
 Reference value :  1.16307e-05
 Reference value :  1.17041e-05
 Reference value :  1.17743e-05
 Reference value :  1.18409e-05
 Reference value :  1.19111e-05
 Reference value :  1.19743e-05
 Reference value :  1.20445e-05
 Reference value :  1.21077e-05
 Reference value :  1.21775e-05
 Reference value :  1.22423e-05
 Reference value :  1.23055e-05
 Reference value :  1.23756e-05
 Reference value :  1.24313e-05
 Reference value :  1.24979e-05
 Reference value :  1.25646e-05
 Reference value :  1.26278e-05
 Reference value :  1.26962e-05
 Reference value :  1.27629e-05
 Reference value :  1.28295e-05
 Reference value :  1.28989e-05
 Reference value :  1.29592e-05
 Reference value :  1.30258e-05
 Reference value :  1.30890e-05
 Reference value :  1.31510e-05
 Reference value :  1.32162e-05
 Reference value :  1.32829e-05
 Reference value :  1.33460e-05
 Reference value :  1.34100e-05
 Reference value :  1.34732e-05
 Reference value :  1.35434e-05
 Reference value :  1.36065e-05
 Reference value :  1.36759e-05
 Reference value :  1.37355e-05
 Reference value :  1.37917e-05
 Reference value :  1.38513e-05
 Reference value :  1.39033e-05
 Reference value :  1.39664e-05
 Reference value :  1.40331e-05
 Reference value :  1.41134e-05
 Reference value :  1.41773e-05
 Reference value :  1.42440e-05
 Reference value :  1.43107e-05
 Reference value :  1.43746e-05
 Reference value :  1.44413e-05
 Reference value :  1.45114e-05
 Reference value :  1.45816e-05
 Reference value :  1.46475e-05
 Reference value :  1.47142e-05
 Reference value :  1.47808e-05
 Reference value :  1.48376e-05
 Reference value :  1.48998e-05
 Reference value :  1.49665e-05
 Reference value :  1.50297e-05
 Reference value :  1.50896e-05
 Reference value :  1.51557e-05
 Reference value :  1.52153e-05
 Reference value :  1.52785e-05
 Reference value :  1.53390e-05
 Reference value :  1.54057e-05
 Reference value :  1.54724e-05
 Reference value :  1.55355e-05
 Reference value :  1.56127e-05
 Reference value :  1.56829e-05
 Reference value :  1.57531e-05
 Reference value :  1.58080e-05
 Reference value :  1.58728e-05
 Reference value :  1.59395e-05
 Reference value :  1.60026e-05
 Reference value :  1.60844e-05
 Reference value :  1.61511e-05
 Reference value :  1.62142e-05
 Reference value :  1.62844e-05
 Reference value :  1.63382e-05
 Reference value :  1.64049e-05
 Reference value :  1.64715e-05
 Reference value :  1.65382e-05
 Reference value :  1.65983e-05
 Reference value :  1.66649e-05
 Reference value :  1.67281e-05
 Reference value :  1.67891e-05
 Reference value :  1.68558e-05
 Reference value :  1.69225e-05
 Reference value :  1.69856e-05
 Reference value :  1.70555e-05
 Reference value :  1.71222e-05
 Reference value :  1.71888e-05
 Reference value :  1.72590e-05
 Reference value :  1.73238e-05
 Reference value :  1.73905e-05
 Reference value :  1.74571e-05
 Reference value :  1.75210e-05
 Reference value :  1.75877e-05
 Reference value :  1.76579e-05
 Reference value :  1.77281e-05
 Reference value :  1.77815e-05
 Reference value :  1.78447e-05
 Reference value :  1.79113e-05
 Reference value :  1.79815e-05
 Reference value :  1.80454e-05
 Reference value :  1.81120e-05
 Reference value :  1.81822e-05
 Reference value :  1.82580e-05
 Reference value :  1.83282e-05
 Reference value :  1.83948e-05
 Reference value :  1.84685e-05
 Reference value :  1.85295e-05
 Reference value :  1.85961e-05
 Reference value :  1.86628e-05
 Reference value :  1.87252e-05
 Reference value :  1.87918e-05
 Reference value :  1.88515e-05
 Reference value :  1.89111e-05
 Reference value :  1.89633e-05
 Reference value :  1.90292e-05
 Reference value :  1.90923e-05
 Reference value :  1.91555e-05
 Reference value :  1.92044e-05
 Reference value :  1.92676e-05
 Reference value :  1.93308e-05
 Reference value :  1.93904e-05
 Reference value :  1.94506e-05
 Reference value :  1.95138e-05
 Reference value :  1.95769e-05
 Reference value :  1.96366e-05
 Reference value :  1.96938e-05
 Reference value :  1.97570e-05
 Reference value :  1.98201e-05
 Reference value :  1.98798e-05
 Reference value :  1.99462e-05
 Reference value :  2.00094e-05
 Reference value :  2.00725e-05
 Reference value :  2.01322e-05
 Reference value :  2.01761e-05
 Reference value :  2.02392e-05
 Reference value :  2.03024e-05
 Reference value :  2.03621e-05
 Reference value :  2.04226e-05
 Reference value :  2.04822e-05
 Reference value :  2.05489e-05
 Reference value :  2.06121e-05
 Reference value :  2.06725e-05
 Reference value :  2.07392e-05
 Reference value :  2.08094e-05
 Reference value :  2.08796e-05
 Reference value :  2.09495e-05
 Reference value :  2.10161e-05
No. of Data Rows : 6091
vhold_min           =  1.20000e+00 at=  3.25635e-08
tfirst              =  1.27781e-06
t1                  =  1.26612e-05
t2                  =  1.31463e-05
t3                  =  1.36294e-05
t4                  =  1.41146e-05
t5                  =  1.45975e-05
t6                  =  1.50829e-05
t7                  =  1.55659e-05
t8                  =  1.60503e-05
t9                  =  1.65360e-05
t10                 =  1.70190e-05
t11                 =  1.75043e-05
t12                 =  1.79869e-05
idd_run             =  -6.65918e-06 from=  1.26300e-05 to=  2.10500e-05
vmax                =  1.21608e+00 at=  1.70242e-05
vmin                =  -1.02967e-02 at=  2.01639e-05
Note: Simulation executed from .control section 
Warning: m=xx on .subckt line will override multiplier m hierarchy!

Note: Starting dynamic gmin stepping
Note: Dynamic gmin stepping completed
Note: Starting dynamic gmin stepping
Note: Dynamic gmin stepping completed
