
Note: No compatibility mode selected!


Circuit: * tt_analog_ring, code 8

Doing analysis at TEMP = -40.000000 and TNOM = 27.000000

Using SPARSE 1.3 as Direct Linear Solver
 Reference value :  0.00000e+00
No. of Data Rows : 1
idd_dis=3.10376E-05 vbp=0.603937 vbn=0.336183 clk_dis=1.08
Doing analysis at TEMP = -40.000000 and TNOM = 27.000000

Using SPARSE 1.3 as Direct Linear Solver

Initial Transient Solution
--------------------------

Node                                   Voltage
----                                   -------
vpwr                                      1.08
code[0]                                      0
code[1]                                      0
code[2]                                      0
code[3]                                   1.08
code[4]                                      0
code[5]                                      0
code[6]                                      0
code[7]                                      0
enable                                       0
xdut.vbp                              0.603937
xdut.vbn                              0.336183
xdut.n0                            4.94977e-08
xdut.p0                                   1.08
xdut.na0                              0.901886
xdut.s0                                   1.08
xdut.s10                               1.08594
xdut.n1                             4.2404e-07
xdut.p1                                   1.08
xdut.s1                            4.36386e-07
xdut.n2                            2.83236e-08
xdut.p2                                   1.08
xdut.s2                                   1.08
xdut.n3                             4.2404e-07
xdut.p3                                   1.08
xdut.s3                            4.36386e-07
xdut.n4                            2.83236e-08
xdut.p4                                   1.08
xdut.s4                                   1.08
xdut.n5                             4.2404e-07
xdut.p5                                   1.08
xdut.s5                            4.36386e-07
xdut.n6                            2.83236e-08
xdut.p6                                   1.08
xdut.s6                                   1.08
xdut.n7                             4.2404e-07
xdut.p7                                   1.08
xdut.s7                            4.36386e-07
xdut.n8                            2.83236e-08
xdut.p8                                   1.08
xdut.s8                                   1.08
xdut.n9                             4.2661e-07
xdut.p9                                   1.08
xdut.s9                            4.39057e-07
xdut.n10                           2.83957e-08
xdut.p10                               1.08561
xdut.b1                             3.0886e-08
clk_out                                   1.08
ven#branch                         1.99138e-12
vc7#branch                         2.00181e-12
vc6#branch                         1.00091e-12
vc5#branch                         5.00454e-13
vc4#branch                         2.50227e-13
vc3#branch                        -2.29917e-09
vc2#branch                         6.25567e-14
vc1#branch                         3.12784e-14
vc0#branch                         1.56392e-14
vdd#branch                        -3.10376e-05

 Reference value :  0.00000e+00
 Reference value :  9.99240e-09
 Reference value :  2.31924e-08
 Reference value :  3.60624e-08
 Reference value :  4.86024e-08
 Reference value :  6.14724e-08
 Reference value :  7.43424e-08
 Reference value :  8.68824e-08
 Reference value :  9.90400e-08
 Reference value :  1.03841e-07
 Reference value :  1.10441e-07
 Reference value :  1.16381e-07
 Reference value :  1.22355e-07
 Reference value :  1.28625e-07
 Reference value :  1.34895e-07
 Reference value :  1.41376e-07
 Reference value :  1.47646e-07
 Reference value :  1.54246e-07
 Reference value :  1.60444e-07
 Reference value :  1.66920e-07
 Reference value :  1.72860e-07
 Reference value :  1.79790e-07
 Reference value :  1.85609e-07
 Reference value :  1.92209e-07
 Reference value :  1.99139e-07
 Reference value :  2.05252e-07
 Reference value :  2.11852e-07
 Reference value :  2.18782e-07
 Reference value :  2.24613e-07
 Reference value :  2.30883e-07
 Reference value :  2.37813e-07
 Reference value :  2.43473e-07
 Reference value :  2.50073e-07
 Reference value :  2.56673e-07
 Reference value :  2.62822e-07
 Reference value :  2.69092e-07
 Reference value :  2.76022e-07
 Reference value :  2.82124e-07
 Reference value :  2.88724e-07
 Reference value :  2.95654e-07
 Reference value :  3.01808e-07
 Reference value :  3.08078e-07
 Reference value :  3.14678e-07
 Reference value :  3.20405e-07
 Reference value :  3.26675e-07
 Reference value :  3.32945e-07
 Reference value :  3.39099e-07
 Reference value :  3.45699e-07
 Reference value :  3.51969e-07
 Reference value :  3.58360e-07
 Reference value :  3.64630e-07
 Reference value :  3.70900e-07
 Reference value :  3.77385e-07
 Reference value :  3.83985e-07
 Reference value :  3.90255e-07
 Reference value :  3.96363e-07
 Reference value :  4.02906e-07
 Reference value :  4.09176e-07
 Reference value :  4.15710e-07
 Reference value :  4.21930e-07
 Reference value :  4.28200e-07
 Reference value :  4.35093e-07
 Reference value :  4.41533e-07
 Reference value :  4.48133e-07
 Reference value :  4.54733e-07
 Reference value :  4.60893e-07
 Reference value :  4.67163e-07
 Reference value :  4.74093e-07
 Reference value :  4.80111e-07
 Reference value :  4.86711e-07
 Reference value :  4.93641e-07
 Reference value :  4.99791e-07
 Reference value :  5.06061e-07
 Reference value :  5.12991e-07
 Reference value :  5.19154e-07
 Reference value :  5.25754e-07
 Reference value :  5.32354e-07
 Reference value :  5.38606e-07
 Reference value :  5.44876e-07
 Reference value :  5.51476e-07
 Reference value :  5.57470e-07
 Reference value :  5.63740e-07
 Reference value :  5.70340e-07
 Reference value :  5.76610e-07
 Reference value :  5.82880e-07
 Reference value :  5.89150e-07
 Reference value :  5.95186e-07
 Reference value :  6.01456e-07
 Reference value :  6.07726e-07
 Reference value :  6.14223e-07
 Reference value :  6.20493e-07
 Reference value :  6.26763e-07
 Reference value :  6.32804e-07
 Reference value :  6.39074e-07
 Reference value :  6.45344e-07
 Reference value :  6.51837e-07
 Reference value :  6.58107e-07
 Reference value :  6.64707e-07
 Reference value :  6.70888e-07
 Reference value :  6.77351e-07
 Reference value :  6.83621e-07
 Reference value :  6.90486e-07
 Reference value :  6.96711e-07
 Reference value :  7.02981e-07
 Reference value :  7.09251e-07
 Reference value :  7.14970e-07
 Reference value :  7.21240e-07
 Reference value :  7.27840e-07
 Reference value :  7.33667e-07
 Reference value :  7.40267e-07
 Reference value :  7.46867e-07
 Reference value :  7.52920e-07
 Reference value :  7.59190e-07
 Reference value :  7.65460e-07
 Reference value :  7.71615e-07
 Reference value :  7.77555e-07
 Reference value :  7.83825e-07
 Reference value :  7.90214e-07
 Reference value :  7.96484e-07
 Reference value :  8.02754e-07
 Reference value :  8.08906e-07
 Reference value :  8.15506e-07
 Reference value :  8.22106e-07
 Reference value :  8.28239e-07
 Reference value :  8.34778e-07
 Reference value :  8.41048e-07
 Reference value :  8.47578e-07
 Reference value :  8.53797e-07
 Reference value :  8.60397e-07
 Reference value :  8.66997e-07
 Reference value :  8.72775e-07
 Reference value :  8.79375e-07
 Reference value :  8.85975e-07
 Reference value :  8.91801e-07
 Reference value :  8.98071e-07
 Reference value :  9.04671e-07
 Reference value :  9.10347e-07
 Reference value :  9.16947e-07
 Reference value :  9.23547e-07
 Reference value :  9.29696e-07
 Reference value :  9.36296e-07
 Reference value :  9.43226e-07
 Reference value :  9.49329e-07
 Reference value :  9.55929e-07
 Reference value :  9.62529e-07
 Reference value :  9.68354e-07
 Reference value :  9.74624e-07
 Reference value :  9.80894e-07
 Reference value :  9.86927e-07
 Reference value :  9.93197e-07
 Reference value :  9.99467e-07
 Reference value :  1.00562e-06
 Reference value :  1.01222e-06
 Reference value :  1.01849e-06
 Reference value :  1.02468e-06
 Reference value :  1.03124e-06
 Reference value :  1.03751e-06
 Reference value :  1.04411e-06
 Reference value :  1.05068e-06
 Reference value :  1.05728e-06
 Reference value :  1.06343e-06
 Reference value :  1.06947e-06
 Reference value :  1.07574e-06
 Reference value :  1.08234e-06
 Reference value :  1.08850e-06
 Reference value :  1.09510e-06
 Reference value :  1.10203e-06
 Reference value :  1.10767e-06
 Reference value :  1.11394e-06
 Reference value :  1.12054e-06
 Reference value :  1.12669e-06
 Reference value :  1.13362e-06
 Reference value :  1.14022e-06
 Reference value :  1.14630e-06
 Reference value :  1.15290e-06
 Reference value :  1.15917e-06
 Reference value :  1.16531e-06
 Reference value :  1.17158e-06
 Reference value :  1.17785e-06
 Reference value :  1.18431e-06
 Reference value :  1.19058e-06
 Reference value :  1.19685e-06
 Reference value :  1.20270e-06
 Reference value :  1.20930e-06
 Reference value :  1.21590e-06
 Reference value :  1.22184e-06
 Reference value :  1.22844e-06
 Reference value :  1.23504e-06
 Reference value :  1.24119e-06
 Reference value :  1.24812e-06
 Reference value :  1.25505e-06
 Reference value :  1.26145e-06
 Reference value :  1.26772e-06
 Reference value :  1.27465e-06
 Reference value :  1.28113e-06
 Reference value :  1.28773e-06
 Reference value :  1.29433e-06
 Reference value :  1.30077e-06
 Reference value :  1.30737e-06
 Reference value :  1.31364e-06
 Reference value :  1.31979e-06
 Reference value :  1.32606e-06
 Reference value :  1.33233e-06
 Reference value :  1.33876e-06
 Reference value :  1.34564e-06
 Reference value :  1.35191e-06
 Reference value :  1.35811e-06
 Reference value :  1.36466e-06
 Reference value :  1.37093e-06
 Reference value :  1.37753e-06
 Reference value :  1.38367e-06
 Reference value :  1.39027e-06
 Reference value :  1.39687e-06
 Reference value :  1.40279e-06
 Reference value :  1.40906e-06
 Reference value :  1.41599e-06
 Reference value :  1.42198e-06
 Reference value :  1.42825e-06
 Reference value :  1.43518e-06
 Reference value :  1.44145e-06
 Reference value :  1.44772e-06
 Reference value :  1.45432e-06
 Reference value :  1.46001e-06
 Reference value :  1.46661e-06
 Reference value :  1.47288e-06
 Reference value :  1.47907e-06
 Reference value :  1.48534e-06
 Reference value :  1.49128e-06
 Reference value :  1.49764e-06
 Reference value :  1.50358e-06
 Reference value :  1.51018e-06
 Reference value :  1.51635e-06
 Reference value :  1.52262e-06
 Reference value :  1.52889e-06
 Reference value :  1.53499e-06
 Reference value :  1.54153e-06
 Reference value :  1.54780e-06
 Reference value :  1.55434e-06
 Reference value :  1.56056e-06
 Reference value :  1.56716e-06
 Reference value :  1.57376e-06
 Reference value :  1.57981e-06
 Reference value :  1.58608e-06
 Reference value :  1.59268e-06
 Reference value :  1.59851e-06
 Reference value :  1.60478e-06
 Reference value :  1.61138e-06
 Reference value :  1.61742e-06
 Reference value :  1.62402e-06
 Reference value :  1.63062e-06
 Reference value :  1.63678e-06
 Reference value :  1.64305e-06
 Reference value :  1.64932e-06
 Reference value :  1.65537e-06
 Reference value :  1.66164e-06
 Reference value :  1.66791e-06
 Reference value :  1.67374e-06
 Reference value :  1.68001e-06
 Reference value :  1.68628e-06
 Reference value :  1.69234e-06
 Reference value :  1.69861e-06
 Reference value :  1.70488e-06
 Reference value :  1.71141e-06
 Reference value :  1.71763e-06
 Reference value :  1.72423e-06
 Reference value :  1.73083e-06
 Reference value :  1.73689e-06
 Reference value :  1.74316e-06
 Reference value :  1.74976e-06
 Reference value :  1.75558e-06
 Reference value :  1.76185e-06
 Reference value :  1.76878e-06
 Reference value :  1.77454e-06
 Reference value :  1.78114e-06
 Reference value :  1.78774e-06
 Reference value :  1.79389e-06
 Reference value :  1.80049e-06
 Reference value :  1.80742e-06
 Reference value :  1.81357e-06
 Reference value :  1.82017e-06
 Reference value :  1.82677e-06
 Reference value :  1.83297e-06
 Reference value :  1.83957e-06
 Reference value :  1.84617e-06
 Reference value :  1.85170e-06
 Reference value :  1.85797e-06
 Reference value :  1.86424e-06
 Reference value :  1.87040e-06
 Reference value :  1.87667e-06
 Reference value :  1.88261e-06
 Reference value :  1.88866e-06
 Reference value :  1.89526e-06
 Reference value :  1.90186e-06
 Reference value :  1.90835e-06
 Reference value :  1.91495e-06
 Reference value :  1.92155e-06
 Reference value :  1.92767e-06
 Reference value :  1.93421e-06
 Reference value :  1.94081e-06
 Reference value :  1.94729e-06
 Reference value :  1.95389e-06
 Reference value :  1.96049e-06
 Reference value :  1.96669e-06
 Reference value :  1.97316e-06
 Reference value :  1.97943e-06
No. of Data Rows : 6063
vhold_min           =  1.08000e+00 at=  1.32000e-11
tfirst              =  1.20562e-07
t1                  =  1.20056e-06
t2                  =  1.23980e-06
t3                  =  1.27907e-06
t4                  =  1.31836e-06
t5                  =  1.35763e-06
t6                  =  1.39691e-06
t7                  =  1.43614e-06
t8                  =  1.47538e-06
t9                  =  1.51465e-06
t10                 =  1.55391e-06
t11                 =  1.59317e-06
t12                 =  1.63243e-06
idd_run             =  -3.27532e-05 from=  1.18800e-06 to=  1.98000e-06
vmax                =  1.10303e+00 at=  1.78998e-06
vmin                =  -2.23447e-02 at=  1.84870e-06
Note: Simulation executed from .control section 
Note: Starting dynamic gmin stepping
Note: Dynamic gmin stepping completed
Note: Starting dynamic gmin stepping
Note: Dynamic gmin stepping completed
