
Note: Compatibility modes selected: hs a


Circuit: * tt_analog_ring, code 16

Doing analysis at TEMP = 125.000000 and TNOM = 27.000000

Using SPARSE 1.3 as Direct Linear Solver
 Reference value :  0.00000e+00
No. of Data Rows : 1
idd_dis=5.23237E-05 vbp=0.972338 vbn=0.239922 clk_dis=1.31999
Doing analysis at TEMP = 125.000000 and TNOM = 27.000000

Using SPARSE 1.3 as Direct Linear Solver

Initial Transient Solution
--------------------------

Node                                   Voltage
----                                   -------
vpwr                                      1.32
code[0]                                      0
code[1]                                      0
code[2]                                      0
code[3]                                      0
code[4]                                   1.32
code[5]                                      0
code[6]                                      0
code[7]                                      0
enable                                       0
xdut.vbp                              0.972338
clk_out                                1.31999
xdut.b1                             2.2642e-05
xdut.s3                            0.000506504
xdut.s2                                1.31986
xdut.n_126                             1.31949
xdut.s1                            0.000507379
xdut.n_125                             1.31987
xdut.s10                               1.31986
xdut.s6                                1.31986
xdut.s5                            0.000506504
xdut.n_128                             1.31987
xdut.s9                            0.000506504
xdut.n_133                             1.31987
xdut.s4                                1.31986
xdut.n_129                             1.31949
xdut.s8                                1.31986
xdut.n_132                             1.31949
xdut.s7                            0.000506504
xdut.n_130                             1.31949
xdut.n_127                             1.31987
xdut.n_131                             1.31987
xdut.s0                                1.31976
xdut.n_124                             1.31949
xdut.n_71                          0.000485449
xdut.n_72                          0.000484613
xdut.n_70                          0.000117197
xdut.n_77                          0.000484613
xdut.n_75                          0.000117199
xdut.n_73                          0.000117197
xdut.n_67                          0.000117197
xdut.n_76                          0.000117197
xdut.n_69                          0.000484613
xdut.n_74                          0.000484613
xdut.n_122                             1.31977
xdut.n_i1005                           1.12642
xdut.n_68                          0.000203753
xdut.vbn                              0.239922
ven#branch                         5.60683e-11
vc7#branch                           1.522e-10
vc6#branch                         7.60999e-11
vc5#branch                           3.805e-11
vc4#branch                        -6.86755e-08
vc3#branch                         9.51249e-12
vc2#branch                         4.75624e-12
vc1#branch                         2.37812e-12
vc0#branch                         1.18906e-12
vdd#branch                        -5.23237e-05

 Reference value :  0.00000e+00
 Reference value :  2.53922e-08
 Reference value :  5.21284e-08
 Reference value :  7.85033e-08
 Reference value :  1.04878e-07
 Reference value :  1.18335e-07
 Reference value :  1.32425e-07
 Reference value :  1.46176e-07
 Reference value :  1.60266e-07
 Reference value :  1.75080e-07
 Reference value :  1.89166e-07
 Reference value :  2.03257e-07
 Reference value :  2.16957e-07
 Reference value :  2.31048e-07
 Reference value :  2.45861e-07
 Reference value :  2.60292e-07
 Reference value :  2.74383e-07
 Reference value :  2.87533e-07
 Reference value :  3.01624e-07
 Reference value :  3.16405e-07
 Reference value :  3.31218e-07
 Reference value :  3.46031e-07
 Reference value :  3.59722e-07
 Reference value :  3.72368e-07
 Reference value :  3.81762e-07
 Reference value :  3.91122e-07
 Reference value :  3.99794e-07
 Reference value :  4.08826e-07
 Reference value :  4.17392e-07
 Reference value :  4.25926e-07
 Reference value :  4.36404e-07
 Reference value :  4.44713e-07
 Reference value :  4.53023e-07
 Reference value :  4.63140e-07
 Reference value :  4.76147e-07
 Reference value :  4.86263e-07
 Reference value :  4.94119e-07
 Reference value :  5.02790e-07
 Reference value :  5.11461e-07
 Reference value :  5.20494e-07
 Reference value :  5.29035e-07
 Reference value :  5.37706e-07
 Reference value :  5.46378e-07
 Reference value :  5.55410e-07
 Reference value :  5.64249e-07
 Reference value :  5.73281e-07
 Reference value :  5.81952e-07
 Reference value :  5.90624e-07
 Reference value :  5.99168e-07
 Reference value :  6.07477e-07
 Reference value :  6.16149e-07
 Reference value :  6.25048e-07
 Reference value :  6.33645e-07
 Reference value :  6.42677e-07
 Reference value :  6.51348e-07
 Reference value :  6.60250e-07
 Reference value :  6.69282e-07
 Reference value :  6.78315e-07
 Reference value :  6.86986e-07
 Reference value :  6.95833e-07
 Reference value :  7.04866e-07
 Reference value :  7.13898e-07
 Reference value :  7.22569e-07
 Reference value :  7.31840e-07
 Reference value :  7.40511e-07
 Reference value :  7.49182e-07
 Reference value :  7.58215e-07
 Reference value :  7.66240e-07
 Reference value :  7.74911e-07
 Reference value :  7.83583e-07
 Reference value :  7.91893e-07
 Reference value :  8.01141e-07
 Reference value :  8.09812e-07
 Reference value :  8.18483e-07
 Reference value :  8.27154e-07
 Reference value :  8.35081e-07
 Reference value :  8.43752e-07
 Reference value :  8.52784e-07
 Reference value :  8.61456e-07
 Reference value :  8.71200e-07
 Reference value :  8.79871e-07
 Reference value :  8.88542e-07
 Reference value :  8.97574e-07
 Reference value :  9.04929e-07
 Reference value :  9.13600e-07
 Reference value :  9.22271e-07
 Reference value :  9.30943e-07
 Reference value :  9.39920e-07
 Reference value :  9.48591e-07
 Reference value :  9.57262e-07
 Reference value :  9.66656e-07
 Reference value :  9.74513e-07
 Reference value :  9.83184e-07
 Reference value :  9.92217e-07
 Reference value :  1.00125e-06
 Reference value :  1.01015e-06
 Reference value :  1.01882e-06
 Reference value :  1.02749e-06
 Reference value :  1.03689e-06
 Reference value :  1.04501e-06
 Reference value :  1.05332e-06
 Reference value :  1.06199e-06
 Reference value :  1.07138e-06
 Reference value :  1.08029e-06
 Reference value :  1.08933e-06
 Reference value :  1.09836e-06
 Reference value :  1.10771e-06
 Reference value :  1.11615e-06
 Reference value :  1.12518e-06
 Reference value :  1.13385e-06
 Reference value :  1.14316e-06
 Reference value :  1.15213e-06
 Reference value :  1.16116e-06
 Reference value :  1.16983e-06
 Reference value :  1.17850e-06
 Reference value :  1.18789e-06
 Reference value :  1.19657e-06
 Reference value :  1.20560e-06
 Reference value :  1.21535e-06
 Reference value :  1.22439e-06
 Reference value :  1.23306e-06
 Reference value :  1.24245e-06
 Reference value :  1.25027e-06
 Reference value :  1.25931e-06
 Reference value :  1.26834e-06
 Reference value :  1.27737e-06
 Reference value :  1.28554e-06
 Reference value :  1.29457e-06
 Reference value :  1.30324e-06
 Reference value :  1.31263e-06
 Reference value :  1.32062e-06
 Reference value :  1.32965e-06
 Reference value :  1.33868e-06
 Reference value :  1.34807e-06
 Reference value :  1.35671e-06
 Reference value :  1.36538e-06
 Reference value :  1.37441e-06
 Reference value :  1.38345e-06
 Reference value :  1.39173e-06
 Reference value :  1.40040e-06
 Reference value :  1.40907e-06
 Reference value :  1.41847e-06
 Reference value :  1.42784e-06
 Reference value :  1.43651e-06
 Reference value :  1.44554e-06
 Reference value :  1.45350e-06
 Reference value :  1.46235e-06
 Reference value :  1.47138e-06
 Reference value :  1.48041e-06
 Reference value :  1.48934e-06
 Reference value :  1.49873e-06
 Reference value :  1.50776e-06
 Reference value :  1.51680e-06
 Reference value :  1.52457e-06
 Reference value :  1.53324e-06
 Reference value :  1.54192e-06
 Reference value :  1.55059e-06
 Reference value :  1.55947e-06
 Reference value :  1.56778e-06
 Reference value :  1.57609e-06
 Reference value :  1.58440e-06
 Reference value :  1.59261e-06
 Reference value :  1.60128e-06
 Reference value :  1.60995e-06
 Reference value :  1.61898e-06
 Reference value :  1.62788e-06
 Reference value :  1.63655e-06
 Reference value :  1.64522e-06
 Reference value :  1.65389e-06
 Reference value :  1.66229e-06
 Reference value :  1.67133e-06
 Reference value :  1.67964e-06
 Reference value :  1.68831e-06
 Reference value :  1.69719e-06
 Reference value :  1.70586e-06
 Reference value :  1.71454e-06
 Reference value :  1.72357e-06
 Reference value :  1.73176e-06
 Reference value :  1.74043e-06
 Reference value :  1.74946e-06
 Reference value :  1.75777e-06
 Reference value :  1.76630e-06
 Reference value :  1.77497e-06
 Reference value :  1.78364e-06
 Reference value :  1.79231e-06
 Reference value :  1.80031e-06
 Reference value :  1.80934e-06
 Reference value :  1.81765e-06
 Reference value :  1.82632e-06
 Reference value :  1.83527e-06
 Reference value :  1.84394e-06
 Reference value :  1.85261e-06
 Reference value :  1.86128e-06
 Reference value :  1.86946e-06
 Reference value :  1.87813e-06
 Reference value :  1.88644e-06
 Reference value :  1.89547e-06
 Reference value :  1.90436e-06
 Reference value :  1.91339e-06
 Reference value :  1.92206e-06
 Reference value :  1.93109e-06
 Reference value :  1.93906e-06
 Reference value :  1.94809e-06
 Reference value :  1.95677e-06
 Reference value :  1.96544e-06
 Reference value :  1.97482e-06
 Reference value :  1.98313e-06
 Reference value :  1.99180e-06
 Reference value :  2.00120e-06
 Reference value :  2.00948e-06
 Reference value :  2.01815e-06
 Reference value :  2.02718e-06
 Reference value :  2.03621e-06
 Reference value :  2.04558e-06
 Reference value :  2.05425e-06
 Reference value :  2.06292e-06
 Reference value :  2.07196e-06
 Reference value :  2.07927e-06
 Reference value :  2.08794e-06
 Reference value :  2.09662e-06
 Reference value :  2.10565e-06
 Reference value :  2.11504e-06
 Reference value :  2.12371e-06
 Reference value :  2.13238e-06
 Reference value :  2.14142e-06
 Reference value :  2.14924e-06
 Reference value :  2.15719e-06
 Reference value :  2.16800e-06
No. of Data Rows : 6057
vhold_min           =  1.31999e+00 at=  1.44520e-11
tfirst              =  1.40792e-07
t1                  =  1.34979e-06
t2                  =  1.41886e-06
t3                  =  1.48787e-06
t4                  =  1.55692e-06
t5                  =  1.62598e-06
t6                  =  1.69500e-06
t7                  =  1.76406e-06
t8                  =  1.83307e-06
t9                  =  1.90213e-06
t10                 =  1.97116e-06
t11                 =  2.04022e-06
t12                 =  2.10925e-06
idd_run             =  -5.81035e-05 from=  1.30100e-06 to=  2.16800e-06
vmax                =  1.34582e+00 at=  1.76455e-06
vmin                =  -3.76561e-02 at=  2.07437e-06
Note: Simulation executed from .control section 
Warning: m=xx on .subckt line will override multiplier m hierarchy!

Note: Starting dynamic gmin stepping
Note: Dynamic gmin stepping completed
Note: Starting dynamic gmin stepping
Note: Dynamic gmin stepping completed
