
Note: Compatibility modes selected: hs a


Circuit: * tt_analog_ring, code 32

Doing analysis at TEMP = 125.000000 and TNOM = 27.000000

Using SPARSE 1.3 as Direct Linear Solver
 Reference value :  0.00000e+00
No. of Data Rows : 1
idd_dis=8.06649E-05 vbp=0.813979 vbn=0.27318 clk_dis=1.19999
Doing analysis at TEMP = 125.000000 and TNOM = 27.000000

Using SPARSE 1.3 as Direct Linear Solver

Initial Transient Solution
--------------------------

Node                                   Voltage
----                                   -------
vpwr                                       1.2
code[0]                                      0
code[1]                                      0
code[2]                                      0
code[3]                                      0
code[4]                                      0
code[5]                                    1.2
code[6]                                      0
code[7]                                      0
enable                                       0
xdut.vbp                              0.813979
clk_out                                1.19999
xdut.b1                            2.29123e-05
xdut.s3                            0.000357951
xdut.s2                                 1.1999
xdut.n_126                             1.19965
xdut.s1                            0.000358397
xdut.n_125                             1.19991
xdut.s10                                1.1999
xdut.s6                                 1.1999
xdut.s5                            0.000357951
xdut.n_128                             1.19991
xdut.s9                            0.000357951
xdut.n_133                             1.19991
xdut.s4                                 1.1999
xdut.n_129                             1.19965
xdut.s8                                 1.1999
xdut.n_132                             1.19965
xdut.s7                            0.000357951
xdut.n_130                             1.19965
xdut.n_127                             1.19991
xdut.n_131                             1.19991
xdut.s0                                1.19983
xdut.n_124                             1.19964
xdut.n_71                           0.00033603
xdut.n_72                          0.000335614
xdut.n_70                          8.31568e-05
xdut.n_77                          0.000335614
xdut.n_75                          8.31576e-05
xdut.n_73                          8.31568e-05
xdut.n_67                          8.31568e-05
xdut.n_76                          8.31568e-05
xdut.n_69                          0.000335614
xdut.n_74                          0.000335614
xdut.n_122                             1.19984
xdut.n_i1005                           1.01811
xdut.n_68                          0.000143735
xdut.vbn                               0.27318
ven#branch                         4.00131e-11
vc7#branch                         1.10964e-10
vc6#branch                          5.5482e-11
vc5#branch                        -8.39284e-08
vc4#branch                         1.38705e-11
vc3#branch                         6.93525e-12
vc2#branch                         3.46762e-12
vc1#branch                         1.73381e-12
vc0#branch                         8.66906e-13
vdd#branch                        -8.06649e-05

 Reference value :  0.00000e+00
 Reference value :  7.25469e-09
 Reference value :  1.60117e-08
 Reference value :  2.47687e-08
 Reference value :  3.35257e-08
 Reference value :  4.22827e-08
 Reference value :  5.10397e-08
 Reference value :  5.84900e-08
 Reference value :  6.27936e-08
 Reference value :  6.74640e-08
 Reference value :  7.23290e-08
 Reference value :  7.73886e-08
 Reference value :  8.16844e-08
 Reference value :  8.63548e-08
 Reference value :  9.12198e-08
 Reference value :  9.64740e-08
 Reference value :  1.01339e-07
 Reference value :  1.06009e-07
 Reference value :  1.10680e-07
 Reference value :  1.15739e-07
 Reference value :  1.20194e-07
 Reference value :  1.24865e-07
 Reference value :  1.29730e-07
 Reference value :  1.34984e-07
 Reference value :  1.39844e-07
 Reference value :  1.44709e-07
 Reference value :  1.49379e-07
 Reference value :  1.54633e-07
 Reference value :  1.59203e-07
 Reference value :  1.63873e-07
 Reference value :  1.68544e-07
 Reference value :  1.73798e-07
 Reference value :  1.78663e-07
 Reference value :  1.83333e-07
 Reference value :  1.87809e-07
 Reference value :  1.92869e-07
 Reference value :  1.97540e-07
 Reference value :  2.02211e-07
 Reference value :  2.06881e-07
 Reference value :  2.12135e-07
 Reference value :  2.16799e-07
 Reference value :  2.21274e-07
 Reference value :  2.26139e-07
 Reference value :  2.31394e-07
 Reference value :  2.36214e-07
 Reference value :  2.40689e-07
 Reference value :  2.45360e-07
 Reference value :  2.50419e-07
 Reference value :  2.55479e-07
 Reference value :  2.60149e-07
 Reference value :  2.64820e-07
 Reference value :  2.69879e-07
 Reference value :  2.74537e-07
 Reference value :  2.79207e-07
 Reference value :  2.83878e-07
 Reference value :  2.88937e-07
 Reference value :  2.93802e-07
 Reference value :  2.98473e-07
 Reference value :  3.03143e-07
 Reference value :  3.08397e-07
 Reference value :  3.12908e-07
 Reference value :  3.17773e-07
 Reference value :  3.22443e-07
 Reference value :  3.27308e-07
 Reference value :  3.32364e-07
 Reference value :  3.37035e-07
 Reference value :  3.41900e-07
 Reference value :  3.47154e-07
 Reference value :  3.51901e-07
 Reference value :  3.56571e-07
 Reference value :  3.61436e-07
 Reference value :  3.66496e-07
 Reference value :  3.71555e-07
 Reference value :  3.76420e-07
 Reference value :  3.81285e-07
 Reference value :  3.86540e-07
 Reference value :  3.91231e-07
 Reference value :  3.96096e-07
 Reference value :  4.00766e-07
 Reference value :  4.06020e-07
 Reference value :  4.10881e-07
 Reference value :  4.15746e-07
 Reference value :  4.20611e-07
 Reference value :  4.25865e-07
 Reference value :  4.30655e-07
 Reference value :  4.35715e-07
 Reference value :  4.40580e-07
 Reference value :  4.45834e-07
 Reference value :  4.50699e-07
 Reference value :  4.55369e-07
 Reference value :  4.60234e-07
 Reference value :  4.65379e-07
 Reference value :  4.70143e-07
 Reference value :  4.74813e-07
 Reference value :  4.79678e-07
 Reference value :  4.84738e-07
 Reference value :  4.89794e-07
 Reference value :  4.94464e-07
 Reference value :  4.99329e-07
 Reference value :  5.04309e-07
 Reference value :  5.09341e-07
 Reference value :  5.14206e-07
 Reference value :  5.19071e-07
 Reference value :  5.24130e-07
 Reference value :  5.28995e-07
 Reference value :  5.33860e-07
 Reference value :  5.38531e-07
 Reference value :  5.43409e-07
 Reference value :  5.48469e-07
 Reference value :  5.53334e-07
 Reference value :  5.58199e-07
 Reference value :  5.63254e-07
 Reference value :  5.68119e-07
 Reference value :  5.72984e-07
 Reference value :  5.77849e-07
 Reference value :  5.83224e-07
 Reference value :  5.88089e-07
 Reference value :  5.92759e-07
 Reference value :  5.97624e-07
 Reference value :  6.03073e-07
 Reference value :  6.07938e-07
 Reference value :  6.12803e-07
 Reference value :  6.18057e-07
 Reference value :  6.22908e-07
 Reference value :  6.27773e-07
 Reference value :  6.32638e-07
 Reference value :  6.37698e-07
 Reference value :  6.42950e-07
 Reference value :  6.48010e-07
 Reference value :  6.52875e-07
 Reference value :  6.58324e-07
 Reference value :  6.63069e-07
 Reference value :  6.67934e-07
 Reference value :  6.72799e-07
 Reference value :  6.78053e-07
 Reference value :  6.83113e-07
 Reference value :  6.87978e-07
 Reference value :  6.92843e-07
 Reference value :  6.97866e-07
 Reference value :  7.02599e-07
 Reference value :  7.07464e-07
 Reference value :  7.12524e-07
 Reference value :  7.17778e-07
 Reference value :  7.22836e-07
 Reference value :  7.27701e-07
 Reference value :  7.32566e-07
 Reference value :  7.37503e-07
 Reference value :  7.42757e-07
 Reference value :  7.47622e-07
 Reference value :  7.52487e-07
 Reference value :  7.57741e-07
 Reference value :  7.62606e-07
 Reference value :  7.67666e-07
 Reference value :  7.72920e-07
 Reference value :  7.77815e-07
 Reference value :  7.82875e-07
 Reference value :  7.87935e-07
 Reference value :  7.92994e-07
 Reference value :  7.98054e-07
 Reference value :  8.03308e-07
 Reference value :  8.08368e-07
 Reference value :  8.14011e-07
 Reference value :  8.18747e-07
 Reference value :  8.24001e-07
 Reference value :  8.29061e-07
 Reference value :  8.34120e-07
 Reference value :  8.39180e-07
 Reference value :  8.44045e-07
 Reference value :  8.48910e-07
 Reference value :  8.54006e-07
 Reference value :  8.59066e-07
 Reference value :  8.63736e-07
 Reference value :  8.68796e-07
 Reference value :  8.73855e-07
 Reference value :  8.78720e-07
 Reference value :  8.83585e-07
 Reference value :  8.88839e-07
 Reference value :  8.93764e-07
 Reference value :  8.98434e-07
 Reference value :  9.03299e-07
 Reference value :  9.08164e-07
 Reference value :  9.13419e-07
 Reference value :  9.18284e-07
 Reference value :  9.23149e-07
 Reference value :  9.28403e-07
 Reference value :  9.33310e-07
 Reference value :  9.38175e-07
 Reference value :  9.43040e-07
 Reference value :  9.48099e-07
 Reference value :  9.53159e-07
 Reference value :  9.58218e-07
 Reference value :  9.63083e-07
 Reference value :  9.68338e-07
 Reference value :  9.72869e-07
 Reference value :  9.77734e-07
 Reference value :  9.82599e-07
 Reference value :  9.87853e-07
 Reference value :  9.92718e-07
 Reference value :  9.97583e-07
 Reference value :  1.00264e-06
 Reference value :  1.00806e-06
 Reference value :  1.01281e-06
 Reference value :  1.01767e-06
 Reference value :  1.02234e-06
 Reference value :  1.02740e-06
 Reference value :  1.03207e-06
 Reference value :  1.03694e-06
 Reference value :  1.04200e-06
 Reference value :  1.04714e-06
 Reference value :  1.05217e-06
 Reference value :  1.05684e-06
 Reference value :  1.06170e-06
 Reference value :  1.06676e-06
 Reference value :  1.07163e-06
 Reference value :  1.07649e-06
 Reference value :  1.08136e-06
 Reference value :  1.08647e-06
 Reference value :  1.09153e-06
 Reference value :  1.09659e-06
 Reference value :  1.10165e-06
 Reference value :  1.10709e-06
 Reference value :  1.11196e-06
 Reference value :  1.11682e-06
 Reference value :  1.12208e-06
 Reference value :  1.12699e-06
 Reference value :  1.13186e-06
 Reference value :  1.13692e-06
 Reference value :  1.14198e-06
 Reference value :  1.14723e-06
 Reference value :  1.15210e-06
 Reference value :  1.15696e-06
 Reference value :  1.16222e-06
 Reference value :  1.16694e-06
No. of Data Rows : 6040
vhold_min           =  1.19999e+00 at=  4.43688e-10
tfirst              =  7.72393e-08
t1                  =  7.17423e-07
t2                  =  7.56198e-07
t3                  =  7.94972e-07
t4                  =  8.33746e-07
t5                  =  8.72520e-07
t6                  =  9.11294e-07
t7                  =  9.50069e-07
t8                  =  9.88843e-07
t9                  =  1.02762e-06
t10                 =  1.06639e-06
t11                 =  1.10516e-06
t12                 =  1.14394e-06
idd_run             =  -8.67595e-05 from=  7.00700e-07 to=  1.16800e-06
vmax                =  1.22006e+00 at=  7.17778e-07
vmin                =  -1.50109e-02 at=  1.16316e-06
Note: Simulation executed from .control section 
Warning: m=xx on .subckt line will override multiplier m hierarchy!

Note: Starting dynamic gmin stepping
Note: Dynamic gmin stepping completed
Note: Starting dynamic gmin stepping
Note: Dynamic gmin stepping completed
