
Note: Compatibility modes selected: hs a


Circuit: * tt_analog_ring, code 0

Doing analysis at TEMP = 27.000000 and TNOM = 27.000000

Using SPARSE 1.3 as Direct Linear Solver
 Reference value :  0.00000e+00
No. of Data Rows : 1
idd_dis=5.18095E-06 vbp=0.851864 vbn=0.311874 clk_dis=1.2
Doing analysis at TEMP = 27.000000 and TNOM = 27.000000

Using SPARSE 1.3 as Direct Linear Solver

Initial Transient Solution
--------------------------

Node                                   Voltage
----                                   -------
vpwr                                       1.2
code[0]                                      0
code[1]                                      0
code[2]                                      0
code[3]                                      0
code[4]                                      0
code[5]                                      0
code[6]                                      0
code[7]                                      0
enable                                       0
xdut.vbp                              0.851864
clk_out                                    1.2
xdut.b1                            1.11698e-07
xdut.s3                              8.121e-06
xdut.s2                                    1.2
xdut.n_126                                 1.2
xdut.s1                            8.12109e-06
xdut.n_125                                 1.2
xdut.s10                                   1.2
xdut.s6                                    1.2
xdut.s5                              8.121e-06
xdut.n_128                                 1.2
xdut.s9                              8.121e-06
xdut.n_133                                 1.2
xdut.s4                                    1.2
xdut.n_129                                 1.2
xdut.s8                                    1.2
xdut.n_132                                 1.2
xdut.s7                              8.121e-06
xdut.n_130                                 1.2
xdut.n_127                                 1.2
xdut.n_131                                 1.2
xdut.s0                                    1.2
xdut.n_124                                 1.2
xdut.n_71                           8.0638e-06
xdut.n_72                          8.06371e-06
xdut.n_70                          3.01113e-07
xdut.n_77                          8.06371e-06
xdut.n_75                          3.01113e-07
xdut.n_73                          3.01113e-07
xdut.n_67                          3.01113e-07
xdut.n_76                          3.01113e-07
xdut.n_69                          8.06371e-06
xdut.n_74                          8.06371e-06
xdut.n_122                                 1.2
xdut.n_i1005                           1.00527
xdut.n_68                          6.36437e-07
xdut.vbn                              0.311874
ven#branch                         5.79285e-12
vc7#branch                         1.11425e-11
vc6#branch                         5.57127e-12
vc5#branch                         2.78564e-12
vc4#branch                         1.39282e-12
vc3#branch                         6.96409e-13
vc2#branch                         3.48205e-13
vc1#branch                         1.74102e-13
vc0#branch                         8.70511e-14
vdd#branch                        -5.18095e-06

 Reference value :  0.00000e+00
 Reference value :  1.23798e-07
 Reference value :  2.71176e-07
 Reference value :  4.18554e-07
 Reference value :  5.69441e-07
 Reference value :  7.20328e-07
 Reference value :  8.67706e-07
 Reference value :  1.01859e-06
 Reference value :  1.07422e-06
 Reference value :  1.14440e-06
 Reference value :  1.21107e-06
 Reference value :  1.28827e-06
 Reference value :  1.35298e-06
 Reference value :  1.42316e-06
 Reference value :  1.48983e-06
 Reference value :  1.57054e-06
 Reference value :  1.63564e-06
 Reference value :  1.70231e-06
 Reference value :  1.76898e-06
 Reference value :  1.83852e-06
 Reference value :  1.90444e-06
 Reference value :  1.97111e-06
 Reference value :  2.03778e-06
 Reference value :  2.11147e-06
 Reference value :  2.17635e-06
 Reference value :  2.24302e-06
 Reference value :  2.30969e-06
 Reference value :  2.37546e-06
 Reference value :  2.44704e-06
 Reference value :  2.51371e-06
 Reference value :  2.58038e-06
 Reference value :  2.64887e-06
 Reference value :  2.71730e-06
 Reference value :  2.78397e-06
 Reference value :  2.85064e-06
 Reference value :  2.92151e-06
 Reference value :  2.99169e-06
 Reference value :  3.05836e-06
 Reference value :  3.12503e-06
 Reference value :  3.19188e-06
 Reference value :  3.25504e-06
 Reference value :  3.31469e-06
 Reference value :  3.37434e-06
 Reference value :  3.44059e-06
 Reference value :  3.50364e-06
 Reference value :  3.57032e-06
 Reference value :  3.62997e-06
 Reference value :  3.70366e-06
 Reference value :  3.76128e-06
 Reference value :  3.82444e-06
 Reference value :  3.88409e-06
 Reference value :  3.95076e-06
 Reference value :  3.99746e-06
 Reference value :  4.06062e-06
 Reference value :  4.12027e-06
 Reference value :  4.17993e-06
 Reference value :  4.24948e-06
 Reference value :  4.31191e-06
 Reference value :  4.37156e-06
 Reference value :  4.43472e-06
 Reference value :  4.50139e-06
 Reference value :  4.55909e-06
 Reference value :  4.62225e-06
 Reference value :  4.68541e-06
 Reference value :  4.75559e-06
 Reference value :  4.81064e-06
 Reference value :  4.87380e-06
 Reference value :  4.93696e-06
 Reference value :  5.00012e-06
 Reference value :  5.06863e-06
 Reference value :  5.14583e-06
 Reference value :  5.21601e-06
 Reference value :  5.28970e-06
 Reference value :  5.35378e-06
 Reference value :  5.42045e-06
 Reference value :  5.48361e-06
 Reference value :  5.56783e-06
 Reference value :  5.63154e-06
 Reference value :  5.70172e-06
 Reference value :  5.77190e-06
 Reference value :  5.84909e-06
 Reference value :  5.91379e-06
 Reference value :  5.98397e-06
 Reference value :  6.04713e-06
 Reference value :  6.11029e-06
 Reference value :  6.16836e-06
 Reference value :  6.23152e-06
 Reference value :  6.29118e-06
 Reference value :  6.35785e-06
 Reference value :  6.41565e-06
 Reference value :  6.47179e-06
 Reference value :  6.53846e-06
 Reference value :  6.60864e-06
 Reference value :  6.67369e-06
 Reference value :  6.74387e-06
 Reference value :  6.81054e-06
 Reference value :  6.87721e-06
 Reference value :  6.93773e-06
 Reference value :  7.00090e-06
 Reference value :  7.06406e-06
 Reference value :  7.12020e-06
 Reference value :  7.18069e-06
 Reference value :  7.24445e-06
 Reference value :  7.30410e-06
 Reference value :  7.36375e-06
 Reference value :  7.43393e-06
 Reference value :  7.49537e-06
 Reference value :  7.56204e-06
 Reference value :  7.62520e-06
 Reference value :  7.69187e-06
 Reference value :  7.74995e-06
 Reference value :  7.81312e-06
 Reference value :  7.87628e-06
 Reference value :  7.94295e-06
 Reference value :  7.99365e-06
 Reference value :  8.06032e-06
 Reference value :  8.11997e-06
 Reference value :  8.18314e-06
 Reference value :  8.24913e-06
 Reference value :  8.31498e-06
 Reference value :  8.37463e-06
 Reference value :  8.43428e-06
 Reference value :  8.50446e-06
 Reference value :  8.56375e-06
 Reference value :  8.62691e-06
 Reference value :  8.68656e-06
 Reference value :  8.75674e-06
 Reference value :  8.82218e-06
 Reference value :  8.88885e-06
 Reference value :  8.95903e-06
 Reference value :  9.03623e-06
 Reference value :  9.10403e-06
 Reference value :  9.17421e-06
 Reference value :  9.24439e-06
 Reference value :  9.31712e-06
 Reference value :  9.38921e-06
 Reference value :  9.45939e-06
 Reference value :  9.52957e-06
 Reference value :  9.59742e-06
 Reference value :  9.66760e-06
 Reference value :  9.73778e-06
 Reference value :  9.80445e-06
 Reference value :  9.87954e-06
 Reference value :  9.95323e-06
 Reference value :  1.00234e-05
 Reference value :  1.00971e-05
 Reference value :  1.01695e-05
 Reference value :  1.02396e-05
 Reference value :  1.03098e-05
 Reference value :  1.03824e-05
 Reference value :  1.04481e-05
 Reference value :  1.05147e-05
 Reference value :  1.05849e-05
 Reference value :  1.06581e-05
 Reference value :  1.07277e-05
 Reference value :  1.07943e-05
 Reference value :  1.08645e-05
 Reference value :  1.09399e-05
 Reference value :  1.10101e-05
 Reference value :  1.10803e-05
 Reference value :  1.11540e-05
 Reference value :  1.12119e-05
 Reference value :  1.12821e-05
 Reference value :  1.13488e-05
 Reference value :  1.14190e-05
 Reference value :  1.14842e-05
 Reference value :  1.15508e-05
 Reference value :  1.16175e-05
 Reference value :  1.16912e-05
 Reference value :  1.17607e-05
 Reference value :  1.18274e-05
 Reference value :  1.18906e-05
 Reference value :  1.19572e-05
 Reference value :  1.20192e-05
 Reference value :  1.20824e-05
 Reference value :  1.21491e-05
 Reference value :  1.22157e-05
 Reference value :  1.22802e-05
 Reference value :  1.23434e-05
 Reference value :  1.24136e-05
 Reference value :  1.24838e-05
 Reference value :  1.25548e-05
 Reference value :  1.26215e-05
 Reference value :  1.26916e-05
 Reference value :  1.27653e-05
 Reference value :  1.28331e-05
 Reference value :  1.29033e-05
 Reference value :  1.29700e-05
 Reference value :  1.30472e-05
 Reference value :  1.31153e-05
 Reference value :  1.31855e-05
 Reference value :  1.32557e-05
 Reference value :  1.33288e-05
 Reference value :  1.33983e-05
 Reference value :  1.34649e-05
 Reference value :  1.35316e-05
 Reference value :  1.35995e-05
 Reference value :  1.36697e-05
 Reference value :  1.37364e-05
 Reference value :  1.38065e-05
 Reference value :  1.38653e-05
 Reference value :  1.39382e-05
 Reference value :  1.40048e-05
 Reference value :  1.40645e-05
 Reference value :  1.41297e-05
 Reference value :  1.41998e-05
 Reference value :  1.42665e-05
 Reference value :  1.43367e-05
 Reference value :  1.44098e-05
 Reference value :  1.44799e-05
 Reference value :  1.45501e-05
 Reference value :  1.46238e-05
 Reference value :  1.46891e-05
 Reference value :  1.47557e-05
 Reference value :  1.48259e-05
 Reference value :  1.48996e-05
 Reference value :  1.49678e-05
 Reference value :  1.50380e-05
 Reference value :  1.51047e-05
 Reference value :  1.51784e-05
 Reference value :  1.52458e-05
 Reference value :  1.53160e-05
 Reference value :  1.53862e-05
 Reference value :  1.54634e-05
 Reference value :  1.55312e-05
 Reference value :  1.56014e-05
 Reference value :  1.56645e-05
 Reference value :  1.57327e-05
 Reference value :  1.58064e-05
 Reference value :  1.58766e-05
 Reference value :  1.59503e-05
 Reference value :  1.60261e-05
 Reference value :  1.60963e-05
 Reference value :  1.61629e-05
 Reference value :  1.62366e-05
 Reference value :  1.62946e-05
 Reference value :  1.63613e-05
 Reference value :  1.64350e-05
 Reference value :  1.65122e-05
 Reference value :  1.65809e-05
 Reference value :  1.66511e-05
 Reference value :  1.67213e-05
 Reference value :  1.67908e-05
 Reference value :  1.68615e-05
 Reference value :  1.69282e-05
 Reference value :  1.69983e-05
 Reference value :  1.70704e-05
 Reference value :  1.71403e-05
 Reference value :  1.72105e-05
 Reference value :  1.72772e-05
 Reference value :  1.73330e-05
 Reference value :  1.74032e-05
 Reference value :  1.74699e-05
 Reference value :  1.75366e-05
 Reference value :  1.76100e-05
 Reference value :  1.76802e-05
 Reference value :  1.77504e-05
 Reference value :  1.78171e-05
 Reference value :  1.78877e-05
 Reference value :  1.79544e-05
 Reference value :  1.80246e-05
 Reference value :  1.80947e-05
 Reference value :  1.81626e-05
 Reference value :  1.82293e-05
 Reference value :  1.82960e-05
 Reference value :  1.83697e-05
 Reference value :  1.84261e-05
 Reference value :  1.85033e-05
 Reference value :  1.85699e-05
 Reference value :  1.86471e-05
 Reference value :  1.87172e-05
 Reference value :  1.87874e-05
 Reference value :  1.88576e-05
 Reference value :  1.89265e-05
 Reference value :  1.89922e-05
 Reference value :  1.90624e-05
 Reference value :  1.91326e-05
 Reference value :  1.92051e-05
 Reference value :  1.92753e-05
 Reference value :  1.93455e-05
 Reference value :  1.94122e-05
 Reference value :  1.94844e-05
 Reference value :  1.95581e-05
 Reference value :  1.96318e-05
 Reference value :  1.97055e-05
 Reference value :  1.97628e-05
 Reference value :  1.98330e-05
 Reference value :  1.99032e-05
 Reference value :  1.99804e-05
 Reference value :  2.00492e-05
 Reference value :  2.01194e-05
 Reference value :  2.01896e-05
 Reference value :  2.02668e-05
 Reference value :  2.03369e-05
 Reference value :  2.04071e-05
 Reference value :  2.04738e-05
 Reference value :  2.05434e-05
 Reference value :  2.06136e-05
 Reference value :  2.06803e-05
 Reference value :  2.07469e-05
 Reference value :  2.08173e-05
 Reference value :  2.08980e-05
 Reference value :  2.09682e-05
 Reference value :  2.10419e-05
No. of Data Rows : 6079
vhold_min           =  1.20000e+00 at=  1.04983e-06
tfirst              =  1.30084e-06
t1                  =  1.27911e-05
t2                  =  1.33242e-05
t3                  =  1.38589e-05
t4                  =  1.43926e-05
t5                  =  1.49262e-05
t6                  =  1.54612e-05
t7                  =  1.59943e-05
t8                  =  1.65281e-05
t9                  =  1.70628e-05
t10                 =  1.75964e-05
t11                 =  1.81307e-05
t12                 =  1.86640e-05
idd_run             =  -5.82609e-06 from=  1.26300e-05 to=  2.10500e-05
vmax                =  1.21506e+00 at=  1.33288e-05
vmin                =  -1.06914e-02 at=  1.51914e-05
Note: Simulation executed from .control section 
Warning: m=xx on .subckt line will override multiplier m hierarchy!

Note: Starting dynamic gmin stepping
Note: Dynamic gmin stepping completed
Note: Starting dynamic gmin stepping
Note: Dynamic gmin stepping completed
