
Note: No compatibility mode selected!


Circuit: * tt_analog_ring, code 4

Doing analysis at TEMP = 27.000000 and TNOM = 27.000000

Using SPARSE 1.3 as Direct Linear Solver
 Reference value :  0.00000e+00
No. of Data Rows : 1
idd_dis=1.38062E-05 vbp=0.69868 vbn=0.287933 clk_dis=1.08
Doing analysis at TEMP = 27.000000 and TNOM = 27.000000

Using SPARSE 1.3 as Direct Linear Solver

Initial Transient Solution
--------------------------

Node                                   Voltage
----                                   -------
vpwr                                      1.08
code[0]                                      0
code[1]                                      0
code[2]                                   1.08
code[3]                                      0
code[4]                                      0
code[5]                                      0
code[6]                                      0
code[7]                                      0
enable                                       0
xdut.vbp                               0.69868
xdut.vbn                              0.287933
xdut.n0                            1.56841e-06
xdut.p0                                   1.08
xdut.na0                              0.918196
xdut.s0                                   1.08
xdut.s10                                  1.08
xdut.n1                            4.63266e-06
xdut.p1                                   1.08
xdut.s1                            4.72236e-06
xdut.n2                             7.2813e-07
xdut.p2                                   1.08
xdut.s2                                   1.08
xdut.n3                            4.63257e-06
xdut.p3                                   1.08
xdut.s3                            4.72227e-06
xdut.n4                             7.2813e-07
xdut.p4                                   1.08
xdut.s4                                   1.08
xdut.n5                            4.63257e-06
xdut.p5                                   1.08
xdut.s5                            4.72227e-06
xdut.n6                             7.2813e-07
xdut.p6                                   1.08
xdut.s6                                   1.08
xdut.n7                            4.63257e-06
xdut.p7                                   1.08
xdut.s7                            4.72227e-06
xdut.n8                             7.2813e-07
xdut.p8                                   1.08
xdut.s8                                   1.08
xdut.n9                            4.63257e-06
xdut.p9                                   1.08
xdut.s9                            4.72227e-06
xdut.n10                            7.2813e-07
xdut.p10                                  1.08
xdut.b1                            1.43975e-07
clk_out                                   1.08
ven#branch                          5.0508e-12
vc7#branch                         3.28638e-12
vc6#branch                         1.64319e-12
vc5#branch                         8.21595e-13
vc4#branch                         4.10798e-13
vc3#branch                         2.05399e-13
vc2#branch                        -9.76387e-10
vc1#branch                         5.13497e-14
vc0#branch                         2.56749e-14
vdd#branch                        -1.38062e-05

 Reference value :  0.00000e+00
 Reference value :  1.58425e-08
 Reference value :  3.48893e-08
 Reference value :  5.44963e-08
 Reference value :  7.41033e-08
 Reference value :  9.31501e-08
 Reference value :  1.12757e-07
 Reference value :  1.32924e-07
 Reference value :  1.53091e-07
 Reference value :  1.68221e-07
 Reference value :  1.78052e-07
 Reference value :  1.88696e-07
 Reference value :  1.98780e-07
 Reference value :  2.09423e-07
 Reference value :  2.18877e-07
 Reference value :  2.29521e-07
 Reference value :  2.39605e-07
 Reference value :  2.49688e-07
 Reference value :  2.60332e-07
 Reference value :  2.69633e-07
 Reference value :  2.80837e-07
 Reference value :  2.90921e-07
 Reference value :  3.01565e-07
 Reference value :  3.11678e-07
 Reference value :  3.22322e-07
 Reference value :  3.32966e-07
 Reference value :  3.43609e-07
 Reference value :  3.53470e-07
 Reference value :  3.62993e-07
 Reference value :  3.73077e-07
 Reference value :  3.83721e-07
 Reference value :  3.94364e-07
 Reference value :  4.03473e-07
 Reference value :  4.13557e-07
 Reference value :  4.24201e-07
 Reference value :  4.34845e-07
 Reference value :  4.44713e-07
 Reference value :  4.55357e-07
 Reference value :  4.66001e-07
 Reference value :  4.76645e-07
 Reference value :  4.86312e-07
 Reference value :  4.96841e-07
 Reference value :  5.07485e-07
 Reference value :  5.18128e-07
 Reference value :  5.29332e-07
 Reference value :  5.38631e-07
 Reference value :  5.48715e-07
 Reference value :  5.58798e-07
 Reference value :  5.69442e-07
 Reference value :  5.78576e-07
 Reference value :  5.88660e-07
 Reference value :  5.99304e-07
 Reference value :  6.09387e-07
 Reference value :  6.20591e-07
 Reference value :  6.30449e-07
 Reference value :  6.41093e-07
 Reference value :  6.51176e-07
 Reference value :  6.61260e-07
 Reference value :  6.70253e-07
 Reference value :  6.80897e-07
 Reference value :  6.91541e-07
 Reference value :  7.02745e-07
 Reference value :  7.12704e-07
 Reference value :  7.23251e-07
 Reference value :  7.32774e-07
 Reference value :  7.43418e-07
 Reference value :  7.54622e-07
 Reference value :  7.63157e-07
 Reference value :  7.73801e-07
 Reference value :  7.84444e-07
 Reference value :  7.95088e-07
 Reference value :  8.04963e-07
 Reference value :  8.15607e-07
 Reference value :  8.26251e-07
 Reference value :  8.36334e-07
 Reference value :  8.46418e-07
 Reference value :  8.55970e-07
 Reference value :  8.66054e-07
 Reference value :  8.77258e-07
 Reference value :  8.88462e-07
 Reference value :  8.98320e-07
 Reference value :  9.08964e-07
 Reference value :  9.19608e-07
 Reference value :  9.29691e-07
 Reference value :  9.39391e-07
 Reference value :  9.49475e-07
 Reference value :  9.60119e-07
 Reference value :  9.70763e-07
 Reference value :  9.81967e-07
 Reference value :  9.91262e-07
 Reference value :  1.00247e-06
 Reference value :  1.01255e-06
 Reference value :  1.02431e-06
 Reference value :  1.03443e-06
 Reference value :  1.04563e-06
 Reference value :  1.05684e-06
 Reference value :  1.06748e-06
 Reference value :  1.07678e-06
 Reference value :  1.08687e-06
 Reference value :  1.09695e-06
 Reference value :  1.10703e-06
 Reference value :  1.11768e-06
 Reference value :  1.12676e-06
 Reference value :  1.13685e-06
 Reference value :  1.14749e-06
 Reference value :  1.15813e-06
 Reference value :  1.16801e-06
 Reference value :  1.17866e-06
 Reference value :  1.18986e-06
 Reference value :  1.20051e-06
 Reference value :  1.21062e-06
 Reference value :  1.22070e-06
 Reference value :  1.23191e-06
 Reference value :  1.24255e-06
 Reference value :  1.25375e-06
 Reference value :  1.26305e-06
 Reference value :  1.27313e-06
 Reference value :  1.28378e-06
 Reference value :  1.29442e-06
 Reference value :  1.30300e-06
 Reference value :  1.31365e-06
 Reference value :  1.32373e-06
 Reference value :  1.33437e-06
 Reference value :  1.34489e-06
 Reference value :  1.35431e-06
 Reference value :  1.36440e-06
 Reference value :  1.37392e-06
 Reference value :  1.38456e-06
 Reference value :  1.39356e-06
 Reference value :  1.40364e-06
 Reference value :  1.41373e-06
 Reference value :  1.42437e-06
 Reference value :  1.43501e-06
 Reference value :  1.44488e-06
 Reference value :  1.45496e-06
 Reference value :  1.46504e-06
 Reference value :  1.47625e-06
 Reference value :  1.48477e-06
 Reference value :  1.49541e-06
 Reference value :  1.50606e-06
 Reference value :  1.51670e-06
 Reference value :  1.52604e-06
 Reference value :  1.53611e-06
 Reference value :  1.54619e-06
 Reference value :  1.55627e-06
 Reference value :  1.56692e-06
 Reference value :  1.57591e-06
 Reference value :  1.58599e-06
 Reference value :  1.59664e-06
 Reference value :  1.60728e-06
 Reference value :  1.61658e-06
 Reference value :  1.62666e-06
 Reference value :  1.63675e-06
 Reference value :  1.64739e-06
 Reference value :  1.65803e-06
 Reference value :  1.66605e-06
 Reference value :  1.67614e-06
 Reference value :  1.68622e-06
 Reference value :  1.69630e-06
 Reference value :  1.70626e-06
 Reference value :  1.71624e-06
 Reference value :  1.72689e-06
 Reference value :  1.73753e-06
 Reference value :  1.74817e-06
 Reference value :  1.75773e-06
 Reference value :  1.76893e-06
 Reference value :  1.78014e-06
 Reference value :  1.79134e-06
 Reference value :  1.80120e-06
 Reference value :  1.81129e-06
 Reference value :  1.82137e-06
 Reference value :  1.83145e-06
 Reference value :  1.84138e-06
 Reference value :  1.85118e-06
 Reference value :  1.86183e-06
 Reference value :  1.87247e-06
 Reference value :  1.88255e-06
 Reference value :  1.89187e-06
 Reference value :  1.90308e-06
 Reference value :  1.91316e-06
 Reference value :  1.92381e-06
 Reference value :  1.93336e-06
 Reference value :  1.94344e-06
 Reference value :  1.95353e-06
 Reference value :  1.96305e-06
 Reference value :  1.97369e-06
 Reference value :  1.98243e-06
 Reference value :  1.99195e-06
 Reference value :  2.00204e-06
 Reference value :  2.01212e-06
 Reference value :  2.02208e-06
 Reference value :  2.03191e-06
 Reference value :  2.04255e-06
 Reference value :  2.05263e-06
 Reference value :  2.06384e-06
 Reference value :  2.07369e-06
 Reference value :  2.08434e-06
 Reference value :  2.09442e-06
 Reference value :  2.10506e-06
 Reference value :  2.11518e-06
 Reference value :  2.12582e-06
 Reference value :  2.13591e-06
 Reference value :  2.14655e-06
 Reference value :  2.15719e-06
 Reference value :  2.16706e-06
 Reference value :  2.17714e-06
 Reference value :  2.18722e-06
 Reference value :  2.19843e-06
 Reference value :  2.20695e-06
 Reference value :  2.21815e-06
 Reference value :  2.22880e-06
 Reference value :  2.23944e-06
 Reference value :  2.24878e-06
 Reference value :  2.25885e-06
 Reference value :  2.26893e-06
 Reference value :  2.27845e-06
 Reference value :  2.28910e-06
 Reference value :  2.29809e-06
 Reference value :  2.30873e-06
 Reference value :  2.31994e-06
 Reference value :  2.33114e-06
 Reference value :  2.34100e-06
 Reference value :  2.35108e-06
 Reference value :  2.36117e-06
 Reference value :  2.37181e-06
 Reference value :  2.38295e-06
 Reference value :  2.39216e-06
 Reference value :  2.40224e-06
 Reference value :  2.41288e-06
 Reference value :  2.42297e-06
 Reference value :  2.43226e-06
 Reference value :  2.44235e-06
 Reference value :  2.45299e-06
 Reference value :  2.46307e-06
 Reference value :  2.47316e-06
 Reference value :  2.48271e-06
 Reference value :  2.49279e-06
 Reference value :  2.50344e-06
 Reference value :  2.51408e-06
 Reference value :  2.52339e-06
 Reference value :  2.53347e-06
 Reference value :  2.54355e-06
 Reference value :  2.55364e-06
 Reference value :  2.56364e-06
 Reference value :  2.57336e-06
 Reference value :  2.58400e-06
 Reference value :  2.59409e-06
 Reference value :  2.60473e-06
 Reference value :  2.61461e-06
 Reference value :  2.62526e-06
 Reference value :  2.63590e-06
 Reference value :  2.64599e-06
 Reference value :  2.65610e-06
 Reference value :  2.66674e-06
 Reference value :  2.67795e-06
 Reference value :  2.68859e-06
 Reference value :  2.69923e-06
 Reference value :  2.70797e-06
 Reference value :  2.71805e-06
 Reference value :  2.72814e-06
 Reference value :  2.73822e-06
 Reference value :  2.74680e-06
 Reference value :  2.75689e-06
 Reference value :  2.76697e-06
 Reference value :  2.77705e-06
 Reference value :  2.78770e-06
 Reference value :  2.79699e-06
 Reference value :  2.80764e-06
 Reference value :  2.81772e-06
 Reference value :  2.82836e-06
 Reference value :  2.83848e-06
 Reference value :  2.84912e-06
 Reference value :  2.85921e-06
 Reference value :  2.86985e-06
 Reference value :  2.87993e-06
 Reference value :  2.88924e-06
 Reference value :  2.89932e-06
 Reference value :  2.90996e-06
 Reference value :  2.92061e-06
 Reference value :  2.92913e-06
 Reference value :  2.93977e-06
 Reference value :  2.95041e-06
 Reference value :  2.96106e-06
 Reference value :  2.97103e-06
 Reference value :  2.98159e-06
 Reference value :  2.99223e-06
 Reference value :  3.00287e-06
 Reference value :  3.01352e-06
 Reference value :  3.02307e-06
 Reference value :  3.03371e-06
 Reference value :  3.04436e-06
 Reference value :  3.05444e-06
 Reference value :  3.06318e-06
 Reference value :  3.07326e-06
 Reference value :  3.08335e-06
 Reference value :  3.09455e-06
 Reference value :  3.10569e-06
 Reference value :  3.11602e-06
 Reference value :  3.12722e-06
 Reference value :  3.13730e-06
 Reference value :  3.14851e-06
 Reference value :  3.15780e-06
 Reference value :  3.16845e-06
 Reference value :  3.17909e-06
 Reference value :  3.18973e-06
 Reference value :  3.19985e-06
 Reference value :  3.21105e-06
 Reference value :  3.22114e-06
 Reference value :  3.23234e-06
 Reference value :  3.24230e-06
 Reference value :  3.25285e-06
 Reference value :  3.26293e-06
 Reference value :  3.27414e-06
 Reference value :  3.28534e-06
 Reference value :  3.29386e-06
 Reference value :  3.30394e-06
 Reference value :  3.31402e-06
 Reference value :  3.32411e-06
 Reference value :  3.33289e-06
 Reference value :  3.34295e-06
 Reference value :  3.35248e-06
No. of Data Rows : 6061
vhold_min           =  1.08000e+00 at=  3.58528e-10
tfirst              =  2.14152e-07
t1                  =  2.06695e-06
t2                  =  2.15735e-06
t3                  =  2.24763e-06
t4                  =  2.33803e-06
t5                  =  2.42832e-06
t6                  =  2.51872e-06
t7                  =  2.60900e-06
t8                  =  2.69940e-06
t9                  =  2.78969e-06
t10                 =  2.88009e-06
t11                 =  2.97036e-06
t12                 =  3.06077e-06
idd_run             =  -1.47928e-05 from=  2.01700e-06 to=  3.36100e-06
vmax                =  1.09766e+00 at=  2.33886e-06
vmin                =  -1.31373e-02 at=  2.29279e-06
Note: Simulation executed from .control section 
Note: Starting dynamic gmin stepping
Note: Dynamic gmin stepping completed
Note: Starting dynamic gmin stepping
Note: Dynamic gmin stepping completed
