
Note: No compatibility mode selected!


Circuit: * tt_analog_ring, code 2

Doing analysis at TEMP = 125.000000 and TNOM = 27.000000

Using SPARSE 1.3 as Direct Linear Solver
 Reference value :  0.00000e+00
No. of Data Rows : 1
idd_dis=7.85836E-06 vbp=0.779362 vbn=0.153783 clk_dis=1.08
Doing analysis at TEMP = 125.000000 and TNOM = 27.000000

Using SPARSE 1.3 as Direct Linear Solver

Initial Transient Solution
--------------------------

Node                                   Voltage
----                                   -------
vpwr                                      1.08
code[0]                                      0
code[1]                                   1.08
code[2]                                      0
code[3]                                      0
code[4]                                      0
code[5]                                      0
code[6]                                      0
code[7]                                      0
enable                                       0
xdut.vbp                              0.779362
xdut.vbn                              0.153783
xdut.n0                            0.000388511
xdut.p0                                 1.0796
xdut.na0                              0.910014
xdut.s0                                1.07959
xdut.s10                               1.07978
xdut.n1                            0.000127159
xdut.p1                                1.07989
xdut.s1                            0.000128774
xdut.n2                            0.000210898
xdut.p2                                1.07978
xdut.s2                                1.07978
xdut.n3                            0.000126758
xdut.p3                                1.07989
xdut.s3                            0.000128368
xdut.n4                            0.000210896
xdut.p4                                1.07978
xdut.s4                                1.07978
xdut.n5                            0.000126758
xdut.p5                                1.07989
xdut.s5                            0.000128368
xdut.n6                            0.000210896
xdut.p6                                1.07978
xdut.s6                                1.07978
xdut.n7                            0.000126758
xdut.p7                                1.07989
xdut.s7                            0.000128368
xdut.n8                            0.000210896
xdut.p8                                1.07978
xdut.s8                                1.07978
xdut.n9                            0.000126758
xdut.p9                                1.07989
xdut.s9                            0.000128368
xdut.n10                           0.000210896
xdut.p10                               1.07978
xdut.b1                            1.67229e-06
clk_out                                   1.08
ven#branch                         5.18047e-12
vc7#branch                         3.88427e-11
vc6#branch                         1.94213e-11
vc5#branch                         9.71067e-12
vc4#branch                         4.85533e-12
vc3#branch                         2.42767e-12
vc2#branch                         1.21383e-12
vc1#branch                        -1.62688e-09
vc0#branch                         3.03458e-13
vdd#branch                        -7.85836e-06

 Reference value :  0.00000e+00
 Reference value :  2.67350e-08
 Reference value :  6.00683e-08
 Reference value :  9.34016e-08
 Reference value :  1.26735e-07
 Reference value :  1.59214e-07
 Reference value :  1.92547e-07
 Reference value :  2.25880e-07
 Reference value :  2.56410e-07
 Reference value :  2.68500e-07
 Reference value :  2.86449e-07
 Reference value :  3.05252e-07
 Reference value :  3.24056e-07
 Reference value :  3.42859e-07
 Reference value :  3.59258e-07
 Reference value :  3.78061e-07
 Reference value :  3.96010e-07
 Reference value :  4.13959e-07
 Reference value :  4.32762e-07
 Reference value :  4.50512e-07
 Reference value :  4.69316e-07
 Reference value :  4.87264e-07
 Reference value :  5.05213e-07
 Reference value :  5.24871e-07
 Reference value :  5.41181e-07
 Reference value :  5.60839e-07
 Reference value :  5.79642e-07
 Reference value :  5.97591e-07
 Reference value :  6.16394e-07
 Reference value :  6.34343e-07
 Reference value :  6.53146e-07
 Reference value :  6.71950e-07
 Reference value :  6.90753e-07
 Reference value :  7.10411e-07
 Reference value :  7.27705e-07
 Reference value :  7.46509e-07
 Reference value :  7.64458e-07
 Reference value :  7.82406e-07
 Reference value :  8.01210e-07
 Reference value :  8.18010e-07
 Reference value :  8.36814e-07
 Reference value :  8.55617e-07
 Reference value :  8.74420e-07
 Reference value :  8.93224e-07
 Reference value :  9.08637e-07
 Reference value :  9.28295e-07
 Reference value :  9.46244e-07
 Reference value :  9.64192e-07
 Reference value :  9.81286e-07
 Reference value :  9.99068e-07
 Reference value :  1.01787e-06
 Reference value :  1.03582e-06
 Reference value :  1.05377e-06
 Reference value :  1.07172e-06
 Reference value :  1.08804e-06
 Reference value :  1.10684e-06
 Reference value :  1.12565e-06
 Reference value :  1.14359e-06
 Reference value :  1.16240e-06
 Reference value :  1.18005e-06
 Reference value :  1.19885e-06
 Reference value :  1.21680e-06
 Reference value :  1.23475e-06
 Reference value :  1.25270e-06
 Reference value :  1.26914e-06
 Reference value :  1.28965e-06
 Reference value :  1.30760e-06
 Reference value :  1.32640e-06
 Reference value :  1.34520e-06
 Reference value :  1.36191e-06
 Reference value :  1.38071e-06
 Reference value :  1.39952e-06
 Reference value :  1.41832e-06
 Reference value :  1.43627e-06
 Reference value :  1.45181e-06
 Reference value :  1.47232e-06
 Reference value :  1.49113e-06
 Reference value :  1.51079e-06
 Reference value :  1.52873e-06
 Reference value :  1.54537e-06
 Reference value :  1.56417e-06
 Reference value :  1.58212e-06
 Reference value :  1.60007e-06
 Reference value :  1.61887e-06
 Reference value :  1.63597e-06
 Reference value :  1.65648e-06
 Reference value :  1.67529e-06
 Reference value :  1.69409e-06
 Reference value :  1.71289e-06
 Reference value :  1.72975e-06
 Reference value :  1.74941e-06
 Reference value :  1.76736e-06
 Reference value :  1.78616e-06
 Reference value :  1.80496e-06
 Reference value :  1.82041e-06
 Reference value :  1.83922e-06
 Reference value :  1.85717e-06
 Reference value :  1.87512e-06
 Reference value :  1.89392e-06
 Reference value :  1.91078e-06
 Reference value :  1.92856e-06
 Reference value :  1.94651e-06
 Reference value :  1.96446e-06
 Reference value :  1.98240e-06
 Reference value :  2.00107e-06
 Reference value :  2.01931e-06
 Reference value :  2.03726e-06
 Reference value :  2.05521e-06
 Reference value :  2.07401e-06
 Reference value :  2.09282e-06
 Reference value :  2.10950e-06
 Reference value :  2.12830e-06
 Reference value :  2.14711e-06
 Reference value :  2.16505e-06
 Reference value :  2.18471e-06
 Reference value :  2.20270e-06
 Reference value :  2.22065e-06
 Reference value :  2.23860e-06
 Reference value :  2.25569e-06
 Reference value :  2.27450e-06
 Reference value :  2.29227e-06
 Reference value :  2.31108e-06
 Reference value :  2.32903e-06
 Reference value :  2.34697e-06
 Reference value :  2.36578e-06
 Reference value :  2.38298e-06
 Reference value :  2.40178e-06
 Reference value :  2.41973e-06
 Reference value :  2.43853e-06
 Reference value :  2.45734e-06
 Reference value :  2.47586e-06
 Reference value :  2.49380e-06
 Reference value :  2.51261e-06
 Reference value :  2.53056e-06
 Reference value :  2.54936e-06
 Reference value :  2.56593e-06
 Reference value :  2.58473e-06
 Reference value :  2.60353e-06
 Reference value :  2.62148e-06
 Reference value :  2.64029e-06
 Reference value :  2.65886e-06
 Reference value :  2.67681e-06
 Reference value :  2.69561e-06
 Reference value :  2.71441e-06
 Reference value :  2.73322e-06
 Reference value :  2.74979e-06
 Reference value :  2.76774e-06
 Reference value :  2.78654e-06
 Reference value :  2.80535e-06
 Reference value :  2.82500e-06
 Reference value :  2.84378e-06
 Reference value :  2.86173e-06
 Reference value :  2.88139e-06
 Reference value :  2.90019e-06
 Reference value :  2.91900e-06
 Reference value :  2.93619e-06
 Reference value :  2.95499e-06
 Reference value :  2.97379e-06
 Reference value :  2.99174e-06
 Reference value :  3.01055e-06
 Reference value :  3.02935e-06
 Reference value :  3.04730e-06
 Reference value :  3.06610e-06
 Reference value :  3.08490e-06
 Reference value :  3.10371e-06
 Reference value :  3.12199e-06
 Reference value :  3.13994e-06
 Reference value :  3.15703e-06
 Reference value :  3.17498e-06
 Reference value :  3.19464e-06
 Reference value :  3.21217e-06
 Reference value :  3.23012e-06
 Reference value :  3.24893e-06
 Reference value :  3.26687e-06
 Reference value :  3.28482e-06
 Reference value :  3.30116e-06
 Reference value :  3.31996e-06
 Reference value :  3.33876e-06
 Reference value :  3.35671e-06
 Reference value :  3.37722e-06
 Reference value :  3.39603e-06
 Reference value :  3.41568e-06
 Reference value :  3.43534e-06
 Reference value :  3.45500e-06
 Reference value :  3.47327e-06
 Reference value :  3.49293e-06
 Reference value :  3.51088e-06
 Reference value :  3.52968e-06
 Reference value :  3.54763e-06
 Reference value :  3.56454e-06
 Reference value :  3.58398e-06
 Reference value :  3.60193e-06
 Reference value :  3.61988e-06
 Reference value :  3.63782e-06
 Reference value :  3.65547e-06
 Reference value :  3.67466e-06
 Reference value :  3.69261e-06
 Reference value :  3.71056e-06
 Reference value :  3.73022e-06
 Reference value :  3.74731e-06
 Reference value :  3.76611e-06
 Reference value :  3.78492e-06
 Reference value :  3.80201e-06
 Reference value :  3.81996e-06
 Reference value :  3.83876e-06
 Reference value :  3.85785e-06
 Reference value :  3.87580e-06
 Reference value :  3.89460e-06
 Reference value :  3.91340e-06
 Reference value :  3.93135e-06
 Reference value :  3.94895e-06
 Reference value :  3.96690e-06
 Reference value :  3.98570e-06
 Reference value :  4.00450e-06
 Reference value :  4.02300e-06
 Reference value :  4.04305e-06
 Reference value :  4.06100e-06
 Reference value :  4.07895e-06
 Reference value :  4.09860e-06
 Reference value :  4.11570e-06
 Reference value :  4.13536e-06
 Reference value :  4.15330e-06
 Reference value :  4.17211e-06
 Reference value :  4.19006e-06
 Reference value :  4.20761e-06
 Reference value :  4.22708e-06
 Reference value :  4.24503e-06
 Reference value :  4.26383e-06
 Reference value :  4.28263e-06
 Reference value :  4.29959e-06
 Reference value :  4.31823e-06
 Reference value :  4.33703e-06
 Reference value :  4.35498e-06
 Reference value :  4.37293e-06
 Reference value :  4.39002e-06
 Reference value :  4.40812e-06
 Reference value :  4.42693e-06
 Reference value :  4.44573e-06
 Reference value :  4.46453e-06
 Reference value :  4.48248e-06
 Reference value :  4.50212e-06
 Reference value :  4.52092e-06
 Reference value :  4.53887e-06
 Reference value :  4.55682e-06
 Reference value :  4.57374e-06
 Reference value :  4.59264e-06
 Reference value :  4.61145e-06
 Reference value :  4.63025e-06
 Reference value :  4.64905e-06
 Reference value :  4.66700e-06
 Reference value :  4.68666e-06
 Reference value :  4.70546e-06
 Reference value :  4.72341e-06
 Reference value :  4.74136e-06
 Reference value :  4.75807e-06
 Reference value :  4.77807e-06
 Reference value :  4.79602e-06
 Reference value :  4.81397e-06
 Reference value :  4.83192e-06
 Reference value :  4.84987e-06
 Reference value :  4.86950e-06
 Reference value :  4.88744e-06
 Reference value :  4.90539e-06
 Reference value :  4.92334e-06
 Reference value :  4.94129e-06
 Reference value :  4.95935e-06
 Reference value :  4.97816e-06
 Reference value :  4.99696e-06
 Reference value :  5.01491e-06
 Reference value :  5.03286e-06
 Reference value :  5.05166e-06
 Reference value :  5.07046e-06
 Reference value :  5.08841e-06
 Reference value :  5.10722e-06
 Reference value :  5.12502e-06
No. of Data Rows : 6047
vhold_min           =  1.08000e+00 at=  3.41880e-11
tfirst              =  3.46370e-07
t1                  =  3.19594e-06
t2                  =  3.37973e-06
t3                  =  3.56347e-06
t4                  =  3.74727e-06
t5                  =  3.93100e-06
t6                  =  4.11480e-06
t7                  =  4.29853e-06
t8                  =  4.48231e-06
t9                  =  4.66611e-06
t10                 =  4.84990e-06
t11                 =  5.03363e-06
idd_run             =  -8.85452e-06 from=  3.07700e-06 to=  5.12800e-06
vmax                =  1.10074e+00 at=  3.19700e-06
vmin                =  -7.57740e-03 at=  4.94186e-06
Note: Simulation executed from .control section 
Note: Starting dynamic gmin stepping
Note: Dynamic gmin stepping completed
Note: Starting dynamic gmin stepping
Note: Dynamic gmin stepping completed

Error: measure  t12  when(WHEN) : out of interval
 meas tran t12 when v(clk_out)=5.400000e-01 rise=12 from=3.077000e-06 failed!

