
Note: Compatibility modes selected: hs a


Circuit: * tt_analog_ring, code 2

Doing analysis at TEMP = 125.000000 and TNOM = 27.000000

Using SPARSE 1.3 as Direct Linear Solver
 Reference value :  0.00000e+00
No. of Data Rows : 1
idd_dis=6.36137E-06 vbp=0.840188 vbn=0.203525 clk_dis=1.08
Doing analysis at TEMP = 125.000000 and TNOM = 27.000000

Using SPARSE 1.3 as Direct Linear Solver

Initial Transient Solution
--------------------------

Node                                   Voltage
----                                   -------
vpwr                                      1.08
code[0]                                      0
code[1]                                   1.08
code[2]                                      0
code[3]                                      0
code[4]                                      0
code[5]                                      0
code[6]                                      0
code[7]                                      0
enable                                       0
xdut.vbp                              0.840188
clk_out                                   1.08
xdut.b1                            1.13732e-05
xdut.s3                            0.000990888
xdut.s2                                1.07996
xdut.n_126                              1.0791
xdut.s1                            0.000991609
xdut.n_125                             1.07996
xdut.s10                               1.07996
xdut.s6                                1.07996
xdut.s5                            0.000990888
xdut.n_128                             1.07996
xdut.s9                            0.000990888
xdut.n_133                             1.07996
xdut.s4                                1.07996
xdut.n_129                              1.0791
xdut.s8                                1.07996
xdut.n_132                              1.0791
xdut.s7                            0.000990888
xdut.n_130                              1.0791
xdut.n_127                             1.07996
xdut.n_131                             1.07996
xdut.s0                                1.07992
xdut.n_124                             1.07909
xdut.n_71                          0.000980633
xdut.n_72                          0.000979921
xdut.n_70                          3.77475e-05
xdut.n_77                          0.000979921
xdut.n_75                          3.77481e-05
xdut.n_73                          3.77475e-05
xdut.n_67                          3.77475e-05
xdut.n_76                          3.77475e-05
xdut.n_69                          0.000979921
xdut.n_74                          0.000979921
xdut.n_122                             1.07992
xdut.n_i1005                          0.911185
xdut.n_68                          7.88774e-05
xdut.vbn                              0.203525
ven#branch                         1.43132e-11
vc7#branch                         8.00876e-12
vc6#branch                         4.00438e-12
vc5#branch                         2.00219e-12
vc4#branch                         1.00109e-12
vc3#branch                         5.00547e-13
vc2#branch                         2.50274e-13
vc1#branch                        -4.41915e-10
vc0#branch                         6.25684e-14
vdd#branch                        -6.36137e-06

 Reference value :  0.00000e+00
 Reference value :  1.20109e-07
 Reference value :  2.05559e-07
 Reference value :  3.32025e-07
 Reference value :  4.56782e-07
 Reference value :  5.33484e-07
 Reference value :  5.93299e-07
 Reference value :  6.65077e-07
 Reference value :  7.18349e-07
 Reference value :  7.69181e-07
 Reference value :  8.23869e-07
 Reference value :  8.70012e-07
 Reference value :  9.19573e-07
 Reference value :  9.82806e-07
 Reference value :  1.05458e-06
 Reference value :  1.12465e-06
 Reference value :  1.16766e-06
 Reference value :  1.21551e-06
 Reference value :  1.25994e-06
 Reference value :  1.33685e-06
 Reference value :  1.42002e-06
 Reference value :  1.50205e-06
 Reference value :  1.58579e-06
 Reference value :  1.66257e-06
 Reference value :  1.74118e-06
 Reference value :  1.82663e-06
 Reference value :  1.90684e-06
 Reference value :  1.98716e-06
 Reference value :  2.06248e-06
 Reference value :  2.14280e-06
 Reference value :  2.22313e-06
 Reference value :  2.30094e-06
 Reference value :  2.37955e-06
 Reference value :  2.45646e-06
 Reference value :  2.53735e-06
 Reference value :  2.61596e-06
 Reference value :  2.69457e-06
 Reference value :  2.77250e-06
 Reference value :  2.84941e-06
 Reference value :  2.93144e-06
 Reference value :  3.00207e-06
 Reference value :  3.09094e-06
 Reference value :  3.17431e-06
 Reference value :  3.25604e-06
 Reference value :  3.33636e-06
 Reference value :  3.41347e-06
 Reference value :  3.49892e-06
 Reference value :  3.57925e-06
 Reference value :  3.66076e-06
 Reference value :  3.73596e-06
 Reference value :  3.81457e-06
 Reference value :  3.89011e-06
 Reference value :  3.95164e-06
 Reference value :  4.02512e-06
 Reference value :  4.09779e-06
 Reference value :  4.17470e-06
 Reference value :  4.25160e-06
 Reference value :  4.32912e-06
 Reference value :  4.40432e-06
 Reference value :  4.48464e-06
 Reference value :  4.56255e-06
 Reference value :  4.63946e-06
 Reference value :  4.72129e-06
 Reference value :  4.79727e-06
 Reference value :  4.87417e-06
 Reference value :  4.95413e-06
 Reference value :  5.03246e-06
 Reference value :  5.11107e-06
 Reference value :  5.18641e-06
 Reference value :  5.26502e-06
 Reference value :  5.34535e-06
 Reference value :  5.42691e-06
 Reference value :  5.48160e-06
 Reference value :  5.52604e-06
 Reference value :  5.57047e-06
 Reference value :  5.61384e-06
 Reference value :  5.66304e-06
 Reference value :  5.72286e-06
 Reference value :  5.78780e-06
 Reference value :  5.85019e-06
 Reference value :  5.89975e-06
 Reference value :  5.94589e-06
 Reference value :  6.00058e-06
 Reference value :  6.05014e-06
 Reference value :  6.09697e-06
 Reference value :  6.16704e-06
 Reference value :  6.24053e-06
 Reference value :  6.31842e-06
 Reference value :  6.39362e-06
 Reference value :  6.47052e-06
 Reference value :  6.54802e-06
 Reference value :  6.62493e-06
 Reference value :  6.70525e-06
 Reference value :  6.78322e-06
 Reference value :  6.85500e-06
 Reference value :  6.89944e-06
 Reference value :  6.94673e-06
 Reference value :  6.99866e-06
 Reference value :  7.07215e-06
 Reference value :  7.15589e-06
 Reference value :  7.23408e-06
 Reference value :  7.31098e-06
 Reference value :  7.38960e-06
 Reference value :  7.46504e-06
 Reference value :  7.54195e-06
 Reference value :  7.62227e-06
 Reference value :  7.70002e-06
 Reference value :  7.77864e-06
 Reference value :  7.85795e-06
 Reference value :  7.93828e-06
 Reference value :  8.01860e-06
 Reference value :  8.09652e-06
 Reference value :  8.17513e-06
 Reference value :  8.25546e-06
 Reference value :  8.33293e-06
 Reference value :  8.41154e-06
 Reference value :  8.47990e-06
 Reference value :  8.55614e-06
 Reference value :  8.60741e-06
 Reference value :  8.68090e-06
 Reference value :  8.74432e-06
 Reference value :  8.80242e-06
 Reference value :  8.85027e-06
 Reference value :  8.92205e-06
 Reference value :  9.00188e-06
 Reference value :  9.08049e-06
 Reference value :  9.16253e-06
 Reference value :  9.23463e-06
 Reference value :  9.31324e-06
 Reference value :  9.39527e-06
 Reference value :  9.46622e-06
 Reference value :  9.54142e-06
 Reference value :  9.61614e-06
 Reference value :  9.69759e-06
 Reference value :  9.77449e-06
 Reference value :  9.85239e-06
 Reference value :  9.93442e-06
 Reference value :  1.00130e-05
 Reference value :  1.00905e-05
 Reference value :  1.01726e-05
 Reference value :  1.02495e-05
No. of Data Rows : 6048
vhold_min           =  1.08000e+00 at=  3.41800e-11
tfirst              =  7.15272e-07
t1                  =  6.28613e-06
t2                  =  6.73126e-06
t3                  =  7.17603e-06
t4                  =  7.62113e-06
t5                  =  8.06592e-06
t6                  =  8.51105e-06
t7                  =  8.95583e-06
t8                  =  9.40094e-06
t9                  =  9.84573e-06
idd_run             =  -7.29520e-06 from=  6.15400e-06 to=  1.02600e-05
vmax                =  1.09136e+00 at=  7.62350e-06
vmin                =  -1.84608e-02 at=  9.61614e-06
Note: Simulation executed from .control section 
Warning: m=xx on .subckt line will override multiplier m hierarchy!

Note: Starting dynamic gmin stepping
Note: Dynamic gmin stepping completed
Note: Starting dynamic gmin stepping
Note: Dynamic gmin stepping completed

Error: measure  t10  when(WHEN) : out of interval
 meas tran t10 when v(clk_out)=5.400000e-01 rise=10 from=6.154000e-06 failed!


Error: measure  t11  when(WHEN) : out of interval
 meas tran t11 when v(clk_out)=5.400000e-01 rise=11 from=6.154000e-06 failed!


Error: measure  t12  when(WHEN) : out of interval
 meas tran t12 when v(clk_out)=5.400000e-01 rise=12 from=6.154000e-06 failed!

