
Note: Compatibility modes selected: hs a


Circuit: * tt_analog_ring, code 32

Doing analysis at TEMP = 27.000000 and TNOM = 27.000000

Using SPARSE 1.3 as Direct Linear Solver
 Reference value :  0.00000e+00
No. of Data Rows : 1
idd_dis=7.01802E-05 vbp=0.627872 vbn=0.400885 clk_dis=1.08
Doing analysis at TEMP = 27.000000 and TNOM = 27.000000

Using SPARSE 1.3 as Direct Linear Solver

Initial Transient Solution
--------------------------

Node                                   Voltage
----                                   -------
vpwr                                      1.08
code[0]                                      0
code[1]                                      0
code[2]                                      0
code[3]                                      0
code[4]                                      0
code[5]                                   1.08
code[6]                                      0
code[7]                                      0
enable                                       0
xdut.vbp                              0.627872
clk_out                                   1.08
xdut.b1                            3.80103e-07
xdut.s3                            4.08466e-06
xdut.s2                                   1.08
xdut.n_126                                1.08
xdut.s1                            4.08467e-06
xdut.n_125                                1.08
xdut.s10                                  1.08
xdut.s6                                   1.08
xdut.s5                            4.08466e-06
xdut.n_128                                1.08
xdut.s9                            4.08466e-06
xdut.n_133                                1.08
xdut.s4                                   1.08
xdut.n_129                                1.08
xdut.s8                                   1.08
xdut.n_132                                1.08
xdut.s7                            4.08466e-06
xdut.n_130                                1.08
xdut.n_127                                1.08
xdut.n_131                                1.08
xdut.s0                                   1.08
xdut.n_124                                1.08
xdut.n_71                           3.8066e-06
xdut.n_72                          3.80659e-06
xdut.n_70                          4.80747e-08
xdut.n_77                          3.80659e-06
xdut.n_75                          4.80747e-08
xdut.n_73                          4.80747e-08
xdut.n_67                          4.80747e-08
xdut.n_76                          4.80747e-08
xdut.n_69                          3.80659e-06
xdut.n_74                          3.80659e-06
xdut.n_122                                1.08
xdut.n_i1005                          0.909273
xdut.n_68                          1.05841e-07
xdut.vbn                              0.400885
ven#branch                         8.80245e-12
vc7#branch                         1.11478e-12
vc6#branch                          5.5739e-13
vc5#branch                        -4.06482e-09
vc4#branch                         1.39347e-13
vc3#branch                         6.96737e-14
vc2#branch                         3.48369e-14
vc1#branch                         1.74184e-14
vc0#branch                         8.70922e-15
vdd#branch                        -7.01802e-05

 Reference value :  0.00000e+00
 Reference value :  9.58989e-09
 Reference value :  1.81523e-08
 Reference value :  2.74931e-08
 Reference value :  4.16989e-08
 Reference value :  5.70723e-08
 Reference value :  6.33774e-08
 Reference value :  6.99938e-08
 Reference value :  7.52480e-08
 Reference value :  8.22045e-08
 Reference value :  9.09615e-08
 Reference value :  9.73833e-08
 Reference value :  1.02248e-07
 Reference value :  1.07308e-07
 Reference value :  1.12757e-07
 Reference value :  1.17554e-07
 Reference value :  1.22808e-07
 Reference value :  1.27868e-07
 Reference value :  1.33511e-07
 Reference value :  1.38765e-07
 Reference value :  1.43825e-07
 Reference value :  1.49274e-07
 Reference value :  1.54121e-07
 Reference value :  1.59181e-07
 Reference value :  1.64240e-07
 Reference value :  1.69884e-07
 Reference value :  1.74943e-07
 Reference value :  1.80003e-07
 Reference value :  1.85257e-07
 Reference value :  1.89857e-07
 Reference value :  1.94917e-07
 Reference value :  1.99976e-07
 Reference value :  2.05814e-07
 Reference value :  2.11652e-07
 Reference value :  2.16712e-07
 Reference value :  2.24234e-07
 Reference value :  2.33185e-07
 Reference value :  2.42721e-07
 Reference value :  2.51867e-07
 Reference value :  2.61192e-07
 Reference value :  2.69949e-07
 Reference value :  2.79290e-07
 Reference value :  2.88047e-07
 Reference value :  2.96938e-07
 Reference value :  3.05682e-07
 Reference value :  3.15412e-07
 Reference value :  3.24169e-07
 Reference value :  3.33638e-07
 Reference value :  3.43368e-07
 Reference value :  3.53098e-07
 Reference value :  3.62244e-07
 Reference value :  3.71375e-07
 Reference value :  3.80327e-07
 Reference value :  3.89862e-07
 Reference value :  3.98619e-07
 Reference value :  4.07497e-07
 Reference value :  4.16448e-07
 Reference value :  4.25984e-07
 Reference value :  4.34935e-07
 Reference value :  4.43820e-07
 Reference value :  4.52772e-07
 Reference value :  4.62502e-07
 Reference value :  4.71064e-07
 Reference value :  4.80391e-07
 Reference value :  4.88175e-07
 Reference value :  4.96348e-07
 Reference value :  5.04911e-07
 Reference value :  5.14057e-07
 Reference value :  5.22739e-07
 Reference value :  5.32080e-07
 Reference value :  5.41226e-07
 Reference value :  5.51150e-07
 Reference value :  5.59646e-07
 Reference value :  5.68987e-07
 Reference value :  5.76577e-07
 Reference value :  5.84555e-07
 Reference value :  5.92911e-07
 Reference value :  6.01863e-07
 Reference value :  6.11009e-07
 Reference value :  6.19766e-07
 Reference value :  6.29225e-07
 Reference value :  6.37592e-07
 Reference value :  6.46933e-07
 Reference value :  6.55885e-07
 Reference value :  6.64576e-07
 Reference value :  6.73138e-07
 Reference value :  6.82674e-07
 Reference value :  6.91431e-07
 Reference value :  7.00178e-07
 Reference value :  7.08741e-07
 Reference value :  7.18082e-07
 Reference value :  7.26644e-07
 Reference value :  7.35323e-07
 Reference value :  7.43886e-07
 Reference value :  7.53421e-07
 Reference value :  7.61983e-07
 Reference value :  7.71066e-07
 Reference value :  7.79823e-07
 Reference value :  7.89553e-07
 Reference value :  7.98310e-07
 Reference value :  8.07453e-07
 Reference value :  8.15820e-07
 Reference value :  8.25356e-07
 Reference value :  8.33918e-07
 Reference value :  8.42870e-07
 Reference value :  8.51161e-07
 Reference value :  8.60501e-07
 Reference value :  8.69258e-07
 Reference value :  8.78599e-07
 Reference value :  8.87106e-07
 Reference value :  8.96446e-07
 Reference value :  9.05009e-07
 Reference value :  9.13960e-07
 Reference value :  9.22521e-07
 Reference value :  9.31668e-07
 Reference value :  9.41008e-07
 Reference value :  9.49765e-07
 Reference value :  9.58263e-07
 Reference value :  9.67020e-07
 Reference value :  9.76166e-07
 Reference value :  9.84923e-07
 Reference value :  9.93866e-07
 Reference value :  1.00262e-06
 Reference value :  1.01196e-06
 Reference value :  1.02092e-06
 Reference value :  1.02979e-06
 Reference value :  1.03855e-06
 Reference value :  1.04789e-06
 Reference value :  1.05703e-06
 Reference value :  1.06592e-06
 Reference value :  1.07448e-06
 Reference value :  1.08383e-06
 Reference value :  1.09239e-06
 Reference value :  1.10134e-06
 Reference value :  1.10990e-06
 Reference value :  1.11905e-06
 Reference value :  1.12761e-06
 Reference value :  1.13649e-06
 Reference value :  1.14525e-06
 Reference value :  1.15459e-06
 Reference value :  1.16334e-06
No. of Data Rows : 6025
vhold_min           =  1.08000e+00 at=  1.24544e-10
tfirst              =  7.74854e-08
t1                  =  7.16097e-07
t2                  =  7.52563e-07
t3                  =  7.89034e-07
t4                  =  8.25498e-07
t5                  =  8.61966e-07
t6                  =  8.98439e-07
t7                  =  9.34900e-07
t8                  =  9.71370e-07
t9                  =  1.00784e-06
t10                 =  1.04430e-06
t11                 =  1.08077e-06
t12                 =  1.11724e-06
idd_run             =  -7.31194e-05 from=  7.00700e-07 to=  1.16800e-06
vmax                =  1.09270e+00 at=  7.16525e-07
vmin                =  -1.68611e-02 at=  8.80124e-07
Note: Simulation executed from .control section 
Warning: m=xx on .subckt line will override multiplier m hierarchy!

Note: Starting dynamic gmin stepping
Note: Dynamic gmin stepping completed
Note: Starting dynamic gmin stepping
Note: Dynamic gmin stepping completed
