
Note: No compatibility mode selected!


Circuit: * tt_analog_ring, code 255

Doing analysis at TEMP = 27.000000 and TNOM = 27.000000

Using SPARSE 1.3 as Direct Linear Solver
 Reference value :  0.00000e+00
No. of Data Rows : 1
idd_dis=0.000574545 vbp=0.445363 vbn=0.5526 clk_dis=1.2
Doing analysis at TEMP = 27.000000 and TNOM = 27.000000

Using SPARSE 1.3 as Direct Linear Solver

Initial Transient Solution
--------------------------

Node                                   Voltage
----                                   -------
vpwr                                       1.2
code[0]                                    1.2
code[1]                                    1.2
code[2]                                    1.2
code[3]                                    1.2
code[4]                                    1.2
code[5]                                    1.2
code[6]                                    1.2
code[7]                                    1.2
enable                                       0
xdut.vbp                              0.445363
xdut.vbn                                0.5526
xdut.n0                            2.33751e-07
xdut.p0                                    1.2
xdut.na0                               1.02882
xdut.s0                                    1.2
xdut.s10                                   1.2
xdut.n1                            2.66462e-07
xdut.p1                                    1.2
xdut.s1                            3.15256e-07
xdut.n2                            1.12587e-07
xdut.p2                                    1.2
xdut.s2                                    1.2
xdut.n3                            2.66462e-07
xdut.p3                                    1.2
xdut.s3                            3.15255e-07
xdut.n4                            1.12587e-07
xdut.p4                                    1.2
xdut.s4                                    1.2
xdut.n5                            2.66462e-07
xdut.p5                                    1.2
xdut.s5                            3.15255e-07
xdut.n6                            1.12587e-07
xdut.p6                                    1.2
xdut.s6                                    1.2
xdut.n7                            2.66462e-07
xdut.p7                                    1.2
xdut.s7                            3.15255e-07
xdut.n8                            1.12587e-07
xdut.p8                                    1.2
xdut.s8                                    1.2
xdut.n9                            2.66462e-07
xdut.p9                                    1.2
xdut.s9                            3.15255e-07
xdut.n10                           1.12587e-07
xdut.p10                                   1.2
xdut.b1                            1.06264e-07
clk_out                                    1.2
ven#branch                         6.80539e-12
vc7#branch                        -6.63034e-08
vc6#branch                        -3.31517e-08
vc5#branch                        -1.65759e-08
vc4#branch                        -8.28793e-09
vc3#branch                        -4.14396e-09
vc2#branch                        -2.07198e-09
vc1#branch                        -1.03599e-09
vc0#branch                        -5.17995e-10
vdd#branch                        -0.000574545

 Reference value :  0.00000e+00
 Reference value :  6.48182e-10
 Reference value :  1.45138e-09
 Reference value :  2.23450e-09
 Reference value :  3.01762e-09
 Reference value :  3.80074e-09
 Reference value :  4.58386e-09
 Reference value :  5.34690e-09
 Reference value :  6.07420e-09
 Reference value :  6.51556e-09
 Reference value :  6.93724e-09
 Reference value :  7.39908e-09
 Reference value :  7.88100e-09
 Reference value :  8.32276e-09
 Reference value :  8.76452e-09
 Reference value :  9.22636e-09
 Reference value :  9.66812e-09
 Reference value :  1.01300e-08
 Reference value :  1.05717e-08
 Reference value :  1.10737e-08
 Reference value :  1.15155e-08
 Reference value :  1.19372e-08
 Reference value :  1.23990e-08
 Reference value :  1.28408e-08
 Reference value :  1.32825e-08
 Reference value :  1.37444e-08
 Reference value :  1.42062e-08
 Reference value :  1.46279e-08
 Reference value :  1.50696e-08
 Reference value :  1.55516e-08
 Reference value :  1.59933e-08
 Reference value :  1.64150e-08
 Reference value :  1.68969e-08
 Reference value :  1.73387e-08
 Reference value :  1.77804e-08
 Reference value :  1.82222e-08
 Reference value :  1.86840e-08
 Reference value :  1.91258e-08
 Reference value :  1.95676e-08
 Reference value :  2.00696e-08
 Reference value :  2.05113e-08
 Reference value :  2.09531e-08
 Reference value :  2.14350e-08
 Reference value :  2.18768e-08
 Reference value :  2.23185e-08
 Reference value :  2.27804e-08
 Reference value :  2.32623e-08
 Reference value :  2.37040e-08
 Reference value :  2.41458e-08
 Reference value :  2.46277e-08
 Reference value :  2.50695e-08
 Reference value :  2.55112e-08
 Reference value :  2.59932e-08
 Reference value :  2.64550e-08
 Reference value :  2.68968e-08
 Reference value :  2.73385e-08
 Reference value :  2.78004e-08
 Reference value :  2.82421e-08
 Reference value :  2.87040e-08
 Reference value :  2.91859e-08
 Reference value :  2.96276e-08
 Reference value :  3.00493e-08
 Reference value :  3.05312e-08
 Reference value :  3.09730e-08
 Reference value :  3.14148e-08
 Reference value :  3.18766e-08
 Reference value :  3.23585e-08
 Reference value :  3.28204e-08
 Reference value :  3.32621e-08
 Reference value :  3.37440e-08
 Reference value :  3.42059e-08
 Reference value :  3.46476e-08
 Reference value :  3.51496e-08
 Reference value :  3.55914e-08
 Reference value :  3.60332e-08
 Reference value :  3.64749e-08
 Reference value :  3.69368e-08
 Reference value :  3.73785e-08
 Reference value :  3.78404e-08
 Reference value :  3.83424e-08
 Reference value :  3.87640e-08
 Reference value :  3.91857e-08
 Reference value :  3.96275e-08
 Reference value :  4.00692e-08
 Reference value :  4.04909e-08
 Reference value :  4.09327e-08
 Reference value :  4.14146e-08
 Reference value :  4.18564e-08
 Reference value :  4.22780e-08
 Reference value :  4.27600e-08
 Reference value :  4.32017e-08
 Reference value :  4.36435e-08
 Reference value :  4.40852e-08
 Reference value :  4.45471e-08
 Reference value :  4.49888e-08
 Reference value :  4.54306e-08
 Reference value :  4.59125e-08
 Reference value :  4.63543e-08
 Reference value :  4.67960e-08
 Reference value :  4.72980e-08
 Reference value :  4.77599e-08
 Reference value :  4.82016e-08
 Reference value :  4.86434e-08
 Reference value :  4.91253e-08
 Reference value :  4.95671e-08
 Reference value :  4.99888e-08
 Reference value :  5.04908e-08
 Reference value :  5.09124e-08
 Reference value :  5.13542e-08
 Reference value :  5.18361e-08
 Reference value :  5.22779e-08
 Reference value :  5.27397e-08
 Reference value :  5.31815e-08
 Reference value :  5.36634e-08
 Reference value :  5.41052e-08
 Reference value :  5.45469e-08
 Reference value :  5.50489e-08
 Reference value :  5.54907e-08
 Reference value :  5.59324e-08
 Reference value :  5.64344e-08
 Reference value :  5.68762e-08
 Reference value :  5.73180e-08
 Reference value :  5.77597e-08
 Reference value :  5.82216e-08
 Reference value :  5.86834e-08
 Reference value :  5.91252e-08
 Reference value :  5.96071e-08
 Reference value :  6.00689e-08
 Reference value :  6.04906e-08
 Reference value :  6.09725e-08
 Reference value :  6.14143e-08
 Reference value :  6.18560e-08
 Reference value :  6.23179e-08
 Reference value :  6.27998e-08
 Reference value :  6.32416e-08
 Reference value :  6.36833e-08
 Reference value :  6.41652e-08
 Reference value :  6.46271e-08
 Reference value :  6.50688e-08
 Reference value :  6.55909e-08
 Reference value :  6.60126e-08
 Reference value :  6.64343e-08
 Reference value :  6.68961e-08
 Reference value :  6.73379e-08
 Reference value :  6.77796e-08
 Reference value :  6.82013e-08
 Reference value :  6.86832e-08
 Reference value :  6.91049e-08
 Reference value :  6.95266e-08
 Reference value :  6.99884e-08
 Reference value :  7.04302e-08
 Reference value :  7.08519e-08
 Reference value :  7.12736e-08
 Reference value :  7.17555e-08
 Reference value :  7.21972e-08
 Reference value :  7.26390e-08
 Reference value :  7.31209e-08
 Reference value :  7.35627e-08
 Reference value :  7.40044e-08
 Reference value :  7.44864e-08
 Reference value :  7.49482e-08
 Reference value :  7.53900e-08
 Reference value :  7.58317e-08
 Reference value :  7.62936e-08
 Reference value :  7.67554e-08
 Reference value :  7.71771e-08
 Reference value :  7.76791e-08
 Reference value :  7.81409e-08
 Reference value :  7.85626e-08
 Reference value :  7.90244e-08
 Reference value :  7.95064e-08
 Reference value :  7.99481e-08
 Reference value :  8.04100e-08
 Reference value :  8.09120e-08
 Reference value :  8.13537e-08
 Reference value :  8.17754e-08
 Reference value :  8.22573e-08
 Reference value :  8.26991e-08
 Reference value :  8.31208e-08
 Reference value :  8.35625e-08
 Reference value :  8.40444e-08
 Reference value :  8.45063e-08
 Reference value :  8.49280e-08
 Reference value :  8.54099e-08
 Reference value :  8.58516e-08
 Reference value :  8.62934e-08
 Reference value :  8.67753e-08
 Reference value :  8.71970e-08
 Reference value :  8.76187e-08
 Reference value :  8.80604e-08
 Reference value :  8.85223e-08
 Reference value :  8.89440e-08
 Reference value :  8.94058e-08
 Reference value :  8.99078e-08
 Reference value :  9.03496e-08
 Reference value :  9.07913e-08
 Reference value :  9.12331e-08
 Reference value :  9.16748e-08
 Reference value :  9.21166e-08
 Reference value :  9.25584e-08
 Reference value :  9.30804e-08
 Reference value :  9.35021e-08
 Reference value :  9.39238e-08
 Reference value :  9.44258e-08
 Reference value :  9.48676e-08
 Reference value :  9.53093e-08
 Reference value :  9.57912e-08
 Reference value :  9.62531e-08
 Reference value :  9.66748e-08
 Reference value :  9.71366e-08
 Reference value :  9.75984e-08
 Reference value :  9.80402e-08
 Reference value :  9.85020e-08
 Reference value :  9.90040e-08
 Reference value :  9.94257e-08
 Reference value :  9.98474e-08
 Reference value :  1.00309e-07
 Reference value :  1.00751e-07
 Reference value :  1.01193e-07
 Reference value :  1.01635e-07
 Reference value :  1.02116e-07
 Reference value :  1.02558e-07
 Reference value :  1.02980e-07
 Reference value :  1.03462e-07
 Reference value :  1.03924e-07
 Reference value :  1.04345e-07
 Reference value :  1.04787e-07
 Reference value :  1.05249e-07
 Reference value :  1.05691e-07
 Reference value :  1.06132e-07
 Reference value :  1.06614e-07
 Reference value :  1.07056e-07
 Reference value :  1.07518e-07
 Reference value :  1.08040e-07
 Reference value :  1.08502e-07
 Reference value :  1.08944e-07
 Reference value :  1.09426e-07
 Reference value :  1.09887e-07
 Reference value :  1.10329e-07
 Reference value :  1.10771e-07
 Reference value :  1.11253e-07
 Reference value :  1.11675e-07
 Reference value :  1.12116e-07
 Reference value :  1.12598e-07
 Reference value :  1.13060e-07
 Reference value :  1.13502e-07
 Reference value :  1.13944e-07
 Reference value :  1.14405e-07
 Reference value :  1.14847e-07
 Reference value :  1.15289e-07
 Reference value :  1.15771e-07
 Reference value :  1.16213e-07
 Reference value :  1.16654e-07
 Reference value :  1.17136e-07
 Reference value :  1.17578e-07
 Reference value :  1.18020e-07
 Reference value :  1.18482e-07
 Reference value :  1.18964e-07
 Reference value :  1.19405e-07
 Reference value :  1.19847e-07
 Reference value :  1.20349e-07
No. of Data Rows : 6015
vhold_min           =  1.20000e+00 at=  1.46182e-10
tfirst              =  7.89603e-09
t1                  =  7.31716e-08
t2                  =  7.62078e-08
t3                  =  7.92441e-08
t4                  =  8.22805e-08
t5                  =  8.53167e-08
t6                  =  8.83529e-08
t7                  =  9.13892e-08
t8                  =  9.44255e-08
t9                  =  9.74619e-08
t10                 =  1.00498e-07
t11                 =  1.03534e-07
t12                 =  1.06571e-07
idd_run             =  -5.97274e-04 from=  7.22900e-08 to=  1.20500e-07
vmax                =  1.21534e+00 at=  1.04948e-07
vmin                =  -1.14410e-02 at=  7.30607e-08
Note: Simulation executed from .control section 
Note: Starting dynamic gmin stepping
Note: Dynamic gmin stepping completed
Note: Starting dynamic gmin stepping
Note: Dynamic gmin stepping completed
