
Note: No compatibility mode selected!


Circuit: * tt_analog_ring, code 2

Doing analysis at TEMP = 125.000000 and TNOM = 27.000000

Using SPARSE 1.3 as Direct Linear Solver
 Reference value :  0.00000e+00
No. of Data Rows : 1
idd_dis=9.2566E-06 vbp=0.846189 vbn=0.136665 clk_dis=1.07999
Doing analysis at TEMP = 125.000000 and TNOM = 27.000000

Using SPARSE 1.3 as Direct Linear Solver

Initial Transient Solution
--------------------------

Node                                   Voltage
----                                   -------
vpwr                                      1.08
code[0]                                      0
code[1]                                   1.08
code[2]                                      0
code[3]                                      0
code[4]                                      0
code[5]                                      0
code[6]                                      0
code[7]                                      0
enable                                       0
xdut.vbp                              0.846189
xdut.vbn                              0.136665
xdut.n0                            0.000650977
xdut.p0                                 1.0793
xdut.na0                              0.910575
xdut.s0                                1.07929
xdut.s10                               1.07957
xdut.n1                             0.00150653
xdut.p1                                1.07843
xdut.s1                             0.00152959
xdut.n2                            0.000390437
xdut.p2                                1.07958
xdut.s2                                1.07957
xdut.n3                             0.00149913
xdut.p3                                1.07844
xdut.s3                             0.00152207
xdut.n4                            0.000390378
xdut.p4                                1.07958
xdut.s4                                1.07957
xdut.n5                             0.00149912
xdut.p5                                1.07844
xdut.s5                             0.00152207
xdut.n6                            0.000390378
xdut.p6                                1.07958
xdut.s6                                1.07957
xdut.n7                             0.00149912
xdut.p7                                1.07844
xdut.s7                             0.00152207
xdut.n8                            0.000390378
xdut.p8                                1.07958
xdut.s8                                1.07957
xdut.n9                             0.00149912
xdut.p9                                1.07844
xdut.s9                             0.00152207
xdut.n10                           0.000390378
xdut.p10                               1.07958
xdut.b1                            2.40591e-05
clk_out                                1.07999
ven#branch                          2.7715e-11
vc7#branch                         1.17671e-10
vc6#branch                         5.88355e-11
vc5#branch                         2.94178e-11
vc4#branch                         1.47089e-11
vc3#branch                         7.35444e-12
vc2#branch                         3.67722e-12
vc1#branch                        -2.99167e-09
vc0#branch                         9.19305e-13
vdd#branch                         -9.2566e-06

 Reference value :  0.00000e+00
 Reference value :  2.75897e-08
 Reference value :  6.09230e-08
 Reference value :  9.51110e-08
 Reference value :  1.29299e-07
 Reference value :  1.62632e-07
 Reference value :  1.96820e-07
 Reference value :  2.30154e-07
 Reference value :  2.56500e-07
 Reference value :  2.71064e-07
 Reference value :  2.89868e-07
 Reference value :  3.07816e-07
 Reference value :  3.25765e-07
 Reference value :  3.43841e-07
 Reference value :  3.63499e-07
 Reference value :  3.82303e-07
 Reference value :  4.01106e-07
 Reference value :  4.19055e-07
 Reference value :  4.33866e-07
 Reference value :  4.53524e-07
 Reference value :  4.71473e-07
 Reference value :  4.89421e-07
 Reference value :  5.07370e-07
 Reference value :  5.23078e-07
 Reference value :  5.41881e-07
 Reference value :  5.59830e-07
 Reference value :  5.77778e-07
 Reference value :  5.95727e-07
 Reference value :  6.10602e-07
 Reference value :  6.31115e-07
 Reference value :  6.49063e-07
 Reference value :  6.67012e-07
 Reference value :  6.85815e-07
 Reference value :  7.01445e-07
 Reference value :  7.20249e-07
 Reference value :  7.39052e-07
 Reference value :  7.57001e-07
 Reference value :  7.74950e-07
 Reference value :  7.91540e-07
 Reference value :  8.10343e-07
 Reference value :  8.28292e-07
 Reference value :  8.47095e-07
 Reference value :  8.65044e-07
 Reference value :  8.80637e-07
 Reference value :  9.00295e-07
 Reference value :  9.18244e-07
 Reference value :  9.36193e-07
 Reference value :  9.54141e-07
 Reference value :  9.70765e-07
 Reference value :  9.89568e-07
 Reference value :  1.00752e-06
 Reference value :  1.02632e-06
 Reference value :  1.04512e-06
 Reference value :  1.06154e-06
 Reference value :  1.08120e-06
 Reference value :  1.09915e-06
 Reference value :  1.11710e-06
 Reference value :  1.13675e-06
 Reference value :  1.15341e-06
 Reference value :  1.17307e-06
 Reference value :  1.19102e-06
 Reference value :  1.20897e-06
 Reference value :  1.22494e-06
 Reference value :  1.24501e-06
 Reference value :  1.26296e-06
 Reference value :  1.28176e-06
 Reference value :  1.30056e-06
 Reference value :  1.31648e-06
 Reference value :  1.33607e-06
 Reference value :  1.35487e-06
 Reference value :  1.37368e-06
 Reference value :  1.39248e-06
 Reference value :  1.40881e-06
 Reference value :  1.42933e-06
 Reference value :  1.44642e-06
 Reference value :  1.46437e-06
 Reference value :  1.48232e-06
 Reference value :  1.49822e-06
 Reference value :  1.51788e-06
 Reference value :  1.53582e-06
 Reference value :  1.55463e-06
 Reference value :  1.57343e-06
 Reference value :  1.58971e-06
 Reference value :  1.60936e-06
 Reference value :  1.62731e-06
 Reference value :  1.64612e-06
 Reference value :  1.66492e-06
 Reference value :  1.68175e-06
 Reference value :  1.69970e-06
 Reference value :  1.71850e-06
 Reference value :  1.73731e-06
 Reference value :  1.75497e-06
 Reference value :  1.77485e-06
 Reference value :  1.79280e-06
 Reference value :  1.81160e-06
 Reference value :  1.82955e-06
 Reference value :  1.84659e-06
 Reference value :  1.86624e-06
 Reference value :  1.88505e-06
 Reference value :  1.90300e-06
 Reference value :  1.92180e-06
 Reference value :  1.93717e-06
 Reference value :  1.95682e-06
 Reference value :  1.97563e-06
 Reference value :  1.99358e-06
 Reference value :  2.01152e-06
 Reference value :  2.02735e-06
 Reference value :  2.04700e-06
 Reference value :  2.06495e-06
 Reference value :  2.08376e-06
 Reference value :  2.10256e-06
 Reference value :  2.11961e-06
 Reference value :  2.13927e-06
 Reference value :  2.15722e-06
 Reference value :  2.17602e-06
 Reference value :  2.19483e-06
 Reference value :  2.21273e-06
 Reference value :  2.23153e-06
 Reference value :  2.25033e-06
 Reference value :  2.26828e-06
 Reference value :  2.28502e-06
 Reference value :  2.30417e-06
 Reference value :  2.32212e-06
 Reference value :  2.34007e-06
 Reference value :  2.35887e-06
 Reference value :  2.37494e-06
 Reference value :  2.39436e-06
 Reference value :  2.41316e-06
 Reference value :  2.43111e-06
 Reference value :  2.44906e-06
 Reference value :  2.46519e-06
 Reference value :  2.48485e-06
 Reference value :  2.50366e-06
 Reference value :  2.52160e-06
 Reference value :  2.54041e-06
 Reference value :  2.55750e-06
 Reference value :  2.57716e-06
 Reference value :  2.59425e-06
 Reference value :  2.61220e-06
 Reference value :  2.63272e-06
 Reference value :  2.64811e-06
 Reference value :  2.66777e-06
 Reference value :  2.68572e-06
 Reference value :  2.70281e-06
 Reference value :  2.72076e-06
 Reference value :  2.73744e-06
 Reference value :  2.75710e-06
 Reference value :  2.77505e-06
 Reference value :  2.79385e-06
 Reference value :  2.81265e-06
 Reference value :  2.82765e-06
 Reference value :  2.84645e-06
 Reference value :  2.86525e-06
 Reference value :  2.88406e-06
 Reference value :  2.90286e-06
 Reference value :  2.92122e-06
 Reference value :  2.94088e-06
 Reference value :  2.95883e-06
 Reference value :  2.97678e-06
 Reference value :  2.99247e-06
 Reference value :  3.01191e-06
 Reference value :  3.02986e-06
 Reference value :  3.04866e-06
 Reference value :  3.06746e-06
 Reference value :  3.08320e-06
 Reference value :  3.10371e-06
 Reference value :  3.12166e-06
 Reference value :  3.13961e-06
 Reference value :  3.15927e-06
 Reference value :  3.17385e-06
 Reference value :  3.19351e-06
 Reference value :  3.21316e-06
 Reference value :  3.23111e-06
 Reference value :  3.24992e-06
 Reference value :  3.26551e-06
 Reference value :  3.28432e-06
 Reference value :  3.30226e-06
 Reference value :  3.32107e-06
 Reference value :  3.33902e-06
 Reference value :  3.35564e-06
 Reference value :  3.37530e-06
 Reference value :  3.39411e-06
 Reference value :  3.41205e-06
 Reference value :  3.43086e-06
 Reference value :  3.44824e-06
 Reference value :  3.46704e-06
 Reference value :  3.48584e-06
 Reference value :  3.50379e-06
 Reference value :  3.52152e-06
 Reference value :  3.54090e-06
 Reference value :  3.55885e-06
 Reference value :  3.57680e-06
 Reference value :  3.59475e-06
 Reference value :  3.61158e-06
 Reference value :  3.63095e-06
 Reference value :  3.64890e-06
 Reference value :  3.66770e-06
 Reference value :  3.68565e-06
 Reference value :  3.70301e-06
 Reference value :  3.72267e-06
 Reference value :  3.74062e-06
 Reference value :  3.75942e-06
 Reference value :  3.77737e-06
 Reference value :  3.79305e-06
 Reference value :  3.81271e-06
 Reference value :  3.83066e-06
 Reference value :  3.84775e-06
 Reference value :  3.86655e-06
 Reference value :  3.88223e-06
 Reference value :  3.90274e-06
 Reference value :  3.92069e-06
 Reference value :  3.93864e-06
 Reference value :  3.95658e-06
 Reference value :  3.97312e-06
 Reference value :  3.99278e-06
 Reference value :  4.01073e-06
 Reference value :  4.02868e-06
 Reference value :  4.04748e-06
 Reference value :  4.06400e-06
 Reference value :  4.08366e-06
 Reference value :  4.10161e-06
 Reference value :  4.11956e-06
 Reference value :  4.13836e-06
 Reference value :  4.15490e-06
 Reference value :  4.17371e-06
 Reference value :  4.19251e-06
 Reference value :  4.21046e-06
 Reference value :  4.22816e-06
 Reference value :  4.24749e-06
 Reference value :  4.26544e-06
 Reference value :  4.28509e-06
 Reference value :  4.30390e-06
 Reference value :  4.31966e-06
 Reference value :  4.33839e-06
 Reference value :  4.35720e-06
 Reference value :  4.37429e-06
 Reference value :  4.39224e-06
 Reference value :  4.40875e-06
 Reference value :  4.42755e-06
 Reference value :  4.44550e-06
 Reference value :  4.46430e-06
 Reference value :  4.48311e-06
 Reference value :  4.49966e-06
 Reference value :  4.51932e-06
 Reference value :  4.53727e-06
 Reference value :  4.55521e-06
 Reference value :  4.57316e-06
 Reference value :  4.58796e-06
 Reference value :  4.60676e-06
 Reference value :  4.62471e-06
 Reference value :  4.64181e-06
 Reference value :  4.65890e-06
 Reference value :  4.67546e-06
 Reference value :  4.69512e-06
 Reference value :  4.71306e-06
 Reference value :  4.73101e-06
 Reference value :  4.74982e-06
 Reference value :  4.76461e-06
 Reference value :  4.78341e-06
 Reference value :  4.80221e-06
 Reference value :  4.82102e-06
 Reference value :  4.83896e-06
 Reference value :  4.85467e-06
 Reference value :  4.87348e-06
 Reference value :  4.89228e-06
 Reference value :  4.91023e-06
 Reference value :  4.92903e-06
 Reference value :  4.94551e-06
 Reference value :  4.96432e-06
 Reference value :  4.98226e-06
 Reference value :  4.99936e-06
 Reference value :  5.01731e-06
 Reference value :  5.03388e-06
 Reference value :  5.05269e-06
 Reference value :  5.07149e-06
 Reference value :  5.09029e-06
 Reference value :  5.10910e-06
 Reference value :  5.12642e-06
No. of Data Rows : 6055
vhold_min           =  1.07999e+00 at=  3.41880e-11
tfirst              =  3.40670e-07
t1                  =  3.08064e-06
t2                  =  3.25722e-06
t3                  =  3.43389e-06
t4                  =  3.61057e-06
t5                  =  3.78721e-06
t6                  =  3.96387e-06
t7                  =  4.14052e-06
t8                  =  4.31718e-06
t9                  =  4.49383e-06
t10                 =  4.67049e-06
t11                 =  4.84714e-06
t12                 =  5.02379e-06
idd_run             =  -1.09047e-05 from=  3.07700e-06 to=  5.12800e-06
vmax                =  1.10131e+00 at=  3.61158e-06
vmin                =  -2.91990e-02 at=  3.34479e-06
Note: Simulation executed from .control section 
Note: Starting dynamic gmin stepping
Note: Dynamic gmin stepping completed
Note: Starting dynamic gmin stepping
Note: Dynamic gmin stepping completed
