
Note: No compatibility mode selected!


Circuit: * stage delay at code 0

Doing analysis at TEMP = -40.000000 and TNOM = 27.000000

Using SPARSE 1.3 as Direct Linear Solver

Initial Transient Solution
--------------------------

Node                                   Voltage
----                                   -------
vpwr                                      1.32
code[0]                                      0
code[1]                                      0
code[2]                                      0
code[3]                                      0
code[4]                                      0
code[5]                                      0
code[6]                                      0
code[7]                                      0
vbp                                    0.89252
vbn                                   0.294058
a                                            0
xdrv.net1                                 1.32
b                                         1.32
xdrv.net2                          6.69056e-08
xdut.net1                                 1.32
y                                  3.03245e-06
xdut.net2                          3.01058e-06
xload.net1                                1.32
z                                         1.32
xload.net2                         6.69114e-08
xload2.net1                               1.32
zz                                 2.31865e-06
xload2.net2                        2.30453e-06
vin#branch                         4.17209e-12
vc7#branch                         7.16425e-12
vc6#branch                         3.58211e-12
vc5#branch                         1.79104e-12
vc4#branch                         8.95502e-13
vc3#branch                         4.47734e-13
vc2#branch                          2.2385e-13
vc1#branch                         1.11908e-13
vc0#branch                         5.59372e-14
vdd#branch                        -9.43652e-06

 Reference value :  1.06017e-08
 Reference value :  9.64049e-08
 Reference value :  1.67626e-07
 Reference value :  2.57378e-07
 Reference value :  3.41602e-07
 Reference value :  4.11926e-07
 Reference value :  4.89570e-07
 Reference value :  5.74584e-07
 Reference value :  6.57954e-07
 Reference value :  7.24984e-07
 Reference value :  8.10787e-07
 Reference value :  8.95538e-07
 Reference value :  9.58229e-07
 Reference value :  1.04403e-06
 Reference value :  1.12878e-06
 Reference value :  1.20075e-06
 Reference value :  1.27787e-06
 Reference value :  1.36341e-06
 Reference value :  1.44746e-06
 Reference value :  1.51480e-06
No. of Data Rows : 6065
tin_f               =  6.61570e-07
tout_r              =  6.68564e-07
tin_r               =  9.27242e-07
tout_f              =  9.33790e-07
tplh=6.994E-09 tphl=6.5485E-09
t40r                =  6.67445e-07
t60r                =  6.70568e-07
t60f                =  9.32951e-07
t40f                =  9.34617e-07
sr_r=8.45314E+07 sr_f=-1.58492E+08
tr                  =  6.65101e-07
tr8                 =  6.76498e-07
tf                  =  9.30947e-07
tf2                 =  9.38667e-07
trise=1.13973E-08 tfall=7.7207E-09
Note: Simulation executed from .control section 
Note: Starting dynamic gmin stepping
Note: Dynamic gmin stepping completed
