
Note: No compatibility mode selected!


Circuit: * nand as inverter: a=1, pulse b

Doing analysis at TEMP = 125.000000 and TNOM = 27.000000

Using SPARSE 1.3 as Direct Linear Solver

Initial Transient Solution
--------------------------

Node                                   Voltage
----                                   -------
vpwr                                       1.2
code[0]                                      0
code[1]                                      0
code[2]                                      0
code[3]                                      0
code[4]                                    1.2
code[5]                                      0
code[6]                                      0
code[7]                                      0
vbp                                   0.797956
vbn                                    0.24554
a                                          1.2
p                                            0
xdrv.net1                              1.19993
b                                      1.19992
xdrv.net2                          6.27314e-05
xnand.net1                             1.19993
y                                  8.61347e-05
xnand.net2                         8.45918e-05
xnand.net3                         8.29759e-05
xload.net1                             1.19993
z                                      1.19993
xload.net2                          6.2842e-05
xload2.net1                            1.19996
zz                                 4.03652e-05
xload2.net2                        3.88479e-05
vin#branch                         7.65598e-12
va#branch                         -5.08273e-11
vc7#branch                         4.35545e-11
vc6#branch                         2.17653e-11
vc5#branch                         1.08708e-11
vc4#branch                         -2.6257e-08
vc3#branch                         2.69986e-12
vc2#branch                         1.33804e-12
vc1#branch                         6.57129e-13
vc0#branch                         3.16674e-13
vdd#branch                        -3.97732e-05

 Reference value :  5.76688e-10
 Reference value :  8.84219e-09
 Reference value :  1.56460e-08
 Reference value :  2.11744e-08
 Reference value :  2.89792e-08
 Reference value :  3.72990e-08
 Reference value :  4.37988e-08
 Reference value :  4.94085e-08
 Reference value :  5.77282e-08
 Reference value :  6.61563e-08
 Reference value :  7.21224e-08
 Reference value :  7.84096e-08
 Reference value :  8.66751e-08
 Reference value :  9.49081e-08
 Reference value :  1.00465e-07
 Reference value :  1.07294e-07
 Reference value :  1.15695e-07
 Reference value :  1.23233e-07
 Reference value :  1.28924e-07
 Reference value :  1.36539e-07
 Reference value :  1.45238e-07
 Reference value :  1.52361e-07
 Reference value :  1.58730e-07
No. of Data Rows : 6044
tin_f               =  6.90560e-08
tout_r              =  7.12164e-08
tin_r               =  9.64630e-08
tout_f              =  9.79511e-08
tplh=2.16036E-09 tphl=1.48812E-09
Note: Simulation executed from .control section 
Note: Starting dynamic gmin stepping
Note: Dynamic gmin stepping completed
