
Note: No compatibility mode selected!


Circuit: * tt_analog_ring, code 15

Doing analysis at TEMP = 27.000000 and TNOM = 27.000000

Using SPARSE 1.3 as Direct Linear Solver
 Reference value :  0.00000e+00
No. of Data Rows : 1
idd_dis=4.78045E-05 vbp=0.749838 vbn=0.341859 clk_dis=1.2
Doing analysis at TEMP = 27.000000 and TNOM = 27.000000

Using SPARSE 1.3 as Direct Linear Solver

Initial Transient Solution
--------------------------

Node                                   Voltage
----                                   -------
vpwr                                       1.2
code[0]                                    1.2
code[1]                                    1.2
code[2]                                    1.2
code[3]                                    1.2
code[4]                                      0
code[5]                                      0
code[6]                                      0
code[7]                                      0
enable                                       0
xdut.vbp                              0.749838
xdut.vbn                              0.341859
xdut.n0                             6.8214e-07
xdut.p0                                    1.2
xdut.na0                               1.02152
xdut.s0                                    1.2
xdut.s10                                   1.2
xdut.n1                            2.42622e-06
xdut.p1                                    1.2
xdut.s1                            2.50887e-06
xdut.n2                            8.05777e-07
xdut.p2                                    1.2
xdut.s2                                    1.2
xdut.n3                            2.24941e-06
xdut.p3                                    1.2
xdut.s3                            2.33337e-06
xdut.n4                            1.91922e-07
xdut.p4                                    1.2
xdut.s4                                    1.2
xdut.n5                            2.85175e-06
xdut.p5                                    1.2
xdut.s5                            2.96684e-06
xdut.n6                            1.31922e-07
xdut.p6                                    1.2
xdut.s6                                    1.2
xdut.n7                            2.42953e-06
xdut.p7                                    1.2
xdut.s7                            2.53966e-06
xdut.n8                            2.86367e-07
xdut.p8                                    1.2
xdut.s8                                    1.2
xdut.n9                            1.91042e-06
xdut.p9                                    1.2
xdut.s9                            1.98017e-06
xdut.n10                           6.23222e-07
xdut.p10                                   1.2
xdut.b1                            1.63798e-07
clk_out                                    1.2
ven#branch                          7.4121e-12
vc7#branch                         4.11406e-12
vc6#branch                         2.06342e-12
vc5#branch                         1.02907e-12
vc4#branch                         5.07944e-13
vc3#branch                        -3.37335e-09
vc2#branch                        -1.69031e-09
vc1#branch                        -8.40643e-10
vc0#branch                        -4.20833e-10
vdd#branch                        -4.78045e-05

 Reference value :  0.00000e+00
 Reference value :  6.37645e-09
 Reference value :  1.38488e-08
 Reference value :  2.13212e-08
 Reference value :  2.89852e-08
 Reference value :  3.64576e-08
 Reference value :  4.39300e-08
 Reference value :  5.14024e-08
 Reference value :  5.75700e-08
 Reference value :  6.10442e-08
 Reference value :  6.48762e-08
 Reference value :  6.88998e-08
 Reference value :  7.29234e-08
 Reference value :  7.63174e-08
 Reference value :  8.01494e-08
 Reference value :  8.39814e-08
 Reference value :  8.78134e-08
 Reference value :  9.18370e-08
 Reference value :  9.56690e-08
 Reference value :  9.93094e-08
 Reference value :  1.02902e-07
 Reference value :  1.07118e-07
 Reference value :  1.10950e-07
 Reference value :  1.15165e-07
 Reference value :  1.19188e-07
 Reference value :  1.23404e-07
 Reference value :  1.27619e-07
 Reference value :  1.31595e-07
 Reference value :  1.35452e-07
 Reference value :  1.39476e-07
 Reference value :  1.43499e-07
 Reference value :  1.47331e-07
 Reference value :  1.51355e-07
 Reference value :  1.55378e-07
 Reference value :  1.59594e-07
 Reference value :  1.63201e-07
 Reference value :  1.67225e-07
 Reference value :  1.71248e-07
 Reference value :  1.75272e-07
 Reference value :  1.79295e-07
 Reference value :  1.83319e-07
 Reference value :  1.87343e-07
 Reference value :  1.90956e-07
 Reference value :  1.95171e-07
 Reference value :  1.99003e-07
 Reference value :  2.03218e-07
 Reference value :  2.07050e-07
 Reference value :  2.11074e-07
 Reference value :  2.14906e-07
 Reference value :  2.19121e-07
 Reference value :  2.22731e-07
 Reference value :  2.26754e-07
 Reference value :  2.30586e-07
 Reference value :  2.34610e-07
 Reference value :  2.38634e-07
 Reference value :  2.42466e-07
 Reference value :  2.46298e-07
 Reference value :  2.49910e-07
 Reference value :  2.53933e-07
 Reference value :  2.57957e-07
 Reference value :  2.61789e-07
 Reference value :  2.65621e-07
 Reference value :  2.69645e-07
 Reference value :  2.73477e-07
 Reference value :  2.77500e-07
 Reference value :  2.80919e-07
 Reference value :  2.84943e-07
 Reference value :  2.88775e-07
 Reference value :  2.92798e-07
 Reference value :  2.96822e-07
 Reference value :  3.00845e-07
 Reference value :  3.04869e-07
 Reference value :  3.08673e-07
 Reference value :  3.12696e-07
 Reference value :  3.16720e-07
 Reference value :  3.20935e-07
 Reference value :  3.24575e-07
 Reference value :  3.28599e-07
 Reference value :  3.32814e-07
 Reference value :  3.36735e-07
 Reference value :  3.40640e-07
 Reference value :  3.44663e-07
 Reference value :  3.48687e-07
 Reference value :  3.52711e-07
 Reference value :  3.56926e-07
 Reference value :  3.60758e-07
 Reference value :  3.64973e-07
 Reference value :  3.68585e-07
 Reference value :  3.72417e-07
 Reference value :  3.76249e-07
 Reference value :  3.80273e-07
 Reference value :  3.84296e-07
 Reference value :  3.88320e-07
 Reference value :  3.92343e-07
 Reference value :  3.95954e-07
 Reference value :  3.99978e-07
 Reference value :  4.04002e-07
 Reference value :  4.08217e-07
 Reference value :  4.12049e-07
 Reference value :  4.16264e-07
 Reference value :  4.20479e-07
 Reference value :  4.24454e-07
 Reference value :  4.28114e-07
 Reference value :  4.32138e-07
 Reference value :  4.36353e-07
 Reference value :  4.40185e-07
 Reference value :  4.44017e-07
 Reference value :  4.47849e-07
 Reference value :  4.52064e-07
 Reference value :  4.55676e-07
 Reference value :  4.59699e-07
 Reference value :  4.63915e-07
 Reference value :  4.67938e-07
 Reference value :  4.71962e-07
 Reference value :  4.75794e-07
 Reference value :  4.79817e-07
 Reference value :  4.83429e-07
 Reference value :  4.87452e-07
 Reference value :  4.91284e-07
 Reference value :  4.95308e-07
 Reference value :  4.99140e-07
 Reference value :  5.02972e-07
 Reference value :  5.06996e-07
 Reference value :  5.11211e-07
 Reference value :  5.14822e-07
 Reference value :  5.18654e-07
 Reference value :  5.22486e-07
 Reference value :  5.26510e-07
 Reference value :  5.30533e-07
 Reference value :  5.34365e-07
 Reference value :  5.38389e-07
 Reference value :  5.42192e-07
 Reference value :  5.46216e-07
 Reference value :  5.50048e-07
 Reference value :  5.54071e-07
 Reference value :  5.57903e-07
 Reference value :  5.61927e-07
 Reference value :  5.65759e-07
 Reference value :  5.69783e-07
 Reference value :  5.73394e-07
 Reference value :  5.77226e-07
 Reference value :  5.81441e-07
 Reference value :  5.85465e-07
 Reference value :  5.89297e-07
 Reference value :  5.93129e-07
 Reference value :  5.97153e-07
 Reference value :  6.00764e-07
 Reference value :  6.04788e-07
 Reference value :  6.08811e-07
 Reference value :  6.12835e-07
 Reference value :  6.16667e-07
 Reference value :  6.20882e-07
 Reference value :  6.24906e-07
 Reference value :  6.29121e-07
 Reference value :  6.32541e-07
 Reference value :  6.36564e-07
 Reference value :  6.40396e-07
 Reference value :  6.44420e-07
 Reference value :  6.48444e-07
 Reference value :  6.52276e-07
 Reference value :  6.56299e-07
 Reference value :  6.60103e-07
 Reference value :  6.64318e-07
 Reference value :  6.68341e-07
 Reference value :  6.72173e-07
 Reference value :  6.76005e-07
 Reference value :  6.79837e-07
 Reference value :  6.83861e-07
 Reference value :  6.87885e-07
 Reference value :  6.91305e-07
 Reference value :  6.95328e-07
 Reference value :  6.99352e-07
 Reference value :  7.03375e-07
 Reference value :  7.07399e-07
 Reference value :  7.11423e-07
 Reference value :  7.15638e-07
 Reference value :  7.19249e-07
 Reference value :  7.23465e-07
 Reference value :  7.27488e-07
 Reference value :  7.31512e-07
 Reference value :  7.35344e-07
 Reference value :  7.39367e-07
 Reference value :  7.43391e-07
 Reference value :  7.47003e-07
 Reference value :  7.51026e-07
 Reference value :  7.55050e-07
 Reference value :  7.59073e-07
 Reference value :  7.62905e-07
 Reference value :  7.66929e-07
 Reference value :  7.70953e-07
 Reference value :  7.75359e-07
 Reference value :  7.78971e-07
 Reference value :  7.82995e-07
 Reference value :  7.86827e-07
 Reference value :  7.90659e-07
 Reference value :  7.94682e-07
 Reference value :  7.98706e-07
 Reference value :  8.02730e-07
 Reference value :  8.06533e-07
 Reference value :  8.10556e-07
 Reference value :  8.14772e-07
 Reference value :  8.18795e-07
 Reference value :  8.22819e-07
 Reference value :  8.26842e-07
 Reference value :  8.31058e-07
 Reference value :  8.34721e-07
 Reference value :  8.38693e-07
 Reference value :  8.42717e-07
 Reference value :  8.46740e-07
 Reference value :  8.50572e-07
 Reference value :  8.54404e-07
 Reference value :  8.58428e-07
 Reference value :  8.62835e-07
 Reference value :  8.66446e-07
 Reference value :  8.70470e-07
 Reference value :  8.74494e-07
 Reference value :  8.78517e-07
 Reference value :  8.82541e-07
 Reference value :  8.86564e-07
 Reference value :  8.90588e-07
 Reference value :  8.94391e-07
 Reference value :  8.98415e-07
 Reference value :  9.02439e-07
 Reference value :  9.06462e-07
 Reference value :  9.10294e-07
 Reference value :  9.14318e-07
 Reference value :  9.18341e-07
 Reference value :  9.22316e-07
 Reference value :  9.26168e-07
 Reference value :  9.30192e-07
 Reference value :  9.34216e-07
 Reference value :  9.38048e-07
 Reference value :  9.42071e-07
 Reference value :  9.45903e-07
 Reference value :  9.50310e-07
 Reference value :  9.53922e-07
 Reference value :  9.57754e-07
 Reference value :  9.61586e-07
 Reference value :  9.65609e-07
 Reference value :  9.69633e-07
 Reference value :  9.73657e-07
 Reference value :  9.77872e-07
 Reference value :  9.81675e-07
 Reference value :  9.85699e-07
 Reference value :  9.89723e-07
 Reference value :  9.93938e-07
 Reference value :  9.97578e-07
 Reference value :  1.00160e-06
 Reference value :  1.00543e-06
 Reference value :  1.00965e-06
 Reference value :  1.01326e-06
 Reference value :  1.01748e-06
 Reference value :  1.02131e-06
 Reference value :  1.02533e-06
 Reference value :  1.02936e-06
 Reference value :  1.03338e-06
 Reference value :  1.03759e-06
 Reference value :  1.04121e-06
 Reference value :  1.04523e-06
 Reference value :  1.04925e-06
 Reference value :  1.05328e-06
 Reference value :  1.05711e-06
 Reference value :  1.06113e-06
 Reference value :  1.06516e-06
 Reference value :  1.06901e-06
 Reference value :  1.07317e-06
 Reference value :  1.07720e-06
 Reference value :  1.08122e-06
 Reference value :  1.08505e-06
 Reference value :  1.08908e-06
 Reference value :  1.09291e-06
 Reference value :  1.09712e-06
 Reference value :  1.10074e-06
 Reference value :  1.10457e-06
 Reference value :  1.10840e-06
 Reference value :  1.11242e-06
 Reference value :  1.11626e-06
 Reference value :  1.12009e-06
 Reference value :  1.12430e-06
 Reference value :  1.12792e-06
 Reference value :  1.13194e-06
 Reference value :  1.13577e-06
 Reference value :  1.13979e-06
 Reference value :  1.14363e-06
 Reference value :  1.14765e-06
No. of Data Rows : 6056
vhold_min           =  1.20000e+00 at=  1.22624e-10
tfirst              =  7.28042e-08
t1                  =  7.02951e-07
t2                  =  7.32238e-07
t3                  =  7.61524e-07
t4                  =  7.90810e-07
t5                  =  8.20096e-07
t6                  =  8.49383e-07
t7                  =  8.78669e-07
t8                  =  9.07955e-07
t9                  =  9.37242e-07
t10                 =  9.66528e-07
t11                 =  9.95815e-07
t12                 =  1.02510e-06
idd_run             =  -5.07815e-05 from=  6.89700e-07 to=  1.14900e-06
vmax                =  1.20708e+00 at=  1.14267e-06
vmin                =  -1.66225e-02 at=  7.17313e-07
Note: Simulation executed from .control section 
Note: Starting dynamic gmin stepping
Note: Dynamic gmin stepping completed
Note: Starting dynamic gmin stepping
Note: Dynamic gmin stepping completed
