
Note: No compatibility mode selected!


Circuit: * tt_analog_ring, code 128

Doing analysis at TEMP = 27.000000 and TNOM = 27.000000

Using SPARSE 1.3 as Direct Linear Solver
 Reference value :  0.00000e+00
No. of Data Rows : 1
idd_dis=0.000330038 vbp=0.556364 vbn=0.503881 clk_dis=1.2
Doing analysis at TEMP = 27.000000 and TNOM = 27.000000

Using SPARSE 1.3 as Direct Linear Solver

Initial Transient Solution
--------------------------

Node                                   Voltage
----                                   -------
vpwr                                       1.2
code[0]                                      0
code[1]                                      0
code[2]                                      0
code[3]                                      0
code[4]                                      0
code[5]                                      0
code[6]                                      0
code[7]                                    1.2
enable                                       0
xdut.vbp                              0.556364
xdut.vbn                              0.503881
xdut.n0                             1.6843e-07
xdut.p0                                    1.2
xdut.na0                               1.04678
xdut.s0                                    1.2
xdut.s10                                   1.2
xdut.n1                            6.57885e-07
xdut.p1                                    1.2
xdut.s1                            7.48592e-07
xdut.n2                            1.91962e-07
xdut.p2                                    1.2
xdut.s2                                    1.2
xdut.n3                            6.31794e-07
xdut.p3                                    1.2
xdut.s3                            7.26968e-07
xdut.n4                            1.45059e-07
xdut.p4                                    1.2
xdut.s4                                    1.2
xdut.n5                            8.42097e-07
xdut.p5                                    1.2
xdut.s5                             9.7698e-07
xdut.n6                            8.31819e-08
xdut.p6                                    1.2
xdut.s6                                    1.2
xdut.n7                            5.77603e-07
xdut.p7                                    1.2
xdut.s7                            6.66166e-07
xdut.n8                            1.20482e-07
xdut.p8                                    1.2
xdut.s8                                    1.2
xdut.n9                            7.50986e-07
xdut.p9                                    1.2
xdut.s9                            8.55817e-07
xdut.n10                           7.29153e-08
xdut.p10                                   1.2
xdut.b1                            1.68497e-07
clk_out                                    1.2
ven#branch                         7.28882e-12
vc7#branch                        -5.84854e-08
vc6#branch                          8.6103e-13
vc5#branch                         4.30264e-13
vc4#branch                         2.14459e-13
vc3#branch                         1.07386e-13
vc2#branch                         5.40083e-14
vc1#branch                         2.67225e-14
vc0#branch                         1.31807e-14
vdd#branch                        -0.000330038

 Reference value :  0.00000e+00
 Reference value :  9.65301e-10
 Reference value :  2.16884e-09
 Reference value :  3.37238e-09
 Reference value :  4.60678e-09
 Reference value :  5.77946e-09
 Reference value :  6.95214e-09
 Reference value :  8.15568e-09
 Reference value :  9.26826e-09
 Reference value :  9.86819e-09
 Reference value :  1.05163e-08
 Reference value :  1.11335e-08
 Reference value :  1.18432e-08
 Reference value :  1.24913e-08
 Reference value :  1.31394e-08
 Reference value :  1.37874e-08
 Reference value :  1.44355e-08
 Reference value :  1.50835e-08
 Reference value :  1.57625e-08
 Reference value :  1.65031e-08
 Reference value :  1.71512e-08
 Reference value :  1.77992e-08
 Reference value :  1.84473e-08
 Reference value :  1.91571e-08
 Reference value :  1.98360e-08
 Reference value :  2.04840e-08
 Reference value :  2.12555e-08
 Reference value :  2.19653e-08
 Reference value :  2.26134e-08
 Reference value :  2.32923e-08
 Reference value :  2.39712e-08
 Reference value :  2.46501e-08
 Reference value :  2.53291e-08
 Reference value :  2.60080e-08
 Reference value :  2.66560e-08
 Reference value :  2.73350e-08
 Reference value :  2.80139e-08
 Reference value :  2.86619e-08
 Reference value :  2.93409e-08
 Reference value :  3.00198e-08
 Reference value :  3.06678e-08
 Reference value :  3.13468e-08
 Reference value :  3.19948e-08
 Reference value :  3.26737e-08
 Reference value :  3.33526e-08
 Reference value :  3.40007e-08
 Reference value :  3.47413e-08
 Reference value :  3.54203e-08
 Reference value :  3.60683e-08
 Reference value :  3.67472e-08
 Reference value :  3.74570e-08
 Reference value :  3.81668e-08
 Reference value :  3.88457e-08
 Reference value :  3.95864e-08
 Reference value :  4.02653e-08
 Reference value :  4.08825e-08
 Reference value :  4.15614e-08
 Reference value :  4.22403e-08
 Reference value :  4.29501e-08
 Reference value :  4.36907e-08
 Reference value :  4.43388e-08
 Reference value :  4.49869e-08
 Reference value :  4.56349e-08
 Reference value :  4.63138e-08
 Reference value :  4.69928e-08
 Reference value :  4.76408e-08
 Reference value :  4.83815e-08
 Reference value :  4.90604e-08
 Reference value :  4.97393e-08
 Reference value :  5.04182e-08
 Reference value :  5.10971e-08
 Reference value :  5.17761e-08
 Reference value :  5.24241e-08
 Reference value :  5.31648e-08
 Reference value :  5.38128e-08
 Reference value :  5.44609e-08
 Reference value :  5.51707e-08
 Reference value :  5.58496e-08
 Reference value :  5.64976e-08
 Reference value :  5.71766e-08
 Reference value :  5.78863e-08
 Reference value :  5.85344e-08
 Reference value :  5.91825e-08
 Reference value :  5.98305e-08
 Reference value :  6.04786e-08
 Reference value :  6.11266e-08
 Reference value :  6.18056e-08
 Reference value :  6.24536e-08
 Reference value :  6.31017e-08
 Reference value :  6.37189e-08
 Reference value :  6.43669e-08
 Reference value :  6.50459e-08
 Reference value :  6.56939e-08
 Reference value :  6.64037e-08
 Reference value :  6.70826e-08
 Reference value :  6.77307e-08
 Reference value :  6.83787e-08
 Reference value :  6.90577e-08
 Reference value :  6.97366e-08
 Reference value :  7.03846e-08
 Reference value :  7.10944e-08
 Reference value :  7.17425e-08
 Reference value :  7.23905e-08
 Reference value :  7.30386e-08
 Reference value :  7.37175e-08
 Reference value :  7.43964e-08
 Reference value :  7.50445e-08
 Reference value :  7.57851e-08
 Reference value :  7.64332e-08
 Reference value :  7.70813e-08
 Reference value :  7.77602e-08
 Reference value :  7.84391e-08
 Reference value :  7.90563e-08
 Reference value :  7.96735e-08
 Reference value :  8.04142e-08
 Reference value :  8.10314e-08
 Reference value :  8.17411e-08
 Reference value :  8.24509e-08
 Reference value :  8.30990e-08
 Reference value :  8.37470e-08
 Reference value :  8.43951e-08
 Reference value :  8.51049e-08
 Reference value :  8.57221e-08
 Reference value :  8.63393e-08
 Reference value :  8.70491e-08
 Reference value :  8.77280e-08
 Reference value :  8.83760e-08
 Reference value :  8.90550e-08
 Reference value :  8.97339e-08
 Reference value :  9.03819e-08
 Reference value :  9.10300e-08
 Reference value :  9.17089e-08
 Reference value :  9.23878e-08
 Reference value :  9.30668e-08
 Reference value :  9.37765e-08
 Reference value :  9.44555e-08
 Reference value :  9.51035e-08
 Reference value :  9.57207e-08
 Reference value :  9.63996e-08
 Reference value :  9.70786e-08
 Reference value :  9.77266e-08
 Reference value :  9.84364e-08
 Reference value :  9.90845e-08
 Reference value :  9.97634e-08
 Reference value :  1.00411e-07
 Reference value :  1.01059e-07
 Reference value :  1.01708e-07
 Reference value :  1.02356e-07
 Reference value :  1.03065e-07
 Reference value :  1.03713e-07
 Reference value :  1.04362e-07
 Reference value :  1.05010e-07
 Reference value :  1.05688e-07
 Reference value :  1.06367e-07
 Reference value :  1.06985e-07
 Reference value :  1.07725e-07
 Reference value :  1.08373e-07
 Reference value :  1.09021e-07
 Reference value :  1.09731e-07
 Reference value :  1.10379e-07
 Reference value :  1.11058e-07
 Reference value :  1.11737e-07
 Reference value :  1.12416e-07
 Reference value :  1.13095e-07
 Reference value :  1.13743e-07
 Reference value :  1.14422e-07
 Reference value :  1.15101e-07
 Reference value :  1.15749e-07
 Reference value :  1.16459e-07
 Reference value :  1.17138e-07
 Reference value :  1.17786e-07
 Reference value :  1.18465e-07
 Reference value :  1.19174e-07
 Reference value :  1.19853e-07
 Reference value :  1.20501e-07
 Reference value :  1.21242e-07
 Reference value :  1.21890e-07
 Reference value :  1.22569e-07
 Reference value :  1.23248e-07
 Reference value :  1.23958e-07
 Reference value :  1.24637e-07
 Reference value :  1.25315e-07
 Reference value :  1.26025e-07
 Reference value :  1.26704e-07
 Reference value :  1.27352e-07
 Reference value :  1.28062e-07
 Reference value :  1.28741e-07
 Reference value :  1.29420e-07
 Reference value :  1.30130e-07
 Reference value :  1.30809e-07
 Reference value :  1.31457e-07
 Reference value :  1.32105e-07
 Reference value :  1.32784e-07
 Reference value :  1.33462e-07
 Reference value :  1.34111e-07
 Reference value :  1.34820e-07
 Reference value :  1.35499e-07
 Reference value :  1.36178e-07
 Reference value :  1.36857e-07
 Reference value :  1.37536e-07
 Reference value :  1.38215e-07
 Reference value :  1.38863e-07
 Reference value :  1.39604e-07
 Reference value :  1.40252e-07
 Reference value :  1.40900e-07
 Reference value :  1.41579e-07
 Reference value :  1.42227e-07
 Reference value :  1.42906e-07
 Reference value :  1.43585e-07
 Reference value :  1.44263e-07
 Reference value :  1.44942e-07
 Reference value :  1.45621e-07
 Reference value :  1.46269e-07
 Reference value :  1.46948e-07
 Reference value :  1.47627e-07
 Reference value :  1.48306e-07
 Reference value :  1.48985e-07
 Reference value :  1.49633e-07
 Reference value :  1.50281e-07
 Reference value :  1.50960e-07
 Reference value :  1.51639e-07
 Reference value :  1.52287e-07
 Reference value :  1.53028e-07
 Reference value :  1.53645e-07
 Reference value :  1.54324e-07
 Reference value :  1.54972e-07
 Reference value :  1.55651e-07
 Reference value :  1.56299e-07
 Reference value :  1.56947e-07
 Reference value :  1.57657e-07
 Reference value :  1.58336e-07
 Reference value :  1.58984e-07
 Reference value :  1.59693e-07
 Reference value :  1.60372e-07
 Reference value :  1.61051e-07
 Reference value :  1.61699e-07
 Reference value :  1.62409e-07
 Reference value :  1.63119e-07
 Reference value :  1.63798e-07
 Reference value :  1.64477e-07
 Reference value :  1.65125e-07
 Reference value :  1.65773e-07
 Reference value :  1.66452e-07
 Reference value :  1.67131e-07
 Reference value :  1.67810e-07
 Reference value :  1.68458e-07
 Reference value :  1.69106e-07
 Reference value :  1.69785e-07
 Reference value :  1.70433e-07
 Reference value :  1.71112e-07
 Reference value :  1.71821e-07
 Reference value :  1.72470e-07
 Reference value :  1.73118e-07
 Reference value :  1.73797e-07
 Reference value :  1.74445e-07
 Reference value :  1.75093e-07
 Reference value :  1.75772e-07
 Reference value :  1.76420e-07
 Reference value :  1.77099e-07
 Reference value :  1.77777e-07
 Reference value :  1.78487e-07
 Reference value :  1.79135e-07
 Reference value :  1.79783e-07
 Reference value :  1.80524e-07
 Reference value :  1.81172e-07
 Reference value :  1.81820e-07
 Reference value :  1.82530e-07
 Reference value :  1.83178e-07
 Reference value :  1.83857e-07
 Reference value :  1.84536e-07
No. of Data Rows : 6015
vhold_min           =  1.20000e+00 at=  1.32081e-10
tfirst              =  1.19604e-08
t1                  =  1.14416e-07
t2                  =  1.18968e-07
t3                  =  1.23519e-07
t4                  =  1.28071e-07
t5                  =  1.32622e-07
t6                  =  1.37173e-07
t7                  =  1.41724e-07
t8                  =  1.46276e-07
t9                  =  1.50827e-07
t10                 =  1.55379e-07
t11                 =  1.59930e-07
t12                 =  1.64482e-07
idd_run             =  -3.45460e-04 from=  1.11100e-07 to=  1.85200e-07
vmax                =  1.21124e+00 at=  1.11953e-07
vmin                =  -7.48303e-03 at=  1.23371e-07
Note: Simulation executed from .control section 
Note: Starting dynamic gmin stepping
Note: Dynamic gmin stepping completed
Note: Starting dynamic gmin stepping
Note: Dynamic gmin stepping completed
