
Note: Compatibility modes selected: hs a


Circuit: * tt_analog_ring, code 8

Doing analysis at TEMP = -40.000000 and TNOM = 27.000000

Using SPARSE 1.3 as Direct Linear Solver
 Reference value :  0.00000e+00
No. of Data Rows : 1
idd_dis=3.88054E-05 vbp=0.712717 vbn=0.346234 clk_dis=1.2
Doing analysis at TEMP = -40.000000 and TNOM = 27.000000

Using SPARSE 1.3 as Direct Linear Solver

Initial Transient Solution
--------------------------

Node                                   Voltage
----                                   -------
vpwr                                       1.2
code[0]                                      0
code[1]                                      0
code[2]                                      0
code[3]                                    1.2
code[4]                                      0
code[5]                                      0
code[6]                                      0
code[7]                                      0
enable                                       0
xdut.vbp                              0.712717
clk_out                                    1.2
xdut.b1                            3.83923e-08
xdut.s3                            6.08601e-07
xdut.s2                                    1.2
xdut.n_126                                 1.2
xdut.s1                            6.08601e-07
xdut.n_125                                 1.2
xdut.s10                                   1.2
xdut.s6                                    1.2
xdut.s5                            6.08601e-07
xdut.n_128                                 1.2
xdut.s9                            6.08601e-07
xdut.n_133                                 1.2
xdut.s4                                    1.2
xdut.n_129                                 1.2
xdut.s8                                    1.2
xdut.n_132                                 1.2
xdut.s7                            6.08601e-07
xdut.n_130                                 1.2
xdut.n_127                                 1.2
xdut.n_131                                 1.2
xdut.s0                                    1.2
xdut.n_124                                 1.2
xdut.n_71                          5.92643e-07
xdut.n_72                          5.92643e-07
xdut.n_70                          2.63702e-08
xdut.n_77                          5.92643e-07
xdut.n_75                          2.63702e-08
xdut.n_73                          2.63702e-08
xdut.n_67                          2.63702e-08
xdut.n_76                          2.63702e-08
xdut.n_69                          5.92643e-07
xdut.n_74                          5.92643e-07
xdut.n_122                                 1.2
xdut.n_i1005                           1.00329
xdut.n_68                           4.5715e-08
xdut.vbn                              0.346234
ven#branch                         2.92117e-12
vc7#branch                         3.32824e-12
vc6#branch                         1.66412e-12
vc5#branch                         8.32059e-13
vc4#branch                          4.1603e-13
vc3#branch                        -3.88481e-09
vc2#branch                         1.04007e-13
vc1#branch                         5.20037e-14
vc0#branch                         2.60019e-14
vdd#branch                        -3.88054e-05

 Reference value :  0.00000e+00
 Reference value :  4.63918e-08
 Reference value :  9.98599e-08
 Reference value :  1.51348e-07
 Reference value :  1.98121e-07
 Reference value :  2.18132e-07
 Reference value :  2.38206e-07
 Reference value :  2.61309e-07
 Reference value :  2.80448e-07
 Reference value :  2.95630e-07
 Reference value :  3.09530e-07
 Reference value :  3.24712e-07
 Reference value :  3.40555e-07
 Reference value :  3.53384e-07
 Reference value :  3.67907e-07
 Reference value :  3.82582e-07
 Reference value :  3.97104e-07
 Reference value :  4.14829e-07
 Reference value :  4.38368e-07
 Reference value :  4.62314e-07
 Reference value :  4.86634e-07
 Reference value :  5.10160e-07
 Reference value :  5.34109e-07
 Reference value :  5.58432e-07
 Reference value :  5.81968e-07
 Reference value :  6.05924e-07
 Reference value :  6.23746e-07
 Reference value :  6.37285e-07
 Reference value :  6.51147e-07
 Reference value :  6.66175e-07
 Reference value :  6.80390e-07
 Reference value :  6.95572e-07
 Reference value :  7.09831e-07
 Reference value :  7.28974e-07
 Reference value :  7.43033e-07
 Reference value :  7.57555e-07
 Reference value :  7.72077e-07
 Reference value :  7.87642e-07
 Reference value :  8.08105e-07
 Reference value :  8.29176e-07
 Reference value :  8.54228e-07
 Reference value :  8.79972e-07
 Reference value :  9.02262e-07
 Reference value :  9.27296e-07
 Reference value :  9.52866e-07
 Reference value :  9.75976e-07
 Reference value :  1.00036e-06
 Reference value :  1.02460e-06
 Reference value :  1.04770e-06
 Reference value :  1.07275e-06
 Reference value :  1.09680e-06
 Reference value :  1.12008e-06
 Reference value :  1.14580e-06
 Reference value :  1.16935e-06
 Reference value :  1.19311e-06
 Reference value :  1.21884e-06
 Reference value :  1.24237e-06
 Reference value :  1.26613e-06
 Reference value :  1.28196e-06
 Reference value :  1.29714e-06
 Reference value :  1.31192e-06
 Reference value :  1.32594e-06
 Reference value :  1.34047e-06
 Reference value :  1.35564e-06
 Reference value :  1.37083e-06
 Reference value :  1.38443e-06
 Reference value :  1.39895e-06
 Reference value :  1.41281e-06
 Reference value :  1.42733e-06
 Reference value :  1.44516e-06
 Reference value :  1.46733e-06
 Reference value :  1.49175e-06
 Reference value :  1.51684e-06
 Reference value :  1.53371e-06
 Reference value :  1.55351e-06
 Reference value :  1.57068e-06
 Reference value :  1.58784e-06
 Reference value :  1.60394e-06
 Reference value :  1.61847e-06
 Reference value :  1.63984e-06
 Reference value :  1.65965e-06
 Reference value :  1.67860e-06
 Reference value :  1.69907e-06
 Reference value :  1.71821e-06
 Reference value :  1.73801e-06
 Reference value :  1.75942e-06
 Reference value :  1.77856e-06
 Reference value :  1.79765e-06
 Reference value :  1.81856e-06
 Reference value :  1.84233e-06
 Reference value :  1.86603e-06
 Reference value :  1.88957e-06
 Reference value :  1.91267e-06
 Reference value :  1.93625e-06
 Reference value :  1.95856e-06
 Reference value :  1.98298e-06
 Reference value :  2.00727e-06
 Reference value :  2.03145e-06
 Reference value :  2.05521e-06
 Reference value :  2.07859e-06
 Reference value :  2.10278e-06
 Reference value :  2.12588e-06
 Reference value :  2.15228e-06
 Reference value :  2.17571e-06
 Reference value :  2.19881e-06
 Reference value :  2.22389e-06
 Reference value :  2.24589e-06
 Reference value :  2.26965e-06
 Reference value :  2.29136e-06
 Reference value :  2.31513e-06
 Reference value :  2.33732e-06
 Reference value :  2.36023e-06
 Reference value :  2.38532e-06
 Reference value :  2.40596e-06
 Reference value :  2.42904e-06
 Reference value :  2.45281e-06
 Reference value :  2.47575e-06
 Reference value :  2.49990e-06
 Reference value :  2.52367e-06
 Reference value :  2.54574e-06
 Reference value :  2.56870e-06
 Reference value :  2.59246e-06
 Reference value :  2.61465e-06
 Reference value :  2.63885e-06
 Reference value :  2.66244e-06
 Reference value :  2.68536e-06
 Reference value :  2.70978e-06
 Reference value :  2.73289e-06
 Reference value :  2.75554e-06
 Reference value :  2.77996e-06
 Reference value :  2.80271e-06
 Reference value :  2.82686e-06
 Reference value :  2.85062e-06
 Reference value :  2.87372e-06
 Reference value :  2.89572e-06
 Reference value :  2.91949e-06
 Reference value :  2.94223e-06
 Reference value :  2.96639e-06
 Reference value :  2.99015e-06
 Reference value :  3.01457e-06
 Reference value :  3.03590e-06
 Reference value :  3.05901e-06
 Reference value :  3.08240e-06
 Reference value :  3.10593e-06
 Reference value :  3.12903e-06
 Reference value :  3.15279e-06
 Reference value :  3.17624e-06
 Reference value :  3.19913e-06
 Reference value :  3.22149e-06
 Reference value :  3.24592e-06
 Reference value :  3.26809e-06
 Reference value :  3.29245e-06
 Reference value :  3.31687e-06
 Reference value :  3.33735e-06
 Reference value :  3.35985e-06
 Reference value :  3.38031e-06
 Reference value :  3.40472e-06
 Reference value :  3.42848e-06
 Reference value :  3.45350e-06
 Reference value :  3.47277e-06
 Reference value :  3.48729e-06
 Reference value :  3.50121e-06
 Reference value :  3.51573e-06
 Reference value :  3.53091e-06
 Reference value :  3.54473e-06
 Reference value :  3.55859e-06
 Reference value :  3.57250e-06
 Reference value :  3.59164e-06
 Reference value :  3.60608e-06
 Reference value :  3.62018e-06
 Reference value :  3.63405e-06
 Reference value :  3.64646e-06
 Reference value :  3.66362e-06
 Reference value :  3.67853e-06
 Reference value :  3.69150e-06
 Reference value :  3.70536e-06
 Reference value :  3.71989e-06
 Reference value :  3.73903e-06
 Reference value :  3.76233e-06
 Reference value :  3.78704e-06
 Reference value :  3.81213e-06
 Reference value :  3.83696e-06
 Reference value :  3.86204e-06
 Reference value :  3.88779e-06
 Reference value :  3.91050e-06
 Reference value :  3.93474e-06
 Reference value :  3.95958e-06
No. of Data Rows : 6098
vhold_min           =  1.20000e+00 at=  1.50503e-09
tfirst              =  2.34339e-07
t1                  =  2.42290e-06
t2                  =  2.49458e-06
t3                  =  2.56627e-06
t4                  =  2.63802e-06
t5                  =  2.70968e-06
t6                  =  2.78150e-06
t7                  =  2.85316e-06
t8                  =  2.92499e-06
t9                  =  2.99665e-06
t10                 =  3.06849e-06
t11                 =  3.14016e-06
t12                 =  3.21209e-06
idd_run             =  -4.07353e-05 from=  2.37600e-06 to=  3.96000e-06
vmax                =  1.23499e+00 at=  2.49543e-06
vmin                =  -2.88125e-02 at=  2.81777e-06
Note: Simulation executed from .control section 
Warning: m=xx on .subckt line will override multiplier m hierarchy!

Note: Starting dynamic gmin stepping
Note: Dynamic gmin stepping completed
Note: Starting dynamic gmin stepping
Note: Dynamic gmin stepping completed
