
Note: Compatibility modes selected: hs a


Circuit: * tt_analog_ring, code 64

Doing analysis at TEMP = 125.000000 and TNOM = 27.000000

Using SPARSE 1.3 as Direct Linear Solver
 Reference value :  0.00000e+00
No. of Data Rows : 1
idd_dis=9.80995E-05 vbp=0.648405 vbn=0.375842 clk_dis=1.08
Doing analysis at TEMP = 125.000000 and TNOM = 27.000000

Using SPARSE 1.3 as Direct Linear Solver

Initial Transient Solution
--------------------------

Node                                   Voltage
----                                   -------
vpwr                                      1.08
code[0]                                      0
code[1]                                      0
code[2]                                      0
code[3]                                      0
code[4]                                      0
code[5]                                      0
code[6]                                   1.08
code[7]                                      0
enable                                       0
xdut.vbp                              0.648405
clk_out                                   1.08
xdut.b1                            1.13652e-05
xdut.s3                            0.000133604
xdut.s2                                1.07999
xdut.n_126                             1.07988
xdut.s1                            0.000133619
xdut.n_125                             1.07999
xdut.s10                               1.07999
xdut.s6                                1.07999
xdut.s5                            0.000133604
xdut.n_128                             1.07999
xdut.s9                            0.000133604
xdut.n_133                             1.07999
xdut.s4                                1.07999
xdut.n_129                             1.07988
xdut.s8                                1.07999
xdut.n_132                             1.07988
xdut.s7                            0.000133604
xdut.n_130                             1.07988
xdut.n_127                             1.07999
xdut.n_131                             1.07999
xdut.s0                                1.07999
xdut.n_124                             1.07988
xdut.n_71                          0.000122472
xdut.n_72                          0.000122458
xdut.n_70                          4.60419e-06
xdut.n_77                          0.000122458
xdut.n_75                          4.60419e-06
xdut.n_73                          4.60419e-06
xdut.n_67                          4.60419e-06
xdut.n_76                          4.60419e-06
xdut.n_69                          0.000122458
xdut.n_74                          0.000122458
xdut.n_122                             1.07999
xdut.n_i1005                           0.91116
xdut.n_68                          9.79504e-06
xdut.vbn                              0.375842
ven#branch                         1.43164e-11
vc7#branch                           4.196e-12
vc6#branch                        -1.46484e-08
vc5#branch                           1.049e-12
vc4#branch                           5.245e-13
vc3#branch                          2.6225e-13
vc2#branch                         1.31125e-13
vc1#branch                         6.55625e-14
vc0#branch                         3.27813e-14
vdd#branch                        -9.80995e-05

 Reference value :  0.00000e+00
 Reference value :  7.85882e-09
 Reference value :  1.65344e-08
 Reference value :  2.42578e-08
 Reference value :  3.13464e-08
 Reference value :  3.60812e-08
 Reference value :  4.10538e-08
 Reference value :  4.62380e-08
 Reference value :  5.09990e-08
 Reference value :  5.59716e-08
 Reference value :  6.12616e-08
 Reference value :  6.61284e-08
 Reference value :  7.13126e-08
 Reference value :  7.66026e-08
 Reference value :  8.15752e-08
 Reference value :  8.68652e-08
 Reference value :  9.18378e-08
 Reference value :  9.72336e-08
 Reference value :  1.02735e-07
 Reference value :  1.07814e-07
 Reference value :  1.13209e-07
 Reference value :  1.18288e-07
 Reference value :  1.23472e-07
 Reference value :  1.28868e-07
 Reference value :  1.33840e-07
 Reference value :  1.39236e-07
 Reference value :  1.44209e-07
 Reference value :  1.49181e-07
 Reference value :  1.54471e-07
 Reference value :  1.59444e-07
 Reference value :  1.64734e-07
 Reference value :  1.69707e-07
 Reference value :  1.74679e-07
 Reference value :  1.80181e-07
 Reference value :  1.85259e-07
 Reference value :  1.90549e-07
 Reference value :  1.95733e-07
 Reference value :  2.00706e-07
 Reference value :  2.05996e-07
 Reference value :  2.10969e-07
 Reference value :  2.15941e-07
 Reference value :  2.21231e-07
 Reference value :  2.26204e-07
 Reference value :  2.31494e-07
 Reference value :  2.36572e-07
 Reference value :  2.41545e-07
 Reference value :  2.46941e-07
 Reference value :  2.51067e-07
 Reference value :  2.54029e-07
 Reference value :  2.57203e-07
 Reference value :  2.60483e-07
 Reference value :  2.63445e-07
 Reference value :  2.66408e-07
 Reference value :  2.69370e-07
 Reference value :  2.72756e-07
 Reference value :  2.75718e-07
 Reference value :  2.79210e-07
 Reference value :  2.84394e-07
 Reference value :  2.89578e-07
 Reference value :  2.94445e-07
 Reference value :  2.99735e-07
 Reference value :  3.04602e-07
 Reference value :  3.09574e-07
 Reference value :  3.14864e-07
 Reference value :  3.19943e-07
 Reference value :  3.25127e-07
 Reference value :  3.30205e-07
 Reference value :  3.35178e-07
 Reference value :  3.40362e-07
 Reference value :  3.43959e-07
 Reference value :  3.48720e-07
 Reference value :  3.53904e-07
 Reference value :  3.58771e-07
 Reference value :  3.63638e-07
 Reference value :  3.68822e-07
 Reference value :  3.73689e-07
 Reference value :  3.78662e-07
 Reference value :  3.83740e-07
 Reference value :  3.89030e-07
 Reference value :  3.94214e-07
 Reference value :  3.98869e-07
 Reference value :  4.03842e-07
 Reference value :  4.09026e-07
 Reference value :  4.13576e-07
 Reference value :  4.18654e-07
 Reference value :  4.23521e-07
 Reference value :  4.28388e-07
 Reference value :  4.33572e-07
 Reference value :  4.38439e-07
 Reference value :  4.43200e-07
 Reference value :  4.48278e-07
 Reference value :  4.53039e-07
 Reference value :  4.58012e-07
 Reference value :  4.62984e-07
 Reference value :  4.67745e-07
 Reference value :  4.73035e-07
 Reference value :  4.78008e-07
 Reference value :  4.80864e-07
 Reference value :  4.85731e-07
 Reference value :  4.90704e-07
 Reference value :  4.95253e-07
 Reference value :  5.00437e-07
 Reference value :  5.05516e-07
 Reference value :  5.10488e-07
 Reference value :  5.15778e-07
 Reference value :  5.20751e-07
 Reference value :  5.26041e-07
 Reference value :  5.30802e-07
 Reference value :  5.35880e-07
 Reference value :  5.40430e-07
 Reference value :  5.44133e-07
 Reference value :  5.47095e-07
 Reference value :  5.50058e-07
 Reference value :  5.53232e-07
 Reference value :  5.56194e-07
 Reference value :  5.59156e-07
 Reference value :  5.62013e-07
 Reference value :  5.65187e-07
 Reference value :  5.68149e-07
 Reference value :  5.71006e-07
 Reference value :  5.73863e-07
 Reference value :  5.76825e-07
 Reference value :  5.80105e-07
 Reference value :  5.83067e-07
 Reference value :  5.86030e-07
 Reference value :  5.88886e-07
 Reference value :  5.92060e-07
 Reference value :  5.95128e-07
 Reference value :  5.98091e-07
 Reference value :  6.00947e-07
 Reference value :  6.04016e-07
 Reference value :  6.07295e-07
 Reference value :  6.10364e-07
 Reference value :  6.13114e-07
 Reference value :  6.16077e-07
 Reference value :  6.19251e-07
 Reference value :  6.22107e-07
 Reference value :  6.25070e-07
 Reference value :  6.27926e-07
 Reference value :  6.30889e-07
 Reference value :  6.33957e-07
No. of Data Rows : 6015
vhold_min           =  1.08000e+00 at=  1.35424e-10
tfirst              =  4.55476e-08
t1                  =  4.06570e-07
t2                  =  4.33286e-07
t3                  =  4.60001e-07
t4                  =  4.86716e-07
t5                  =  5.13432e-07
t6                  =  5.40147e-07
t7                  =  5.66862e-07
t8                  =  5.93577e-07
t9                  =  6.20293e-07
idd_run             =  -1.02742e-04 from=  3.81000e-07 to=  6.34900e-07
vmax                =  1.08255e+00 at=  3.92310e-07
vmin                =  -8.29456e-03 at=  4.73247e-07
Note: Simulation executed from .control section 
Warning: m=xx on .subckt line will override multiplier m hierarchy!

Note: Starting dynamic gmin stepping
Note: Dynamic gmin stepping completed
Note: Starting dynamic gmin stepping
Note: Dynamic gmin stepping completed

Error: measure  t10  when(WHEN) : out of interval
 meas tran t10 when v(clk_out)=5.400000e-01 rise=10 from=3.810000e-07 failed!


Error: measure  t11  when(WHEN) : out of interval
 meas tran t11 when v(clk_out)=5.400000e-01 rise=11 from=3.810000e-07 failed!


Error: measure  t12  when(WHEN) : out of interval
 meas tran t12 when v(clk_out)=5.400000e-01 rise=12 from=3.810000e-07 failed!

