
Note: No compatibility mode selected!


Circuit: * tt_analog_ring, code 8

Doing analysis at TEMP = 27.000000 and TNOM = 27.000000

Using SPARSE 1.3 as Direct Linear Solver
 Reference value :  0.00000e+00
No. of Data Rows : 1
idd_dis=3.23005E-05 vbp=0.91966 vbn=0.358212 clk_dis=1.32
Doing analysis at TEMP = 27.000000 and TNOM = 27.000000

Using SPARSE 1.3 as Direct Linear Solver

Initial Transient Solution
--------------------------

Node                                   Voltage
----                                   -------
vpwr                                      1.32
code[0]                                      0
code[1]                                      0
code[2]                                      0
code[3]                                   1.32
code[4]                                      0
code[5]                                      0
code[6]                                      0
code[7]                                      0
enable                                       0
xdut.vbp                               0.91966
xdut.vbn                              0.358212
xdut.n0                            2.07522e-07
xdut.p0                                   1.32
xdut.na0                               1.12475
xdut.s0                                   1.32
xdut.s10                                  1.32
xdut.n1                            8.95474e-06
xdut.p1                                1.31999
xdut.s1                            9.21505e-06
xdut.n2                            8.91637e-08
xdut.p2                                   1.32
xdut.s2                                   1.32
xdut.n3                            8.95469e-06
xdut.p3                                1.31999
xdut.s3                              9.215e-06
xdut.n4                            8.91637e-08
xdut.p4                                   1.32
xdut.s4                                   1.32
xdut.n5                            8.95469e-06
xdut.p5                                1.31999
xdut.s5                              9.215e-06
xdut.n6                            8.91637e-08
xdut.p6                                   1.32
xdut.s6                                   1.32
xdut.n7                            8.95469e-06
xdut.p7                                1.31999
xdut.s7                              9.215e-06
xdut.n8                            8.91637e-08
xdut.p8                                   1.32
xdut.s8                                   1.32
xdut.n9                            8.95469e-06
xdut.p9                                1.31999
xdut.s9                              9.215e-06
xdut.n10                           8.91637e-08
xdut.p10                                  1.32
xdut.b1                            4.03167e-07
clk_out                                   1.32
ven#branch                         1.80234e-11
vc7#branch                         4.13269e-12
vc6#branch                         2.06634e-12
vc5#branch                         1.03317e-12
vc4#branch                         5.16586e-13
vc3#branch                        -2.96981e-09
vc2#branch                         1.29146e-13
vc1#branch                         6.45732e-14
vc0#branch                         3.22866e-14
vdd#branch                        -3.23005e-05

 Reference value :  0.00000e+00
 Reference value :  1.03224e-08
 Reference value :  2.35224e-08
 Reference value :  3.57324e-08
 Reference value :  4.89324e-08
 Reference value :  6.21324e-08
 Reference value :  7.56624e-08
 Reference value :  8.91924e-08
 Reference value :  9.91170e-08
 Reference value :  1.05161e-07
 Reference value :  1.11761e-07
 Reference value :  1.18691e-07
 Reference value :  1.24902e-07
 Reference value :  1.31541e-07
 Reference value :  1.38141e-07
 Reference value :  1.44411e-07
 Reference value :  1.51306e-07
 Reference value :  1.57876e-07
 Reference value :  1.64146e-07
 Reference value :  1.70746e-07
 Reference value :  1.76739e-07
 Reference value :  1.83213e-07
 Reference value :  1.89483e-07
 Reference value :  1.96083e-07
 Reference value :  2.02683e-07
 Reference value :  2.09283e-07
 Reference value :  2.15553e-07
 Reference value :  2.22153e-07
 Reference value :  2.28153e-07
 Reference value :  2.34560e-07
 Reference value :  2.41160e-07
 Reference value :  2.47430e-07
 Reference value :  2.54030e-07
 Reference value :  2.60566e-07
 Reference value :  2.66836e-07
 Reference value :  2.73436e-07
 Reference value :  2.79310e-07
 Reference value :  2.85398e-07
 Reference value :  2.91998e-07
 Reference value :  2.98598e-07
 Reference value :  3.05198e-07
 Reference value :  3.10616e-07
 Reference value :  3.17216e-07
 Reference value :  3.23486e-07
 Reference value :  3.30086e-07
 Reference value :  3.36107e-07
 Reference value :  3.42707e-07
 Reference value :  3.48977e-07
 Reference value :  3.55577e-07
 Reference value :  3.60996e-07
 Reference value :  3.67596e-07
 Reference value :  3.73866e-07
 Reference value :  3.80796e-07
 Reference value :  3.86487e-07
 Reference value :  3.93087e-07
 Reference value :  3.99687e-07
 Reference value :  4.06287e-07
 Reference value :  4.11707e-07
 Reference value :  4.18307e-07
 Reference value :  4.24577e-07
 Reference value :  4.31507e-07
 Reference value :  4.37199e-07
 Reference value :  4.43469e-07
 Reference value :  4.50069e-07
 Reference value :  4.56669e-07
 Reference value :  4.62087e-07
 Reference value :  4.68687e-07
 Reference value :  4.74957e-07
 Reference value :  4.81557e-07
 Reference value :  4.87247e-07
 Reference value :  4.93847e-07
 Reference value :  5.00117e-07
 Reference value :  5.06717e-07
 Reference value :  5.12138e-07
 Reference value :  5.18738e-07
 Reference value :  5.25008e-07
 Reference value :  5.31608e-07
 Reference value :  5.37633e-07
 Reference value :  5.44233e-07
 Reference value :  5.50503e-07
 Reference value :  5.57103e-07
 Reference value :  5.62877e-07
 Reference value :  5.69116e-07
 Reference value :  5.75716e-07
 Reference value :  5.82316e-07
 Reference value :  5.88333e-07
 Reference value :  5.94933e-07
 Reference value :  6.01203e-07
 Reference value :  6.07803e-07
 Reference value :  6.13678e-07
 Reference value :  6.19832e-07
 Reference value :  6.26102e-07
 Reference value :  6.32702e-07
 Reference value :  6.38913e-07
 Reference value :  6.45335e-07
 Reference value :  6.51935e-07
 Reference value :  6.58535e-07
 Reference value :  6.65060e-07
 Reference value :  6.71196e-07
 Reference value :  6.77466e-07
 Reference value :  6.83736e-07
 Reference value :  6.90263e-07
 Reference value :  6.96678e-07
 Reference value :  7.03278e-07
 Reference value :  7.09548e-07
 Reference value :  7.15818e-07
 Reference value :  7.21257e-07
 Reference value :  7.27527e-07
 Reference value :  7.34127e-07
 Reference value :  7.40727e-07
 Reference value :  7.47139e-07
 Reference value :  7.53409e-07
 Reference value :  7.60009e-07
 Reference value :  7.66279e-07
 Reference value :  7.72026e-07
 Reference value :  7.78626e-07
 Reference value :  7.85226e-07
 Reference value :  7.92156e-07
 Reference value :  7.98029e-07
 Reference value :  8.04629e-07
 Reference value :  8.11229e-07
 Reference value :  8.17829e-07
 Reference value :  8.24099e-07
 Reference value :  8.30699e-07
 Reference value :  8.37299e-07
 Reference value :  8.43899e-07
 Reference value :  8.49369e-07
 Reference value :  8.55639e-07
 Reference value :  8.62239e-07
 Reference value :  8.68509e-07
 Reference value :  8.74710e-07
 Reference value :  8.81310e-07
 Reference value :  8.87910e-07
 Reference value :  8.94510e-07
 Reference value :  9.00519e-07
 Reference value :  9.07119e-07
 Reference value :  9.13719e-07
 Reference value :  9.20319e-07
 Reference value :  9.26128e-07
 Reference value :  9.32398e-07
 Reference value :  9.38998e-07
 Reference value :  9.45598e-07
 Reference value :  9.51546e-07
 Reference value :  9.58146e-07
 Reference value :  9.64416e-07
 Reference value :  9.71016e-07
 Reference value :  9.76854e-07
 Reference value :  9.83454e-07
 Reference value :  9.89724e-07
 Reference value :  9.96654e-07
 Reference value :  1.00257e-06
 Reference value :  1.00950e-06
 Reference value :  1.01577e-06
 Reference value :  1.02237e-06
 Reference value :  1.02825e-06
 Reference value :  1.03518e-06
 Reference value :  1.04178e-06
 Reference value :  1.04838e-06
 Reference value :  1.05391e-06
 Reference value :  1.06051e-06
 Reference value :  1.06711e-06
 Reference value :  1.07371e-06
 Reference value :  1.07998e-06
 Reference value :  1.08658e-06
 Reference value :  1.09285e-06
 Reference value :  1.09978e-06
 Reference value :  1.10559e-06
 Reference value :  1.11186e-06
 Reference value :  1.11846e-06
 Reference value :  1.12506e-06
 Reference value :  1.13126e-06
 Reference value :  1.13753e-06
 Reference value :  1.14380e-06
 Reference value :  1.15040e-06
 Reference value :  1.15608e-06
 Reference value :  1.16235e-06
 Reference value :  1.16862e-06
 Reference value :  1.17489e-06
 Reference value :  1.18070e-06
 Reference value :  1.18730e-06
 Reference value :  1.19390e-06
 Reference value :  1.20050e-06
 Reference value :  1.20644e-06
 Reference value :  1.21337e-06
 Reference value :  1.21997e-06
 Reference value :  1.22657e-06
 Reference value :  1.23242e-06
 Reference value :  1.23869e-06
 Reference value :  1.24496e-06
 Reference value :  1.25156e-06
 Reference value :  1.25714e-06
 Reference value :  1.26374e-06
 Reference value :  1.27001e-06
 Reference value :  1.27661e-06
 Reference value :  1.28285e-06
 Reference value :  1.28912e-06
 Reference value :  1.29572e-06
 Reference value :  1.30232e-06
 Reference value :  1.30811e-06
 Reference value :  1.31438e-06
 Reference value :  1.32065e-06
 Reference value :  1.32692e-06
 Reference value :  1.33315e-06
 Reference value :  1.34004e-06
 Reference value :  1.34664e-06
 Reference value :  1.35291e-06
 Reference value :  1.35919e-06
 Reference value :  1.36579e-06
 Reference value :  1.37206e-06
 Reference value :  1.37866e-06
 Reference value :  1.38491e-06
 Reference value :  1.39151e-06
 Reference value :  1.39778e-06
 Reference value :  1.40405e-06
 Reference value :  1.40972e-06
 Reference value :  1.41621e-06
 Reference value :  1.42281e-06
 Reference value :  1.42941e-06
 Reference value :  1.43568e-06
 Reference value :  1.44227e-06
 Reference value :  1.44887e-06
 Reference value :  1.45547e-06
 Reference value :  1.46114e-06
 Reference value :  1.46754e-06
 Reference value :  1.47414e-06
 Reference value :  1.48008e-06
 Reference value :  1.48701e-06
 Reference value :  1.49320e-06
 Reference value :  1.49947e-06
 Reference value :  1.50607e-06
 Reference value :  1.51224e-06
 Reference value :  1.51898e-06
 Reference value :  1.52558e-06
 Reference value :  1.53218e-06
 Reference value :  1.53842e-06
 Reference value :  1.54499e-06
 Reference value :  1.55126e-06
 Reference value :  1.55753e-06
 Reference value :  1.56366e-06
 Reference value :  1.57000e-06
 Reference value :  1.57660e-06
 Reference value :  1.58320e-06
 Reference value :  1.58980e-06
 Reference value :  1.59673e-06
 Reference value :  1.60333e-06
 Reference value :  1.60960e-06
 Reference value :  1.61527e-06
 Reference value :  1.62167e-06
 Reference value :  1.62794e-06
 Reference value :  1.63421e-06
 Reference value :  1.64081e-06
 Reference value :  1.64700e-06
 Reference value :  1.65327e-06
 Reference value :  1.65987e-06
 Reference value :  1.66614e-06
 Reference value :  1.67211e-06
 Reference value :  1.67871e-06
 Reference value :  1.68531e-06
 Reference value :  1.69191e-06
 Reference value :  1.69817e-06
 Reference value :  1.70444e-06
 Reference value :  1.71104e-06
 Reference value :  1.71756e-06
 Reference value :  1.72376e-06
 Reference value :  1.73003e-06
 Reference value :  1.73630e-06
 Reference value :  1.74290e-06
 Reference value :  1.74909e-06
 Reference value :  1.75602e-06
 Reference value :  1.76262e-06
 Reference value :  1.76889e-06
 Reference value :  1.77518e-06
 Reference value :  1.78145e-06
 Reference value :  1.78805e-06
 Reference value :  1.79465e-06
 Reference value :  1.80125e-06
 Reference value :  1.80785e-06
 Reference value :  1.81445e-06
 Reference value :  1.82031e-06
 Reference value :  1.82652e-06
 Reference value :  1.83312e-06
 Reference value :  1.83939e-06
 Reference value :  1.84599e-06
 Reference value :  1.85186e-06
 Reference value :  1.85846e-06
 Reference value :  1.86506e-06
 Reference value :  1.87166e-06
 Reference value :  1.87799e-06
 Reference value :  1.88426e-06
 Reference value :  1.89053e-06
 Reference value :  1.89713e-06
 Reference value :  1.90297e-06
 Reference value :  1.90924e-06
 Reference value :  1.91617e-06
 Reference value :  1.92304e-06
 Reference value :  1.92967e-06
 Reference value :  1.93660e-06
 Reference value :  1.94353e-06
 Reference value :  1.94977e-06
 Reference value :  1.95637e-06
 Reference value :  1.96297e-06
 Reference value :  1.96957e-06
 Reference value :  1.97542e-06
No. of Data Rows : 6066
vhold_min           =  1.32000e+00 at=  4.22400e-10
tfirst              =  1.24543e-07
t1                  =  1.22981e-06
t2                  =  1.28118e-06
t3                  =  1.33259e-06
t4                  =  1.38396e-06
t5                  =  1.43532e-06
t6                  =  1.48672e-06
t7                  =  1.53807e-06
t8                  =  1.58946e-06
t9                  =  1.64086e-06
t10                 =  1.69221e-06
t11                 =  1.74361e-06
t12                 =  1.79498e-06
idd_run             =  -3.50395e-05 from=  1.18800e-06 to=  1.98000e-06
vmax                =  1.33471e+00 at=  1.33315e-06
vmin                =  -3.71702e-02 at=  1.46067e-06
Note: Simulation executed from .control section 
Note: Starting dynamic gmin stepping
Note: Dynamic gmin stepping completed
Note: Starting dynamic gmin stepping
Note: Dynamic gmin stepping completed
