
Note: No compatibility mode selected!


Circuit: * tt_analog_ring, code 16

Doing analysis at TEMP = 125.000000 and TNOM = 27.000000

Using SPARSE 1.3 as Direct Linear Solver
 Reference value :  0.00000e+00
No. of Data Rows : 1
idd_dis=3.16319E-05 vbp=0.790424 vbn=0.317921 clk_dis=1.2
Doing analysis at TEMP = 125.000000 and TNOM = 27.000000

Using SPARSE 1.3 as Direct Linear Solver

Initial Transient Solution
--------------------------

Node                                   Voltage
----                                   -------
vpwr                                       1.2
code[0]                                      0
code[1]                                      0
code[2]                                      0
code[3]                                      0
code[4]                                    1.2
code[5]                                      0
code[6]                                      0
code[7]                                      0
enable                                       0
xdut.vbp                              0.790424
xdut.vbn                              0.317921
xdut.n0                            7.87836e-06
xdut.p0                                1.19999
xdut.na0                               1.02028
xdut.s0                                1.19999
xdut.s10                                   1.2
xdut.n1                            2.00322e-05
xdut.p1                                1.19999
xdut.s1                            2.07161e-05
xdut.n2                            3.39687e-06
xdut.p2                                    1.2
xdut.s2                                    1.2
xdut.n3                            2.00308e-05
xdut.p3                                1.19999
xdut.s3                            2.07146e-05
xdut.n4                            3.39687e-06
xdut.p4                                    1.2
xdut.s4                                    1.2
xdut.n5                            2.00308e-05
xdut.p5                                1.19999
xdut.s5                            2.07146e-05
xdut.n6                            3.39687e-06
xdut.p6                                    1.2
xdut.s6                                    1.2
xdut.n7                            2.00308e-05
xdut.p7                                1.19999
xdut.s7                            2.07146e-05
xdut.n8                            3.39687e-06
xdut.p8                                    1.2
xdut.s8                                    1.2
xdut.n9                            2.00308e-05
xdut.p9                                1.19999
xdut.s9                            2.07146e-05
xdut.n10                           3.39687e-06
xdut.p10                                   1.2
xdut.b1                            7.24792e-07
clk_out                                    1.2
ven#branch                         3.57922e-12
vc7#branch                         2.99891e-12
vc6#branch                         1.49946e-12
vc5#branch                         7.49728e-13
vc4#branch                         -3.2118e-09
vc3#branch                         1.87432e-13
vc2#branch                          9.3716e-14
vc1#branch                          4.6858e-14
vc0#branch                          2.3429e-14
vdd#branch                        -3.16319e-05

 Reference value :  0.00000e+00
 Reference value :  5.83300e-09
 Reference value :  1.28803e-08
 Reference value :  2.02890e-08
 Reference value :  2.73363e-08
 Reference value :  3.43836e-08
 Reference value :  4.14309e-08
 Reference value :  4.86589e-08
 Reference value :  5.43000e-08
 Reference value :  5.81310e-08
 Reference value :  6.21064e-08
 Reference value :  6.60818e-08
 Reference value :  7.00572e-08
 Reference value :  7.38519e-08
 Reference value :  7.77603e-08
 Reference value :  8.20841e-08
 Reference value :  8.62402e-08
 Reference value :  9.00349e-08
 Reference value :  9.38296e-08
 Reference value :  9.79857e-08
 Reference value :  1.02142e-07
 Reference value :  1.06117e-07
 Reference value :  1.10093e-07
 Reference value :  1.14068e-07
 Reference value :  1.18043e-07
 Reference value :  1.22126e-07
 Reference value :  1.26279e-07
 Reference value :  1.29893e-07
 Reference value :  1.33868e-07
 Reference value :  1.37843e-07
 Reference value :  1.41819e-07
 Reference value :  1.45975e-07
 Reference value :  1.49950e-07
 Reference value :  1.53926e-07
 Reference value :  1.57901e-07
 Reference value :  1.61696e-07
 Reference value :  1.66033e-07
 Reference value :  1.69918e-07
 Reference value :  1.73894e-07
 Reference value :  1.77869e-07
 Reference value :  1.81664e-07
 Reference value :  1.85820e-07
 Reference value :  1.89976e-07
 Reference value :  1.93951e-07
 Reference value :  1.97746e-07
 Reference value :  2.01722e-07
 Reference value :  2.05697e-07
 Reference value :  2.09853e-07
 Reference value :  2.13746e-07
 Reference value :  2.17541e-07
 Reference value :  2.21335e-07
 Reference value :  2.25311e-07
 Reference value :  2.29286e-07
 Reference value :  2.33442e-07
 Reference value :  2.37418e-07
 Reference value :  2.41574e-07
 Reference value :  2.45549e-07
 Reference value :  2.49524e-07
 Reference value :  2.53861e-07
 Reference value :  2.57762e-07
 Reference value :  2.61738e-07
 Reference value :  2.65894e-07
 Reference value :  2.69869e-07
 Reference value :  2.73664e-07
 Reference value :  2.77820e-07
 Reference value :  2.81615e-07
 Reference value :  2.85229e-07
 Reference value :  2.89204e-07
 Reference value :  2.93360e-07
 Reference value :  2.97336e-07
 Reference value :  3.01419e-07
 Reference value :  3.05394e-07
 Reference value :  3.09369e-07
 Reference value :  3.13526e-07
 Reference value :  3.17682e-07
 Reference value :  3.21838e-07
 Reference value :  3.25813e-07
 Reference value :  3.29608e-07
 Reference value :  3.33764e-07
 Reference value :  3.37739e-07
 Reference value :  3.41895e-07
 Reference value :  3.45772e-07
 Reference value :  3.49928e-07
 Reference value :  3.53903e-07
 Reference value :  3.58059e-07
 Reference value :  3.62215e-07
 Reference value :  3.66372e-07
 Reference value :  3.70347e-07
 Reference value :  3.74322e-07
 Reference value :  3.78478e-07
 Reference value :  3.82273e-07
 Reference value :  3.86429e-07
 Reference value :  3.90318e-07
 Reference value :  3.94293e-07
 Reference value :  3.98269e-07
 Reference value :  4.02244e-07
 Reference value :  4.06219e-07
 Reference value :  4.10556e-07
 Reference value :  4.14351e-07
 Reference value :  4.18146e-07
 Reference value :  4.22121e-07
 Reference value :  4.26096e-07
 Reference value :  4.30072e-07
 Reference value :  4.34176e-07
 Reference value :  4.38332e-07
 Reference value :  4.42308e-07
 Reference value :  4.46283e-07
 Reference value :  4.50439e-07
 Reference value :  4.54595e-07
 Reference value :  4.58571e-07
 Reference value :  4.62546e-07
 Reference value :  4.66341e-07
 Reference value :  4.70316e-07
 Reference value :  4.74292e-07
 Reference value :  4.78569e-07
 Reference value :  4.82725e-07
 Reference value :  4.86700e-07
 Reference value :  4.90675e-07
 Reference value :  4.94651e-07
 Reference value :  4.98807e-07
 Reference value :  5.02963e-07
 Reference value :  5.06938e-07
 Reference value :  5.10914e-07
 Reference value :  5.14889e-07
 Reference value :  5.18865e-07
 Reference value :  5.22713e-07
 Reference value :  5.26869e-07
 Reference value :  5.30845e-07
 Reference value :  5.34639e-07
 Reference value :  5.38795e-07
 Reference value :  5.43132e-07
 Reference value :  5.47108e-07
 Reference value :  5.51083e-07
 Reference value :  5.55058e-07
 Reference value :  5.59034e-07
 Reference value :  5.63009e-07
 Reference value :  5.67261e-07
 Reference value :  5.71417e-07
 Reference value :  5.75392e-07
 Reference value :  5.79368e-07
 Reference value :  5.83343e-07
 Reference value :  5.87860e-07
 Reference value :  5.92017e-07
 Reference value :  5.95992e-07
 Reference value :  5.99787e-07
 Reference value :  6.03762e-07
 Reference value :  6.07737e-07
 Reference value :  6.11657e-07
 Reference value :  6.15813e-07
 Reference value :  6.19789e-07
 Reference value :  6.23584e-07
 Reference value :  6.27378e-07
 Reference value :  6.31715e-07
 Reference value :  6.35690e-07
 Reference value :  6.39666e-07
 Reference value :  6.43822e-07
 Reference value :  6.47797e-07
 Reference value :  6.51773e-07
 Reference value :  6.55687e-07
 Reference value :  6.60023e-07
 Reference value :  6.63999e-07
 Reference value :  6.67974e-07
 Reference value :  6.71950e-07
 Reference value :  6.76106e-07
 Reference value :  6.80262e-07
 Reference value :  6.84237e-07
 Reference value :  6.88032e-07
 Reference value :  6.92007e-07
 Reference value :  6.95802e-07
 Reference value :  6.99913e-07
 Reference value :  7.03989e-07
 Reference value :  7.07784e-07
 Reference value :  7.11579e-07
 Reference value :  7.15373e-07
 Reference value :  7.19529e-07
 Reference value :  7.23686e-07
 Reference value :  7.27842e-07
 Reference value :  7.31636e-07
 Reference value :  7.35792e-07
 Reference value :  7.39949e-07
 Reference value :  7.44285e-07
 Reference value :  7.48355e-07
 Reference value :  7.52330e-07
 Reference value :  7.56305e-07
 Reference value :  7.60281e-07
 Reference value :  7.64437e-07
 Reference value :  7.68774e-07
 Reference value :  7.72749e-07
 Reference value :  7.76724e-07
 Reference value :  7.80700e-07
 Reference value :  7.84856e-07
 Reference value :  7.89157e-07
 Reference value :  7.93659e-07
 Reference value :  7.97815e-07
 Reference value :  8.01790e-07
 Reference value :  8.05766e-07
 Reference value :  8.10283e-07
 Reference value :  8.14439e-07
 Reference value :  8.18415e-07
 Reference value :  8.22571e-07
 Reference value :  8.26727e-07
 Reference value :  8.30702e-07
 Reference value :  8.34798e-07
 Reference value :  8.38774e-07
 Reference value :  8.42749e-07
 Reference value :  8.46724e-07
 Reference value :  8.50700e-07
 Reference value :  8.55037e-07
 Reference value :  8.59012e-07
 Reference value :  8.62807e-07
 Reference value :  8.66782e-07
 Reference value :  8.70938e-07
 Reference value :  8.75094e-07
 Reference value :  8.79124e-07
 Reference value :  8.83100e-07
 Reference value :  8.87075e-07
 Reference value :  8.90508e-07
 Reference value :  8.94303e-07
 Reference value :  8.98640e-07
 Reference value :  9.02796e-07
 Reference value :  9.06952e-07
 Reference value :  9.10927e-07
 Reference value :  9.14722e-07
 Reference value :  9.18697e-07
 Reference value :  9.22769e-07
 Reference value :  9.26925e-07
 Reference value :  9.30720e-07
 Reference value :  9.34514e-07
 Reference value :  9.38309e-07
 Reference value :  9.42285e-07
 Reference value :  9.46621e-07
 Reference value :  9.50597e-07
 Reference value :  9.54572e-07
 Reference value :  9.58548e-07
 Reference value :  9.62523e-07
 Reference value :  9.66651e-07
 Reference value :  9.70958e-07
 Reference value :  9.74934e-07
 Reference value :  9.78909e-07
 Reference value :  9.82884e-07
 Reference value :  9.87040e-07
 Reference value :  9.91197e-07
 Reference value :  9.94991e-07
 Reference value :  9.98967e-07
 Reference value :  1.00294e-06
 Reference value :  1.00692e-06
 Reference value :  1.01107e-06
 Reference value :  1.01517e-06
 Reference value :  1.01914e-06
 Reference value :  1.02330e-06
 Reference value :  1.02727e-06
 Reference value :  1.03161e-06
 Reference value :  1.03577e-06
 Reference value :  1.03974e-06
 Reference value :  1.04372e-06
 Reference value :  1.04751e-06
 Reference value :  1.05149e-06
 Reference value :  1.05560e-06
 Reference value :  1.05950e-06
 Reference value :  1.06347e-06
 Reference value :  1.06727e-06
 Reference value :  1.07124e-06
 Reference value :  1.07558e-06
 Reference value :  1.07973e-06
 Reference value :  1.08371e-06
No. of Data Rows : 6025
vhold_min           =  1.20000e+00 at=  5.92696e-10
tfirst              =  7.72045e-08
t1                  =  6.77833e-07
t2                  =  7.22297e-07
t3                  =  7.66757e-07
t4                  =  8.11221e-07
t5                  =  8.55677e-07
t6                  =  9.00141e-07
t7                  =  9.44600e-07
t8                  =  9.89065e-07
t9                  =  1.03352e-06
t10                 =  1.07798e-06
idd_run             =  -3.38294e-05 from=  6.50400e-07 to=  1.08400e-06
vmax                =  1.21442e+00 at=  7.67147e-07
vmin                =  -1.72633e-02 at=  1.01122e-06
Note: Simulation executed from .control section 
Note: Starting dynamic gmin stepping
Note: Dynamic gmin stepping completed
Note: Starting dynamic gmin stepping
Note: Dynamic gmin stepping completed

Error: measure  t11  when(WHEN) : out of interval
 meas tran t11 when v(clk_out)=6.000000e-01 rise=11 from=6.504000e-07 failed!


Error: measure  t12  when(WHEN) : out of interval
 meas tran t12 when v(clk_out)=6.000000e-01 rise=12 from=6.504000e-07 failed!

