
Note: No compatibility mode selected!


Circuit: * nand as inverter: a=1, pulse b

Doing analysis at TEMP = -40.000000 and TNOM = 27.000000

Using SPARSE 1.3 as Direct Linear Solver

Initial Transient Solution
--------------------------

Node                                   Voltage
----                                   -------
vpwr                                      1.08
code[0]                                      0
code[1]                                      0
code[2]                                      0
code[3]                                      0
code[4]                                      0
code[5]                                      0
code[6]                                      0
code[7]                                      0
vbp                                   0.665554
vbn                                   0.281225
a                                         1.08
p                                            0
xdrv.net1                                 1.08
b                                         1.08
xdrv.net2                          8.22334e-08
xnand.net1                                1.08
y                                  5.94398e-06
xnand.net2                         5.93161e-06
xnand.net3                         5.90635e-06
xload.net1                                1.08
z                                         1.08
xload.net2                         8.22479e-08
xload2.net1                               1.08
zz                                  1.0617e-06
xload2.net2                         1.0545e-06
vin#branch                           1.995e-12
va#branch                         -9.97427e-12
vc7#branch                         2.68642e-12
vc6#branch                         1.34319e-12
vc5#branch                         6.71579e-13
vc4#branch                         3.35773e-13
vc3#branch                         1.67869e-13
vc2#branch                         8.39179e-14
vc1#branch                          4.1942e-14
vc0#branch                         2.09541e-14
vdd#branch                        -6.34023e-06

 Reference value :  5.07450e-09
 Reference value :  8.56137e-08
 Reference value :  1.51571e-07
 Reference value :  2.20266e-07
 Reference value :  2.99490e-07
 Reference value :  3.81082e-07
 Reference value :  4.37720e-07
 Reference value :  5.16417e-07
 Reference value :  5.96956e-07
 Reference value :  6.68659e-07
 Reference value :  7.32880e-07
 Reference value :  8.13419e-07
 Reference value :  8.92906e-07
 Reference value :  9.54545e-07
 Reference value :  1.03140e-06
 Reference value :  1.11220e-06
 Reference value :  1.18812e-06
 Reference value :  1.24865e-06
 Reference value :  1.32788e-06
 Reference value :  1.40868e-06
 Reference value :  1.47374e-06
 Reference value :  1.54664e-06
No. of Data Rows : 6065
tin_f               =  6.65119e-07
tout_r              =  6.76121e-07
tin_r               =  9.30599e-07
tout_f              =  9.38360e-07
tplh=1.10019E-08 tphl=7.761E-09
Note: Simulation executed from .control section 
Note: Starting dynamic gmin stepping
Note: Dynamic gmin stepping completed
