# Logfile created on 2026-09-07 16:06:58 +0200 by logger.rb/v1.5.3
2026-09-07 16:06:58 +0200: Memory Usage (456088K) : Starting running IHP-SG13G2 KLayout DRC runset on /work/analog/macro/tt_analog_ring.gds
2026-09-07 16:06:58 +0200: Memory Usage (456088K) : Ruby Version for klayout: 3.2.3
2026-09-07 16:06:58 +0200: Memory Usage (457020K) : Loading database to memory is complete.
2026-09-07 16:06:58 +0200: Memory Usage (457020K) : IHP-SG13G2 KLayout DRC runset output at: /work/analog/out/drc/tt_analog_ring_tt_analog_ring_activfiller.lyrdb
2026-09-07 16:06:58 +0200: Memory Usage (457212K) : Evaluate switches.
2026-09-07 16:06:58 +0200: Memory Usage (457212K) : tables selected: activfiller
2026-09-07 16:06:58 +0200: Memory Usage (457212K) : KLayout will use 20 thread(s) in tiling mode.
2026-09-07 16:06:58 +0200: Memory Usage (457212K) : deep mode is enabled.
2026-09-07 16:06:58 +0200: Memory Usage (457212K) : FEOL enabled: false
2026-09-07 16:06:58 +0200: Memory Usage (457212K) : BEOL enabled: false
2026-09-07 16:06:58 +0200: Memory Usage (457212K) : OFFGRID enabled: true
2026-09-07 16:06:58 +0200: Memory Usage (457212K) : ANGLE enabled: true
2026-09-07 16:06:58 +0200: Memory Usage (457212K) : PIN enabled: false
2026-09-07 16:06:58 +0200: Memory Usage (457212K) : FORBIDDEN enabled: false
2026-09-07 16:06:58 +0200: Memory Usage (457212K) : RECOMMENDED enabled: true
2026-09-07 16:06:58 +0200: Memory Usage (457212K) : PreCheck DRC enabled: false
2026-09-07 16:06:58 +0200: Memory Usage (457212K) : CONNECTIVITY_RULES enabled: false.
2026-09-07 16:06:58 +0200: Memory Usage (457212K) : Read in polygons from layers.
2026-09-07 16:06:58 +0200: Memory Usage (458152K) : activ_drw has 643 polygons
2026-09-07 16:06:58 +0200: Memory Usage (458152K) : activ_pin has 0 polygons
2026-09-07 16:06:58 +0200: Memory Usage (458152K) : activ_mask has 0 polygons
2026-09-07 16:06:58 +0200: Memory Usage (458152K) : activ_filler has 0 polygons
2026-09-07 16:06:58 +0200: Memory Usage (458152K) : activ_nofill has 0 polygons
2026-09-07 16:06:58 +0200: Memory Usage (458152K) : activ_opc has 0 polygons
2026-09-07 16:06:58 +0200: Memory Usage (458152K) : activ_iopc has 0 polygons
2026-09-07 16:06:58 +0200: Memory Usage (458312K) : activ_noqrc has 0 polygons
2026-09-07 16:06:58 +0200: Memory Usage (458312K) : biwind_drw has 0 polygons
2026-09-07 16:06:58 +0200: Memory Usage (458312K) : biwind_opc has 0 polygons
2026-09-07 16:06:58 +0200: Memory Usage (458312K) : pemwind_drw has 0 polygons
2026-09-07 16:06:58 +0200: Memory Usage (458312K) : gatpoly_drw has 513 polygons
2026-09-07 16:06:58 +0200: Memory Usage (458312K) : gatpoly_pin has 91 polygons
2026-09-07 16:06:58 +0200: Memory Usage (458312K) : gatpoly_filler has 0 polygons
2026-09-07 16:06:58 +0200: Memory Usage (458312K) : gatpoly_nofill has 0 polygons
2026-09-07 16:06:58 +0200: Memory Usage (458312K) : gatpoly_opc has 0 polygons
2026-09-07 16:06:58 +0200: Memory Usage (458312K) : gatpoly_iopc has 0 polygons
2026-09-07 16:06:58 +0200: Memory Usage (458312K) : gatpoly_noqrc has 0 polygons
2026-09-07 16:06:58 +0200: Memory Usage (458504K) : cont_drw has 1631 polygons
2026-09-07 16:06:58 +0200: Memory Usage (458504K) : cont_opc has 0 polygons
2026-09-07 16:06:58 +0200: Memory Usage (458504K) : nsd_drw has 0 polygons
2026-09-07 16:06:58 +0200: Memory Usage (458664K) : nsd_block has 0 polygons
2026-09-07 16:06:58 +0200: Memory Usage (458664K) : metal1_drw has 1169 polygons
2026-09-07 16:06:58 +0200: Memory Usage (458824K) : metal1_pin has 182 polygons
2026-09-07 16:06:58 +0200: Memory Usage (458824K) : metal1_mask has 0 polygons
2026-09-07 16:06:58 +0200: Memory Usage (458824K) : metal1_filler has 0 polygons
2026-09-07 16:06:58 +0200: Memory Usage (458984K) : metal1_nofill has 0 polygons
2026-09-07 16:06:58 +0200: Memory Usage (458984K) : metal1_slit has 0 polygons
2026-09-07 16:06:58 +0200: Memory Usage (459204K) : metal1_text has 13 polygons
2026-09-07 16:06:58 +0200: Memory Usage (459364K) : metal1_opc has 0 polygons
2026-09-07 16:06:58 +0200: Memory Usage (459364K) : metal1_noqrc has 0 polygons
2026-09-07 16:06:58 +0200: Memory Usage (459524K) : metal1_res has 0 polygons
2026-09-07 16:06:58 +0200: Memory Usage (459524K) : metal1_iprobe has 0 polygons
2026-09-07 16:06:58 +0200: Memory Usage (459684K) : metal1_diffprb has 0 polygons
2026-09-07 16:06:58 +0200: Memory Usage (459684K) : passiv_drw has 0 polygons
2026-09-07 16:06:58 +0200: Memory Usage (459684K) : passiv_pin has 0 polygons
2026-09-07 16:06:58 +0200: Memory Usage (459684K) : passiv_sbump has 0 polygons
2026-09-07 16:06:58 +0200: Memory Usage (459684K) : passiv_pillar has 0 polygons
2026-09-07 16:06:58 +0200: Memory Usage (459684K) : passiv_pdl has 0 polygons
2026-09-07 16:06:58 +0200: Memory Usage (459684K) : metal2_drw has 121 polygons
2026-09-07 16:06:58 +0200: Memory Usage (459684K) : metal2_pin has 0 polygons
2026-09-07 16:06:58 +0200: Memory Usage (459684K) : metal2_mask has 0 polygons
2026-09-07 16:06:58 +0200: Memory Usage (459684K) : metal2_filler has 0 polygons
2026-09-07 16:06:58 +0200: Memory Usage (459844K) : metal2_nofill has 0 polygons
2026-09-07 16:06:58 +0200: Memory Usage (459844K) : metal2_slit has 0 polygons
2026-09-07 16:06:58 +0200: Memory Usage (459844K) : metal2_text has 11 polygons
2026-09-07 16:06:58 +0200: Memory Usage (459844K) : metal2_opc has 0 polygons
2026-09-07 16:06:58 +0200: Memory Usage (459844K) : metal2_noqrc has 0 polygons
2026-09-07 16:06:58 +0200: Memory Usage (459844K) : metal2_res has 0 polygons
2026-09-07 16:06:58 +0200: Memory Usage (460004K) : metal2_iprobe has 0 polygons
2026-09-07 16:06:58 +0200: Memory Usage (460004K) : metal2_diffprb has 0 polygons
2026-09-07 16:06:58 +0200: Memory Usage (460164K) : baspoly_drw has 0 polygons
2026-09-07 16:06:58 +0200: Memory Usage (460164K) : baspoly_pin has 0 polygons
2026-09-07 16:06:58 +0200: Memory Usage (460164K) : psd_drw has 94 polygons
2026-09-07 16:06:58 +0200: Memory Usage (460164K) : nldb_drw has 0 polygons
2026-09-07 16:06:58 +0200: Memory Usage (460324K) : digibnd_drw has 0 polygons
2026-09-07 16:06:58 +0200: Memory Usage (460324K) : via1_drw has 192 polygons
2026-09-07 16:06:58 +0200: Memory Usage (460484K) : backmetal1_drw has 0 polygons
2026-09-07 16:06:58 +0200: Memory Usage (460484K) : backmetal1_pin has 0 polygons
2026-09-07 16:06:58 +0200: Memory Usage (460644K) : backmetal1_mask has 0 polygons
2026-09-07 16:06:58 +0200: Memory Usage (460644K) : backmetal1_filler has 0 polygons
2026-09-07 16:06:58 +0200: Memory Usage (460644K) : backmetal1_nofill has 0 polygons
2026-09-07 16:06:58 +0200: Memory Usage (460804K) : backmetal1_slit has 0 polygons
2026-09-07 16:06:58 +0200: Memory Usage (460804K) : backmetal1_text has 0 polygons
2026-09-07 16:06:58 +0200: Memory Usage (460804K) : backmetal1_opc has 0 polygons
2026-09-07 16:06:58 +0200: Memory Usage (460964K) : backmetal1_noqrc has 0 polygons
2026-09-07 16:06:58 +0200: Memory Usage (461124K) : backmetal1_res has 0 polygons
2026-09-07 16:06:58 +0200: Memory Usage (461124K) : backmetal1_iprobe has 0 polygons
2026-09-07 16:06:58 +0200: Memory Usage (461124K) : backmetal1_diffprb has 0 polygons
2026-09-07 16:06:58 +0200: Memory Usage (461284K) : backpassiv_drw has 0 polygons
2026-09-07 16:06:58 +0200: Memory Usage (461284K) : res_drw has 0 polygons
2026-09-07 16:06:58 +0200: Memory Usage (461284K) : sram_drw has 0 polygons
2026-09-07 16:06:58 +0200: Memory Usage (461444K) : trans_drw has 0 polygons
2026-09-07 16:06:58 +0200: Memory Usage (461444K) : ind_drw has 0 polygons
2026-09-07 16:06:58 +0200: Memory Usage (461444K) : ind_pin has 0 polygons
2026-09-07 16:06:58 +0200: Memory Usage (461444K) : ind_text has 0 polygons
2026-09-07 16:06:58 +0200: Memory Usage (461444K) : salblock_drw has 0 polygons
2026-09-07 16:06:58 +0200: Memory Usage (461604K) : via2_drw has 109 polygons
2026-09-07 16:06:58 +0200: Memory Usage (461604K) : metal3_drw has 14 polygons
2026-09-07 16:06:58 +0200: Memory Usage (461604K) : metal3_pin has 0 polygons
2026-09-07 16:06:58 +0200: Memory Usage (461604K) : metal3_mask has 0 polygons
2026-09-07 16:06:58 +0200: Memory Usage (461764K) : metal3_filler has 0 polygons
2026-09-07 16:06:58 +0200: Memory Usage (461764K) : metal3_nofill has 0 polygons
2026-09-07 16:06:58 +0200: Memory Usage (461764K) : metal3_slit has 0 polygons
2026-09-07 16:06:58 +0200: Memory Usage (461764K) : metal3_text has 1 polygons
2026-09-07 16:06:58 +0200: Memory Usage (461924K) : metal3_opc has 0 polygons
2026-09-07 16:06:58 +0200: Memory Usage (461924K) : metal3_noqrc has 0 polygons
2026-09-07 16:06:58 +0200: Memory Usage (461924K) : metal3_res has 0 polygons
2026-09-07 16:06:58 +0200: Memory Usage (461924K) : metal3_iprobe has 0 polygons
2026-09-07 16:06:58 +0200: Memory Usage (462084K) : metal3_diffprb has 0 polygons
2026-09-07 16:06:58 +0200: Memory Usage (462084K) : nwell_drw has 27 polygons
2026-09-07 16:06:58 +0200: Memory Usage (462084K) : nwell_pin has 0 polygons
2026-09-07 16:06:58 +0200: Memory Usage (462244K) : nbulay_drw has 0 polygons
2026-09-07 16:06:58 +0200: Memory Usage (462244K) : nbulay_pin has 0 polygons
2026-09-07 16:06:58 +0200: Memory Usage (462244K) : nbulay_block has 0 polygons
2026-09-07 16:06:58 +0200: Memory Usage (462404K) : emwind_drw has 0 polygons
2026-09-07 16:06:58 +0200: Memory Usage (462404K) : emwind_opc has 0 polygons
2026-09-07 16:06:58 +0200: Memory Usage (462404K) : deepco_drw has 0 polygons
2026-09-07 16:06:58 +0200: Memory Usage (462564K) : deepco_drw has 0 polygons
2026-09-07 16:06:58 +0200: Memory Usage (462564K) : mim_drw has 0 polygons
2026-09-07 16:06:58 +0200: Memory Usage (462564K) : edgeseal_drw has 0 polygons
2026-09-07 16:06:58 +0200: Memory Usage (462724K) : edgeseal_bound has 0 polygons
2026-09-07 16:06:58 +0200: Memory Usage (462724K) : substrate_drw has 0 polygons
2026-09-07 16:06:58 +0200: Memory Usage (462724K) : substrate_text has 0 polygons
2026-09-07 16:06:58 +0200: Memory Usage (462884K) : dfpad_drw has 0 polygons
2026-09-07 16:06:58 +0200: Memory Usage (462884K) : dfpad_pillar has 0 polygons
2026-09-07 16:06:58 +0200: Memory Usage (462884K) : dfpad_sbump has 0 polygons
2026-09-07 16:06:58 +0200: Memory Usage (463044K) : thickgateox_drw has 0 polygons
2026-09-07 16:06:58 +0200: Memory Usage (463044K) : pldb_drw has 0 polygons
2026-09-07 16:06:58 +0200: Memory Usage (463044K) : pwell_drw has 0 polygons
2026-09-07 16:06:58 +0200: Memory Usage (463204K) : pwell_pin has 0 polygons
2026-09-07 16:06:58 +0200: Memory Usage (463204K) : pwell_block has 0 polygons
2026-09-07 16:06:58 +0200: Memory Usage (463204K) : ic_drw has 0 polygons
2026-09-07 16:06:58 +0200: Memory Usage (463364K) : via3_drw has 108 polygons
2026-09-07 16:06:58 +0200: Memory Usage (463364K) : metal4_drw has 14 polygons
2026-09-07 16:06:58 +0200: Memory Usage (463364K) : metal4_pin has 0 polygons
2026-09-07 16:06:58 +0200: Memory Usage (463364K) : metal4_mask has 0 polygons
2026-09-07 16:06:58 +0200: Memory Usage (463364K) : metal4_filler has 0 polygons
2026-09-07 16:06:58 +0200: Memory Usage (463524K) : metal4_nofill has 0 polygons
2026-09-07 16:06:58 +0200: Memory Usage (463524K) : metal4_slit has 0 polygons
2026-09-07 16:06:58 +0200: Memory Usage (463524K) : metal4_text has 2 polygons
2026-09-07 16:06:58 +0200: Memory Usage (463524K) : metal4_opc has 0 polygons
2026-09-07 16:06:58 +0200: Memory Usage (463524K) : metal4_noqrc has 0 polygons
2026-09-07 16:06:58 +0200: Memory Usage (463684K) : metal4_res has 0 polygons
2026-09-07 16:06:58 +0200: Memory Usage (463684K) : metal4_iprobe has 0 polygons
2026-09-07 16:06:58 +0200: Memory Usage (463684K) : metal4_diffprb has 0 polygons
2026-09-07 16:06:58 +0200: Memory Usage (463844K) : heattrans_drw has 0 polygons
2026-09-07 16:06:58 +0200: Memory Usage (463844K) : heatres_drw has 0 polygons
2026-09-07 16:06:58 +0200: Memory Usage (463844K) : pempoly_drw has 0 polygons
2026-09-07 16:06:58 +0200: Memory Usage (464004K) : fbe_drw has 0 polygons
2026-09-07 16:06:58 +0200: Memory Usage (464004K) : empoly_drw has 0 polygons
2026-09-07 16:06:58 +0200: Memory Usage (464164K) : ldmos_drw has 0 polygons
2026-09-07 16:06:58 +0200: Memory Usage (464164K) : pbiwind_drw has 0 polygons
2026-09-07 16:06:58 +0200: Memory Usage (464164K) : digisub_drw has 0 polygons
2026-09-07 16:06:58 +0200: Memory Usage (464324K) : nodrc_drw has 0 polygons
2026-09-07 16:06:58 +0200: Memory Usage (464324K) : text_drw has 117 polygons
2026-09-07 16:06:58 +0200: Memory Usage (464324K) : via4_drw has 0 polygons
2026-09-07 16:06:58 +0200: Memory Usage (464484K) : metal5_drw has 0 polygons
2026-09-07 16:06:58 +0200: Memory Usage (464484K) : metal5_pin has 0 polygons
2026-09-07 16:06:58 +0200: Memory Usage (464484K) : metal5_mask has 0 polygons
2026-09-07 16:06:58 +0200: Memory Usage (464644K) : metal5_filler has 0 polygons
2026-09-07 16:06:58 +0200: Memory Usage (464644K) : metal5_nofill has 0 polygons
2026-09-07 16:06:58 +0200: Memory Usage (464644K) : metal5_slit has 0 polygons
2026-09-07 16:06:58 +0200: Memory Usage (464804K) : metal5_text has 0 polygons
2026-09-07 16:06:58 +0200: Memory Usage (464804K) : metal5_opc has 0 polygons
2026-09-07 16:06:58 +0200: Memory Usage (464804K) : metal5_noqrc has 0 polygons
2026-09-07 16:06:58 +0200: Memory Usage (464964K) : metal5_res has 0 polygons
2026-09-07 16:06:58 +0200: Memory Usage (464964K) : metal5_iprobe has 0 polygons
2026-09-07 16:06:58 +0200: Memory Usage (464964K) : metal5_diffprb has 0 polygons
2026-09-07 16:06:58 +0200: Memory Usage (465124K) : radhard_drw has 0 polygons
2026-09-07 16:06:58 +0200: Memory Usage (465124K) : memcap_drw has 0 polygons
2026-09-07 16:06:58 +0200: Memory Usage (465124K) : varicap_drw has 0 polygons
2026-09-07 16:06:58 +0200: Memory Usage (465124K) : flash_drw has 0 polygons
2026-09-07 16:06:58 +0200: Memory Usage (465284K) : intbondvia_drw has 0 polygons
2026-09-07 16:06:58 +0200: Memory Usage (465284K) : intbondmet_drw has 0 polygons
2026-09-07 16:06:58 +0200: Memory Usage (465284K) : devbondvia_drw has 0 polygons
2026-09-07 16:06:58 +0200: Memory Usage (465444K) : devbondmet_drw has 0 polygons
2026-09-07 16:06:58 +0200: Memory Usage (465444K) : devtrench_drw has 0 polygons
2026-09-07 16:06:58 +0200: Memory Usage (465444K) : redist_drw has 0 polygons
2026-09-07 16:06:58 +0200: Memory Usage (465604K) : graphbot_drw has 0 polygons
2026-09-07 16:06:58 +0200: Memory Usage (465604K) : graphtop_drw has 0 polygons
2026-09-07 16:06:58 +0200: Memory Usage (465604K) : antvia1_drw has 0 polygons
2026-09-07 16:06:58 +0200: Memory Usage (465764K) : antmetal2_drw has 0 polygons
2026-09-07 16:06:58 +0200: Memory Usage (465764K) : graphcont_drw has 0 polygons
2026-09-07 16:06:58 +0200: Memory Usage (465764K) : siwg_drw has 0 polygons
2026-09-07 16:06:58 +0200: Memory Usage (465924K) : siwg_filler has 0 polygons
2026-09-07 16:06:58 +0200: Memory Usage (465924K) : siwg_nofill has 0 polygons
2026-09-07 16:06:58 +0200: Memory Usage (465924K) : sigrating_drw has 0 polygons
2026-09-07 16:06:58 +0200: Memory Usage (466084K) : singrating_drw has 0 polygons
2026-09-07 16:06:58 +0200: Memory Usage (466084K) : graphpas_drw has 0 polygons
2026-09-07 16:06:58 +0200: Memory Usage (466084K) : emwind3_drw has 0 polygons
2026-09-07 16:06:58 +0200: Memory Usage (466244K) : emwihv3_drw has 0 polygons
2026-09-07 16:06:58 +0200: Memory Usage (466244K) : redbulay_drw has 0 polygons
2026-09-07 16:06:58 +0200: Memory Usage (466244K) : smos_drw has 0 polygons
2026-09-07 16:06:58 +0200: Memory Usage (466404K) : graphpad_drw has 0 polygons
2026-09-07 16:06:58 +0200: Memory Usage (466404K) : polimide_drw has 0 polygons
2026-09-07 16:06:58 +0200: Memory Usage (466404K) : polimide_pin has 0 polygons
2026-09-07 16:06:58 +0200: Memory Usage (466564K) : recog_drw has 0 polygons
2026-09-07 16:06:58 +0200: Memory Usage (466564K) : recog_pin has 0 polygons
2026-09-07 16:06:58 +0200: Memory Usage (466564K) : recog_esd has 0 polygons
2026-09-07 16:06:58 +0200: Memory Usage (466724K) : recog_diode has 0 polygons
2026-09-07 16:06:58 +0200: Memory Usage (466724K) : recog_tsv has 0 polygons
2026-09-07 16:06:58 +0200: Memory Usage (466724K) : recog_iprobe has 0 polygons
2026-09-07 16:06:58 +0200: Memory Usage (466884K) : recog_diffprb has 0 polygons
2026-09-07 16:06:58 +0200: Memory Usage (466884K) : recog_pillar has 0 polygons
2026-09-07 16:06:58 +0200: Memory Usage (466884K) : recog_sbump has 0 polygons
2026-09-07 16:06:58 +0200: Memory Usage (466884K) : recog_otp has 0 polygons
2026-09-07 16:06:58 +0200: Memory Usage (466884K) : recog_pdiode has 0 polygons
2026-09-07 16:06:58 +0200: Memory Usage (467044K) : recog_mom has 0 polygons
2026-09-07 16:06:58 +0200: Memory Usage (467044K) : recog_momf has 0 polygons
2026-09-07 16:06:58 +0200: Memory Usage (467044K) : recog_pcm has 0 polygons
2026-09-07 16:06:58 +0200: Memory Usage (467204K) : colopen_drw has 0 polygons
2026-09-07 16:06:58 +0200: Memory Usage (467204K) : graphmetal1_drw has 0 polygons
2026-09-07 16:06:58 +0200: Memory Usage (467204K) : graphmetal1_filler has 0 polygons
2026-09-07 16:06:58 +0200: Memory Usage (467364K) : graphmetal1_nofill has 0 polygons
2026-09-07 16:06:58 +0200: Memory Usage (467364K) : graphmetal1_slit has 0 polygons
2026-09-07 16:06:58 +0200: Memory Usage (467364K) : graphmetal1_opc has 0 polygons
2026-09-07 16:06:58 +0200: Memory Usage (467524K) : graphmet1l_drw has 0 polygons
2026-09-07 16:06:58 +0200: Memory Usage (467524K) : graphmet1l_filler has 0 polygons
2026-09-07 16:06:58 +0200: Memory Usage (467524K) : graphmet1l_nofill has 0 polygons
2026-09-07 16:06:58 +0200: Memory Usage (467684K) : graphmet1l_slit has 0 polygons
2026-09-07 16:06:58 +0200: Memory Usage (467684K) : graphmet1l_opc has 0 polygons
2026-09-07 16:06:58 +0200: Memory Usage (467684K) : extblock_drw has 0 polygons
2026-09-07 16:06:58 +0200: Memory Usage (467844K) : nldd_drw has 0 polygons
2026-09-07 16:06:58 +0200: Memory Usage (467844K) : pldd_drw has 0 polygons
2026-09-07 16:06:58 +0200: Memory Usage (467844K) : next_drw has 0 polygons
2026-09-07 16:06:58 +0200: Memory Usage (468004K) : pext_drw has 0 polygons
2026-09-07 16:06:58 +0200: Memory Usage (468004K) : nexthv_drw has 0 polygons
2026-09-07 16:06:58 +0200: Memory Usage (468004K) : pexthv_drw has 0 polygons
2026-09-07 16:06:58 +0200: Memory Usage (468164K) : graphgate_drw has 0 polygons
2026-09-07 16:06:58 +0200: Memory Usage (468164K) : sinwg_drw has 0 polygons
2026-09-07 16:06:58 +0200: Memory Usage (468164K) : sinwg_filler has 0 polygons
2026-09-07 16:06:58 +0200: Memory Usage (468324K) : sinwg_nofill has 0 polygons
2026-09-07 16:06:58 +0200: Memory Usage (468324K) : mempad_drw has 0 polygons
2026-09-07 16:06:58 +0200: Memory Usage (468324K) : topvia1_drw has 0 polygons
2026-09-07 16:06:58 +0200: Memory Usage (468484K) : topmetal1_drw has 0 polygons
2026-09-07 16:06:58 +0200: Memory Usage (468484K) : topmetal1_pin has 0 polygons
2026-09-07 16:06:58 +0200: Memory Usage (468484K) : topmetal1_mask has 0 polygons
2026-09-07 16:06:58 +0200: Memory Usage (468484K) : topmetal1_filler has 0 polygons
2026-09-07 16:06:58 +0200: Memory Usage (468484K) : topmetal1_nofill has 0 polygons
2026-09-07 16:06:58 +0200: Memory Usage (468484K) : topmetal1_slit has 0 polygons
2026-09-07 16:06:58 +0200: Memory Usage (468644K) : topmetal1_text has 0 polygons
2026-09-07 16:06:58 +0200: Memory Usage (468644K) : topmetal1_noqrc has 0 polygons
2026-09-07 16:06:58 +0200: Memory Usage (468644K) : topmetal1_res has 0 polygons
2026-09-07 16:06:58 +0200: Memory Usage (468644K) : topmetal1_iprobe has 0 polygons
2026-09-07 16:06:58 +0200: Memory Usage (468804K) : topmetal1_diffprb has 0 polygons
2026-09-07 16:06:58 +0200: Memory Usage (468804K) : inldpwl_drw has 0 polygons
2026-09-07 16:06:58 +0200: Memory Usage (468804K) : polyres_drw has 0 polygons
2026-09-07 16:06:58 +0200: Memory Usage (468964K) : polyres_pin has 0 polygons
2026-09-07 16:06:58 +0200: Memory Usage (468964K) : vmim_drw has 0 polygons
2026-09-07 16:06:58 +0200: Memory Usage (468964K) : nbulaycut_drw has 0 polygons
2026-09-07 16:06:58 +0200: Memory Usage (469124K) : antmetal1_drw has 0 polygons
2026-09-07 16:06:58 +0200: Memory Usage (469124K) : topvia2_drw has 0 polygons
2026-09-07 16:06:58 +0200: Memory Usage (469124K) : topmetal2_drw has 0 polygons
2026-09-07 16:06:58 +0200: Memory Usage (469284K) : topmetal2_pin has 0 polygons
2026-09-07 16:06:58 +0200: Memory Usage (469284K) : topmetal2_mask has 0 polygons
2026-09-07 16:06:58 +0200: Memory Usage (469284K) : topmetal2_filler has 0 polygons
2026-09-07 16:06:58 +0200: Memory Usage (469444K) : topmetal2_nofill has 0 polygons
2026-09-07 16:06:58 +0200: Memory Usage (469444K) : topmetal2_slit has 0 polygons
2026-09-07 16:06:58 +0200: Memory Usage (469444K) : topmetal2_text has 0 polygons
2026-09-07 16:06:58 +0200: Memory Usage (469604K) : topmetal2_noqrc has 0 polygons
2026-09-07 16:06:58 +0200: Memory Usage (469604K) : topmetal2_res has 0 polygons
2026-09-07 16:06:58 +0200: Memory Usage (469604K) : topmetal2_iprobe has 0 polygons
2026-09-07 16:06:58 +0200: Memory Usage (469764K) : topmetal2_diffprb has 0 polygons
2026-09-07 16:06:58 +0200: Memory Usage (469764K) : snsring_drw has 0 polygons
2026-09-07 16:06:58 +0200: Memory Usage (469764K) : sensor_drw has 0 polygons
2026-09-07 16:06:58 +0200: Memory Usage (469924K) : snsarms_drw has 0 polygons
2026-09-07 16:06:58 +0200: Memory Usage (469924K) : snscmosvia_drw has 0 polygons
2026-09-07 16:06:58 +0200: Memory Usage (469924K) : colwind_drw has 0 polygons
2026-09-07 16:06:58 +0200: Memory Usage (470084K) : flm_drw has 0 polygons
2026-09-07 16:06:58 +0200: Memory Usage (470084K) : hafniumox_drw has 0 polygons
2026-09-07 16:06:58 +0200: Memory Usage (470084K) : memvia_drw has 0 polygons
2026-09-07 16:06:58 +0200: Memory Usage (470244K) : thinfilmres_drw has 0 polygons
2026-09-07 16:06:58 +0200: Memory Usage (470244K) : rfmem_drw has 0 polygons
2026-09-07 16:06:58 +0200: Memory Usage (470244K) : norcx_drw has 0 polygons
2026-09-07 16:06:58 +0200: Memory Usage (470244K) : norcx_m2m3 has 0 polygons
2026-09-07 16:06:58 +0200: Memory Usage (470244K) : norcx_m2m4 has 0 polygons
2026-09-07 16:06:58 +0200: Memory Usage (470244K) : norcx_m2m5 has 0 polygons
2026-09-07 16:06:58 +0200: Memory Usage (470244K) : norcx_m2tm1 has 0 polygons
2026-09-07 16:06:58 +0200: Memory Usage (470244K) : norcx_m2tm2 has 0 polygons
2026-09-07 16:06:58 +0200: Memory Usage (470244K) : norcx_m3m4 has 0 polygons
2026-09-07 16:06:58 +0200: Memory Usage (470244K) : norcx_m3m5 has 0 polygons
2026-09-07 16:06:58 +0200: Memory Usage (470244K) : norcx_m3tm1 has 0 polygons
2026-09-07 16:06:58 +0200: Memory Usage (470244K) : norcx_m3tm2 has 0 polygons
2026-09-07 16:06:58 +0200: Memory Usage (470244K) : norcx_m4m5 has 0 polygons
2026-09-07 16:06:58 +0200: Memory Usage (470244K) : norcx_m4tm1 has 0 polygons
2026-09-07 16:06:58 +0200: Memory Usage (470244K) : norcx_m4tm2 has 0 polygons
2026-09-07 16:06:58 +0200: Memory Usage (470244K) : norcx_m5tm1 has 0 polygons
2026-09-07 16:06:58 +0200: Memory Usage (470244K) : norcx_m5tm2 has 0 polygons
2026-09-07 16:06:58 +0200: Memory Usage (470244K) : norcx_tm1tm2 has 0 polygons
2026-09-07 16:06:58 +0200: Memory Usage (470244K) : norcx_m1sub has 0 polygons
2026-09-07 16:06:58 +0200: Memory Usage (470244K) : norcx_m2sub has 0 polygons
2026-09-07 16:06:58 +0200: Memory Usage (470244K) : norcx_m3sub has 0 polygons
2026-09-07 16:06:58 +0200: Memory Usage (470244K) : norcx_m4sub has 0 polygons
2026-09-07 16:06:58 +0200: Memory Usage (470244K) : norcx_m5sub has 0 polygons
2026-09-07 16:06:58 +0200: Memory Usage (470244K) : norcx_tm1sub has 0 polygons
2026-09-07 16:06:58 +0200: Memory Usage (470244K) : norcx_tm2sub has 0 polygons
2026-09-07 16:06:58 +0200: Memory Usage (470244K) : snsbotvia_drw has 0 polygons
2026-09-07 16:06:58 +0200: Memory Usage (470244K) : snstopvia_drw has 0 polygons
2026-09-07 16:06:58 +0200: Memory Usage (470244K) : deepvia_drw has 0 polygons
2026-09-07 16:06:58 +0200: Memory Usage (470244K) : fgetch_drw has 0 polygons
2026-09-07 16:06:58 +0200: Memory Usage (470244K) : ctrgat_drw has 0 polygons
2026-09-07 16:06:58 +0200: Memory Usage (470244K) : fgimp_drw has 0 polygons
2026-09-07 16:06:58 +0200: Memory Usage (470244K) : emwihv_drw has 0 polygons
2026-09-07 16:06:58 +0200: Memory Usage (470244K) : lbe_drw has 0 polygons
2026-09-07 16:06:58 +0200: Memory Usage (470244K) : alcustop_drw has 0 polygons
2026-09-07 16:06:58 +0200: Memory Usage (470244K) : nometfiller_drw has 0 polygons
2026-09-07 16:06:58 +0200: Memory Usage (470244K) : prboundary_drw has 0 polygons
2026-09-07 16:06:58 +0200: Memory Usage (470244K) : exchange0_drw has 0 polygons
2026-09-07 16:06:58 +0200: Memory Usage (470244K) : exchange0_pin has 0 polygons
2026-09-07 16:06:58 +0200: Memory Usage (470244K) : exchange0_text has 0 polygons
2026-09-07 16:06:58 +0200: Memory Usage (470244K) : exchange1_drw has 0 polygons
2026-09-07 16:06:58 +0200: Memory Usage (470244K) : exchange1_pin has 0 polygons
2026-09-07 16:06:58 +0200: Memory Usage (470244K) : exchange1_text has 0 polygons
2026-09-07 16:06:58 +0200: Memory Usage (470244K) : exchange2_drw has 0 polygons
2026-09-07 16:06:58 +0200: Memory Usage (470244K) : exchange2_pin has 0 polygons
2026-09-07 16:06:58 +0200: Memory Usage (470244K) : exchange2_text has 0 polygons
2026-09-07 16:06:58 +0200: Memory Usage (470244K) : exchange3_drw has 0 polygons
2026-09-07 16:06:58 +0200: Memory Usage (470244K) : exchange3_pin has 0 polygons
2026-09-07 16:06:58 +0200: Memory Usage (470244K) : exchange3_text has 0 polygons
2026-09-07 16:06:58 +0200: Memory Usage (470244K) : exchange4_drw has 0 polygons
2026-09-07 16:06:58 +0200: Memory Usage (470244K) : exchange4_pin has 0 polygons
2026-09-07 16:06:58 +0200: Memory Usage (470244K) : exchange4_text has 0 polygons
2026-09-07 16:06:58 +0200: Memory Usage (470244K) : isonwell_drw has 0 polygons
2026-09-07 16:06:58 +0200: Memory Usage (470244K) : Total no. of polygons in the design is 5052
2026-09-07 16:06:58 +0200: Memory Usage (470244K) : Loaded TECH DRC rules values from /foss/pdks/ihp-sg13g2/libs.tech/klayout/python/sg13g2_pycell_lib/sg13g2_tech_mod.json
2026-09-07 16:06:58 +0200: Memory Usage (470244K) : Loaded default DRC rules values from /foss/pdks/ihp-sg13g2/libs.tech/klayout/tech/drc/rule_decks/sg13g2_tech_default.json
2026-09-07 16:06:58 +0200: Memory Usage (470244K) : The following rules values were missing in tech json and default values were used:
2026-09-07 16:06:58 +0200: Memory Usage (470244K) :   - NW_f1_digibnd
2026-09-07 16:06:58 +0200: Memory Usage (470244K) :   - Cnt_c_digibnd
2026-09-07 16:06:58 +0200: Memory Usage (470244K) :   - Cnt_c_sram
2026-09-07 16:06:58 +0200: Memory Usage (470244K) :   - Sdiod_b
2026-09-07 16:06:58 +0200: Memory Usage (470244K) :   - Sdiod_c
2026-09-07 16:06:58 +0200: Memory Usage (471584K) : Total area of the design is 5143.824 um^2.
2026-09-07 16:06:58 +0200: Memory Usage (471584K) : The design dimensions are 90.72 µm * 56.7 µm.
2026-09-07 16:06:58 +0200: Memory Usage (471584K) : Starting general IHP-SG13G2 derivations.
2026-09-07 16:06:58 +0200: Memory Usage (471584K) : Starting Pwell derivations
2026-09-07 16:06:58 +0200: Memory Usage (473572K) : Starting IHP-SG13G2 DRC rules.
2026-09-07 16:06:58 +0200: Memory Usage (473572K) : Starting 5.6 Activ:filler table
2026-09-07 16:06:59 +0200: Memory Usage (473572K) : Executing rule AFil.c1
2026-09-07 16:06:59 +0200: Memory Usage (473924K) : Executing rule AFil.c
2026-09-07 16:06:59 +0200: Memory Usage (473924K) : Executing rule AFil.d
2026-09-07 16:06:59 +0200: Memory Usage (473924K) : Executing rule AFil.e
2026-09-07 16:06:59 +0200: Memory Usage (473924K) : Executing rule AFil.j
2026-09-07 16:06:59 +0200: Memory Usage (473924K) : KLayout DRC run for tables 'activfiller' completed in 0.65 seconds
