# Logfile created on 2026-09-07 16:06:58 +0200 by logger.rb/v1.5.3
2026-09-07 16:06:58 +0200: Memory Usage (457044K) : Starting running IHP-SG13G2 KLayout DRC runset on /work/analog/macro/tt_analog_ring.gds
2026-09-07 16:06:58 +0200: Memory Usage (457044K) : Ruby Version for klayout: 3.2.3
2026-09-07 16:06:58 +0200: Memory Usage (458164K) : Loading database to memory is complete.
2026-09-07 16:06:58 +0200: Memory Usage (458164K) : IHP-SG13G2 KLayout DRC runset output at: /work/analog/out/drc/tt_analog_ring_tt_analog_ring_contbar.lyrdb
2026-09-07 16:06:58 +0200: Memory Usage (458164K) : Evaluate switches.
2026-09-07 16:06:58 +0200: Memory Usage (458164K) : tables selected: contbar
2026-09-07 16:06:58 +0200: Memory Usage (458164K) : KLayout will use 20 thread(s) in tiling mode.
2026-09-07 16:06:58 +0200: Memory Usage (458164K) : deep mode is enabled.
2026-09-07 16:06:58 +0200: Memory Usage (458164K) : FEOL enabled: false
2026-09-07 16:06:58 +0200: Memory Usage (458164K) : BEOL enabled: false
2026-09-07 16:06:58 +0200: Memory Usage (458164K) : OFFGRID enabled: true
2026-09-07 16:06:58 +0200: Memory Usage (458164K) : ANGLE enabled: true
2026-09-07 16:06:58 +0200: Memory Usage (458164K) : PIN enabled: false
2026-09-07 16:06:58 +0200: Memory Usage (458164K) : FORBIDDEN enabled: false
2026-09-07 16:06:58 +0200: Memory Usage (458164K) : RECOMMENDED enabled: true
2026-09-07 16:06:58 +0200: Memory Usage (458164K) : PreCheck DRC enabled: false
2026-09-07 16:06:58 +0200: Memory Usage (458164K) : CONNECTIVITY_RULES enabled: false.
2026-09-07 16:06:58 +0200: Memory Usage (458164K) : Read in polygons from layers.
2026-09-07 16:06:58 +0200: Memory Usage (459104K) : activ_drw has 643 polygons
2026-09-07 16:06:58 +0200: Memory Usage (459104K) : activ_pin has 0 polygons
2026-09-07 16:06:58 +0200: Memory Usage (459104K) : activ_mask has 0 polygons
2026-09-07 16:06:58 +0200: Memory Usage (459104K) : activ_filler has 0 polygons
2026-09-07 16:06:58 +0200: Memory Usage (459104K) : activ_nofill has 0 polygons
2026-09-07 16:06:58 +0200: Memory Usage (459104K) : activ_opc has 0 polygons
2026-09-07 16:06:58 +0200: Memory Usage (459104K) : activ_iopc has 0 polygons
2026-09-07 16:06:58 +0200: Memory Usage (459104K) : activ_noqrc has 0 polygons
2026-09-07 16:06:58 +0200: Memory Usage (459104K) : biwind_drw has 0 polygons
2026-09-07 16:06:58 +0200: Memory Usage (459104K) : biwind_opc has 0 polygons
2026-09-07 16:06:58 +0200: Memory Usage (459104K) : pemwind_drw has 0 polygons
2026-09-07 16:06:58 +0200: Memory Usage (459104K) : gatpoly_drw has 513 polygons
2026-09-07 16:06:58 +0200: Memory Usage (459104K) : gatpoly_pin has 91 polygons
2026-09-07 16:06:58 +0200: Memory Usage (459104K) : gatpoly_filler has 0 polygons
2026-09-07 16:06:58 +0200: Memory Usage (459104K) : gatpoly_nofill has 0 polygons
2026-09-07 16:06:58 +0200: Memory Usage (459104K) : gatpoly_opc has 0 polygons
2026-09-07 16:06:58 +0200: Memory Usage (459264K) : gatpoly_iopc has 0 polygons
2026-09-07 16:06:58 +0200: Memory Usage (459264K) : gatpoly_noqrc has 0 polygons
2026-09-07 16:06:58 +0200: Memory Usage (459264K) : cont_drw has 1631 polygons
2026-09-07 16:06:58 +0200: Memory Usage (459264K) : cont_opc has 0 polygons
2026-09-07 16:06:58 +0200: Memory Usage (459264K) : nsd_drw has 0 polygons
2026-09-07 16:06:58 +0200: Memory Usage (459264K) : nsd_block has 0 polygons
2026-09-07 16:06:58 +0200: Memory Usage (459424K) : metal1_drw has 1169 polygons
2026-09-07 16:06:58 +0200: Memory Usage (459424K) : metal1_pin has 182 polygons
2026-09-07 16:06:58 +0200: Memory Usage (459424K) : metal1_mask has 0 polygons
2026-09-07 16:06:58 +0200: Memory Usage (459584K) : metal1_filler has 0 polygons
2026-09-07 16:06:58 +0200: Memory Usage (459584K) : metal1_nofill has 0 polygons
2026-09-07 16:06:58 +0200: Memory Usage (459584K) : metal1_slit has 0 polygons
2026-09-07 16:06:58 +0200: Memory Usage (459964K) : metal1_text has 13 polygons
2026-09-07 16:06:58 +0200: Memory Usage (459964K) : metal1_opc has 0 polygons
2026-09-07 16:06:58 +0200: Memory Usage (459964K) : metal1_noqrc has 0 polygons
2026-09-07 16:06:58 +0200: Memory Usage (460124K) : metal1_res has 0 polygons
2026-09-07 16:06:58 +0200: Memory Usage (460284K) : metal1_iprobe has 0 polygons
2026-09-07 16:06:58 +0200: Memory Usage (460284K) : metal1_diffprb has 0 polygons
2026-09-07 16:06:58 +0200: Memory Usage (460284K) : passiv_drw has 0 polygons
2026-09-07 16:06:58 +0200: Memory Usage (460284K) : passiv_pin has 0 polygons
2026-09-07 16:06:58 +0200: Memory Usage (460284K) : passiv_sbump has 0 polygons
2026-09-07 16:06:58 +0200: Memory Usage (460284K) : passiv_pillar has 0 polygons
2026-09-07 16:06:58 +0200: Memory Usage (460284K) : passiv_pdl has 0 polygons
2026-09-07 16:06:58 +0200: Memory Usage (460284K) : metal2_drw has 121 polygons
2026-09-07 16:06:58 +0200: Memory Usage (460284K) : metal2_pin has 0 polygons
2026-09-07 16:06:58 +0200: Memory Usage (460284K) : metal2_mask has 0 polygons
2026-09-07 16:06:58 +0200: Memory Usage (460284K) : metal2_filler has 0 polygons
2026-09-07 16:06:58 +0200: Memory Usage (460444K) : metal2_nofill has 0 polygons
2026-09-07 16:06:58 +0200: Memory Usage (460444K) : metal2_slit has 0 polygons
2026-09-07 16:06:58 +0200: Memory Usage (460444K) : metal2_text has 11 polygons
2026-09-07 16:06:58 +0200: Memory Usage (460444K) : metal2_opc has 0 polygons
2026-09-07 16:06:58 +0200: Memory Usage (460604K) : metal2_noqrc has 0 polygons
2026-09-07 16:06:58 +0200: Memory Usage (460604K) : metal2_res has 0 polygons
2026-09-07 16:06:58 +0200: Memory Usage (460604K) : metal2_iprobe has 0 polygons
2026-09-07 16:06:58 +0200: Memory Usage (460764K) : metal2_diffprb has 0 polygons
2026-09-07 16:06:58 +0200: Memory Usage (460764K) : baspoly_drw has 0 polygons
2026-09-07 16:06:58 +0200: Memory Usage (460764K) : baspoly_pin has 0 polygons
2026-09-07 16:06:58 +0200: Memory Usage (460924K) : psd_drw has 94 polygons
2026-09-07 16:06:58 +0200: Memory Usage (460924K) : nldb_drw has 0 polygons
2026-09-07 16:06:58 +0200: Memory Usage (460924K) : digibnd_drw has 0 polygons
2026-09-07 16:06:58 +0200: Memory Usage (461084K) : via1_drw has 192 polygons
2026-09-07 16:06:58 +0200: Memory Usage (461084K) : backmetal1_drw has 0 polygons
2026-09-07 16:06:58 +0200: Memory Usage (461244K) : backmetal1_pin has 0 polygons
2026-09-07 16:06:58 +0200: Memory Usage (461244K) : backmetal1_mask has 0 polygons
2026-09-07 16:06:58 +0200: Memory Usage (461244K) : backmetal1_filler has 0 polygons
2026-09-07 16:06:58 +0200: Memory Usage (461404K) : backmetal1_nofill has 0 polygons
2026-09-07 16:06:58 +0200: Memory Usage (461404K) : backmetal1_slit has 0 polygons
2026-09-07 16:06:58 +0200: Memory Usage (461404K) : backmetal1_text has 0 polygons
2026-09-07 16:06:58 +0200: Memory Usage (461564K) : backmetal1_opc has 0 polygons
2026-09-07 16:06:58 +0200: Memory Usage (461724K) : backmetal1_noqrc has 0 polygons
2026-09-07 16:06:58 +0200: Memory Usage (461724K) : backmetal1_res has 0 polygons
2026-09-07 16:06:58 +0200: Memory Usage (461724K) : backmetal1_iprobe has 0 polygons
2026-09-07 16:06:58 +0200: Memory Usage (461884K) : backmetal1_diffprb has 0 polygons
2026-09-07 16:06:58 +0200: Memory Usage (461884K) : backpassiv_drw has 0 polygons
2026-09-07 16:06:58 +0200: Memory Usage (461884K) : res_drw has 0 polygons
2026-09-07 16:06:58 +0200: Memory Usage (462044K) : sram_drw has 0 polygons
2026-09-07 16:06:58 +0200: Memory Usage (462044K) : trans_drw has 0 polygons
2026-09-07 16:06:58 +0200: Memory Usage (462044K) : ind_drw has 0 polygons
2026-09-07 16:06:58 +0200: Memory Usage (462044K) : ind_pin has 0 polygons
2026-09-07 16:06:58 +0200: Memory Usage (462204K) : ind_text has 0 polygons
2026-09-07 16:06:58 +0200: Memory Usage (462204K) : salblock_drw has 0 polygons
2026-09-07 16:06:58 +0200: Memory Usage (462204K) : via2_drw has 109 polygons
2026-09-07 16:06:58 +0200: Memory Usage (462204K) : metal3_drw has 14 polygons
2026-09-07 16:06:58 +0200: Memory Usage (462204K) : metal3_pin has 0 polygons
2026-09-07 16:06:58 +0200: Memory Usage (462364K) : metal3_mask has 0 polygons
2026-09-07 16:06:58 +0200: Memory Usage (462364K) : metal3_filler has 0 polygons
2026-09-07 16:06:58 +0200: Memory Usage (462364K) : metal3_nofill has 0 polygons
2026-09-07 16:06:58 +0200: Memory Usage (462364K) : metal3_slit has 0 polygons
2026-09-07 16:06:58 +0200: Memory Usage (462524K) : metal3_text has 1 polygons
2026-09-07 16:06:58 +0200: Memory Usage (462524K) : metal3_opc has 0 polygons
2026-09-07 16:06:58 +0200: Memory Usage (462524K) : metal3_noqrc has 0 polygons
2026-09-07 16:06:58 +0200: Memory Usage (462524K) : metal3_res has 0 polygons
2026-09-07 16:06:58 +0200: Memory Usage (462684K) : metal3_iprobe has 0 polygons
2026-09-07 16:06:58 +0200: Memory Usage (462684K) : metal3_diffprb has 0 polygons
2026-09-07 16:06:58 +0200: Memory Usage (462684K) : nwell_drw has 27 polygons
2026-09-07 16:06:58 +0200: Memory Usage (462684K) : nwell_pin has 0 polygons
2026-09-07 16:06:58 +0200: Memory Usage (462844K) : nbulay_drw has 0 polygons
2026-09-07 16:06:58 +0200: Memory Usage (462844K) : nbulay_pin has 0 polygons
2026-09-07 16:06:58 +0200: Memory Usage (462844K) : nbulay_block has 0 polygons
2026-09-07 16:06:58 +0200: Memory Usage (463004K) : emwind_drw has 0 polygons
2026-09-07 16:06:58 +0200: Memory Usage (463004K) : emwind_opc has 0 polygons
2026-09-07 16:06:58 +0200: Memory Usage (463164K) : deepco_drw has 0 polygons
2026-09-07 16:06:58 +0200: Memory Usage (463164K) : deepco_drw has 0 polygons
2026-09-07 16:06:58 +0200: Memory Usage (463164K) : mim_drw has 0 polygons
2026-09-07 16:06:58 +0200: Memory Usage (463324K) : edgeseal_drw has 0 polygons
2026-09-07 16:06:58 +0200: Memory Usage (463324K) : edgeseal_bound has 0 polygons
2026-09-07 16:06:58 +0200: Memory Usage (463324K) : substrate_drw has 0 polygons
2026-09-07 16:06:58 +0200: Memory Usage (463484K) : substrate_text has 0 polygons
2026-09-07 16:06:58 +0200: Memory Usage (463484K) : dfpad_drw has 0 polygons
2026-09-07 16:06:58 +0200: Memory Usage (463484K) : dfpad_pillar has 0 polygons
2026-09-07 16:06:58 +0200: Memory Usage (463644K) : dfpad_sbump has 0 polygons
2026-09-07 16:06:58 +0200: Memory Usage (463644K) : thickgateox_drw has 0 polygons
2026-09-07 16:06:58 +0200: Memory Usage (463644K) : pldb_drw has 0 polygons
2026-09-07 16:06:58 +0200: Memory Usage (463804K) : pwell_drw has 0 polygons
2026-09-07 16:06:58 +0200: Memory Usage (463804K) : pwell_pin has 0 polygons
2026-09-07 16:06:58 +0200: Memory Usage (463804K) : pwell_block has 0 polygons
2026-09-07 16:06:58 +0200: Memory Usage (463964K) : ic_drw has 0 polygons
2026-09-07 16:06:58 +0200: Memory Usage (463964K) : via3_drw has 108 polygons
2026-09-07 16:06:58 +0200: Memory Usage (463964K) : metal4_drw has 14 polygons
2026-09-07 16:06:58 +0200: Memory Usage (463964K) : metal4_pin has 0 polygons
2026-09-07 16:06:58 +0200: Memory Usage (464124K) : metal4_mask has 0 polygons
2026-09-07 16:06:58 +0200: Memory Usage (464124K) : metal4_filler has 0 polygons
2026-09-07 16:06:58 +0200: Memory Usage (464124K) : metal4_nofill has 0 polygons
2026-09-07 16:06:58 +0200: Memory Usage (464124K) : metal4_slit has 0 polygons
2026-09-07 16:06:58 +0200: Memory Usage (464284K) : metal4_text has 2 polygons
2026-09-07 16:06:58 +0200: Memory Usage (464284K) : metal4_opc has 0 polygons
2026-09-07 16:06:58 +0200: Memory Usage (464284K) : metal4_noqrc has 0 polygons
2026-09-07 16:06:58 +0200: Memory Usage (464444K) : metal4_res has 0 polygons
2026-09-07 16:06:58 +0200: Memory Usage (464444K) : metal4_iprobe has 0 polygons
2026-09-07 16:06:58 +0200: Memory Usage (464444K) : metal4_diffprb has 0 polygons
2026-09-07 16:06:58 +0200: Memory Usage (464604K) : heattrans_drw has 0 polygons
2026-09-07 16:06:58 +0200: Memory Usage (464604K) : heatres_drw has 0 polygons
2026-09-07 16:06:58 +0200: Memory Usage (464604K) : pempoly_drw has 0 polygons
2026-09-07 16:06:58 +0200: Memory Usage (464764K) : fbe_drw has 0 polygons
2026-09-07 16:06:58 +0200: Memory Usage (464764K) : empoly_drw has 0 polygons
2026-09-07 16:06:58 +0200: Memory Usage (464764K) : ldmos_drw has 0 polygons
2026-09-07 16:06:58 +0200: Memory Usage (464924K) : pbiwind_drw has 0 polygons
2026-09-07 16:06:58 +0200: Memory Usage (464924K) : digisub_drw has 0 polygons
2026-09-07 16:06:58 +0200: Memory Usage (464924K) : nodrc_drw has 0 polygons
2026-09-07 16:06:58 +0200: Memory Usage (465084K) : text_drw has 117 polygons
2026-09-07 16:06:58 +0200: Memory Usage (465084K) : via4_drw has 0 polygons
2026-09-07 16:06:58 +0200: Memory Usage (465084K) : metal5_drw has 0 polygons
2026-09-07 16:06:58 +0200: Memory Usage (465244K) : metal5_pin has 0 polygons
2026-09-07 16:06:58 +0200: Memory Usage (465244K) : metal5_mask has 0 polygons
2026-09-07 16:06:58 +0200: Memory Usage (465244K) : metal5_filler has 0 polygons
2026-09-07 16:06:58 +0200: Memory Usage (465404K) : metal5_nofill has 0 polygons
2026-09-07 16:06:58 +0200: Memory Usage (465404K) : metal5_slit has 0 polygons
2026-09-07 16:06:58 +0200: Memory Usage (465404K) : metal5_text has 0 polygons
2026-09-07 16:06:58 +0200: Memory Usage (465564K) : metal5_opc has 0 polygons
2026-09-07 16:06:58 +0200: Memory Usage (465564K) : metal5_noqrc has 0 polygons
2026-09-07 16:06:58 +0200: Memory Usage (465564K) : metal5_res has 0 polygons
2026-09-07 16:06:58 +0200: Memory Usage (465724K) : metal5_iprobe has 0 polygons
2026-09-07 16:06:58 +0200: Memory Usage (465724K) : metal5_diffprb has 0 polygons
2026-09-07 16:06:58 +0200: Memory Usage (465724K) : radhard_drw has 0 polygons
2026-09-07 16:06:58 +0200: Memory Usage (465884K) : memcap_drw has 0 polygons
2026-09-07 16:06:58 +0200: Memory Usage (465884K) : varicap_drw has 0 polygons
2026-09-07 16:06:58 +0200: Memory Usage (465884K) : flash_drw has 0 polygons
2026-09-07 16:06:58 +0200: Memory Usage (465884K) : intbondvia_drw has 0 polygons
2026-09-07 16:06:58 +0200: Memory Usage (466044K) : intbondmet_drw has 0 polygons
2026-09-07 16:06:58 +0200: Memory Usage (466044K) : devbondvia_drw has 0 polygons
2026-09-07 16:06:58 +0200: Memory Usage (466044K) : devbondmet_drw has 0 polygons
2026-09-07 16:06:58 +0200: Memory Usage (466204K) : devtrench_drw has 0 polygons
2026-09-07 16:06:58 +0200: Memory Usage (466204K) : redist_drw has 0 polygons
2026-09-07 16:06:58 +0200: Memory Usage (466204K) : graphbot_drw has 0 polygons
2026-09-07 16:06:58 +0200: Memory Usage (466364K) : graphtop_drw has 0 polygons
2026-09-07 16:06:58 +0200: Memory Usage (466364K) : antvia1_drw has 0 polygons
2026-09-07 16:06:58 +0200: Memory Usage (466364K) : antmetal2_drw has 0 polygons
2026-09-07 16:06:58 +0200: Memory Usage (466524K) : graphcont_drw has 0 polygons
2026-09-07 16:06:58 +0200: Memory Usage (466524K) : siwg_drw has 0 polygons
2026-09-07 16:06:58 +0200: Memory Usage (466524K) : siwg_filler has 0 polygons
2026-09-07 16:06:58 +0200: Memory Usage (466684K) : siwg_nofill has 0 polygons
2026-09-07 16:06:58 +0200: Memory Usage (466684K) : sigrating_drw has 0 polygons
2026-09-07 16:06:58 +0200: Memory Usage (466684K) : singrating_drw has 0 polygons
2026-09-07 16:06:58 +0200: Memory Usage (466844K) : graphpas_drw has 0 polygons
2026-09-07 16:06:58 +0200: Memory Usage (466844K) : emwind3_drw has 0 polygons
2026-09-07 16:06:58 +0200: Memory Usage (466844K) : emwihv3_drw has 0 polygons
2026-09-07 16:06:58 +0200: Memory Usage (467004K) : redbulay_drw has 0 polygons
2026-09-07 16:06:58 +0200: Memory Usage (467004K) : smos_drw has 0 polygons
2026-09-07 16:06:58 +0200: Memory Usage (467004K) : graphpad_drw has 0 polygons
2026-09-07 16:06:58 +0200: Memory Usage (467164K) : polimide_drw has 0 polygons
2026-09-07 16:06:58 +0200: Memory Usage (467164K) : polimide_pin has 0 polygons
2026-09-07 16:06:58 +0200: Memory Usage (467164K) : recog_drw has 0 polygons
2026-09-07 16:06:58 +0200: Memory Usage (467324K) : recog_pin has 0 polygons
2026-09-07 16:06:58 +0200: Memory Usage (467324K) : recog_esd has 0 polygons
2026-09-07 16:06:58 +0200: Memory Usage (467324K) : recog_diode has 0 polygons
2026-09-07 16:06:58 +0200: Memory Usage (467484K) : recog_tsv has 0 polygons
2026-09-07 16:06:58 +0200: Memory Usage (467484K) : recog_iprobe has 0 polygons
2026-09-07 16:06:58 +0200: Memory Usage (467484K) : recog_diffprb has 0 polygons
2026-09-07 16:06:58 +0200: Memory Usage (467644K) : recog_pillar has 0 polygons
2026-09-07 16:06:58 +0200: Memory Usage (467644K) : recog_sbump has 0 polygons
2026-09-07 16:06:58 +0200: Memory Usage (467644K) : recog_otp has 0 polygons
2026-09-07 16:06:58 +0200: Memory Usage (467644K) : recog_pdiode has 0 polygons
2026-09-07 16:06:58 +0200: Memory Usage (467644K) : recog_mom has 0 polygons
2026-09-07 16:06:58 +0200: Memory Usage (467804K) : recog_momf has 0 polygons
2026-09-07 16:06:58 +0200: Memory Usage (467804K) : recog_pcm has 0 polygons
2026-09-07 16:06:58 +0200: Memory Usage (467804K) : colopen_drw has 0 polygons
2026-09-07 16:06:58 +0200: Memory Usage (467964K) : graphmetal1_drw has 0 polygons
2026-09-07 16:06:58 +0200: Memory Usage (467964K) : graphmetal1_filler has 0 polygons
2026-09-07 16:06:58 +0200: Memory Usage (467964K) : graphmetal1_nofill has 0 polygons
2026-09-07 16:06:58 +0200: Memory Usage (468124K) : graphmetal1_slit has 0 polygons
2026-09-07 16:06:58 +0200: Memory Usage (468124K) : graphmetal1_opc has 0 polygons
2026-09-07 16:06:58 +0200: Memory Usage (468124K) : graphmet1l_drw has 0 polygons
2026-09-07 16:06:58 +0200: Memory Usage (468284K) : graphmet1l_filler has 0 polygons
2026-09-07 16:06:58 +0200: Memory Usage (468284K) : graphmet1l_nofill has 0 polygons
2026-09-07 16:06:58 +0200: Memory Usage (468284K) : graphmet1l_slit has 0 polygons
2026-09-07 16:06:58 +0200: Memory Usage (468444K) : graphmet1l_opc has 0 polygons
2026-09-07 16:06:58 +0200: Memory Usage (468444K) : extblock_drw has 0 polygons
2026-09-07 16:06:58 +0200: Memory Usage (468444K) : nldd_drw has 0 polygons
2026-09-07 16:06:58 +0200: Memory Usage (468604K) : pldd_drw has 0 polygons
2026-09-07 16:06:58 +0200: Memory Usage (468604K) : next_drw has 0 polygons
2026-09-07 16:06:58 +0200: Memory Usage (468604K) : pext_drw has 0 polygons
2026-09-07 16:06:58 +0200: Memory Usage (468764K) : nexthv_drw has 0 polygons
2026-09-07 16:06:58 +0200: Memory Usage (468764K) : pexthv_drw has 0 polygons
2026-09-07 16:06:58 +0200: Memory Usage (468764K) : graphgate_drw has 0 polygons
2026-09-07 16:06:58 +0200: Memory Usage (468924K) : sinwg_drw has 0 polygons
2026-09-07 16:06:58 +0200: Memory Usage (468924K) : sinwg_filler has 0 polygons
2026-09-07 16:06:58 +0200: Memory Usage (468924K) : sinwg_nofill has 0 polygons
2026-09-07 16:06:58 +0200: Memory Usage (469084K) : mempad_drw has 0 polygons
2026-09-07 16:06:58 +0200: Memory Usage (469084K) : topvia1_drw has 0 polygons
2026-09-07 16:06:58 +0200: Memory Usage (469084K) : topmetal1_drw has 0 polygons
2026-09-07 16:06:58 +0200: Memory Usage (469244K) : topmetal1_pin has 0 polygons
2026-09-07 16:06:58 +0200: Memory Usage (469244K) : topmetal1_mask has 0 polygons
2026-09-07 16:06:58 +0200: Memory Usage (469244K) : topmetal1_filler has 0 polygons
2026-09-07 16:06:58 +0200: Memory Usage (469244K) : topmetal1_nofill has 0 polygons
2026-09-07 16:06:58 +0200: Memory Usage (469244K) : topmetal1_slit has 0 polygons
2026-09-07 16:06:58 +0200: Memory Usage (469244K) : topmetal1_text has 0 polygons
2026-09-07 16:06:58 +0200: Memory Usage (469244K) : topmetal1_noqrc has 0 polygons
2026-09-07 16:06:58 +0200: Memory Usage (469404K) : topmetal1_res has 0 polygons
2026-09-07 16:06:58 +0200: Memory Usage (469404K) : topmetal1_iprobe has 0 polygons
2026-09-07 16:06:58 +0200: Memory Usage (469404K) : topmetal1_diffprb has 0 polygons
2026-09-07 16:06:58 +0200: Memory Usage (469564K) : inldpwl_drw has 0 polygons
2026-09-07 16:06:58 +0200: Memory Usage (469564K) : polyres_drw has 0 polygons
2026-09-07 16:06:58 +0200: Memory Usage (469564K) : polyres_pin has 0 polygons
2026-09-07 16:06:58 +0200: Memory Usage (469724K) : vmim_drw has 0 polygons
2026-09-07 16:06:58 +0200: Memory Usage (469724K) : nbulaycut_drw has 0 polygons
2026-09-07 16:06:58 +0200: Memory Usage (469724K) : antmetal1_drw has 0 polygons
2026-09-07 16:06:58 +0200: Memory Usage (469884K) : topvia2_drw has 0 polygons
2026-09-07 16:06:58 +0200: Memory Usage (469884K) : topmetal2_drw has 0 polygons
2026-09-07 16:06:58 +0200: Memory Usage (469884K) : topmetal2_pin has 0 polygons
2026-09-07 16:06:58 +0200: Memory Usage (470044K) : topmetal2_mask has 0 polygons
2026-09-07 16:06:58 +0200: Memory Usage (470044K) : topmetal2_filler has 0 polygons
2026-09-07 16:06:58 +0200: Memory Usage (470044K) : topmetal2_nofill has 0 polygons
2026-09-07 16:06:58 +0200: Memory Usage (470204K) : topmetal2_slit has 0 polygons
2026-09-07 16:06:58 +0200: Memory Usage (470204K) : topmetal2_text has 0 polygons
2026-09-07 16:06:58 +0200: Memory Usage (470204K) : topmetal2_noqrc has 0 polygons
2026-09-07 16:06:58 +0200: Memory Usage (470364K) : topmetal2_res has 0 polygons
2026-09-07 16:06:58 +0200: Memory Usage (470364K) : topmetal2_iprobe has 0 polygons
2026-09-07 16:06:58 +0200: Memory Usage (470364K) : topmetal2_diffprb has 0 polygons
2026-09-07 16:06:58 +0200: Memory Usage (470524K) : snsring_drw has 0 polygons
2026-09-07 16:06:58 +0200: Memory Usage (470524K) : sensor_drw has 0 polygons
2026-09-07 16:06:58 +0200: Memory Usage (470524K) : snsarms_drw has 0 polygons
2026-09-07 16:06:58 +0200: Memory Usage (470684K) : snscmosvia_drw has 0 polygons
2026-09-07 16:06:58 +0200: Memory Usage (470684K) : colwind_drw has 0 polygons
2026-09-07 16:06:58 +0200: Memory Usage (470684K) : flm_drw has 0 polygons
2026-09-07 16:06:58 +0200: Memory Usage (470844K) : hafniumox_drw has 0 polygons
2026-09-07 16:06:58 +0200: Memory Usage (470844K) : memvia_drw has 0 polygons
2026-09-07 16:06:58 +0200: Memory Usage (470844K) : thinfilmres_drw has 0 polygons
2026-09-07 16:06:58 +0200: Memory Usage (471004K) : rfmem_drw has 0 polygons
2026-09-07 16:06:58 +0200: Memory Usage (471004K) : norcx_drw has 0 polygons
2026-09-07 16:06:58 +0200: Memory Usage (471004K) : norcx_m2m3 has 0 polygons
2026-09-07 16:06:58 +0200: Memory Usage (471164K) : norcx_m2m4 has 0 polygons
2026-09-07 16:06:58 +0200: Memory Usage (471164K) : norcx_m2m5 has 0 polygons
2026-09-07 16:06:58 +0200: Memory Usage (471164K) : norcx_m2tm1 has 0 polygons
2026-09-07 16:06:58 +0200: Memory Usage (471324K) : norcx_m2tm2 has 0 polygons
2026-09-07 16:06:58 +0200: Memory Usage (471324K) : norcx_m3m4 has 0 polygons
2026-09-07 16:06:58 +0200: Memory Usage (471324K) : norcx_m3m5 has 0 polygons
2026-09-07 16:06:58 +0200: Memory Usage (471484K) : norcx_m3tm1 has 0 polygons
2026-09-07 16:06:58 +0200: Memory Usage (471484K) : norcx_m3tm2 has 0 polygons
2026-09-07 16:06:58 +0200: Memory Usage (471484K) : norcx_m4m5 has 0 polygons
2026-09-07 16:06:58 +0200: Memory Usage (471644K) : norcx_m4tm1 has 0 polygons
2026-09-07 16:06:58 +0200: Memory Usage (471644K) : norcx_m4tm2 has 0 polygons
2026-09-07 16:06:58 +0200: Memory Usage (471644K) : norcx_m5tm1 has 0 polygons
2026-09-07 16:06:58 +0200: Memory Usage (471644K) : norcx_m5tm2 has 0 polygons
2026-09-07 16:06:58 +0200: Memory Usage (471644K) : norcx_tm1tm2 has 0 polygons
2026-09-07 16:06:58 +0200: Memory Usage (471644K) : norcx_m1sub has 0 polygons
2026-09-07 16:06:58 +0200: Memory Usage (471644K) : norcx_m2sub has 0 polygons
2026-09-07 16:06:58 +0200: Memory Usage (471644K) : norcx_m3sub has 0 polygons
2026-09-07 16:06:58 +0200: Memory Usage (471644K) : norcx_m4sub has 0 polygons
2026-09-07 16:06:58 +0200: Memory Usage (471644K) : norcx_m5sub has 0 polygons
2026-09-07 16:06:58 +0200: Memory Usage (471644K) : norcx_tm1sub has 0 polygons
2026-09-07 16:06:58 +0200: Memory Usage (471644K) : norcx_tm2sub has 0 polygons
2026-09-07 16:06:58 +0200: Memory Usage (471644K) : snsbotvia_drw has 0 polygons
2026-09-07 16:06:58 +0200: Memory Usage (471644K) : snstopvia_drw has 0 polygons
2026-09-07 16:06:58 +0200: Memory Usage (471644K) : deepvia_drw has 0 polygons
2026-09-07 16:06:58 +0200: Memory Usage (471644K) : fgetch_drw has 0 polygons
2026-09-07 16:06:58 +0200: Memory Usage (471644K) : ctrgat_drw has 0 polygons
2026-09-07 16:06:58 +0200: Memory Usage (471644K) : fgimp_drw has 0 polygons
2026-09-07 16:06:58 +0200: Memory Usage (471644K) : emwihv_drw has 0 polygons
2026-09-07 16:06:58 +0200: Memory Usage (471644K) : lbe_drw has 0 polygons
2026-09-07 16:06:58 +0200: Memory Usage (471644K) : alcustop_drw has 0 polygons
2026-09-07 16:06:58 +0200: Memory Usage (471644K) : nometfiller_drw has 0 polygons
2026-09-07 16:06:58 +0200: Memory Usage (471644K) : prboundary_drw has 0 polygons
2026-09-07 16:06:58 +0200: Memory Usage (471644K) : exchange0_drw has 0 polygons
2026-09-07 16:06:58 +0200: Memory Usage (471644K) : exchange0_pin has 0 polygons
2026-09-07 16:06:58 +0200: Memory Usage (471644K) : exchange0_text has 0 polygons
2026-09-07 16:06:58 +0200: Memory Usage (471644K) : exchange1_drw has 0 polygons
2026-09-07 16:06:58 +0200: Memory Usage (471644K) : exchange1_pin has 0 polygons
2026-09-07 16:06:58 +0200: Memory Usage (471644K) : exchange1_text has 0 polygons
2026-09-07 16:06:58 +0200: Memory Usage (471644K) : exchange2_drw has 0 polygons
2026-09-07 16:06:58 +0200: Memory Usage (471644K) : exchange2_pin has 0 polygons
2026-09-07 16:06:58 +0200: Memory Usage (471644K) : exchange2_text has 0 polygons
2026-09-07 16:06:58 +0200: Memory Usage (471644K) : exchange3_drw has 0 polygons
2026-09-07 16:06:58 +0200: Memory Usage (471644K) : exchange3_pin has 0 polygons
2026-09-07 16:06:58 +0200: Memory Usage (471644K) : exchange3_text has 0 polygons
2026-09-07 16:06:58 +0200: Memory Usage (471644K) : exchange4_drw has 0 polygons
2026-09-07 16:06:58 +0200: Memory Usage (471644K) : exchange4_pin has 0 polygons
2026-09-07 16:06:58 +0200: Memory Usage (471644K) : exchange4_text has 0 polygons
2026-09-07 16:06:58 +0200: Memory Usage (471644K) : isonwell_drw has 0 polygons
2026-09-07 16:06:58 +0200: Memory Usage (471644K) : Total no. of polygons in the design is 5052
2026-09-07 16:06:58 +0200: Memory Usage (471644K) : Loaded TECH DRC rules values from /foss/pdks/ihp-sg13g2/libs.tech/klayout/python/sg13g2_pycell_lib/sg13g2_tech_mod.json
2026-09-07 16:06:58 +0200: Memory Usage (471644K) : Loaded default DRC rules values from /foss/pdks/ihp-sg13g2/libs.tech/klayout/tech/drc/rule_decks/sg13g2_tech_default.json
2026-09-07 16:06:58 +0200: Memory Usage (471644K) : The following rules values were missing in tech json and default values were used:
2026-09-07 16:06:58 +0200: Memory Usage (471644K) :   - NW_f1_digibnd
2026-09-07 16:06:58 +0200: Memory Usage (471644K) :   - Cnt_c_digibnd
2026-09-07 16:06:58 +0200: Memory Usage (471644K) :   - Cnt_c_sram
2026-09-07 16:06:58 +0200: Memory Usage (471644K) :   - Sdiod_b
2026-09-07 16:06:58 +0200: Memory Usage (471644K) :   - Sdiod_c
2026-09-07 16:06:58 +0200: Memory Usage (472976K) : Total area of the design is 5143.824 um^2.
2026-09-07 16:06:58 +0200: Memory Usage (472976K) : The design dimensions are 90.72 µm * 56.7 µm.
2026-09-07 16:06:58 +0200: Memory Usage (472976K) : Starting general IHP-SG13G2 derivations.
2026-09-07 16:06:58 +0200: Memory Usage (472976K) : Starting Pwell derivations
2026-09-07 16:06:59 +0200: Memory Usage (475164K) : Starting p-Activ derivations
2026-09-07 16:06:59 +0200: Memory Usage (475512K) : Starting ptap derivations
2026-09-07 16:06:59 +0200: Memory Usage (475832K) : Starting cont/contbar general derivations
2026-09-07 16:06:59 +0200: Memory Usage (475832K) : Starting schottky_nbl general derivations
2026-09-07 16:06:59 +0200: Memory Usage (475832K) : Starting HBT general derivations
2026-09-07 16:06:59 +0200: Memory Usage (475832K) : Starting IHP-SG13G2 DRC rules.
2026-09-07 16:06:59 +0200: Memory Usage (475832K) : Starting 5.15. ContBar table
2026-09-07 16:06:59 +0200: Memory Usage (475832K) : Executing rule CntB.a
2026-09-07 16:06:59 +0200: Memory Usage (476016K) : Executing rule CntB.a1
2026-09-07 16:06:59 +0200: Memory Usage (476016K) : Executing rule CntB.b1
2026-09-07 16:06:59 +0200: Memory Usage (476016K) : Executing rule CntB.h1
2026-09-07 16:06:59 +0200: Memory Usage (476016K) : KLayout DRC run for tables 'contbar' completed in 0.77 seconds
