# Logfile created on 2026-09-07 16:07:15 +0200 by logger.rb/v1.5.3
2026-09-07 16:07:15 +0200: Memory Usage (456868K) : Starting running IHP-SG13G2 KLayout DRC runset on /work/analog/macro/tt_analog_ring.gds
2026-09-07 16:07:15 +0200: Memory Usage (456868K) : Ruby Version for klayout: 3.2.3
2026-09-07 16:07:15 +0200: Memory Usage (458180K) : Loading database to memory is complete.
2026-09-07 16:07:15 +0200: Memory Usage (458180K) : IHP-SG13G2 KLayout DRC runset output at: /work/analog/out/drc/tt_analog_ring_tt_analog_ring_topvia2.lyrdb
2026-09-07 16:07:15 +0200: Memory Usage (458372K) : Evaluate switches.
2026-09-07 16:07:15 +0200: Memory Usage (458372K) : tables selected: topvia2
2026-09-07 16:07:15 +0200: Memory Usage (458372K) : KLayout will use 20 thread(s) in tiling mode.
2026-09-07 16:07:15 +0200: Memory Usage (458372K) : deep mode is enabled.
2026-09-07 16:07:15 +0200: Memory Usage (458372K) : FEOL enabled: false
2026-09-07 16:07:15 +0200: Memory Usage (458372K) : BEOL enabled: false
2026-09-07 16:07:15 +0200: Memory Usage (458372K) : OFFGRID enabled: true
2026-09-07 16:07:15 +0200: Memory Usage (458372K) : ANGLE enabled: true
2026-09-07 16:07:15 +0200: Memory Usage (458372K) : PIN enabled: false
2026-09-07 16:07:15 +0200: Memory Usage (458372K) : FORBIDDEN enabled: false
2026-09-07 16:07:15 +0200: Memory Usage (458372K) : RECOMMENDED enabled: true
2026-09-07 16:07:15 +0200: Memory Usage (458372K) : PreCheck DRC enabled: false
2026-09-07 16:07:15 +0200: Memory Usage (458372K) : CONNECTIVITY_RULES enabled: false.
2026-09-07 16:07:15 +0200: Memory Usage (458372K) : Read in polygons from layers.
2026-09-07 16:07:15 +0200: Memory Usage (459148K) : activ_drw has 643 polygons
2026-09-07 16:07:15 +0200: Memory Usage (459148K) : activ_pin has 0 polygons
2026-09-07 16:07:15 +0200: Memory Usage (459148K) : activ_mask has 0 polygons
2026-09-07 16:07:15 +0200: Memory Usage (459148K) : activ_filler has 0 polygons
2026-09-07 16:07:15 +0200: Memory Usage (459148K) : activ_nofill has 0 polygons
2026-09-07 16:07:15 +0200: Memory Usage (459148K) : activ_opc has 0 polygons
2026-09-07 16:07:15 +0200: Memory Usage (459148K) : activ_iopc has 0 polygons
2026-09-07 16:07:15 +0200: Memory Usage (459148K) : activ_noqrc has 0 polygons
2026-09-07 16:07:15 +0200: Memory Usage (459148K) : biwind_drw has 0 polygons
2026-09-07 16:07:15 +0200: Memory Usage (459148K) : biwind_opc has 0 polygons
2026-09-07 16:07:15 +0200: Memory Usage (459148K) : pemwind_drw has 0 polygons
2026-09-07 16:07:15 +0200: Memory Usage (459148K) : gatpoly_drw has 513 polygons
2026-09-07 16:07:15 +0200: Memory Usage (459148K) : gatpoly_pin has 91 polygons
2026-09-07 16:07:15 +0200: Memory Usage (459148K) : gatpoly_filler has 0 polygons
2026-09-07 16:07:15 +0200: Memory Usage (459148K) : gatpoly_nofill has 0 polygons
2026-09-07 16:07:15 +0200: Memory Usage (459148K) : gatpoly_opc has 0 polygons
2026-09-07 16:07:15 +0200: Memory Usage (459148K) : gatpoly_iopc has 0 polygons
2026-09-07 16:07:15 +0200: Memory Usage (459148K) : gatpoly_noqrc has 0 polygons
2026-09-07 16:07:15 +0200: Memory Usage (459148K) : cont_drw has 1631 polygons
2026-09-07 16:07:15 +0200: Memory Usage (459148K) : cont_opc has 0 polygons
2026-09-07 16:07:15 +0200: Memory Usage (459148K) : nsd_drw has 0 polygons
2026-09-07 16:07:15 +0200: Memory Usage (459308K) : nsd_block has 0 polygons
2026-09-07 16:07:15 +0200: Memory Usage (459308K) : metal1_drw has 1169 polygons
2026-09-07 16:07:15 +0200: Memory Usage (459468K) : metal1_pin has 182 polygons
2026-09-07 16:07:15 +0200: Memory Usage (459468K) : metal1_mask has 0 polygons
2026-09-07 16:07:15 +0200: Memory Usage (459468K) : metal1_filler has 0 polygons
2026-09-07 16:07:15 +0200: Memory Usage (459628K) : metal1_nofill has 0 polygons
2026-09-07 16:07:15 +0200: Memory Usage (459628K) : metal1_slit has 0 polygons
2026-09-07 16:07:15 +0200: Memory Usage (459848K) : metal1_text has 13 polygons
2026-09-07 16:07:15 +0200: Memory Usage (460008K) : metal1_opc has 0 polygons
2026-09-07 16:07:15 +0200: Memory Usage (460008K) : metal1_noqrc has 0 polygons
2026-09-07 16:07:15 +0200: Memory Usage (460008K) : metal1_res has 0 polygons
2026-09-07 16:07:15 +0200: Memory Usage (460168K) : metal1_iprobe has 0 polygons
2026-09-07 16:07:15 +0200: Memory Usage (460328K) : metal1_diffprb has 0 polygons
2026-09-07 16:07:15 +0200: Memory Usage (460328K) : passiv_drw has 0 polygons
2026-09-07 16:07:15 +0200: Memory Usage (460328K) : passiv_pin has 0 polygons
2026-09-07 16:07:15 +0200: Memory Usage (460328K) : passiv_sbump has 0 polygons
2026-09-07 16:07:15 +0200: Memory Usage (460328K) : passiv_pillar has 0 polygons
2026-09-07 16:07:15 +0200: Memory Usage (460328K) : passiv_pdl has 0 polygons
2026-09-07 16:07:15 +0200: Memory Usage (460328K) : metal2_drw has 121 polygons
2026-09-07 16:07:15 +0200: Memory Usage (460328K) : metal2_pin has 0 polygons
2026-09-07 16:07:15 +0200: Memory Usage (460328K) : metal2_mask has 0 polygons
2026-09-07 16:07:15 +0200: Memory Usage (460328K) : metal2_filler has 0 polygons
2026-09-07 16:07:15 +0200: Memory Usage (460488K) : metal2_nofill has 0 polygons
2026-09-07 16:07:15 +0200: Memory Usage (460488K) : metal2_slit has 0 polygons
2026-09-07 16:07:15 +0200: Memory Usage (460488K) : metal2_text has 11 polygons
2026-09-07 16:07:15 +0200: Memory Usage (460488K) : metal2_opc has 0 polygons
2026-09-07 16:07:15 +0200: Memory Usage (460488K) : metal2_noqrc has 0 polygons
2026-09-07 16:07:15 +0200: Memory Usage (460488K) : metal2_res has 0 polygons
2026-09-07 16:07:15 +0200: Memory Usage (460648K) : metal2_iprobe has 0 polygons
2026-09-07 16:07:15 +0200: Memory Usage (460648K) : metal2_diffprb has 0 polygons
2026-09-07 16:07:15 +0200: Memory Usage (460808K) : baspoly_drw has 0 polygons
2026-09-07 16:07:15 +0200: Memory Usage (460808K) : baspoly_pin has 0 polygons
2026-09-07 16:07:15 +0200: Memory Usage (460808K) : psd_drw has 94 polygons
2026-09-07 16:07:15 +0200: Memory Usage (460968K) : nldb_drw has 0 polygons
2026-09-07 16:07:15 +0200: Memory Usage (460968K) : digibnd_drw has 0 polygons
2026-09-07 16:07:15 +0200: Memory Usage (460968K) : via1_drw has 192 polygons
2026-09-07 16:07:15 +0200: Memory Usage (461128K) : backmetal1_drw has 0 polygons
2026-09-07 16:07:15 +0200: Memory Usage (461128K) : backmetal1_pin has 0 polygons
2026-09-07 16:07:15 +0200: Memory Usage (461288K) : backmetal1_mask has 0 polygons
2026-09-07 16:07:15 +0200: Memory Usage (461288K) : backmetal1_filler has 0 polygons
2026-09-07 16:07:15 +0200: Memory Usage (461288K) : backmetal1_nofill has 0 polygons
2026-09-07 16:07:15 +0200: Memory Usage (461448K) : backmetal1_slit has 0 polygons
2026-09-07 16:07:15 +0200: Memory Usage (461448K) : backmetal1_text has 0 polygons
2026-09-07 16:07:15 +0200: Memory Usage (461448K) : backmetal1_opc has 0 polygons
2026-09-07 16:07:15 +0200: Memory Usage (461608K) : backmetal1_noqrc has 0 polygons
2026-09-07 16:07:15 +0200: Memory Usage (461608K) : backmetal1_res has 0 polygons
2026-09-07 16:07:15 +0200: Memory Usage (461768K) : backmetal1_iprobe has 0 polygons
2026-09-07 16:07:15 +0200: Memory Usage (461768K) : backmetal1_diffprb has 0 polygons
2026-09-07 16:07:15 +0200: Memory Usage (461768K) : backpassiv_drw has 0 polygons
2026-09-07 16:07:15 +0200: Memory Usage (461928K) : res_drw has 0 polygons
2026-09-07 16:07:15 +0200: Memory Usage (461928K) : sram_drw has 0 polygons
2026-09-07 16:07:15 +0200: Memory Usage (461928K) : trans_drw has 0 polygons
2026-09-07 16:07:15 +0200: Memory Usage (462088K) : ind_drw has 0 polygons
2026-09-07 16:07:15 +0200: Memory Usage (462088K) : ind_pin has 0 polygons
2026-09-07 16:07:15 +0200: Memory Usage (462088K) : ind_text has 0 polygons
2026-09-07 16:07:15 +0200: Memory Usage (462088K) : salblock_drw has 0 polygons
2026-09-07 16:07:15 +0200: Memory Usage (462248K) : via2_drw has 109 polygons
2026-09-07 16:07:15 +0200: Memory Usage (462248K) : metal3_drw has 14 polygons
2026-09-07 16:07:15 +0200: Memory Usage (462248K) : metal3_pin has 0 polygons
2026-09-07 16:07:15 +0200: Memory Usage (462248K) : metal3_mask has 0 polygons
2026-09-07 16:07:15 +0200: Memory Usage (462408K) : metal3_filler has 0 polygons
2026-09-07 16:07:15 +0200: Memory Usage (462408K) : metal3_nofill has 0 polygons
2026-09-07 16:07:15 +0200: Memory Usage (462408K) : metal3_slit has 0 polygons
2026-09-07 16:07:15 +0200: Memory Usage (462408K) : metal3_text has 1 polygons
2026-09-07 16:07:15 +0200: Memory Usage (462408K) : metal3_opc has 0 polygons
2026-09-07 16:07:15 +0200: Memory Usage (462568K) : metal3_noqrc has 0 polygons
2026-09-07 16:07:15 +0200: Memory Usage (462568K) : metal3_res has 0 polygons
2026-09-07 16:07:15 +0200: Memory Usage (462568K) : metal3_iprobe has 0 polygons
2026-09-07 16:07:15 +0200: Memory Usage (462568K) : metal3_diffprb has 0 polygons
2026-09-07 16:07:15 +0200: Memory Usage (462728K) : nwell_drw has 27 polygons
2026-09-07 16:07:15 +0200: Memory Usage (462728K) : nwell_pin has 0 polygons
2026-09-07 16:07:15 +0200: Memory Usage (462728K) : nbulay_drw has 0 polygons
2026-09-07 16:07:15 +0200: Memory Usage (462888K) : nbulay_pin has 0 polygons
2026-09-07 16:07:15 +0200: Memory Usage (462888K) : nbulay_block has 0 polygons
2026-09-07 16:07:15 +0200: Memory Usage (462888K) : emwind_drw has 0 polygons
2026-09-07 16:07:15 +0200: Memory Usage (463048K) : emwind_opc has 0 polygons
2026-09-07 16:07:15 +0200: Memory Usage (463048K) : deepco_drw has 0 polygons
2026-09-07 16:07:15 +0200: Memory Usage (463048K) : deepco_drw has 0 polygons
2026-09-07 16:07:15 +0200: Memory Usage (463208K) : mim_drw has 0 polygons
2026-09-07 16:07:15 +0200: Memory Usage (463208K) : edgeseal_drw has 0 polygons
2026-09-07 16:07:15 +0200: Memory Usage (463368K) : edgeseal_bound has 0 polygons
2026-09-07 16:07:15 +0200: Memory Usage (463368K) : substrate_drw has 0 polygons
2026-09-07 16:07:15 +0200: Memory Usage (463368K) : substrate_text has 0 polygons
2026-09-07 16:07:15 +0200: Memory Usage (463528K) : dfpad_drw has 0 polygons
2026-09-07 16:07:15 +0200: Memory Usage (463528K) : dfpad_pillar has 0 polygons
2026-09-07 16:07:15 +0200: Memory Usage (463528K) : dfpad_sbump has 0 polygons
2026-09-07 16:07:15 +0200: Memory Usage (463688K) : thickgateox_drw has 0 polygons
2026-09-07 16:07:15 +0200: Memory Usage (463688K) : pldb_drw has 0 polygons
2026-09-07 16:07:15 +0200: Memory Usage (463688K) : pwell_drw has 0 polygons
2026-09-07 16:07:15 +0200: Memory Usage (463848K) : pwell_pin has 0 polygons
2026-09-07 16:07:15 +0200: Memory Usage (463848K) : pwell_block has 0 polygons
2026-09-07 16:07:15 +0200: Memory Usage (463848K) : ic_drw has 0 polygons
2026-09-07 16:07:15 +0200: Memory Usage (463848K) : via3_drw has 108 polygons
2026-09-07 16:07:15 +0200: Memory Usage (464008K) : metal4_drw has 14 polygons
2026-09-07 16:07:15 +0200: Memory Usage (464008K) : metal4_pin has 0 polygons
2026-09-07 16:07:15 +0200: Memory Usage (464008K) : metal4_mask has 0 polygons
2026-09-07 16:07:15 +0200: Memory Usage (464008K) : metal4_filler has 0 polygons
2026-09-07 16:07:15 +0200: Memory Usage (464168K) : metal4_nofill has 0 polygons
2026-09-07 16:07:15 +0200: Memory Usage (464168K) : metal4_slit has 0 polygons
2026-09-07 16:07:15 +0200: Memory Usage (464168K) : metal4_text has 2 polygons
2026-09-07 16:07:15 +0200: Memory Usage (464328K) : metal4_opc has 0 polygons
2026-09-07 16:07:15 +0200: Memory Usage (464328K) : metal4_noqrc has 0 polygons
2026-09-07 16:07:15 +0200: Memory Usage (464328K) : metal4_res has 0 polygons
2026-09-07 16:07:15 +0200: Memory Usage (464488K) : metal4_iprobe has 0 polygons
2026-09-07 16:07:15 +0200: Memory Usage (464488K) : metal4_diffprb has 0 polygons
2026-09-07 16:07:15 +0200: Memory Usage (464488K) : heattrans_drw has 0 polygons
2026-09-07 16:07:15 +0200: Memory Usage (464648K) : heatres_drw has 0 polygons
2026-09-07 16:07:15 +0200: Memory Usage (464648K) : pempoly_drw has 0 polygons
2026-09-07 16:07:15 +0200: Memory Usage (464648K) : fbe_drw has 0 polygons
2026-09-07 16:07:15 +0200: Memory Usage (464808K) : empoly_drw has 0 polygons
2026-09-07 16:07:15 +0200: Memory Usage (464808K) : ldmos_drw has 0 polygons
2026-09-07 16:07:15 +0200: Memory Usage (464808K) : pbiwind_drw has 0 polygons
2026-09-07 16:07:15 +0200: Memory Usage (464968K) : digisub_drw has 0 polygons
2026-09-07 16:07:15 +0200: Memory Usage (464968K) : nodrc_drw has 0 polygons
2026-09-07 16:07:15 +0200: Memory Usage (464968K) : text_drw has 117 polygons
2026-09-07 16:07:15 +0200: Memory Usage (465128K) : via4_drw has 0 polygons
2026-09-07 16:07:15 +0200: Memory Usage (465128K) : metal5_drw has 0 polygons
2026-09-07 16:07:15 +0200: Memory Usage (465128K) : metal5_pin has 0 polygons
2026-09-07 16:07:15 +0200: Memory Usage (465288K) : metal5_mask has 0 polygons
2026-09-07 16:07:15 +0200: Memory Usage (465288K) : metal5_filler has 0 polygons
2026-09-07 16:07:15 +0200: Memory Usage (465288K) : metal5_nofill has 0 polygons
2026-09-07 16:07:15 +0200: Memory Usage (465448K) : metal5_slit has 0 polygons
2026-09-07 16:07:15 +0200: Memory Usage (465448K) : metal5_text has 0 polygons
2026-09-07 16:07:15 +0200: Memory Usage (465448K) : metal5_opc has 0 polygons
2026-09-07 16:07:15 +0200: Memory Usage (465608K) : metal5_noqrc has 0 polygons
2026-09-07 16:07:15 +0200: Memory Usage (465608K) : metal5_res has 0 polygons
2026-09-07 16:07:15 +0200: Memory Usage (465608K) : metal5_iprobe has 0 polygons
2026-09-07 16:07:15 +0200: Memory Usage (465768K) : metal5_diffprb has 0 polygons
2026-09-07 16:07:15 +0200: Memory Usage (465768K) : radhard_drw has 0 polygons
2026-09-07 16:07:15 +0200: Memory Usage (465768K) : memcap_drw has 0 polygons
2026-09-07 16:07:15 +0200: Memory Usage (465928K) : varicap_drw has 0 polygons
2026-09-07 16:07:15 +0200: Memory Usage (465928K) : flash_drw has 0 polygons
2026-09-07 16:07:15 +0200: Memory Usage (465928K) : intbondvia_drw has 0 polygons
2026-09-07 16:07:15 +0200: Memory Usage (465928K) : intbondmet_drw has 0 polygons
2026-09-07 16:07:15 +0200: Memory Usage (466088K) : devbondvia_drw has 0 polygons
2026-09-07 16:07:15 +0200: Memory Usage (466088K) : devbondmet_drw has 0 polygons
2026-09-07 16:07:15 +0200: Memory Usage (466088K) : devtrench_drw has 0 polygons
2026-09-07 16:07:15 +0200: Memory Usage (466248K) : redist_drw has 0 polygons
2026-09-07 16:07:15 +0200: Memory Usage (466248K) : graphbot_drw has 0 polygons
2026-09-07 16:07:15 +0200: Memory Usage (466248K) : graphtop_drw has 0 polygons
2026-09-07 16:07:15 +0200: Memory Usage (466408K) : antvia1_drw has 0 polygons
2026-09-07 16:07:15 +0200: Memory Usage (466408K) : antmetal2_drw has 0 polygons
2026-09-07 16:07:15 +0200: Memory Usage (466408K) : graphcont_drw has 0 polygons
2026-09-07 16:07:15 +0200: Memory Usage (466568K) : siwg_drw has 0 polygons
2026-09-07 16:07:15 +0200: Memory Usage (466568K) : siwg_filler has 0 polygons
2026-09-07 16:07:15 +0200: Memory Usage (466568K) : siwg_nofill has 0 polygons
2026-09-07 16:07:15 +0200: Memory Usage (466728K) : sigrating_drw has 0 polygons
2026-09-07 16:07:15 +0200: Memory Usage (466728K) : singrating_drw has 0 polygons
2026-09-07 16:07:15 +0200: Memory Usage (466728K) : graphpas_drw has 0 polygons
2026-09-07 16:07:15 +0200: Memory Usage (466888K) : emwind3_drw has 0 polygons
2026-09-07 16:07:15 +0200: Memory Usage (466888K) : emwihv3_drw has 0 polygons
2026-09-07 16:07:15 +0200: Memory Usage (466888K) : redbulay_drw has 0 polygons
2026-09-07 16:07:15 +0200: Memory Usage (467048K) : smos_drw has 0 polygons
2026-09-07 16:07:15 +0200: Memory Usage (467048K) : graphpad_drw has 0 polygons
2026-09-07 16:07:15 +0200: Memory Usage (467048K) : polimide_drw has 0 polygons
2026-09-07 16:07:15 +0200: Memory Usage (467208K) : polimide_pin has 0 polygons
2026-09-07 16:07:15 +0200: Memory Usage (467208K) : recog_drw has 0 polygons
2026-09-07 16:07:15 +0200: Memory Usage (467208K) : recog_pin has 0 polygons
2026-09-07 16:07:15 +0200: Memory Usage (467368K) : recog_esd has 0 polygons
2026-09-07 16:07:15 +0200: Memory Usage (467368K) : recog_diode has 0 polygons
2026-09-07 16:07:15 +0200: Memory Usage (467368K) : recog_tsv has 0 polygons
2026-09-07 16:07:15 +0200: Memory Usage (467528K) : recog_iprobe has 0 polygons
2026-09-07 16:07:15 +0200: Memory Usage (467528K) : recog_diffprb has 0 polygons
2026-09-07 16:07:15 +0200: Memory Usage (467528K) : recog_pillar has 0 polygons
2026-09-07 16:07:15 +0200: Memory Usage (467528K) : recog_sbump has 0 polygons
2026-09-07 16:07:15 +0200: Memory Usage (467528K) : recog_otp has 0 polygons
2026-09-07 16:07:15 +0200: Memory Usage (467688K) : recog_pdiode has 0 polygons
2026-09-07 16:07:15 +0200: Memory Usage (467688K) : recog_mom has 0 polygons
2026-09-07 16:07:15 +0200: Memory Usage (467688K) : recog_momf has 0 polygons
2026-09-07 16:07:15 +0200: Memory Usage (467848K) : recog_pcm has 0 polygons
2026-09-07 16:07:15 +0200: Memory Usage (467848K) : colopen_drw has 0 polygons
2026-09-07 16:07:15 +0200: Memory Usage (467848K) : graphmetal1_drw has 0 polygons
2026-09-07 16:07:15 +0200: Memory Usage (468008K) : graphmetal1_filler has 0 polygons
2026-09-07 16:07:15 +0200: Memory Usage (468008K) : graphmetal1_nofill has 0 polygons
2026-09-07 16:07:15 +0200: Memory Usage (468008K) : graphmetal1_slit has 0 polygons
2026-09-07 16:07:15 +0200: Memory Usage (468168K) : graphmetal1_opc has 0 polygons
2026-09-07 16:07:15 +0200: Memory Usage (468168K) : graphmet1l_drw has 0 polygons
2026-09-07 16:07:15 +0200: Memory Usage (468168K) : graphmet1l_filler has 0 polygons
2026-09-07 16:07:15 +0200: Memory Usage (468328K) : graphmet1l_nofill has 0 polygons
2026-09-07 16:07:15 +0200: Memory Usage (468328K) : graphmet1l_slit has 0 polygons
2026-09-07 16:07:15 +0200: Memory Usage (468328K) : graphmet1l_opc has 0 polygons
2026-09-07 16:07:15 +0200: Memory Usage (468488K) : extblock_drw has 0 polygons
2026-09-07 16:07:15 +0200: Memory Usage (468488K) : nldd_drw has 0 polygons
2026-09-07 16:07:15 +0200: Memory Usage (468488K) : pldd_drw has 0 polygons
2026-09-07 16:07:15 +0200: Memory Usage (468648K) : next_drw has 0 polygons
2026-09-07 16:07:15 +0200: Memory Usage (468648K) : pext_drw has 0 polygons
2026-09-07 16:07:15 +0200: Memory Usage (468648K) : nexthv_drw has 0 polygons
2026-09-07 16:07:15 +0200: Memory Usage (468808K) : pexthv_drw has 0 polygons
2026-09-07 16:07:15 +0200: Memory Usage (468808K) : graphgate_drw has 0 polygons
2026-09-07 16:07:15 +0200: Memory Usage (468808K) : sinwg_drw has 0 polygons
2026-09-07 16:07:15 +0200: Memory Usage (468968K) : sinwg_filler has 0 polygons
2026-09-07 16:07:15 +0200: Memory Usage (468968K) : sinwg_nofill has 0 polygons
2026-09-07 16:07:15 +0200: Memory Usage (468968K) : mempad_drw has 0 polygons
2026-09-07 16:07:15 +0200: Memory Usage (469128K) : topvia1_drw has 0 polygons
2026-09-07 16:07:15 +0200: Memory Usage (469128K) : topmetal1_drw has 0 polygons
2026-09-07 16:07:15 +0200: Memory Usage (469128K) : topmetal1_pin has 0 polygons
2026-09-07 16:07:15 +0200: Memory Usage (469288K) : topmetal1_mask has 0 polygons
2026-09-07 16:07:15 +0200: Memory Usage (469288K) : topmetal1_filler has 0 polygons
2026-09-07 16:07:15 +0200: Memory Usage (469288K) : topmetal1_nofill has 0 polygons
2026-09-07 16:07:15 +0200: Memory Usage (469288K) : topmetal1_slit has 0 polygons
2026-09-07 16:07:15 +0200: Memory Usage (469288K) : topmetal1_text has 0 polygons
2026-09-07 16:07:15 +0200: Memory Usage (469288K) : topmetal1_noqrc has 0 polygons
2026-09-07 16:07:15 +0200: Memory Usage (469288K) : topmetal1_res has 0 polygons
2026-09-07 16:07:15 +0200: Memory Usage (469288K) : topmetal1_iprobe has 0 polygons
2026-09-07 16:07:15 +0200: Memory Usage (469448K) : topmetal1_diffprb has 0 polygons
2026-09-07 16:07:15 +0200: Memory Usage (469448K) : inldpwl_drw has 0 polygons
2026-09-07 16:07:15 +0200: Memory Usage (469448K) : polyres_drw has 0 polygons
2026-09-07 16:07:15 +0200: Memory Usage (469608K) : polyres_pin has 0 polygons
2026-09-07 16:07:15 +0200: Memory Usage (469608K) : vmim_drw has 0 polygons
2026-09-07 16:07:15 +0200: Memory Usage (469608K) : nbulaycut_drw has 0 polygons
2026-09-07 16:07:15 +0200: Memory Usage (469768K) : antmetal1_drw has 0 polygons
2026-09-07 16:07:15 +0200: Memory Usage (469768K) : topvia2_drw has 0 polygons
2026-09-07 16:07:15 +0200: Memory Usage (469928K) : topmetal2_drw has 0 polygons
2026-09-07 16:07:15 +0200: Memory Usage (469928K) : topmetal2_pin has 0 polygons
2026-09-07 16:07:15 +0200: Memory Usage (469928K) : topmetal2_mask has 0 polygons
2026-09-07 16:07:15 +0200: Memory Usage (470088K) : topmetal2_filler has 0 polygons
2026-09-07 16:07:15 +0200: Memory Usage (470088K) : topmetal2_nofill has 0 polygons
2026-09-07 16:07:15 +0200: Memory Usage (470088K) : topmetal2_slit has 0 polygons
2026-09-07 16:07:15 +0200: Memory Usage (470248K) : topmetal2_text has 0 polygons
2026-09-07 16:07:15 +0200: Memory Usage (470248K) : topmetal2_noqrc has 0 polygons
2026-09-07 16:07:15 +0200: Memory Usage (470248K) : topmetal2_res has 0 polygons
2026-09-07 16:07:15 +0200: Memory Usage (470408K) : topmetal2_iprobe has 0 polygons
2026-09-07 16:07:15 +0200: Memory Usage (470408K) : topmetal2_diffprb has 0 polygons
2026-09-07 16:07:15 +0200: Memory Usage (470408K) : snsring_drw has 0 polygons
2026-09-07 16:07:15 +0200: Memory Usage (470568K) : sensor_drw has 0 polygons
2026-09-07 16:07:15 +0200: Memory Usage (470568K) : snsarms_drw has 0 polygons
2026-09-07 16:07:15 +0200: Memory Usage (470568K) : snscmosvia_drw has 0 polygons
2026-09-07 16:07:15 +0200: Memory Usage (470728K) : colwind_drw has 0 polygons
2026-09-07 16:07:15 +0200: Memory Usage (470728K) : flm_drw has 0 polygons
2026-09-07 16:07:15 +0200: Memory Usage (470728K) : hafniumox_drw has 0 polygons
2026-09-07 16:07:15 +0200: Memory Usage (470888K) : memvia_drw has 0 polygons
2026-09-07 16:07:15 +0200: Memory Usage (470888K) : thinfilmres_drw has 0 polygons
2026-09-07 16:07:15 +0200: Memory Usage (470888K) : rfmem_drw has 0 polygons
2026-09-07 16:07:15 +0200: Memory Usage (471048K) : norcx_drw has 0 polygons
2026-09-07 16:07:15 +0200: Memory Usage (471048K) : norcx_m2m3 has 0 polygons
2026-09-07 16:07:15 +0200: Memory Usage (471048K) : norcx_m2m4 has 0 polygons
2026-09-07 16:07:15 +0200: Memory Usage (471208K) : norcx_m2m5 has 0 polygons
2026-09-07 16:07:15 +0200: Memory Usage (471208K) : norcx_m2tm1 has 0 polygons
2026-09-07 16:07:15 +0200: Memory Usage (471208K) : norcx_m2tm2 has 0 polygons
2026-09-07 16:07:15 +0200: Memory Usage (471368K) : norcx_m3m4 has 0 polygons
2026-09-07 16:07:15 +0200: Memory Usage (471368K) : norcx_m3m5 has 0 polygons
2026-09-07 16:07:15 +0200: Memory Usage (471368K) : norcx_m3tm1 has 0 polygons
2026-09-07 16:07:15 +0200: Memory Usage (471528K) : norcx_m3tm2 has 0 polygons
2026-09-07 16:07:15 +0200: Memory Usage (471528K) : norcx_m4m5 has 0 polygons
2026-09-07 16:07:15 +0200: Memory Usage (471528K) : norcx_m4tm1 has 0 polygons
2026-09-07 16:07:15 +0200: Memory Usage (471688K) : norcx_m4tm2 has 0 polygons
2026-09-07 16:07:15 +0200: Memory Usage (471688K) : norcx_m5tm1 has 0 polygons
2026-09-07 16:07:15 +0200: Memory Usage (471848K) : norcx_m5tm2 has 0 polygons
2026-09-07 16:07:15 +0200: Memory Usage (471848K) : norcx_tm1tm2 has 0 polygons
2026-09-07 16:07:15 +0200: Memory Usage (471848K) : norcx_m1sub has 0 polygons
2026-09-07 16:07:15 +0200: Memory Usage (471848K) : norcx_m2sub has 0 polygons
2026-09-07 16:07:15 +0200: Memory Usage (471848K) : norcx_m3sub has 0 polygons
2026-09-07 16:07:15 +0200: Memory Usage (471848K) : norcx_m4sub has 0 polygons
2026-09-07 16:07:15 +0200: Memory Usage (471848K) : norcx_m5sub has 0 polygons
2026-09-07 16:07:15 +0200: Memory Usage (471848K) : norcx_tm1sub has 0 polygons
2026-09-07 16:07:15 +0200: Memory Usage (471848K) : norcx_tm2sub has 0 polygons
2026-09-07 16:07:15 +0200: Memory Usage (471848K) : snsbotvia_drw has 0 polygons
2026-09-07 16:07:15 +0200: Memory Usage (472008K) : snstopvia_drw has 0 polygons
2026-09-07 16:07:15 +0200: Memory Usage (472008K) : deepvia_drw has 0 polygons
2026-09-07 16:07:15 +0200: Memory Usage (472168K) : fgetch_drw has 0 polygons
2026-09-07 16:07:15 +0200: Memory Usage (472168K) : ctrgat_drw has 0 polygons
2026-09-07 16:07:15 +0200: Memory Usage (472168K) : fgimp_drw has 0 polygons
2026-09-07 16:07:15 +0200: Memory Usage (472328K) : emwihv_drw has 0 polygons
2026-09-07 16:07:15 +0200: Memory Usage (472328K) : lbe_drw has 0 polygons
2026-09-07 16:07:15 +0200: Memory Usage (472328K) : alcustop_drw has 0 polygons
2026-09-07 16:07:15 +0200: Memory Usage (472488K) : nometfiller_drw has 0 polygons
2026-09-07 16:07:15 +0200: Memory Usage (472488K) : prboundary_drw has 0 polygons
2026-09-07 16:07:15 +0200: Memory Usage (472488K) : exchange0_drw has 0 polygons
2026-09-07 16:07:15 +0200: Memory Usage (472488K) : exchange0_pin has 0 polygons
2026-09-07 16:07:15 +0200: Memory Usage (472488K) : exchange0_text has 0 polygons
2026-09-07 16:07:15 +0200: Memory Usage (472488K) : exchange1_drw has 0 polygons
2026-09-07 16:07:15 +0200: Memory Usage (472488K) : exchange1_pin has 0 polygons
2026-09-07 16:07:15 +0200: Memory Usage (472488K) : exchange1_text has 0 polygons
2026-09-07 16:07:15 +0200: Memory Usage (472488K) : exchange2_drw has 0 polygons
2026-09-07 16:07:15 +0200: Memory Usage (472488K) : exchange2_pin has 0 polygons
2026-09-07 16:07:15 +0200: Memory Usage (472488K) : exchange2_text has 0 polygons
2026-09-07 16:07:15 +0200: Memory Usage (472488K) : exchange3_drw has 0 polygons
2026-09-07 16:07:15 +0200: Memory Usage (472488K) : exchange3_pin has 0 polygons
2026-09-07 16:07:15 +0200: Memory Usage (472488K) : exchange3_text has 0 polygons
2026-09-07 16:07:15 +0200: Memory Usage (472488K) : exchange4_drw has 0 polygons
2026-09-07 16:07:15 +0200: Memory Usage (472488K) : exchange4_pin has 0 polygons
2026-09-07 16:07:15 +0200: Memory Usage (472488K) : exchange4_text has 0 polygons
2026-09-07 16:07:15 +0200: Memory Usage (472488K) : isonwell_drw has 0 polygons
2026-09-07 16:07:15 +0200: Memory Usage (472488K) : Total no. of polygons in the design is 5052
2026-09-07 16:07:15 +0200: Memory Usage (472488K) : Loaded TECH DRC rules values from /foss/pdks/ihp-sg13g2/libs.tech/klayout/python/sg13g2_pycell_lib/sg13g2_tech_mod.json
2026-09-07 16:07:15 +0200: Memory Usage (472488K) : Loaded default DRC rules values from /foss/pdks/ihp-sg13g2/libs.tech/klayout/tech/drc/rule_decks/sg13g2_tech_default.json
2026-09-07 16:07:15 +0200: Memory Usage (472488K) : The following rules values were missing in tech json and default values were used:
2026-09-07 16:07:15 +0200: Memory Usage (472488K) :   - NW_f1_digibnd
2026-09-07 16:07:15 +0200: Memory Usage (472488K) :   - Cnt_c_digibnd
2026-09-07 16:07:15 +0200: Memory Usage (472488K) :   - Cnt_c_sram
2026-09-07 16:07:15 +0200: Memory Usage (472488K) :   - Sdiod_b
2026-09-07 16:07:15 +0200: Memory Usage (472488K) :   - Sdiod_c
2026-09-07 16:07:15 +0200: Memory Usage (473812K) : Total area of the design is 5143.824 um^2.
2026-09-07 16:07:15 +0200: Memory Usage (473812K) : The design dimensions are 90.72 µm * 56.7 µm.
2026-09-07 16:07:15 +0200: Memory Usage (473812K) : Starting general IHP-SG13G2 derivations.
2026-09-07 16:07:15 +0200: Memory Usage (473812K) : Starting Pwell derivations
2026-09-07 16:07:15 +0200: Memory Usage (475444K) : Starting IHP-SG13G2 DRC rules.
2026-09-07 16:07:15 +0200: Memory Usage (475444K) : Starting 5.24. TopVia2 table
2026-09-07 16:07:15 +0200: Memory Usage (475444K) : Executing rule TV2.a
2026-09-07 16:07:15 +0200: Memory Usage (475624K) : Executing rule TV2.b
2026-09-07 16:07:15 +0200: Memory Usage (475624K) : Executing rule TV2.c
2026-09-07 16:07:15 +0200: Memory Usage (475624K) : Executing rule TV2.d
2026-09-07 16:07:15 +0200: Memory Usage (475624K) : KLayout DRC run for tables 'topvia2' completed in 0.59 seconds
