# Logfile created on 2026-09-07 16:06:58 +0200 by logger.rb/v1.5.3
2026-09-07 16:06:58 +0200: Memory Usage (457488K) : Starting running IHP-SG13G2 KLayout DRC runset on /work/analog/macro/tt_analog_ring.gds
2026-09-07 16:06:58 +0200: Memory Usage (457488K) : Ruby Version for klayout: 3.2.3
2026-09-07 16:06:58 +0200: Memory Usage (458624K) : Loading database to memory is complete.
2026-09-07 16:06:58 +0200: Memory Usage (458624K) : IHP-SG13G2 KLayout DRC runset output at: /work/analog/out/drc/tt_analog_ring_tt_analog_ring_nbulay.lyrdb
2026-09-07 16:06:58 +0200: Memory Usage (458816K) : Evaluate switches.
2026-09-07 16:06:58 +0200: Memory Usage (458816K) : tables selected: nbulay
2026-09-07 16:06:58 +0200: Memory Usage (458816K) : KLayout will use 20 thread(s) in tiling mode.
2026-09-07 16:06:58 +0200: Memory Usage (458816K) : deep mode is enabled.
2026-09-07 16:06:58 +0200: Memory Usage (458816K) : FEOL enabled: false
2026-09-07 16:06:58 +0200: Memory Usage (458816K) : BEOL enabled: false
2026-09-07 16:06:58 +0200: Memory Usage (458816K) : OFFGRID enabled: true
2026-09-07 16:06:58 +0200: Memory Usage (458816K) : ANGLE enabled: true
2026-09-07 16:06:58 +0200: Memory Usage (458816K) : PIN enabled: false
2026-09-07 16:06:58 +0200: Memory Usage (458816K) : FORBIDDEN enabled: false
2026-09-07 16:06:58 +0200: Memory Usage (458816K) : RECOMMENDED enabled: true
2026-09-07 16:06:58 +0200: Memory Usage (458816K) : PreCheck DRC enabled: false
2026-09-07 16:06:58 +0200: Memory Usage (458816K) : CONNECTIVITY_RULES enabled: true.
2026-09-07 16:06:58 +0200: Memory Usage (458816K) : Read in polygons from layers.
2026-09-07 16:06:58 +0200: Memory Usage (459728K) : activ_drw has 643 polygons
2026-09-07 16:06:58 +0200: Memory Usage (459728K) : activ_pin has 0 polygons
2026-09-07 16:06:58 +0200: Memory Usage (459728K) : activ_mask has 0 polygons
2026-09-07 16:06:58 +0200: Memory Usage (459728K) : activ_filler has 0 polygons
2026-09-07 16:06:58 +0200: Memory Usage (459728K) : activ_nofill has 0 polygons
2026-09-07 16:06:58 +0200: Memory Usage (459728K) : activ_opc has 0 polygons
2026-09-07 16:06:58 +0200: Memory Usage (459728K) : activ_iopc has 0 polygons
2026-09-07 16:06:58 +0200: Memory Usage (459728K) : activ_noqrc has 0 polygons
2026-09-07 16:06:58 +0200: Memory Usage (459728K) : biwind_drw has 0 polygons
2026-09-07 16:06:58 +0200: Memory Usage (459728K) : biwind_opc has 0 polygons
2026-09-07 16:06:58 +0200: Memory Usage (459728K) : pemwind_drw has 0 polygons
2026-09-07 16:06:58 +0200: Memory Usage (459728K) : gatpoly_drw has 513 polygons
2026-09-07 16:06:58 +0200: Memory Usage (459728K) : gatpoly_pin has 91 polygons
2026-09-07 16:06:58 +0200: Memory Usage (459728K) : gatpoly_filler has 0 polygons
2026-09-07 16:06:58 +0200: Memory Usage (459728K) : gatpoly_nofill has 0 polygons
2026-09-07 16:06:58 +0200: Memory Usage (459728K) : gatpoly_opc has 0 polygons
2026-09-07 16:06:58 +0200: Memory Usage (459888K) : gatpoly_iopc has 0 polygons
2026-09-07 16:06:58 +0200: Memory Usage (459888K) : gatpoly_noqrc has 0 polygons
2026-09-07 16:06:58 +0200: Memory Usage (459888K) : cont_drw has 1631 polygons
2026-09-07 16:06:58 +0200: Memory Usage (459888K) : cont_opc has 0 polygons
2026-09-07 16:06:58 +0200: Memory Usage (459888K) : nsd_drw has 0 polygons
2026-09-07 16:06:58 +0200: Memory Usage (459888K) : nsd_block has 0 polygons
2026-09-07 16:06:58 +0200: Memory Usage (460048K) : metal1_drw has 1169 polygons
2026-09-07 16:06:58 +0200: Memory Usage (460048K) : metal1_pin has 182 polygons
2026-09-07 16:06:58 +0200: Memory Usage (460208K) : metal1_mask has 0 polygons
2026-09-07 16:06:58 +0200: Memory Usage (460208K) : metal1_filler has 0 polygons
2026-09-07 16:06:58 +0200: Memory Usage (460208K) : metal1_nofill has 0 polygons
2026-09-07 16:06:58 +0200: Memory Usage (460368K) : metal1_slit has 0 polygons
2026-09-07 16:06:58 +0200: Memory Usage (460536K) : metal1_text has 13 polygons
2026-09-07 16:06:58 +0200: Memory Usage (460536K) : metal1_opc has 0 polygons
2026-09-07 16:06:58 +0200: Memory Usage (460696K) : metal1_noqrc has 0 polygons
2026-09-07 16:06:58 +0200: Memory Usage (460696K) : metal1_res has 0 polygons
2026-09-07 16:06:58 +0200: Memory Usage (460696K) : metal1_iprobe has 0 polygons
2026-09-07 16:06:58 +0200: Memory Usage (460856K) : metal1_diffprb has 0 polygons
2026-09-07 16:06:58 +0200: Memory Usage (460856K) : passiv_drw has 0 polygons
2026-09-07 16:06:58 +0200: Memory Usage (460856K) : passiv_pin has 0 polygons
2026-09-07 16:06:58 +0200: Memory Usage (460856K) : passiv_sbump has 0 polygons
2026-09-07 16:06:58 +0200: Memory Usage (460856K) : passiv_pillar has 0 polygons
2026-09-07 16:06:58 +0200: Memory Usage (460856K) : passiv_pdl has 0 polygons
2026-09-07 16:06:58 +0200: Memory Usage (460856K) : metal2_drw has 121 polygons
2026-09-07 16:06:58 +0200: Memory Usage (460856K) : metal2_pin has 0 polygons
2026-09-07 16:06:58 +0200: Memory Usage (460856K) : metal2_mask has 0 polygons
2026-09-07 16:06:58 +0200: Memory Usage (460856K) : metal2_filler has 0 polygons
2026-09-07 16:06:58 +0200: Memory Usage (461176K) : metal2_nofill has 0 polygons
2026-09-07 16:06:58 +0200: Memory Usage (461176K) : metal2_slit has 0 polygons
2026-09-07 16:06:58 +0200: Memory Usage (461176K) : metal2_text has 11 polygons
2026-09-07 16:06:58 +0200: Memory Usage (461176K) : metal2_opc has 0 polygons
2026-09-07 16:06:58 +0200: Memory Usage (461176K) : metal2_noqrc has 0 polygons
2026-09-07 16:06:58 +0200: Memory Usage (461176K) : metal2_res has 0 polygons
2026-09-07 16:06:58 +0200: Memory Usage (461176K) : metal2_iprobe has 0 polygons
2026-09-07 16:06:58 +0200: Memory Usage (461336K) : metal2_diffprb has 0 polygons
2026-09-07 16:06:58 +0200: Memory Usage (461336K) : baspoly_drw has 0 polygons
2026-09-07 16:06:58 +0200: Memory Usage (461336K) : baspoly_pin has 0 polygons
2026-09-07 16:06:58 +0200: Memory Usage (461496K) : psd_drw has 94 polygons
2026-09-07 16:06:58 +0200: Memory Usage (461496K) : nldb_drw has 0 polygons
2026-09-07 16:06:58 +0200: Memory Usage (461656K) : digibnd_drw has 0 polygons
2026-09-07 16:06:58 +0200: Memory Usage (461656K) : via1_drw has 192 polygons
2026-09-07 16:06:58 +0200: Memory Usage (461656K) : backmetal1_drw has 0 polygons
2026-09-07 16:06:58 +0200: Memory Usage (461816K) : backmetal1_pin has 0 polygons
2026-09-07 16:06:58 +0200: Memory Usage (461816K) : backmetal1_mask has 0 polygons
2026-09-07 16:06:58 +0200: Memory Usage (461976K) : backmetal1_filler has 0 polygons
2026-09-07 16:06:58 +0200: Memory Usage (461976K) : backmetal1_nofill has 0 polygons
2026-09-07 16:06:58 +0200: Memory Usage (461976K) : backmetal1_slit has 0 polygons
2026-09-07 16:06:58 +0200: Memory Usage (462136K) : backmetal1_text has 0 polygons
2026-09-07 16:06:58 +0200: Memory Usage (462136K) : backmetal1_opc has 0 polygons
2026-09-07 16:06:58 +0200: Memory Usage (462296K) : backmetal1_noqrc has 0 polygons
2026-09-07 16:06:58 +0200: Memory Usage (462296K) : backmetal1_res has 0 polygons
2026-09-07 16:06:58 +0200: Memory Usage (462296K) : backmetal1_iprobe has 0 polygons
2026-09-07 16:06:58 +0200: Memory Usage (462456K) : backmetal1_diffprb has 0 polygons
2026-09-07 16:06:58 +0200: Memory Usage (462456K) : backpassiv_drw has 0 polygons
2026-09-07 16:06:58 +0200: Memory Usage (462616K) : res_drw has 0 polygons
2026-09-07 16:06:58 +0200: Memory Usage (462616K) : sram_drw has 0 polygons
2026-09-07 16:06:58 +0200: Memory Usage (462616K) : trans_drw has 0 polygons
2026-09-07 16:06:58 +0200: Memory Usage (462616K) : ind_drw has 0 polygons
2026-09-07 16:06:58 +0200: Memory Usage (462776K) : ind_pin has 0 polygons
2026-09-07 16:06:58 +0200: Memory Usage (462776K) : ind_text has 0 polygons
2026-09-07 16:06:58 +0200: Memory Usage (462776K) : salblock_drw has 0 polygons
2026-09-07 16:06:58 +0200: Memory Usage (462776K) : via2_drw has 109 polygons
2026-09-07 16:06:58 +0200: Memory Usage (462936K) : metal3_drw has 14 polygons
2026-09-07 16:06:58 +0200: Memory Usage (462936K) : metal3_pin has 0 polygons
2026-09-07 16:06:58 +0200: Memory Usage (462936K) : metal3_mask has 0 polygons
2026-09-07 16:06:58 +0200: Memory Usage (462936K) : metal3_filler has 0 polygons
2026-09-07 16:06:58 +0200: Memory Usage (462936K) : metal3_nofill has 0 polygons
2026-09-07 16:06:58 +0200: Memory Usage (463096K) : metal3_slit has 0 polygons
2026-09-07 16:06:58 +0200: Memory Usage (463096K) : metal3_text has 1 polygons
2026-09-07 16:06:58 +0200: Memory Usage (463096K) : metal3_opc has 0 polygons
2026-09-07 16:06:58 +0200: Memory Usage (463096K) : metal3_noqrc has 0 polygons
2026-09-07 16:06:58 +0200: Memory Usage (463256K) : metal3_res has 0 polygons
2026-09-07 16:06:58 +0200: Memory Usage (463256K) : metal3_iprobe has 0 polygons
2026-09-07 16:06:58 +0200: Memory Usage (463256K) : metal3_diffprb has 0 polygons
2026-09-07 16:06:58 +0200: Memory Usage (463256K) : nwell_drw has 27 polygons
2026-09-07 16:06:58 +0200: Memory Usage (463416K) : nwell_pin has 0 polygons
2026-09-07 16:06:58 +0200: Memory Usage (463416K) : nbulay_drw has 0 polygons
2026-09-07 16:06:58 +0200: Memory Usage (463576K) : nbulay_pin has 0 polygons
2026-09-07 16:06:58 +0200: Memory Usage (463576K) : nbulay_block has 0 polygons
2026-09-07 16:06:58 +0200: Memory Usage (463576K) : emwind_drw has 0 polygons
2026-09-07 16:06:58 +0200: Memory Usage (463736K) : emwind_opc has 0 polygons
2026-09-07 16:06:58 +0200: Memory Usage (463736K) : deepco_drw has 0 polygons
2026-09-07 16:06:58 +0200: Memory Usage (463736K) : deepco_drw has 0 polygons
2026-09-07 16:06:58 +0200: Memory Usage (463896K) : mim_drw has 0 polygons
2026-09-07 16:06:58 +0200: Memory Usage (463896K) : edgeseal_drw has 0 polygons
2026-09-07 16:06:58 +0200: Memory Usage (463896K) : edgeseal_bound has 0 polygons
2026-09-07 16:06:58 +0200: Memory Usage (464056K) : substrate_drw has 0 polygons
2026-09-07 16:06:58 +0200: Memory Usage (464056K) : substrate_text has 0 polygons
2026-09-07 16:06:58 +0200: Memory Usage (464056K) : dfpad_drw has 0 polygons
2026-09-07 16:06:58 +0200: Memory Usage (464216K) : dfpad_pillar has 0 polygons
2026-09-07 16:06:58 +0200: Memory Usage (464216K) : dfpad_sbump has 0 polygons
2026-09-07 16:06:58 +0200: Memory Usage (464216K) : thickgateox_drw has 0 polygons
2026-09-07 16:06:58 +0200: Memory Usage (464376K) : pldb_drw has 0 polygons
2026-09-07 16:06:58 +0200: Memory Usage (464376K) : pwell_drw has 0 polygons
2026-09-07 16:06:58 +0200: Memory Usage (464376K) : pwell_pin has 0 polygons
2026-09-07 16:06:58 +0200: Memory Usage (464536K) : pwell_block has 0 polygons
2026-09-07 16:06:58 +0200: Memory Usage (464536K) : ic_drw has 0 polygons
2026-09-07 16:06:58 +0200: Memory Usage (464536K) : via3_drw has 108 polygons
2026-09-07 16:06:58 +0200: Memory Usage (464536K) : metal4_drw has 14 polygons
2026-09-07 16:06:58 +0200: Memory Usage (464696K) : metal4_pin has 0 polygons
2026-09-07 16:06:58 +0200: Memory Usage (464696K) : metal4_mask has 0 polygons
2026-09-07 16:06:58 +0200: Memory Usage (464696K) : metal4_filler has 0 polygons
2026-09-07 16:06:58 +0200: Memory Usage (464696K) : metal4_nofill has 0 polygons
2026-09-07 16:06:58 +0200: Memory Usage (464856K) : metal4_slit has 0 polygons
2026-09-07 16:06:58 +0200: Memory Usage (464856K) : metal4_text has 2 polygons
2026-09-07 16:06:58 +0200: Memory Usage (464856K) : metal4_opc has 0 polygons
2026-09-07 16:06:58 +0200: Memory Usage (465016K) : metal4_noqrc has 0 polygons
2026-09-07 16:06:58 +0200: Memory Usage (465016K) : metal4_res has 0 polygons
2026-09-07 16:06:58 +0200: Memory Usage (465016K) : metal4_iprobe has 0 polygons
2026-09-07 16:06:58 +0200: Memory Usage (465176K) : metal4_diffprb has 0 polygons
2026-09-07 16:06:58 +0200: Memory Usage (465176K) : heattrans_drw has 0 polygons
2026-09-07 16:06:58 +0200: Memory Usage (465176K) : heatres_drw has 0 polygons
2026-09-07 16:06:58 +0200: Memory Usage (465336K) : pempoly_drw has 0 polygons
2026-09-07 16:06:58 +0200: Memory Usage (465336K) : fbe_drw has 0 polygons
2026-09-07 16:06:58 +0200: Memory Usage (465336K) : empoly_drw has 0 polygons
2026-09-07 16:06:58 +0200: Memory Usage (465496K) : ldmos_drw has 0 polygons
2026-09-07 16:06:58 +0200: Memory Usage (465496K) : pbiwind_drw has 0 polygons
2026-09-07 16:06:58 +0200: Memory Usage (465496K) : digisub_drw has 0 polygons
2026-09-07 16:06:58 +0200: Memory Usage (465656K) : nodrc_drw has 0 polygons
2026-09-07 16:06:58 +0200: Memory Usage (465656K) : text_drw has 117 polygons
2026-09-07 16:06:58 +0200: Memory Usage (465656K) : via4_drw has 0 polygons
2026-09-07 16:06:58 +0200: Memory Usage (465816K) : metal5_drw has 0 polygons
2026-09-07 16:06:58 +0200: Memory Usage (465816K) : metal5_pin has 0 polygons
2026-09-07 16:06:58 +0200: Memory Usage (465816K) : metal5_mask has 0 polygons
2026-09-07 16:06:58 +0200: Memory Usage (465976K) : metal5_filler has 0 polygons
2026-09-07 16:06:58 +0200: Memory Usage (465976K) : metal5_nofill has 0 polygons
2026-09-07 16:06:58 +0200: Memory Usage (465976K) : metal5_slit has 0 polygons
2026-09-07 16:06:58 +0200: Memory Usage (466136K) : metal5_text has 0 polygons
2026-09-07 16:06:58 +0200: Memory Usage (466136K) : metal5_opc has 0 polygons
2026-09-07 16:06:58 +0200: Memory Usage (466136K) : metal5_noqrc has 0 polygons
2026-09-07 16:06:58 +0200: Memory Usage (466296K) : metal5_res has 0 polygons
2026-09-07 16:06:58 +0200: Memory Usage (466296K) : metal5_iprobe has 0 polygons
2026-09-07 16:06:58 +0200: Memory Usage (466296K) : metal5_diffprb has 0 polygons
2026-09-07 16:06:58 +0200: Memory Usage (466456K) : radhard_drw has 0 polygons
2026-09-07 16:06:58 +0200: Memory Usage (466456K) : memcap_drw has 0 polygons
2026-09-07 16:06:58 +0200: Memory Usage (466456K) : varicap_drw has 0 polygons
2026-09-07 16:06:58 +0200: Memory Usage (466456K) : flash_drw has 0 polygons
2026-09-07 16:06:58 +0200: Memory Usage (466616K) : intbondvia_drw has 0 polygons
2026-09-07 16:06:58 +0200: Memory Usage (466616K) : intbondmet_drw has 0 polygons
2026-09-07 16:06:58 +0200: Memory Usage (466616K) : devbondvia_drw has 0 polygons
2026-09-07 16:06:58 +0200: Memory Usage (466776K) : devbondmet_drw has 0 polygons
2026-09-07 16:06:58 +0200: Memory Usage (466776K) : devtrench_drw has 0 polygons
2026-09-07 16:06:58 +0200: Memory Usage (466776K) : redist_drw has 0 polygons
2026-09-07 16:06:58 +0200: Memory Usage (466776K) : graphbot_drw has 0 polygons
2026-09-07 16:06:58 +0200: Memory Usage (466936K) : graphtop_drw has 0 polygons
2026-09-07 16:06:58 +0200: Memory Usage (466936K) : antvia1_drw has 0 polygons
2026-09-07 16:06:58 +0200: Memory Usage (466936K) : antmetal2_drw has 0 polygons
2026-09-07 16:06:58 +0200: Memory Usage (467096K) : graphcont_drw has 0 polygons
2026-09-07 16:06:58 +0200: Memory Usage (467096K) : siwg_drw has 0 polygons
2026-09-07 16:06:58 +0200: Memory Usage (467256K) : siwg_filler has 0 polygons
2026-09-07 16:06:58 +0200: Memory Usage (467256K) : siwg_nofill has 0 polygons
2026-09-07 16:06:58 +0200: Memory Usage (467256K) : sigrating_drw has 0 polygons
2026-09-07 16:06:58 +0200: Memory Usage (467416K) : singrating_drw has 0 polygons
2026-09-07 16:06:58 +0200: Memory Usage (467416K) : graphpas_drw has 0 polygons
2026-09-07 16:06:58 +0200: Memory Usage (467416K) : emwind3_drw has 0 polygons
2026-09-07 16:06:58 +0200: Memory Usage (467576K) : emwihv3_drw has 0 polygons
2026-09-07 16:06:58 +0200: Memory Usage (467576K) : redbulay_drw has 0 polygons
2026-09-07 16:06:58 +0200: Memory Usage (467576K) : smos_drw has 0 polygons
2026-09-07 16:06:58 +0200: Memory Usage (467736K) : graphpad_drw has 0 polygons
2026-09-07 16:06:58 +0200: Memory Usage (467736K) : polimide_drw has 0 polygons
2026-09-07 16:06:58 +0200: Memory Usage (467736K) : polimide_pin has 0 polygons
2026-09-07 16:06:58 +0200: Memory Usage (467896K) : recog_drw has 0 polygons
2026-09-07 16:06:58 +0200: Memory Usage (467896K) : recog_pin has 0 polygons
2026-09-07 16:06:58 +0200: Memory Usage (467896K) : recog_esd has 0 polygons
2026-09-07 16:06:58 +0200: Memory Usage (468056K) : recog_diode has 0 polygons
2026-09-07 16:06:58 +0200: Memory Usage (468056K) : recog_tsv has 0 polygons
2026-09-07 16:06:58 +0200: Memory Usage (468056K) : recog_iprobe has 0 polygons
2026-09-07 16:06:58 +0200: Memory Usage (468216K) : recog_diffprb has 0 polygons
2026-09-07 16:06:58 +0200: Memory Usage (468216K) : recog_pillar has 0 polygons
2026-09-07 16:06:58 +0200: Memory Usage (468216K) : recog_sbump has 0 polygons
2026-09-07 16:06:58 +0200: Memory Usage (468216K) : recog_otp has 0 polygons
2026-09-07 16:06:58 +0200: Memory Usage (468216K) : recog_pdiode has 0 polygons
2026-09-07 16:06:58 +0200: Memory Usage (468216K) : recog_mom has 0 polygons
2026-09-07 16:06:58 +0200: Memory Usage (468376K) : recog_momf has 0 polygons
2026-09-07 16:06:58 +0200: Memory Usage (468376K) : recog_pcm has 0 polygons
2026-09-07 16:06:58 +0200: Memory Usage (468376K) : colopen_drw has 0 polygons
2026-09-07 16:06:58 +0200: Memory Usage (468536K) : graphmetal1_drw has 0 polygons
2026-09-07 16:06:58 +0200: Memory Usage (468536K) : graphmetal1_filler has 0 polygons
2026-09-07 16:06:58 +0200: Memory Usage (468536K) : graphmetal1_nofill has 0 polygons
2026-09-07 16:06:58 +0200: Memory Usage (468696K) : graphmetal1_slit has 0 polygons
2026-09-07 16:06:58 +0200: Memory Usage (468696K) : graphmetal1_opc has 0 polygons
2026-09-07 16:06:58 +0200: Memory Usage (468696K) : graphmet1l_drw has 0 polygons
2026-09-07 16:06:58 +0200: Memory Usage (468856K) : graphmet1l_filler has 0 polygons
2026-09-07 16:06:58 +0200: Memory Usage (468856K) : graphmet1l_nofill has 0 polygons
2026-09-07 16:06:58 +0200: Memory Usage (468856K) : graphmet1l_slit has 0 polygons
2026-09-07 16:06:58 +0200: Memory Usage (469016K) : graphmet1l_opc has 0 polygons
2026-09-07 16:06:58 +0200: Memory Usage (469016K) : extblock_drw has 0 polygons
2026-09-07 16:06:58 +0200: Memory Usage (469176K) : nldd_drw has 0 polygons
2026-09-07 16:06:58 +0200: Memory Usage (469176K) : pldd_drw has 0 polygons
2026-09-07 16:06:58 +0200: Memory Usage (469176K) : next_drw has 0 polygons
2026-09-07 16:06:58 +0200: Memory Usage (469336K) : pext_drw has 0 polygons
2026-09-07 16:06:58 +0200: Memory Usage (469336K) : nexthv_drw has 0 polygons
2026-09-07 16:06:58 +0200: Memory Usage (469336K) : pexthv_drw has 0 polygons
2026-09-07 16:06:58 +0200: Memory Usage (469496K) : graphgate_drw has 0 polygons
2026-09-07 16:06:58 +0200: Memory Usage (469496K) : sinwg_drw has 0 polygons
2026-09-07 16:06:58 +0200: Memory Usage (469496K) : sinwg_filler has 0 polygons
2026-09-07 16:06:58 +0200: Memory Usage (469656K) : sinwg_nofill has 0 polygons
2026-09-07 16:06:58 +0200: Memory Usage (469656K) : mempad_drw has 0 polygons
2026-09-07 16:06:58 +0200: Memory Usage (469656K) : topvia1_drw has 0 polygons
2026-09-07 16:06:58 +0200: Memory Usage (469816K) : topmetal1_drw has 0 polygons
2026-09-07 16:06:58 +0200: Memory Usage (469816K) : topmetal1_pin has 0 polygons
2026-09-07 16:06:58 +0200: Memory Usage (469816K) : topmetal1_mask has 0 polygons
2026-09-07 16:06:58 +0200: Memory Usage (469976K) : topmetal1_filler has 0 polygons
2026-09-07 16:06:58 +0200: Memory Usage (469976K) : topmetal1_nofill has 0 polygons
2026-09-07 16:06:58 +0200: Memory Usage (469976K) : topmetal1_slit has 0 polygons
2026-09-07 16:06:58 +0200: Memory Usage (469976K) : topmetal1_text has 0 polygons
2026-09-07 16:06:58 +0200: Memory Usage (469976K) : topmetal1_noqrc has 0 polygons
2026-09-07 16:06:58 +0200: Memory Usage (469976K) : topmetal1_res has 0 polygons
2026-09-07 16:06:58 +0200: Memory Usage (469976K) : topmetal1_iprobe has 0 polygons
2026-09-07 16:06:58 +0200: Memory Usage (469976K) : topmetal1_diffprb has 0 polygons
2026-09-07 16:06:58 +0200: Memory Usage (470136K) : inldpwl_drw has 0 polygons
2026-09-07 16:06:58 +0200: Memory Usage (470136K) : polyres_drw has 0 polygons
2026-09-07 16:06:58 +0200: Memory Usage (470136K) : polyres_pin has 0 polygons
2026-09-07 16:06:58 +0200: Memory Usage (470296K) : vmim_drw has 0 polygons
2026-09-07 16:06:58 +0200: Memory Usage (470296K) : nbulaycut_drw has 0 polygons
2026-09-07 16:06:58 +0200: Memory Usage (470296K) : antmetal1_drw has 0 polygons
2026-09-07 16:06:58 +0200: Memory Usage (470456K) : topvia2_drw has 0 polygons
2026-09-07 16:06:58 +0200: Memory Usage (470456K) : topmetal2_drw has 0 polygons
2026-09-07 16:06:58 +0200: Memory Usage (470456K) : topmetal2_pin has 0 polygons
2026-09-07 16:06:58 +0200: Memory Usage (470616K) : topmetal2_mask has 0 polygons
2026-09-07 16:06:58 +0200: Memory Usage (470616K) : topmetal2_filler has 0 polygons
2026-09-07 16:06:58 +0200: Memory Usage (470616K) : topmetal2_nofill has 0 polygons
2026-09-07 16:06:58 +0200: Memory Usage (470776K) : topmetal2_slit has 0 polygons
2026-09-07 16:06:58 +0200: Memory Usage (470776K) : topmetal2_text has 0 polygons
2026-09-07 16:06:58 +0200: Memory Usage (470776K) : topmetal2_noqrc has 0 polygons
2026-09-07 16:06:58 +0200: Memory Usage (470936K) : topmetal2_res has 0 polygons
2026-09-07 16:06:58 +0200: Memory Usage (470936K) : topmetal2_iprobe has 0 polygons
2026-09-07 16:06:58 +0200: Memory Usage (471096K) : topmetal2_diffprb has 0 polygons
2026-09-07 16:06:58 +0200: Memory Usage (471096K) : snsring_drw has 0 polygons
2026-09-07 16:06:58 +0200: Memory Usage (471096K) : sensor_drw has 0 polygons
2026-09-07 16:06:58 +0200: Memory Usage (471256K) : snsarms_drw has 0 polygons
2026-09-07 16:06:58 +0200: Memory Usage (471256K) : snscmosvia_drw has 0 polygons
2026-09-07 16:06:58 +0200: Memory Usage (471256K) : colwind_drw has 0 polygons
2026-09-07 16:06:58 +0200: Memory Usage (471416K) : flm_drw has 0 polygons
2026-09-07 16:06:58 +0200: Memory Usage (471416K) : hafniumox_drw has 0 polygons
2026-09-07 16:06:58 +0200: Memory Usage (471416K) : memvia_drw has 0 polygons
2026-09-07 16:06:58 +0200: Memory Usage (471576K) : thinfilmres_drw has 0 polygons
2026-09-07 16:06:58 +0200: Memory Usage (471576K) : rfmem_drw has 0 polygons
2026-09-07 16:06:58 +0200: Memory Usage (471576K) : norcx_drw has 0 polygons
2026-09-07 16:06:58 +0200: Memory Usage (471736K) : norcx_m2m3 has 0 polygons
2026-09-07 16:06:58 +0200: Memory Usage (471736K) : norcx_m2m4 has 0 polygons
2026-09-07 16:06:58 +0200: Memory Usage (471736K) : norcx_m2m5 has 0 polygons
2026-09-07 16:06:58 +0200: Memory Usage (471896K) : norcx_m2tm1 has 0 polygons
2026-09-07 16:06:58 +0200: Memory Usage (471896K) : norcx_m2tm2 has 0 polygons
2026-09-07 16:06:58 +0200: Memory Usage (471896K) : norcx_m3m4 has 0 polygons
2026-09-07 16:06:58 +0200: Memory Usage (472056K) : norcx_m3m5 has 0 polygons
2026-09-07 16:06:58 +0200: Memory Usage (472056K) : norcx_m3tm1 has 0 polygons
2026-09-07 16:06:58 +0200: Memory Usage (472056K) : norcx_m3tm2 has 0 polygons
2026-09-07 16:06:58 +0200: Memory Usage (472216K) : norcx_m4m5 has 0 polygons
2026-09-07 16:06:58 +0200: Memory Usage (472216K) : norcx_m4tm1 has 0 polygons
2026-09-07 16:06:58 +0200: Memory Usage (472216K) : norcx_m4tm2 has 0 polygons
2026-09-07 16:06:58 +0200: Memory Usage (472376K) : norcx_m5tm1 has 0 polygons
2026-09-07 16:06:58 +0200: Memory Usage (472376K) : norcx_m5tm2 has 0 polygons
2026-09-07 16:06:58 +0200: Memory Usage (472376K) : norcx_tm1tm2 has 0 polygons
2026-09-07 16:06:58 +0200: Memory Usage (472376K) : norcx_m1sub has 0 polygons
2026-09-07 16:06:58 +0200: Memory Usage (472376K) : norcx_m2sub has 0 polygons
2026-09-07 16:06:58 +0200: Memory Usage (472376K) : norcx_m3sub has 0 polygons
2026-09-07 16:06:58 +0200: Memory Usage (472376K) : norcx_m4sub has 0 polygons
2026-09-07 16:06:58 +0200: Memory Usage (472376K) : norcx_m5sub has 0 polygons
2026-09-07 16:06:58 +0200: Memory Usage (472376K) : norcx_tm1sub has 0 polygons
2026-09-07 16:06:58 +0200: Memory Usage (472376K) : norcx_tm2sub has 0 polygons
2026-09-07 16:06:58 +0200: Memory Usage (472376K) : snsbotvia_drw has 0 polygons
2026-09-07 16:06:58 +0200: Memory Usage (472376K) : snstopvia_drw has 0 polygons
2026-09-07 16:06:58 +0200: Memory Usage (472376K) : deepvia_drw has 0 polygons
2026-09-07 16:06:58 +0200: Memory Usage (472376K) : fgetch_drw has 0 polygons
2026-09-07 16:06:58 +0200: Memory Usage (472376K) : ctrgat_drw has 0 polygons
2026-09-07 16:06:58 +0200: Memory Usage (472376K) : fgimp_drw has 0 polygons
2026-09-07 16:06:58 +0200: Memory Usage (472376K) : emwihv_drw has 0 polygons
2026-09-07 16:06:58 +0200: Memory Usage (472376K) : lbe_drw has 0 polygons
2026-09-07 16:06:58 +0200: Memory Usage (472376K) : alcustop_drw has 0 polygons
2026-09-07 16:06:58 +0200: Memory Usage (472376K) : nometfiller_drw has 0 polygons
2026-09-07 16:06:58 +0200: Memory Usage (472376K) : prboundary_drw has 0 polygons
2026-09-07 16:06:58 +0200: Memory Usage (472376K) : exchange0_drw has 0 polygons
2026-09-07 16:06:58 +0200: Memory Usage (472376K) : exchange0_pin has 0 polygons
2026-09-07 16:06:58 +0200: Memory Usage (472376K) : exchange0_text has 0 polygons
2026-09-07 16:06:58 +0200: Memory Usage (472376K) : exchange1_drw has 0 polygons
2026-09-07 16:06:58 +0200: Memory Usage (472376K) : exchange1_pin has 0 polygons
2026-09-07 16:06:58 +0200: Memory Usage (472376K) : exchange1_text has 0 polygons
2026-09-07 16:06:58 +0200: Memory Usage (472376K) : exchange2_drw has 0 polygons
2026-09-07 16:06:58 +0200: Memory Usage (472376K) : exchange2_pin has 0 polygons
2026-09-07 16:06:58 +0200: Memory Usage (472376K) : exchange2_text has 0 polygons
2026-09-07 16:06:58 +0200: Memory Usage (472376K) : exchange3_drw has 0 polygons
2026-09-07 16:06:58 +0200: Memory Usage (472376K) : exchange3_pin has 0 polygons
2026-09-07 16:06:58 +0200: Memory Usage (472376K) : exchange3_text has 0 polygons
2026-09-07 16:06:58 +0200: Memory Usage (472376K) : exchange4_drw has 0 polygons
2026-09-07 16:06:58 +0200: Memory Usage (472376K) : exchange4_pin has 0 polygons
2026-09-07 16:06:58 +0200: Memory Usage (472376K) : exchange4_text has 0 polygons
2026-09-07 16:06:58 +0200: Memory Usage (472376K) : isonwell_drw has 0 polygons
2026-09-07 16:06:58 +0200: Memory Usage (472376K) : Total no. of polygons in the design is 5052
2026-09-07 16:06:58 +0200: Memory Usage (472376K) : Loaded TECH DRC rules values from /foss/pdks/ihp-sg13g2/libs.tech/klayout/python/sg13g2_pycell_lib/sg13g2_tech_mod.json
2026-09-07 16:06:58 +0200: Memory Usage (472376K) : Loaded default DRC rules values from /foss/pdks/ihp-sg13g2/libs.tech/klayout/tech/drc/rule_decks/sg13g2_tech_default.json
2026-09-07 16:06:58 +0200: Memory Usage (472376K) : The following rules values were missing in tech json and default values were used:
2026-09-07 16:06:58 +0200: Memory Usage (472376K) :   - NW_f1_digibnd
2026-09-07 16:06:58 +0200: Memory Usage (472376K) :   - Cnt_c_digibnd
2026-09-07 16:06:58 +0200: Memory Usage (472376K) :   - Cnt_c_sram
2026-09-07 16:06:58 +0200: Memory Usage (472376K) :   - Sdiod_b
2026-09-07 16:06:58 +0200: Memory Usage (472376K) :   - Sdiod_c
2026-09-07 16:06:58 +0200: Memory Usage (473508K) : Total area of the design is 5143.824 um^2.
2026-09-07 16:06:58 +0200: Memory Usage (473508K) : The design dimensions are 90.72 µm * 56.7 µm.
2026-09-07 16:06:58 +0200: Memory Usage (473508K) : Starting general IHP-SG13G2 derivations.
2026-09-07 16:06:58 +0200: Memory Usage (473508K) : Starting Pwell derivations
2026-09-07 16:06:59 +0200: Memory Usage (475840K) : Starting n-Activ derivations
2026-09-07 16:06:59 +0200: Memory Usage (476364K) : Starting p-Activ derivations
2026-09-07 16:06:59 +0200: Memory Usage (476696K) : Starting ptap derivations
2026-09-07 16:06:59 +0200: Memory Usage (476856K) : Starting ntap derivations
2026-09-07 16:06:59 +0200: Memory Usage (476692K) : Starting pact FET derivations
2026-09-07 16:06:59 +0200: Memory Usage (476852K) : Starting nact FET derivations
2026-09-07 16:06:59 +0200: Memory Usage (477332K) : Starting Gate derivations
2026-09-07 16:06:59 +0200: Memory Usage (477652K) : Starting SVaricap general derivations
2026-09-07 16:06:59 +0200: Memory Usage (477488K) : Starting IHP-SG13G2 DRC connectivity related derivations.
2026-09-07 16:06:59 +0200: Memory Usage (477488K) : Starting IHP-SG13G2 DRC connectivity setup
2026-09-07 16:06:59 +0200: Memory Usage (477680K) : Starting IHP-SG13G2 DRC rules.
2026-09-07 16:06:59 +0200: Memory Usage (477680K) : Starting 5.3 nBuLay table
2026-09-07 16:06:59 +0200: Memory Usage (477680K) : Executing rule NBL.b
2026-09-07 16:06:59 +0200: Memory Usage (478056K) : Executing rule NBL.c
2026-09-07 16:07:00 +0200: Memory Usage (477564K) : Executing rule NBL.d
2026-09-07 16:07:00 +0200: Memory Usage (477560K) : Executing rule NBL.e
2026-09-07 16:07:00 +0200: Memory Usage (477720K) : Executing rule NBL.f
2026-09-07 16:07:00 +0200: Memory Usage (477880K) : KLayout DRC run for tables 'nbulay' completed in 1.8 seconds
