# Logfile created on 2026-09-07 16:07:22 +0200 by logger.rb/v1.5.3
2026-09-07 16:07:22 +0200: Memory Usage (456716K) : Starting running IHP-SG13G2 KLayout DRC runset on /work/analog/macro/tt_analog_ring.gds
2026-09-07 16:07:22 +0200: Memory Usage (456716K) : Ruby Version for klayout: 3.2.3
2026-09-07 16:07:22 +0200: Memory Usage (457852K) : Loading database to memory is complete.
2026-09-07 16:07:22 +0200: Memory Usage (457852K) : IHP-SG13G2 KLayout DRC runset output at: /work/analog/out/drc/tt_analog_ring_tt_analog_ring_forbidden.lyrdb
2026-09-07 16:07:22 +0200: Memory Usage (458044K) : Evaluate switches.
2026-09-07 16:07:22 +0200: Memory Usage (458044K) : tables selected: forbidden
2026-09-07 16:07:22 +0200: Memory Usage (458044K) : KLayout will use 20 thread(s) in tiling mode.
2026-09-07 16:07:22 +0200: Memory Usage (458044K) : deep mode is enabled.
2026-09-07 16:07:22 +0200: Memory Usage (458044K) : FEOL enabled: false
2026-09-07 16:07:22 +0200: Memory Usage (458044K) : BEOL enabled: false
2026-09-07 16:07:22 +0200: Memory Usage (458044K) : OFFGRID enabled: true
2026-09-07 16:07:22 +0200: Memory Usage (458044K) : ANGLE enabled: true
2026-09-07 16:07:22 +0200: Memory Usage (458044K) : PIN enabled: false
2026-09-07 16:07:22 +0200: Memory Usage (458044K) : FORBIDDEN enabled: false
2026-09-07 16:07:22 +0200: Memory Usage (458044K) : RECOMMENDED enabled: true
2026-09-07 16:07:22 +0200: Memory Usage (458044K) : PreCheck DRC enabled: false
2026-09-07 16:07:22 +0200: Memory Usage (458044K) : CONNECTIVITY_RULES enabled: false.
2026-09-07 16:07:22 +0200: Memory Usage (458044K) : Read in polygons from layers.
2026-09-07 16:07:22 +0200: Memory Usage (458956K) : activ_drw has 643 polygons
2026-09-07 16:07:22 +0200: Memory Usage (458956K) : activ_pin has 0 polygons
2026-09-07 16:07:22 +0200: Memory Usage (458956K) : activ_mask has 0 polygons
2026-09-07 16:07:22 +0200: Memory Usage (458956K) : activ_filler has 0 polygons
2026-09-07 16:07:22 +0200: Memory Usage (458956K) : activ_nofill has 0 polygons
2026-09-07 16:07:22 +0200: Memory Usage (458956K) : activ_opc has 0 polygons
2026-09-07 16:07:22 +0200: Memory Usage (458956K) : activ_iopc has 0 polygons
2026-09-07 16:07:22 +0200: Memory Usage (459116K) : activ_noqrc has 0 polygons
2026-09-07 16:07:22 +0200: Memory Usage (459116K) : biwind_drw has 0 polygons
2026-09-07 16:07:22 +0200: Memory Usage (459116K) : biwind_opc has 0 polygons
2026-09-07 16:07:22 +0200: Memory Usage (459116K) : pemwind_drw has 0 polygons
2026-09-07 16:07:22 +0200: Memory Usage (459116K) : gatpoly_drw has 513 polygons
2026-09-07 16:07:22 +0200: Memory Usage (459116K) : gatpoly_pin has 91 polygons
2026-09-07 16:07:22 +0200: Memory Usage (459116K) : gatpoly_filler has 0 polygons
2026-09-07 16:07:22 +0200: Memory Usage (459116K) : gatpoly_nofill has 0 polygons
2026-09-07 16:07:22 +0200: Memory Usage (459116K) : gatpoly_opc has 0 polygons
2026-09-07 16:07:22 +0200: Memory Usage (459276K) : gatpoly_iopc has 0 polygons
2026-09-07 16:07:22 +0200: Memory Usage (459276K) : gatpoly_noqrc has 0 polygons
2026-09-07 16:07:22 +0200: Memory Usage (459276K) : cont_drw has 1631 polygons
2026-09-07 16:07:22 +0200: Memory Usage (459276K) : cont_opc has 0 polygons
2026-09-07 16:07:22 +0200: Memory Usage (459276K) : nsd_drw has 0 polygons
2026-09-07 16:07:22 +0200: Memory Usage (459276K) : nsd_block has 0 polygons
2026-09-07 16:07:22 +0200: Memory Usage (459276K) : metal1_drw has 1169 polygons
2026-09-07 16:07:22 +0200: Memory Usage (459436K) : metal1_pin has 182 polygons
2026-09-07 16:07:22 +0200: Memory Usage (459436K) : metal1_mask has 0 polygons
2026-09-07 16:07:22 +0200: Memory Usage (459596K) : metal1_filler has 0 polygons
2026-09-07 16:07:22 +0200: Memory Usage (459596K) : metal1_nofill has 0 polygons
2026-09-07 16:07:22 +0200: Memory Usage (459596K) : metal1_slit has 0 polygons
2026-09-07 16:07:22 +0200: Memory Usage (459976K) : metal1_text has 13 polygons
2026-09-07 16:07:22 +0200: Memory Usage (459976K) : metal1_opc has 0 polygons
2026-09-07 16:07:22 +0200: Memory Usage (459976K) : metal1_noqrc has 0 polygons
2026-09-07 16:07:22 +0200: Memory Usage (460136K) : metal1_res has 0 polygons
2026-09-07 16:07:22 +0200: Memory Usage (460296K) : metal1_iprobe has 0 polygons
2026-09-07 16:07:22 +0200: Memory Usage (460296K) : metal1_diffprb has 0 polygons
2026-09-07 16:07:22 +0200: Memory Usage (460296K) : passiv_drw has 0 polygons
2026-09-07 16:07:22 +0200: Memory Usage (460296K) : passiv_pin has 0 polygons
2026-09-07 16:07:22 +0200: Memory Usage (460296K) : passiv_sbump has 0 polygons
2026-09-07 16:07:22 +0200: Memory Usage (460296K) : passiv_pillar has 0 polygons
2026-09-07 16:07:22 +0200: Memory Usage (460296K) : passiv_pdl has 0 polygons
2026-09-07 16:07:22 +0200: Memory Usage (460296K) : metal2_drw has 121 polygons
2026-09-07 16:07:22 +0200: Memory Usage (460296K) : metal2_pin has 0 polygons
2026-09-07 16:07:22 +0200: Memory Usage (460296K) : metal2_mask has 0 polygons
2026-09-07 16:07:22 +0200: Memory Usage (460296K) : metal2_filler has 0 polygons
2026-09-07 16:07:22 +0200: Memory Usage (460456K) : metal2_nofill has 0 polygons
2026-09-07 16:07:22 +0200: Memory Usage (460456K) : metal2_slit has 0 polygons
2026-09-07 16:07:22 +0200: Memory Usage (460456K) : metal2_text has 11 polygons
2026-09-07 16:07:22 +0200: Memory Usage (460456K) : metal2_opc has 0 polygons
2026-09-07 16:07:22 +0200: Memory Usage (460456K) : metal2_noqrc has 0 polygons
2026-09-07 16:07:22 +0200: Memory Usage (460616K) : metal2_res has 0 polygons
2026-09-07 16:07:22 +0200: Memory Usage (460616K) : metal2_iprobe has 0 polygons
2026-09-07 16:07:22 +0200: Memory Usage (460616K) : metal2_diffprb has 0 polygons
2026-09-07 16:07:22 +0200: Memory Usage (460776K) : baspoly_drw has 0 polygons
2026-09-07 16:07:22 +0200: Memory Usage (460776K) : baspoly_pin has 0 polygons
2026-09-07 16:07:22 +0200: Memory Usage (460936K) : psd_drw has 94 polygons
2026-09-07 16:07:22 +0200: Memory Usage (460936K) : nldb_drw has 0 polygons
2026-09-07 16:07:22 +0200: Memory Usage (460936K) : digibnd_drw has 0 polygons
2026-09-07 16:07:22 +0200: Memory Usage (461096K) : via1_drw has 192 polygons
2026-09-07 16:07:22 +0200: Memory Usage (461096K) : backmetal1_drw has 0 polygons
2026-09-07 16:07:22 +0200: Memory Usage (461256K) : backmetal1_pin has 0 polygons
2026-09-07 16:07:22 +0200: Memory Usage (461256K) : backmetal1_mask has 0 polygons
2026-09-07 16:07:22 +0200: Memory Usage (461256K) : backmetal1_filler has 0 polygons
2026-09-07 16:07:22 +0200: Memory Usage (461416K) : backmetal1_nofill has 0 polygons
2026-09-07 16:07:22 +0200: Memory Usage (461416K) : backmetal1_slit has 0 polygons
2026-09-07 16:07:22 +0200: Memory Usage (461416K) : backmetal1_text has 0 polygons
2026-09-07 16:07:22 +0200: Memory Usage (461576K) : backmetal1_opc has 0 polygons
2026-09-07 16:07:22 +0200: Memory Usage (461576K) : backmetal1_noqrc has 0 polygons
2026-09-07 16:07:22 +0200: Memory Usage (461736K) : backmetal1_res has 0 polygons
2026-09-07 16:07:22 +0200: Memory Usage (461736K) : backmetal1_iprobe has 0 polygons
2026-09-07 16:07:22 +0200: Memory Usage (461896K) : backmetal1_diffprb has 0 polygons
2026-09-07 16:07:22 +0200: Memory Usage (461896K) : backpassiv_drw has 0 polygons
2026-09-07 16:07:22 +0200: Memory Usage (461896K) : res_drw has 0 polygons
2026-09-07 16:07:22 +0200: Memory Usage (462056K) : sram_drw has 0 polygons
2026-09-07 16:07:22 +0200: Memory Usage (462056K) : trans_drw has 0 polygons
2026-09-07 16:07:22 +0200: Memory Usage (462056K) : ind_drw has 0 polygons
2026-09-07 16:07:22 +0200: Memory Usage (462056K) : ind_pin has 0 polygons
2026-09-07 16:07:22 +0200: Memory Usage (462056K) : ind_text has 0 polygons
2026-09-07 16:07:22 +0200: Memory Usage (462216K) : salblock_drw has 0 polygons
2026-09-07 16:07:22 +0200: Memory Usage (462216K) : via2_drw has 109 polygons
2026-09-07 16:07:22 +0200: Memory Usage (462216K) : metal3_drw has 14 polygons
2026-09-07 16:07:22 +0200: Memory Usage (462216K) : metal3_pin has 0 polygons
2026-09-07 16:07:22 +0200: Memory Usage (462376K) : metal3_mask has 0 polygons
2026-09-07 16:07:22 +0200: Memory Usage (462376K) : metal3_filler has 0 polygons
2026-09-07 16:07:22 +0200: Memory Usage (462376K) : metal3_nofill has 0 polygons
2026-09-07 16:07:22 +0200: Memory Usage (462376K) : metal3_slit has 0 polygons
2026-09-07 16:07:22 +0200: Memory Usage (462536K) : metal3_text has 1 polygons
2026-09-07 16:07:22 +0200: Memory Usage (462536K) : metal3_opc has 0 polygons
2026-09-07 16:07:22 +0200: Memory Usage (462536K) : metal3_noqrc has 0 polygons
2026-09-07 16:07:22 +0200: Memory Usage (462536K) : metal3_res has 0 polygons
2026-09-07 16:07:22 +0200: Memory Usage (462696K) : metal3_iprobe has 0 polygons
2026-09-07 16:07:22 +0200: Memory Usage (462696K) : metal3_diffprb has 0 polygons
2026-09-07 16:07:22 +0200: Memory Usage (462696K) : nwell_drw has 27 polygons
2026-09-07 16:07:22 +0200: Memory Usage (462696K) : nwell_pin has 0 polygons
2026-09-07 16:07:22 +0200: Memory Usage (462856K) : nbulay_drw has 0 polygons
2026-09-07 16:07:22 +0200: Memory Usage (462856K) : nbulay_pin has 0 polygons
2026-09-07 16:07:22 +0200: Memory Usage (463016K) : nbulay_block has 0 polygons
2026-09-07 16:07:22 +0200: Memory Usage (463016K) : emwind_drw has 0 polygons
2026-09-07 16:07:22 +0200: Memory Usage (463016K) : emwind_opc has 0 polygons
2026-09-07 16:07:22 +0200: Memory Usage (463176K) : deepco_drw has 0 polygons
2026-09-07 16:07:22 +0200: Memory Usage (463176K) : deepco_drw has 0 polygons
2026-09-07 16:07:22 +0200: Memory Usage (463176K) : mim_drw has 0 polygons
2026-09-07 16:07:22 +0200: Memory Usage (463336K) : edgeseal_drw has 0 polygons
2026-09-07 16:07:22 +0200: Memory Usage (463336K) : edgeseal_bound has 0 polygons
2026-09-07 16:07:22 +0200: Memory Usage (463336K) : substrate_drw has 0 polygons
2026-09-07 16:07:22 +0200: Memory Usage (463496K) : substrate_text has 0 polygons
2026-09-07 16:07:22 +0200: Memory Usage (463496K) : dfpad_drw has 0 polygons
2026-09-07 16:07:22 +0200: Memory Usage (463496K) : dfpad_pillar has 0 polygons
2026-09-07 16:07:22 +0200: Memory Usage (463656K) : dfpad_sbump has 0 polygons
2026-09-07 16:07:22 +0200: Memory Usage (463656K) : thickgateox_drw has 0 polygons
2026-09-07 16:07:22 +0200: Memory Usage (463656K) : pldb_drw has 0 polygons
2026-09-07 16:07:22 +0200: Memory Usage (463816K) : pwell_drw has 0 polygons
2026-09-07 16:07:22 +0200: Memory Usage (463816K) : pwell_pin has 0 polygons
2026-09-07 16:07:22 +0200: Memory Usage (463816K) : pwell_block has 0 polygons
2026-09-07 16:07:22 +0200: Memory Usage (463976K) : ic_drw has 0 polygons
2026-09-07 16:07:22 +0200: Memory Usage (463976K) : via3_drw has 108 polygons
2026-09-07 16:07:22 +0200: Memory Usage (463976K) : metal4_drw has 14 polygons
2026-09-07 16:07:22 +0200: Memory Usage (463976K) : metal4_pin has 0 polygons
2026-09-07 16:07:22 +0200: Memory Usage (464136K) : metal4_mask has 0 polygons
2026-09-07 16:07:22 +0200: Memory Usage (464136K) : metal4_filler has 0 polygons
2026-09-07 16:07:22 +0200: Memory Usage (464136K) : metal4_nofill has 0 polygons
2026-09-07 16:07:22 +0200: Memory Usage (464136K) : metal4_slit has 0 polygons
2026-09-07 16:07:22 +0200: Memory Usage (464296K) : metal4_text has 2 polygons
2026-09-07 16:07:22 +0200: Memory Usage (464296K) : metal4_opc has 0 polygons
2026-09-07 16:07:22 +0200: Memory Usage (464296K) : metal4_noqrc has 0 polygons
2026-09-07 16:07:22 +0200: Memory Usage (464456K) : metal4_res has 0 polygons
2026-09-07 16:07:22 +0200: Memory Usage (464456K) : metal4_iprobe has 0 polygons
2026-09-07 16:07:22 +0200: Memory Usage (464456K) : metal4_diffprb has 0 polygons
2026-09-07 16:07:22 +0200: Memory Usage (464616K) : heattrans_drw has 0 polygons
2026-09-07 16:07:22 +0200: Memory Usage (464616K) : heatres_drw has 0 polygons
2026-09-07 16:07:22 +0200: Memory Usage (464616K) : pempoly_drw has 0 polygons
2026-09-07 16:07:22 +0200: Memory Usage (464776K) : fbe_drw has 0 polygons
2026-09-07 16:07:22 +0200: Memory Usage (464776K) : empoly_drw has 0 polygons
2026-09-07 16:07:22 +0200: Memory Usage (464776K) : ldmos_drw has 0 polygons
2026-09-07 16:07:22 +0200: Memory Usage (464936K) : pbiwind_drw has 0 polygons
2026-09-07 16:07:22 +0200: Memory Usage (464936K) : digisub_drw has 0 polygons
2026-09-07 16:07:22 +0200: Memory Usage (464936K) : nodrc_drw has 0 polygons
2026-09-07 16:07:22 +0200: Memory Usage (465096K) : text_drw has 117 polygons
2026-09-07 16:07:22 +0200: Memory Usage (465096K) : via4_drw has 0 polygons
2026-09-07 16:07:22 +0200: Memory Usage (465096K) : metal5_drw has 0 polygons
2026-09-07 16:07:22 +0200: Memory Usage (465256K) : metal5_pin has 0 polygons
2026-09-07 16:07:22 +0200: Memory Usage (465256K) : metal5_mask has 0 polygons
2026-09-07 16:07:22 +0200: Memory Usage (465256K) : metal5_filler has 0 polygons
2026-09-07 16:07:22 +0200: Memory Usage (465416K) : metal5_nofill has 0 polygons
2026-09-07 16:07:22 +0200: Memory Usage (465416K) : metal5_slit has 0 polygons
2026-09-07 16:07:22 +0200: Memory Usage (465416K) : metal5_text has 0 polygons
2026-09-07 16:07:22 +0200: Memory Usage (465576K) : metal5_opc has 0 polygons
2026-09-07 16:07:22 +0200: Memory Usage (465576K) : metal5_noqrc has 0 polygons
2026-09-07 16:07:22 +0200: Memory Usage (465576K) : metal5_res has 0 polygons
2026-09-07 16:07:22 +0200: Memory Usage (465736K) : metal5_iprobe has 0 polygons
2026-09-07 16:07:22 +0200: Memory Usage (465736K) : metal5_diffprb has 0 polygons
2026-09-07 16:07:22 +0200: Memory Usage (465736K) : radhard_drw has 0 polygons
2026-09-07 16:07:22 +0200: Memory Usage (465896K) : memcap_drw has 0 polygons
2026-09-07 16:07:22 +0200: Memory Usage (465896K) : varicap_drw has 0 polygons
2026-09-07 16:07:22 +0200: Memory Usage (465896K) : flash_drw has 0 polygons
2026-09-07 16:07:22 +0200: Memory Usage (465896K) : intbondvia_drw has 0 polygons
2026-09-07 16:07:22 +0200: Memory Usage (466056K) : intbondmet_drw has 0 polygons
2026-09-07 16:07:22 +0200: Memory Usage (466056K) : devbondvia_drw has 0 polygons
2026-09-07 16:07:22 +0200: Memory Usage (466056K) : devbondmet_drw has 0 polygons
2026-09-07 16:07:22 +0200: Memory Usage (466216K) : devtrench_drw has 0 polygons
2026-09-07 16:07:22 +0200: Memory Usage (466216K) : redist_drw has 0 polygons
2026-09-07 16:07:22 +0200: Memory Usage (466216K) : graphbot_drw has 0 polygons
2026-09-07 16:07:22 +0200: Memory Usage (466376K) : graphtop_drw has 0 polygons
2026-09-07 16:07:22 +0200: Memory Usage (466376K) : antvia1_drw has 0 polygons
2026-09-07 16:07:22 +0200: Memory Usage (466376K) : antmetal2_drw has 0 polygons
2026-09-07 16:07:22 +0200: Memory Usage (466536K) : graphcont_drw has 0 polygons
2026-09-07 16:07:22 +0200: Memory Usage (466536K) : siwg_drw has 0 polygons
2026-09-07 16:07:22 +0200: Memory Usage (466536K) : siwg_filler has 0 polygons
2026-09-07 16:07:22 +0200: Memory Usage (466696K) : siwg_nofill has 0 polygons
2026-09-07 16:07:22 +0200: Memory Usage (466696K) : sigrating_drw has 0 polygons
2026-09-07 16:07:22 +0200: Memory Usage (466696K) : singrating_drw has 0 polygons
2026-09-07 16:07:22 +0200: Memory Usage (466856K) : graphpas_drw has 0 polygons
2026-09-07 16:07:22 +0200: Memory Usage (466856K) : emwind3_drw has 0 polygons
2026-09-07 16:07:22 +0200: Memory Usage (466856K) : emwihv3_drw has 0 polygons
2026-09-07 16:07:22 +0200: Memory Usage (467016K) : redbulay_drw has 0 polygons
2026-09-07 16:07:22 +0200: Memory Usage (467016K) : smos_drw has 0 polygons
2026-09-07 16:07:22 +0200: Memory Usage (467016K) : graphpad_drw has 0 polygons
2026-09-07 16:07:22 +0200: Memory Usage (467176K) : polimide_drw has 0 polygons
2026-09-07 16:07:22 +0200: Memory Usage (467176K) : polimide_pin has 0 polygons
2026-09-07 16:07:22 +0200: Memory Usage (467176K) : recog_drw has 0 polygons
2026-09-07 16:07:22 +0200: Memory Usage (467176K) : recog_pin has 0 polygons
2026-09-07 16:07:22 +0200: Memory Usage (467336K) : recog_esd has 0 polygons
2026-09-07 16:07:22 +0200: Memory Usage (467336K) : recog_diode has 0 polygons
2026-09-07 16:07:22 +0200: Memory Usage (467336K) : recog_tsv has 0 polygons
2026-09-07 16:07:22 +0200: Memory Usage (467496K) : recog_iprobe has 0 polygons
2026-09-07 16:07:22 +0200: Memory Usage (467496K) : recog_diffprb has 0 polygons
2026-09-07 16:07:22 +0200: Memory Usage (467496K) : recog_pillar has 0 polygons
2026-09-07 16:07:22 +0200: Memory Usage (467496K) : recog_sbump has 0 polygons
2026-09-07 16:07:22 +0200: Memory Usage (467496K) : recog_otp has 0 polygons
2026-09-07 16:07:22 +0200: Memory Usage (467656K) : recog_pdiode has 0 polygons
2026-09-07 16:07:22 +0200: Memory Usage (467656K) : recog_mom has 0 polygons
2026-09-07 16:07:22 +0200: Memory Usage (467656K) : recog_momf has 0 polygons
2026-09-07 16:07:22 +0200: Memory Usage (467816K) : recog_pcm has 0 polygons
2026-09-07 16:07:22 +0200: Memory Usage (467816K) : colopen_drw has 0 polygons
2026-09-07 16:07:22 +0200: Memory Usage (467816K) : graphmetal1_drw has 0 polygons
2026-09-07 16:07:22 +0200: Memory Usage (467976K) : graphmetal1_filler has 0 polygons
2026-09-07 16:07:22 +0200: Memory Usage (467976K) : graphmetal1_nofill has 0 polygons
2026-09-07 16:07:22 +0200: Memory Usage (467976K) : graphmetal1_slit has 0 polygons
2026-09-07 16:07:22 +0200: Memory Usage (468136K) : graphmetal1_opc has 0 polygons
2026-09-07 16:07:22 +0200: Memory Usage (468136K) : graphmet1l_drw has 0 polygons
2026-09-07 16:07:22 +0200: Memory Usage (468136K) : graphmet1l_filler has 0 polygons
2026-09-07 16:07:22 +0200: Memory Usage (468296K) : graphmet1l_nofill has 0 polygons
2026-09-07 16:07:22 +0200: Memory Usage (468296K) : graphmet1l_slit has 0 polygons
2026-09-07 16:07:22 +0200: Memory Usage (468296K) : graphmet1l_opc has 0 polygons
2026-09-07 16:07:22 +0200: Memory Usage (468456K) : extblock_drw has 0 polygons
2026-09-07 16:07:22 +0200: Memory Usage (468456K) : nldd_drw has 0 polygons
2026-09-07 16:07:22 +0200: Memory Usage (468456K) : pldd_drw has 0 polygons
2026-09-07 16:07:22 +0200: Memory Usage (468616K) : next_drw has 0 polygons
2026-09-07 16:07:22 +0200: Memory Usage (468616K) : pext_drw has 0 polygons
2026-09-07 16:07:22 +0200: Memory Usage (468616K) : nexthv_drw has 0 polygons
2026-09-07 16:07:22 +0200: Memory Usage (468776K) : pexthv_drw has 0 polygons
2026-09-07 16:07:22 +0200: Memory Usage (468776K) : graphgate_drw has 0 polygons
2026-09-07 16:07:22 +0200: Memory Usage (468776K) : sinwg_drw has 0 polygons
2026-09-07 16:07:22 +0200: Memory Usage (468936K) : sinwg_filler has 0 polygons
2026-09-07 16:07:22 +0200: Memory Usage (468936K) : sinwg_nofill has 0 polygons
2026-09-07 16:07:22 +0200: Memory Usage (468936K) : mempad_drw has 0 polygons
2026-09-07 16:07:22 +0200: Memory Usage (469096K) : topvia1_drw has 0 polygons
2026-09-07 16:07:22 +0200: Memory Usage (469096K) : topmetal1_drw has 0 polygons
2026-09-07 16:07:22 +0200: Memory Usage (469096K) : topmetal1_pin has 0 polygons
2026-09-07 16:07:22 +0200: Memory Usage (469256K) : topmetal1_mask has 0 polygons
2026-09-07 16:07:22 +0200: Memory Usage (469256K) : topmetal1_filler has 0 polygons
2026-09-07 16:07:22 +0200: Memory Usage (469256K) : topmetal1_nofill has 0 polygons
2026-09-07 16:07:22 +0200: Memory Usage (469256K) : topmetal1_slit has 0 polygons
2026-09-07 16:07:22 +0200: Memory Usage (469256K) : topmetal1_text has 0 polygons
2026-09-07 16:07:22 +0200: Memory Usage (469256K) : topmetal1_noqrc has 0 polygons
2026-09-07 16:07:22 +0200: Memory Usage (469256K) : topmetal1_res has 0 polygons
2026-09-07 16:07:22 +0200: Memory Usage (469416K) : topmetal1_iprobe has 0 polygons
2026-09-07 16:07:22 +0200: Memory Usage (469416K) : topmetal1_diffprb has 0 polygons
2026-09-07 16:07:22 +0200: Memory Usage (469416K) : inldpwl_drw has 0 polygons
2026-09-07 16:07:22 +0200: Memory Usage (469576K) : polyres_drw has 0 polygons
2026-09-07 16:07:22 +0200: Memory Usage (469576K) : polyres_pin has 0 polygons
2026-09-07 16:07:22 +0200: Memory Usage (469576K) : vmim_drw has 0 polygons
2026-09-07 16:07:22 +0200: Memory Usage (469736K) : nbulaycut_drw has 0 polygons
2026-09-07 16:07:22 +0200: Memory Usage (469736K) : antmetal1_drw has 0 polygons
2026-09-07 16:07:22 +0200: Memory Usage (469736K) : topvia2_drw has 0 polygons
2026-09-07 16:07:22 +0200: Memory Usage (469896K) : topmetal2_drw has 0 polygons
2026-09-07 16:07:22 +0200: Memory Usage (469896K) : topmetal2_pin has 0 polygons
2026-09-07 16:07:22 +0200: Memory Usage (469896K) : topmetal2_mask has 0 polygons
2026-09-07 16:07:22 +0200: Memory Usage (470056K) : topmetal2_filler has 0 polygons
2026-09-07 16:07:22 +0200: Memory Usage (470056K) : topmetal2_nofill has 0 polygons
2026-09-07 16:07:22 +0200: Memory Usage (470056K) : topmetal2_slit has 0 polygons
2026-09-07 16:07:22 +0200: Memory Usage (470216K) : topmetal2_text has 0 polygons
2026-09-07 16:07:22 +0200: Memory Usage (470216K) : topmetal2_noqrc has 0 polygons
2026-09-07 16:07:22 +0200: Memory Usage (470216K) : topmetal2_res has 0 polygons
2026-09-07 16:07:22 +0200: Memory Usage (470376K) : topmetal2_iprobe has 0 polygons
2026-09-07 16:07:22 +0200: Memory Usage (470376K) : topmetal2_diffprb has 0 polygons
2026-09-07 16:07:22 +0200: Memory Usage (470376K) : snsring_drw has 0 polygons
2026-09-07 16:07:22 +0200: Memory Usage (470536K) : sensor_drw has 0 polygons
2026-09-07 16:07:22 +0200: Memory Usage (470536K) : snsarms_drw has 0 polygons
2026-09-07 16:07:22 +0200: Memory Usage (470536K) : snscmosvia_drw has 0 polygons
2026-09-07 16:07:22 +0200: Memory Usage (470696K) : colwind_drw has 0 polygons
2026-09-07 16:07:22 +0200: Memory Usage (470696K) : flm_drw has 0 polygons
2026-09-07 16:07:22 +0200: Memory Usage (470696K) : hafniumox_drw has 0 polygons
2026-09-07 16:07:22 +0200: Memory Usage (470856K) : memvia_drw has 0 polygons
2026-09-07 16:07:22 +0200: Memory Usage (470856K) : thinfilmres_drw has 0 polygons
2026-09-07 16:07:22 +0200: Memory Usage (470856K) : rfmem_drw has 0 polygons
2026-09-07 16:07:22 +0200: Memory Usage (471016K) : norcx_drw has 0 polygons
2026-09-07 16:07:22 +0200: Memory Usage (471016K) : norcx_m2m3 has 0 polygons
2026-09-07 16:07:22 +0200: Memory Usage (471016K) : norcx_m2m4 has 0 polygons
2026-09-07 16:07:22 +0200: Memory Usage (471176K) : norcx_m2m5 has 0 polygons
2026-09-07 16:07:22 +0200: Memory Usage (471176K) : norcx_m2tm1 has 0 polygons
2026-09-07 16:07:22 +0200: Memory Usage (471176K) : norcx_m2tm2 has 0 polygons
2026-09-07 16:07:22 +0200: Memory Usage (471336K) : norcx_m3m4 has 0 polygons
2026-09-07 16:07:22 +0200: Memory Usage (471336K) : norcx_m3m5 has 0 polygons
2026-09-07 16:07:22 +0200: Memory Usage (471336K) : norcx_m3tm1 has 0 polygons
2026-09-07 16:07:22 +0200: Memory Usage (471496K) : norcx_m3tm2 has 0 polygons
2026-09-07 16:07:22 +0200: Memory Usage (471496K) : norcx_m4m5 has 0 polygons
2026-09-07 16:07:22 +0200: Memory Usage (471496K) : norcx_m4tm1 has 0 polygons
2026-09-07 16:07:22 +0200: Memory Usage (471656K) : norcx_m4tm2 has 0 polygons
2026-09-07 16:07:22 +0200: Memory Usage (471656K) : norcx_m5tm1 has 0 polygons
2026-09-07 16:07:22 +0200: Memory Usage (471816K) : norcx_m5tm2 has 0 polygons
2026-09-07 16:07:22 +0200: Memory Usage (471816K) : norcx_tm1tm2 has 0 polygons
2026-09-07 16:07:22 +0200: Memory Usage (471816K) : norcx_m1sub has 0 polygons
2026-09-07 16:07:22 +0200: Memory Usage (471816K) : norcx_m2sub has 0 polygons
2026-09-07 16:07:22 +0200: Memory Usage (471816K) : norcx_m3sub has 0 polygons
2026-09-07 16:07:22 +0200: Memory Usage (471816K) : norcx_m4sub has 0 polygons
2026-09-07 16:07:22 +0200: Memory Usage (471816K) : norcx_m5sub has 0 polygons
2026-09-07 16:07:22 +0200: Memory Usage (471816K) : norcx_tm1sub has 0 polygons
2026-09-07 16:07:22 +0200: Memory Usage (471816K) : norcx_tm2sub has 0 polygons
2026-09-07 16:07:22 +0200: Memory Usage (471976K) : snsbotvia_drw has 0 polygons
2026-09-07 16:07:22 +0200: Memory Usage (471976K) : snstopvia_drw has 0 polygons
2026-09-07 16:07:22 +0200: Memory Usage (471976K) : deepvia_drw has 0 polygons
2026-09-07 16:07:22 +0200: Memory Usage (472136K) : fgetch_drw has 0 polygons
2026-09-07 16:07:22 +0200: Memory Usage (472136K) : ctrgat_drw has 0 polygons
2026-09-07 16:07:22 +0200: Memory Usage (472136K) : fgimp_drw has 0 polygons
2026-09-07 16:07:22 +0200: Memory Usage (472296K) : emwihv_drw has 0 polygons
2026-09-07 16:07:22 +0200: Memory Usage (472296K) : lbe_drw has 0 polygons
2026-09-07 16:07:22 +0200: Memory Usage (472296K) : alcustop_drw has 0 polygons
2026-09-07 16:07:22 +0200: Memory Usage (472296K) : nometfiller_drw has 0 polygons
2026-09-07 16:07:22 +0200: Memory Usage (472296K) : prboundary_drw has 0 polygons
2026-09-07 16:07:22 +0200: Memory Usage (472296K) : exchange0_drw has 0 polygons
2026-09-07 16:07:22 +0200: Memory Usage (472296K) : exchange0_pin has 0 polygons
2026-09-07 16:07:22 +0200: Memory Usage (472296K) : exchange0_text has 0 polygons
2026-09-07 16:07:22 +0200: Memory Usage (472296K) : exchange1_drw has 0 polygons
2026-09-07 16:07:22 +0200: Memory Usage (472296K) : exchange1_pin has 0 polygons
2026-09-07 16:07:22 +0200: Memory Usage (472296K) : exchange1_text has 0 polygons
2026-09-07 16:07:22 +0200: Memory Usage (472296K) : exchange2_drw has 0 polygons
2026-09-07 16:07:22 +0200: Memory Usage (472296K) : exchange2_pin has 0 polygons
2026-09-07 16:07:22 +0200: Memory Usage (472296K) : exchange2_text has 0 polygons
2026-09-07 16:07:22 +0200: Memory Usage (472296K) : exchange3_drw has 0 polygons
2026-09-07 16:07:22 +0200: Memory Usage (472296K) : exchange3_pin has 0 polygons
2026-09-07 16:07:22 +0200: Memory Usage (472296K) : exchange3_text has 0 polygons
2026-09-07 16:07:22 +0200: Memory Usage (472296K) : exchange4_drw has 0 polygons
2026-09-07 16:07:22 +0200: Memory Usage (472296K) : exchange4_pin has 0 polygons
2026-09-07 16:07:22 +0200: Memory Usage (472296K) : exchange4_text has 0 polygons
2026-09-07 16:07:22 +0200: Memory Usage (472296K) : isonwell_drw has 0 polygons
2026-09-07 16:07:22 +0200: Memory Usage (472296K) : Total no. of polygons in the design is 5052
2026-09-07 16:07:22 +0200: Memory Usage (472296K) : Loaded TECH DRC rules values from /foss/pdks/ihp-sg13g2/libs.tech/klayout/python/sg13g2_pycell_lib/sg13g2_tech_mod.json
2026-09-07 16:07:22 +0200: Memory Usage (472296K) : Loaded default DRC rules values from /foss/pdks/ihp-sg13g2/libs.tech/klayout/tech/drc/rule_decks/sg13g2_tech_default.json
2026-09-07 16:07:22 +0200: Memory Usage (472296K) : The following rules values were missing in tech json and default values were used:
2026-09-07 16:07:22 +0200: Memory Usage (472296K) :   - NW_f1_digibnd
2026-09-07 16:07:22 +0200: Memory Usage (472296K) :   - Cnt_c_digibnd
2026-09-07 16:07:22 +0200: Memory Usage (472296K) :   - Cnt_c_sram
2026-09-07 16:07:22 +0200: Memory Usage (472296K) :   - Sdiod_b
2026-09-07 16:07:22 +0200: Memory Usage (472296K) :   - Sdiod_c
2026-09-07 16:07:22 +0200: Memory Usage (473440K) : Total area of the design is 5143.824 um^2.
2026-09-07 16:07:22 +0200: Memory Usage (473440K) : The design dimensions are 90.72 µm * 56.7 µm.
2026-09-07 16:07:22 +0200: Memory Usage (473440K) : Starting general IHP-SG13G2 derivations.
2026-09-07 16:07:22 +0200: Memory Usage (473440K) : Starting Pwell derivations
2026-09-07 16:07:22 +0200: Memory Usage (475776K) : Starting IHP-SG13G2 DRC rules.
2026-09-07 16:07:22 +0200: Memory Usage (475776K) : Starting 3.2. FORBIDDEN table
2026-09-07 16:07:22 +0200: Memory Usage (475776K) : Executing rule forbidden.biwind
2026-09-07 16:07:22 +0200: Memory Usage (475776K) : Executing rule forbidden.pemwind
2026-09-07 16:07:22 +0200: Memory Usage (475776K) : Executing rule forbidden.baspoly
2026-09-07 16:07:22 +0200: Memory Usage (475776K) : Executing rule forbidden.deepco
2026-09-07 16:07:22 +0200: Memory Usage (475776K) : Executing rule forbidden.pempoly
2026-09-07 16:07:22 +0200: Memory Usage (475776K) : Executing rule forbidden.empoly
2026-09-07 16:07:22 +0200: Memory Usage (475776K) : Executing rule forbidden.ldmos
2026-09-07 16:07:22 +0200: Memory Usage (475776K) : Executing rule forbidden.pbiwind
2026-09-07 16:07:22 +0200: Memory Usage (475776K) : Executing rule forbidden.nodrc
2026-09-07 16:07:23 +0200: Memory Usage (475776K) : Executing rule forbidden.flash
2026-09-07 16:07:23 +0200: Memory Usage (475776K) : Executing rule forbidden.colwind
2026-09-07 16:07:23 +0200: Memory Usage (475776K) : KLayout DRC run for tables 'forbidden' completed in 0.57 seconds
