
Note: No compatibility mode selected!


Circuit: * tt_analog_ring, code 127

Doing analysis at TEMP = 27.000000 and TNOM = 27.000000

Using SPARSE 1.3 as Direct Linear Solver
 Reference value :  0.00000e+00
No. of Data Rows : 1
idd_dis=0.000327593 vbp=0.558345 vbn=0.506038 clk_dis=1.2
Doing analysis at TEMP = 27.000000 and TNOM = 27.000000

Using SPARSE 1.3 as Direct Linear Solver

Initial Transient Solution
--------------------------

Node                                   Voltage
----                                   -------
vpwr                                       1.2
code[0]                                    1.2
code[1]                                    1.2
code[2]                                    1.2
code[3]                                    1.2
code[4]                                    1.2
code[5]                                    1.2
code[6]                                    1.2
code[7]                                      0
enable                                       0
xdut.vbp                              0.558345
xdut.vbn                              0.506038
xdut.n0                            1.80672e-07
xdut.p0                                    1.2
xdut.na0                               1.02995
xdut.s0                                    1.2
xdut.s10                                   1.2
xdut.n1                            5.34227e-07
xdut.p1                                    1.2
xdut.s1                            6.11561e-07
xdut.n2                            1.15305e-07
xdut.p2                                    1.2
xdut.s2                                    1.2
xdut.n3                            6.77698e-07
xdut.p3                                    1.2
xdut.s3                            7.82631e-07
xdut.n4                            1.18323e-07
xdut.p4                                    1.2
xdut.s4                                    1.2
xdut.n5                            5.60166e-07
xdut.p5                                    1.2
xdut.s5                            6.43066e-07
xdut.n6                            1.29737e-07
xdut.p6                                    1.2
xdut.s6                                    1.2
xdut.n7                            5.68526e-07
xdut.p7                                    1.2
xdut.s7                            6.62727e-07
xdut.n8                            9.51904e-08
xdut.p8                                    1.2
xdut.s8                                    1.2
xdut.n9                            7.82468e-07
xdut.p9                                    1.2
xdut.s9                            9.08764e-07
xdut.n10                           6.44115e-08
xdut.p10                                   1.2
xdut.b1                            1.61376e-07
clk_out                                    1.2
ven#branch                         7.37475e-12
vc7#branch                         1.73622e-12
vc6#branch                        -2.92206e-08
vc5#branch                        -1.46145e-08
vc4#branch                        -7.27545e-09
vc3#branch                        -3.66699e-09
vc2#branch                        -1.84175e-09
vc1#branch                        -9.17638e-10
vc0#branch                        -4.64612e-10
vdd#branch                        -0.000327593

 Reference value :  0.00000e+00
 Reference value :  1.03201e-09
 Reference value :  2.30342e-09
 Reference value :  3.51281e-09
 Reference value :  4.75321e-09
 Reference value :  5.96260e-09
 Reference value :  7.17199e-09
 Reference value :  8.41239e-09
 Reference value :  9.40200e-09
 Reference value :  1.00377e-08
 Reference value :  1.06889e-08
 Reference value :  1.13711e-08
 Reference value :  1.21154e-08
 Reference value :  1.27666e-08
 Reference value :  1.34178e-08
 Reference value :  1.41620e-08
 Reference value :  1.48132e-08
 Reference value :  1.54955e-08
 Reference value :  1.61467e-08
 Reference value :  1.68599e-08
 Reference value :  1.75421e-08
 Reference value :  1.82243e-08
 Reference value :  1.89376e-08
 Reference value :  1.95578e-08
 Reference value :  2.02090e-08
 Reference value :  2.08912e-08
 Reference value :  2.15734e-08
 Reference value :  2.22246e-08
 Reference value :  2.29069e-08
 Reference value :  2.36201e-08
 Reference value :  2.43333e-08
 Reference value :  2.50155e-08
 Reference value :  2.57598e-08
 Reference value :  2.64420e-08
 Reference value :  2.70932e-08
 Reference value :  2.78064e-08
 Reference value :  2.84887e-08
 Reference value :  2.92019e-08
 Reference value :  2.98841e-08
 Reference value :  3.05973e-08
 Reference value :  3.12796e-08
 Reference value :  3.19618e-08
 Reference value :  3.26750e-08
 Reference value :  3.33572e-08
 Reference value :  3.40394e-08
 Reference value :  3.47837e-08
 Reference value :  3.54349e-08
 Reference value :  3.60861e-08
 Reference value :  3.67683e-08
 Reference value :  3.74816e-08
 Reference value :  3.81018e-08
 Reference value :  3.87530e-08
 Reference value :  3.95282e-08
 Reference value :  4.02104e-08
 Reference value :  4.08927e-08
 Reference value :  4.16059e-08
 Reference value :  4.22571e-08
 Reference value :  4.29083e-08
 Reference value :  4.35905e-08
 Reference value :  4.43038e-08
 Reference value :  4.49550e-08
 Reference value :  4.56372e-08
 Reference value :  4.63194e-08
 Reference value :  4.70326e-08
 Reference value :  4.77459e-08
 Reference value :  4.85211e-08
 Reference value :  4.91723e-08
 Reference value :  4.98545e-08
 Reference value :  5.05678e-08
 Reference value :  5.12500e-08
 Reference value :  5.19322e-08
 Reference value :  5.26144e-08
 Reference value :  5.32967e-08
 Reference value :  5.39789e-08
 Reference value :  5.46301e-08
 Reference value :  5.53433e-08
 Reference value :  5.59945e-08
 Reference value :  5.66767e-08
 Reference value :  5.73900e-08
 Reference value :  5.80722e-08
 Reference value :  5.86924e-08
 Reference value :  5.93746e-08
 Reference value :  6.00878e-08
 Reference value :  6.07701e-08
 Reference value :  6.14523e-08
 Reference value :  6.21965e-08
 Reference value :  6.28787e-08
 Reference value :  6.35300e-08
 Reference value :  6.42432e-08
 Reference value :  6.48944e-08
 Reference value :  6.56076e-08
 Reference value :  6.63209e-08
 Reference value :  6.70341e-08
 Reference value :  6.76853e-08
 Reference value :  6.83365e-08
 Reference value :  6.90497e-08
 Reference value :  6.97320e-08
 Reference value :  7.03832e-08
 Reference value :  7.11274e-08
 Reference value :  7.17786e-08
 Reference value :  7.24608e-08
 Reference value :  7.31120e-08
 Reference value :  7.38253e-08
 Reference value :  7.45075e-08
 Reference value :  7.51587e-08
 Reference value :  7.59029e-08
 Reference value :  7.65852e-08
 Reference value :  7.72674e-08
 Reference value :  7.79806e-08
 Reference value :  7.86628e-08
 Reference value :  7.93761e-08
 Reference value :  8.01203e-08
 Reference value :  8.08335e-08
 Reference value :  8.14537e-08
 Reference value :  8.21360e-08
 Reference value :  8.28492e-08
 Reference value :  8.35004e-08
 Reference value :  8.41826e-08
 Reference value :  8.49269e-08
 Reference value :  8.55471e-08
 Reference value :  8.61983e-08
 Reference value :  8.69115e-08
 Reference value :  8.76247e-08
 Reference value :  8.83380e-08
 Reference value :  8.90512e-08
 Reference value :  8.97334e-08
 Reference value :  9.04156e-08
 Reference value :  9.10668e-08
 Reference value :  9.18111e-08
 Reference value :  9.24933e-08
 Reference value :  9.31755e-08
 Reference value :  9.39198e-08
 Reference value :  9.46020e-08
 Reference value :  9.52842e-08
 Reference value :  9.59974e-08
 Reference value :  9.66796e-08
 Reference value :  9.73619e-08
 Reference value :  9.80441e-08
 Reference value :  9.87573e-08
 Reference value :  9.94395e-08
 Reference value :  1.00091e-07
 Reference value :  1.00804e-07
 Reference value :  1.01486e-07
 Reference value :  1.02168e-07
 Reference value :  1.02882e-07
 Reference value :  1.03564e-07
 Reference value :  1.04215e-07
 Reference value :  1.04866e-07
 Reference value :  1.05580e-07
 Reference value :  1.06262e-07
 Reference value :  1.06944e-07
 Reference value :  1.07688e-07
 Reference value :  1.08339e-07
 Reference value :  1.08991e-07
 Reference value :  1.09704e-07
 Reference value :  1.10386e-07
 Reference value :  1.11068e-07
 Reference value :  1.11751e-07
 Reference value :  1.12464e-07
 Reference value :  1.13146e-07
 Reference value :  1.13828e-07
 Reference value :  1.14510e-07
 Reference value :  1.15193e-07
 Reference value :  1.15875e-07
 Reference value :  1.16650e-07
 Reference value :  1.17332e-07
 Reference value :  1.18015e-07
 Reference value :  1.18697e-07
 Reference value :  1.19379e-07
 Reference value :  1.20061e-07
 Reference value :  1.20681e-07
 Reference value :  1.21426e-07
 Reference value :  1.22077e-07
 Reference value :  1.22728e-07
 Reference value :  1.23441e-07
 Reference value :  1.24155e-07
 Reference value :  1.24837e-07
 Reference value :  1.25550e-07
 Reference value :  1.26263e-07
 Reference value :  1.26945e-07
 Reference value :  1.27659e-07
 Reference value :  1.28403e-07
 Reference value :  1.29085e-07
 Reference value :  1.29767e-07
 Reference value :  1.30512e-07
 Reference value :  1.31163e-07
 Reference value :  1.31845e-07
 Reference value :  1.32558e-07
 Reference value :  1.33209e-07
 Reference value :  1.33892e-07
 Reference value :  1.34605e-07
 Reference value :  1.35287e-07
 Reference value :  1.36000e-07
 Reference value :  1.36683e-07
 Reference value :  1.37396e-07
 Reference value :  1.38047e-07
 Reference value :  1.38698e-07
 Reference value :  1.39442e-07
 Reference value :  1.40094e-07
 Reference value :  1.40776e-07
 Reference value :  1.41520e-07
 Reference value :  1.42202e-07
 Reference value :  1.42885e-07
 Reference value :  1.43536e-07
 Reference value :  1.44280e-07
 Reference value :  1.44931e-07
 Reference value :  1.45582e-07
 Reference value :  1.46296e-07
 Reference value :  1.46978e-07
 Reference value :  1.47629e-07
 Reference value :  1.48342e-07
 Reference value :  1.48994e-07
 Reference value :  1.49676e-07
 Reference value :  1.50327e-07
 Reference value :  1.51009e-07
 Reference value :  1.51722e-07
 Reference value :  1.52405e-07
 Reference value :  1.53180e-07
 Reference value :  1.53862e-07
 Reference value :  1.54513e-07
 Reference value :  1.55227e-07
 Reference value :  1.55909e-07
 Reference value :  1.56591e-07
 Reference value :  1.57304e-07
 Reference value :  1.58017e-07
 Reference value :  1.58669e-07
 Reference value :  1.59320e-07
 Reference value :  1.60033e-07
 Reference value :  1.60684e-07
 Reference value :  1.61335e-07
 Reference value :  1.62080e-07
 Reference value :  1.62762e-07
 Reference value :  1.63413e-07
 Reference value :  1.64126e-07
 Reference value :  1.64809e-07
 Reference value :  1.65491e-07
 Reference value :  1.66142e-07
 Reference value :  1.66886e-07
 Reference value :  1.67569e-07
 Reference value :  1.68220e-07
 Reference value :  1.68902e-07
 Reference value :  1.69553e-07
 Reference value :  1.70235e-07
 Reference value :  1.70949e-07
 Reference value :  1.71662e-07
 Reference value :  1.72344e-07
 Reference value :  1.73026e-07
 Reference value :  1.73739e-07
 Reference value :  1.74422e-07
 Reference value :  1.75135e-07
 Reference value :  1.75879e-07
 Reference value :  1.76530e-07
 Reference value :  1.77213e-07
 Reference value :  1.77895e-07
 Reference value :  1.78608e-07
 Reference value :  1.79259e-07
 Reference value :  1.79941e-07
 Reference value :  1.80655e-07
 Reference value :  1.81337e-07
 Reference value :  1.82019e-07
 Reference value :  1.82701e-07
 Reference value :  1.83384e-07
 Reference value :  1.84004e-07
 Reference value :  1.84655e-07
 Reference value :  1.85337e-07
 Reference value :  1.86000e-07
No. of Data Rows : 6012
vhold_min           =  1.20000e+00 at=  1.01713e-10
tfirst              =  1.20016e-08
t1                  =  1.14443e-07
t2                  =  1.18994e-07
t3                  =  1.23546e-07
t4                  =  1.28098e-07
t5                  =  1.32649e-07
t6                  =  1.37201e-07
t7                  =  1.41752e-07
t8                  =  1.46304e-07
t9                  =  1.50856e-07
t10                 =  1.55407e-07
t11                 =  1.59958e-07
t12                 =  1.64510e-07
idd_run             =  -3.43020e-04 from=  1.11600e-07 to=  1.86000e-07
vmax                =  1.21094e+00 at=  1.48404e-07
vmin                =  -6.93407e-03 at=  1.50699e-07
Note: Simulation executed from .control section 
Note: Starting dynamic gmin stepping
Note: Dynamic gmin stepping completed
Note: Starting dynamic gmin stepping
Note: Dynamic gmin stepping completed
