
Note: Compatibility modes selected: hs a


Circuit: * tt_analog_ring, code 128

Doing analysis at TEMP = 27.000000 and TNOM = 27.000000

Using SPARSE 1.3 as Direct Linear Solver
 Reference value :  0.00000e+00
No. of Data Rows : 1
idd_dis=0.000317057 vbp=0.589048 vbn=0.52835 clk_dis=1.2
Doing analysis at TEMP = 27.000000 and TNOM = 27.000000

Using SPARSE 1.3 as Direct Linear Solver

Initial Transient Solution
--------------------------

Node                                   Voltage
----                                   -------
vpwr                                       1.2
code[0]                                      0
code[1]                                      0
code[2]                                      0
code[3]                                      0
code[4]                                      0
code[5]                                      0
code[6]                                      0
code[7]                                    1.2
enable                                       0
xdut.vbp                              0.589048
clk_out                                    1.2
xdut.b1                            3.80851e-07
xdut.s3                            1.89162e-06
xdut.s2                                    1.2
xdut.n_126                                 1.2
xdut.s1                            1.89163e-06
xdut.n_125                                 1.2
xdut.s10                                   1.2
xdut.s6                                    1.2
xdut.s5                            1.89162e-06
xdut.n_128                                 1.2
xdut.s9                            1.89162e-06
xdut.n_133                                 1.2
xdut.s4                                    1.2
xdut.n_129                                 1.2
xdut.s8                                    1.2
xdut.n_132                                 1.2
xdut.s7                            1.89162e-06
xdut.n_130                                 1.2
xdut.n_127                                 1.2
xdut.n_131                                 1.2
xdut.s0                                    1.2
xdut.n_124                                 1.2
xdut.n_71                          1.63034e-06
xdut.n_72                          1.63034e-06
xdut.n_70                          2.45784e-08
xdut.n_77                          1.63034e-06
xdut.n_75                          2.45784e-08
xdut.n_73                          2.45784e-08
xdut.n_67                          2.45784e-08
xdut.n_76                          2.45784e-08
xdut.n_69                          1.63034e-06
xdut.n_74                          1.63034e-06
xdut.n_122                                 1.2
xdut.n_i1005                           1.01675
xdut.n_68                          4.78024e-08
xdut.vbn                               0.52835
ven#branch                         1.27999e-11
vc7#branch                        -2.94291e-08
vc6#branch                         4.60775e-13
vc5#branch                         2.30387e-13
vc4#branch                         1.15194e-13
vc3#branch                         5.75969e-14
vc2#branch                         2.87984e-14
vc1#branch                         1.43992e-14
vc0#branch                         7.19961e-15
vdd#branch                        -0.000317057

 Reference value :  0.00000e+00
 Reference value :  4.52357e-09
 Reference value :  7.79526e-09
 Reference value :  1.07583e-08
 Reference value :  1.38448e-08
 Reference value :  1.85632e-08
 Reference value :  2.09892e-08
 Reference value :  2.38288e-08
 Reference value :  2.64832e-08
 Reference value :  2.93227e-08
 Reference value :  3.19771e-08
 Reference value :  3.48784e-08
 Reference value :  3.76563e-08
 Reference value :  4.04341e-08
 Reference value :  4.32737e-08
 Reference value :  4.60516e-08
 Reference value :  4.88912e-08
 Reference value :  5.15455e-08
 Reference value :  5.43234e-08
 Reference value :  5.70395e-08
 Reference value :  5.99408e-08
 Reference value :  6.27804e-08
 Reference value :  6.53731e-08
 Reference value :  6.82744e-08
 Reference value :  7.09288e-08
 Reference value :  7.37683e-08
 Reference value :  7.64845e-08
 Reference value :  7.93240e-08
 Reference value :  8.21636e-08
 Reference value :  8.48797e-08
 Reference value :  8.77811e-08
 Reference value :  9.03737e-08
 Reference value :  9.32133e-08
 Reference value :  9.58677e-08
 Reference value :  9.87073e-08
 Reference value :  1.01547e-07
 Reference value :  1.04386e-07
 Reference value :  1.07288e-07
 Reference value :  1.09942e-07
 Reference value :  1.12782e-07
 Reference value :  1.15436e-07
 Reference value :  1.18214e-07
 Reference value :  1.20992e-07
 Reference value :  1.23955e-07
 Reference value :  1.26733e-07
 Reference value :  1.29449e-07
 Reference value :  1.32227e-07
 Reference value :  1.34881e-07
 Reference value :  1.37721e-07
 Reference value :  1.40375e-07
 Reference value :  1.43276e-07
 Reference value :  1.46054e-07
 Reference value :  1.48832e-07
 Reference value :  1.51610e-07
 Reference value :  1.54326e-07
 Reference value :  1.57166e-07
 Reference value :  1.60005e-07
 Reference value :  1.62968e-07
 Reference value :  1.65808e-07
 Reference value :  1.68586e-07
 Reference value :  1.71672e-07
 Reference value :  1.74388e-07
 Reference value :  1.77290e-07
 Reference value :  1.80067e-07
 Reference value :  1.82845e-07
 Reference value :  1.85685e-07
 Reference value :  1.88463e-07
 Reference value :  1.91241e-07
 Reference value :  1.93895e-07
 Reference value :  1.96735e-07
 Reference value :  1.99451e-07
 Reference value :  2.02228e-07
 Reference value :  2.05006e-07
 Reference value :  2.07722e-07
 Reference value :  2.10500e-07
 Reference value :  2.13155e-07
 Reference value :  2.15933e-07
 Reference value :  2.18587e-07
 Reference value :  2.21427e-07
 Reference value :  2.24081e-07
 Reference value :  2.26982e-07
 Reference value :  2.29884e-07
 Reference value :  2.32847e-07
 Reference value :  2.35810e-07
 Reference value :  2.38526e-07
 Reference value :  2.41365e-07
 Reference value :  2.43958e-07
 Reference value :  2.46674e-07
 Reference value :  2.49452e-07
 Reference value :  2.52106e-07
 Reference value :  2.55131e-07
 Reference value :  2.57909e-07
 Reference value :  2.60749e-07
 Reference value :  2.63465e-07
 Reference value :  2.66366e-07
 Reference value :  2.69452e-07
 Reference value :  2.72230e-07
 Reference value :  2.75132e-07
 Reference value :  2.77971e-07
 Reference value :  2.80872e-07
 Reference value :  2.83712e-07
 Reference value :  2.86428e-07
 Reference value :  2.89268e-07
 Reference value :  2.91922e-07
 Reference value :  2.94700e-07
 Reference value :  2.97354e-07
 Reference value :  3.00194e-07
 Reference value :  3.02972e-07
 Reference value :  3.05750e-07
 Reference value :  3.08528e-07
 Reference value :  3.11244e-07
 Reference value :  3.14022e-07
 Reference value :  3.16799e-07
 Reference value :  3.19762e-07
 Reference value :  3.22664e-07
 Reference value :  3.25442e-07
 Reference value :  3.28281e-07
 Reference value :  3.31059e-07
 Reference value :  3.34022e-07
 Reference value :  3.36923e-07
 Reference value :  3.39763e-07
 Reference value :  3.42479e-07
 Reference value :  3.45319e-07
 Reference value :  3.48158e-07
 Reference value :  3.50874e-07
 Reference value :  3.53776e-07
 Reference value :  3.56430e-07
 Reference value :  3.58591e-07
 Reference value :  3.60875e-07
 Reference value :  3.63838e-07
 Reference value :  3.66554e-07
 Reference value :  3.69455e-07
No. of Data Rows : 6015
vhold_min           =  1.20000e+00 at=  2.02474e-10
tfirst              =  2.39589e-08
t1                  =  2.25350e-07
t2                  =  2.35171e-07
t3                  =  2.44991e-07
t4                  =  2.54812e-07
t5                  =  2.64632e-07
t6                  =  2.74453e-07
t7                  =  2.84273e-07
t8                  =  2.94092e-07
t9                  =  3.03912e-07
t10                 =  3.13732e-07
t11                 =  3.23552e-07
t12                 =  3.33373e-07
idd_run             =  -3.28387e-04 from=  2.22200e-07 to=  3.70400e-07
vmax                =  1.20654e+00 at=  2.39760e-07
vmin                =  -1.06533e-02 at=  3.18713e-07
Note: Simulation executed from .control section 
Warning: m=xx on .subckt line will override multiplier m hierarchy!

Note: Starting dynamic gmin stepping
Note: Dynamic gmin stepping completed
Note: Starting dynamic gmin stepping
Note: Dynamic gmin stepping completed
