
Note: Compatibility modes selected: hs a


Circuit: * tt_analog_ring, code 1

Doing analysis at TEMP = 125.000000 and TNOM = 27.000000

Using SPARSE 1.3 as Direct Linear Solver
 Reference value :  0.00000e+00
No. of Data Rows : 1
idd_dis=8.66293E-06 vbp=1.01424 vbn=0.159007 clk_dis=1.32
Doing analysis at TEMP = 125.000000 and TNOM = 27.000000

Using SPARSE 1.3 as Direct Linear Solver

Initial Transient Solution
--------------------------

Node                                   Voltage
----                                   -------
vpwr                                      1.32
code[0]                                   1.32
code[1]                                      0
code[2]                                      0
code[3]                                      0
code[4]                                      0
code[5]                                      0
code[6]                                      0
code[7]                                      0
enable                                       0
xdut.vbp                               1.01424
clk_out                                   1.32
xdut.b1                            1.63095e-06
xdut.s3                            0.000146466
xdut.s2                                1.31976
xdut.n_126                             1.31988
xdut.s1                            0.000146934
xdut.n_125                             1.31976
xdut.s10                               1.31976
xdut.s6                                1.31976
xdut.s5                            0.000146466
xdut.n_128                             1.31976
xdut.s9                            0.000146466
xdut.n_133                             1.31976
xdut.s4                                1.31976
xdut.n_129                             1.31988
xdut.s8                                1.31976
xdut.n_132                             1.31988
xdut.s7                            0.000146466
xdut.n_130                             1.31988
xdut.n_127                             1.31976
xdut.n_131                             1.31976
xdut.s0                                1.31956
xdut.n_124                             1.31988
xdut.n_71                          0.000145395
xdut.n_72                          0.000144933
xdut.n_70                          0.000216721
xdut.n_77                          0.000144933
xdut.n_75                          0.000216723
xdut.n_73                          0.000216721
xdut.n_67                          0.000216721
xdut.n_76                          0.000216721
xdut.n_69                          0.000144933
xdut.n_74                          0.000144933
xdut.n_122                             1.31957
xdut.n_i1005                           1.12586
xdut.n_68                          0.000406803
xdut.vbn                              0.159007
ven#branch                         1.10125e-11
vc7#branch                         7.09193e-11
vc6#branch                         3.54597e-11
vc5#branch                         1.77298e-11
vc4#branch                         8.86492e-12
vc3#branch                         4.43246e-12
vc2#branch                         2.21623e-12
vc1#branch                         1.10811e-12
vc0#branch                        -2.34072e-09
vdd#branch                        -8.66293e-06

 Reference value :  0.00000e+00
 Reference value :  7.19127e-08
 Reference value :  1.59275e-07
 Reference value :  2.48936e-07
 Reference value :  3.38597e-07
 Reference value :  4.28258e-07
 Reference value :  5.17919e-07
 Reference value :  6.12178e-07
 Reference value :  6.89807e-07
 Reference value :  7.30161e-07
 Reference value :  7.78440e-07
 Reference value :  8.29018e-07
 Reference value :  8.78895e-07
 Reference value :  9.28192e-07
 Reference value :  9.78770e-07
 Reference value :  1.02935e-06
 Reference value :  1.08452e-06
 Reference value :  1.13569e-06
 Reference value :  1.18627e-06
 Reference value :  1.23685e-06
 Reference value :  1.28512e-06
 Reference value :  1.33340e-06
 Reference value :  1.38398e-06
 Reference value :  1.43456e-06
 Reference value :  1.49203e-06
 Reference value :  1.54323e-06
 Reference value :  1.59151e-06
 Reference value :  1.64209e-06
 Reference value :  1.69214e-06
 Reference value :  1.74081e-06
 Reference value :  1.79368e-06
 Reference value :  1.84426e-06
 Reference value :  1.89944e-06
 Reference value :  1.94842e-06
 Reference value :  1.99670e-06
 Reference value :  2.04728e-06
 Reference value :  2.09951e-06
 Reference value :  2.15164e-06
 Reference value :  2.20222e-06
 Reference value :  2.25050e-06
 Reference value :  2.30567e-06
 Reference value :  2.35249e-06
 Reference value :  2.40077e-06
 Reference value :  2.45135e-06
 Reference value :  2.50193e-06
 Reference value :  2.55299e-06
 Reference value :  2.60127e-06
 Reference value :  2.65185e-06
 Reference value :  2.70473e-06
 Reference value :  2.74887e-06
 Reference value :  2.79714e-06
 Reference value :  2.84083e-06
 Reference value :  2.88681e-06
 Reference value :  2.92368e-06
 Reference value :  2.97196e-06
 Reference value :  3.01794e-06
 Reference value :  3.06162e-06
 Reference value :  3.11220e-06
 Reference value :  3.15424e-06
 Reference value :  3.20252e-06
 Reference value :  3.24850e-06
 Reference value :  3.29678e-06
 Reference value :  3.33673e-06
 Reference value :  3.38730e-06
 Reference value :  3.43558e-06
 Reference value :  3.48616e-06
 Reference value :  3.53535e-06
 Reference value :  3.58819e-06
 Reference value :  3.63877e-06
 Reference value :  3.68935e-06
 Reference value :  3.73583e-06
 Reference value :  3.78640e-06
 Reference value :  3.83468e-06
 Reference value :  3.88296e-06
 Reference value :  3.93584e-06
 Reference value :  3.98454e-06
 Reference value :  4.03282e-06
 Reference value :  4.08340e-06
 Reference value :  4.13598e-06
 Reference value :  4.18501e-06
 Reference value :  4.23789e-06
 Reference value :  4.28616e-06
 Reference value :  4.34134e-06
 Reference value :  4.38874e-06
 Reference value :  4.43702e-06
 Reference value :  4.48760e-06
 Reference value :  4.53588e-06
 Reference value :  4.58212e-06
 Reference value :  4.63040e-06
 Reference value :  4.68097e-06
 Reference value :  4.73155e-06
 Reference value :  4.78055e-06
 Reference value :  4.83113e-06
 Reference value :  4.87941e-06
 Reference value :  4.92999e-06
 Reference value :  4.97338e-06
 Reference value :  5.02856e-06
 Reference value :  5.07913e-06
 Reference value :  5.12741e-06
 Reference value :  5.17871e-06
 Reference value :  5.22928e-06
 Reference value :  5.27986e-06
 Reference value :  5.32814e-06
 Reference value :  5.37189e-06
 Reference value :  5.42477e-06
 Reference value :  5.47305e-06
 Reference value :  5.52133e-06
 Reference value :  5.57256e-06
 Reference value :  5.62543e-06
 Reference value :  5.67601e-06
 Reference value :  5.72429e-06
 Reference value :  5.76863e-06
 Reference value :  5.82118e-06
 Reference value :  5.87176e-06
 Reference value :  5.92234e-06
 Reference value :  5.97520e-06
 Reference value :  6.02799e-06
 Reference value :  6.07627e-06
 Reference value :  6.12685e-06
 Reference value :  6.17229e-06
 Reference value :  6.22093e-06
 Reference value :  6.26921e-06
 Reference value :  6.31749e-06
 Reference value :  6.37267e-06
 Reference value :  6.41930e-06
 Reference value :  6.46988e-06
 Reference value :  6.51586e-06
 Reference value :  6.56644e-06
 Reference value :  6.61121e-06
 Reference value :  6.65489e-06
 Reference value :  6.69857e-06
 Reference value :  6.74455e-06
 Reference value :  6.78982e-06
 Reference value :  6.83495e-06
 Reference value :  6.87864e-06
 Reference value :  6.92232e-06
 Reference value :  6.96830e-06
 Reference value :  7.01003e-06
 Reference value :  7.05601e-06
 Reference value :  7.09969e-06
 Reference value :  7.14567e-06
 Reference value :  7.19624e-06
 Reference value :  7.24049e-06
 Reference value :  7.28647e-06
 Reference value :  7.33015e-06
 Reference value :  7.37843e-06
 Reference value :  7.41802e-06
 Reference value :  7.46400e-06
 Reference value :  7.50769e-06
 Reference value :  7.55367e-06
 Reference value :  7.60194e-06
 Reference value :  7.64501e-06
 Reference value :  7.68869e-06
 Reference value :  7.73007e-06
 Reference value :  7.77146e-06
 Reference value :  7.81079e-06
 Reference value :  7.85447e-06
 Reference value :  7.89816e-06
 Reference value :  7.94184e-06
 Reference value :  7.98552e-06
 Reference value :  8.02973e-06
 Reference value :  8.07571e-06
 Reference value :  8.12169e-06
 Reference value :  8.16537e-06
 Reference value :  8.21060e-06
 Reference value :  8.25750e-06
 Reference value :  8.30348e-06
 Reference value :  8.34716e-06
 Reference value :  8.39544e-06
 Reference value :  8.44205e-06
 Reference value :  8.48803e-06
 Reference value :  8.53401e-06
 Reference value :  8.57770e-06
 Reference value :  8.61766e-06
 Reference value :  8.66364e-06
 Reference value :  8.70962e-06
 Reference value :  8.75560e-06
 Reference value :  8.80158e-06
 Reference value :  8.84846e-06
 Reference value :  8.89214e-06
 Reference value :  8.93812e-06
 Reference value :  8.98410e-06
 Reference value :  9.02829e-06
 Reference value :  9.07657e-06
 Reference value :  9.12255e-06
 Reference value :  9.16623e-06
 Reference value :  9.20991e-06
 Reference value :  9.25401e-06
 Reference value :  9.29769e-06
 Reference value :  9.34367e-06
 Reference value :  9.38735e-06
 Reference value :  9.43074e-06
 Reference value :  9.47518e-06
 Reference value :  9.51886e-06
 Reference value :  9.56484e-06
 Reference value :  9.60852e-06
 Reference value :  9.65368e-06
 Reference value :  9.69966e-06
 Reference value :  9.74334e-06
 Reference value :  9.78932e-06
 Reference value :  9.83530e-06
 Reference value :  9.87919e-06
 Reference value :  9.92287e-06
 Reference value :  9.96885e-06
 Reference value :  1.00125e-05
 Reference value :  1.00569e-05
 Reference value :  1.01052e-05
 Reference value :  1.01512e-05
 Reference value :  1.01972e-05
 Reference value :  1.02431e-05
 Reference value :  1.02843e-05
 Reference value :  1.03280e-05
 Reference value :  1.03740e-05
 Reference value :  1.04176e-05
 Reference value :  1.04643e-05
 Reference value :  1.05126e-05
 Reference value :  1.05586e-05
 Reference value :  1.06045e-05
 Reference value :  1.06528e-05
 Reference value :  1.06969e-05
 Reference value :  1.07429e-05
 Reference value :  1.07889e-05
 Reference value :  1.08348e-05
 Reference value :  1.08818e-05
 Reference value :  1.09278e-05
 Reference value :  1.09760e-05
 Reference value :  1.10197e-05
 Reference value :  1.10619e-05
 Reference value :  1.11098e-05
 Reference value :  1.11558e-05
 Reference value :  1.12018e-05
 Reference value :  1.12501e-05
 Reference value :  1.12969e-05
 Reference value :  1.13428e-05
 Reference value :  1.13888e-05
 Reference value :  1.14348e-05
 Reference value :  1.14789e-05
 Reference value :  1.15249e-05
 Reference value :  1.15709e-05
 Reference value :  1.16146e-05
 Reference value :  1.16651e-05
 Reference value :  1.17092e-05
 Reference value :  1.17575e-05
 Reference value :  1.18012e-05
 Reference value :  1.18449e-05
 Reference value :  1.18821e-05
 Reference value :  1.19281e-05
 Reference value :  1.19741e-05
 Reference value :  1.20154e-05
 Reference value :  1.20614e-05
 Reference value :  1.21063e-05
 Reference value :  1.21523e-05
 Reference value :  1.21983e-05
 Reference value :  1.22419e-05
 Reference value :  1.22826e-05
 Reference value :  1.23296e-05
 Reference value :  1.23756e-05
 Reference value :  1.24193e-05
 Reference value :  1.24653e-05
 Reference value :  1.25120e-05
 Reference value :  1.25557e-05
 Reference value :  1.25994e-05
 Reference value :  1.26431e-05
 Reference value :  1.26891e-05
 Reference value :  1.27301e-05
 Reference value :  1.27738e-05
 Reference value :  1.28197e-05
 Reference value :  1.28657e-05
 Reference value :  1.29147e-05
 Reference value :  1.29607e-05
 Reference value :  1.30067e-05
 Reference value :  1.30527e-05
 Reference value :  1.30963e-05
 Reference value :  1.31394e-05
 Reference value :  1.31831e-05
 Reference value :  1.32290e-05
 Reference value :  1.32750e-05
 Reference value :  1.33220e-05
 Reference value :  1.33679e-05
 Reference value :  1.34139e-05
 Reference value :  1.34599e-05
 Reference value :  1.35052e-05
 Reference value :  1.35566e-05
 Reference value :  1.36072e-05
 Reference value :  1.36578e-05
 Reference value :  1.37129e-05
 Reference value :  1.37617e-05
No. of Data Rows : 6067
vhold_min           =  1.32000e+00 at=  4.59800e-11
tfirst              =  8.76044e-07
t1                  =  8.41701e-06
t2                  =  8.82361e-06
t3                  =  9.23158e-06
t4                  =  9.63861e-06
t5                  =  1.00459e-05
t6                  =  1.04533e-05
t7                  =  1.08606e-05
t8                  =  1.12674e-05
t9                  =  1.16753e-05
t10                 =  1.20824e-05
t11                 =  1.24895e-05
t12                 =  1.28968e-05
idd_run             =  -1.08897e-05 from=  8.27600e-06 to=  1.37900e-05
vmax                =  1.33689e+00 at=  1.04560e-05
vmin                =  -1.53520e-02 at=  1.10604e-05
Note: Simulation executed from .control section 
Warning: m=xx on .subckt line will override multiplier m hierarchy!

Note: Starting dynamic gmin stepping
Note: Dynamic gmin stepping completed
Note: Starting dynamic gmin stepping
Note: Dynamic gmin stepping completed
