
Note: Compatibility modes selected: hs a


Circuit: * tt_analog_ring, code 8

Doing analysis at TEMP = 125.000000 and TNOM = 27.000000

Using SPARSE 1.3 as Direct Linear Solver
 Reference value :  0.00000e+00
No. of Data Rows : 1
idd_dis=1.4061E-05 vbp=0.722766 vbn=0.270306 clk_dis=1.08
Doing analysis at TEMP = 125.000000 and TNOM = 27.000000

Using SPARSE 1.3 as Direct Linear Solver

Initial Transient Solution
--------------------------

Node                                   Voltage
----                                   -------
vpwr                                      1.08
code[0]                                      0
code[1]                                      0
code[2]                                      0
code[3]                                   1.08
code[4]                                      0
code[5]                                      0
code[6]                                      0
code[7]                                      0
enable                                       0
xdut.vbp                              0.722766
clk_out                                   1.08
xdut.b1                             7.8112e-07
xdut.s3                            3.53951e-05
xdut.s2                                1.07999
xdut.n_126                             1.07998
xdut.s1                            3.53994e-05
xdut.n_125                             1.07999
xdut.s10                               1.07999
xdut.s6                                1.07999
xdut.s5                            3.53951e-05
xdut.n_128                             1.07999
xdut.s9                            3.53951e-05
xdut.n_133                             1.07999
xdut.s4                                1.07999
xdut.n_129                             1.07998
xdut.s8                                1.07999
xdut.n_132                             1.07998
xdut.s7                            3.53951e-05
xdut.n_130                             1.07998
xdut.n_127                             1.07999
xdut.n_131                             1.07999
xdut.s0                                1.07998
xdut.n_124                             1.07998
xdut.n_71                           3.4652e-05
xdut.n_72                          3.46479e-05
xdut.n_70                          6.11855e-06
xdut.n_77                          3.46479e-05
xdut.n_75                          6.11855e-06
xdut.n_73                          6.11855e-06
xdut.n_67                          6.11855e-06
xdut.n_76                          6.11855e-06
xdut.n_69                          3.46479e-05
xdut.n_74                          3.46479e-05
xdut.n_122                             1.07999
xdut.n_i1005                          0.912596
xdut.n_68                          1.40469e-05
xdut.vbn                              0.270306
ven#branch                         2.40829e-12
vc7#branch                         2.30104e-12
vc6#branch                         1.15052e-12
vc5#branch                         5.75261e-13
vc4#branch                          2.8763e-13
vc3#branch                         -9.0783e-10
vc2#branch                         7.19076e-14
vc1#branch                         3.59538e-14
vc0#branch                         1.79769e-14
vdd#branch                         -1.4061e-05

 Reference value :  0.00000e+00
 Reference value :  3.71504e-08
 Reference value :  7.47761e-08
 Reference value :  1.14382e-07
 Reference value :  1.57289e-07
 Reference value :  1.98010e-07
 Reference value :  2.18132e-07
 Reference value :  2.41235e-07
 Reference value :  2.65659e-07
 Reference value :  2.93249e-07
 Reference value :  3.17012e-07
 Reference value :  3.40116e-07
 Reference value :  3.65199e-07
 Reference value :  3.92924e-07
 Reference value :  4.17347e-07
 Reference value :  4.42431e-07
 Reference value :  4.68605e-07
 Reference value :  4.92788e-07
 Reference value :  5.17212e-07
 Reference value :  5.40975e-07
 Reference value :  5.67379e-07
 Reference value :  5.91143e-07
 Reference value :  6.14906e-07
 Reference value :  6.41310e-07
 Reference value :  6.65345e-07
 Reference value :  6.89769e-07
 Reference value :  7.13532e-07
 Reference value :  7.40597e-07
 Reference value :  7.65680e-07
 Reference value :  7.89444e-07
 Reference value :  8.12547e-07
 Reference value :  8.38477e-07
 Reference value :  8.63560e-07
 Reference value :  8.88644e-07
 Reference value :  9.16368e-07
 Reference value :  9.41440e-07
 Reference value :  9.65864e-07
 Reference value :  9.91608e-07
 Reference value :  1.01682e-06
 Reference value :  1.04191e-06
 Reference value :  1.06699e-06
 Reference value :  1.09339e-06
 Reference value :  1.11980e-06
 Reference value :  1.14356e-06
 Reference value :  1.16798e-06
 Reference value :  1.19405e-06
 Reference value :  1.21907e-06
 Reference value :  1.24349e-06
 Reference value :  1.26660e-06
 Reference value :  1.29430e-06
 Reference value :  1.31939e-06
 Reference value :  1.34183e-06
 Reference value :  1.36758e-06
 Reference value :  1.39008e-06
 Reference value :  1.41252e-06
 Reference value :  1.43629e-06
 Reference value :  1.46401e-06
 Reference value :  1.48910e-06
 Reference value :  1.50956e-06
 Reference value :  1.53134e-06
 Reference value :  1.55313e-06
 Reference value :  1.57873e-06
 Reference value :  1.60316e-06
 Reference value :  1.62626e-06
 Reference value :  1.65266e-06
 Reference value :  1.67445e-06
 Reference value :  1.69821e-06
 Reference value :  1.72263e-06
 Reference value :  1.74728e-06
 Reference value :  1.77237e-06
 Reference value :  1.79481e-06
 Reference value :  1.82187e-06
 Reference value :  1.84630e-06
 Reference value :  1.87072e-06
 Reference value :  1.89581e-06
 Reference value :  1.91927e-06
 Reference value :  1.94560e-06
 Reference value :  1.96738e-06
 Reference value :  1.99115e-06
 Reference value :  2.01755e-06
 Reference value :  2.04131e-06
 Reference value :  2.06508e-06
 Reference value :  2.08950e-06
 Reference value :  2.11614e-06
 Reference value :  2.14057e-06
 Reference value :  2.16367e-06
 Reference value :  2.19073e-06
 Reference value :  2.21513e-06
 Reference value :  2.24021e-06
 Reference value :  2.26463e-06
 Reference value :  2.29110e-06
 Reference value :  2.31487e-06
 Reference value :  2.33797e-06
 Reference value :  2.36503e-06
 Reference value :  2.38880e-06
 Reference value :  2.41388e-06
 Reference value :  2.43698e-06
 Reference value :  2.46254e-06
 Reference value :  2.48741e-06
 Reference value :  2.50919e-06
 Reference value :  2.53427e-06
 Reference value :  2.56198e-06
 Reference value :  2.58706e-06
 Reference value :  2.61017e-06
 Reference value :  2.63723e-06
 Reference value :  2.66170e-06
 Reference value :  2.68613e-06
 Reference value :  2.70989e-06
 Reference value :  2.73233e-06
 Reference value :  2.75874e-06
 Reference value :  2.78382e-06
 Reference value :  2.80363e-06
 Reference value :  2.82977e-06
 Reference value :  2.85485e-06
 Reference value :  2.87994e-06
 Reference value :  2.90568e-06
 Reference value :  2.93076e-06
 Reference value :  2.95057e-06
 Reference value :  2.96575e-06
 Reference value :  2.98093e-06
 Reference value :  2.99743e-06
 Reference value :  3.01297e-06
 Reference value :  3.02815e-06
 Reference value :  3.04267e-06
 Reference value :  3.05852e-06
 Reference value :  3.07370e-06
 Reference value :  3.09020e-06
 Reference value :  3.10604e-06
 Reference value :  3.12123e-06
 Reference value :  3.13641e-06
 Reference value :  3.15159e-06
 Reference value :  3.16677e-06
 Reference value :  3.18394e-06
 Reference value :  3.19873e-06
 Reference value :  3.21325e-06
 Reference value :  3.22711e-06
 Reference value :  3.23965e-06
 Reference value :  3.25219e-06
 Reference value :  3.26606e-06
 Reference value :  3.27992e-06
 Reference value :  3.29378e-06
 Reference value :  3.30764e-06
 Reference value :  3.32084e-06
 Reference value :  3.33602e-06
 Reference value :  3.34988e-06
 Reference value :  3.36507e-06
 Reference value :  3.37706e-06
 Reference value :  3.39026e-06
 Reference value :  3.40346e-06
 Reference value :  3.41666e-06
 Reference value :  3.42987e-06
 Reference value :  3.44373e-06
 Reference value :  3.45957e-06
 Reference value :  3.47409e-06
 Reference value :  3.48861e-06
 Reference value :  3.50314e-06
 Reference value :  3.51700e-06
 Reference value :  3.53020e-06
 Reference value :  3.54604e-06
 Reference value :  3.55951e-06
 Reference value :  3.57205e-06
 Reference value :  3.58591e-06
 Reference value :  3.59912e-06
 Reference value :  3.61298e-06
 Reference value :  3.62816e-06
 Reference value :  3.64334e-06
 Reference value :  3.65919e-06
 Reference value :  3.67371e-06
 Reference value :  3.68757e-06
 Reference value :  3.70143e-06
 Reference value :  3.71595e-06
 Reference value :  3.73165e-06
 Reference value :  3.74729e-06
 Reference value :  3.76115e-06
 Reference value :  3.77567e-06
 Reference value :  3.78954e-06
 Reference value :  3.80406e-06
 Reference value :  3.82056e-06
 Reference value :  3.83508e-06
 Reference value :  3.84961e-06
 Reference value :  3.86347e-06
 Reference value :  3.87799e-06
 Reference value :  3.89185e-06
 Reference value :  3.90835e-06
 Reference value :  3.92180e-06
 Reference value :  3.93501e-06
 Reference value :  3.94887e-06
No. of Data Rows : 6030
vhold_min           =  1.08000e+00 at=  1.50503e-09
tfirst              =  2.86009e-07
t1                  =  2.55418e-06
t2                  =  2.73543e-06
t3                  =  2.91672e-06
t4                  =  3.09802e-06
t5                  =  3.27933e-06
t6                  =  3.46058e-06
t7                  =  3.64187e-06
t8                  =  3.82318e-06
idd_run             =  -1.49185e-05 from=  2.37600e-06 to=  3.96000e-06
vmax                =  1.09572e+00 at=  2.55540e-06
vmin                =  -1.48688e-02 at=  3.36879e-06
Note: Simulation executed from .control section 
Warning: m=xx on .subckt line will override multiplier m hierarchy!

Note: Starting dynamic gmin stepping
Note: Dynamic gmin stepping completed
Note: Starting dynamic gmin stepping
Note: Dynamic gmin stepping completed

Error: measure  t9  when(WHEN) : out of interval
 meas tran t9 when v(clk_out)=5.400000e-01 rise=9 from=2.376000e-06 failed!


Error: measure  t10  when(WHEN) : out of interval
 meas tran t10 when v(clk_out)=5.400000e-01 rise=10 from=2.376000e-06 failed!


Error: measure  t11  when(WHEN) : out of interval
 meas tran t11 when v(clk_out)=5.400000e-01 rise=11 from=2.376000e-06 failed!


Error: measure  t12  when(WHEN) : out of interval
 meas tran t12 when v(clk_out)=5.400000e-01 rise=12 from=2.376000e-06 failed!

