
Note: No compatibility mode selected!


Circuit: * nand as inverter: a=1, pulse b

Doing analysis at TEMP = -40.000000 and TNOM = 27.000000

Using SPARSE 1.3 as Direct Linear Solver

Initial Transient Solution
--------------------------

Node                                   Voltage
----                                   -------
vpwr                                      1.08
code[0]                                   1.08
code[1]                                   1.08
code[2]                                   1.08
code[3]                                   1.08
code[4]                                   1.08
code[5]                                   1.08
code[6]                                   1.08
code[7]                                   1.08
vbp                                   0.335452
vbn                                   0.612307
a                                         1.08
p                                            0
xdrv.net1                                 1.08
b                                         1.08
xdrv.net2                          3.25224e-09
xnand.net1                                1.08
y                                  7.96066e-08
xnand.net2                         7.36452e-08
xnand.net3                         6.57948e-08
xload.net1                                1.08
z                                         1.08
xload.net2                         3.25224e-09
xload2.net1                               1.08
zz                                 2.44347e-08
xload2.net2                        2.02045e-08
vin#branch                         1.02471e-12
va#branch                         -1.30136e-12
vc7#branch                        -6.88392e-09
vc6#branch                        -3.43816e-09
vc5#branch                        -1.71528e-09
vc4#branch                        -8.53844e-10
vc3#branch                        -4.23124e-10
vc2#branch                        -2.07764e-10
vc1#branch                        -1.00084e-10
vc0#branch                        -4.62445e-11
vdd#branch                        -0.000477317

 Reference value :  8.51794e-11
 Reference value :  1.01288e-09
 Reference value :  1.79244e-09
 Reference value :  2.43400e-09
 Reference value :  3.33760e-09
 Reference value :  4.26831e-09
 Reference value :  4.97191e-09
 Reference value :  5.62551e-09
 Reference value :  6.55020e-09
 Reference value :  7.45982e-09
 Reference value :  8.08150e-09
 Reference value :  8.82546e-09
 Reference value :  9.75617e-09
 Reference value :  1.06387e-08
 Reference value :  1.12369e-08
 Reference value :  1.20049e-08
 Reference value :  1.29206e-08
 Reference value :  1.37410e-08
 Reference value :  1.43585e-08
 Reference value :  1.52169e-08
 Reference value :  1.61266e-08
 Reference value :  1.68814e-08
 Reference value :  1.74988e-08
No. of Data Rows : 6046
tin_f               =  7.72513e-09
tout_r              =  7.94757e-09
tin_r               =  1.07553e-08
tout_f              =  1.09616e-08
tplh=2.22437E-10 tphl=2.0621E-10
Note: Simulation executed from .control section 
Note: Starting dynamic gmin stepping
Note: Dynamic gmin stepping completed
