
Note: No compatibility mode selected!


Circuit: * tt_analog_ring, code 128

Doing analysis at TEMP = 27.000000 and TNOM = 27.000000

Using SPARSE 1.3 as Direct Linear Solver
 Reference value :  0.00000e+00
No. of Data Rows : 1
idd_dis=0.000330023 vbp=0.55717 vbn=0.499059 clk_dis=1.2
Doing analysis at TEMP = 27.000000 and TNOM = 27.000000

Using SPARSE 1.3 as Direct Linear Solver

Initial Transient Solution
--------------------------

Node                                   Voltage
----                                   -------
vpwr                                       1.2
code[0]                                      0
code[1]                                      0
code[2]                                      0
code[3]                                      0
code[4]                                      0
code[5]                                      0
code[6]                                      0
code[7]                                    1.2
enable                                       0
xdut.vbp                               0.55717
xdut.vbn                              0.499059
xdut.n0                             2.4588e-07
xdut.p0                                    1.2
xdut.na0                               1.04854
xdut.s0                                    1.2
xdut.s10                                   1.2
xdut.n1                            6.69067e-07
xdut.p1                                    1.2
xdut.s1                            7.62929e-07
xdut.n2                            7.90422e-08
xdut.p2                                    1.2
xdut.s2                                    1.2
xdut.n3                            5.91635e-07
xdut.p3                                    1.2
xdut.s3                            6.77746e-07
xdut.n4                            1.22158e-07
xdut.p4                                    1.2
xdut.s4                                    1.2
xdut.n5                            7.54264e-07
xdut.p5                                    1.2
xdut.s5                            8.62499e-07
xdut.n6                            2.08515e-07
xdut.p6                                    1.2
xdut.s6                                    1.2
xdut.n7                            9.68392e-07
xdut.p7                                    1.2
xdut.s7                            1.12299e-06
xdut.n8                             7.0335e-08
xdut.p8                                    1.2
xdut.s8                                    1.2
xdut.n9                            5.29983e-07
xdut.p9                                    1.2
xdut.s9                            5.99868e-07
xdut.n10                           5.21756e-08
xdut.p10                                   1.2
xdut.b1                            1.39077e-07
clk_out                                    1.2
ven#branch                         7.45357e-12
vc7#branch                        -5.85144e-08
vc6#branch                         8.59629e-13
vc5#branch                         4.28464e-13
vc4#branch                         2.15309e-13
vc3#branch                         1.08543e-13
vc2#branch                         5.33434e-14
vc1#branch                         2.76698e-14
vc0#branch                         1.35709e-14
vdd#branch                        -0.000330023

 Reference value :  0.00000e+00
 Reference value :  9.96161e-10
 Reference value :  2.23056e-09
 Reference value :  3.43410e-09
 Reference value :  4.60678e-09
 Reference value :  5.84118e-09
 Reference value :  7.04472e-09
 Reference value :  8.24826e-09
 Reference value :  9.30529e-09
 Reference value :  9.96077e-09
 Reference value :  1.05780e-08
 Reference value :  1.12569e-08
 Reference value :  1.19667e-08
 Reference value :  1.26456e-08
 Reference value :  1.32628e-08
 Reference value :  1.39109e-08
 Reference value :  1.45898e-08
 Reference value :  1.52378e-08
 Reference value :  1.58550e-08
 Reference value :  1.65648e-08
 Reference value :  1.72437e-08
 Reference value :  1.78918e-08
 Reference value :  1.85399e-08
 Reference value :  1.92188e-08
 Reference value :  1.98977e-08
 Reference value :  2.05458e-08
 Reference value :  2.12247e-08
 Reference value :  2.19345e-08
 Reference value :  2.26134e-08
 Reference value :  2.32614e-08
 Reference value :  2.39404e-08
 Reference value :  2.45884e-08
 Reference value :  2.52365e-08
 Reference value :  2.59463e-08
 Reference value :  2.66252e-08
 Reference value :  2.72732e-08
 Reference value :  2.79213e-08
 Reference value :  2.86311e-08
 Reference value :  2.92791e-08
 Reference value :  2.99272e-08
 Reference value :  3.06061e-08
 Reference value :  3.13159e-08
 Reference value :  3.19948e-08
 Reference value :  3.26120e-08
 Reference value :  3.33218e-08
 Reference value :  3.39390e-08
 Reference value :  3.45870e-08
 Reference value :  3.52660e-08
 Reference value :  3.59757e-08
 Reference value :  3.66547e-08
 Reference value :  3.73027e-08
 Reference value :  3.80125e-08
 Reference value :  3.86297e-08
 Reference value :  3.93086e-08
 Reference value :  3.99875e-08
 Reference value :  4.06973e-08
 Reference value :  4.13454e-08
 Reference value :  4.19934e-08
 Reference value :  4.27032e-08
 Reference value :  4.33204e-08
 Reference value :  4.39993e-08
 Reference value :  4.47091e-08
 Reference value :  4.54189e-08
 Reference value :  4.60670e-08
 Reference value :  4.67150e-08
 Reference value :  4.74248e-08
 Reference value :  4.80729e-08
 Reference value :  4.87518e-08
 Reference value :  4.94924e-08
 Reference value :  5.02331e-08
 Reference value :  5.09120e-08
 Reference value :  5.15600e-08
 Reference value :  5.22698e-08
 Reference value :  5.29179e-08
 Reference value :  5.35351e-08
 Reference value :  5.42140e-08
 Reference value :  5.49238e-08
 Reference value :  5.56027e-08
 Reference value :  5.62816e-08
 Reference value :  5.69605e-08
 Reference value :  5.76086e-08
 Reference value :  5.82875e-08
 Reference value :  5.89973e-08
 Reference value :  5.96762e-08
 Reference value :  6.03243e-08
 Reference value :  6.10032e-08
 Reference value :  6.17130e-08
 Reference value :  6.23610e-08
 Reference value :  6.30091e-08
 Reference value :  6.37189e-08
 Reference value :  6.43978e-08
 Reference value :  6.50150e-08
 Reference value :  6.56939e-08
 Reference value :  6.63420e-08
 Reference value :  6.69900e-08
 Reference value :  6.76072e-08
 Reference value :  6.83170e-08
 Reference value :  6.89959e-08
 Reference value :  6.96440e-08
 Reference value :  7.02921e-08
 Reference value :  7.09710e-08
 Reference value :  7.16190e-08
 Reference value :  7.22671e-08
 Reference value :  7.29460e-08
 Reference value :  7.36558e-08
 Reference value :  7.43347e-08
 Reference value :  7.49828e-08
 Reference value :  7.56926e-08
 Reference value :  7.63406e-08
 Reference value :  7.69887e-08
 Reference value :  7.76985e-08
 Reference value :  7.84082e-08
 Reference value :  7.90872e-08
 Reference value :  7.97661e-08
 Reference value :  8.05067e-08
 Reference value :  8.11548e-08
 Reference value :  8.18337e-08
 Reference value :  8.25126e-08
 Reference value :  8.31916e-08
 Reference value :  8.38705e-08
 Reference value :  8.45185e-08
 Reference value :  8.51975e-08
 Reference value :  8.58147e-08
 Reference value :  8.64627e-08
 Reference value :  8.71416e-08
 Reference value :  8.78514e-08
 Reference value :  8.85303e-08
 Reference value :  8.91784e-08
 Reference value :  8.98573e-08
 Reference value :  9.05054e-08
 Reference value :  9.11534e-08
 Reference value :  9.18324e-08
 Reference value :  9.25421e-08
 Reference value :  9.32211e-08
 Reference value :  9.38691e-08
 Reference value :  9.45789e-08
 Reference value :  9.52270e-08
 Reference value :  9.58750e-08
 Reference value :  9.65848e-08
 Reference value :  9.72637e-08
 Reference value :  9.79426e-08
 Reference value :  9.86216e-08
 Reference value :  9.93005e-08
 Reference value :  9.99794e-08
 Reference value :  1.00627e-07
 Reference value :  1.01306e-07
 Reference value :  1.01985e-07
 Reference value :  1.02633e-07
 Reference value :  1.03281e-07
 Reference value :  1.03991e-07
 Reference value :  1.04639e-07
 Reference value :  1.05287e-07
 Reference value :  1.05966e-07
 Reference value :  1.06676e-07
 Reference value :  1.07324e-07
 Reference value :  1.07972e-07
 Reference value :  1.08651e-07
 Reference value :  1.09299e-07
 Reference value :  1.09947e-07
 Reference value :  1.10626e-07
 Reference value :  1.11336e-07
 Reference value :  1.12015e-07
 Reference value :  1.12632e-07
 Reference value :  1.13311e-07
 Reference value :  1.13959e-07
 Reference value :  1.14576e-07
 Reference value :  1.15286e-07
 Reference value :  1.15996e-07
 Reference value :  1.16644e-07
 Reference value :  1.17292e-07
 Reference value :  1.17971e-07
 Reference value :  1.18588e-07
 Reference value :  1.19267e-07
 Reference value :  1.19946e-07
 Reference value :  1.20686e-07
 Reference value :  1.21335e-07
 Reference value :  1.21952e-07
 Reference value :  1.22661e-07
 Reference value :  1.23279e-07
 Reference value :  1.23927e-07
 Reference value :  1.24637e-07
 Reference value :  1.25346e-07
 Reference value :  1.26025e-07
 Reference value :  1.26673e-07
 Reference value :  1.27383e-07
 Reference value :  1.28031e-07
 Reference value :  1.28710e-07
 Reference value :  1.29389e-07
 Reference value :  1.30099e-07
 Reference value :  1.30747e-07
 Reference value :  1.31395e-07
 Reference value :  1.32105e-07
 Reference value :  1.32753e-07
 Reference value :  1.33370e-07
 Reference value :  1.34018e-07
 Reference value :  1.34728e-07
 Reference value :  1.35407e-07
 Reference value :  1.36055e-07
 Reference value :  1.36765e-07
 Reference value :  1.37413e-07
 Reference value :  1.38091e-07
 Reference value :  1.38770e-07
 Reference value :  1.39480e-07
 Reference value :  1.40190e-07
 Reference value :  1.40869e-07
 Reference value :  1.41579e-07
 Reference value :  1.42258e-07
 Reference value :  1.42906e-07
 Reference value :  1.43615e-07
 Reference value :  1.44325e-07
 Reference value :  1.45004e-07
 Reference value :  1.45652e-07
 Reference value :  1.46362e-07
 Reference value :  1.47010e-07
 Reference value :  1.47689e-07
 Reference value :  1.48399e-07
 Reference value :  1.49139e-07
 Reference value :  1.49787e-07
 Reference value :  1.50435e-07
 Reference value :  1.51145e-07
 Reference value :  1.51793e-07
 Reference value :  1.52411e-07
 Reference value :  1.53151e-07
 Reference value :  1.53830e-07
 Reference value :  1.54478e-07
 Reference value :  1.55126e-07
 Reference value :  1.55805e-07
 Reference value :  1.56453e-07
 Reference value :  1.57132e-07
 Reference value :  1.57842e-07
 Reference value :  1.58552e-07
 Reference value :  1.59200e-07
 Reference value :  1.59848e-07
 Reference value :  1.60558e-07
 Reference value :  1.61236e-07
 Reference value :  1.61885e-07
 Reference value :  1.62625e-07
 Reference value :  1.63273e-07
 Reference value :  1.63921e-07
 Reference value :  1.64569e-07
 Reference value :  1.65248e-07
 Reference value :  1.65896e-07
 Reference value :  1.66544e-07
 Reference value :  1.67285e-07
 Reference value :  1.67964e-07
 Reference value :  1.68612e-07
 Reference value :  1.69260e-07
 Reference value :  1.69939e-07
 Reference value :  1.70556e-07
 Reference value :  1.71204e-07
 Reference value :  1.71852e-07
 Reference value :  1.72562e-07
 Reference value :  1.73241e-07
 Reference value :  1.73889e-07
 Reference value :  1.74599e-07
 Reference value :  1.75216e-07
 Reference value :  1.75864e-07
 Reference value :  1.76605e-07
 Reference value :  1.77284e-07
 Reference value :  1.77963e-07
 Reference value :  1.78611e-07
 Reference value :  1.79290e-07
 Reference value :  1.79938e-07
 Reference value :  1.80586e-07
 Reference value :  1.81265e-07
 Reference value :  1.81974e-07
 Reference value :  1.82622e-07
 Reference value :  1.83301e-07
 Reference value :  1.84011e-07
 Reference value :  1.84659e-07
No. of Data Rows : 6015
vhold_min           =  1.20000e+00 at=  1.32081e-10
tfirst              =  1.21382e-08
t1                  =  1.13280e-07
t2                  =  1.17986e-07
t3                  =  1.22691e-07
t4                  =  1.27396e-07
t5                  =  1.32102e-07
t6                  =  1.36807e-07
t7                  =  1.41512e-07
t8                  =  1.46218e-07
t9                  =  1.50923e-07
t10                 =  1.55629e-07
t11                 =  1.60334e-07
t12                 =  1.65040e-07
idd_run             =  -3.45023e-04 from=  1.11100e-07 to=  1.85200e-07
vmax                =  1.21136e+00 at=  1.62563e-07
vmin                =  -7.81638e-03 at=  1.60187e-07
Note: Simulation executed from .control section 
Note: Starting dynamic gmin stepping
Note: Dynamic gmin stepping completed
Note: Starting dynamic gmin stepping
Note: Dynamic gmin stepping completed
