
Note: Compatibility modes selected: hs a


Circuit: * tt_analog_ring, code 255

Doing analysis at TEMP = 27.000000 and TNOM = 27.000000

Using SPARSE 1.3 as Direct Linear Solver
 Reference value :  0.00000e+00
No. of Data Rows : 1
idd_dis=0.000582116 vbp=0.461105 vbn=0.574819 clk_dis=1.2
Doing analysis at TEMP = 27.000000 and TNOM = 27.000000

Using SPARSE 1.3 as Direct Linear Solver

Initial Transient Solution
--------------------------

Node                                   Voltage
----                                   -------
vpwr                                       1.2
code[0]                                    1.2
code[1]                                    1.2
code[2]                                    1.2
code[3]                                    1.2
code[4]                                    1.2
code[5]                                    1.2
code[6]                                    1.2
code[7]                                    1.2
enable                                       0
xdut.vbp                              0.461105
clk_out                                    1.2
xdut.b1                            1.69126e-07
xdut.s3                            6.39564e-07
xdut.s2                                    1.2
xdut.n_126                                 1.2
xdut.s1                             5.6467e-07
xdut.n_125                                 1.2
xdut.s10                                   1.2
xdut.s6                                    1.2
xdut.s5                            5.79777e-07
xdut.n_128                                 1.2
xdut.s9                            4.64922e-07
xdut.n_133                                 1.2
xdut.s4                                    1.2
xdut.n_129                                 1.2
xdut.s8                                    1.2
xdut.n_132                                 1.2
xdut.s7                            5.55336e-07
xdut.n_130                                 1.2
xdut.n_127                                 1.2
xdut.n_131                                 1.2
xdut.s0                                    1.2
xdut.n_124                                 1.2
xdut.n_71                          4.66779e-07
xdut.n_72                          4.59263e-07
xdut.n_70                          4.75873e-08
xdut.n_77                          5.32478e-07
xdut.n_75                          1.22955e-07
xdut.n_73                          8.17955e-08
xdut.n_67                           1.1476e-07
xdut.n_76                          9.14049e-08
xdut.n_69                           3.8746e-07
xdut.n_74                          4.85165e-07
xdut.n_122                                 1.2
xdut.n_i1005                           1.00636
xdut.n_68                          1.97012e-07
xdut.vbn                              0.574819
ven#branch                         7.43855e-12
vc7#branch                        -6.39036e-08
vc6#branch                        -3.19194e-08
vc5#branch                        -1.60046e-08
vc4#branch                        -8.01951e-09
vc3#branch                        -3.96999e-09
vc2#branch                        -1.97668e-09
vc1#branch                        -9.92647e-10
vc0#branch                        -4.90075e-10
vdd#branch                        -0.000582116

 Reference value :  0.00000e+00
 Reference value :  1.41684e-09
 Reference value :  3.06340e-09
 Reference value :  4.75012e-09
 Reference value :  6.43684e-09
 Reference value :  8.12356e-09
 Reference value :  9.81028e-09
 Reference value :  1.14970e-08
 Reference value :  1.24914e-08
 Reference value :  1.34150e-08
 Reference value :  1.43387e-08
 Reference value :  1.54230e-08
 Reference value :  1.63467e-08
 Reference value :  1.73106e-08
 Reference value :  1.83949e-08
 Reference value :  1.93587e-08
 Reference value :  2.03226e-08
 Reference value :  2.13667e-08
 Reference value :  2.23306e-08
 Reference value :  2.32141e-08
 Reference value :  2.40976e-08
 Reference value :  2.50213e-08
 Reference value :  2.59048e-08
 Reference value :  2.67482e-08
 Reference value :  2.76718e-08
 Reference value :  2.84750e-08
 Reference value :  2.93184e-08
 Reference value :  3.02421e-08
 Reference value :  3.11256e-08
 Reference value :  3.19690e-08
 Reference value :  3.28123e-08
 Reference value :  3.37762e-08
 Reference value :  3.46195e-08
 Reference value :  3.54629e-08
 Reference value :  3.63866e-08
 Reference value :  3.72701e-08
 Reference value :  3.81536e-08
 Reference value :  3.90371e-08
 Reference value :  3.99608e-08
 Reference value :  4.07238e-08
 Reference value :  4.14869e-08
 Reference value :  4.22901e-08
 Reference value :  4.32539e-08
 Reference value :  4.42178e-08
 Reference value :  4.52218e-08
 Reference value :  4.61856e-08
 Reference value :  4.71494e-08
 Reference value :  4.80731e-08
 Reference value :  4.90771e-08
 Reference value :  4.99606e-08
 Reference value :  5.08843e-08
 Reference value :  5.19285e-08
 Reference value :  5.28522e-08
 Reference value :  5.38160e-08
 Reference value :  5.48602e-08
 Reference value :  5.58642e-08
 Reference value :  5.69083e-08
 Reference value :  5.79525e-08
 Reference value :  5.89163e-08
 Reference value :  5.98400e-08
 Reference value :  6.08842e-08
 Reference value :  6.16874e-08
 Reference value :  6.24906e-08
 Reference value :  6.33339e-08
 Reference value :  6.42174e-08
 Reference value :  6.50608e-08
 Reference value :  6.59042e-08
 Reference value :  6.68680e-08
 Reference value :  6.77114e-08
 Reference value :  6.85547e-08
 Reference value :  6.94784e-08
 Reference value :  7.04021e-08
 Reference value :  7.12856e-08
 Reference value :  7.21290e-08
 Reference value :  7.31330e-08
 Reference value :  7.39362e-08
 Reference value :  7.47394e-08
 Reference value :  7.56229e-08
 Reference value :  7.65064e-08
 Reference value :  7.73899e-08
 Reference value :  7.82333e-08
 Reference value :  7.91971e-08
 Reference value :  7.99602e-08
 Reference value :  8.07634e-08
 Reference value :  8.16469e-08
 Reference value :  8.25706e-08
 Reference value :  8.34139e-08
 Reference value :  8.42573e-08
 Reference value :  8.52613e-08
 Reference value :  8.61448e-08
 Reference value :  8.70283e-08
 Reference value :  8.79922e-08
 Reference value :  8.88757e-08
 Reference value :  8.97190e-08
 Reference value :  9.05222e-08
 Reference value :  9.14459e-08
 Reference value :  9.22491e-08
 Reference value :  9.30925e-08
 Reference value :  9.40162e-08
 Reference value :  9.49398e-08
 Reference value :  9.58635e-08
 Reference value :  9.68274e-08
 Reference value :  9.78314e-08
 Reference value :  9.87550e-08
 Reference value :  9.97189e-08
 Reference value :  1.00763e-07
 Reference value :  1.01727e-07
 Reference value :  1.02691e-07
 Reference value :  1.03735e-07
 Reference value :  1.04699e-07
 Reference value :  1.05663e-07
 Reference value :  1.06747e-07
 Reference value :  1.07711e-07
 Reference value :  1.08594e-07
 Reference value :  1.09638e-07
 Reference value :  1.10562e-07
 Reference value :  1.11486e-07
 Reference value :  1.12570e-07
 Reference value :  1.13534e-07
 Reference value :  1.14498e-07
 Reference value :  1.15582e-07
 Reference value :  1.16506e-07
 Reference value :  1.17470e-07
 Reference value :  1.18474e-07
 Reference value :  1.19437e-07
 Reference value :  1.20361e-07
 Reference value :  1.21365e-07
 Reference value :  1.22329e-07
 Reference value :  1.23253e-07
 Reference value :  1.24257e-07
 Reference value :  1.25220e-07
 Reference value :  1.26144e-07
 Reference value :  1.26988e-07
 Reference value :  1.27951e-07
 Reference value :  1.28755e-07
 Reference value :  1.29598e-07
 Reference value :  1.30522e-07
 Reference value :  1.31405e-07
 Reference value :  1.32289e-07
 Reference value :  1.33132e-07
 Reference value :  1.34096e-07
 Reference value :  1.34939e-07
 Reference value :  1.35783e-07
 Reference value :  1.36746e-07
 Reference value :  1.37630e-07
 Reference value :  1.38433e-07
 Reference value :  1.39276e-07
 Reference value :  1.40160e-07
 Reference value :  1.41003e-07
 Reference value :  1.41847e-07
 Reference value :  1.42730e-07
 Reference value :  1.43574e-07
 Reference value :  1.44377e-07
 Reference value :  1.45140e-07
 Reference value :  1.46064e-07
 Reference value :  1.46867e-07
 Reference value :  1.47670e-07
 Reference value :  1.48553e-07
 Reference value :  1.49397e-07
 Reference value :  1.50240e-07
 Reference value :  1.51043e-07
 Reference value :  1.52047e-07
 Reference value :  1.52851e-07
 Reference value :  1.53694e-07
 Reference value :  1.54577e-07
 Reference value :  1.55421e-07
 Reference value :  1.56224e-07
 Reference value :  1.57027e-07
 Reference value :  1.57991e-07
 Reference value :  1.58794e-07
 Reference value :  1.59638e-07
 Reference value :  1.60521e-07
 Reference value :  1.61485e-07
 Reference value :  1.62328e-07
 Reference value :  1.63172e-07
 Reference value :  1.64095e-07
 Reference value :  1.64899e-07
 Reference value :  1.65702e-07
 Reference value :  1.66545e-07
 Reference value :  1.67469e-07
 Reference value :  1.68272e-07
 Reference value :  1.69075e-07
 Reference value :  1.69999e-07
 Reference value :  1.70842e-07
 Reference value :  1.71645e-07
 Reference value :  1.72408e-07
 Reference value :  1.73292e-07
 Reference value :  1.74095e-07
 Reference value :  1.74898e-07
 Reference value :  1.75702e-07
 Reference value :  1.76625e-07
 Reference value :  1.77428e-07
 Reference value :  1.78232e-07
 Reference value :  1.79115e-07
 Reference value :  1.79918e-07
 Reference value :  1.80762e-07
 Reference value :  1.81565e-07
 Reference value :  1.82569e-07
 Reference value :  1.83452e-07
 Reference value :  1.84376e-07
 Reference value :  1.85420e-07
 Reference value :  1.86344e-07
 Reference value :  1.87268e-07
 Reference value :  1.88272e-07
 Reference value :  1.89236e-07
 Reference value :  1.90159e-07
 Reference value :  1.91163e-07
 Reference value :  1.92087e-07
 Reference value :  1.93011e-07
 Reference value :  1.93934e-07
 Reference value :  1.94938e-07
 Reference value :  1.95862e-07
 Reference value :  1.96786e-07
 Reference value :  1.97830e-07
 Reference value :  1.98753e-07
 Reference value :  1.99677e-07
 Reference value :  2.00721e-07
 Reference value :  2.01645e-07
 Reference value :  2.02569e-07
 Reference value :  2.03613e-07
 Reference value :  2.04536e-07
 Reference value :  2.05460e-07
 Reference value :  2.06464e-07
 Reference value :  2.07388e-07
 Reference value :  2.08312e-07
 Reference value :  2.09275e-07
 Reference value :  2.10239e-07
 Reference value :  2.11123e-07
 Reference value :  2.12046e-07
 Reference value :  2.13050e-07
 Reference value :  2.13974e-07
 Reference value :  2.14898e-07
 Reference value :  2.15982e-07
 Reference value :  2.16906e-07
 Reference value :  2.17829e-07
 Reference value :  2.18874e-07
 Reference value :  2.19797e-07
 Reference value :  2.20721e-07
 Reference value :  2.21725e-07
 Reference value :  2.22649e-07
 Reference value :  2.23532e-07
 Reference value :  2.24416e-07
 Reference value :  2.25259e-07
 Reference value :  2.26022e-07
 Reference value :  2.26865e-07
 Reference value :  2.27869e-07
 Reference value :  2.28833e-07
 Reference value :  2.29797e-07
 Reference value :  2.30801e-07
 Reference value :  2.31685e-07
 Reference value :  2.32568e-07
 Reference value :  2.33532e-07
 Reference value :  2.34496e-07
 Reference value :  2.35420e-07
 Reference value :  2.36343e-07
 Reference value :  2.37347e-07
 Reference value :  2.38231e-07
 Reference value :  2.39114e-07
 Reference value :  2.40118e-07
 Reference value :  2.41000e-07
No. of Data Rows : 6014
vhold_min           =  1.20000e+00 at=  2.92365e-10
tfirst              =  1.55000e-08
t1                  =  1.46085e-07
t2                  =  1.52159e-07
t3                  =  1.58233e-07
t4                  =  1.64306e-07
t5                  =  1.70379e-07
t6                  =  1.76452e-07
t7                  =  1.82526e-07
t8                  =  1.88599e-07
t9                  =  1.94672e-07
t10                 =  2.00745e-07
t11                 =  2.06819e-07
t12                 =  2.12893e-07
idd_run             =  -5.99908e-04 from=  1.44600e-07 to=  2.41000e-07
vmax                =  1.20874e+00 at=  2.21805e-07
vmin                =  -6.16753e-03 at=  2.00561e-07
Note: Simulation executed from .control section 
Warning: m=xx on .subckt line will override multiplier m hierarchy!

Note: Starting dynamic gmin stepping
Note: Dynamic gmin stepping completed
Note: Starting dynamic gmin stepping
Note: Dynamic gmin stepping completed
