
Note: No compatibility mode selected!


Circuit: * tt_analog_ring, code 255

Doing analysis at TEMP = 27.000000 and TNOM = 27.000000

Using SPARSE 1.3 as Direct Linear Solver
 Reference value :  0.00000e+00
No. of Data Rows : 1
idd_dis=0.000581641 vbp=0.460184 vbn=0.572765 clk_dis=1.2
Doing analysis at TEMP = 27.000000 and TNOM = 27.000000

Using SPARSE 1.3 as Direct Linear Solver

Initial Transient Solution
--------------------------

Node                                   Voltage
----                                   -------
vpwr                                       1.2
code[0]                                    1.2
code[1]                                    1.2
code[2]                                    1.2
code[3]                                    1.2
code[4]                                    1.2
code[5]                                    1.2
code[6]                                    1.2
code[7]                                    1.2
enable                                       0
xdut.vbp                              0.460184
xdut.vbn                              0.572765
xdut.n0                            1.48534e-07
xdut.p0                                    1.2
xdut.na0                               1.02731
xdut.s0                                    1.2
xdut.s10                                   1.2
xdut.n1                            5.00917e-07
xdut.p1                                    1.2
xdut.s1                            6.04128e-07
xdut.n2                            8.24563e-08
xdut.p2                                    1.2
xdut.s2                                    1.2
xdut.n3                            4.96936e-07
xdut.p3                                    1.2
xdut.s3                            5.92059e-07
xdut.n4                            1.49829e-07
xdut.p4                                    1.2
xdut.s4                                    1.2
xdut.n5                            4.36711e-07
xdut.p5                                    1.2
xdut.s5                            5.19574e-07
xdut.n6                             8.7218e-08
xdut.p6                                    1.2
xdut.s6                                    1.2
xdut.n7                            4.74063e-07
xdut.p7                                    1.2
xdut.s7                            5.71776e-07
xdut.n8                            4.07459e-08
xdut.p8                                    1.2
xdut.s8                                    1.2
xdut.n9                            2.90874e-07
xdut.p9                                    1.2
xdut.s9                            3.47406e-07
xdut.n10                           5.16042e-08
xdut.p10                                   1.2
xdut.b1                            1.54089e-07
clk_out                                    1.2
ven#branch                         7.51558e-12
vc7#branch                        -6.37645e-08
vc6#branch                        -3.20254e-08
vc5#branch                        -1.59232e-08
vc4#branch                        -7.97365e-09
vc3#branch                        -4.00654e-09
vc2#branch                        -1.98031e-09
vc1#branch                        -9.98949e-10
vc0#branch                        -4.90609e-10
vdd#branch                        -0.000581641

 Reference value :  0.00000e+00
 Reference value :  6.48182e-10
 Reference value :  1.45138e-09
 Reference value :  2.27466e-09
 Reference value :  3.03770e-09
 Reference value :  3.84090e-09
 Reference value :  4.62402e-09
 Reference value :  5.42722e-09
 Reference value :  6.09428e-09
 Reference value :  6.51556e-09
 Reference value :  6.93724e-09
 Reference value :  7.37900e-09
 Reference value :  7.88100e-09
 Reference value :  8.32276e-09
 Reference value :  8.74444e-09
 Reference value :  9.16612e-09
 Reference value :  9.62796e-09
 Reference value :  1.00697e-08
 Reference value :  1.05115e-08
 Reference value :  1.09934e-08
 Reference value :  1.14151e-08
 Reference value :  1.18568e-08
 Reference value :  1.22986e-08
 Reference value :  1.27002e-08
 Reference value :  1.31420e-08
 Reference value :  1.36038e-08
 Reference value :  1.40857e-08
 Reference value :  1.45275e-08
 Reference value :  1.49492e-08
 Reference value :  1.54110e-08
 Reference value :  1.58528e-08
 Reference value :  1.62945e-08
 Reference value :  1.67965e-08
 Reference value :  1.72584e-08
 Reference value :  1.77001e-08
 Reference value :  1.81419e-08
 Reference value :  1.86037e-08
 Reference value :  1.90455e-08
 Reference value :  1.94872e-08
 Reference value :  1.99892e-08
 Reference value :  2.04310e-08
 Reference value :  2.08527e-08
 Reference value :  2.12944e-08
 Reference value :  2.17362e-08
 Reference value :  2.21780e-08
 Reference value :  2.26398e-08
 Reference value :  2.31418e-08
 Reference value :  2.36036e-08
 Reference value :  2.40052e-08
 Reference value :  2.44872e-08
 Reference value :  2.49490e-08
 Reference value :  2.53707e-08
 Reference value :  2.58325e-08
 Reference value :  2.62944e-08
 Reference value :  2.67361e-08
 Reference value :  2.71779e-08
 Reference value :  2.76196e-08
 Reference value :  2.80614e-08
 Reference value :  2.84831e-08
 Reference value :  2.90052e-08
 Reference value :  2.94469e-08
 Reference value :  2.98686e-08
 Reference value :  3.03304e-08
 Reference value :  3.07722e-08
 Reference value :  3.12340e-08
 Reference value :  3.16758e-08
 Reference value :  3.21577e-08
 Reference value :  3.25995e-08
 Reference value :  3.30011e-08
 Reference value :  3.34629e-08
 Reference value :  3.39047e-08
 Reference value :  3.43264e-08
 Reference value :  3.47882e-08
 Reference value :  3.52701e-08
 Reference value :  3.57119e-08
 Reference value :  3.61336e-08
 Reference value :  3.65753e-08
 Reference value :  3.70171e-08
 Reference value :  3.74388e-08
 Reference value :  3.79207e-08
 Reference value :  3.83825e-08
 Reference value :  3.88243e-08
 Reference value :  3.92460e-08
 Reference value :  3.97078e-08
 Reference value :  4.01496e-08
 Reference value :  4.05712e-08
 Reference value :  4.10532e-08
 Reference value :  4.14949e-08
 Reference value :  4.18965e-08
 Reference value :  4.23182e-08
 Reference value :  4.27800e-08
 Reference value :  4.32218e-08
 Reference value :  4.36435e-08
 Reference value :  4.41656e-08
 Reference value :  4.45872e-08
 Reference value :  4.50089e-08
 Reference value :  4.54908e-08
 Reference value :  4.59326e-08
 Reference value :  4.63744e-08
 Reference value :  4.68362e-08
 Reference value :  4.73181e-08
 Reference value :  4.77599e-08
 Reference value :  4.81816e-08
 Reference value :  4.86434e-08
 Reference value :  4.90852e-08
 Reference value :  4.95269e-08
 Reference value :  5.00088e-08
 Reference value :  5.04707e-08
 Reference value :  5.09325e-08
 Reference value :  5.13743e-08
 Reference value :  5.18160e-08
 Reference value :  5.22779e-08
 Reference value :  5.26996e-08
 Reference value :  5.32016e-08
 Reference value :  5.36232e-08
 Reference value :  5.40650e-08
 Reference value :  5.45469e-08
 Reference value :  5.49887e-08
 Reference value :  5.54304e-08
 Reference value :  5.59124e-08
 Reference value :  5.63742e-08
 Reference value :  5.68160e-08
 Reference value :  5.72778e-08
 Reference value :  5.77597e-08
 Reference value :  5.82015e-08
 Reference value :  5.86633e-08
 Reference value :  5.91452e-08
 Reference value :  5.95870e-08
 Reference value :  6.00288e-08
 Reference value :  6.04705e-08
 Reference value :  6.09123e-08
 Reference value :  6.13540e-08
 Reference value :  6.17958e-08
 Reference value :  6.23179e-08
 Reference value :  6.27596e-08
 Reference value :  6.32014e-08
 Reference value :  6.36833e-08
 Reference value :  6.41251e-08
 Reference value :  6.45668e-08
 Reference value :  6.50688e-08
 Reference value :  6.55307e-08
 Reference value :  6.59925e-08
 Reference value :  6.64343e-08
 Reference value :  6.68961e-08
 Reference value :  6.73379e-08
 Reference value :  6.77796e-08
 Reference value :  6.82816e-08
 Reference value :  6.87234e-08
 Reference value :  6.91652e-08
 Reference value :  6.96471e-08
 Reference value :  7.00888e-08
 Reference value :  7.05306e-08
 Reference value :  7.10125e-08
 Reference value :  7.14744e-08
 Reference value :  7.19161e-08
 Reference value :  7.23378e-08
 Reference value :  7.27996e-08
 Reference value :  7.32615e-08
 Reference value :  7.36832e-08
 Reference value :  7.42052e-08
 Reference value :  7.46470e-08
 Reference value :  7.50888e-08
 Reference value :  7.55506e-08
 Reference value :  7.59924e-08
 Reference value :  7.64341e-08
 Reference value :  7.68960e-08
 Reference value :  7.73980e-08
 Reference value :  7.78397e-08
 Reference value :  7.82815e-08
 Reference value :  7.87634e-08
 Reference value :  7.92052e-08
 Reference value :  7.96469e-08
 Reference value :  8.01489e-08
 Reference value :  8.05907e-08
 Reference value :  8.10525e-08
 Reference value :  8.14943e-08
 Reference value :  8.19561e-08
 Reference value :  8.23979e-08
 Reference value :  8.28396e-08
 Reference value :  8.33416e-08
 Reference value :  8.38035e-08
 Reference value :  8.42252e-08
 Reference value :  8.47071e-08
 Reference value :  8.51488e-08
 Reference value :  8.55906e-08
 Reference value :  8.60725e-08
 Reference value :  8.65344e-08
 Reference value :  8.69761e-08
 Reference value :  8.74179e-08
 Reference value :  8.78596e-08
 Reference value :  8.83014e-08
 Reference value :  8.87432e-08
 Reference value :  8.92251e-08
 Reference value :  8.96869e-08
 Reference value :  9.01287e-08
 Reference value :  9.05704e-08
 Reference value :  9.10323e-08
 Reference value :  9.14740e-08
 Reference value :  9.19158e-08
 Reference value :  9.23977e-08
 Reference value :  9.28395e-08
 Reference value :  9.32812e-08
 Reference value :  9.37230e-08
 Reference value :  9.41447e-08
 Reference value :  9.45864e-08
 Reference value :  9.50483e-08
 Reference value :  9.55101e-08
 Reference value :  9.59519e-08
 Reference value :  9.63736e-08
 Reference value :  9.68555e-08
 Reference value :  9.72972e-08
 Reference value :  9.77390e-08
 Reference value :  9.82209e-08
 Reference value :  9.86627e-08
 Reference value :  9.90844e-08
 Reference value :  9.95261e-08
 Reference value :  9.99880e-08
 Reference value :  1.00410e-07
 Reference value :  1.00871e-07
 Reference value :  1.01373e-07
 Reference value :  1.01795e-07
 Reference value :  1.02237e-07
 Reference value :  1.02699e-07
 Reference value :  1.03141e-07
 Reference value :  1.03582e-07
 Reference value :  1.04044e-07
 Reference value :  1.04506e-07
 Reference value :  1.04928e-07
 Reference value :  1.05349e-07
 Reference value :  1.05811e-07
 Reference value :  1.06233e-07
 Reference value :  1.06655e-07
 Reference value :  1.07136e-07
 Reference value :  1.07598e-07
 Reference value :  1.08020e-07
 Reference value :  1.08442e-07
 Reference value :  1.08903e-07
 Reference value :  1.09365e-07
 Reference value :  1.09807e-07
 Reference value :  1.10309e-07
 Reference value :  1.10751e-07
 Reference value :  1.11173e-07
 Reference value :  1.11614e-07
 Reference value :  1.12096e-07
 Reference value :  1.12518e-07
 Reference value :  1.12980e-07
 Reference value :  1.13482e-07
 Reference value :  1.13923e-07
 Reference value :  1.14345e-07
 Reference value :  1.14787e-07
 Reference value :  1.15229e-07
 Reference value :  1.15650e-07
 Reference value :  1.16112e-07
 Reference value :  1.16574e-07
 Reference value :  1.16996e-07
 Reference value :  1.17417e-07
 Reference value :  1.17899e-07
 Reference value :  1.18341e-07
 Reference value :  1.18803e-07
 Reference value :  1.19265e-07
 Reference value :  1.19707e-07
 Reference value :  1.20128e-07
No. of Data Rows : 6015
vhold_min           =  1.20000e+00 at=  1.06022e-10
tfirst              =  7.93699e-09
t1                  =  7.26701e-08
t2                  =  7.56827e-08
t3                  =  7.86952e-08
t4                  =  8.17077e-08
t5                  =  8.47203e-08
t6                  =  8.77329e-08
t7                  =  9.07454e-08
t8                  =  9.37580e-08
t9                  =  9.67707e-08
t10                 =  9.97833e-08
t11                 =  1.02796e-07
t12                 =  1.05809e-07
idd_run             =  -6.04603e-04 from=  7.22900e-08 to=  1.20500e-07
vmax                =  1.21627e+00 at=  9.51888e-08
vmin                =  -1.14591e-02 at=  7.85827e-08
Note: Simulation executed from .control section 
Note: Starting dynamic gmin stepping
Note: Dynamic gmin stepping completed
Note: Starting dynamic gmin stepping
Note: Dynamic gmin stepping completed
