
Note: No compatibility mode selected!


Circuit: * nand as inverter: a=1, pulse b

Doing analysis at TEMP = 27.000000 and TNOM = 27.000000

Using SPARSE 1.3 as Direct Linear Solver

Initial Transient Solution
--------------------------

Node                                   Voltage
----                                   -------
vpwr                                      1.32
code[0]                                      0
code[1]                                      0
code[2]                                      0
code[3]                                      0
code[4]                                   1.32
code[5]                                      0
code[6]                                      0
code[7]                                      0
vbp                                   0.882125
vbn                                   0.390304
a                                         1.32
p                                            0
xdrv.net1                                 1.32
b                                         1.32
xdrv.net2                           5.9955e-08
xnand.net1                             1.31999
y                                  1.21979e-05
xnand.net2                         1.19549e-05
xnand.net3                         1.16957e-05
xload.net1                                1.32
z                                         1.32
xload.net2                         5.99738e-08
xload2.net1                               1.32
zz                                  5.1872e-06
xload2.net2                        4.96601e-06
vin#branch                         1.80291e-11
va#branch                         -1.59882e-11
vc7#branch                         3.53898e-12
vc6#branch                         1.76946e-12
vc5#branch                         8.84703e-13
vc4#branch                        -6.85449e-09
vc3#branch                         2.21134e-13
vc2#branch                         1.10539e-13
vc1#branch                         5.52419e-14
vc0#branch                         2.75932e-14
vdd#branch                        -5.78668e-05

 Reference value :  5.49588e-10
 Reference value :  8.67959e-09
 Reference value :  1.55918e-08
 Reference value :  2.16622e-08
 Reference value :  2.98464e-08
 Reference value :  3.80849e-08
 Reference value :  4.42866e-08
 Reference value :  5.17391e-08
 Reference value :  6.01130e-08
 Reference value :  6.80032e-08
 Reference value :  7.34503e-08
 Reference value :  8.12822e-08
 Reference value :  8.94935e-08
 Reference value :  9.65624e-08
 Reference value :  1.02470e-07
 Reference value :  1.10682e-07
 Reference value :  1.18974e-07
 Reference value :  1.25347e-07
 Reference value :  1.32203e-07
 Reference value :  1.40469e-07
 Reference value :  1.48951e-07
 Reference value :  1.54367e-07
 Reference value :  1.62144e-07
No. of Data Rows : 6044
tin_f               =  6.88115e-08
tout_r              =  7.01776e-08
tin_r               =  9.60765e-08
tout_f              =  9.73720e-08
tplh=1.3661E-09 tphl=1.29554E-09
Note: Simulation executed from .control section 
Note: Starting dynamic gmin stepping
Note: Dynamic gmin stepping completed
