
Note: No compatibility mode selected!


Circuit: * nand as inverter: a=1, pulse b

Doing analysis at TEMP = 125.000000 and TNOM = 27.000000

Using SPARSE 1.3 as Direct Linear Solver

Initial Transient Solution
--------------------------

Node                                   Voltage
----                                   -------
vpwr                                       1.2
code[0]                                      0
code[1]                                      0
code[2]                                      0
code[3]                                      0
code[4]                                      0
code[5]                                      0
code[6]                                      0
code[7]                                      0
vbp                                   0.952263
vbn                                   0.156589
a                                          1.2
p                                            0
xdrv.net1                              1.19982
b                                      1.19982
xdrv.net2                          0.000161826
xnand.net1                             1.19891
y                                   0.00118773
xnand.net2                          0.00118378
xnand.net3                          0.00117981
xload.net1                             1.19983
z                                      1.19982
xload.net2                         0.000165835
xload2.net1                            1.19945
zz                                 0.000588627
xload2.net2                        0.000584641
vin#branch                         1.19665e-11
va#branch                         -2.58937e-11
vc7#branch                         2.69622e-11
vc6#branch                         1.34777e-11
vc5#branch                         6.73539e-12
vc4#branch                         3.36425e-12
vc3#branch                         1.67868e-12
vc2#branch                         8.35894e-13
vc1#branch                         4.14502e-13
vc0#branch                         2.03806e-13
vdd#branch                        -4.46712e-06

 Reference value :  1.74449e-08
 Reference value :  9.79841e-08
 Reference value :  1.60520e-07
 Reference value :  2.23688e-07
 Reference value :  3.05280e-07
 Reference value :  3.85819e-07
 Reference value :  4.40878e-07
 Reference value :  5.10626e-07
 Reference value :  5.90639e-07
 Reference value :  6.63659e-07
 Reference value :  7.19720e-07
 Reference value :  7.94995e-07
 Reference value :  8.74745e-07
 Reference value :  9.40332e-07
 Reference value :  9.99552e-07
 Reference value :  1.07877e-06
 Reference value :  1.15931e-06
 Reference value :  1.21891e-06
 Reference value :  1.28524e-06
 Reference value :  1.36604e-06
 Reference value :  1.44605e-06
 Reference value :  1.49927e-06
 Reference value :  1.57349e-06
No. of Data Rows : 6065
tin_f               =  6.66097e-07
tout_r              =  6.88737e-07
tin_r               =  9.35885e-07
tout_f              =  9.49619e-07
tplh=2.26399E-08 tphl=1.37338E-08
Note: Simulation executed from .control section 
