
Note: No compatibility mode selected!


Circuit: * tt_analog_ring, code 255

Doing analysis at TEMP = 27.000000 and TNOM = 27.000000

Using SPARSE 1.3 as Direct Linear Solver
 Reference value :  0.00000e+00
No. of Data Rows : 1
idd_dis=0.000582857 vbp=0.460426 vbn=0.56622 clk_dis=1.2
Doing analysis at TEMP = 27.000000 and TNOM = 27.000000

Using SPARSE 1.3 as Direct Linear Solver

Initial Transient Solution
--------------------------

Node                                   Voltage
----                                   -------
vpwr                                       1.2
code[0]                                    1.2
code[1]                                    1.2
code[2]                                    1.2
code[3]                                    1.2
code[4]                                    1.2
code[5]                                    1.2
code[6]                                    1.2
code[7]                                    1.2
enable                                       0
xdut.vbp                              0.460426
xdut.vbn                               0.56622
xdut.n0                            1.37048e-07
xdut.p0                                    1.2
xdut.na0                                1.0147
xdut.s0                                    1.2
xdut.s10                                   1.2
xdut.n1                            3.84512e-07
xdut.p1                                    1.2
xdut.s1                            4.56258e-07
xdut.n2                            6.06882e-08
xdut.p2                                    1.2
xdut.s2                                    1.2
xdut.n3                            4.90926e-07
xdut.p3                                    1.2
xdut.s3                            5.83239e-07
xdut.n4                            2.10214e-07
xdut.p4                                    1.2
xdut.s4                                    1.2
xdut.n5                            4.26127e-07
xdut.p5                                    1.2
xdut.s5                            5.08874e-07
xdut.n6                            7.00834e-08
xdut.p6                                    1.2
xdut.s6                                    1.2
xdut.n7                            4.68619e-07
xdut.p7                                    1.2
xdut.s7                            5.57131e-07
xdut.n8                            8.21462e-08
xdut.p8                                    1.2
xdut.s8                                    1.2
xdut.n9                            3.78035e-07
xdut.p9                                    1.2
xdut.s9                            4.51821e-07
xdut.n10                           9.98519e-08
xdut.p10                                   1.2
xdut.b1                            1.55419e-07
clk_out                                    1.2
ven#branch                           7.495e-12
vc7#branch                        -6.40031e-08
vc6#branch                        -3.20305e-08
vc5#branch                        -1.60452e-08
vc4#branch                        -7.97611e-09
vc3#branch                        -4.00599e-09
vc2#branch                        -2.00155e-09
vc1#branch                        -9.90992e-10
vc0#branch                        -4.96673e-10
vdd#branch                        -0.000582857

 Reference value :  0.00000e+00
 Reference value :  6.48182e-10
 Reference value :  1.45138e-09
 Reference value :  2.23450e-09
 Reference value :  3.03770e-09
 Reference value :  3.82082e-09
 Reference value :  4.60394e-09
 Reference value :  5.40714e-09
 Reference value :  6.07420e-09
 Reference value :  6.51556e-09
 Reference value :  6.95732e-09
 Reference value :  7.41916e-09
 Reference value :  7.90108e-09
 Reference value :  8.34284e-09
 Reference value :  8.78460e-09
 Reference value :  9.22636e-09
 Reference value :  9.68820e-09
 Reference value :  1.01300e-08
 Reference value :  1.05918e-08
 Reference value :  1.10938e-08
 Reference value :  1.15356e-08
 Reference value :  1.19773e-08
 Reference value :  1.24392e-08
 Reference value :  1.29010e-08
 Reference value :  1.33428e-08
 Reference value :  1.37644e-08
 Reference value :  1.42664e-08
 Reference value :  1.47082e-08
 Reference value :  1.51500e-08
 Reference value :  1.56319e-08
 Reference value :  1.60937e-08
 Reference value :  1.65355e-08
 Reference value :  1.69772e-08
 Reference value :  1.74592e-08
 Reference value :  1.79411e-08
 Reference value :  1.83828e-08
 Reference value :  1.88447e-08
 Reference value :  1.92864e-08
 Reference value :  1.97081e-08
 Reference value :  2.01700e-08
 Reference value :  2.06519e-08
 Reference value :  2.10936e-08
 Reference value :  2.15153e-08
 Reference value :  2.19972e-08
 Reference value :  2.24390e-08
 Reference value :  2.28808e-08
 Reference value :  2.33426e-08
 Reference value :  2.38245e-08
 Reference value :  2.42864e-08
 Reference value :  2.47281e-08
 Reference value :  2.52100e-08
 Reference value :  2.56518e-08
 Reference value :  2.61136e-08
 Reference value :  2.65554e-08
 Reference value :  2.70172e-08
 Reference value :  2.74590e-08
 Reference value :  2.79008e-08
 Reference value :  2.83827e-08
 Reference value :  2.88445e-08
 Reference value :  2.93064e-08
 Reference value :  2.97883e-08
 Reference value :  3.02300e-08
 Reference value :  3.06718e-08
 Reference value :  3.11336e-08
 Reference value :  3.16156e-08
 Reference value :  3.20372e-08
 Reference value :  3.24790e-08
 Reference value :  3.29609e-08
 Reference value :  3.33826e-08
 Reference value :  3.38244e-08
 Reference value :  3.42862e-08
 Reference value :  3.47681e-08
 Reference value :  3.51898e-08
 Reference value :  3.56516e-08
 Reference value :  3.61536e-08
 Reference value :  3.65954e-08
 Reference value :  3.70372e-08
 Reference value :  3.75191e-08
 Reference value :  3.79809e-08
 Reference value :  3.84227e-08
 Reference value :  3.88845e-08
 Reference value :  3.93664e-08
 Reference value :  3.98082e-08
 Reference value :  4.02500e-08
 Reference value :  4.07118e-08
 Reference value :  4.11536e-08
 Reference value :  4.16154e-08
 Reference value :  4.20572e-08
 Reference value :  4.25391e-08
 Reference value :  4.29808e-08
 Reference value :  4.34226e-08
 Reference value :  4.38844e-08
 Reference value :  4.43262e-08
 Reference value :  4.48081e-08
 Reference value :  4.52700e-08
 Reference value :  4.57318e-08
 Reference value :  4.61736e-08
 Reference value :  4.66153e-08
 Reference value :  4.70772e-08
 Reference value :  4.74988e-08
 Reference value :  4.79406e-08
 Reference value :  4.84225e-08
 Reference value :  4.89044e-08
 Reference value :  4.93462e-08
 Reference value :  4.97880e-08
 Reference value :  5.02900e-08
 Reference value :  5.07518e-08
 Reference value :  5.11735e-08
 Reference value :  5.16554e-08
 Reference value :  5.21172e-08
 Reference value :  5.25590e-08
 Reference value :  5.30008e-08
 Reference value :  5.34827e-08
 Reference value :  5.39244e-08
 Reference value :  5.43662e-08
 Reference value :  5.48883e-08
 Reference value :  5.53100e-08
 Reference value :  5.57517e-08
 Reference value :  5.62136e-08
 Reference value :  5.66553e-08
 Reference value :  5.70971e-08
 Reference value :  5.75388e-08
 Reference value :  5.80408e-08
 Reference value :  5.84826e-08
 Reference value :  5.89043e-08
 Reference value :  5.93460e-08
 Reference value :  5.98280e-08
 Reference value :  6.02496e-08
 Reference value :  6.07115e-08
 Reference value :  6.11934e-08
 Reference value :  6.16352e-08
 Reference value :  6.20568e-08
 Reference value :  6.24986e-08
 Reference value :  6.29604e-08
 Reference value :  6.34022e-08
 Reference value :  6.38440e-08
 Reference value :  6.43058e-08
 Reference value :  6.47275e-08
 Reference value :  6.51692e-08
 Reference value :  6.56311e-08
 Reference value :  6.61130e-08
 Reference value :  6.65548e-08
 Reference value :  6.69965e-08
 Reference value :  6.74784e-08
 Reference value :  6.79202e-08
 Reference value :  6.83820e-08
 Reference value :  6.88439e-08
 Reference value :  6.93057e-08
 Reference value :  6.97475e-08
 Reference value :  7.01892e-08
 Reference value :  7.06712e-08
 Reference value :  7.11129e-08
 Reference value :  7.15547e-08
 Reference value :  7.19964e-08
 Reference value :  7.24583e-08
 Reference value :  7.29000e-08
 Reference value :  7.33418e-08
 Reference value :  7.38438e-08
 Reference value :  7.42856e-08
 Reference value :  7.47474e-08
 Reference value :  7.52293e-08
 Reference value :  7.56711e-08
 Reference value :  7.61128e-08
 Reference value :  7.65747e-08
 Reference value :  7.70365e-08
 Reference value :  7.74984e-08
 Reference value :  7.79401e-08
 Reference value :  7.84421e-08
 Reference value :  7.88839e-08
 Reference value :  7.93256e-08
 Reference value :  7.98076e-08
 Reference value :  8.02694e-08
 Reference value :  8.07312e-08
 Reference value :  8.11931e-08
 Reference value :  8.16750e-08
 Reference value :  8.21168e-08
 Reference value :  8.25384e-08
 Reference value :  8.30204e-08
 Reference value :  8.34621e-08
 Reference value :  8.39039e-08
 Reference value :  8.43456e-08
 Reference value :  8.48075e-08
 Reference value :  8.52492e-08
 Reference value :  8.56709e-08
 Reference value :  8.61528e-08
 Reference value :  8.66147e-08
 Reference value :  8.70564e-08
 Reference value :  8.75183e-08
 Reference value :  8.79801e-08
 Reference value :  8.84420e-08
 Reference value :  8.88837e-08
 Reference value :  8.93656e-08
 Reference value :  8.98275e-08
 Reference value :  9.02692e-08
 Reference value :  9.07311e-08
 Reference value :  9.12130e-08
 Reference value :  9.16548e-08
 Reference value :  9.20965e-08
 Reference value :  9.26186e-08
 Reference value :  9.30604e-08
 Reference value :  9.35021e-08
 Reference value :  9.39840e-08
 Reference value :  9.44258e-08
 Reference value :  9.48475e-08
 Reference value :  9.53093e-08
 Reference value :  9.58113e-08
 Reference value :  9.62732e-08
 Reference value :  9.67149e-08
 Reference value :  9.72169e-08
 Reference value :  9.76587e-08
 Reference value :  9.81205e-08
 Reference value :  9.86024e-08
 Reference value :  9.90643e-08
 Reference value :  9.95261e-08
 Reference value :  9.99880e-08
 Reference value :  1.00470e-07
 Reference value :  1.00912e-07
 Reference value :  1.01353e-07
 Reference value :  1.01855e-07
 Reference value :  1.02297e-07
 Reference value :  1.02739e-07
 Reference value :  1.03221e-07
 Reference value :  1.03663e-07
 Reference value :  1.04084e-07
 Reference value :  1.04526e-07
 Reference value :  1.05028e-07
 Reference value :  1.05470e-07
 Reference value :  1.05932e-07
 Reference value :  1.06393e-07
 Reference value :  1.06855e-07
 Reference value :  1.07297e-07
 Reference value :  1.07739e-07
 Reference value :  1.08241e-07
 Reference value :  1.08683e-07
 Reference value :  1.09144e-07
 Reference value :  1.09626e-07
 Reference value :  1.10088e-07
 Reference value :  1.10510e-07
 Reference value :  1.10952e-07
 Reference value :  1.11434e-07
 Reference value :  1.11875e-07
 Reference value :  1.12337e-07
 Reference value :  1.12839e-07
 Reference value :  1.13281e-07
 Reference value :  1.13703e-07
 Reference value :  1.14164e-07
 Reference value :  1.14646e-07
 Reference value :  1.15088e-07
 Reference value :  1.15530e-07
 Reference value :  1.16012e-07
 Reference value :  1.16454e-07
 Reference value :  1.16915e-07
 Reference value :  1.17377e-07
 Reference value :  1.17839e-07
 Reference value :  1.18281e-07
 Reference value :  1.18703e-07
 Reference value :  1.19205e-07
 Reference value :  1.19646e-07
 Reference value :  1.20088e-07
No. of Data Rows : 6015
vhold_min           =  1.20000e+00 at=  1.26102e-10
tfirst              =  7.92420e-09
t1                  =  7.53135e-08
t2                  =  7.84471e-08
t3                  =  8.15808e-08
t4                  =  8.47144e-08
t5                  =  8.78481e-08
t6                  =  9.09817e-08
t7                  =  9.41153e-08
t8                  =  9.72489e-08
t9                  =  1.00383e-07
t10                 =  1.03516e-07
t11                 =  1.06650e-07
t12                 =  1.09783e-07
idd_run             =  -6.04717e-04 from=  7.22900e-08 to=  1.20500e-07
vmax                =  1.21504e+00 at=  8.92853e-08
vmin                =  -1.05457e-02 at=  1.00269e-07
Note: Simulation executed from .control section 
Note: Starting dynamic gmin stepping
Note: Dynamic gmin stepping completed
Note: Starting dynamic gmin stepping
Note: Dynamic gmin stepping completed
