
Note: No compatibility mode selected!


Circuit: * tt_analog_ring, code 4

Doing analysis at TEMP = 27.000000 and TNOM = 27.000000

Using SPARSE 1.3 as Direct Linear Solver
 Reference value :  0.00000e+00
No. of Data Rows : 1
idd_dis=1.26587E-05 vbp=0.72748 vbn=0.315119 clk_dis=1.08
Doing analysis at TEMP = 27.000000 and TNOM = 27.000000

Using SPARSE 1.3 as Direct Linear Solver

Initial Transient Solution
--------------------------

Node                                   Voltage
----                                   -------
vpwr                                      1.08
code[0]                                      0
code[1]                                      0
code[2]                                   1.08
code[3]                                      0
code[4]                                      0
code[5]                                      0
code[6]                                      0
code[7]                                      0
enable                                       0
xdut.vbp                               0.72748
xdut.vbn                              0.315119
xdut.n0                            3.79542e-07
xdut.p0                                   1.08
xdut.na0                              0.909253
xdut.s0                                   1.08
xdut.s10                                  1.08
xdut.n1                            1.41834e-05
xdut.p1                                1.07999
xdut.s1                            1.44615e-05
xdut.n2                            1.64118e-07
xdut.p2                                   1.08
xdut.s2                                   1.08
xdut.n3                            1.41833e-05
xdut.p3                                1.07999
xdut.s3                            1.44613e-05
xdut.n4                            1.64118e-07
xdut.p4                                   1.08
xdut.s4                                   1.08
xdut.n5                            1.41833e-05
xdut.p5                                1.07999
xdut.s5                            1.44613e-05
xdut.n6                            1.64118e-07
xdut.p6                                   1.08
xdut.s6                                   1.08
xdut.n7                            1.41833e-05
xdut.p7                                1.07999
xdut.s7                            1.44613e-05
xdut.n8                            1.64118e-07
xdut.p8                                   1.08
xdut.s8                                   1.08
xdut.n9                            1.41833e-05
xdut.p9                                1.07999
xdut.s9                            1.44613e-05
xdut.n10                           1.64118e-07
xdut.p10                                  1.08
xdut.b1                            3.80112e-07
clk_out                                   1.08
ven#branch                         8.80239e-12
vc7#branch                         1.78487e-12
vc6#branch                         8.92436e-13
vc5#branch                         4.46218e-13
vc4#branch                         2.23109e-13
vc3#branch                         1.11554e-13
vc2#branch                        -5.01676e-10
vc1#branch                         2.78886e-14
vc0#branch                         1.39443e-14
vdd#branch                        -1.26587e-05

 Reference value :  0.00000e+00
 Reference value :  1.80833e-08
 Reference value :  4.10515e-08
 Reference value :  6.45799e-08
 Reference value :  8.58675e-08
 Reference value :  1.07715e-07
 Reference value :  1.30123e-07
 Reference value :  1.51411e-07
 Reference value :  1.68221e-07
 Reference value :  1.78612e-07
 Reference value :  1.90377e-07
 Reference value :  2.01581e-07
 Reference value :  2.13905e-07
 Reference value :  2.24580e-07
 Reference value :  2.36905e-07
 Reference value :  2.48669e-07
 Reference value :  2.60433e-07
 Reference value :  2.71445e-07
 Reference value :  2.82649e-07
 Reference value :  2.94413e-07
 Reference value :  3.06177e-07
 Reference value :  3.17941e-07
 Reference value :  3.28712e-07
 Reference value :  3.40476e-07
 Reference value :  3.52800e-07
 Reference value :  3.64564e-07
 Reference value :  3.75575e-07
 Reference value :  3.87340e-07
 Reference value :  3.99104e-07
 Reference value :  4.10308e-07
 Reference value :  4.21519e-07
 Reference value :  4.33843e-07
 Reference value :  4.46168e-07
 Reference value :  4.57932e-07
 Reference value :  4.70256e-07
 Reference value :  4.80117e-07
 Reference value :  4.91881e-07
 Reference value :  5.03085e-07
 Reference value :  5.15410e-07
 Reference value :  5.26310e-07
 Reference value :  5.38074e-07
 Reference value :  5.49839e-07
 Reference value :  5.62163e-07
 Reference value :  5.72576e-07
 Reference value :  5.84341e-07
 Reference value :  5.96105e-07
 Reference value :  6.07869e-07
 Reference value :  6.19633e-07
 Reference value :  6.30312e-07
 Reference value :  6.42076e-07
 Reference value :  6.53840e-07
 Reference value :  6.65605e-07
 Reference value :  6.76613e-07
 Reference value :  6.87817e-07
 Reference value :  6.99581e-07
 Reference value :  7.10225e-07
 Reference value :  7.21843e-07
 Reference value :  7.33338e-07
 Reference value :  7.45662e-07
 Reference value :  7.57426e-07
 Reference value :  7.69191e-07
 Reference value :  7.80192e-07
 Reference value :  7.92516e-07
 Reference value :  8.03720e-07
 Reference value :  8.14924e-07
 Reference value :  8.26138e-07
 Reference value :  8.37902e-07
 Reference value :  8.49106e-07
 Reference value :  8.60310e-07
 Reference value :  8.72074e-07
 Reference value :  8.82497e-07
 Reference value :  8.94261e-07
 Reference value :  9.05465e-07
 Reference value :  9.17229e-07
 Reference value :  9.28706e-07
 Reference value :  9.40470e-07
 Reference value :  9.52234e-07
 Reference value :  9.63999e-07
 Reference value :  9.74404e-07
 Reference value :  9.86168e-07
 Reference value :  9.97932e-07
 Reference value :  1.00970e-06
 Reference value :  1.02202e-06
 Reference value :  1.03270e-06
 Reference value :  1.04390e-06
 Reference value :  1.05567e-06
 Reference value :  1.06687e-06
 Reference value :  1.07733e-06
 Reference value :  1.08853e-06
 Reference value :  1.09973e-06
 Reference value :  1.11150e-06
 Reference value :  1.12317e-06
 Reference value :  1.13456e-06
 Reference value :  1.14633e-06
 Reference value :  1.15809e-06
 Reference value :  1.16986e-06
 Reference value :  1.18088e-06
 Reference value :  1.19209e-06
 Reference value :  1.20329e-06
 Reference value :  1.21450e-06
 Reference value :  1.22571e-06
 Reference value :  1.23747e-06
 Reference value :  1.24980e-06
 Reference value :  1.26100e-06
 Reference value :  1.27389e-06
 Reference value :  1.28431e-06
 Reference value :  1.29607e-06
 Reference value :  1.30784e-06
 Reference value :  1.32016e-06
 Reference value :  1.33050e-06
 Reference value :  1.34283e-06
 Reference value :  1.35459e-06
 Reference value :  1.36635e-06
 Reference value :  1.37677e-06
 Reference value :  1.38853e-06
 Reference value :  1.40029e-06
 Reference value :  1.41262e-06
 Reference value :  1.42472e-06
 Reference value :  1.43674e-06
 Reference value :  1.44795e-06
 Reference value :  1.45971e-06
 Reference value :  1.47148e-06
 Reference value :  1.48248e-06
 Reference value :  1.49425e-06
 Reference value :  1.50601e-06
 Reference value :  1.51722e-06
 Reference value :  1.52744e-06
 Reference value :  1.53865e-06
 Reference value :  1.55097e-06
 Reference value :  1.56217e-06
 Reference value :  1.57394e-06
 Reference value :  1.58438e-06
 Reference value :  1.59615e-06
 Reference value :  1.60791e-06
 Reference value :  1.61967e-06
 Reference value :  1.63145e-06
 Reference value :  1.64321e-06
 Reference value :  1.65498e-06
 Reference value :  1.66730e-06
 Reference value :  1.67828e-06
 Reference value :  1.69005e-06
 Reference value :  1.70181e-06
 Reference value :  1.71414e-06
 Reference value :  1.72637e-06
 Reference value :  1.73794e-06
 Reference value :  1.74970e-06
 Reference value :  1.76091e-06
 Reference value :  1.77267e-06
 Reference value :  1.78308e-06
 Reference value :  1.79484e-06
 Reference value :  1.80660e-06
 Reference value :  1.81837e-06
 Reference value :  1.82961e-06
 Reference value :  1.84137e-06
 Reference value :  1.85313e-06
 Reference value :  1.86490e-06
 Reference value :  1.87722e-06
 Reference value :  1.88712e-06
 Reference value :  1.89888e-06
 Reference value :  1.90953e-06
 Reference value :  1.92185e-06
 Reference value :  1.93203e-06
 Reference value :  1.94379e-06
 Reference value :  1.95500e-06
 Reference value :  1.96676e-06
 Reference value :  1.97842e-06
 Reference value :  1.99012e-06
 Reference value :  2.00188e-06
 Reference value :  2.01365e-06
 Reference value :  2.02597e-06
 Reference value :  2.03718e-06
 Reference value :  2.04895e-06
 Reference value :  2.06127e-06
 Reference value :  2.07304e-06
 Reference value :  2.08346e-06
 Reference value :  2.09522e-06
 Reference value :  2.10699e-06
 Reference value :  2.11875e-06
 Reference value :  2.13078e-06
 Reference value :  2.14254e-06
 Reference value :  2.15431e-06
 Reference value :  2.16495e-06
 Reference value :  2.17728e-06
 Reference value :  2.18769e-06
 Reference value :  2.20001e-06
 Reference value :  2.21121e-06
 Reference value :  2.22298e-06
 Reference value :  2.23365e-06
 Reference value :  2.24598e-06
 Reference value :  2.25774e-06
 Reference value :  2.26951e-06
 Reference value :  2.28051e-06
 Reference value :  2.29228e-06
 Reference value :  2.30404e-06
 Reference value :  2.31581e-06
 Reference value :  2.32757e-06
 Reference value :  2.33779e-06
 Reference value :  2.34899e-06
 Reference value :  2.36019e-06
 Reference value :  2.37196e-06
 Reference value :  2.38353e-06
 Reference value :  2.39529e-06
 Reference value :  2.40706e-06
 Reference value :  2.41882e-06
 Reference value :  2.43007e-06
 Reference value :  2.44180e-06
 Reference value :  2.45412e-06
 Reference value :  2.46533e-06
 Reference value :  2.47765e-06
 Reference value :  2.48807e-06
 Reference value :  2.49984e-06
 Reference value :  2.51104e-06
 Reference value :  2.52281e-06
 Reference value :  2.53372e-06
 Reference value :  2.54492e-06
 Reference value :  2.55669e-06
 Reference value :  2.56789e-06
 Reference value :  2.57966e-06
 Reference value :  2.59062e-06
 Reference value :  2.60239e-06
 Reference value :  2.61359e-06
 Reference value :  2.62648e-06
 Reference value :  2.63659e-06
 Reference value :  2.64836e-06
 Reference value :  2.65956e-06
 Reference value :  2.67132e-06
 Reference value :  2.68234e-06
 Reference value :  2.69410e-06
 Reference value :  2.70587e-06
 Reference value :  2.71707e-06
 Reference value :  2.72883e-06
 Reference value :  2.73959e-06
 Reference value :  2.75135e-06
 Reference value :  2.76256e-06
 Reference value :  2.77376e-06
 Reference value :  2.78534e-06
 Reference value :  2.79711e-06
 Reference value :  2.80887e-06
 Reference value :  2.82064e-06
 Reference value :  2.83189e-06
 Reference value :  2.84417e-06
 Reference value :  2.85650e-06
 Reference value :  2.86770e-06
 Reference value :  2.88003e-06
 Reference value :  2.89045e-06
 Reference value :  2.90221e-06
 Reference value :  2.91342e-06
 Reference value :  2.92574e-06
 Reference value :  2.93665e-06
 Reference value :  2.94842e-06
 Reference value :  2.96018e-06
 Reference value :  2.97251e-06
 Reference value :  2.98347e-06
 Reference value :  2.99524e-06
 Reference value :  3.00644e-06
 Reference value :  3.01821e-06
 Reference value :  3.03053e-06
 Reference value :  3.04177e-06
 Reference value :  3.05353e-06
 Reference value :  3.06529e-06
 Reference value :  3.07706e-06
 Reference value :  3.08751e-06
 Reference value :  3.09871e-06
 Reference value :  3.11104e-06
 Reference value :  3.12224e-06
 Reference value :  3.13313e-06
 Reference value :  3.14421e-06
 Reference value :  3.15653e-06
 Reference value :  3.16774e-06
 Reference value :  3.17950e-06
 Reference value :  3.18996e-06
 Reference value :  3.20172e-06
 Reference value :  3.21293e-06
 Reference value :  3.22469e-06
 Reference value :  3.23591e-06
 Reference value :  3.24767e-06
 Reference value :  3.25944e-06
 Reference value :  3.27120e-06
 Reference value :  3.28296e-06
 Reference value :  3.29339e-06
 Reference value :  3.30515e-06
 Reference value :  3.31691e-06
 Reference value :  3.32980e-06
 Reference value :  3.34015e-06
 Reference value :  3.35136e-06
No. of Data Rows : 6055
vhold_min           =  1.08000e+00 at=  8.96320e-11
tfirst              =  2.18535e-07
t1                  =  2.07824e-06
t2                  =  2.17865e-06
t3                  =  2.27916e-06
t4                  =  2.37955e-06
t5                  =  2.48006e-06
t6                  =  2.58047e-06
t7                  =  2.68098e-06
t8                  =  2.78137e-06
t9                  =  2.88187e-06
t10                 =  2.98228e-06
t11                 =  3.08279e-06
t12                 =  3.18318e-06
idd_run             =  -1.35672e-05 from=  2.01700e-06 to=  3.36100e-06
vmax                =  1.09899e+00 at=  2.58120e-06
vmin                =  -1.60805e-02 at=  2.83106e-06
Note: Simulation executed from .control section 
Note: Starting dynamic gmin stepping
Note: Dynamic gmin stepping completed
Note: Starting dynamic gmin stepping
Note: Dynamic gmin stepping completed
