
Note: Compatibility modes selected: hs a


Circuit: * tt_analog_ring, code 4

Doing analysis at TEMP = 125.000000 and TNOM = 27.000000

Using SPARSE 1.3 as Direct Linear Solver
 Reference value :  0.00000e+00
No. of Data Rows : 1
idd_dis=1.58059E-05 vbp=0.935792 vbn=0.164511 clk_dis=1.19999
Doing analysis at TEMP = 125.000000 and TNOM = 27.000000

Using SPARSE 1.3 as Direct Linear Solver

Initial Transient Solution
--------------------------

Node                                   Voltage
----                                   -------
vpwr                                       1.2
code[0]                                      0
code[1]                                      0
code[2]                                    1.2
code[3]                                      0
code[4]                                      0
code[5]                                      0
code[6]                                      0
code[7]                                      0
enable                                       0
xdut.vbp                              0.935792
clk_out                                1.19999
xdut.b1                             2.2999e-05
xdut.s3                             0.00108768
xdut.s2                                 1.1997
xdut.n_126                             1.19889
xdut.s1                              0.0010916
xdut.n_125                              1.1997
xdut.s10                                1.1997
xdut.s6                                 1.1997
xdut.s5                             0.00108768
xdut.n_128                              1.1997
xdut.s9                             0.00108768
xdut.n_133                              1.1997
xdut.s4                                 1.1997
xdut.n_129                             1.19889
xdut.s8                                 1.1997
xdut.n_132                             1.19889
xdut.s7                             0.00108768
xdut.n_130                             1.19889
xdut.n_127                              1.1997
xdut.n_131                              1.1997
xdut.s0                                1.19949
xdut.n_124                             1.19889
xdut.n_71                           0.00106947
xdut.n_72                           0.00106563
xdut.n_70                          0.000268917
xdut.n_77                           0.00106563
xdut.n_75                          0.000268939
xdut.n_73                          0.000268917
xdut.n_67                          0.000268917
xdut.n_76                          0.000268917
xdut.n_69                           0.00106563
xdut.n_74                           0.00106563
xdut.n_122                              1.1995
xdut.n_i1005                           1.01818
xdut.n_68                          0.000457248
xdut.vbn                              0.164511
ven#branch                         3.99775e-11
vc7#branch                          1.4069e-10
vc6#branch                         7.03451e-11
vc5#branch                         3.51726e-11
vc4#branch                         1.75863e-11
vc3#branch                         8.79314e-12
vc2#branch                        -1.02848e-08
vc1#branch                         2.19829e-12
vc0#branch                         1.09914e-12
vdd#branch                        -1.58059e-05

 Reference value :  0.00000e+00
 Reference value :  4.28736e-08
 Reference value :  9.32736e-08
 Reference value :  1.44794e-07
 Reference value :  1.95194e-07
 Reference value :  2.46714e-07
 Reference value :  2.95994e-07
 Reference value :  3.36207e-07
 Reference value :  3.59265e-07
 Reference value :  3.86145e-07
 Reference value :  4.13025e-07
 Reference value :  4.37881e-07
 Reference value :  4.65881e-07
 Reference value :  4.92761e-07
 Reference value :  5.21881e-07
 Reference value :  5.60414e-07
 Reference value :  6.01854e-07
 Reference value :  6.33214e-07
 Reference value :  6.60057e-07
 Reference value :  7.01497e-07
 Reference value :  7.46297e-07
 Reference value :  7.84834e-07
 Reference value :  8.29634e-07
 Reference value :  8.68841e-07
 Reference value :  9.12521e-07
 Reference value :  9.57321e-07
 Reference value :  9.99224e-07
 Reference value :  1.04738e-06
 Reference value :  1.09141e-06
 Reference value :  1.13733e-06
 Reference value :  1.18311e-06
 Reference value :  1.22567e-06
 Reference value :  1.26772e-06
 Reference value :  1.30148e-06
 Reference value :  1.33844e-06
 Reference value :  1.37092e-06
 Reference value :  1.40176e-06
 Reference value :  1.42752e-06
 Reference value :  1.45328e-06
 Reference value :  1.49488e-06
 Reference value :  1.53632e-06
 Reference value :  1.58336e-06
 Reference value :  1.62746e-06
 Reference value :  1.67338e-06
 Reference value :  1.71567e-06
 Reference value :  1.75935e-06
 Reference value :  1.80352e-06
 Reference value :  1.84832e-06
 Reference value :  1.89200e-06
 Reference value :  1.93593e-06
 Reference value :  1.97961e-06
 Reference value :  2.02486e-06
 Reference value :  2.06854e-06
 Reference value :  2.11106e-06
 Reference value :  2.15250e-06
 Reference value :  2.18946e-06
 Reference value :  2.22351e-06
 Reference value :  2.25487e-06
 Reference value :  2.30079e-06
 Reference value :  2.34332e-06
 Reference value :  2.38588e-06
 Reference value :  2.42890e-06
 Reference value :  2.47258e-06
 Reference value :  2.51850e-06
 Reference value :  2.54319e-06
 Reference value :  2.57007e-06
 Reference value :  2.59471e-06
 Reference value :  2.62159e-06
 Reference value :  2.64670e-06
 Reference value :  2.67358e-06
 Reference value :  2.69934e-06
 Reference value :  2.72622e-06
 Reference value :  2.74993e-06
 Reference value :  2.77681e-06
 Reference value :  2.80257e-06
 Reference value :  2.83169e-06
 Reference value :  2.85568e-06
 Reference value :  2.88256e-06
 Reference value :  2.90944e-06
 Reference value :  2.93632e-06
 Reference value :  2.96100e-06
 Reference value :  2.98788e-06
 Reference value :  3.01588e-06
 Reference value :  3.04495e-06
 Reference value :  3.07174e-06
 Reference value :  3.09862e-06
 Reference value :  3.12550e-06
 Reference value :  3.15105e-06
 Reference value :  3.18017e-06
 Reference value :  3.20705e-06
 Reference value :  3.23281e-06
 Reference value :  3.25898e-06
 Reference value :  3.28810e-06
 Reference value :  3.31610e-06
 Reference value :  3.34522e-06
 Reference value :  3.37117e-06
 Reference value :  3.39917e-06
 Reference value :  3.43053e-06
 Reference value :  3.46902e-06
 Reference value :  3.51718e-06
 Reference value :  3.56198e-06
 Reference value :  3.58967e-06
 Reference value :  3.61767e-06
 Reference value :  3.64567e-06
 Reference value :  3.67209e-06
 Reference value :  3.70783e-06
 Reference value :  3.75375e-06
 Reference value :  3.79653e-06
 Reference value :  3.83909e-06
 Reference value :  3.88210e-06
 Reference value :  3.92802e-06
 Reference value :  3.97506e-06
 Reference value :  4.01640e-06
 Reference value :  4.05896e-06
 Reference value :  4.10197e-06
 Reference value :  4.14677e-06
 Reference value :  4.18997e-06
 Reference value :  4.23506e-06
 Reference value :  4.27986e-06
 Reference value :  4.32181e-06
 Reference value :  4.36549e-06
 Reference value :  4.41046e-06
 Reference value :  4.45638e-06
 Reference value :  4.50230e-06
 Reference value :  4.54421e-06
 Reference value :  4.59013e-06
 Reference value :  4.63401e-06
 Reference value :  4.67881e-06
 Reference value :  4.72642e-06
 Reference value :  4.77010e-06
 Reference value :  4.81490e-06
 Reference value :  4.85761e-06
 Reference value :  4.90241e-06
 Reference value :  4.94684e-06
 Reference value :  4.99052e-06
 Reference value :  5.03190e-06
 Reference value :  5.07670e-06
 Reference value :  5.12038e-06
 Reference value :  5.16334e-06
 Reference value :  5.20814e-06
 Reference value :  5.25086e-06
 Reference value :  5.28894e-06
 Reference value :  5.31470e-06
 Reference value :  5.34424e-06
 Reference value :  5.39016e-06
 Reference value :  5.43720e-06
 Reference value :  5.48064e-06
 Reference value :  5.52768e-06
 Reference value :  5.57181e-06
 Reference value :  5.61773e-06
 Reference value :  5.66278e-06
 Reference value :  5.70982e-06
 Reference value :  5.75798e-06
 Reference value :  5.80435e-06
 Reference value :  5.85363e-06
 Reference value :  5.89729e-06
 Reference value :  5.94321e-06
 Reference value :  5.98846e-06
 Reference value :  6.03550e-06
 Reference value :  6.07812e-06
 Reference value :  6.10612e-06
 Reference value :  6.14196e-06
 Reference value :  6.18386e-06
 Reference value :  6.21970e-06
 Reference value :  6.24658e-06
 Reference value :  6.29041e-06
 Reference value :  6.33745e-06
 Reference value :  6.38446e-06
 Reference value :  6.43094e-06
 Reference value :  6.48022e-06
 Reference value :  6.52534e-06
 Reference value :  6.57350e-06
 Reference value :  6.61868e-06
 Reference value :  6.66572e-06
 Reference value :  6.71415e-06
No. of Data Rows : 6067
vhold_min           =  1.19999e+00 at=  2.24000e-11
tfirst              =  4.31450e-07
t1                  =  4.08754e-06
t2                  =  4.29619e-06
t3                  =  4.50507e-06
t4                  =  4.71384e-06
t5                  =  4.92235e-06
t6                  =  5.13110e-06
t7                  =  5.33991e-06
t8                  =  5.54853e-06
t9                  =  5.75741e-06
t10                 =  5.96614e-06
t11                 =  6.17491e-06
t12                 =  6.38364e-06
idd_run             =  -1.87236e-05 from=  4.03400e-06 to=  6.72300e-06
vmax                =  1.22008e+00 at=  5.75879e-06
vmin                =  -2.54770e-02 at=  6.69450e-06
Note: Simulation executed from .control section 
Warning: m=xx on .subckt line will override multiplier m hierarchy!

Note: Starting dynamic gmin stepping
Note: Dynamic gmin stepping completed
Note: Starting dynamic gmin stepping
Note: Dynamic gmin stepping completed
