
Note: No compatibility mode selected!


Circuit: * output buffer into 108 ff

Doing analysis at TEMP = -40.000000 and TNOM = 27.000000

Using SPARSE 1.3 as Direct Linear Solver

Initial Transient Solution
--------------------------

Node                                   Voltage
----                                   -------
vpwr                                      1.32
s10                                          0
b1                                        1.32
clk_out                            5.78814e-08
vin#branch                           2.095e-11
vdd#branch                        -1.96802e-10

 Reference value :  6.19000e-10
 Reference value :  1.91100e-09
 Reference value :  3.22900e-09
 Reference value :  4.44900e-09
 Reference value :  5.67100e-09
 Reference value :  6.88300e-09
 Reference value :  8.11700e-09
 Reference value :  9.44300e-09
 Reference value :  1.07434e-08
 Reference value :  1.19950e-08
 Reference value :  1.32070e-08
 Reference value :  1.44890e-08
 Reference value :  1.57050e-08
 Reference value :  1.70230e-08
No. of Data Rows : 9115
vmax                =  1.33012e+00 at=  1.38525e-08
vmin                =  -7.46058e-03 at=  1.23410e-08
tr2                 =  9.39289e-09
tr8                 =  9.55824e-09
tf8                 =  1.09096e-08
tf2                 =  1.10776e-08
trise=1.65356E-10 tfall=1.6797E-10
tin_r               =  9.28600e-09
tout_r              =  9.46324e-09
tpd=1.77245E-10
Note: Simulation executed from .control section 
