
Note: No compatibility mode selected!


Circuit: * nand as inverter: a=1, pulse b

Doing analysis at TEMP = 125.000000 and TNOM = 27.000000

Using SPARSE 1.3 as Direct Linear Solver

Initial Transient Solution
--------------------------

Node                                   Voltage
----                                   -------
vpwr                                      1.08
code[0]                                      0
code[1]                                      0
code[2]                                      0
code[3]                                      0
code[4]                                   1.08
code[5]                                      0
code[6]                                      0
code[7]                                      0
vbp                                   0.760804
vbn                                    0.21359
a                                         1.08
p                                            0
xdrv.net1                              1.07985
b                                      1.07984
xdrv.net2                           0.00013459
xnand.net1                             1.07889
y                                   0.00110783
xnand.net2                          0.00108465
xnand.net3                          0.00106139
xload.net1                             1.07985
z                                      1.07984
xload.net2                         0.000137634
xload2.net1                            1.07944
zz                                 0.000556225
xload2.net2                        0.000532985
vin#branch                         2.76923e-11
va#branch                         -5.21052e-11
vc7#branch                         1.11745e-10
vc6#branch                          5.5832e-11
vc5#branch                         2.78754e-11
vc4#branch                        -2.80866e-08
vc3#branch                         6.90792e-12
vc2#branch                         3.41335e-12
vc1#branch                         1.66606e-12
vc0#branch                         7.92417e-13
vdd#branch                        -3.62372e-05

 Reference value :  6.85088e-10
 Reference value :  8.86929e-09
 Reference value :  1.57815e-08
 Reference value :  2.13912e-08
 Reference value :  2.94941e-08
 Reference value :  3.78139e-08
 Reference value :  4.40698e-08
 Reference value :  4.97337e-08
 Reference value :  5.81347e-08
 Reference value :  6.64815e-08
 Reference value :  7.22850e-08
 Reference value :  7.84909e-08
 Reference value :  8.67564e-08
 Reference value :  9.49081e-08
 Reference value :  1.00356e-07
 Reference value :  1.06860e-07
 Reference value :  1.15099e-07
 Reference value :  1.22691e-07
 Reference value :  1.28219e-07
 Reference value :  1.35076e-07
 Reference value :  1.43504e-07
 Reference value :  1.50844e-07
 Reference value :  1.56372e-07
No. of Data Rows : 6044
tin_f               =  6.90208e-08
tout_r              =  7.11984e-08
tin_r               =  9.64682e-08
tout_f              =  9.81452e-08
tplh=2.17763E-09 tphl=1.67698E-09
Note: Simulation executed from .control section 
Note: Starting dynamic gmin stepping
Note: Dynamic gmin stepping completed
