
Note: No compatibility mode selected!


Circuit: * stage delay at code 16

Doing analysis at TEMP = 125.000000 and TNOM = 27.000000

Using SPARSE 1.3 as Direct Linear Solver

Initial Transient Solution
--------------------------

Node                                   Voltage
----                                   -------
vpwr                                       1.2
code[0]                                      0
code[1]                                      0
code[2]                                      0
code[3]                                      0
code[4]                                    1.2
code[5]                                      0
code[6]                                      0
code[7]                                      0
vbp                                   0.790425
vbn                                    0.31792
a                                            0
xdrv.net1                                  1.2
b                                          1.2
xdrv.net2                          3.39534e-06
xdut.net1                              1.19999
y                                  2.07147e-05
xdut.net2                          2.00309e-05
xload.net1                                 1.2
z                                          1.2
xload.net2                         3.39689e-06
xload2.net1                            1.19999
zz                                 2.03681e-05
xload2.net2                        1.96958e-05
vin#branch                         3.58488e-12
vc7#branch                         3.07189e-12
vc6#branch                         1.53566e-12
vc5#branch                         7.67542e-13
vc4#branch                        -3.70628e-09
vc3#branch                         1.91455e-13
vc2#branch                           9.544e-14
vc1#branch                         4.74327e-14
vc0#branch                         2.34291e-14
vdd#branch                        -3.16303e-05

 Reference value :  2.20269e-09
 Reference value :  1.13354e-08
 Reference value :  1.80037e-08
 Reference value :  2.47245e-08
 Reference value :  3.36947e-08
 Reference value :  4.18205e-08
 Reference value :  4.78367e-08
 Reference value :  5.56415e-08
 Reference value :  6.46387e-08
 Reference value :  7.16075e-08
 Reference value :  7.80302e-08
 Reference value :  8.70274e-08
 Reference value :  9.54242e-08
 Reference value :  1.01982e-07
 Reference value :  1.09787e-07
 Reference value :  1.18730e-07
 Reference value :  1.25645e-07
 Reference value :  1.32691e-07
 Reference value :  1.41607e-07
 Reference value :  1.49977e-07
 Reference value :  1.56155e-07
No. of Data Rows : 6044
tin_f               =  6.90614e-08
tout_r              =  7.06697e-08
tin_r               =  9.64543e-08
tout_f              =  9.84461e-08
tplh=1.60827E-09 tphl=1.99184E-09
t40r                =  7.03489e-08
t60r                =  7.10950e-08
t60f                =  9.81582e-08
t40f                =  9.87154e-08
sr_r=3.21699E+08 sr_f=-4.30756E+08
tr                  =  6.97175e-08
tr8                 =  7.26171e-08
tf                  =  9.75029e-08
tf2                 =  9.98029e-08
trise=2.89962E-09 tfall=2.30004E-09
Note: Simulation executed from .control section 
