
Note: Compatibility modes selected: hs a


Circuit: * tt_analog_ring, code 0

Doing analysis at TEMP = 27.000000 and TNOM = 27.000000

Using SPARSE 1.3 as Direct Linear Solver
 Reference value :  0.00000e+00
No. of Data Rows : 1
idd_dis=4.86592E-06 vbp=0.814479 vbn=0.307159 clk_dis=1.2
Doing analysis at TEMP = 27.000000 and TNOM = 27.000000

Using SPARSE 1.3 as Direct Linear Solver

Initial Transient Solution
--------------------------

Node                                   Voltage
----                                   -------
vpwr                                       1.2
code[0]                                      0
code[1]                                      0
code[2]                                      0
code[3]                                      0
code[4]                                      0
code[5]                                      0
code[6]                                      0
code[7]                                      0
enable                                       0
xdut.vbp                              0.814479
clk_out                                    1.2
xdut.b1                            3.67993e-08
xdut.s3                            2.51572e-06
xdut.s2                                    1.2
xdut.n_126                                 1.2
xdut.s1                            2.51573e-06
xdut.n_125                                 1.2
xdut.s10                                   1.2
xdut.s6                                    1.2
xdut.s5                            2.51572e-06
xdut.n_128                                 1.2
xdut.s9                            2.51572e-06
xdut.n_133                                 1.2
xdut.s4                                    1.2
xdut.n_129                                 1.2
xdut.s8                                    1.2
xdut.n_132                                 1.2
xdut.s7                            2.51572e-06
xdut.n_130                                 1.2
xdut.n_127                                 1.2
xdut.n_131                                 1.2
xdut.s0                                    1.2
xdut.n_124                                 1.2
xdut.n_71                          2.50068e-06
xdut.n_72                          2.50067e-06
xdut.n_70                          7.91113e-08
xdut.n_77                          2.50067e-06
xdut.n_75                          7.91113e-08
xdut.n_73                          7.91113e-08
xdut.n_67                          7.91113e-08
xdut.n_76                          7.91113e-08
xdut.n_69                          2.50067e-06
xdut.n_74                          2.50067e-06
xdut.n_122                                 1.2
xdut.n_i1005                          0.993923
xdut.n_68                          1.98092e-07
xdut.vbn                              0.307159
ven#branch                          2.2633e-12
vc7#branch                          1.2942e-12
vc6#branch                         6.47101e-13
vc5#branch                         3.23551e-13
vc4#branch                         1.61775e-13
vc3#branch                         8.08877e-14
vc2#branch                         4.04438e-14
vc1#branch                         2.02219e-14
vc0#branch                          1.0111e-14
vdd#branch                        -4.86592e-06

 Reference value :  0.00000e+00
 Reference value :  1.30816e-07
 Reference value :  3.09775e-07
 Reference value :  4.85225e-07
 Reference value :  6.50148e-07
 Reference value :  7.97526e-07
 Reference value :  9.44904e-07
 Reference value :  1.05315e-06
 Reference value :  1.10931e-06
 Reference value :  1.17598e-06
 Reference value :  1.24265e-06
 Reference value :  1.32336e-06
 Reference value :  1.39663e-06
 Reference value :  1.47032e-06
 Reference value :  1.54050e-06
 Reference value :  1.61419e-06
 Reference value :  1.66767e-06
 Reference value :  1.73083e-06
 Reference value :  1.79048e-06
 Reference value :  1.85365e-06
 Reference value :  1.91232e-06
 Reference value :  1.97713e-06
 Reference value :  2.04380e-06
 Reference value :  2.10345e-06
 Reference value :  2.17714e-06
 Reference value :  2.24018e-06
 Reference value :  2.30334e-06
 Reference value :  2.36650e-06
 Reference value :  2.42616e-06
 Reference value :  2.49185e-06
 Reference value :  2.55666e-06
 Reference value :  2.61982e-06
 Reference value :  2.67596e-06
 Reference value :  2.74614e-06
 Reference value :  2.81259e-06
 Reference value :  2.87926e-06
 Reference value :  2.94242e-06
 Reference value :  3.00207e-06
 Reference value :  3.06874e-06
 Reference value :  3.12847e-06
 Reference value :  3.18812e-06
 Reference value :  3.25479e-06
 Reference value :  3.32147e-06
 Reference value :  3.38587e-06
 Reference value :  3.45254e-06
 Reference value :  3.51921e-06
 Reference value :  3.58588e-06
 Reference value :  3.65400e-06
 Reference value :  3.72769e-06
 Reference value :  3.79787e-06
 Reference value :  3.87155e-06
 Reference value :  3.94456e-06
 Reference value :  4.00689e-06
 Reference value :  4.07356e-06
 Reference value :  4.14023e-06
 Reference value :  4.21743e-06
 Reference value :  4.28322e-06
 Reference value :  4.35340e-06
 Reference value :  4.42358e-06
 Reference value :  4.49727e-06
 Reference value :  4.56532e-06
 Reference value :  4.63550e-06
 Reference value :  4.70217e-06
 Reference value :  4.77586e-06
 Reference value :  4.84169e-06
 Reference value :  4.91187e-06
 Reference value :  4.97854e-06
 Reference value :  5.05223e-06
 Reference value :  5.12024e-06
 Reference value :  5.20445e-06
 Reference value :  5.27463e-06
 Reference value :  5.34130e-06
 Reference value :  5.40765e-06
 Reference value :  5.47783e-06
 Reference value :  5.54099e-06
 Reference value :  5.61117e-06
 Reference value :  5.68386e-06
 Reference value :  5.75967e-06
 Reference value :  5.84388e-06
 Reference value :  5.92810e-06
 Reference value :  6.00398e-06
 Reference value :  6.07065e-06
 Reference value :  6.14434e-06
 Reference value :  6.22153e-06
 Reference value :  6.29357e-06
 Reference value :  6.36375e-06
 Reference value :  6.44094e-06
 Reference value :  6.51463e-06
 Reference value :  6.58019e-06
 Reference value :  6.65037e-06
 Reference value :  6.72055e-06
 Reference value :  6.79423e-06
 Reference value :  6.86633e-06
 Reference value :  6.93651e-06
 Reference value :  7.00669e-06
 Reference value :  7.08740e-06
 Reference value :  7.16314e-06
 Reference value :  7.23683e-06
 Reference value :  7.31051e-06
 Reference value :  7.38771e-06
 Reference value :  7.46004e-06
 Reference value :  7.54426e-06
 Reference value :  7.63198e-06
 Reference value :  7.70770e-06
 Reference value :  7.78139e-06
 Reference value :  7.87262e-06
 Reference value :  7.97087e-06
 Reference value :  8.04681e-06
 Reference value :  8.12050e-06
 Reference value :  8.20822e-06
 Reference value :  8.30144e-06
 Reference value :  8.37864e-06
 Reference value :  8.44531e-06
 Reference value :  8.51549e-06
 Reference value :  8.58800e-06
 Reference value :  8.66169e-06
 Reference value :  8.73538e-06
 Reference value :  8.80556e-06
 Reference value :  8.88119e-06
 Reference value :  8.95488e-06
 Reference value :  9.03558e-06
 Reference value :  9.11980e-06
 Reference value :  9.19589e-06
 Reference value :  9.26256e-06
 Reference value :  9.32923e-06
 Reference value :  9.40292e-06
 Reference value :  9.47499e-06
 Reference value :  9.54868e-06
 Reference value :  9.61886e-06
 Reference value :  9.69255e-06
 Reference value :  9.76163e-06
 Reference value :  9.83181e-06
 Reference value :  9.90199e-06
 Reference value :  9.97217e-06
 Reference value :  1.00477e-05
 Reference value :  1.01214e-05
 Reference value :  1.01916e-05
 Reference value :  1.02617e-05
 Reference value :  1.03339e-05
 Reference value :  1.04041e-05
 Reference value :  1.04743e-05
 Reference value :  1.05409e-05
 Reference value :  1.06129e-05
 Reference value :  1.06866e-05
 Reference value :  1.07568e-05
 Reference value :  1.08270e-05
 Reference value :  1.09002e-05
 Reference value :  1.09698e-05
 Reference value :  1.10365e-05
 Reference value :  1.11067e-05
 Reference value :  1.11804e-05
 Reference value :  1.12489e-05
 Reference value :  1.13191e-05
 Reference value :  1.13893e-05
 Reference value :  1.14700e-05
 Reference value :  1.15353e-05
 Reference value :  1.16019e-05
 Reference value :  1.16756e-05
 Reference value :  1.17493e-05
 Reference value :  1.18178e-05
 Reference value :  1.18880e-05
 Reference value :  1.19547e-05
 Reference value :  1.20213e-05
 Reference value :  1.20834e-05
 Reference value :  1.21430e-05
 Reference value :  1.22062e-05
 Reference value :  1.22694e-05
 Reference value :  1.23423e-05
 Reference value :  1.24151e-05
 Reference value :  1.24853e-05
 Reference value :  1.25555e-05
 Reference value :  1.26326e-05
 Reference value :  1.26979e-05
 Reference value :  1.27716e-05
 Reference value :  1.28488e-05
 Reference value :  1.29419e-05
 Reference value :  1.30120e-05
 Reference value :  1.30822e-05
 Reference value :  1.31524e-05
 Reference value :  1.32216e-05
 Reference value :  1.32951e-05
 Reference value :  1.33618e-05
 Reference value :  1.34320e-05
 Reference value :  1.35075e-05
 Reference value :  1.35847e-05
 Reference value :  1.36549e-05
 Reference value :  1.37286e-05
 Reference value :  1.38012e-05
 Reference value :  1.38746e-05
 Reference value :  1.39413e-05
 Reference value :  1.40080e-05
 Reference value :  1.40809e-05
 Reference value :  1.41572e-05
 Reference value :  1.42344e-05
 Reference value :  1.43081e-05
 Reference value :  1.43840e-05
 Reference value :  1.44577e-05
 Reference value :  1.45314e-05
 Reference value :  1.46016e-05
 Reference value :  1.46807e-05
 Reference value :  1.47508e-05
 Reference value :  1.48386e-05
 Reference value :  1.49263e-05
 Reference value :  1.50022e-05
 Reference value :  1.50724e-05
 Reference value :  1.51426e-05
 Reference value :  1.52163e-05
 Reference value :  1.52848e-05
 Reference value :  1.53550e-05
 Reference value :  1.54217e-05
 Reference value :  1.54989e-05
 Reference value :  1.55783e-05
 Reference value :  1.56626e-05
 Reference value :  1.57468e-05
 Reference value :  1.58328e-05
 Reference value :  1.59171e-05
 Reference value :  1.59837e-05
 Reference value :  1.60539e-05
 Reference value :  1.61199e-05
 Reference value :  1.61901e-05
 Reference value :  1.62532e-05
 Reference value :  1.63164e-05
 Reference value :  1.63830e-05
 Reference value :  1.64443e-05
 Reference value :  1.65110e-05
 Reference value :  1.65777e-05
 Reference value :  1.66443e-05
 Reference value :  1.67039e-05
 Reference value :  1.67741e-05
 Reference value :  1.68373e-05
 Reference value :  1.68969e-05
 Reference value :  1.69741e-05
 Reference value :  1.70443e-05
 Reference value :  1.71145e-05
 Reference value :  1.71847e-05
 Reference value :  1.72689e-05
 Reference value :  1.73328e-05
 Reference value :  1.73995e-05
 Reference value :  1.74662e-05
 Reference value :  1.75328e-05
 Reference value :  1.75923e-05
 Reference value :  1.76555e-05
 Reference value :  1.77116e-05
 Reference value :  1.77748e-05
 Reference value :  1.78450e-05
 Reference value :  1.78988e-05
 Reference value :  1.79619e-05
 Reference value :  1.80216e-05
 Reference value :  1.80812e-05
 Reference value :  1.81396e-05
 Reference value :  1.82028e-05
 Reference value :  1.82625e-05
 Reference value :  1.83256e-05
 Reference value :  1.84204e-05
 Reference value :  1.84930e-05
 Reference value :  1.85632e-05
 Reference value :  1.86333e-05
 Reference value :  1.87105e-05
 Reference value :  1.87794e-05
 Reference value :  1.88461e-05
 Reference value :  1.89128e-05
 Reference value :  1.89935e-05
 Reference value :  1.90704e-05
 Reference value :  1.91406e-05
 Reference value :  1.92108e-05
 Reference value :  1.92845e-05
 Reference value :  1.93567e-05
 Reference value :  1.94269e-05
 Reference value :  1.94935e-05
 Reference value :  1.95742e-05
 Reference value :  1.96336e-05
 Reference value :  1.97038e-05
 Reference value :  1.97704e-05
 Reference value :  1.98547e-05
 Reference value :  1.99389e-05
 Reference value :  2.00055e-05
 Reference value :  2.00722e-05
 Reference value :  2.01634e-05
 Reference value :  2.02380e-05
 Reference value :  2.03223e-05
 Reference value :  2.03995e-05
 Reference value :  2.04723e-05
 Reference value :  2.05355e-05
 Reference value :  2.05952e-05
 Reference value :  2.06548e-05
 Reference value :  2.07250e-05
 Reference value :  2.07975e-05
 Reference value :  2.08712e-05
 Reference value :  2.09449e-05
 Reference value :  2.10256e-05
No. of Data Rows : 6050
vhold_min           =  1.20000e+00 at=  2.24576e-09
tfirst              =  1.32754e-06
t1                  =  1.25307e-05
t2                  =  1.32126e-05
t3                  =  1.37920e-05
t4                  =  1.43716e-05
t5                  =  1.49510e-05
t6                  =  1.55305e-05
t7                  =  1.61100e-05
t8                  =  1.66901e-05
t9                  =  1.72697e-05
t10                 =  1.78493e-05
t11                 =  1.84289e-05
t12                 =  1.90084e-05
idd_run             =  -5.31368e-06 from=  1.26300e-05 to=  2.10500e-05
vmax                =  1.21407e+00 at=  1.84339e-05
vmin                =  -1.05368e-02 at=  1.87170e-05
Note: Simulation executed from .control section 
Warning: m=xx on .subckt line will override multiplier m hierarchy!

Note: Starting dynamic gmin stepping
Note: Dynamic gmin stepping completed
Note: Starting dynamic gmin stepping
Note: Dynamic gmin stepping completed
