
Note: No compatibility mode selected!


Circuit: * tt_analog_ring, code 0

Doing analysis at TEMP = 27.000000 and TNOM = 27.000000

Using SPARSE 1.3 as Direct Linear Solver
 Reference value :  0.00000e+00
No. of Data Rows : 1
idd_dis=5.63498E-06 vbp=0.855917 vbn=0.247434 clk_dis=1.2
Doing analysis at TEMP = 27.000000 and TNOM = 27.000000

Using SPARSE 1.3 as Direct Linear Solver

Initial Transient Solution
--------------------------

Node                                   Voltage
----                                   -------
vpwr                                       1.2
code[0]                                      0
code[1]                                      0
code[2]                                      0
code[3]                                      0
code[4]                                      0
code[5]                                      0
code[6]                                      0
code[7]                                      0
enable                                       0
xdut.vbp                              0.855917
xdut.vbn                              0.247434
xdut.n0                            3.77656e-06
xdut.p0                                1.19999
xdut.na0                               1.02152
xdut.s0                                1.19999
xdut.s10                               1.19999
xdut.n1                            1.59573e-05
xdut.p1                                1.19999
xdut.s1                            1.60399e-05
xdut.n2                            5.38075e-06
xdut.p2                                1.19999
xdut.s2                                1.19999
xdut.n3                            1.41569e-05
xdut.p3                                1.19999
xdut.s3                            1.42408e-05
xdut.n4                            1.07756e-06
xdut.p4                                    1.2
xdut.s4                                    1.2
xdut.n5                            1.74618e-05
xdut.p5                                1.19999
xdut.s5                            1.75768e-05
xdut.n6                             7.2234e-07
xdut.p6                                    1.2
xdut.s6                                    1.2
xdut.n7                            1.33613e-05
xdut.p7                                1.19999
xdut.s7                            1.34714e-05
xdut.n8                             1.5903e-06
xdut.p8                                1.19999
xdut.s8                                1.19999
xdut.n9                            1.14595e-05
xdut.p9                                1.19999
xdut.s9                            1.15293e-05
xdut.n10                           3.32851e-06
xdut.p10                               1.19999
xdut.b1                            1.63808e-07
clk_out                                    1.2
ven#branch                         7.41196e-12
vc7#branch                         6.44634e-12
vc6#branch                         3.23407e-12
vc5#branch                         1.61232e-12
vc4#branch                          7.9557e-13
vc3#branch                         4.02738e-13
vc2#branch                         1.99958e-13
vc1#branch                         1.00406e-13
vc0#branch                           4.913e-14
vdd#branch                        -5.63498e-06

 Reference value :  0.00000e+00
 Reference value :  5.48651e-08
 Reference value :  1.23271e-07
 Reference value :  1.95185e-07
 Reference value :  2.65345e-07
 Reference value :  3.33751e-07
 Reference value :  4.02157e-07
 Reference value :  4.70563e-07
 Reference value :  5.26400e-07
 Reference value :  5.50987e-07
 Reference value :  5.84313e-07
 Reference value :  6.15885e-07
 Reference value :  6.50965e-07
 Reference value :  6.81550e-07
 Reference value :  7.14876e-07
 Reference value :  7.46448e-07
 Reference value :  7.78020e-07
 Reference value :  8.09592e-07
 Reference value :  8.44672e-07
 Reference value :  8.76244e-07
 Reference value :  9.07816e-07
 Reference value :  9.38298e-07
 Reference value :  9.75132e-07
 Reference value :  1.00846e-06
 Reference value :  1.04354e-06
 Reference value :  1.07506e-06
 Reference value :  1.11014e-06
 Reference value :  1.14171e-06
 Reference value :  1.17153e-06
 Reference value :  1.20203e-06
 Reference value :  1.23711e-06
 Reference value :  1.26868e-06
 Reference value :  1.30026e-06
 Reference value :  1.33358e-06
 Reference value :  1.36680e-06
 Reference value :  1.40012e-06
 Reference value :  1.43345e-06
 Reference value :  1.46633e-06
 Reference value :  1.50259e-06
 Reference value :  1.53767e-06
 Reference value :  1.57275e-06
 Reference value :  1.60432e-06
 Reference value :  1.63750e-06
 Reference value :  1.67083e-06
 Reference value :  1.70416e-06
 Reference value :  1.73529e-06
 Reference value :  1.76983e-06
 Reference value :  1.80315e-06
 Reference value :  1.83472e-06
 Reference value :  1.86980e-06
 Reference value :  1.89926e-06
 Reference value :  1.93434e-06
 Reference value :  1.96591e-06
 Reference value :  2.00099e-06
 Reference value :  2.03524e-06
 Reference value :  2.07032e-06
 Reference value :  2.10364e-06
 Reference value :  2.13872e-06
 Reference value :  2.16992e-06
 Reference value :  2.20324e-06
 Reference value :  2.23481e-06
 Reference value :  2.26814e-06
 Reference value :  2.30068e-06
 Reference value :  2.33401e-06
 Reference value :  2.36734e-06
 Reference value :  2.40242e-06
 Reference value :  2.43354e-06
 Reference value :  2.46687e-06
 Reference value :  2.49844e-06
 Reference value :  2.53177e-06
 Reference value :  2.56441e-06
 Reference value :  2.59598e-06
 Reference value :  2.62930e-06
 Reference value :  2.66438e-06
 Reference value :  2.69538e-06
 Reference value :  2.72871e-06
 Reference value :  2.76028e-06
 Reference value :  2.79361e-06
 Reference value :  2.82628e-06
 Reference value :  2.85961e-06
 Reference value :  2.89469e-06
 Reference value :  2.92802e-06
 Reference value :  2.96076e-06
 Reference value :  2.99408e-06
 Reference value :  3.02741e-06
 Reference value :  3.06073e-06
 Reference value :  3.09139e-06
 Reference value :  3.12471e-06
 Reference value :  3.15804e-06
 Reference value :  3.18961e-06
 Reference value :  3.21943e-06
 Reference value :  3.25626e-06
 Reference value :  3.28959e-06
 Reference value :  3.32116e-06
 Reference value :  3.35356e-06
 Reference value :  3.38864e-06
 Reference value :  3.42372e-06
 Reference value :  3.45704e-06
 Reference value :  3.48845e-06
 Reference value :  3.52353e-06
 Reference value :  3.55685e-06
 Reference value :  3.58843e-06
 Reference value :  3.62086e-06
 Reference value :  3.65594e-06
 Reference value :  3.69102e-06
 Reference value :  3.72435e-06
 Reference value :  3.75568e-06
 Reference value :  3.79050e-06
 Reference value :  3.82207e-06
 Reference value :  3.85539e-06
 Reference value :  3.88663e-06
 Reference value :  3.92307e-06
 Reference value :  3.95815e-06
 Reference value :  3.99148e-06
 Reference value :  4.02458e-06
 Reference value :  4.05765e-06
 Reference value :  4.09098e-06
 Reference value :  4.12430e-06
 Reference value :  4.15555e-06
 Reference value :  4.19026e-06
 Reference value :  4.22534e-06
 Reference value :  4.25692e-06
 Reference value :  4.29200e-06
 Reference value :  4.32306e-06
 Reference value :  4.35463e-06
 Reference value :  4.38620e-06
 Reference value :  4.41953e-06
 Reference value :  4.45219e-06
 Reference value :  4.48551e-06
 Reference value :  4.51884e-06
 Reference value :  4.55217e-06
 Reference value :  4.58146e-06
 Reference value :  4.61654e-06
 Reference value :  4.64812e-06
 Reference value :  4.68144e-06
 Reference value :  4.71235e-06
 Reference value :  4.74568e-06
 Reference value :  4.77900e-06
 Reference value :  4.81233e-06
 Reference value :  4.84339e-06
 Reference value :  4.87847e-06
 Reference value :  4.91179e-06
 Reference value :  4.94337e-06
 Reference value :  4.97427e-06
 Reference value :  5.00935e-06
 Reference value :  5.04267e-06
 Reference value :  5.07600e-06
 Reference value :  5.10532e-06
 Reference value :  5.14040e-06
 Reference value :  5.17197e-06
 Reference value :  5.20530e-06
 Reference value :  5.23794e-06
 Reference value :  5.27302e-06
 Reference value :  5.30635e-06
 Reference value :  5.34143e-06
 Reference value :  5.37252e-06
 Reference value :  5.40760e-06
 Reference value :  5.43917e-06
 Reference value :  5.47250e-06
 Reference value :  5.50338e-06
 Reference value :  5.54021e-06
 Reference value :  5.57354e-06
 Reference value :  5.60862e-06
 Reference value :  5.63972e-06
 Reference value :  5.67480e-06
 Reference value :  5.70637e-06
 Reference value :  5.73970e-06
 Reference value :  5.77058e-06
 Reference value :  5.80566e-06
 Reference value :  5.83899e-06
 Reference value :  5.87231e-06
 Reference value :  5.90564e-06
 Reference value :  5.93850e-06
 Reference value :  5.97182e-06
 Reference value :  6.00515e-06
 Reference value :  6.03816e-06
 Reference value :  6.07287e-06
 Reference value :  6.10444e-06
 Reference value :  6.13776e-06
 Reference value :  6.17284e-06
 Reference value :  6.20395e-06
 Reference value :  6.23903e-06
 Reference value :  6.27060e-06
 Reference value :  6.30568e-06
 Reference value :  6.33833e-06
 Reference value :  6.37165e-06
 Reference value :  6.40498e-06
 Reference value :  6.43830e-06
 Reference value :  6.46940e-06
 Reference value :  6.50448e-06
 Reference value :  6.53430e-06
 Reference value :  6.56938e-06
 Reference value :  6.60204e-06
 Reference value :  6.63536e-06
 Reference value :  6.66869e-06
 Reference value :  6.70202e-06
 Reference value :  6.73311e-06
 Reference value :  6.76995e-06
 Reference value :  6.80152e-06
 Reference value :  6.83660e-06
 Reference value :  6.86926e-06
 Reference value :  6.89908e-06
 Reference value :  6.93241e-06
 Reference value :  6.96573e-06
 Reference value :  6.99683e-06
 Reference value :  7.03191e-06
 Reference value :  7.06173e-06
 Reference value :  7.09506e-06
 Reference value :  7.12948e-06
 Reference value :  7.16281e-06
 Reference value :  7.19614e-06
 Reference value :  7.22946e-06
 Reference value :  7.26056e-06
 Reference value :  7.29564e-06
 Reference value :  7.32721e-06
 Reference value :  7.35879e-06
 Reference value :  7.39322e-06
 Reference value :  7.42830e-06
 Reference value :  7.46163e-06
 Reference value :  7.49496e-06
 Reference value :  7.52606e-06
 Reference value :  7.56289e-06
 Reference value :  7.59446e-06
 Reference value :  7.62603e-06
 Reference value :  7.65873e-06
 Reference value :  7.69206e-06
 Reference value :  7.72714e-06
 Reference value :  7.76046e-06
 Reference value :  7.79157e-06
 Reference value :  7.82665e-06
 Reference value :  7.85997e-06
 Reference value :  7.88979e-06
 Reference value :  7.92108e-06
 Reference value :  7.95758e-06
 Reference value :  7.98739e-06
 Reference value :  8.01897e-06
 Reference value :  8.05229e-06
 Reference value :  8.08515e-06
 Reference value :  8.11848e-06
 Reference value :  8.15181e-06
 Reference value :  8.18513e-06
 Reference value :  8.21785e-06
 Reference value :  8.25118e-06
 Reference value :  8.28450e-06
 Reference value :  8.31783e-06
 Reference value :  8.34894e-06
 Reference value :  8.38227e-06
 Reference value :  8.41559e-06
 Reference value :  8.45067e-06
 Reference value :  8.48341e-06
 Reference value :  8.51673e-06
 Reference value :  8.55006e-06
 Reference value :  8.58338e-06
 Reference value :  8.61450e-06
 Reference value :  8.64958e-06
 Reference value :  8.68291e-06
 Reference value :  8.71799e-06
 Reference value :  8.74898e-06
 Reference value :  8.78230e-06
 Reference value :  8.81563e-06
 Reference value :  8.84720e-06
 Reference value :  8.88009e-06
 Reference value :  8.91517e-06
 Reference value :  8.94674e-06
 Reference value :  8.98182e-06
 Reference value :  9.01282e-06
 Reference value :  9.04790e-06
 Reference value :  9.07947e-06
 Reference value :  9.11280e-06
 Reference value :  9.14395e-06
 Reference value :  9.17903e-06
 Reference value :  9.21236e-06
 Reference value :  9.24569e-06
 Reference value :  9.27669e-06
 Reference value :  9.31177e-06
 Reference value :  9.34334e-06
 Reference value :  9.37491e-06
 Reference value :  9.40809e-06
 Reference value :  9.44141e-06
 Reference value :  9.47649e-06
 Reference value :  9.50806e-06
 Reference value :  9.53898e-06
 Reference value :  9.57406e-06
 Reference value :  9.60914e-06
 Reference value :  9.64072e-06
 Reference value :  9.67183e-06
 Reference value :  9.70581e-06
 Reference value :  9.73913e-06
 Reference value :  9.77246e-06
 Reference value :  9.80378e-06
 Reference value :  9.83854e-06
 Reference value :  9.87187e-06
 Reference value :  9.90344e-06
 Reference value :  9.93852e-06
 Reference value :  9.97168e-06
 Reference value :  1.00068e-05
 Reference value :  1.00418e-05
 Reference value :  1.00732e-05
 Reference value :  1.01080e-05
 Reference value :  1.01413e-05
 Reference value :  1.01711e-05
 Reference value :  1.02044e-05
 Reference value :  1.02376e-05
 Reference value :  1.02710e-05
 Reference value :  1.03043e-05
 Reference value :  1.03376e-05
 Reference value :  1.03705e-05
 Reference value :  1.04038e-05
 Reference value :  1.04371e-05
 Reference value :  1.04722e-05
 Reference value :  1.04984e-05
No. of Data Rows : 6047
vhold_min           =  1.20000e+00 at=  1.40320e-10
tfirst              =  6.57356e-07
t1                  =  6.44284e-06
t2                  =  6.71179e-06
t3                  =  6.98076e-06
t4                  =  7.24973e-06
t5                  =  7.51872e-06
t6                  =  7.78772e-06
t7                  =  8.05673e-06
t8                  =  8.32575e-06
t9                  =  8.59480e-06
t10                 =  8.86384e-06
t11                 =  9.13286e-06
t12                 =  9.40176e-06
idd_run             =  -6.35029e-06 from=  6.31600e-06 to=  1.05300e-05
vmax                =  1.22266e+00 at=  9.94203e-06
vmin                =  -1.58381e-02 at=  8.72825e-06
Note: Simulation executed from .control section 
Note: Starting dynamic gmin stepping
Note: Dynamic gmin stepping completed
Note: Starting dynamic gmin stepping
Note: Dynamic gmin stepping completed
