
Note: No compatibility mode selected!


Circuit: * tt_analog_ring, code 128

Doing analysis at TEMP = 27.000000 and TNOM = 27.000000

Using SPARSE 1.3 as Direct Linear Solver
 Reference value :  0.00000e+00
No. of Data Rows : 1
idd_dis=0.000329135 vbp=0.556895 vbn=0.495863 clk_dis=1.2
Doing analysis at TEMP = 27.000000 and TNOM = 27.000000

Using SPARSE 1.3 as Direct Linear Solver

Initial Transient Solution
--------------------------

Node                                   Voltage
----                                   -------
vpwr                                       1.2
code[0]                                      0
code[1]                                      0
code[2]                                      0
code[3]                                      0
code[4]                                      0
code[5]                                      0
code[6]                                      0
code[7]                                    1.2
enable                                       0
xdut.vbp                              0.556895
xdut.vbn                              0.495863
xdut.n0                            2.01163e-07
xdut.p0                                    1.2
xdut.na0                               1.02152
xdut.s0                                    1.2
xdut.s10                                   1.2
xdut.n1                            6.17906e-07
xdut.p1                                    1.2
xdut.s1                            7.00564e-07
xdut.n2                               2.09e-07
xdut.p2                                    1.2
xdut.s2                                    1.2
xdut.n3                            5.91557e-07
xdut.p3                                    1.2
xdut.s3                            6.75519e-07
xdut.n4                            6.25903e-08
xdut.p4                                    1.2
xdut.s4                                    1.2
xdut.n5                            7.61162e-07
xdut.p5                                    1.2
xdut.s5                            8.76249e-07
xdut.n6                            4.64926e-08
xdut.p6                                    1.2
xdut.s6                                    1.2
xdut.n7                            6.96575e-07
xdut.p7                                    1.2
xdut.s7                            8.06706e-07
xdut.n8                            8.97953e-08
xdut.p8                                    1.2
xdut.s8                                    1.2
xdut.n9                            5.19694e-07
xdut.p9                                    1.2
xdut.s9                             5.8945e-07
xdut.n10                           1.88876e-07
xdut.p10                                   1.2
xdut.b1                            1.63796e-07
clk_out                                    1.2
ven#branch                         7.41212e-12
vc7#branch                        -5.86062e-08
vc6#branch                         8.62484e-13
vc5#branch                         4.30738e-13
vc4#branch                         2.12877e-13
vc3#branch                         1.07274e-13
vc2#branch                         5.34575e-14
vc1#branch                         2.67121e-14
vc0#branch                         1.31848e-14
vdd#branch                        -0.000329135

 Reference value :  0.00000e+00
 Reference value :  1.02702e-09
 Reference value :  2.23056e-09
 Reference value :  3.46496e-09
 Reference value :  4.69936e-09
 Reference value :  5.87204e-09
 Reference value :  7.07558e-09
 Reference value :  8.27912e-09
 Reference value :  9.33215e-09
 Reference value :  9.92991e-09
 Reference value :  1.05780e-08
 Reference value :  1.12569e-08
 Reference value :  1.19667e-08
 Reference value :  1.26147e-08
 Reference value :  1.32628e-08
 Reference value :  1.39109e-08
 Reference value :  1.46206e-08
 Reference value :  1.52996e-08
 Reference value :  1.59476e-08
 Reference value :  1.66883e-08
 Reference value :  1.73672e-08
 Reference value :  1.80152e-08
 Reference value :  1.86324e-08
 Reference value :  1.93422e-08
 Reference value :  1.99903e-08
 Reference value :  2.06383e-08
 Reference value :  2.13790e-08
 Reference value :  2.20270e-08
 Reference value :  2.26751e-08
 Reference value :  2.33232e-08
 Reference value :  2.40329e-08
 Reference value :  2.46810e-08
 Reference value :  2.53291e-08
 Reference value :  2.61006e-08
 Reference value :  2.67486e-08
 Reference value :  2.73967e-08
 Reference value :  2.80447e-08
 Reference value :  2.87237e-08
 Reference value :  2.94026e-08
 Reference value :  3.00815e-08
 Reference value :  3.08221e-08
 Reference value :  3.14702e-08
 Reference value :  3.21183e-08
 Reference value :  3.27355e-08
 Reference value :  3.34144e-08
 Reference value :  3.40933e-08
 Reference value :  3.47413e-08
 Reference value :  3.54820e-08
 Reference value :  3.61300e-08
 Reference value :  3.67781e-08
 Reference value :  3.74262e-08
 Reference value :  3.81359e-08
 Reference value :  3.87531e-08
 Reference value :  3.94012e-08
 Reference value :  4.01418e-08
 Reference value :  4.07899e-08
 Reference value :  4.14380e-08
 Reference value :  4.20860e-08
 Reference value :  4.27958e-08
 Reference value :  4.34747e-08
 Reference value :  4.40919e-08
 Reference value :  4.48326e-08
 Reference value :  4.54806e-08
 Reference value :  4.61287e-08
 Reference value :  4.68076e-08
 Reference value :  4.75174e-08
 Reference value :  4.81654e-08
 Reference value :  4.87826e-08
 Reference value :  4.95233e-08
 Reference value :  5.02022e-08
 Reference value :  5.08503e-08
 Reference value :  5.15292e-08
 Reference value :  5.22081e-08
 Reference value :  5.28870e-08
 Reference value :  5.35351e-08
 Reference value :  5.42757e-08
 Reference value :  5.49238e-08
 Reference value :  5.55718e-08
 Reference value :  5.62816e-08
 Reference value :  5.69297e-08
 Reference value :  5.75777e-08
 Reference value :  5.81949e-08
 Reference value :  5.89356e-08
 Reference value :  5.95528e-08
 Reference value :  6.02008e-08
 Reference value :  6.08798e-08
 Reference value :  6.15587e-08
 Reference value :  6.22376e-08
 Reference value :  6.28857e-08
 Reference value :  6.36263e-08
 Reference value :  6.42744e-08
 Reference value :  6.49224e-08
 Reference value :  6.56013e-08
 Reference value :  6.62494e-08
 Reference value :  6.68975e-08
 Reference value :  6.75455e-08
 Reference value :  6.82553e-08
 Reference value :  6.89034e-08
 Reference value :  6.95514e-08
 Reference value :  7.02303e-08
 Reference value :  7.09093e-08
 Reference value :  7.15573e-08
 Reference value :  7.21745e-08
 Reference value :  7.29152e-08
 Reference value :  7.35632e-08
 Reference value :  7.42421e-08
 Reference value :  7.48902e-08
 Reference value :  7.55691e-08
 Reference value :  7.62172e-08
 Reference value :  7.68344e-08
 Reference value :  7.75750e-08
 Reference value :  7.82231e-08
 Reference value :  7.88711e-08
 Reference value :  7.95501e-08
 Reference value :  8.02290e-08
 Reference value :  8.08771e-08
 Reference value :  8.15251e-08
 Reference value :  8.22658e-08
 Reference value :  8.29447e-08
 Reference value :  8.36236e-08
 Reference value :  8.43025e-08
 Reference value :  8.49814e-08
 Reference value :  8.56604e-08
 Reference value :  8.63393e-08
 Reference value :  8.70799e-08
 Reference value :  8.77280e-08
 Reference value :  8.83452e-08
 Reference value :  8.90550e-08
 Reference value :  8.97030e-08
 Reference value :  9.03511e-08
 Reference value :  9.09991e-08
 Reference value :  9.17089e-08
 Reference value :  9.23570e-08
 Reference value :  9.30050e-08
 Reference value :  9.36840e-08
 Reference value :  9.43629e-08
 Reference value :  9.50109e-08
 Reference value :  9.56590e-08
 Reference value :  9.63996e-08
 Reference value :  9.70477e-08
 Reference value :  9.76958e-08
 Reference value :  9.83747e-08
 Reference value :  9.90536e-08
 Reference value :  9.97325e-08
 Reference value :  1.00381e-07
 Reference value :  1.01090e-07
 Reference value :  1.01738e-07
 Reference value :  1.02386e-07
 Reference value :  1.03096e-07
 Reference value :  1.03744e-07
 Reference value :  1.04423e-07
 Reference value :  1.05102e-07
 Reference value :  1.05812e-07
 Reference value :  1.06491e-07
 Reference value :  1.07139e-07
 Reference value :  1.07849e-07
 Reference value :  1.08466e-07
 Reference value :  1.09145e-07
 Reference value :  1.09824e-07
 Reference value :  1.10503e-07
 Reference value :  1.11151e-07
 Reference value :  1.11799e-07
 Reference value :  1.12478e-07
 Reference value :  1.13126e-07
 Reference value :  1.13774e-07
 Reference value :  1.14453e-07
 Reference value :  1.15163e-07
 Reference value :  1.15811e-07
 Reference value :  1.16459e-07
 Reference value :  1.17168e-07
 Reference value :  1.17847e-07
 Reference value :  1.18526e-07
 Reference value :  1.19236e-07
 Reference value :  1.19915e-07
 Reference value :  1.20563e-07
 Reference value :  1.21180e-07
 Reference value :  1.21890e-07
 Reference value :  1.22538e-07
 Reference value :  1.23186e-07
 Reference value :  1.23865e-07
 Reference value :  1.24606e-07
 Reference value :  1.25254e-07
 Reference value :  1.25933e-07
 Reference value :  1.26581e-07
 Reference value :  1.27290e-07
 Reference value :  1.27969e-07
 Reference value :  1.28648e-07
 Reference value :  1.29327e-07
 Reference value :  1.29975e-07
 Reference value :  1.30623e-07
 Reference value :  1.31333e-07
 Reference value :  1.32043e-07
 Reference value :  1.32691e-07
 Reference value :  1.33401e-07
 Reference value :  1.34049e-07
 Reference value :  1.34697e-07
 Reference value :  1.35345e-07
 Reference value :  1.36055e-07
 Reference value :  1.36734e-07
 Reference value :  1.37413e-07
 Reference value :  1.38153e-07
 Reference value :  1.38832e-07
 Reference value :  1.39480e-07
 Reference value :  1.40128e-07
 Reference value :  1.40807e-07
 Reference value :  1.41486e-07
 Reference value :  1.42134e-07
 Reference value :  1.42875e-07
 Reference value :  1.43554e-07
 Reference value :  1.44171e-07
 Reference value :  1.44819e-07
 Reference value :  1.45560e-07
 Reference value :  1.46208e-07
 Reference value :  1.46856e-07
 Reference value :  1.47566e-07
 Reference value :  1.48244e-07
 Reference value :  1.48892e-07
 Reference value :  1.49571e-07
 Reference value :  1.50281e-07
 Reference value :  1.50929e-07
 Reference value :  1.51577e-07
 Reference value :  1.52287e-07
 Reference value :  1.52935e-07
 Reference value :  1.53583e-07
 Reference value :  1.54262e-07
 Reference value :  1.54941e-07
 Reference value :  1.55589e-07
 Reference value :  1.56268e-07
 Reference value :  1.57040e-07
 Reference value :  1.57688e-07
 Reference value :  1.58336e-07
 Reference value :  1.59045e-07
 Reference value :  1.59724e-07
 Reference value :  1.60372e-07
 Reference value :  1.61020e-07
 Reference value :  1.61761e-07
 Reference value :  1.62378e-07
 Reference value :  1.63057e-07
 Reference value :  1.63736e-07
 Reference value :  1.64384e-07
 Reference value :  1.65063e-07
 Reference value :  1.65680e-07
 Reference value :  1.66421e-07
 Reference value :  1.67100e-07
 Reference value :  1.67748e-07
 Reference value :  1.68396e-07
 Reference value :  1.69044e-07
 Reference value :  1.69692e-07
 Reference value :  1.70309e-07
 Reference value :  1.71050e-07
 Reference value :  1.71729e-07
 Reference value :  1.72377e-07
 Reference value :  1.73056e-07
 Reference value :  1.73735e-07
 Reference value :  1.74414e-07
 Reference value :  1.75062e-07
 Reference value :  1.75802e-07
 Reference value :  1.76450e-07
 Reference value :  1.77099e-07
 Reference value :  1.77777e-07
 Reference value :  1.78456e-07
 Reference value :  1.79135e-07
 Reference value :  1.79783e-07
 Reference value :  1.80524e-07
 Reference value :  1.81172e-07
 Reference value :  1.81882e-07
 Reference value :  1.82592e-07
 Reference value :  1.83271e-07
 Reference value :  1.83949e-07
 Reference value :  1.84628e-07
No. of Data Rows : 6015
vhold_min           =  1.20000e+00 at=  1.01221e-10
tfirst              =  1.20201e-08
t1                  =  1.12589e-07
t2                  =  1.17264e-07
t3                  =  1.21938e-07
t4                  =  1.26613e-07
t5                  =  1.31287e-07
t6                  =  1.35962e-07
t7                  =  1.40636e-07
t8                  =  1.45311e-07
t9                  =  1.49985e-07
t10                 =  1.54659e-07
t11                 =  1.59334e-07
t12                 =  1.64008e-07
idd_run             =  -3.44160e-04 from=  1.11100e-07 to=  1.85200e-07
vmax                =  1.21128e+00 at=  1.19390e-07
vmin                =  -7.09987e-03 at=  1.35808e-07
Note: Simulation executed from .control section 
Note: Starting dynamic gmin stepping
Note: Dynamic gmin stepping completed
Note: Starting dynamic gmin stepping
Note: Dynamic gmin stepping completed
