
Note: Compatibility modes selected: hs a


Circuit: * tt_analog_ring, code 1

Doing analysis at TEMP = 125.000000 and TNOM = 27.000000

Using SPARSE 1.3 as Direct Linear Solver
 Reference value :  0.00000e+00
No. of Data Rows : 1
idd_dis=1.00049E-05 vbp=1.08205 vbn=0.140965 clk_dis=1.31999
Doing analysis at TEMP = 125.000000 and TNOM = 27.000000

Using SPARSE 1.3 as Direct Linear Solver

Initial Transient Solution
--------------------------

Node                                   Voltage
----                                   -------
vpwr                                      1.32
code[0]                                   1.32
code[1]                                      0
code[2]                                      0
code[3]                                      0
code[4]                                      0
code[5]                                      0
code[6]                                      0
code[7]                                      0
enable                                       0
xdut.vbp                               1.08205
clk_out                                1.31999
xdut.b1                            2.27785e-05
xdut.s3                             0.00166949
xdut.s2                                1.31953
xdut.n_126                             1.31828
xdut.s1                             0.00167845
xdut.n_125                             1.31954
xdut.s10                               1.31953
xdut.s6                                1.31953
xdut.s5                             0.00166949
xdut.n_128                             1.31954
xdut.s9                             0.00166949
xdut.n_133                             1.31954
xdut.s4                                1.31953
xdut.n_129                             1.31828
xdut.s8                                1.31953
xdut.n_132                             1.31828
xdut.s7                             0.00166949
xdut.n_130                             1.31828
xdut.n_127                             1.31954
xdut.n_131                             1.31954
xdut.s0                                1.31922
xdut.n_124                             1.31828
xdut.n_71                           0.00165689
xdut.n_72                           0.00164805
xdut.n_70                          0.000410054
xdut.n_77                           0.00164805
xdut.n_75                          0.000410129
xdut.n_73                          0.000410054
xdut.n_67                          0.000410054
xdut.n_76                          0.000410054
xdut.n_69                           0.00164805
xdut.n_74                           0.00164805
xdut.n_122                             1.31923
xdut.n_i1005                           1.12653
xdut.n_68                           0.00069458
xdut.vbn                              0.140965
ven#branch                         5.59951e-11
vc7#branch                         1.95752e-10
vc6#branch                         9.78762e-11
vc5#branch                         4.89381e-11
vc4#branch                         2.44691e-11
vc3#branch                         1.22345e-11
vc2#branch                         6.11727e-12
vc1#branch                         3.05863e-12
vc0#branch                        -4.27272e-09
vdd#branch                        -1.00049e-05

 Reference value :  0.00000e+00
 Reference value :  1.66172e-07
 Reference value :  3.45494e-07
 Reference value :  5.20218e-07
 Reference value :  6.89765e-07
 Reference value :  7.60048e-07
 Reference value :  8.54307e-07
 Reference value :  9.35745e-07
 Reference value :  1.01851e-06
 Reference value :  1.10671e-06
 Reference value :  1.19408e-06
 Reference value :  1.28137e-06
 Reference value :  1.37103e-06
 Reference value :  1.46378e-06
 Reference value :  1.55344e-06
 Reference value :  1.63849e-06
 Reference value :  1.69597e-06
 Reference value :  1.74884e-06
 Reference value :  1.80024e-06
 Reference value :  1.85772e-06
 Reference value :  1.93589e-06
 Reference value :  1.99330e-06
 Reference value :  2.05767e-06
 Reference value :  2.14503e-06
 Reference value :  2.21710e-06
 Reference value :  2.29297e-06
 Reference value :  2.34124e-06
 Reference value :  2.42859e-06
 Reference value :  2.48147e-06
 Reference value :  2.54206e-06
 Reference value :  2.61103e-06
 Reference value :  2.66621e-06
 Reference value :  2.71367e-06
 Reference value :  2.79260e-06
 Reference value :  2.88226e-06
 Reference value :  2.97501e-06
 Reference value :  3.06467e-06
 Reference value :  3.14972e-06
 Reference value :  3.23938e-06
 Reference value :  3.32526e-06
 Reference value :  3.41262e-06
 Reference value :  3.49533e-06
 Reference value :  3.58269e-06
 Reference value :  3.67085e-06
 Reference value :  3.75822e-06
 Reference value :  3.84096e-06
 Reference value :  3.93062e-06
 Reference value :  4.00649e-06
 Reference value :  4.05558e-06
 Reference value :  4.10846e-06
 Reference value :  4.16134e-06
 Reference value :  4.20726e-06
 Reference value :  4.26474e-06
 Reference value :  4.31762e-06
 Reference value :  4.37279e-06
 Reference value :  4.42417e-06
 Reference value :  4.47475e-06
 Reference value :  4.53452e-06
 Reference value :  4.60577e-06
 Reference value :  4.66554e-06
 Reference value :  4.75750e-06
 Reference value :  4.81349e-06
 Reference value :  4.87786e-06
 Reference value :  4.95828e-06
 Reference value :  5.04564e-06
 Reference value :  5.13399e-06
 Reference value :  5.22116e-06
 Reference value :  5.30623e-06
 Reference value :  5.38437e-06
 Reference value :  5.45334e-06
 Reference value :  5.50491e-06
 Reference value :  5.56450e-06
 Reference value :  5.61968e-06
 Reference value :  5.67716e-06
 Reference value :  5.72768e-06
 Reference value :  5.78056e-06
 Reference value :  5.83344e-06
 Reference value :  5.88482e-06
 Reference value :  5.93769e-06
 Reference value :  5.99057e-06
 Reference value :  6.04345e-06
 Reference value :  6.09170e-06
 Reference value :  6.14688e-06
 Reference value :  6.19975e-06
 Reference value :  6.25114e-06
 Reference value :  6.30632e-06
 Reference value :  6.36150e-06
 Reference value :  6.41437e-06
 Reference value :  6.46260e-06
 Reference value :  6.51548e-06
 Reference value :  6.56836e-06
 Reference value :  6.61974e-06
 Reference value :  6.67491e-06
 Reference value :  6.72779e-06
 Reference value :  6.78067e-06
 Reference value :  6.83122e-06
 Reference value :  6.91168e-06
 Reference value :  7.00216e-06
 Reference value :  7.09872e-06
 Reference value :  7.18373e-06
 Reference value :  7.27799e-06
 Reference value :  7.36615e-06
 Reference value :  7.45582e-06
 Reference value :  7.53547e-06
 Reference value :  7.62821e-06
 Reference value :  7.72247e-06
 Reference value :  7.81294e-06
 Reference value :  7.90261e-06
 Reference value :  7.98762e-06
 Reference value :  8.07958e-06
 Reference value :  8.17005e-06
 Reference value :  8.26201e-06
 Reference value :  8.34704e-06
 Reference value :  8.43440e-06
 Reference value :  8.52487e-06
 Reference value :  8.61224e-06
 Reference value :  8.69726e-06
 Reference value :  8.78692e-06
 Reference value :  8.87738e-06
 Reference value :  8.96704e-06
 Reference value :  9.05207e-06
 Reference value :  9.14403e-06
 Reference value :  9.23221e-06
 Reference value :  9.32417e-06
 Reference value :  9.40919e-06
 Reference value :  9.50115e-06
 Reference value :  9.58701e-06
 Reference value :  9.68127e-06
 Reference value :  9.76400e-06
 Reference value :  9.85826e-06
 Reference value :  9.95022e-06
 Reference value :  1.00384e-05
 Reference value :  1.01281e-05
 Reference value :  1.02131e-05
 Reference value :  1.03050e-05
 Reference value :  1.03932e-05
 Reference value :  1.04852e-05
 Reference value :  1.05702e-05
 Reference value :  1.06599e-05
 Reference value :  1.07503e-05
 Reference value :  1.08400e-05
 Reference value :  1.09273e-05
 Reference value :  1.10124e-05
 Reference value :  1.11051e-05
 Reference value :  1.11971e-05
 Reference value :  1.12844e-05
 Reference value :  1.13741e-05
 Reference value :  1.14646e-05
 Reference value :  1.15542e-05
 Reference value :  1.16369e-05
 Reference value :  1.17335e-05
 Reference value :  1.18263e-05
 Reference value :  1.19182e-05
 Reference value :  1.20101e-05
 Reference value :  1.20998e-05
 Reference value :  1.21857e-05
 Reference value :  1.22822e-05
 Reference value :  1.23650e-05
 Reference value :  1.24592e-05
 Reference value :  1.25506e-05
 Reference value :  1.26439e-05
 Reference value :  1.27313e-05
 Reference value :  1.28278e-05
 Reference value :  1.29198e-05
 Reference value :  1.29827e-05
 Reference value :  1.30379e-05
 Reference value :  1.30930e-05
 Reference value :  1.31758e-05
 Reference value :  1.32654e-05
 Reference value :  1.33559e-05
 Reference value :  1.34478e-05
 Reference value :  1.35329e-05
 Reference value :  1.36202e-05
 Reference value :  1.37061e-05
 Reference value :  1.37900e-05
No. of Data Rows : 6076
vhold_min           =  1.31999e+00 at=  7.35680e-10
tfirst              =  8.55597e-07
t1                  =  8.46765e-06
t2                  =  8.83856e-06
t3                  =  9.20947e-06
t4                  =  9.58038e-06
t5                  =  9.95129e-06
t6                  =  1.03222e-05
t7                  =  1.06931e-05
t8                  =  1.10640e-05
t9                  =  1.14349e-05
t10                 =  1.18058e-05
t11                 =  1.21767e-05
t12                 =  1.25476e-05
idd_run             =  -1.34217e-05 from=  8.27600e-06 to=  1.37900e-05
vmax                =  1.33410e+00 at=  1.29215e-05
vmin                =  -1.26779e-02 at=  8.27729e-06
Note: Simulation executed from .control section 
Warning: m=xx on .subckt line will override multiplier m hierarchy!

Note: Starting dynamic gmin stepping
Note: Dynamic gmin stepping completed
Note: Starting dynamic gmin stepping
Note: Dynamic gmin stepping completed
