
Note: Compatibility modes selected: hs a


Circuit: * tt_analog_ring, code 0

Doing analysis at TEMP = 27.000000 and TNOM = 27.000000

Using SPARSE 1.3 as Direct Linear Solver
 Reference value :  0.00000e+00
No. of Data Rows : 1
idd_dis=5.72556E-06 vbp=0.855485 vbn=0.254751 clk_dis=1.2
Doing analysis at TEMP = 27.000000 and TNOM = 27.000000

Using SPARSE 1.3 as Direct Linear Solver

Initial Transient Solution
--------------------------

Node                                   Voltage
----                                   -------
vpwr                                       1.2
code[0]                                      0
code[1]                                      0
code[2]                                      0
code[3]                                      0
code[4]                                      0
code[5]                                      0
code[6]                                      0
code[7]                                      0
enable                                       0
xdut.vbp                              0.855485
clk_out                                    1.2
xdut.b1                            1.59744e-07
xdut.s3                            1.43203e-05
xdut.s2                                1.19999
xdut.n_126                             1.19999
xdut.s1                            1.01471e-05
xdut.n_125                             1.19999
xdut.s10                                   1.2
xdut.s6                                1.19999
xdut.s5                            1.49992e-05
xdut.n_128                             1.19999
xdut.s9                            1.14916e-05
xdut.n_133                                 1.2
xdut.s4                                1.19999
xdut.n_129                             1.19999
xdut.s8                                1.19999
xdut.n_132                             1.19999
xdut.s7                            1.10111e-05
xdut.n_130                             1.19999
xdut.n_127                             1.19999
xdut.n_131                             1.19999
xdut.s0                                1.19999
xdut.n_124                             1.19999
xdut.n_71                          1.00462e-05
xdut.n_72                          1.09191e-05
xdut.n_70                          2.41201e-06
xdut.n_77                          1.42237e-05
xdut.n_75                          1.10153e-06
xdut.n_73                          1.52132e-06
xdut.n_67                          7.14685e-07
xdut.n_76                          1.60761e-06
xdut.n_69                          1.14209e-05
xdut.n_74                          1.49103e-05
xdut.n_122                             1.19999
xdut.n_i1005                           1.02248
xdut.n_68                          4.34433e-06
xdut.vbn                              0.254751
ven#branch                         7.36288e-12
vc7#branch                         6.43227e-12
vc6#branch                         3.23407e-12
vc5#branch                         1.60346e-12
vc4#branch                         8.09788e-13
vc3#branch                          4.0184e-13
vc2#branch                         2.01829e-13
vc1#branch                         1.01436e-13
vc0#branch                         5.17809e-14
vdd#branch                        -5.72556e-06

 Reference value :  0.00000e+00
 Reference value :  1.34325e-07
 Reference value :  2.95739e-07
 Reference value :  4.57153e-07
 Reference value :  6.15058e-07
 Reference value :  7.76472e-07
 Reference value :  9.37886e-07
 Reference value :  1.05321e-06
 Reference value :  1.11984e-06
 Reference value :  1.19353e-06
 Reference value :  1.26722e-06
 Reference value :  1.33449e-06
 Reference value :  1.40818e-06
 Reference value :  1.48538e-06
 Reference value :  1.54777e-06
 Reference value :  1.62421e-06
 Reference value :  1.69790e-06
 Reference value :  1.77510e-06
 Reference value :  1.84762e-06
 Reference value :  1.92131e-06
 Reference value :  1.99851e-06
 Reference value :  2.06377e-06
 Reference value :  2.13746e-06
 Reference value :  2.20764e-06
 Reference value :  2.28381e-06
 Reference value :  2.35750e-06
 Reference value :  2.43119e-06
 Reference value :  2.50839e-06
 Reference value :  2.56665e-06
 Reference value :  2.64034e-06
 Reference value :  2.71052e-06
 Reference value :  2.78641e-06
 Reference value :  2.86010e-06
 Reference value :  2.93379e-06
 Reference value :  3.01729e-06
 Reference value :  3.08384e-06
 Reference value :  3.16104e-06
 Reference value :  3.24174e-06
 Reference value :  3.31028e-06
 Reference value :  3.38748e-06
 Reference value :  3.46468e-06
 Reference value :  3.53541e-06
 Reference value :  3.60910e-06
 Reference value :  3.68279e-06
 Reference value :  3.75496e-06
 Reference value :  3.83216e-06
 Reference value :  3.90234e-06
 Reference value :  3.97954e-06
 Reference value :  4.03667e-06
 Reference value :  4.11035e-06
 Reference value :  4.18053e-06
 Reference value :  4.25866e-06
 Reference value :  4.32884e-06
 Reference value :  4.40253e-06
 Reference value :  4.47973e-06
 Reference value :  4.54730e-06
 Reference value :  4.62099e-06
 Reference value :  4.69468e-06
 Reference value :  4.77392e-06
 Reference value :  4.84761e-06
 Reference value :  4.92130e-06
 Reference value :  4.99296e-06
 Reference value :  5.06884e-06
 Reference value :  5.13902e-06
 Reference value :  5.21621e-06
 Reference value :  5.28834e-06
 Reference value :  5.36203e-06
 Reference value :  5.44274e-06
 Reference value :  5.50692e-06
 Reference value :  5.58412e-06
 Reference value :  5.65781e-06
 Reference value :  5.73053e-06
 Reference value :  5.80773e-06
 Reference value :  5.88142e-06
 Reference value :  5.95862e-06
 Reference value :  6.03183e-06
 Reference value :  6.10552e-06
 Reference value :  6.18272e-06
 Reference value :  6.25428e-06
 Reference value :  6.32797e-06
 Reference value :  6.40166e-06
 Reference value :  6.47298e-06
 Reference value :  6.55017e-06
 Reference value :  6.62035e-06
 Reference value :  6.69754e-06
 Reference value :  6.76626e-06
 Reference value :  6.83995e-06
 Reference value :  6.91715e-06
 Reference value :  6.97734e-06
 Reference value :  7.05454e-06
 Reference value :  7.12472e-06
 Reference value :  7.19704e-06
 Reference value :  7.27166e-06
 Reference value :  7.34535e-06
 Reference value :  7.42605e-06
 Reference value :  7.49733e-06
 Reference value :  7.57102e-06
 Reference value :  7.63769e-06
 Reference value :  7.71117e-06
 Reference value :  7.78486e-06
 Reference value :  7.85855e-06
 Reference value :  7.93925e-06
 Reference value :  8.00267e-06
 Reference value :  8.07285e-06
 Reference value :  8.14303e-06
 Reference value :  8.21854e-06
 Reference value :  8.28872e-06
 Reference value :  8.36241e-06
 Reference value :  8.43771e-06
 Reference value :  8.50430e-06
 Reference value :  8.57799e-06
 Reference value :  8.65519e-06
 Reference value :  8.72554e-06
 Reference value :  8.79923e-06
 Reference value :  8.87643e-06
 Reference value :  8.95474e-06
 Reference value :  9.02843e-06
 Reference value :  9.10212e-06
 Reference value :  9.17500e-06
 Reference value :  9.25220e-06
 Reference value :  9.32940e-06
 Reference value :  9.41361e-06
 Reference value :  9.47842e-06
 Reference value :  9.55561e-06
 Reference value :  9.62930e-06
 Reference value :  9.70343e-06
 Reference value :  9.77712e-06
 Reference value :  9.85432e-06
 Reference value :  9.92031e-06
 Reference value :  9.99331e-06
 Reference value :  1.00635e-05
 Reference value :  1.01442e-05
 Reference value :  1.02129e-05
 Reference value :  1.02901e-05
 Reference value :  1.03673e-05
 Reference value :  1.04380e-05
 Reference value :  1.05117e-05
 Reference value :  1.05818e-05
 Reference value :  1.06540e-05
 Reference value :  1.07312e-05
 Reference value :  1.08049e-05
 Reference value :  1.08856e-05
 Reference value :  1.09425e-05
 Reference value :  1.10162e-05
 Reference value :  1.10864e-05
 Reference value :  1.11591e-05
 Reference value :  1.12327e-05
 Reference value :  1.13064e-05
 Reference value :  1.13906e-05
 Reference value :  1.14594e-05
 Reference value :  1.15331e-05
 Reference value :  1.16068e-05
 Reference value :  1.16773e-05
 Reference value :  1.17509e-05
 Reference value :  1.18281e-05
 Reference value :  1.18942e-05
 Reference value :  1.19714e-05
 Reference value :  1.20451e-05
 Reference value :  1.21212e-05
 Reference value :  1.21966e-05
 Reference value :  1.22703e-05
 Reference value :  1.23475e-05
 Reference value :  1.24224e-05
 Reference value :  1.24925e-05
 Reference value :  1.25627e-05
 Reference value :  1.26383e-05
 Reference value :  1.27085e-05
 Reference value :  1.27787e-05
 Reference value :  1.28594e-05
 Reference value :  1.29167e-05
 Reference value :  1.29904e-05
 Reference value :  1.30641e-05
 Reference value :  1.31376e-05
 Reference value :  1.32113e-05
 Reference value :  1.32885e-05
 Reference value :  1.33672e-05
 Reference value :  1.34408e-05
 Reference value :  1.35145e-05
 Reference value :  1.35952e-05
 Reference value :  1.36758e-05
 Reference value :  1.37495e-05
 Reference value :  1.38302e-05
 Reference value :  1.39044e-05
 Reference value :  1.39781e-05
 Reference value :  1.40483e-05
 Reference value :  1.41249e-05
 Reference value :  1.41986e-05
 Reference value :  1.42723e-05
 Reference value :  1.43488e-05
 Reference value :  1.44201e-05
 Reference value :  1.44938e-05
 Reference value :  1.45710e-05
 Reference value :  1.46396e-05
 Reference value :  1.47133e-05
 Reference value :  1.47905e-05
 Reference value :  1.48553e-05
 Reference value :  1.49325e-05
 Reference value :  1.50062e-05
 Reference value :  1.50830e-05
 Reference value :  1.51566e-05
 Reference value :  1.52338e-05
 Reference value :  1.53145e-05
 Reference value :  1.53857e-05
 Reference value :  1.54594e-05
 Reference value :  1.55296e-05
 Reference value :  1.56022e-05
 Reference value :  1.56723e-05
 Reference value :  1.57460e-05
 Reference value :  1.58266e-05
 Reference value :  1.58979e-05
 Reference value :  1.59716e-05
 Reference value :  1.60488e-05
 Reference value :  1.61169e-05
 Reference value :  1.61941e-05
 Reference value :  1.62713e-05
 Reference value :  1.63397e-05
 Reference value :  1.64134e-05
 Reference value :  1.64871e-05
 Reference value :  1.65621e-05
 Reference value :  1.66358e-05
 Reference value :  1.67095e-05
 Reference value :  1.67832e-05
 Reference value :  1.68577e-05
 Reference value :  1.69279e-05
 Reference value :  1.69981e-05
 Reference value :  1.70736e-05
 Reference value :  1.71473e-05
 Reference value :  1.72245e-05
 Reference value :  1.73035e-05
 Reference value :  1.73738e-05
 Reference value :  1.74475e-05
 Reference value :  1.75282e-05
 Reference value :  1.76008e-05
 Reference value :  1.76745e-05
 Reference value :  1.77517e-05
 Reference value :  1.78173e-05
 Reference value :  1.78945e-05
 Reference value :  1.79647e-05
 Reference value :  1.80367e-05
 Reference value :  1.81104e-05
 Reference value :  1.81841e-05
 Reference value :  1.82613e-05
 Reference value :  1.83320e-05
 Reference value :  1.84057e-05
 Reference value :  1.84759e-05
 Reference value :  1.85515e-05
 Reference value :  1.86217e-05
 Reference value :  1.86919e-05
 Reference value :  1.87761e-05
 Reference value :  1.88331e-05
 Reference value :  1.89033e-05
 Reference value :  1.89735e-05
 Reference value :  1.90497e-05
 Reference value :  1.91199e-05
 Reference value :  1.91936e-05
 Reference value :  1.92740e-05
 Reference value :  1.93474e-05
 Reference value :  1.94210e-05
 Reference value :  1.95017e-05
 Reference value :  1.95699e-05
 Reference value :  1.96436e-05
 Reference value :  1.97173e-05
 Reference value :  1.97881e-05
 Reference value :  1.98618e-05
 Reference value :  1.99319e-05
 Reference value :  2.00041e-05
 Reference value :  2.00813e-05
 Reference value :  2.01550e-05
 Reference value :  2.02322e-05
 Reference value :  2.02929e-05
 Reference value :  2.03701e-05
 Reference value :  2.04403e-05
 Reference value :  2.05130e-05
 Reference value :  2.05867e-05
 Reference value :  2.06604e-05
 Reference value :  2.07411e-05
 Reference value :  2.08109e-05
 Reference value :  2.08811e-05
 Reference value :  2.09548e-05
 Reference value :  2.10261e-05
No. of Data Rows : 6089
vhold_min           =  1.20000e+00 at=  1.65906e-07
tfirst              =  1.28294e-06
t1                  =  1.28681e-05
t2                  =  1.33606e-05
t3                  =  1.38531e-05
t4                  =  1.43469e-05
t5                  =  1.48388e-05
t6                  =  1.53305e-05
t7                  =  1.58243e-05
t8                  =  1.63165e-05
t9                  =  1.68094e-05
t10                 =  1.73014e-05
t11                 =  1.77939e-05
t12                 =  1.82864e-05
idd_run             =  -6.69434e-06 from=  1.26300e-05 to=  2.10500e-05
vmax                =  1.21390e+00 at=  1.97682e-05
vmin                =  -1.14099e-02 at=  1.45843e-05
Note: Simulation executed from .control section 
Warning: m=xx on .subckt line will override multiplier m hierarchy!

Note: Starting dynamic gmin stepping
Note: Dynamic gmin stepping completed
Note: Starting dynamic gmin stepping
Note: Dynamic gmin stepping completed
