
Note: No compatibility mode selected!


Circuit: * tt_analog_ring, code 127

Doing analysis at TEMP = 27.000000 and TNOM = 27.000000

Using SPARSE 1.3 as Direct Linear Solver
 Reference value :  0.00000e+00
No. of Data Rows : 1
idd_dis=0.000328349 vbp=0.557835 vbn=0.507114 clk_dis=1.2
Doing analysis at TEMP = 27.000000 and TNOM = 27.000000

Using SPARSE 1.3 as Direct Linear Solver

Initial Transient Solution
--------------------------

Node                                   Voltage
----                                   -------
vpwr                                       1.2
code[0]                                    1.2
code[1]                                    1.2
code[2]                                    1.2
code[3]                                    1.2
code[4]                                    1.2
code[5]                                    1.2
code[6]                                    1.2
code[7]                                      0
enable                                       0
xdut.vbp                              0.557835
xdut.vbn                              0.507114
xdut.n0                            2.53511e-07
xdut.p0                                    1.2
xdut.na0                               1.02399
xdut.s0                                    1.2
xdut.s10                                   1.2
xdut.n1                            6.31883e-07
xdut.p1                                    1.2
xdut.s1                            7.28374e-07
xdut.n2                            1.26073e-07
xdut.p2                                    1.2
xdut.s2                                    1.2
xdut.n3                            5.85193e-07
xdut.p3                                    1.2
xdut.s3                            6.69225e-07
xdut.n4                            1.13616e-07
xdut.p4                                    1.2
xdut.s4                                    1.2
xdut.n5                            5.17601e-07
xdut.p5                                    1.2
xdut.s5                            5.99701e-07
xdut.n6                             9.6358e-08
xdut.p6                                    1.2
xdut.s6                                    1.2
xdut.n7                            6.10476e-07
xdut.p7                                    1.2
xdut.s7                            7.12837e-07
xdut.n8                            2.26604e-07
xdut.p8                                    1.2
xdut.s8                                    1.2
xdut.n9                            5.82688e-07
xdut.p9                                    1.2
xdut.s9                            6.70546e-07
xdut.n10                            7.3422e-08
xdut.p10                                   1.2
xdut.b1                            1.45093e-07
clk_out                                    1.2
ven#branch                         7.21501e-12
vc7#branch                         1.73302e-12
vc6#branch                        -2.91705e-08
vc5#branch                        -1.46377e-08
vc4#branch                        -7.34918e-09
vc3#branch                        -3.67346e-09
vc2#branch                        -1.82812e-09
vc1#branch                        -9.25203e-10
vc0#branch                        -4.51935e-10
vdd#branch                        -0.000328349

 Reference value :  0.00000e+00
 Reference value :  1.00100e-09
 Reference value :  2.21039e-09
 Reference value :  3.38877e-09
 Reference value :  4.59816e-09
 Reference value :  5.80755e-09
 Reference value :  7.04795e-09
 Reference value :  8.25734e-09
 Reference value :  9.34851e-09
 Reference value :  9.97569e-09
 Reference value :  1.06579e-08
 Reference value :  1.13401e-08
 Reference value :  1.20844e-08
 Reference value :  1.27666e-08
 Reference value :  1.34178e-08
 Reference value :  1.41000e-08
 Reference value :  1.47822e-08
 Reference value :  1.54645e-08
 Reference value :  1.61467e-08
 Reference value :  1.68599e-08
 Reference value :  1.75421e-08
 Reference value :  1.81933e-08
 Reference value :  1.89066e-08
 Reference value :  1.95578e-08
 Reference value :  2.02400e-08
 Reference value :  2.09842e-08
 Reference value :  2.16665e-08
 Reference value :  2.23487e-08
 Reference value :  2.30309e-08
 Reference value :  2.37441e-08
 Reference value :  2.44263e-08
 Reference value :  2.51086e-08
 Reference value :  2.57598e-08
 Reference value :  2.64110e-08
 Reference value :  2.70622e-08
 Reference value :  2.77754e-08
 Reference value :  2.84266e-08
 Reference value :  2.90778e-08
 Reference value :  2.97601e-08
 Reference value :  3.04423e-08
 Reference value :  3.11555e-08
 Reference value :  3.18067e-08
 Reference value :  3.25200e-08
 Reference value :  3.32022e-08
 Reference value :  3.38534e-08
 Reference value :  3.45976e-08
 Reference value :  3.52798e-08
 Reference value :  3.59311e-08
 Reference value :  3.66133e-08
 Reference value :  3.72955e-08
 Reference value :  3.79467e-08
 Reference value :  3.86289e-08
 Reference value :  3.93422e-08
 Reference value :  3.99934e-08
 Reference value :  4.06446e-08
 Reference value :  4.13578e-08
 Reference value :  4.20090e-08
 Reference value :  4.26602e-08
 Reference value :  4.33735e-08
 Reference value :  4.40247e-08
 Reference value :  4.47069e-08
 Reference value :  4.53891e-08
 Reference value :  4.60713e-08
 Reference value :  4.67225e-08
 Reference value :  4.73737e-08
 Reference value :  4.81180e-08
 Reference value :  4.88312e-08
 Reference value :  4.95134e-08
 Reference value :  5.01957e-08
 Reference value :  5.08469e-08
 Reference value :  5.15291e-08
 Reference value :  5.21803e-08
 Reference value :  5.29245e-08
 Reference value :  5.36068e-08
 Reference value :  5.42580e-08
 Reference value :  5.49402e-08
 Reference value :  5.56224e-08
 Reference value :  5.62736e-08
 Reference value :  5.69558e-08
 Reference value :  5.77001e-08
 Reference value :  5.83513e-08
 Reference value :  5.90025e-08
 Reference value :  5.96847e-08
 Reference value :  6.03359e-08
 Reference value :  6.09871e-08
 Reference value :  6.17624e-08
 Reference value :  6.24756e-08
 Reference value :  6.31578e-08
 Reference value :  6.39021e-08
 Reference value :  6.45533e-08
 Reference value :  6.52045e-08
 Reference value :  6.58867e-08
 Reference value :  6.65999e-08
 Reference value :  6.72512e-08
 Reference value :  6.79024e-08
 Reference value :  6.85846e-08
 Reference value :  6.92668e-08
 Reference value :  6.99490e-08
 Reference value :  7.06623e-08
 Reference value :  7.13135e-08
 Reference value :  7.19337e-08
 Reference value :  7.26159e-08
 Reference value :  7.33291e-08
 Reference value :  7.39493e-08
 Reference value :  7.46005e-08
 Reference value :  7.53138e-08
 Reference value :  7.59960e-08
 Reference value :  7.66782e-08
 Reference value :  7.73604e-08
 Reference value :  7.80116e-08
 Reference value :  7.86628e-08
 Reference value :  7.93451e-08
 Reference value :  8.00893e-08
 Reference value :  8.07405e-08
 Reference value :  8.13607e-08
 Reference value :  8.20429e-08
 Reference value :  8.27251e-08
 Reference value :  8.33764e-08
 Reference value :  8.40586e-08
 Reference value :  8.47408e-08
 Reference value :  8.53920e-08
 Reference value :  8.60432e-08
 Reference value :  8.67254e-08
 Reference value :  8.74077e-08
 Reference value :  8.80589e-08
 Reference value :  8.87721e-08
 Reference value :  8.93923e-08
 Reference value :  9.00435e-08
 Reference value :  9.07257e-08
 Reference value :  9.14079e-08
 Reference value :  9.20902e-08
 Reference value :  9.27724e-08
 Reference value :  9.34856e-08
 Reference value :  9.41678e-08
 Reference value :  9.48190e-08
 Reference value :  9.55323e-08
 Reference value :  9.62145e-08
 Reference value :  9.68657e-08
 Reference value :  9.75479e-08
 Reference value :  9.82301e-08
 Reference value :  9.88503e-08
 Reference value :  9.95016e-08
 Reference value :  1.00215e-07
 Reference value :  1.00866e-07
 Reference value :  1.01517e-07
 Reference value :  1.02230e-07
 Reference value :  1.02913e-07
 Reference value :  1.03626e-07
 Reference value :  1.04308e-07
 Reference value :  1.04990e-07
 Reference value :  1.05642e-07
 Reference value :  1.06324e-07
 Reference value :  1.07037e-07
 Reference value :  1.07688e-07
 Reference value :  1.08339e-07
 Reference value :  1.09053e-07
 Reference value :  1.09704e-07
 Reference value :  1.10386e-07
 Reference value :  1.11068e-07
 Reference value :  1.11782e-07
 Reference value :  1.12433e-07
 Reference value :  1.13084e-07
 Reference value :  1.13797e-07
 Reference value :  1.14448e-07
 Reference value :  1.15100e-07
 Reference value :  1.15844e-07
 Reference value :  1.16495e-07
 Reference value :  1.17177e-07
 Reference value :  1.17859e-07
 Reference value :  1.18542e-07
 Reference value :  1.19193e-07
 Reference value :  1.19844e-07
 Reference value :  1.20588e-07
 Reference value :  1.21240e-07
 Reference value :  1.21891e-07
 Reference value :  1.22542e-07
 Reference value :  1.23162e-07
 Reference value :  1.23813e-07
 Reference value :  1.24496e-07
 Reference value :  1.25209e-07
 Reference value :  1.25860e-07
 Reference value :  1.26542e-07
 Reference value :  1.27256e-07
 Reference value :  1.27938e-07
 Reference value :  1.28589e-07
 Reference value :  1.29302e-07
 Reference value :  1.29984e-07
 Reference value :  1.30605e-07
 Reference value :  1.31287e-07
 Reference value :  1.31969e-07
 Reference value :  1.32651e-07
 Reference value :  1.33333e-07
 Reference value :  1.34047e-07
 Reference value :  1.34698e-07
 Reference value :  1.35349e-07
 Reference value :  1.36031e-07
 Reference value :  1.36714e-07
 Reference value :  1.37365e-07
 Reference value :  1.38016e-07
 Reference value :  1.38729e-07
 Reference value :  1.39411e-07
 Reference value :  1.40094e-07
 Reference value :  1.40807e-07
 Reference value :  1.41458e-07
 Reference value :  1.42140e-07
 Reference value :  1.42885e-07
 Reference value :  1.43567e-07
 Reference value :  1.44218e-07
 Reference value :  1.44900e-07
 Reference value :  1.45582e-07
 Reference value :  1.46265e-07
 Reference value :  1.46916e-07
 Reference value :  1.47629e-07
 Reference value :  1.48311e-07
 Reference value :  1.48963e-07
 Reference value :  1.49676e-07
 Reference value :  1.50327e-07
 Reference value :  1.51009e-07
 Reference value :  1.51660e-07
 Reference value :  1.52374e-07
 Reference value :  1.53025e-07
 Reference value :  1.53707e-07
 Reference value :  1.54420e-07
 Reference value :  1.55102e-07
 Reference value :  1.55754e-07
 Reference value :  1.56467e-07
 Reference value :  1.57149e-07
 Reference value :  1.57800e-07
 Reference value :  1.58452e-07
 Reference value :  1.59134e-07
 Reference value :  1.59816e-07
 Reference value :  1.60467e-07
 Reference value :  1.61211e-07
 Reference value :  1.61863e-07
 Reference value :  1.62545e-07
 Reference value :  1.63258e-07
 Reference value :  1.63940e-07
 Reference value :  1.64592e-07
 Reference value :  1.65274e-07
 Reference value :  1.65987e-07
 Reference value :  1.66669e-07
 Reference value :  1.67351e-07
 Reference value :  1.68096e-07
 Reference value :  1.68778e-07
 Reference value :  1.69460e-07
 Reference value :  1.70204e-07
 Reference value :  1.70887e-07
 Reference value :  1.71538e-07
 Reference value :  1.72251e-07
 Reference value :  1.72902e-07
 Reference value :  1.73584e-07
 Reference value :  1.74267e-07
 Reference value :  1.74980e-07
 Reference value :  1.75662e-07
 Reference value :  1.76282e-07
 Reference value :  1.76965e-07
 Reference value :  1.77647e-07
 Reference value :  1.78298e-07
 Reference value :  1.79042e-07
 Reference value :  1.79693e-07
 Reference value :  1.80376e-07
 Reference value :  1.81058e-07
 Reference value :  1.81740e-07
 Reference value :  1.82391e-07
 Reference value :  1.83042e-07
 Reference value :  1.83787e-07
 Reference value :  1.84438e-07
 Reference value :  1.85089e-07
 Reference value :  1.85771e-07
No. of Data Rows : 6012
vhold_min           =  1.20000e+00 at=  1.32723e-10
tfirst              =  1.19869e-08
t1                  =  1.13654e-07
t2                  =  1.18171e-07
t3                  =  1.22688e-07
t4                  =  1.27205e-07
t5                  =  1.31722e-07
t6                  =  1.36238e-07
t7                  =  1.40756e-07
t8                  =  1.45273e-07
t9                  =  1.49789e-07
t10                 =  1.54306e-07
t11                 =  1.58823e-07
t12                 =  1.63340e-07
idd_run             =  -3.44017e-04 from=  1.11600e-07 to=  1.86000e-07
vmax                =  1.21222e+00 at=  1.24775e-07
vmin                =  -7.64308e-03 at=  1.85771e-07
Note: Simulation executed from .control section 
Note: Starting dynamic gmin stepping
Note: Dynamic gmin stepping completed
Note: Starting dynamic gmin stepping
Note: Dynamic gmin stepping completed
