
Note: No compatibility mode selected!


Circuit: * tt_analog_ring, code 15

Doing analysis at TEMP = 27.000000 and TNOM = 27.000000

Using SPARSE 1.3 as Direct Linear Solver
 Reference value :  0.00000e+00
No. of Data Rows : 1
idd_dis=4.81156E-05 vbp=0.749807 vbn=0.359736 clk_dis=1.2
Doing analysis at TEMP = 27.000000 and TNOM = 27.000000

Using SPARSE 1.3 as Direct Linear Solver

Initial Transient Solution
--------------------------

Node                                   Voltage
----                                   -------
vpwr                                       1.2
code[0]                                    1.2
code[1]                                    1.2
code[2]                                    1.2
code[3]                                    1.2
code[4]                                      0
code[5]                                      0
code[6]                                      0
code[7]                                      0
enable                                       0
xdut.vbp                              0.749807
xdut.vbn                              0.359736
xdut.n0                            9.16866e-07
xdut.p0                                    1.2
xdut.na0                               1.01778
xdut.s0                                    1.2
xdut.s10                                   1.2
xdut.n1                            1.43345e-06
xdut.p1                                    1.2
xdut.s1                            1.50573e-06
xdut.n2                            3.09817e-07
xdut.p2                                    1.2
xdut.s2                                    1.2
xdut.n3                            2.20623e-06
xdut.p3                                    1.2
xdut.s3                            2.32051e-06
xdut.n4                            6.13019e-07
xdut.p4                                    1.2
xdut.s4                                    1.2
xdut.n5                              2.268e-06
xdut.p5                                    1.2
xdut.s5                            2.37146e-06
xdut.n6                            1.18671e-07
xdut.p6                                    1.2
xdut.s6                                    1.2
xdut.n7                            1.38259e-06
xdut.p7                                    1.2
xdut.s7                            1.45251e-06
xdut.n8                            2.56907e-07
xdut.p8                                    1.2
xdut.s8                                    1.2
xdut.n9                            1.35611e-06
xdut.p9                                    1.2
xdut.s9                            1.43766e-06
xdut.n10                           1.35504e-07
xdut.p10                                   1.2
xdut.b1                            1.32837e-07
clk_out                                    1.2
ven#branch                         7.31989e-12
vc7#branch                         4.12006e-12
vc6#branch                         2.05366e-12
vc5#branch                         1.02917e-12
vc4#branch                         5.15755e-13
vc3#branch                        -3.37175e-09
vc2#branch                        -1.70013e-09
vc1#branch                        -8.50071e-10
vc0#branch                        -4.13959e-10
vdd#branch                        -4.81156e-05

 Reference value :  0.00000e+00
 Reference value :  5.99325e-09
 Reference value :  1.34656e-08
 Reference value :  2.09380e-08
 Reference value :  2.82188e-08
 Reference value :  3.54996e-08
 Reference value :  4.25888e-08
 Reference value :  5.00612e-08
 Reference value :  5.74700e-08
 Reference value :  6.04694e-08
 Reference value :  6.43014e-08
 Reference value :  6.81334e-08
 Reference value :  7.18068e-08
 Reference value :  7.56388e-08
 Reference value :  7.96624e-08
 Reference value :  8.34944e-08
 Reference value :  8.73242e-08
 Reference value :  9.13478e-08
 Reference value :  9.51798e-08
 Reference value :  9.84800e-08
 Reference value :  1.02312e-07
 Reference value :  1.06336e-07
 Reference value :  1.10168e-07
 Reference value :  1.14000e-07
 Reference value :  1.18023e-07
 Reference value :  1.21855e-07
 Reference value :  1.25421e-07
 Reference value :  1.29445e-07
 Reference value :  1.33468e-07
 Reference value :  1.37300e-07
 Reference value :  1.41125e-07
 Reference value :  1.44957e-07
 Reference value :  1.48789e-07
 Reference value :  1.52528e-07
 Reference value :  1.56552e-07
 Reference value :  1.60576e-07
 Reference value :  1.64389e-07
 Reference value :  1.68221e-07
 Reference value :  1.72053e-07
 Reference value :  1.76077e-07
 Reference value :  1.79235e-07
 Reference value :  1.83259e-07
 Reference value :  1.87091e-07
 Reference value :  1.91102e-07
 Reference value :  1.94934e-07
 Reference value :  1.98766e-07
 Reference value :  2.02598e-07
 Reference value :  2.06492e-07
 Reference value :  2.10324e-07
 Reference value :  2.13964e-07
 Reference value :  2.17796e-07
 Reference value :  2.21628e-07
 Reference value :  2.25652e-07
 Reference value :  2.29112e-07
 Reference value :  2.33058e-07
 Reference value :  2.37082e-07
 Reference value :  2.40914e-07
 Reference value :  2.44741e-07
 Reference value :  2.48764e-07
 Reference value :  2.52596e-07
 Reference value :  2.55881e-07
 Reference value :  2.59713e-07
 Reference value :  2.63737e-07
 Reference value :  2.67569e-07
 Reference value :  2.71401e-07
 Reference value :  2.75041e-07
 Reference value :  2.78873e-07
 Reference value :  2.82476e-07
 Reference value :  2.86308e-07
 Reference value :  2.90332e-07
 Reference value :  2.94356e-07
 Reference value :  2.98188e-07
 Reference value :  3.02211e-07
 Reference value :  3.06235e-07
 Reference value :  3.09682e-07
 Reference value :  3.13706e-07
 Reference value :  3.17538e-07
 Reference value :  3.21370e-07
 Reference value :  3.25202e-07
 Reference value :  3.29417e-07
 Reference value :  3.33440e-07
 Reference value :  3.36669e-07
 Reference value :  3.40692e-07
 Reference value :  3.44524e-07
 Reference value :  3.48356e-07
 Reference value :  3.52380e-07
 Reference value :  3.56595e-07
 Reference value :  3.60006e-07
 Reference value :  3.63675e-07
 Reference value :  3.67699e-07
 Reference value :  3.71531e-07
 Reference value :  3.75363e-07
 Reference value :  3.79578e-07
 Reference value :  3.83602e-07
 Reference value :  3.87027e-07
 Reference value :  3.90859e-07
 Reference value :  3.94882e-07
 Reference value :  3.98714e-07
 Reference value :  4.02355e-07
 Reference value :  4.06378e-07
 Reference value :  4.10402e-07
 Reference value :  4.13838e-07
 Reference value :  4.17670e-07
 Reference value :  4.21694e-07
 Reference value :  4.25526e-07
 Reference value :  4.29358e-07
 Reference value :  4.33381e-07
 Reference value :  4.37405e-07
 Reference value :  4.40641e-07
 Reference value :  4.44473e-07
 Reference value :  4.48497e-07
 Reference value :  4.52329e-07
 Reference value :  4.56161e-07
 Reference value :  4.60376e-07
 Reference value :  4.64399e-07
 Reference value :  4.67642e-07
 Reference value :  4.71665e-07
 Reference value :  4.75689e-07
 Reference value :  4.79713e-07
 Reference value :  4.83736e-07
 Reference value :  4.87760e-07
 Reference value :  4.91318e-07
 Reference value :  4.95021e-07
 Reference value :  4.98853e-07
 Reference value :  5.02877e-07
 Reference value :  5.06517e-07
 Reference value :  5.10349e-07
 Reference value :  5.14373e-07
 Reference value :  5.17805e-07
 Reference value :  5.21829e-07
 Reference value :  5.25852e-07
 Reference value :  5.29876e-07
 Reference value :  5.33708e-07
 Reference value :  5.37732e-07
 Reference value :  5.41564e-07
 Reference value :  5.44994e-07
 Reference value :  5.48826e-07
 Reference value :  5.52658e-07
 Reference value :  5.56681e-07
 Reference value :  5.60513e-07
 Reference value :  5.64728e-07
 Reference value :  5.68752e-07
 Reference value :  5.72184e-07
 Reference value :  5.76399e-07
 Reference value :  5.80231e-07
 Reference value :  5.84063e-07
 Reference value :  5.88087e-07
 Reference value :  5.92111e-07
 Reference value :  5.96094e-07
 Reference value :  5.99565e-07
 Reference value :  6.03780e-07
 Reference value :  6.07612e-07
 Reference value :  6.11444e-07
 Reference value :  6.15467e-07
 Reference value :  6.19491e-07
 Reference value :  6.22923e-07
 Reference value :  6.26946e-07
 Reference value :  6.31161e-07
 Reference value :  6.35185e-07
 Reference value :  6.38825e-07
 Reference value :  6.42849e-07
 Reference value :  6.46681e-07
 Reference value :  6.50112e-07
 Reference value :  6.54135e-07
 Reference value :  6.58350e-07
 Reference value :  6.62182e-07
 Reference value :  6.66014e-07
 Reference value :  6.70230e-07
 Reference value :  6.74253e-07
 Reference value :  6.77685e-07
 Reference value :  6.81708e-07
 Reference value :  6.85540e-07
 Reference value :  6.89372e-07
 Reference value :  6.93204e-07
 Reference value :  6.97228e-07
 Reference value :  7.01020e-07
 Reference value :  7.04874e-07
 Reference value :  7.08897e-07
 Reference value :  7.12921e-07
 Reference value :  7.16753e-07
 Reference value :  7.20777e-07
 Reference value :  7.24800e-07
 Reference value :  7.28231e-07
 Reference value :  7.32063e-07
 Reference value :  7.36087e-07
 Reference value :  7.40110e-07
 Reference value :  7.43942e-07
 Reference value :  7.48158e-07
 Reference value :  7.52373e-07
 Reference value :  7.55804e-07
 Reference value :  7.59827e-07
 Reference value :  7.63851e-07
 Reference value :  7.67683e-07
 Reference value :  7.71706e-07
 Reference value :  7.75922e-07
 Reference value :  7.79714e-07
 Reference value :  7.83376e-07
 Reference value :  7.87400e-07
 Reference value :  7.91232e-07
 Reference value :  7.94872e-07
 Reference value :  7.98896e-07
 Reference value :  8.03111e-07
 Reference value :  8.06733e-07
 Reference value :  8.10757e-07
 Reference value :  8.14781e-07
 Reference value :  8.18613e-07
 Reference value :  8.22445e-07
 Reference value :  8.26660e-07
 Reference value :  8.30492e-07
 Reference value :  8.33923e-07
 Reference value :  8.37755e-07
 Reference value :  8.41778e-07
 Reference value :  8.45610e-07
 Reference value :  8.49442e-07
 Reference value :  8.53466e-07
 Reference value :  8.57681e-07
 Reference value :  8.61112e-07
 Reference value :  8.65136e-07
 Reference value :  8.68968e-07
 Reference value :  8.72800e-07
 Reference value :  8.76823e-07
 Reference value :  8.80847e-07
 Reference value :  8.84639e-07
 Reference value :  8.88301e-07
 Reference value :  8.92133e-07
 Reference value :  8.95965e-07
 Reference value :  8.99797e-07
 Reference value :  9.03629e-07
 Reference value :  9.07653e-07
 Reference value :  9.11140e-07
 Reference value :  9.15107e-07
 Reference value :  9.18939e-07
 Reference value :  9.22771e-07
 Reference value :  9.26412e-07
 Reference value :  9.30435e-07
 Reference value :  9.34459e-07
 Reference value :  9.38081e-07
 Reference value :  9.41913e-07
 Reference value :  9.45937e-07
 Reference value :  9.49960e-07
 Reference value :  9.53792e-07
 Reference value :  9.58008e-07
 Reference value :  9.62223e-07
 Reference value :  9.65653e-07
 Reference value :  9.69677e-07
 Reference value :  9.73701e-07
 Reference value :  9.77341e-07
 Reference value :  9.81365e-07
 Reference value :  9.85388e-07
 Reference value :  9.89412e-07
 Reference value :  9.92651e-07
 Reference value :  9.96675e-07
 Reference value :  1.00070e-06
 Reference value :  1.00453e-06
 Reference value :  1.00836e-06
 Reference value :  1.01258e-06
 Reference value :  1.01606e-06
 Reference value :  1.02022e-06
 Reference value :  1.02425e-06
 Reference value :  1.02808e-06
 Reference value :  1.03191e-06
 Reference value :  1.03574e-06
 Reference value :  1.03957e-06
 Reference value :  1.04301e-06
 Reference value :  1.04703e-06
 Reference value :  1.05105e-06
 Reference value :  1.05508e-06
 Reference value :  1.05891e-06
 Reference value :  1.06312e-06
 Reference value :  1.06734e-06
 Reference value :  1.07077e-06
 Reference value :  1.07479e-06
 Reference value :  1.07863e-06
 Reference value :  1.08246e-06
 Reference value :  1.08629e-06
 Reference value :  1.09031e-06
 Reference value :  1.09434e-06
 Reference value :  1.09777e-06
 Reference value :  1.10198e-06
 Reference value :  1.10601e-06
 Reference value :  1.10984e-06
 Reference value :  1.11386e-06
 Reference value :  1.11789e-06
 Reference value :  1.12151e-06
 Reference value :  1.12553e-06
 Reference value :  1.12955e-06
 Reference value :  1.13358e-06
 Reference value :  1.13722e-06
 Reference value :  1.14163e-06
 Reference value :  1.14584e-06
No. of Data Rows : 6058
vhold_min           =  1.20000e+00 at=  2.45248e-10
tfirst              =  7.12276e-08
t1                  =  7.14064e-07
t2                  =  7.40295e-07
t3                  =  7.66527e-07
t4                  =  7.92758e-07
t5                  =  8.18990e-07
t6                  =  8.45221e-07
t7                  =  8.71452e-07
t8                  =  8.97684e-07
t9                  =  9.23915e-07
t10                 =  9.50146e-07
t11                 =  9.76378e-07
t12                 =  1.00261e-06
idd_run             =  -5.15438e-05 from=  6.89700e-07 to=  1.14900e-06
vmax                =  1.21331e+00 at=  1.13415e-06
vmin                =  -2.16326e-02 at=  7.01020e-07
Note: Simulation executed from .control section 
Note: Starting dynamic gmin stepping
Note: Dynamic gmin stepping completed
Note: Starting dynamic gmin stepping
Note: Dynamic gmin stepping completed
