
Note: No compatibility mode selected!


Circuit: * stage delay at code 16

Doing analysis at TEMP = 125.000000 and TNOM = 27.000000

Using SPARSE 1.3 as Direct Linear Solver

Initial Transient Solution
--------------------------

Node                                   Voltage
----                                   -------
vpwr                                       1.2
code[0]                                      0
code[1]                                      0
code[2]                                      0
code[3]                                      0
code[4]                                    1.2
code[5]                                      0
code[6]                                      0
code[7]                                      0
vbp                                   0.797956
vbn                                    0.24554
a                                            0
xdrv.net1                              1.19993
b                                      1.19993
xdrv.net2                          6.27315e-05
xdut.net1                              1.19996
y                                  4.09453e-05
xdut.net2                          3.94058e-05
xload.net1                             1.19993
z                                      1.19993
xload.net2                          6.2784e-05
xload2.net1                            1.19996
zz                                 4.03652e-05
xload2.net2                        3.88479e-05
vin#branch                         7.65604e-12
vc7#branch                         4.35545e-11
vc6#branch                         2.17653e-11
vc5#branch                         1.08708e-11
vc4#branch                         -2.6257e-08
vc3#branch                         2.69986e-12
vc2#branch                         1.33804e-12
vc1#branch                         6.57129e-13
vc0#branch                         3.16674e-13
vdd#branch                        -3.97726e-05

 Reference value :  6.30888e-10
 Reference value :  9.32999e-09
 Reference value :  1.63506e-08
 Reference value :  2.28004e-08
 Reference value :  3.15537e-08
 Reference value :  4.03342e-08
 Reference value :  4.61294e-08
 Reference value :  5.35548e-08
 Reference value :  6.23352e-08
 Reference value :  6.98731e-08
 Reference value :  7.60790e-08
 Reference value :  8.47510e-08
 Reference value :  9.34501e-08
 Reference value :  9.95976e-08
 Reference value :  1.06562e-07
 Reference value :  1.15316e-07
 Reference value :  1.23179e-07
 Reference value :  1.29032e-07
 Reference value :  1.37542e-07
 Reference value :  1.46268e-07
 Reference value :  1.52849e-07
 Reference value :  1.59570e-07
No. of Data Rows : 6044
tin_f               =  6.87432e-08
tout_r              =  7.02414e-08
tin_r               =  9.61697e-08
tout_f              =  9.76588e-08
tplh=1.49813E-09 tphl=1.48907E-09
t40r                =  6.99722e-08
t60r                =  7.07059e-08
t60f                =  9.74410e-08
t40f                =  9.78775e-08
sr_r=3.27127E+08 sr_f=-5.49879E+08
tr                  =  6.94409e-08
tr8                 =  7.18567e-08
tf                  =  9.69177e-08
tf2                 =  9.86775e-08
trise=2.41581E-09 tfall=1.75979E-09
Note: Simulation executed from .control section 
Note: Starting dynamic gmin stepping
Note: Dynamic gmin stepping completed
