
Note: No compatibility mode selected!


Circuit: * tt_analog_ring, code 0

Doing analysis at TEMP = 125.000000 and TNOM = 27.000000

Using SPARSE 1.3 as Direct Linear Solver
 Reference value :  0.00000e+00
No. of Data Rows : 1
idd_dis=5.10009E-06 vbp=0.921444 vbn=0.133857 clk_dis=1.2
Doing analysis at TEMP = 125.000000 and TNOM = 27.000000

Using SPARSE 1.3 as Direct Linear Solver

Initial Transient Solution
--------------------------

Node                                   Voltage
----                                   -------
vpwr                                       1.2
code[0]                                      0
code[1]                                      0
code[2]                                      0
code[3]                                      0
code[4]                                      0
code[5]                                      0
code[6]                                      0
code[7]                                      0
enable                                       0
xdut.vbp                              0.921444
xdut.vbn                              0.133857
xdut.n0                            0.000596915
xdut.p0                                1.19937
xdut.na0                               1.01768
xdut.s0                                1.19937
xdut.s10                               1.19965
xdut.n1                            0.000203532
xdut.p1                                1.19982
xdut.s1                            0.000205082
xdut.n2                            0.000321646
xdut.p2                                1.19966
xdut.s2                                1.19965
xdut.n3                            0.000202565
xdut.p3                                1.19982
xdut.s3                            0.000204108
xdut.n4                            0.000321639
xdut.p4                                1.19966
xdut.s4                                1.19965
xdut.n5                            0.000202565
xdut.p5                                1.19982
xdut.s5                            0.000204108
xdut.n6                            0.000321639
xdut.p6                                1.19966
xdut.s6                                1.19965
xdut.n7                            0.000202565
xdut.p7                                1.19982
xdut.s7                            0.000204108
xdut.n8                            0.000321639
xdut.p8                                1.19966
xdut.s8                                1.19965
xdut.n9                            0.000202565
xdut.p9                                1.19982
xdut.s9                            0.000204108
xdut.n10                           0.000321639
xdut.p10                               1.19966
xdut.b1                            1.62242e-06
clk_out                                    1.2
ven#branch                         7.66458e-12
vc7#branch                         5.51338e-11
vc6#branch                         2.75669e-11
vc5#branch                         1.37834e-11
vc4#branch                         6.89172e-12
vc3#branch                         3.44586e-12
vc2#branch                         1.72293e-12
vc1#branch                         8.61465e-13
vc0#branch                         4.30732e-13
vdd#branch                        -5.10009e-06

 Reference value :  0.00000e+00
 Reference value :  5.48651e-08
 Reference value :  1.21517e-07
 Reference value :  1.91677e-07
 Reference value :  2.60083e-07
 Reference value :  3.30243e-07
 Reference value :  4.00403e-07
 Reference value :  4.68809e-07
 Reference value :  5.26400e-07
 Reference value :  5.56249e-07
 Reference value :  5.94837e-07
 Reference value :  6.29917e-07
 Reference value :  6.66751e-07
 Reference value :  6.98077e-07
 Reference value :  7.36665e-07
 Reference value :  7.75253e-07
 Reference value :  8.10333e-07
 Reference value :  8.47167e-07
 Reference value :  8.81169e-07
 Reference value :  9.18003e-07
 Reference value :  9.53083e-07
 Reference value :  9.88163e-07
 Reference value :  1.02500e-06
 Reference value :  1.05722e-06
 Reference value :  1.09406e-06
 Reference value :  1.13089e-06
 Reference value :  1.16948e-06
 Reference value :  1.20177e-06
 Reference value :  1.24200e-06
 Reference value :  1.27883e-06
 Reference value :  1.31391e-06
 Reference value :  1.35074e-06
 Reference value :  1.38135e-06
 Reference value :  1.41994e-06
 Reference value :  1.45502e-06
 Reference value :  1.49185e-06
 Reference value :  1.52869e-06
 Reference value :  1.56439e-06
 Reference value :  1.60122e-06
 Reference value :  1.63805e-06
 Reference value :  1.67489e-06
 Reference value :  1.70729e-06
 Reference value :  1.74588e-06
 Reference value :  1.78271e-06
 Reference value :  1.81955e-06
 Reference value :  1.85463e-06
 Reference value :  1.88682e-06
 Reference value :  1.92541e-06
 Reference value :  1.96049e-06
 Reference value :  1.99733e-06
 Reference value :  2.03416e-06
 Reference value :  2.06833e-06
 Reference value :  2.10516e-06
 Reference value :  2.14200e-06
 Reference value :  2.17708e-06
 Reference value :  2.21216e-06
 Reference value :  2.24787e-06
 Reference value :  2.28470e-06
 Reference value :  2.32154e-06
 Reference value :  2.35662e-06
 Reference value :  2.38728e-06
 Reference value :  2.42411e-06
 Reference value :  2.45919e-06
 Reference value :  2.49603e-06
 Reference value :  2.53286e-06
 Reference value :  2.56683e-06
 Reference value :  2.60366e-06
 Reference value :  2.63874e-06
 Reference value :  2.67733e-06
 Reference value :  2.71417e-06
 Reference value :  2.74658e-06
 Reference value :  2.78341e-06
 Reference value :  2.81849e-06
 Reference value :  2.85532e-06
 Reference value :  2.89040e-06
 Reference value :  2.92614e-06
 Reference value :  2.96297e-06
 Reference value :  2.99981e-06
 Reference value :  3.03489e-06
 Reference value :  3.06905e-06
 Reference value :  3.10588e-06
 Reference value :  3.14271e-06
 Reference value :  3.17779e-06
 Reference value :  3.21287e-06
 Reference value :  3.24686e-06
 Reference value :  3.28370e-06
 Reference value :  3.32053e-06
 Reference value :  3.35912e-06
 Reference value :  3.39553e-06
 Reference value :  3.43362e-06
 Reference value :  3.47045e-06
 Reference value :  3.50728e-06
 Reference value :  3.54412e-06
 Reference value :  3.57631e-06
 Reference value :  3.61490e-06
 Reference value :  3.65173e-06
 Reference value :  3.68857e-06
 Reference value :  3.72540e-06
 Reference value :  3.75957e-06
 Reference value :  3.79640e-06
 Reference value :  3.83148e-06
 Reference value :  3.87007e-06
 Reference value :  3.90511e-06
 Reference value :  3.94258e-06
 Reference value :  3.97941e-06
 Reference value :  4.01800e-06
 Reference value :  4.05659e-06
 Reference value :  4.08901e-06
 Reference value :  4.12760e-06
 Reference value :  4.16268e-06
 Reference value :  4.19951e-06
 Reference value :  4.23459e-06
 Reference value :  4.26855e-06
 Reference value :  4.30538e-06
 Reference value :  4.34397e-06
 Reference value :  4.38080e-06
 Reference value :  4.41498e-06
 Reference value :  4.45357e-06
 Reference value :  4.49215e-06
 Reference value :  4.52723e-06
 Reference value :  4.56231e-06
 Reference value :  4.59441e-06
 Reference value :  4.63125e-06
 Reference value :  4.66633e-06
 Reference value :  4.70316e-06
 Reference value :  4.73824e-06
 Reference value :  4.77070e-06
 Reference value :  4.80753e-06
 Reference value :  4.84261e-06
 Reference value :  4.87944e-06
 Reference value :  4.91628e-06
 Reference value :  4.95030e-06
 Reference value :  4.98714e-06
 Reference value :  5.02573e-06
 Reference value :  5.06081e-06
 Reference value :  5.09323e-06
 Reference value :  5.13182e-06
 Reference value :  5.17041e-06
 Reference value :  5.20549e-06
 Reference value :  5.24057e-06
 Reference value :  5.27425e-06
 Reference value :  5.31108e-06
 Reference value :  5.34616e-06
 Reference value :  5.38475e-06
 Reference value :  5.42158e-06
 Reference value :  5.45412e-06
 Reference value :  5.49271e-06
 Reference value :  5.52779e-06
 Reference value :  5.56462e-06
 Reference value :  5.59746e-06
 Reference value :  5.63724e-06
 Reference value :  5.67408e-06
 Reference value :  5.71091e-06
 Reference value :  5.74950e-06
 Reference value :  5.78194e-06
 Reference value :  5.81878e-06
 Reference value :  5.85561e-06
 Reference value :  5.89244e-06
 Reference value :  5.92928e-06
 Reference value :  5.96297e-06
 Reference value :  6.00156e-06
 Reference value :  6.03839e-06
 Reference value :  6.07523e-06
 Reference value :  6.10602e-06
 Reference value :  6.14461e-06
 Reference value :  6.18144e-06
 Reference value :  6.22003e-06
 Reference value :  6.25686e-06
 Reference value :  6.29267e-06
 Reference value :  6.32950e-06
 Reference value :  6.36633e-06
 Reference value :  6.40317e-06
 Reference value :  6.43825e-06
 Reference value :  6.47245e-06
 Reference value :  6.51104e-06
 Reference value :  6.54612e-06
 Reference value :  6.58471e-06
 Reference value :  6.61669e-06
 Reference value :  6.65528e-06
 Reference value :  6.69036e-06
 Reference value :  6.72719e-06
 Reference value :  6.76403e-06
 Reference value :  6.79479e-06
 Reference value :  6.83338e-06
 Reference value :  6.87021e-06
 Reference value :  6.90705e-06
 Reference value :  6.94213e-06
 Reference value :  6.97605e-06
 Reference value :  7.01288e-06
 Reference value :  7.04971e-06
 Reference value :  7.08655e-06
 Reference value :  7.11903e-06
 Reference value :  7.15411e-06
 Reference value :  7.19270e-06
 Reference value :  7.23129e-06
 Reference value :  7.26812e-06
 Reference value :  7.30183e-06
 Reference value :  7.33867e-06
 Reference value :  7.37375e-06
 Reference value :  7.41058e-06
 Reference value :  7.44741e-06
 Reference value :  7.47999e-06
 Reference value :  7.51682e-06
 Reference value :  7.55190e-06
 Reference value :  7.58873e-06
 Reference value :  7.62554e-06
 Reference value :  7.66133e-06
 Reference value :  7.69816e-06
 Reference value :  7.73324e-06
 Reference value :  7.77008e-06
 Reference value :  7.80256e-06
 Reference value :  7.83939e-06
 Reference value :  7.87622e-06
 Reference value :  7.91306e-06
 Reference value :  7.94989e-06
 Reference value :  7.98186e-06
 Reference value :  8.01869e-06
 Reference value :  8.05552e-06
 Reference value :  8.09411e-06
 Reference value :  8.12919e-06
 Reference value :  8.16349e-06
 Reference value :  8.19857e-06
 Reference value :  8.23541e-06
 Reference value :  8.27049e-06
 Reference value :  8.30319e-06
 Reference value :  8.34290e-06
 Reference value :  8.37798e-06
 Reference value :  8.41481e-06
 Reference value :  8.44989e-06
 Reference value :  8.48068e-06
 Reference value :  8.51751e-06
 Reference value :  8.55435e-06
 Reference value :  8.59118e-06
 Reference value :  8.62626e-06
 Reference value :  8.65828e-06
 Reference value :  8.69512e-06
 Reference value :  8.73020e-06
 Reference value :  8.76703e-06
 Reference value :  8.80387e-06
 Reference value :  8.83467e-06
 Reference value :  8.87151e-06
 Reference value :  8.90834e-06
 Reference value :  8.94693e-06
 Reference value :  8.97964e-06
 Reference value :  9.01935e-06
 Reference value :  9.05443e-06
 Reference value :  9.09126e-06
 Reference value :  9.12810e-06
 Reference value :  9.15889e-06
 Reference value :  9.19748e-06
 Reference value :  9.23431e-06
 Reference value :  9.26939e-06
 Reference value :  9.30623e-06
 Reference value :  9.33996e-06
 Reference value :  9.37679e-06
 Reference value :  9.41187e-06
 Reference value :  9.44870e-06
 Reference value :  9.48345e-06
 Reference value :  9.52164e-06
 Reference value :  9.55847e-06
 Reference value :  9.59531e-06
 Reference value :  9.63039e-06
 Reference value :  9.66248e-06
 Reference value :  9.70107e-06
 Reference value :  9.73790e-06
 Reference value :  9.77474e-06
 Reference value :  9.81157e-06
 Reference value :  9.84588e-06
 Reference value :  9.88271e-06
 Reference value :  9.91779e-06
 Reference value :  9.95462e-06
 Reference value :  9.99126e-06
 Reference value :  1.00270e-05
 Reference value :  1.00639e-05
 Reference value :  1.00990e-05
 Reference value :  1.01358e-05
 Reference value :  1.01701e-05
 Reference value :  1.02087e-05
 Reference value :  1.02473e-05
 Reference value :  1.02841e-05
 Reference value :  1.03209e-05
 Reference value :  1.03547e-05
 Reference value :  1.03898e-05
 Reference value :  1.04266e-05
 Reference value :  1.04617e-05
 Reference value :  1.04968e-05
 Reference value :  1.05300e-05
No. of Data Rows : 6058
vhold_min           =  1.20000e+00 at=  2.80640e-10
tfirst              =  6.88218e-07
t1                  =  6.60970e-06
t2                  =  6.94787e-06
t3                  =  7.28605e-06
t4                  =  7.62433e-06
t5                  =  7.96258e-06
t6                  =  8.30073e-06
t7                  =  8.63894e-06
t8                  =  8.97717e-06
t9                  =  9.31537e-06
t10                 =  9.65362e-06
t11                 =  9.99191e-06
t12                 =  1.03301e-05
idd_run             =  -6.27766e-06 from=  6.31600e-06 to=  1.05300e-05
vmax                =  1.21526e+00 at=  7.96494e-06
vmin                =  -1.80566e-02 at=  6.43960e-06
Note: Simulation executed from .control section 
Note: Starting dynamic gmin stepping
Note: Dynamic gmin stepping completed
Note: Starting dynamic gmin stepping
Note: Dynamic gmin stepping completed
