
Note: No compatibility mode selected!


Circuit: * tt_analog_ring, code 16

Doing analysis at TEMP = 27.000000 and TNOM = 27.000000

Using SPARSE 1.3 as Direct Linear Solver
 Reference value :  0.00000e+00
No. of Data Rows : 1
idd_dis=5.13474E-05 vbp=0.745784 vbn=0.344922 clk_dis=1.2
Doing analysis at TEMP = 27.000000 and TNOM = 27.000000

Using SPARSE 1.3 as Direct Linear Solver

Initial Transient Solution
--------------------------

Node                                   Voltage
----                                   -------
vpwr                                       1.2
code[0]                                      0
code[1]                                      0
code[2]                                      0
code[3]                                      0
code[4]                                    1.2
code[5]                                      0
code[6]                                      0
code[7]                                      0
enable                                       0
xdut.vbp                              0.745784
xdut.vbn                              0.344922
xdut.n0                            7.41561e-07
xdut.p0                                    1.2
xdut.na0                               1.02126
xdut.s0                                    1.2
xdut.s10                                   1.2
xdut.n1                            1.98787e-06
xdut.p1                                    1.2
xdut.s1                            2.05745e-06
xdut.n2                            5.32273e-07
xdut.p2                                    1.2
xdut.s2                                    1.2
xdut.n3                            3.52888e-06
xdut.p3                                    1.2
xdut.s3                            3.68695e-06
xdut.n4                            1.24465e-07
xdut.p4                                    1.2
xdut.s4                                    1.2
xdut.n5                            2.83251e-06
xdut.p5                                    1.2
xdut.s5                            2.93485e-06
xdut.n6                            3.09489e-07
xdut.p6                                    1.2
xdut.s6                                    1.2
xdut.n7                            2.25868e-06
xdut.p7                                    1.2
xdut.s7                            2.34625e-06
xdut.n8                            3.74613e-07
xdut.p8                                    1.2
xdut.s8                                    1.2
xdut.n9                            2.82292e-06
xdut.p9                                    1.2
xdut.s9                            2.93251e-06
xdut.n10                           2.42378e-07
xdut.p10                                   1.2
xdut.b1                             1.4957e-07
clk_out                                    1.2
ven#branch                         7.39956e-12
vc7#branch                         4.03337e-12
vc6#branch                          2.0236e-12
vc5#branch                         1.01299e-12
vc4#branch                        -6.76809e-09
vc3#branch                         2.50759e-13
vc2#branch                          1.2949e-13
vc1#branch                         6.17702e-14
vc0#branch                          3.1923e-14
vdd#branch                        -5.13474e-05

 Reference value :  0.00000e+00
 Reference value :  6.19440e-09
 Reference value :  1.32417e-08
 Reference value :  2.04697e-08
 Reference value :  2.76977e-08
 Reference value :  3.49257e-08
 Reference value :  4.19730e-08
 Reference value :  4.90203e-08
 Reference value :  5.43490e-08
 Reference value :  5.81310e-08
 Reference value :  6.19257e-08
 Reference value :  6.57204e-08
 Reference value :  6.96958e-08
 Reference value :  7.29485e-08
 Reference value :  7.67432e-08
 Reference value :  8.03572e-08
 Reference value :  8.41519e-08
 Reference value :  8.77659e-08
 Reference value :  9.15606e-08
 Reference value :  9.53553e-08
 Reference value :  9.89357e-08
 Reference value :  1.02249e-07
 Reference value :  1.06043e-07
 Reference value :  1.09657e-07
 Reference value :  1.13452e-07
 Reference value :  1.17033e-07
 Reference value :  1.20647e-07
 Reference value :  1.24441e-07
 Reference value :  1.28168e-07
 Reference value :  1.31652e-07
 Reference value :  1.35447e-07
 Reference value :  1.39061e-07
 Reference value :  1.42856e-07
 Reference value :  1.46638e-07
 Reference value :  1.50433e-07
 Reference value :  1.54227e-07
 Reference value :  1.57747e-07
 Reference value :  1.61542e-07
 Reference value :  1.65156e-07
 Reference value :  1.68950e-07
 Reference value :  1.72352e-07
 Reference value :  1.76147e-07
 Reference value :  1.79941e-07
 Reference value :  1.83736e-07
 Reference value :  1.87217e-07
 Reference value :  1.91012e-07
 Reference value :  1.94807e-07
 Reference value :  1.98601e-07
 Reference value :  2.02396e-07
 Reference value :  2.06191e-07
 Reference value :  2.09985e-07
 Reference value :  2.13780e-07
 Reference value :  2.16814e-07
 Reference value :  2.20608e-07
 Reference value :  2.24403e-07
 Reference value :  2.28198e-07
 Reference value :  2.31779e-07
 Reference value :  2.35573e-07
 Reference value :  2.39368e-07
 Reference value :  2.43524e-07
 Reference value :  2.46757e-07
 Reference value :  2.50551e-07
 Reference value :  2.54346e-07
 Reference value :  2.57960e-07
 Reference value :  2.61560e-07
 Reference value :  2.65535e-07
 Reference value :  2.69330e-07
 Reference value :  2.73125e-07
 Reference value :  2.76452e-07
 Reference value :  2.80066e-07
 Reference value :  2.83861e-07
 Reference value :  2.87656e-07
 Reference value :  2.91236e-07
 Reference value :  2.95030e-07
 Reference value :  2.98644e-07
 Reference value :  3.02439e-07
 Reference value :  3.05677e-07
 Reference value :  3.09291e-07
 Reference value :  3.13086e-07
 Reference value :  3.16881e-07
 Reference value :  3.20664e-07
 Reference value :  3.24278e-07
 Reference value :  3.28073e-07
 Reference value :  3.31868e-07
 Reference value :  3.35399e-07
 Reference value :  3.39375e-07
 Reference value :  3.42989e-07
 Reference value :  3.46784e-07
 Reference value :  3.50384e-07
 Reference value :  3.54179e-07
 Reference value :  3.58154e-07
 Reference value :  3.61729e-07
 Reference value :  3.65462e-07
 Reference value :  3.69257e-07
 Reference value :  3.73052e-07
 Reference value :  3.76632e-07
 Reference value :  3.80426e-07
 Reference value :  3.84402e-07
 Reference value :  3.88016e-07
 Reference value :  3.91118e-07
 Reference value :  3.94886e-07
 Reference value :  3.98681e-07
 Reference value :  4.02656e-07
 Reference value :  4.06270e-07
 Reference value :  4.10065e-07
 Reference value :  4.13860e-07
 Reference value :  4.17654e-07
 Reference value :  4.20920e-07
 Reference value :  4.24714e-07
 Reference value :  4.28328e-07
 Reference value :  4.32123e-07
 Reference value :  4.35705e-07
 Reference value :  4.39500e-07
 Reference value :  4.43114e-07
 Reference value :  4.46728e-07
 Reference value :  4.49955e-07
 Reference value :  4.53750e-07
 Reference value :  4.57545e-07
 Reference value :  4.61520e-07
 Reference value :  4.65117e-07
 Reference value :  4.68731e-07
 Reference value :  4.72525e-07
 Reference value :  4.76320e-07
 Reference value :  4.79636e-07
 Reference value :  4.83431e-07
 Reference value :  4.87045e-07
 Reference value :  4.90840e-07
 Reference value :  4.94438e-07
 Reference value :  4.98052e-07
 Reference value :  5.01846e-07
 Reference value :  5.05641e-07
 Reference value :  5.08870e-07
 Reference value :  5.12484e-07
 Reference value :  5.16278e-07
 Reference value :  5.20073e-07
 Reference value :  5.23671e-07
 Reference value :  5.27285e-07
 Reference value :  5.31079e-07
 Reference value :  5.34874e-07
 Reference value :  5.38554e-07
 Reference value :  5.42349e-07
 Reference value :  5.46144e-07
 Reference value :  5.49938e-07
 Reference value :  5.53354e-07
 Reference value :  5.57149e-07
 Reference value :  5.60763e-07
 Reference value :  5.64738e-07
 Reference value :  5.67974e-07
 Reference value :  5.71588e-07
 Reference value :  5.75383e-07
 Reference value :  5.79178e-07
 Reference value :  5.82779e-07
 Reference value :  5.86393e-07
 Reference value :  5.90188e-07
 Reference value :  5.94164e-07
 Reference value :  5.97685e-07
 Reference value :  6.01480e-07
 Reference value :  6.05275e-07
 Reference value :  6.09070e-07
 Reference value :  6.12666e-07
 Reference value :  6.16460e-07
 Reference value :  6.20436e-07
 Reference value :  6.24230e-07
 Reference value :  6.27726e-07
 Reference value :  6.31340e-07
 Reference value :  6.35135e-07
 Reference value :  6.38930e-07
 Reference value :  6.42709e-07
 Reference value :  6.46323e-07
 Reference value :  6.50118e-07
 Reference value :  6.53745e-07
 Reference value :  6.57500e-07
 Reference value :  6.61295e-07
 Reference value :  6.65090e-07
 Reference value :  6.68686e-07
 Reference value :  6.72300e-07
 Reference value :  6.76095e-07
 Reference value :  6.79709e-07
 Reference value :  6.83206e-07
 Reference value :  6.87000e-07
 Reference value :  6.90795e-07
 Reference value :  6.94770e-07
 Reference value :  6.98369e-07
 Reference value :  7.01983e-07
 Reference value :  7.05597e-07
 Reference value :  7.09391e-07
 Reference value :  7.12801e-07
 Reference value :  7.16596e-07
 Reference value :  7.20210e-07
 Reference value :  7.24004e-07
 Reference value :  7.27602e-07
 Reference value :  7.31216e-07
 Reference value :  7.35010e-07
 Reference value :  7.38986e-07
 Reference value :  7.42485e-07
 Reference value :  7.46099e-07
 Reference value :  7.49893e-07
 Reference value :  7.53688e-07
 Reference value :  7.57284e-07
 Reference value :  7.61079e-07
 Reference value :  7.64693e-07
 Reference value :  7.68669e-07
 Reference value :  7.71902e-07
 Reference value :  7.75516e-07
 Reference value :  7.79491e-07
 Reference value :  7.83286e-07
 Reference value :  7.86886e-07
 Reference value :  7.90681e-07
 Reference value :  7.94476e-07
 Reference value :  7.98270e-07
 Reference value :  8.01601e-07
 Reference value :  8.05396e-07
 Reference value :  8.09371e-07
 Reference value :  8.13347e-07
 Reference value :  8.16927e-07
 Reference value :  8.20902e-07
 Reference value :  8.24697e-07
 Reference value :  8.28492e-07
 Reference value :  8.31922e-07
 Reference value :  8.35897e-07
 Reference value :  8.39511e-07
 Reference value :  8.43306e-07
 Reference value :  8.47099e-07
 Reference value :  8.50894e-07
 Reference value :  8.54689e-07
 Reference value :  8.58166e-07
 Reference value :  8.61961e-07
 Reference value :  8.65575e-07
 Reference value :  8.69370e-07
 Reference value :  8.72950e-07
 Reference value :  8.76745e-07
 Reference value :  8.80540e-07
 Reference value :  8.84334e-07
 Reference value :  8.87594e-07
 Reference value :  8.91569e-07
 Reference value :  8.95364e-07
 Reference value :  8.99339e-07
 Reference value :  9.03134e-07
 Reference value :  9.06748e-07
 Reference value :  9.10362e-07
 Reference value :  9.13976e-07
 Reference value :  9.17230e-07
 Reference value :  9.21024e-07
 Reference value :  9.24819e-07
 Reference value :  9.28614e-07
 Reference value :  9.32391e-07
 Reference value :  9.36185e-07
 Reference value :  9.39619e-07
 Reference value :  9.43594e-07
 Reference value :  9.46830e-07
 Reference value :  9.50444e-07
 Reference value :  9.54239e-07
 Reference value :  9.58033e-07
 Reference value :  9.61635e-07
 Reference value :  9.65249e-07
 Reference value :  9.68863e-07
 Reference value :  9.72477e-07
 Reference value :  9.75997e-07
 Reference value :  9.79791e-07
 Reference value :  9.83586e-07
 Reference value :  9.87381e-07
 Reference value :  9.90963e-07
 Reference value :  9.94757e-07
 Reference value :  9.98552e-07
 Reference value :  1.00253e-06
 Reference value :  1.00583e-06
 Reference value :  1.00962e-06
 Reference value :  1.01342e-06
 Reference value :  1.01739e-06
 Reference value :  1.02101e-06
 Reference value :  1.02480e-06
 Reference value :  1.02860e-06
 Reference value :  1.03257e-06
 Reference value :  1.03560e-06
 Reference value :  1.03958e-06
 Reference value :  1.04319e-06
 Reference value :  1.04717e-06
 Reference value :  1.05093e-06
 Reference value :  1.05473e-06
 Reference value :  1.05852e-06
 Reference value :  1.06207e-06
 Reference value :  1.06555e-06
 Reference value :  1.06952e-06
 Reference value :  1.07314e-06
 Reference value :  1.07693e-06
 Reference value :  1.08071e-06
No. of Data Rows : 6049
vhold_min           =  1.20000e+00 at=  5.92696e-10
tfirst              =  6.95584e-08
t1                  =  6.68033e-07
t2                  =  6.97210e-07
t3                  =  7.26403e-07
t4                  =  7.55580e-07
t5                  =  7.84774e-07
t6                  =  8.13954e-07
t7                  =  8.43145e-07
t8                  =  8.72323e-07
t9                  =  9.01512e-07
t10                 =  9.30685e-07
t11                 =  9.59879e-07
t12                 =  9.89062e-07
idd_run             =  -5.44338e-05 from=  6.50400e-07 to=  1.08400e-06
vmax                =  1.22809e+00 at=  6.68342e-07
vmin                =  -2.34957e-02 at=  1.03287e-06
Note: Simulation executed from .control section 
Note: Starting dynamic gmin stepping
Note: Dynamic gmin stepping completed
Note: Starting dynamic gmin stepping
Note: Dynamic gmin stepping completed
