
Note: Compatibility modes selected: hs a


Circuit: * tt_analog_ring, code 255

Doing analysis at TEMP = 125.000000 and TNOM = 27.000000

Using SPARSE 1.3 as Direct Linear Solver
 Reference value :  0.00000e+00
No. of Data Rows : 1
idd_dis=0.000332955 vbp=0.48587 vbn=0.51415 clk_dis=1.08
Doing analysis at TEMP = 125.000000 and TNOM = 27.000000

Using SPARSE 1.3 as Direct Linear Solver

Initial Transient Solution
--------------------------

Node                                   Voltage
----                                   -------
vpwr                                      1.08
code[0]                                   1.08
code[1]                                   1.08
code[2]                                   1.08
code[3]                                   1.08
code[4]                                   1.08
code[5]                                   1.08
code[6]                                   1.08
code[7]                                   1.08
enable                                       0
xdut.vbp                               0.48587
clk_out                                   1.08
xdut.b1                            1.13646e-05
xdut.s3                            6.85276e-05
xdut.s2                                   1.08
xdut.n_126                             1.07994
xdut.s1                            6.85316e-05
xdut.n_125                                1.08
xdut.s10                                  1.08
xdut.s6                                   1.08
xdut.s5                            6.85276e-05
xdut.n_128                                1.08
xdut.s9                            6.85276e-05
xdut.n_133                                1.08
xdut.s4                                   1.08
xdut.n_129                             1.07994
xdut.s8                                   1.08
xdut.n_132                             1.07994
xdut.s7                            6.85276e-05
xdut.n_130                             1.07994
xdut.n_127                                1.08
xdut.n_131                                1.08
xdut.s0                                1.07999
xdut.n_124                             1.07994
xdut.n_71                          5.73706e-05
xdut.n_72                          5.73673e-05
xdut.n_70                          2.16261e-06
xdut.n_77                          5.73673e-05
xdut.n_75                          2.16261e-06
xdut.n_73                          2.16261e-06
xdut.n_67                          2.16261e-06
xdut.n_76                          2.16261e-06
xdut.n_69                          5.73673e-05
xdut.n_74                          5.73673e-05
xdut.n_122                             1.07999
xdut.n_i1005                          0.911158
xdut.n_68                          4.59464e-06
xdut.vbn                               0.51415
ven#branch                         1.43167e-11
vc7#branch                        -3.30596e-08
vc6#branch                        -1.65298e-08
vc5#branch                         -8.2649e-09
vc4#branch                        -4.13245e-09
vc3#branch                        -2.06622e-09
vc2#branch                        -1.03311e-09
vc1#branch                        -5.16556e-10
vc0#branch                        -2.58278e-10
vdd#branch                        -0.000332955

 Reference value :  0.00000e+00
 Reference value :  2.98308e-09
 Reference value :  6.31636e-09
 Reference value :  9.60948e-09
 Reference value :  1.23709e-08
 Reference value :  1.44994e-08
 Reference value :  1.66680e-08
 Reference value :  1.87965e-08
 Reference value :  2.05635e-08
 Reference value :  2.26518e-08
 Reference value :  2.47402e-08
 Reference value :  2.65474e-08
 Reference value :  2.86357e-08
 Reference value :  3.08043e-08
 Reference value :  3.29328e-08
 Reference value :  3.51014e-08
 Reference value :  3.71094e-08
 Reference value :  3.92781e-08
 Reference value :  4.14066e-08
 Reference value :  4.35350e-08
 Reference value :  4.55832e-08
 Reference value :  4.76715e-08
 Reference value :  4.98402e-08
 Reference value :  5.19285e-08
 Reference value :  5.40168e-08
 Reference value :  5.60650e-08
 Reference value :  5.82336e-08
 Reference value :  6.03219e-08
 Reference value :  6.24906e-08
 Reference value :  6.45387e-08
 Reference value :  6.66672e-08
 Reference value :  6.87957e-08
 Reference value :  7.08840e-08
 Reference value :  7.29723e-08
 Reference value :  7.51008e-08
 Reference value :  7.72694e-08
 Reference value :  7.93979e-08
 Reference value :  8.15666e-08
 Reference value :  8.36549e-08
 Reference value :  8.58235e-08
 Reference value :  8.79118e-08
 Reference value :  9.00403e-08
 Reference value :  9.20885e-08
 Reference value :  9.42571e-08
 Reference value :  9.63856e-08
 Reference value :  9.85141e-08
 Reference value :  1.00562e-07
 Reference value :  1.02651e-07
 Reference value :  1.04819e-07
 Reference value :  1.06948e-07
 Reference value :  1.09357e-07
 Reference value :  1.11405e-07
 Reference value :  1.13413e-07
 Reference value :  1.15502e-07
 Reference value :  1.17670e-07
 Reference value :  1.19759e-07
 Reference value :  1.21927e-07
 Reference value :  1.23976e-07
 Reference value :  1.26144e-07
 Reference value :  1.28192e-07
 Reference value :  1.30361e-07
 Reference value :  1.32489e-07
 Reference value :  1.34618e-07
 Reference value :  1.36706e-07
 Reference value :  1.38795e-07
 Reference value :  1.40923e-07
 Reference value :  1.42931e-07
 Reference value :  1.45060e-07
 Reference value :  1.47148e-07
 Reference value :  1.49276e-07
 Reference value :  1.51365e-07
 Reference value :  1.53493e-07
 Reference value :  1.55622e-07
 Reference value :  1.57830e-07
 Reference value :  1.59919e-07
 Reference value :  1.62087e-07
 Reference value :  1.64176e-07
 Reference value :  1.66304e-07
 Reference value :  1.68392e-07
 Reference value :  1.70561e-07
 Reference value :  1.72649e-07
 Reference value :  1.74778e-07
 Reference value :  1.76987e-07
 Reference value :  1.79075e-07
 Reference value :  1.81244e-07
 Reference value :  1.83372e-07
 Reference value :  1.85501e-07
 Reference value :  1.87589e-07
 Reference value :  1.89758e-07
 Reference value :  1.91846e-07
 Reference value :  1.94055e-07
 Reference value :  1.96103e-07
 Reference value :  1.98231e-07
 Reference value :  2.00320e-07
 Reference value :  2.02408e-07
 Reference value :  2.04536e-07
 Reference value :  2.06544e-07
 Reference value :  2.08673e-07
 Reference value :  2.10721e-07
 Reference value :  2.12890e-07
 Reference value :  2.14938e-07
 Reference value :  2.17107e-07
 Reference value :  2.19195e-07
 Reference value :  2.21364e-07
 Reference value :  2.23612e-07
 Reference value :  2.25661e-07
 Reference value :  2.27749e-07
 Reference value :  2.29877e-07
 Reference value :  2.31966e-07
 Reference value :  2.34054e-07
 Reference value :  2.36142e-07
 Reference value :  2.38231e-07
 Reference value :  2.40279e-07
No. of Data Rows : 6014
vhold_min           =  1.08000e+00 at=  1.20500e-08
tfirst              =  1.70933e-08
t1                  =  1.48784e-07
t2                  =  1.57862e-07
t3                  =  1.66939e-07
t4                  =  1.76016e-07
t5                  =  1.85093e-07
t6                  =  1.94171e-07
t7                  =  2.03248e-07
t8                  =  2.12325e-07
t9                  =  2.21403e-07
t10                 =  2.30480e-07
t11                 =  2.39557e-07
idd_run             =  -3.44308e-04 from=  1.44600e-07 to=  2.41000e-07
vmax                =  1.08581e+00 at=  1.52971e-07
vmin                =  -3.06993e-03 at=  1.48473e-07
Note: Simulation executed from .control section 
Warning: m=xx on .subckt line will override multiplier m hierarchy!

Note: Starting dynamic gmin stepping
Note: Dynamic gmin stepping completed
Note: Starting dynamic gmin stepping
Note: Dynamic gmin stepping completed

Error: measure  t12  when(WHEN) : out of interval
 meas tran t12 when v(clk_out)=5.400000e-01 rise=12 from=1.446000e-07 failed!

