
Note: No compatibility mode selected!


Circuit: * tt_analog_ring, code 15

Doing analysis at TEMP = 27.000000 and TNOM = 27.000000

Using SPARSE 1.3 as Direct Linear Solver
 Reference value :  0.00000e+00
No. of Data Rows : 1
idd_dis=4.79483E-05 vbp=0.74999 vbn=0.355013 clk_dis=1.2
Doing analysis at TEMP = 27.000000 and TNOM = 27.000000

Using SPARSE 1.3 as Direct Linear Solver

Initial Transient Solution
--------------------------

Node                                   Voltage
----                                   -------
vpwr                                       1.2
code[0]                                    1.2
code[1]                                    1.2
code[2]                                    1.2
code[3]                                    1.2
code[4]                                      0
code[5]                                      0
code[6]                                      0
code[7]                                      0
enable                                       0
xdut.vbp                               0.74999
xdut.vbn                              0.355013
xdut.n0                            1.31641e-06
xdut.p0                                    1.2
xdut.na0                               1.00073
xdut.s0                                    1.2
xdut.s10                                   1.2
xdut.n1                            2.16794e-06
xdut.p1                                    1.2
xdut.s1                            2.26258e-06
xdut.n2                            1.93695e-07
xdut.p2                                    1.2
xdut.s2                                    1.2
xdut.n3                            1.88123e-06
xdut.p3                                    1.2
xdut.s3                            1.94926e-06
xdut.n4                            2.91987e-07
xdut.p4                                    1.2
xdut.s4                                    1.2
xdut.n5                            2.67301e-06
xdut.p5                                    1.2
xdut.s5                            2.77967e-06
xdut.n6                            2.14541e-07
xdut.p6                                    1.2
xdut.s6                                    1.2
xdut.n7                            1.76183e-06
xdut.p7                                    1.2
xdut.s7                            1.83774e-06
xdut.n8                             2.1751e-07
xdut.p8                                    1.2
xdut.s8                                    1.2
xdut.n9                            1.68279e-06
xdut.p9                                    1.2
xdut.s9                            1.76753e-06
xdut.n10                            1.9868e-07
xdut.p10                                   1.2
xdut.b1                            1.58808e-07
clk_out                                    1.2
ven#branch                         7.51353e-12
vc7#branch                         4.10921e-12
vc6#branch                         2.05716e-12
vc5#branch                         1.02655e-12
vc4#branch                         5.14788e-13
vc3#branch                        -3.39366e-09
vc2#branch                         -1.6958e-09
vc1#branch                        -8.44816e-10
vc0#branch                        -4.12587e-10
vdd#branch                        -4.79483e-05

 Reference value :  0.00000e+00
 Reference value :  6.37645e-09
 Reference value :  1.36572e-08
 Reference value :  2.11296e-08
 Reference value :  2.86020e-08
 Reference value :  3.62660e-08
 Reference value :  4.37384e-08
 Reference value :  5.12108e-08
 Reference value :  5.75350e-08
 Reference value :  6.10442e-08
 Reference value :  6.50678e-08
 Reference value :  6.90914e-08
 Reference value :  7.27709e-08
 Reference value :  7.67659e-08
 Reference value :  8.07895e-08
 Reference value :  8.46215e-08
 Reference value :  8.86444e-08
 Reference value :  9.26680e-08
 Reference value :  9.66916e-08
 Reference value :  1.00662e-07
 Reference value :  1.04289e-07
 Reference value :  1.08313e-07
 Reference value :  1.12336e-07
 Reference value :  1.16136e-07
 Reference value :  1.19968e-07
 Reference value :  1.23991e-07
 Reference value :  1.28015e-07
 Reference value :  1.31380e-07
 Reference value :  1.35212e-07
 Reference value :  1.39235e-07
 Reference value :  1.43259e-07
 Reference value :  1.47264e-07
 Reference value :  1.51288e-07
 Reference value :  1.55120e-07
 Reference value :  1.58671e-07
 Reference value :  1.62695e-07
 Reference value :  1.66527e-07
 Reference value :  1.70359e-07
 Reference value :  1.73980e-07
 Reference value :  1.78004e-07
 Reference value :  1.81836e-07
 Reference value :  1.85537e-07
 Reference value :  1.89025e-07
 Reference value :  1.93048e-07
 Reference value :  1.97072e-07
 Reference value :  2.00885e-07
 Reference value :  2.04717e-07
 Reference value :  2.08741e-07
 Reference value :  2.12764e-07
 Reference value :  2.16315e-07
 Reference value :  2.20339e-07
 Reference value :  2.24362e-07
 Reference value :  2.28367e-07
 Reference value :  2.32199e-07
 Reference value :  2.36223e-07
 Reference value :  2.40055e-07
 Reference value :  2.43411e-07
 Reference value :  2.47435e-07
 Reference value :  2.51267e-07
 Reference value :  2.55099e-07
 Reference value :  2.58912e-07
 Reference value :  2.62552e-07
 Reference value :  2.66384e-07
 Reference value :  2.70156e-07
 Reference value :  2.73767e-07
 Reference value :  2.77791e-07
 Reference value :  2.81814e-07
 Reference value :  2.85627e-07
 Reference value :  2.89459e-07
 Reference value :  2.93483e-07
 Reference value :  2.97698e-07
 Reference value :  3.01246e-07
 Reference value :  3.05270e-07
 Reference value :  3.09102e-07
 Reference value :  3.12934e-07
 Reference value :  3.16556e-07
 Reference value :  3.20771e-07
 Reference value :  3.24411e-07
 Reference value :  3.27962e-07
 Reference value :  3.31985e-07
 Reference value :  3.36009e-07
 Reference value :  3.39841e-07
 Reference value :  3.43462e-07
 Reference value :  3.47486e-07
 Reference value :  3.51510e-07
 Reference value :  3.55137e-07
 Reference value :  3.59081e-07
 Reference value :  3.62913e-07
 Reference value :  3.66745e-07
 Reference value :  3.70559e-07
 Reference value :  3.74391e-07
 Reference value :  3.78414e-07
 Reference value :  3.82246e-07
 Reference value :  3.85797e-07
 Reference value :  3.89629e-07
 Reference value :  3.93461e-07
 Reference value :  3.97485e-07
 Reference value :  4.01106e-07
 Reference value :  4.04938e-07
 Reference value :  4.08961e-07
 Reference value :  4.12318e-07
 Reference value :  4.16342e-07
 Reference value :  4.20174e-07
 Reference value :  4.24197e-07
 Reference value :  4.28011e-07
 Reference value :  4.31843e-07
 Reference value :  4.35866e-07
 Reference value :  4.39638e-07
 Reference value :  4.43057e-07
 Reference value :  4.47081e-07
 Reference value :  4.51104e-07
 Reference value :  4.54917e-07
 Reference value :  4.58749e-07
 Reference value :  4.62773e-07
 Reference value :  4.66605e-07
 Reference value :  4.69962e-07
 Reference value :  4.73794e-07
 Reference value :  4.77817e-07
 Reference value :  4.81649e-07
 Reference value :  4.85271e-07
 Reference value :  4.88911e-07
 Reference value :  4.92743e-07
 Reference value :  4.96373e-07
 Reference value :  5.00318e-07
 Reference value :  5.04150e-07
 Reference value :  5.08173e-07
 Reference value :  5.11986e-07
 Reference value :  5.15818e-07
 Reference value :  5.19842e-07
 Reference value :  5.23865e-07
 Reference value :  5.27222e-07
 Reference value :  5.31246e-07
 Reference value :  5.35078e-07
 Reference value :  5.38910e-07
 Reference value :  5.42531e-07
 Reference value :  5.46363e-07
 Reference value :  5.50195e-07
 Reference value :  5.53554e-07
 Reference value :  5.57578e-07
 Reference value :  5.61602e-07
 Reference value :  5.65625e-07
 Reference value :  5.69438e-07
 Reference value :  5.73270e-07
 Reference value :  5.77294e-07
 Reference value :  5.80995e-07
 Reference value :  5.84674e-07
 Reference value :  5.88506e-07
 Reference value :  5.92338e-07
 Reference value :  5.96151e-07
 Reference value :  5.99983e-07
 Reference value :  6.04007e-07
 Reference value :  6.07839e-07
 Reference value :  6.11390e-07
 Reference value :  6.15413e-07
 Reference value :  6.19437e-07
 Reference value :  6.23269e-07
 Reference value :  6.27082e-07
 Reference value :  6.30914e-07
 Reference value :  6.34746e-07
 Reference value :  6.38102e-07
 Reference value :  6.42126e-07
 Reference value :  6.45958e-07
 Reference value :  6.49982e-07
 Reference value :  6.53795e-07
 Reference value :  6.57818e-07
 Reference value :  6.61650e-07
 Reference value :  6.65482e-07
 Reference value :  6.68841e-07
 Reference value :  6.72865e-07
 Reference value :  6.76697e-07
 Reference value :  6.80510e-07
 Reference value :  6.84342e-07
 Reference value :  6.88366e-07
 Reference value :  6.92389e-07
 Reference value :  6.95746e-07
 Reference value :  6.99578e-07
 Reference value :  7.03602e-07
 Reference value :  7.07434e-07
 Reference value :  7.11247e-07
 Reference value :  7.15079e-07
 Reference value :  7.18911e-07
 Reference value :  7.22349e-07
 Reference value :  7.26293e-07
 Reference value :  7.30125e-07
 Reference value :  7.34149e-07
 Reference value :  7.37962e-07
 Reference value :  7.41986e-07
 Reference value :  7.45818e-07
 Reference value :  7.49650e-07
 Reference value :  7.53006e-07
 Reference value :  7.56838e-07
 Reference value :  7.60862e-07
 Reference value :  7.64694e-07
 Reference value :  7.68507e-07
 Reference value :  7.72531e-07
 Reference value :  7.76171e-07
 Reference value :  7.79530e-07
 Reference value :  7.83745e-07
 Reference value :  7.87769e-07
 Reference value :  7.91601e-07
 Reference value :  7.95414e-07
 Reference value :  7.99246e-07
 Reference value :  8.03270e-07
 Reference value :  8.06849e-07
 Reference value :  8.10075e-07
 Reference value :  8.14099e-07
 Reference value :  8.17931e-07
 Reference value :  8.21744e-07
 Reference value :  8.25384e-07
 Reference value :  8.29408e-07
 Reference value :  8.33432e-07
 Reference value :  8.36791e-07
 Reference value :  8.40814e-07
 Reference value :  8.44838e-07
 Reference value :  8.48670e-07
 Reference value :  8.52291e-07
 Reference value :  8.56123e-07
 Reference value :  8.59955e-07
 Reference value :  8.63465e-07
 Reference value :  8.66952e-07
 Reference value :  8.70976e-07
 Reference value :  8.74999e-07
 Reference value :  8.78813e-07
 Reference value :  8.82645e-07
 Reference value :  8.86477e-07
 Reference value :  8.90309e-07
 Reference value :  8.93668e-07
 Reference value :  8.97500e-07
 Reference value :  9.01523e-07
 Reference value :  9.05547e-07
 Reference value :  9.09360e-07
 Reference value :  9.13192e-07
 Reference value :  9.17024e-07
 Reference value :  9.20381e-07
 Reference value :  9.24404e-07
 Reference value :  9.28428e-07
 Reference value :  9.32451e-07
 Reference value :  9.36265e-07
 Reference value :  9.40097e-07
 Reference value :  9.44120e-07
 Reference value :  9.47952e-07
 Reference value :  9.51311e-07
 Reference value :  9.55143e-07
 Reference value :  9.59167e-07
 Reference value :  9.62980e-07
 Reference value :  9.66812e-07
 Reference value :  9.70644e-07
 Reference value :  9.74476e-07
 Reference value :  9.77833e-07
 Reference value :  9.81665e-07
 Reference value :  9.85688e-07
 Reference value :  9.89712e-07
 Reference value :  9.93525e-07
 Reference value :  9.97165e-07
 Reference value :  1.00100e-06
 Reference value :  1.00458e-06
 Reference value :  1.00819e-06
 Reference value :  1.01202e-06
 Reference value :  1.01604e-06
 Reference value :  1.01986e-06
 Reference value :  1.02369e-06
 Reference value :  1.02771e-06
 Reference value :  1.03154e-06
 Reference value :  1.03471e-06
 Reference value :  1.03854e-06
 Reference value :  1.04257e-06
 Reference value :  1.04640e-06
 Reference value :  1.05021e-06
 Reference value :  1.05404e-06
 Reference value :  1.05787e-06
 Reference value :  1.06131e-06
 Reference value :  1.06526e-06
 Reference value :  1.06928e-06
 Reference value :  1.07330e-06
 Reference value :  1.07731e-06
 Reference value :  1.08114e-06
 Reference value :  1.08497e-06
 Reference value :  1.08900e-06
 Reference value :  1.09235e-06
 Reference value :  1.09638e-06
 Reference value :  1.10021e-06
 Reference value :  1.10402e-06
 Reference value :  1.10785e-06
 Reference value :  1.11188e-06
 Reference value :  1.11552e-06
 Reference value :  1.11869e-06
 Reference value :  1.12271e-06
 Reference value :  1.12673e-06
 Reference value :  1.13076e-06
 Reference value :  1.13457e-06
 Reference value :  1.13859e-06
 Reference value :  1.14281e-06
 Reference value :  1.14655e-06
No. of Data Rows : 6073
vhold_min           =  1.20000e+00 at=  4.36848e-10
tfirst              =  7.22023e-08
t1                  =  7.08101e-07
t2                  =  7.36348e-07
t3                  =  7.64595e-07
t4                  =  7.92842e-07
t5                  =  8.21089e-07
t6                  =  8.49336e-07
t7                  =  8.77583e-07
t8                  =  9.05830e-07
t9                  =  9.34077e-07
t10                 =  9.62324e-07
t11                 =  9.90571e-07
t12                 =  1.01882e-06
idd_run             =  -5.10629e-05 from=  6.89700e-07 to=  1.14900e-06
vmax                =  1.22116e+00 at=  7.36640e-07
vmin                =  -3.40467e-02 at=  7.22108e-07
Note: Simulation executed from .control section 
Note: Starting dynamic gmin stepping
Note: Dynamic gmin stepping completed
Note: Starting dynamic gmin stepping
Note: Dynamic gmin stepping completed
