
Note: No compatibility mode selected!


Circuit: * output buffer into 15 ff

Doing analysis at TEMP = 27.000000 and TNOM = 27.000000

Using SPARSE 1.3 as Direct Linear Solver

Initial Transient Solution
--------------------------

Node                                   Voltage
----                                   -------
vpwr                                      1.08
s10                                          0
b1                                        1.08
clk_out                            6.99623e-09
vin#branch                         1.53554e-12
vdd#branch                         -1.2327e-11

 Reference value :  6.61000e-10
 Reference value :  1.96300e-09
 Reference value :  3.30500e-09
 Reference value :  4.62500e-09
 Reference value :  5.88900e-09
 Reference value :  7.15500e-09
 Reference value :  8.42500e-09
 Reference value :  9.79700e-09
 Reference value :  1.10530e-08
 Reference value :  1.24010e-08
 Reference value :  1.37570e-08
 Reference value :  1.50630e-08
 Reference value :  1.63550e-08
 Reference value :  1.76490e-08
No. of Data Rows : 9115
vmax                =  1.12557e+00 at=  1.69110e-08
vmin                =  -3.84580e-02 at=  1.23830e-08
tr2                 =  9.42317e-09
tr8                 =  9.49795e-09
tf8                 =  1.09447e-08
tf2                 =  1.10225e-08
trise=7.4771E-11 tfall=7.785E-11
tin_r               =  9.28600e-09
tout_r              =  9.45760e-09
tpd=1.71595E-10
Note: Simulation executed from .control section 
