
Note: No compatibility mode selected!


Circuit: * output buffer into 15 ff

Doing analysis at TEMP = 125.000000 and TNOM = 27.000000

Using SPARSE 1.3 as Direct Linear Solver

Initial Transient Solution
--------------------------

Node                                   Voltage
----                                   -------
vpwr                                      1.08
s10                                          0
b1                                        1.08
clk_out                            4.44156e-06
vin#branch                         8.17243e-12
vdd#branch                        -4.88039e-09

 Reference value :  8.09000e-10
 Reference value :  2.15300e-09
 Reference value :  3.46100e-09
 Reference value :  4.81860e-09
 Reference value :  6.16500e-09
 Reference value :  7.46100e-09
 Reference value :  8.76700e-09
 Reference value :  1.00590e-08
 Reference value :  1.13570e-08
 Reference value :  1.26510e-08
 Reference value :  1.39630e-08
 Reference value :  1.53250e-08
 Reference value :  1.66630e-08
 Reference value :  1.79490e-08
No. of Data Rows : 9115
vmax                =  1.11235e+00 at=  1.38730e-08
vmin                =  -2.63169e-02 at=  1.23610e-08
tr2                 =  9.39555e-09
tr8                 =  9.45828e-09
tf8                 =  1.09119e-08
tf2                 =  1.09783e-08
trise=6.273E-11 tfall=6.642E-11
tin_r               =  9.28600e-09
tout_r              =  9.42447e-09
tpd=1.38474E-10
Note: Simulation executed from .control section 
