
Note: No compatibility mode selected!


Circuit: * stage delay at code 255

Doing analysis at TEMP = 27.000000 and TNOM = 27.000000

Using SPARSE 1.3 as Direct Linear Solver

Initial Transient Solution
--------------------------

Node                                   Voltage
----                                   -------
vpwr                                      1.08
code[0]                                   1.08
code[1]                                   1.08
code[2]                                   1.08
code[3]                                   1.08
code[4]                                   1.08
code[5]                                   1.08
code[6]                                   1.08
code[7]                                   1.08
vbp                                   0.416725
vbn                                   0.566503
a                                            0
xdrv.net1                                 1.08
b                                         1.08
xdrv.net2                          2.18576e-08
xdut.net1                                 1.08
y                                  1.44187e-06
xdut.net2                          1.16379e-06
xload.net1                                1.08
z                                         1.08
xload.net2                         2.18581e-08
xload2.net1                               1.08
zz                                 1.30233e-06
xload2.net2                        1.05148e-06
vin#branch                         8.80498e-12
vc7#branch                         -2.1842e-08
vc6#branch                        -1.09089e-08
vc5#branch                        -5.44242e-09
vc4#branch                        -2.70916e-09
vc3#branch                        -1.34253e-09
vc2#branch                        -6.59216e-10
vc1#branch                        -3.17559e-10
vc0#branch                         -1.4673e-10
vdd#branch                         -0.00044363

 Reference value :  2.23731e-10
 Reference value :  1.15745e-09
 Reference value :  1.90087e-09
 Reference value :  2.68098e-09
 Reference value :  3.62976e-09
 Reference value :  4.57553e-09
 Reference value :  5.20383e-09
 Reference value :  6.05924e-09
 Reference value :  6.99899e-09
 Reference value :  7.81042e-09
 Reference value :  8.54233e-09
 Reference value :  9.49111e-09
 Reference value :  1.04399e-08
 Reference value :  1.11134e-08
 Reference value :  1.19116e-08
 Reference value :  1.28573e-08
 Reference value :  1.37049e-08
 Reference value :  1.43736e-08
 Reference value :  1.53133e-08
 Reference value :  1.62621e-08
 Reference value :  1.70049e-08
 Reference value :  1.77699e-08
No. of Data Rows : 6046
tin_f               =  7.68948e-09
tout_r              =  7.82027e-09
tin_r               =  1.07185e-08
tout_f              =  1.09039e-08
tplh=1.3079E-10 tphl=1.8541E-10
t40r                =  7.79930e-09
t60r                =  7.84415e-09
t60f                =  1.08789e-08
t40f                =  1.09297e-08
sr_r=4.81552E+09 sr_f=-4.25868E+09
tr                  =  7.75939e-09
tr8                 =  7.93352e-09
tf                  =  1.08303e-08
tf2                 =  1.09970e-08
trise=1.74129E-10 tfall=1.6675E-10
Note: Simulation executed from .control section 
