
Note: No compatibility mode selected!


Circuit: * tt_analog_ring, code 16

Doing analysis at TEMP = 27.000000 and TNOM = 27.000000

Using SPARSE 1.3 as Direct Linear Solver
 Reference value :  0.00000e+00
No. of Data Rows : 1
idd_dis=5.13363E-05 vbp=0.745697 vbn=0.344656 clk_dis=1.2
Doing analysis at TEMP = 27.000000 and TNOM = 27.000000

Using SPARSE 1.3 as Direct Linear Solver

Initial Transient Solution
--------------------------

Node                                   Voltage
----                                   -------
vpwr                                       1.2
code[0]                                      0
code[1]                                      0
code[2]                                      0
code[3]                                      0
code[4]                                    1.2
code[5]                                      0
code[6]                                      0
code[7]                                      0
enable                                       0
xdut.vbp                              0.745697
xdut.vbn                              0.344656
xdut.n0                            4.50702e-07
xdut.p0                                    1.2
xdut.na0                               1.04417
xdut.s0                                    1.2
xdut.s10                                   1.2
xdut.n1                            1.74663e-06
xdut.p1                                    1.2
xdut.s1                            1.82556e-06
xdut.n2                            9.31689e-07
xdut.p2                                    1.2
xdut.s2                                    1.2
xdut.n3                            2.02399e-06
xdut.p3                                    1.2
xdut.s3                            2.10551e-06
xdut.n4                            2.65055e-07
xdut.p4                                    1.2
xdut.s4                                    1.2
xdut.n5                            2.20768e-06
xdut.p5                                    1.2
xdut.s5                            2.28911e-06
xdut.n6                            4.56071e-07
xdut.p6                                    1.2
xdut.s6                                    1.2
xdut.n7                            2.50267e-06
xdut.p7                                    1.2
xdut.s7                            2.60352e-06
xdut.n8                            6.12868e-07
xdut.p8                                    1.2
xdut.s8                                    1.2
xdut.n9                            1.91747e-06
xdut.p9                                    1.2
xdut.s9                            2.00293e-06
xdut.n10                           2.00289e-07
xdut.p10                                   1.2
xdut.b1                            1.67352e-07
clk_out                                    1.2
ven#branch                         7.26756e-12
vc7#branch                         4.03875e-12
vc6#branch                         2.01976e-12
vc5#branch                         1.01147e-12
vc4#branch                        -6.80549e-09
vc3#branch                         2.52232e-13
vc2#branch                         1.26647e-13
vc1#branch                         6.24243e-14
vc0#branch                         3.09771e-14
vdd#branch                        -5.13363e-05

 Reference value :  0.00000e+00
 Reference value :  5.65230e-09
 Reference value :  1.26996e-08
 Reference value :  1.97469e-08
 Reference value :  2.67942e-08
 Reference value :  3.42029e-08
 Reference value :  4.12502e-08
 Reference value :  4.82975e-08
 Reference value :  5.43000e-08
 Reference value :  5.77696e-08
 Reference value :  6.15643e-08
 Reference value :  6.51783e-08
 Reference value :  6.91537e-08
 Reference value :  7.21941e-08
 Reference value :  7.59888e-08
 Reference value :  7.97835e-08
 Reference value :  8.33975e-08
 Reference value :  8.70018e-08
 Reference value :  9.07965e-08
 Reference value :  9.45912e-08
 Reference value :  9.83859e-08
 Reference value :  1.01427e-07
 Reference value :  1.05221e-07
 Reference value :  1.09016e-07
 Reference value :  1.12630e-07
 Reference value :  1.16235e-07
 Reference value :  1.19849e-07
 Reference value :  1.23644e-07
 Reference value :  1.27619e-07
 Reference value :  1.31023e-07
 Reference value :  1.34818e-07
 Reference value :  1.38613e-07
 Reference value :  1.42227e-07
 Reference value :  1.45832e-07
 Reference value :  1.49627e-07
 Reference value :  1.53241e-07
 Reference value :  1.57035e-07
 Reference value :  1.60438e-07
 Reference value :  1.64233e-07
 Reference value :  1.67847e-07
 Reference value :  1.71461e-07
 Reference value :  1.75066e-07
 Reference value :  1.78680e-07
 Reference value :  1.82475e-07
 Reference value :  1.86270e-07
 Reference value :  1.89674e-07
 Reference value :  1.93468e-07
 Reference value :  1.97263e-07
 Reference value :  2.00877e-07
 Reference value :  2.04482e-07
 Reference value :  2.08096e-07
 Reference value :  2.11891e-07
 Reference value :  2.15686e-07
 Reference value :  2.19088e-07
 Reference value :  2.22883e-07
 Reference value :  2.26316e-07
 Reference value :  2.29930e-07
 Reference value :  2.33536e-07
 Reference value :  2.37150e-07
 Reference value :  2.40945e-07
 Reference value :  2.44739e-07
 Reference value :  2.48248e-07
 Reference value :  2.51757e-07
 Reference value :  2.55371e-07
 Reference value :  2.58985e-07
 Reference value :  2.62599e-07
 Reference value :  2.66204e-07
 Reference value :  2.69818e-07
 Reference value :  2.73613e-07
 Reference value :  2.77408e-07
 Reference value :  2.80449e-07
 Reference value :  2.84063e-07
 Reference value :  2.87677e-07
 Reference value :  2.91291e-07
 Reference value :  2.94897e-07
 Reference value :  2.98691e-07
 Reference value :  3.02486e-07
 Reference value :  3.06462e-07
 Reference value :  3.09685e-07
 Reference value :  3.13299e-07
 Reference value :  3.17094e-07
 Reference value :  3.20708e-07
 Reference value :  3.24313e-07
 Reference value :  3.28107e-07
 Reference value :  3.31902e-07
 Reference value :  3.35878e-07
 Reference value :  3.38919e-07
 Reference value :  3.42533e-07
 Reference value :  3.46328e-07
 Reference value :  3.50122e-07
 Reference value :  3.53728e-07
 Reference value :  3.57342e-07
 Reference value :  3.60956e-07
 Reference value :  3.64751e-07
 Reference value :  3.67974e-07
 Reference value :  3.71769e-07
 Reference value :  3.75563e-07
 Reference value :  3.79177e-07
 Reference value :  3.82782e-07
 Reference value :  3.86577e-07
 Reference value :  3.90372e-07
 Reference value :  3.94167e-07
 Reference value :  3.97389e-07
 Reference value :  4.01183e-07
 Reference value :  4.05159e-07
 Reference value :  4.08773e-07
 Reference value :  4.12378e-07
 Reference value :  4.16173e-07
 Reference value :  4.19968e-07
 Reference value :  4.23943e-07
 Reference value :  4.26986e-07
 Reference value :  4.30600e-07
 Reference value :  4.34575e-07
 Reference value :  4.38189e-07
 Reference value :  4.41614e-07
 Reference value :  4.45408e-07
 Reference value :  4.49203e-07
 Reference value :  4.52998e-07
 Reference value :  4.56401e-07
 Reference value :  4.60195e-07
 Reference value :  4.63809e-07
 Reference value :  4.67604e-07
 Reference value :  4.71209e-07
 Reference value :  4.74823e-07
 Reference value :  4.78799e-07
 Reference value :  4.82593e-07
 Reference value :  4.85817e-07
 Reference value :  4.89431e-07
 Reference value :  4.93226e-07
 Reference value :  4.96840e-07
 Reference value :  5.00445e-07
 Reference value :  5.04059e-07
 Reference value :  5.07853e-07
 Reference value :  5.11467e-07
 Reference value :  5.14870e-07
 Reference value :  5.18665e-07
 Reference value :  5.22279e-07
 Reference value :  5.25893e-07
 Reference value :  5.29498e-07
 Reference value :  5.33293e-07
 Reference value :  5.37088e-07
 Reference value :  5.40702e-07
 Reference value :  5.44211e-07
 Reference value :  5.47720e-07
 Reference value :  5.51515e-07
 Reference value :  5.55309e-07
 Reference value :  5.58914e-07
 Reference value :  5.62528e-07
 Reference value :  5.66323e-07
 Reference value :  5.69937e-07
 Reference value :  5.73680e-07
 Reference value :  5.77135e-07
 Reference value :  5.80929e-07
 Reference value :  5.84543e-07
 Reference value :  5.88157e-07
 Reference value :  5.91763e-07
 Reference value :  5.95557e-07
 Reference value :  5.99352e-07
 Reference value :  6.03277e-07
 Reference value :  6.06732e-07
 Reference value :  6.10526e-07
 Reference value :  6.14140e-07
 Reference value :  6.17754e-07
 Reference value :  6.21359e-07
 Reference value :  6.25154e-07
 Reference value :  6.28949e-07
 Reference value :  6.32744e-07
 Reference value :  6.35785e-07
 Reference value :  6.39580e-07
 Reference value :  6.43194e-07
 Reference value :  6.46808e-07
 Reference value :  6.50413e-07
 Reference value :  6.54027e-07
 Reference value :  6.57822e-07
 Reference value :  6.61797e-07
 Reference value :  6.64840e-07
 Reference value :  6.68454e-07
 Reference value :  6.72249e-07
 Reference value :  6.76043e-07
 Reference value :  6.79648e-07
 Reference value :  6.83443e-07
 Reference value :  6.87238e-07
 Reference value :  6.91033e-07
 Reference value :  6.94074e-07
 Reference value :  6.97688e-07
 Reference value :  7.01483e-07
 Reference value :  7.05097e-07
 Reference value :  7.08702e-07
 Reference value :  7.12497e-07
 Reference value :  7.16291e-07
 Reference value :  7.20267e-07
 Reference value :  7.23490e-07
 Reference value :  7.27285e-07
 Reference value :  7.31260e-07
 Reference value :  7.35055e-07
 Reference value :  7.38660e-07
 Reference value :  7.42636e-07
 Reference value :  7.46250e-07
 Reference value :  7.50225e-07
 Reference value :  7.53267e-07
 Reference value :  7.56881e-07
 Reference value :  7.60675e-07
 Reference value :  7.64289e-07
 Reference value :  7.67714e-07
 Reference value :  7.71328e-07
 Reference value :  7.74942e-07
 Reference value :  7.78917e-07
 Reference value :  7.82141e-07
 Reference value :  7.85935e-07
 Reference value :  7.89549e-07
 Reference value :  7.92983e-07
 Reference value :  7.96588e-07
 Reference value :  8.00202e-07
 Reference value :  8.03996e-07
 Reference value :  8.07610e-07
 Reference value :  8.11013e-07
 Reference value :  8.14808e-07
 Reference value :  8.18422e-07
 Reference value :  8.22036e-07
 Reference value :  8.25461e-07
 Reference value :  8.29255e-07
 Reference value :  8.33050e-07
 Reference value :  8.36664e-07
 Reference value :  8.40173e-07
 Reference value :  8.43502e-07
 Reference value :  8.47296e-07
 Reference value :  8.50910e-07
 Reference value :  8.54524e-07
 Reference value :  8.58129e-07
 Reference value :  8.61743e-07
 Reference value :  8.65538e-07
 Reference value :  8.69333e-07
 Reference value :  8.72555e-07
 Reference value :  8.76350e-07
 Reference value :  8.79964e-07
 Reference value :  8.83578e-07
 Reference value :  8.87183e-07
 Reference value :  8.90797e-07
 Reference value :  8.94592e-07
 Reference value :  8.98386e-07
 Reference value :  9.01610e-07
 Reference value :  9.05405e-07
 Reference value :  9.09199e-07
 Reference value :  9.12994e-07
 Reference value :  9.16780e-07
 Reference value :  9.20574e-07
 Reference value :  9.24369e-07
 Reference value :  9.28345e-07
 Reference value :  9.31386e-07
 Reference value :  9.35181e-07
 Reference value :  9.38795e-07
 Reference value :  9.42228e-07
 Reference value :  9.45833e-07
 Reference value :  9.49447e-07
 Reference value :  9.53242e-07
 Reference value :  9.57218e-07
 Reference value :  9.60441e-07
 Reference value :  9.64055e-07
 Reference value :  9.68030e-07
 Reference value :  9.71825e-07
 Reference value :  9.75430e-07
 Reference value :  9.79225e-07
 Reference value :  9.82839e-07
 Reference value :  9.86814e-07
 Reference value :  9.90036e-07
 Reference value :  9.93650e-07
 Reference value :  9.97445e-07
 Reference value :  1.00106e-06
 Reference value :  1.00448e-06
 Reference value :  1.00828e-06
 Reference value :  1.01207e-06
 Reference value :  1.01605e-06
 Reference value :  1.01909e-06
 Reference value :  1.02271e-06
 Reference value :  1.02650e-06
 Reference value :  1.03011e-06
 Reference value :  1.03354e-06
 Reference value :  1.03715e-06
 Reference value :  1.04095e-06
 Reference value :  1.04474e-06
 Reference value :  1.04814e-06
 Reference value :  1.05194e-06
 Reference value :  1.05555e-06
 Reference value :  1.05935e-06
 Reference value :  1.06295e-06
 Reference value :  1.06657e-06
 Reference value :  1.07054e-06
 Reference value :  1.07434e-06
 Reference value :  1.07756e-06
 Reference value :  1.08118e-06
No. of Data Rows : 6057
vhold_min           =  1.20000e+00 at=  1.15648e-10
tfirst              =  7.03189e-08
t1                  =  6.76677e-07
t2                  =  7.06274e-07
t3                  =  7.35870e-07
t4                  =  7.65466e-07
t5                  =  7.95062e-07
t6                  =  8.24659e-07
t7                  =  8.54255e-07
t8                  =  8.83851e-07
t9                  =  9.13447e-07
t10                 =  9.43044e-07
t11                 =  9.72640e-07
t12                 =  1.00224e-06
idd_run             =  -5.43737e-05 from=  6.50400e-07 to=  1.08400e-06
vmax                =  1.21235e+00 at=  1.03210e-06
vmin                =  -1.64126e-02 at=  1.01762e-06
Note: Simulation executed from .control section 
Note: Starting dynamic gmin stepping
Note: Dynamic gmin stepping completed
Note: Starting dynamic gmin stepping
Note: Dynamic gmin stepping completed
