
Note: Compatibility modes selected: hs a


Circuit: * tt_analog_ring, code 1

Doing analysis at TEMP = 27.000000 and TNOM = 27.000000

Using SPARSE 1.3 as Direct Linear Solver
 Reference value :  0.00000e+00
No. of Data Rows : 1
idd_dis=5.71178E-06 vbp=0.688377 vbn=0.312513 clk_dis=1.08
Doing analysis at TEMP = 27.000000 and TNOM = 27.000000

Using SPARSE 1.3 as Direct Linear Solver

Initial Transient Solution
--------------------------

Node                                   Voltage
----                                   -------
vpwr                                      1.08
code[0]                                   1.08
code[1]                                      0
code[2]                                      0
code[3]                                      0
code[4]                                      0
code[5]                                      0
code[6]                                      0
code[7]                                      0
enable                                       0
xdut.vbp                              0.688377
clk_out                                   1.08
xdut.b1                            3.26884e-08
xdut.s3                            1.58282e-06
xdut.s2                                   1.08
xdut.n_126                                1.08
xdut.s1                            1.58283e-06
xdut.n_125                                1.08
xdut.s10                                  1.08
xdut.s6                                   1.08
xdut.s5                            1.58282e-06
xdut.n_128                                1.08
xdut.s9                            1.58282e-06
xdut.n_133                                1.08
xdut.s4                                   1.08
xdut.n_129                                1.08
xdut.s8                                   1.08
xdut.n_132                                1.08
xdut.s7                            1.58282e-06
xdut.n_130                                1.08
xdut.n_127                                1.08
xdut.n_131                                1.08
xdut.s0                                   1.08
xdut.n_124                                1.08
xdut.n_71                          1.56876e-06
xdut.n_72                          1.56875e-06
xdut.n_70                          6.51636e-08
xdut.n_77                          1.56875e-06
xdut.n_75                          6.51636e-08
xdut.n_73                          6.51636e-08
xdut.n_67                          6.51636e-08
xdut.n_76                          6.51636e-08
xdut.n_69                          1.56875e-06
xdut.n_74                          1.56875e-06
xdut.n_122                                1.08
xdut.n_i1005                          0.886586
xdut.n_68                          1.60167e-07
xdut.vbn                              0.312513
ven#branch                         1.52807e-12
vc7#branch                         7.15101e-13
vc6#branch                         3.57551e-13
vc5#branch                         1.78775e-13
vc4#branch                         8.93876e-14
vc3#branch                         4.46938e-14
vc2#branch                         2.23469e-14
vc1#branch                         1.11735e-14
vc0#branch                        -6.34506e-11
vdd#branch                        -5.71178e-06

 Reference value :  0.00000e+00
 Reference value :  9.49027e-08
 Reference value :  2.16750e-07
 Reference value :  3.31700e-07
 Reference value :  4.37454e-07
 Reference value :  5.61600e-07
 Reference value :  6.71952e-07
 Reference value :  7.09470e-07
 Reference value :  7.60048e-07
 Reference value :  8.12925e-07
 Reference value :  8.77297e-07
 Reference value :  9.37860e-07
 Reference value :  9.88438e-07
 Reference value :  1.05051e-06
 Reference value :  1.11488e-06
 Reference value :  1.15968e-06
 Reference value :  1.21026e-06
 Reference value :  1.26084e-06
 Reference value :  1.31602e-06
 Reference value :  1.35950e-06
 Reference value :  1.41007e-06
 Reference value :  1.45835e-06
 Reference value :  1.51583e-06
 Reference value :  1.57445e-06
 Reference value :  1.62963e-06
 Reference value :  1.68940e-06
 Reference value :  1.73538e-06
 Reference value :  1.77724e-06
 Reference value :  1.82263e-06
 Reference value :  1.86861e-06
 Reference value :  1.91919e-06
 Reference value :  1.98816e-06
 Reference value :  2.05124e-06
 Reference value :  2.10872e-06
 Reference value :  2.15930e-06
 Reference value :  2.21128e-06
 Reference value :  2.25571e-06
 Reference value :  2.30169e-06
 Reference value :  2.35227e-06
 Reference value :  2.40514e-06
 Reference value :  2.45442e-06
 Reference value :  2.50270e-06
 Reference value :  2.55787e-06
 Reference value :  2.60845e-06
 Reference value :  2.65888e-06
 Reference value :  2.71635e-06
 Reference value :  2.78072e-06
 Reference value :  2.84050e-06
 Reference value :  2.88977e-06
 Reference value :  2.93805e-06
 Reference value :  2.99093e-06
 Reference value :  3.04610e-06
 Reference value :  3.09652e-06
 Reference value :  3.14940e-06
 Reference value :  3.19998e-06
 Reference value :  3.25056e-06
 Reference value :  3.30442e-06
 Reference value :  3.35730e-06
 Reference value :  3.41018e-06
 Reference value :  3.46995e-06
 Reference value :  3.52727e-06
 Reference value :  3.58245e-06
 Reference value :  3.63303e-06
 Reference value :  3.69050e-06
 Reference value :  3.74207e-06
 Reference value :  3.80415e-06
 Reference value :  3.85702e-06
 Reference value :  3.90990e-06
 Reference value :  3.96262e-06
 Reference value :  4.02929e-06
 Reference value :  4.09136e-06
 Reference value :  4.14424e-06
 Reference value :  4.19351e-06
 Reference value :  4.24179e-06
 Reference value :  4.29237e-06
 Reference value :  4.34524e-06
 Reference value :  4.39567e-06
 Reference value :  4.44625e-06
 Reference value :  4.49682e-06
 Reference value :  4.54970e-06
 Reference value :  4.60718e-06
 Reference value :  4.65645e-06
 Reference value :  4.70702e-06
 Reference value :  4.75760e-06
 Reference value :  4.81278e-06
 Reference value :  4.85860e-06
 Reference value :  4.90688e-06
 Reference value :  4.96206e-06
 Reference value :  5.02183e-06
 Reference value :  5.06880e-06
 Reference value :  5.11708e-06
 Reference value :  5.16766e-06
 Reference value :  5.21823e-06
 Reference value :  5.26010e-06
 Reference value :  5.30544e-06
 Reference value :  5.35142e-06
 Reference value :  5.39281e-06
 Reference value :  5.43649e-06
 Reference value :  5.48116e-06
 Reference value :  5.52484e-06
 Reference value :  5.56852e-06
 Reference value :  5.62829e-06
 Reference value :  5.68347e-06
 Reference value :  5.72929e-06
 Reference value :  5.77757e-06
 Reference value :  5.82815e-06
 Reference value :  5.88103e-06
 Reference value :  5.93259e-06
 Reference value :  5.98087e-06
 Reference value :  6.03145e-06
 Reference value :  6.08203e-06
 Reference value :  6.13079e-06
 Reference value :  6.17614e-06
 Reference value :  6.22212e-06
 Reference value :  6.26580e-06
 Reference value :  6.31178e-06
 Reference value :  6.35645e-06
 Reference value :  6.40013e-06
 Reference value :  6.44611e-06
 Reference value :  6.49209e-06
 Reference value :  6.53807e-06
 Reference value :  6.57929e-06
 Reference value :  6.62298e-06
 Reference value :  6.66666e-06
 Reference value :  6.71034e-06
 Reference value :  6.75862e-06
 Reference value :  6.81248e-06
 Reference value :  6.86766e-06
 Reference value :  6.93433e-06
 Reference value :  6.99410e-06
 Reference value :  7.03993e-06
 Reference value :  7.09051e-06
 Reference value :  7.13879e-06
 Reference value :  7.19396e-06
 Reference value :  7.24323e-06
 Reference value :  7.29151e-06
 Reference value :  7.34209e-06
 Reference value :  7.39267e-06
 Reference value :  7.44539e-06
 Reference value :  7.49827e-06
 Reference value :  7.56264e-06
 Reference value :  7.63161e-06
 Reference value :  7.68548e-06
 Reference value :  7.73605e-06
 Reference value :  7.78893e-06
 Reference value :  7.85100e-06
 Reference value :  7.89913e-06
 Reference value :  7.94741e-06
 Reference value :  7.99799e-06
 Reference value :  8.06466e-06
 Reference value :  8.12542e-06
 Reference value :  8.17600e-06
 Reference value :  8.23348e-06
 Reference value :  8.30015e-06
 Reference value :  8.35287e-06
 Reference value :  8.40804e-06
 Reference value :  8.45172e-06
 Reference value :  8.50000e-06
 Reference value :  8.54467e-06
 Reference value :  8.58835e-06
 Reference value :  8.63203e-06
 Reference value :  8.67801e-06
 Reference value :  8.72859e-06
 Reference value :  8.76982e-06
 Reference value :  8.81580e-06
 Reference value :  8.86178e-06
 Reference value :  8.92156e-06
 Reference value :  9.00071e-06
 Reference value :  9.06049e-06
 Reference value :  9.11566e-06
 Reference value :  9.17544e-06
 Reference value :  9.23505e-06
 Reference value :  9.29943e-06
 Reference value :  9.34770e-06
 Reference value :  9.39758e-06
 Reference value :  9.44295e-06
 Reference value :  9.48663e-06
 Reference value :  9.53031e-06
 Reference value :  9.57629e-06
 Reference value :  9.61752e-06
 Reference value :  9.66350e-06
 Reference value :  9.70948e-06
 Reference value :  9.75317e-06
 Reference value :  9.80374e-06
 Reference value :  9.85301e-06
 Reference value :  9.89899e-06
 Reference value :  9.94727e-06
 Reference value :  9.99325e-06
 Reference value :  1.00415e-05
 Reference value :  1.00828e-05
 Reference value :  1.01287e-05
 Reference value :  1.01701e-05
 Reference value :  1.02161e-05
 Reference value :  1.02667e-05
 Reference value :  1.03067e-05
 Reference value :  1.03504e-05
 Reference value :  1.03941e-05
 Reference value :  1.04378e-05
 Reference value :  1.04829e-05
 Reference value :  1.05296e-05
 Reference value :  1.05733e-05
 Reference value :  1.06170e-05
 Reference value :  1.06583e-05
 Reference value :  1.07053e-05
 Reference value :  1.07490e-05
 Reference value :  1.07927e-05
 Reference value :  1.08410e-05
 Reference value :  1.08984e-05
 Reference value :  1.09580e-05
 Reference value :  1.10132e-05
 Reference value :  1.10684e-05
 Reference value :  1.11351e-05
 Reference value :  1.11935e-05
 Reference value :  1.12487e-05
 Reference value :  1.13016e-05
 Reference value :  1.13536e-05
 Reference value :  1.14049e-05
 Reference value :  1.14555e-05
 Reference value :  1.15060e-05
 Reference value :  1.15658e-05
 Reference value :  1.16128e-05
 Reference value :  1.16634e-05
 Reference value :  1.17162e-05
 Reference value :  1.17714e-05
 Reference value :  1.18195e-05
 Reference value :  1.18701e-05
 Reference value :  1.19207e-05
 Reference value :  1.19759e-05
 Reference value :  1.20274e-05
 Reference value :  1.20757e-05
 Reference value :  1.21286e-05
 Reference value :  1.21792e-05
 Reference value :  1.22296e-05
 Reference value :  1.22825e-05
 Reference value :  1.23377e-05
 Reference value :  1.23882e-05
 Reference value :  1.24450e-05
 Reference value :  1.24904e-05
 Reference value :  1.25341e-05
 Reference value :  1.25800e-05
 Reference value :  1.26306e-05
 Reference value :  1.26879e-05
 Reference value :  1.27477e-05
 Reference value :  1.27983e-05
 Reference value :  1.28558e-05
 Reference value :  1.29050e-05
 Reference value :  1.29533e-05
 Reference value :  1.30154e-05
 Reference value :  1.30775e-05
 Reference value :  1.31256e-05
 Reference value :  1.31762e-05
 Reference value :  1.32267e-05
 Reference value :  1.32796e-05
 Reference value :  1.33358e-05
 Reference value :  1.33979e-05
 Reference value :  1.34576e-05
 Reference value :  1.35243e-05
 Reference value :  1.35816e-05
 Reference value :  1.36437e-05
 Reference value :  1.36989e-05
 Reference value :  1.37527e-05
No. of Data Rows : 6067
vhold_min           =  1.08000e+00 at=  1.47136e-09
tfirst              =  9.02248e-07
t1                  =  8.52399e-06
t2                  =  8.95934e-06
t3                  =  9.39469e-06
t4                  =  9.83003e-06
t5                  =  1.02654e-05
t6                  =  1.07007e-05
t7                  =  1.11361e-05
t8                  =  1.15714e-05
t9                  =  1.20068e-05
t10                 =  1.24421e-05
t11                 =  1.28775e-05
t12                 =  1.33128e-05
idd_run             =  -6.02044e-06 from=  8.27600e-06 to=  1.37900e-05
vmax                =  1.09486e+00 at=  1.02683e-05
vmin                =  -6.51686e-03 at=  1.04829e-05
Note: Simulation executed from .control section 
Warning: m=xx on .subckt line will override multiplier m hierarchy!

Note: Starting dynamic gmin stepping
Note: Dynamic gmin stepping completed
Note: Starting dynamic gmin stepping
Note: Dynamic gmin stepping completed
