
Note: No compatibility mode selected!


Circuit: * stage delay at code 255

Doing analysis at TEMP = 125.000000 and TNOM = 27.000000

Using SPARSE 1.3 as Direct Linear Solver

Initial Transient Solution
--------------------------

Node                                   Voltage
----                                   -------
vpwr                                      1.32
code[0]                                   1.32
code[1]                                   1.32
code[2]                                   1.32
code[3]                                   1.32
code[4]                                   1.32
code[5]                                   1.32
code[6]                                   1.32
code[7]                                   1.32
vbp                                   0.642273
vbn                                   0.586282
a                                            0
xdrv.net1                                 1.32
b                                         1.32
xdrv.net2                           1.8753e-06
xdut.net1                              1.31994
y                                  6.18823e-05
xdut.net2                          5.21752e-05
xload.net1                                1.32
z                                         1.32
xload.net2                         1.87775e-06
xload2.net1                            1.31994
zz                                 6.13811e-05
xload2.net2                        5.17527e-05
vin#branch                         2.92504e-11
vc7#branch                        -1.07642e-07
vc6#branch                        -5.37615e-08
vc5#branch                        -2.68214e-08
vc4#branch                        -1.33513e-08
vc3#branch                        -6.61628e-09
vc2#branch                        -3.24876e-09
vc1#branch                          -1.565e-09
vc0#branch                        -7.23124e-10
vdd#branch                        -0.000517286

 Reference value :  2.17707e-10
 Reference value :  1.18757e-09
 Reference value :  1.91895e-09
 Reference value :  2.76532e-09
 Reference value :  3.75627e-09
 Reference value :  4.71890e-09
 Reference value :  5.46588e-09
 Reference value :  6.42972e-09
 Reference value :  7.37247e-09
 Reference value :  8.06343e-09
 Reference value :  8.93389e-09
 Reference value :  9.91279e-09
 Reference value :  1.07700e-08
 Reference value :  1.14327e-08
 Reference value :  1.24055e-08
 Reference value :  1.33633e-08
 Reference value :  1.40603e-08
 Reference value :  1.49308e-08
 Reference value :  1.58946e-08
 Reference value :  1.67639e-08
 Reference value :  1.74235e-08
No. of Data Rows : 6046
tin_f               =  7.67470e-09
tout_r              =  7.78320e-09
tin_r               =  1.07078e-08
tout_f              =  1.08785e-08
tplh=1.08504E-10 tphl=1.7069E-10
t40r                =  7.76105e-09
t60r                =  7.81099e-09
t60f                =  1.08533e-08
t40f                =  1.09048e-08
sr_r=5.28603E+09 sr_f=-5.12323E+09
tr                  =  7.72168e-09
tr8                 =  7.92072e-09
tf                  =  1.08033e-08
tf2                 =  1.09805e-08
trise=1.9904E-10 tfall=1.7722E-10
Note: Simulation executed from .control section 
