
Note: Compatibility modes selected: hs a


Circuit: * tt_analog_ring, code 15

Doing analysis at TEMP = 27.000000 and TNOM = 27.000000

Using SPARSE 1.3 as Direct Linear Solver
 Reference value :  0.00000e+00
No. of Data Rows : 1
idd_dis=4.85982E-05 vbp=0.749492 vbn=0.350945 clk_dis=1.2
Doing analysis at TEMP = 27.000000 and TNOM = 27.000000

Using SPARSE 1.3 as Direct Linear Solver

Initial Transient Solution
--------------------------

Node                                   Voltage
----                                   -------
vpwr                                       1.2
code[0]                                    1.2
code[1]                                    1.2
code[2]                                    1.2
code[3]                                    1.2
code[4]                                      0
code[5]                                      0
code[6]                                      0
code[7]                                      0
enable                                       0
xdut.vbp                              0.749492
clk_out                                    1.2
xdut.b1                            1.51723e-07
xdut.s3                            2.89817e-06
xdut.s2                                    1.2
xdut.n_126                                 1.2
xdut.s1                            2.45087e-06
xdut.n_125                                 1.2
xdut.s10                                   1.2
xdut.s6                                    1.2
xdut.s5                            2.48553e-06
xdut.n_128                                 1.2
xdut.s9                            1.59831e-06
xdut.n_133                                 1.2
xdut.s4                                    1.2
xdut.n_129                                 1.2
xdut.s8                                    1.2
xdut.n_132                                 1.2
xdut.s7                            2.01043e-06
xdut.n_130                                 1.2
xdut.n_127                                 1.2
xdut.n_131                                 1.2
xdut.s0                                    1.2
xdut.n_124                                 1.2
xdut.n_71                          2.34485e-06
xdut.n_72                          1.91892e-06
xdut.n_70                          1.81113e-07
xdut.n_77                          2.77096e-06
xdut.n_75                          3.97762e-07
xdut.n_73                          2.66781e-07
xdut.n_67                          2.12681e-07
xdut.n_76                           2.2246e-07
xdut.n_69                          1.52828e-06
xdut.n_74                          2.39589e-06
xdut.n_122                                 1.2
xdut.n_i1005                           1.01432
xdut.n_68                          7.91068e-07
xdut.vbn                              0.350945
ven#branch                           7.427e-12
vc7#branch                         4.11873e-12
vc6#branch                         2.05641e-12
vc5#branch                         1.03121e-12
vc4#branch                         5.14469e-13
vc3#branch                         -3.4078e-09
vc2#branch                        -1.69233e-09
vc1#branch                        -8.60105e-10
vc0#branch                         -4.1425e-10
vdd#branch                        -4.85982e-05

 Reference value :  0.00000e+00
 Reference value :  2.27102e-08
 Reference value :  4.60793e-08
 Reference value :  6.98315e-08
 Reference value :  8.86034e-08
 Reference value :  1.05843e-07
 Reference value :  1.16590e-07
 Reference value :  1.25402e-07
 Reference value :  1.34213e-07
 Reference value :  1.43407e-07
 Reference value :  1.53223e-07
 Reference value :  1.65482e-07
 Reference value :  1.78021e-07
 Reference value :  1.89897e-07
 Reference value :  2.02276e-07
 Reference value :  2.13769e-07
 Reference value :  2.27944e-07
 Reference value :  2.40450e-07
 Reference value :  2.53092e-07
 Reference value :  2.65318e-07
 Reference value :  2.77577e-07
 Reference value :  2.90877e-07
 Reference value :  3.04285e-07
 Reference value :  3.17110e-07
 Reference value :  3.30135e-07
 Reference value :  3.43053e-07
 Reference value :  3.56461e-07
 Reference value :  3.68857e-07
 Reference value :  3.82419e-07
 Reference value :  3.96976e-07
 Reference value :  4.09872e-07
 Reference value :  4.24430e-07
 Reference value :  4.36012e-07
 Reference value :  4.50569e-07
 Reference value :  4.62308e-07
 Reference value :  4.75717e-07
 Reference value :  4.88757e-07
 Reference value :  5.02166e-07
 Reference value :  5.16211e-07
 Reference value :  5.29620e-07
 Reference value :  5.42364e-07
 Reference value :  5.55390e-07
 Reference value :  5.67129e-07
 Reference value :  5.80921e-07
 Reference value :  5.93792e-07
 Reference value :  6.07737e-07
 Reference value :  6.22295e-07
 Reference value :  6.35574e-07
 Reference value :  6.49365e-07
 Reference value :  6.60587e-07
 Reference value :  6.74762e-07
 Reference value :  6.87653e-07
 Reference value :  7.01445e-07
 Reference value :  7.14475e-07
 Reference value :  7.27500e-07
 Reference value :  7.41539e-07
 Reference value :  7.54564e-07
 Reference value :  7.68053e-07
 Reference value :  7.81079e-07
 Reference value :  7.95116e-07
 Reference value :  8.08908e-07
 Reference value :  8.21969e-07
 Reference value :  8.35378e-07
 Reference value :  8.49032e-07
 Reference value :  8.62441e-07
 Reference value :  8.75235e-07
 Reference value :  8.88554e-07
 Reference value :  9.02729e-07
 Reference value :  9.16000e-07
 Reference value :  9.30175e-07
 Reference value :  9.42491e-07
 Reference value :  9.57049e-07
 Reference value :  9.69938e-07
 Reference value :  9.84112e-07
 Reference value :  9.96812e-07
 Reference value :  1.00830e-06
 Reference value :  1.02196e-06
 Reference value :  1.03384e-06
 Reference value :  1.04731e-06
 Reference value :  1.06110e-06
 Reference value :  1.07515e-06
 Reference value :  1.08894e-06
 Reference value :  1.10243e-06
 Reference value :  1.11622e-06
 Reference value :  1.12989e-06
 Reference value :  1.14330e-06
 Reference value :  1.15612e-06
 Reference value :  1.16988e-06
 Reference value :  1.18405e-06
 Reference value :  1.19514e-06
 Reference value :  1.20395e-06
 Reference value :  1.21768e-06
 Reference value :  1.23147e-06
 Reference value :  1.24676e-06
 Reference value :  1.26055e-06
 Reference value :  1.27443e-06
 Reference value :  1.28860e-06
 Reference value :  1.30306e-06
 Reference value :  1.31686e-06
 Reference value :  1.33021e-06
 Reference value :  1.34400e-06
 Reference value :  1.35893e-06
 Reference value :  1.37311e-06
 Reference value :  1.38690e-06
 Reference value :  1.40146e-06
 Reference value :  1.41594e-06
 Reference value :  1.43088e-06
 Reference value :  1.44346e-06
 Reference value :  1.45764e-06
 Reference value :  1.47257e-06
 Reference value :  1.48674e-06
 Reference value :  1.50093e-06
 Reference value :  1.51549e-06
 Reference value :  1.52995e-06
 Reference value :  1.54451e-06
 Reference value :  1.55788e-06
 Reference value :  1.57205e-06
 Reference value :  1.58660e-06
 Reference value :  1.60154e-06
 Reference value :  1.61454e-06
 Reference value :  1.62910e-06
 Reference value :  1.64359e-06
 Reference value :  1.65815e-06
 Reference value :  1.67076e-06
 Reference value :  1.68493e-06
 Reference value :  1.69947e-06
 Reference value :  1.71441e-06
 Reference value :  1.72703e-06
 Reference value :  1.74159e-06
 Reference value :  1.75531e-06
 Reference value :  1.77025e-06
 Reference value :  1.78172e-06
 Reference value :  1.79628e-06
 Reference value :  1.81081e-06
 Reference value :  1.82460e-06
 Reference value :  1.83263e-06
 Reference value :  1.84068e-06
 Reference value :  1.85562e-06
 Reference value :  1.86894e-06
 Reference value :  1.88312e-06
 Reference value :  1.89537e-06
 Reference value :  1.90648e-06
 Reference value :  1.91983e-06
 Reference value :  1.93439e-06
 Reference value :  1.94863e-06
 Reference value :  1.96357e-06
 Reference value :  1.97762e-06
 Reference value :  1.99179e-06
 Reference value :  2.00521e-06
 Reference value :  2.01977e-06
 Reference value :  2.03461e-06
 Reference value :  2.04917e-06
 Reference value :  2.06343e-06
 Reference value :  2.07722e-06
 Reference value :  2.09126e-06
 Reference value :  2.10543e-06
 Reference value :  2.11922e-06
 Reference value :  2.13339e-06
 Reference value :  2.14747e-06
 Reference value :  2.16203e-06
 Reference value :  2.17554e-06
 Reference value :  2.18971e-06
 Reference value :  2.20375e-06
 Reference value :  2.21793e-06
 Reference value :  2.23131e-06
 Reference value :  2.24548e-06
 Reference value :  2.25956e-06
 Reference value :  2.27412e-06
 Reference value :  2.28765e-06
No. of Data Rows : 6064
vhold_min           =  1.20000e+00 at=  2.45184e-10
tfirst              =  1.43180e-07
t1                  =  1.40936e-06
t2                  =  1.46562e-06
t3                  =  1.52185e-06
t4                  =  1.57810e-06
t5                  =  1.63434e-06
t6                  =  1.69059e-06
t7                  =  1.74682e-06
t8                  =  1.80307e-06
t9                  =  1.85931e-06
t10                 =  1.91555e-06
t11                 =  1.97180e-06
t12                 =  2.02803e-06
idd_run             =  -5.13304e-05 from=  1.37900e-06 to=  2.29900e-06
vmax                =  1.22480e+00 at=  2.19730e-06
vmin                =  -1.63515e-02 at=  2.22436e-06
Note: Simulation executed from .control section 
Warning: m=xx on .subckt line will override multiplier m hierarchy!

Note: Starting dynamic gmin stepping
Note: Dynamic gmin stepping completed
Note: Starting dynamic gmin stepping
Note: Dynamic gmin stepping completed
