
Note: Compatibility modes selected: hs a


Circuit: * tt_analog_ring, code 16

Doing analysis at TEMP = 27.000000 and TNOM = 27.000000

Using SPARSE 1.3 as Direct Linear Solver
 Reference value :  0.00000e+00
No. of Data Rows : 1
idd_dis=4.74709E-05 vbp=0.775708 vbn=0.37823 clk_dis=1.2
Doing analysis at TEMP = 27.000000 and TNOM = 27.000000

Using SPARSE 1.3 as Direct Linear Solver

Initial Transient Solution
--------------------------

Node                                   Voltage
----                                   -------
vpwr                                       1.2
code[0]                                      0
code[1]                                      0
code[2]                                      0
code[3]                                      0
code[4]                                    1.2
code[5]                                      0
code[6]                                      0
code[7]                                      0
enable                                       0
xdut.vbp                              0.775708
clk_out                                    1.2
xdut.b1                            3.80855e-07
xdut.s3                             6.0441e-06
xdut.s2                                    1.2
xdut.n_126                             1.19999
xdut.s1                            6.04412e-06
xdut.n_125                                 1.2
xdut.s10                                   1.2
xdut.s6                                    1.2
xdut.s5                             6.0441e-06
xdut.n_128                                 1.2
xdut.s9                             6.0441e-06
xdut.n_133                                 1.2
xdut.s4                                    1.2
xdut.n_129                             1.19999
xdut.s8                                    1.2
xdut.n_132                             1.19999
xdut.s7                             6.0441e-06
xdut.n_130                             1.19999
xdut.n_127                                 1.2
xdut.n_131                                 1.2
xdut.s0                                    1.2
xdut.n_124                             1.19999
xdut.n_71                          5.78285e-06
xdut.n_72                          5.78283e-06
xdut.n_70                          6.50425e-08
xdut.n_77                          5.78283e-06
xdut.n_75                          6.50425e-08
xdut.n_73                          6.50425e-08
xdut.n_67                          6.50425e-08
xdut.n_76                          6.50425e-08
xdut.n_69                          5.78283e-06
xdut.n_74                          5.78283e-06
xdut.n_122                                 1.2
xdut.n_i1005                           1.01675
xdut.n_68                          1.47734e-07
xdut.vbn                               0.37823
ven#branch                         1.27999e-11
vc7#branch                         2.22194e-12
vc6#branch                         1.11097e-12
vc5#branch                         5.55486e-13
vc4#branch                        -3.50671e-09
vc3#branch                         1.38872e-13
vc2#branch                         6.94358e-14
vc1#branch                         3.47179e-14
vc0#branch                         1.73589e-14
vdd#branch                        -4.74709e-05

 Reference value :  0.00000e+00
 Reference value :  2.57535e-08
 Reference value :  5.50188e-08
 Reference value :  8.35615e-08
 Reference value :  1.08521e-07
 Reference value :  1.22670e-07
 Reference value :  1.38206e-07
 Reference value :  1.52900e-07
 Reference value :  1.68436e-07
 Reference value :  1.82132e-07
 Reference value :  1.91164e-07
 Reference value :  1.99814e-07
 Reference value :  2.08846e-07
 Reference value :  2.17879e-07
 Reference value :  2.27634e-07
 Reference value :  2.36283e-07
 Reference value :  2.45315e-07
 Reference value :  2.55070e-07
 Reference value :  2.63000e-07
 Reference value :  2.72032e-07
 Reference value :  2.81065e-07
 Reference value :  2.90435e-07
 Reference value :  2.99106e-07
 Reference value :  3.08139e-07
 Reference value :  3.17533e-07
 Reference value :  3.25463e-07
 Reference value :  3.34496e-07
 Reference value :  3.43889e-07
 Reference value :  3.52898e-07
 Reference value :  3.61930e-07
 Reference value :  3.70963e-07
 Reference value :  3.79614e-07
 Reference value :  3.88286e-07
 Reference value :  3.97318e-07
 Reference value :  4.06712e-07
 Reference value :  4.15360e-07
 Reference value :  4.24393e-07
 Reference value :  4.33425e-07
 Reference value :  4.41356e-07
 Reference value :  4.50027e-07
 Reference value :  4.59060e-07
 Reference value :  4.68815e-07
 Reference value :  4.77100e-07
 Reference value :  4.85772e-07
 Reference value :  4.94804e-07
 Reference value :  5.02372e-07
 Reference value :  5.11404e-07
 Reference value :  5.19714e-07
 Reference value :  5.30530e-07
 Reference value :  5.45343e-07
 Reference value :  5.60139e-07
 Reference value :  5.74952e-07
 Reference value :  5.90103e-07
 Reference value :  6.04916e-07
 Reference value :  6.19348e-07
 Reference value :  6.34161e-07
 Reference value :  6.49313e-07
 Reference value :  6.64127e-07
 Reference value :  6.78561e-07
 Reference value :  6.93735e-07
 Reference value :  7.09247e-07
 Reference value :  7.24422e-07
 Reference value :  7.38854e-07
 Reference value :  7.54390e-07
 Reference value :  7.69903e-07
 Reference value :  7.85077e-07
 Reference value :  7.99511e-07
 Reference value :  8.14686e-07
 Reference value :  8.29837e-07
 Reference value :  8.44650e-07
 Reference value :  8.59444e-07
 Reference value :  8.74618e-07
 Reference value :  8.90131e-07
 Reference value :  9.04944e-07
 Reference value :  9.19378e-07
 Reference value :  9.34553e-07
 Reference value :  9.49704e-07
 Reference value :  9.64517e-07
 Reference value :  9.78949e-07
 Reference value :  9.93763e-07
 Reference value :  1.00891e-06
 Reference value :  1.02409e-06
 Reference value :  1.03888e-06
 Reference value :  1.05406e-06
 Reference value :  1.06921e-06
 Reference value :  1.08402e-06
 Reference value :  1.09882e-06
 Reference value :  1.11435e-06
 Reference value :  1.12950e-06
 Reference value :  1.14432e-06
 Reference value :  1.15875e-06
 Reference value :  1.17393e-06
 Reference value :  1.18944e-06
 Reference value :  1.20461e-06
 Reference value :  1.21746e-06
 Reference value :  1.23024e-06
 Reference value :  1.23892e-06
 Reference value :  1.24937e-06
 Reference value :  1.26238e-06
 Reference value :  1.27711e-06
 Reference value :  1.29054e-06
 Reference value :  1.30644e-06
 Reference value :  1.32087e-06
 Reference value :  1.33640e-06
 Reference value :  1.35047e-06
 Reference value :  1.36565e-06
 Reference value :  1.37430e-06
 Reference value :  1.38622e-06
 Reference value :  1.40065e-06
 Reference value :  1.41583e-06
 Reference value :  1.42703e-06
 Reference value :  1.43929e-06
 Reference value :  1.45374e-06
 Reference value :  1.46131e-06
 Reference value :  1.47034e-06
 Reference value :  1.48551e-06
 Reference value :  1.50031e-06
 Reference value :  1.51584e-06
 Reference value :  1.52991e-06
 Reference value :  1.54400e-06
 Reference value :  1.55915e-06
 Reference value :  1.57505e-06
 Reference value :  1.58948e-06
 Reference value :  1.60538e-06
 Reference value :  1.62017e-06
 Reference value :  1.63607e-06
 Reference value :  1.65014e-06
 Reference value :  1.66604e-06
 Reference value :  1.68155e-06
 Reference value :  1.69665e-06
 Reference value :  1.71116e-06
 Reference value :  1.72489e-06
 Reference value :  1.73281e-06
 Reference value :  1.74185e-06
 Reference value :  1.75088e-06
 Reference value :  1.75917e-06
 Reference value :  1.77001e-06
 Reference value :  1.78591e-06
 Reference value :  1.80033e-06
 Reference value :  1.81587e-06
 Reference value :  1.82958e-06
 Reference value :  1.83934e-06
 Reference value :  1.84834e-06
 Reference value :  1.85774e-06
 Reference value :  1.87111e-06
 Reference value :  1.88084e-06
 Reference value :  1.89096e-06
 Reference value :  1.89999e-06
 Reference value :  1.90936e-06
 Reference value :  1.91839e-06
 Reference value :  1.92743e-06
 Reference value :  1.94186e-06
 Reference value :  1.95703e-06
 Reference value :  1.97219e-06
 Reference value :  1.98736e-06
 Reference value :  2.00179e-06
 Reference value :  2.01697e-06
 Reference value :  2.03248e-06
 Reference value :  2.04729e-06
 Reference value :  2.06173e-06
 Reference value :  2.07690e-06
 Reference value :  2.09205e-06
 Reference value :  2.10687e-06
 Reference value :  2.12130e-06
 Reference value :  2.13647e-06
 Reference value :  2.15235e-06
 Reference value :  2.16752e-06
No. of Data Rows : 6056
vhold_min           =  1.20000e+00 at=  2.26896e-09
tfirst              =  1.37980e-07
t1                  =  1.30743e-06
t2                  =  1.36736e-06
t3                  =  1.42729e-06
t4                  =  1.48723e-06
t5                  =  1.54716e-06
t6                  =  1.60709e-06
t7                  =  1.66703e-06
t8                  =  1.72696e-06
t9                  =  1.78689e-06
t10                 =  1.84683e-06
t11                 =  1.90676e-06
t12                 =  1.96670e-06
idd_run             =  -5.01367e-05 from=  1.30100e-06 to=  2.16800e-06
vmax                =  1.20523e+00 at=  1.30788e-06
vmin                =  -1.67757e-02 at=  1.33705e-06
Note: Simulation executed from .control section 
Warning: m=xx on .subckt line will override multiplier m hierarchy!

Note: Starting dynamic gmin stepping
Note: Dynamic gmin stepping completed
Note: Starting dynamic gmin stepping
Note: Dynamic gmin stepping completed
