
Note: No compatibility mode selected!


Circuit: * tt_analog_ring, code 15

Doing analysis at TEMP = 27.000000 and TNOM = 27.000000

Using SPARSE 1.3 as Direct Linear Solver
 Reference value :  0.00000e+00
No. of Data Rows : 1
idd_dis=4.88506E-05 vbp=0.748384 vbn=0.347957 clk_dis=1.2
Doing analysis at TEMP = 27.000000 and TNOM = 27.000000

Using SPARSE 1.3 as Direct Linear Solver

Initial Transient Solution
--------------------------

Node                                   Voltage
----                                   -------
vpwr                                       1.2
code[0]                                    1.2
code[1]                                    1.2
code[2]                                    1.2
code[3]                                    1.2
code[4]                                      0
code[5]                                      0
code[6]                                      0
code[7]                                      0
enable                                       0
xdut.vbp                              0.748384
xdut.vbn                              0.347957
xdut.n0                            9.25515e-07
xdut.p0                                    1.2
xdut.na0                               1.01425
xdut.s0                                    1.2
xdut.s10                                   1.2
xdut.n1                              2.066e-06
xdut.p1                                    1.2
xdut.s1                            2.14911e-06
xdut.n2                            5.47497e-08
xdut.p2                                    1.2
xdut.s2                                    1.2
xdut.n3                            3.42463e-06
xdut.p3                                    1.2
xdut.s3                            3.55821e-06
xdut.n4                             2.5483e-07
xdut.p4                                    1.2
xdut.s4                                    1.2
xdut.n5                            2.05565e-06
xdut.p5                                    1.2
xdut.s5                            2.13944e-06
xdut.n6                            3.71708e-07
xdut.p6                                    1.2
xdut.s6                                    1.2
xdut.n7                            1.91884e-06
xdut.p7                                    1.2
xdut.s7                             2.0189e-06
xdut.n8                             1.4528e-06
xdut.p8                                    1.2
xdut.s8                                    1.2
xdut.n9                            1.48752e-06
xdut.p9                                    1.2
xdut.s9                            1.57001e-06
xdut.n10                            5.7256e-07
xdut.p10                                   1.2
xdut.b1                            1.71984e-07
clk_out                                    1.2
ven#branch                         7.31261e-12
vc7#branch                         4.09265e-12
vc6#branch                         2.04085e-12
vc5#branch                         1.02784e-12
vc4#branch                         5.16778e-13
vc3#branch                        -3.39798e-09
vc2#branch                        -1.70951e-09
vc1#branch                        -8.54039e-10
vc0#branch                        -4.37532e-10
vdd#branch                        -4.88506e-05

 Reference value :  0.00000e+00
 Reference value :  5.99325e-09
 Reference value :  1.32740e-08
 Reference value :  2.07464e-08
 Reference value :  2.82188e-08
 Reference value :  3.58828e-08
 Reference value :  4.33552e-08
 Reference value :  5.10192e-08
 Reference value :  5.75350e-08
 Reference value :  6.10442e-08
 Reference value :  6.48762e-08
 Reference value :  6.90914e-08
 Reference value :  7.33066e-08
 Reference value :  7.69335e-08
 Reference value :  8.09571e-08
 Reference value :  8.47891e-08
 Reference value :  8.83960e-08
 Reference value :  9.22280e-08
 Reference value :  9.62516e-08
 Reference value :  1.00467e-07
 Reference value :  1.04572e-07
 Reference value :  1.08787e-07
 Reference value :  1.12810e-07
 Reference value :  1.17026e-07
 Reference value :  1.21014e-07
 Reference value :  1.25229e-07
 Reference value :  1.29253e-07
 Reference value :  1.33179e-07
 Reference value :  1.37203e-07
 Reference value :  1.41226e-07
 Reference value :  1.45441e-07
 Reference value :  1.49255e-07
 Reference value :  1.53278e-07
 Reference value :  1.57302e-07
 Reference value :  1.61517e-07
 Reference value :  1.65016e-07
 Reference value :  1.69040e-07
 Reference value :  1.72680e-07
 Reference value :  1.76321e-07
 Reference value :  1.80134e-07
 Reference value :  1.84157e-07
 Reference value :  1.88181e-07
 Reference value :  1.92073e-07
 Reference value :  1.96097e-07
 Reference value :  1.99929e-07
 Reference value :  2.03761e-07
 Reference value :  2.07575e-07
 Reference value :  2.11598e-07
 Reference value :  2.15622e-07
 Reference value :  2.19837e-07
 Reference value :  2.23327e-07
 Reference value :  2.27159e-07
 Reference value :  2.30991e-07
 Reference value :  2.34632e-07
 Reference value :  2.38238e-07
 Reference value :  2.42261e-07
 Reference value :  2.46285e-07
 Reference value :  2.50500e-07
 Reference value :  2.54281e-07
 Reference value :  2.58304e-07
 Reference value :  2.62136e-07
 Reference value :  2.65968e-07
 Reference value :  2.69992e-07
 Reference value :  2.74016e-07
 Reference value :  2.77848e-07
 Reference value :  2.81466e-07
 Reference value :  2.85490e-07
 Reference value :  2.89513e-07
 Reference value :  2.93345e-07
 Reference value :  2.97160e-07
 Reference value :  3.01375e-07
 Reference value :  3.05399e-07
 Reference value :  3.09614e-07
 Reference value :  3.13289e-07
 Reference value :  3.17313e-07
 Reference value :  3.21145e-07
 Reference value :  3.24750e-07
 Reference value :  3.28774e-07
 Reference value :  3.32798e-07
 Reference value :  3.36821e-07
 Reference value :  3.40794e-07
 Reference value :  3.44818e-07
 Reference value :  3.48650e-07
 Reference value :  3.52674e-07
 Reference value :  3.56506e-07
 Reference value :  3.60338e-07
 Reference value :  3.64170e-07
 Reference value :  3.68385e-07
 Reference value :  3.71810e-07
 Reference value :  3.75833e-07
 Reference value :  3.79857e-07
 Reference value :  3.83689e-07
 Reference value :  3.87503e-07
 Reference value :  3.91335e-07
 Reference value :  3.95358e-07
 Reference value :  3.99238e-07
 Reference value :  4.03453e-07
 Reference value :  4.07477e-07
 Reference value :  4.11309e-07
 Reference value :  4.15108e-07
 Reference value :  4.18940e-07
 Reference value :  4.22963e-07
 Reference value :  4.26987e-07
 Reference value :  4.30958e-07
 Reference value :  4.34982e-07
 Reference value :  4.39006e-07
 Reference value :  4.43029e-07
 Reference value :  4.47053e-07
 Reference value :  4.50885e-07
 Reference value :  4.54908e-07
 Reference value :  4.58531e-07
 Reference value :  4.62746e-07
 Reference value :  4.66769e-07
 Reference value :  4.70601e-07
 Reference value :  4.74419e-07
 Reference value :  4.78442e-07
 Reference value :  4.82658e-07
 Reference value :  4.86873e-07
 Reference value :  4.90334e-07
 Reference value :  4.94358e-07
 Reference value :  4.98382e-07
 Reference value :  5.02178e-07
 Reference value :  5.06010e-07
 Reference value :  5.10034e-07
 Reference value :  5.14249e-07
 Reference value :  5.18175e-07
 Reference value :  5.22199e-07
 Reference value :  5.26222e-07
 Reference value :  5.30246e-07
 Reference value :  5.34059e-07
 Reference value :  5.38083e-07
 Reference value :  5.42106e-07
 Reference value :  5.46099e-07
 Reference value :  5.49824e-07
 Reference value :  5.53656e-07
 Reference value :  5.57488e-07
 Reference value :  5.61493e-07
 Reference value :  5.65325e-07
 Reference value :  5.69541e-07
 Reference value :  5.73756e-07
 Reference value :  5.77254e-07
 Reference value :  5.81086e-07
 Reference value :  5.85109e-07
 Reference value :  5.88941e-07
 Reference value :  5.92357e-07
 Reference value :  5.96380e-07
 Reference value :  6.00404e-07
 Reference value :  6.04619e-07
 Reference value :  6.08592e-07
 Reference value :  6.12615e-07
 Reference value :  6.16447e-07
 Reference value :  6.20279e-07
 Reference value :  6.24111e-07
 Reference value :  6.28135e-07
 Reference value :  6.31775e-07
 Reference value :  6.35590e-07
 Reference value :  6.39613e-07
 Reference value :  6.43637e-07
 Reference value :  6.47660e-07
 Reference value :  6.51478e-07
 Reference value :  6.55502e-07
 Reference value :  6.59525e-07
 Reference value :  6.63741e-07
 Reference value :  6.67392e-07
 Reference value :  6.71416e-07
 Reference value :  6.75248e-07
 Reference value :  6.79059e-07
 Reference value :  6.82876e-07
 Reference value :  6.87091e-07
 Reference value :  6.91307e-07
 Reference value :  6.95233e-07
 Reference value :  6.99448e-07
 Reference value :  7.03472e-07
 Reference value :  7.07304e-07
 Reference value :  7.11117e-07
 Reference value :  7.14949e-07
 Reference value :  7.18973e-07
 Reference value :  7.22996e-07
 Reference value :  7.26499e-07
 Reference value :  7.30523e-07
 Reference value :  7.34547e-07
 Reference value :  7.38360e-07
 Reference value :  7.42192e-07
 Reference value :  7.46407e-07
 Reference value :  7.50431e-07
 Reference value :  7.54116e-07
 Reference value :  7.58139e-07
 Reference value :  7.62163e-07
 Reference value :  7.65803e-07
 Reference value :  7.69409e-07
 Reference value :  7.73433e-07
 Reference value :  7.77073e-07
 Reference value :  7.81480e-07
 Reference value :  7.85454e-07
 Reference value :  7.89478e-07
 Reference value :  7.93502e-07
 Reference value :  7.97525e-07
 Reference value :  8.01549e-07
 Reference value :  8.05572e-07
 Reference value :  8.09404e-07
 Reference value :  8.13023e-07
 Reference value :  8.17047e-07
 Reference value :  8.20879e-07
 Reference value :  8.24903e-07
 Reference value :  8.28718e-07
 Reference value :  8.32742e-07
 Reference value :  8.36957e-07
 Reference value :  8.41172e-07
 Reference value :  8.44652e-07
 Reference value :  8.48484e-07
 Reference value :  8.52508e-07
 Reference value :  8.56320e-07
 Reference value :  8.60329e-07
 Reference value :  8.64352e-07
 Reference value :  8.68376e-07
 Reference value :  8.72538e-07
 Reference value :  8.76562e-07
 Reference value :  8.80394e-07
 Reference value :  8.84417e-07
 Reference value :  8.88249e-07
 Reference value :  8.92273e-07
 Reference value :  8.96296e-07
 Reference value :  9.00512e-07
 Reference value :  9.04128e-07
 Reference value :  9.08152e-07
 Reference value :  9.11984e-07
 Reference value :  9.16180e-07
 Reference value :  9.20012e-07
 Reference value :  9.24036e-07
 Reference value :  9.28251e-07
 Reference value :  9.32134e-07
 Reference value :  9.36158e-07
 Reference value :  9.39990e-07
 Reference value :  9.43822e-07
 Reference value :  9.47429e-07
 Reference value :  9.51261e-07
 Reference value :  9.55285e-07
 Reference value :  9.59308e-07
 Reference value :  9.62887e-07
 Reference value :  9.66719e-07
 Reference value :  9.70359e-07
 Reference value :  9.74383e-07
 Reference value :  9.78215e-07
 Reference value :  9.82238e-07
 Reference value :  9.86070e-07
 Reference value :  9.89535e-07
 Reference value :  9.93515e-07
 Reference value :  9.97539e-07
 Reference value :  1.00156e-06
 Reference value :  1.00536e-06
 Reference value :  1.00938e-06
 Reference value :  1.01322e-06
 Reference value :  1.01724e-06
 Reference value :  1.02121e-06
 Reference value :  1.02524e-06
 Reference value :  1.02926e-06
 Reference value :  1.03309e-06
 Reference value :  1.03693e-06
 Reference value :  1.04076e-06
 Reference value :  1.04459e-06
 Reference value :  1.04849e-06
 Reference value :  1.05224e-06
 Reference value :  1.05607e-06
 Reference value :  1.06009e-06
 Reference value :  1.06391e-06
 Reference value :  1.06793e-06
 Reference value :  1.07196e-06
 Reference value :  1.07598e-06
 Reference value :  1.07944e-06
 Reference value :  1.08346e-06
 Reference value :  1.08749e-06
 Reference value :  1.09151e-06
 Reference value :  1.09512e-06
 Reference value :  1.09895e-06
 Reference value :  1.10297e-06
 Reference value :  1.10700e-06
 Reference value :  1.11054e-06
 Reference value :  1.11476e-06
 Reference value :  1.11878e-06
 Reference value :  1.12260e-06
 Reference value :  1.12643e-06
 Reference value :  1.13045e-06
 Reference value :  1.13448e-06
 Reference value :  1.13796e-06
 Reference value :  1.14199e-06
 Reference value :  1.14582e-06
No. of Data Rows : 6043
vhold_min           =  1.20000e+00 at=  1.22624e-10
tfirst              =  7.32133e-08
t1                  =  7.08317e-07
t2                  =  7.37859e-07
t3                  =  7.67398e-07
t4                  =  7.96938e-07
t5                  =  8.26485e-07
t6                  =  8.56021e-07
t7                  =  8.85566e-07
t8                  =  9.15106e-07
t9                  =  9.44647e-07
t10                 =  9.74190e-07
t11                 =  1.00373e-06
t12                 =  1.03327e-06
idd_run             =  -5.20058e-05 from=  6.89700e-07 to=  1.14900e-06
vmax                =  1.22805e+00 at=  9.15433e-07
vmin                =  -2.18739e-02 at=  9.00641e-07
Note: Simulation executed from .control section 
Note: Starting dynamic gmin stepping
Note: Dynamic gmin stepping completed
Note: Starting dynamic gmin stepping
Note: Dynamic gmin stepping completed
