
Note: No compatibility mode selected!


Circuit: * tt_analog_ring, code 255

Doing analysis at TEMP = 27.000000 and TNOM = 27.000000

Using SPARSE 1.3 as Direct Linear Solver
 Reference value :  0.00000e+00
No. of Data Rows : 1
idd_dis=0.00058144 vbp=0.460583 vbn=0.577687 clk_dis=1.2
Doing analysis at TEMP = 27.000000 and TNOM = 27.000000

Using SPARSE 1.3 as Direct Linear Solver

Initial Transient Solution
--------------------------

Node                                   Voltage
----                                   -------
vpwr                                       1.2
code[0]                                    1.2
code[1]                                    1.2
code[2]                                    1.2
code[3]                                    1.2
code[4]                                    1.2
code[5]                                    1.2
code[6]                                    1.2
code[7]                                    1.2
enable                                       0
xdut.vbp                              0.460583
xdut.vbn                              0.577687
xdut.n0                            1.15121e-07
xdut.p0                                    1.2
xdut.na0                                1.0425
xdut.s0                                    1.2
xdut.s10                                   1.2
xdut.n1                            4.01013e-07
xdut.p1                                    1.2
xdut.s1                            4.86838e-07
xdut.n2                            6.46959e-08
xdut.p2                                    1.2
xdut.s2                                    1.2
xdut.n3                            4.63301e-07
xdut.p3                                    1.2
xdut.s3                            5.51989e-07
xdut.n4                             6.1893e-08
xdut.p4                                    1.2
xdut.s4                                    1.2
xdut.n5                            4.34158e-07
xdut.p5                                    1.2
xdut.s5                            5.24624e-07
xdut.n6                            9.16855e-08
xdut.p6                                    1.2
xdut.s6                                    1.2
xdut.n7                            3.80396e-07
xdut.p7                                    1.2
xdut.s7                            4.54195e-07
xdut.n8                            1.25251e-07
xdut.p8                                    1.2
xdut.s8                                    1.2
xdut.n9                            5.84447e-07
xdut.p9                                    1.2
xdut.s9                            7.11418e-07
xdut.n10                            5.2963e-08
xdut.p10                                   1.2
xdut.b1                            1.54253e-07
clk_out                                    1.2
ven#branch                         7.26768e-12
vc7#branch                        -6.38609e-08
vc6#branch                         -3.2049e-08
vc5#branch                        -1.60123e-08
vc4#branch                        -8.00538e-09
vc3#branch                        -3.99596e-09
vc2#branch                         -2.0246e-09
vc1#branch                        -9.93796e-10
vc0#branch                        -5.08808e-10
vdd#branch                         -0.00058144

 Reference value :  0.00000e+00
 Reference value :  6.28102e-10
 Reference value :  1.41122e-09
 Reference value :  2.19434e-09
 Reference value :  2.99754e-09
 Reference value :  3.78066e-09
 Reference value :  4.58386e-09
 Reference value :  5.36698e-09
 Reference value :  6.05412e-09
 Reference value :  6.45532e-09
 Reference value :  6.87700e-09
 Reference value :  7.29868e-09
 Reference value :  7.78060e-09
 Reference value :  8.20228e-09
 Reference value :  8.62396e-09
 Reference value :  9.06572e-09
 Reference value :  9.52756e-09
 Reference value :  9.98940e-09
 Reference value :  1.04312e-08
 Reference value :  1.09332e-08
 Reference value :  1.13749e-08
 Reference value :  1.17966e-08
 Reference value :  1.22584e-08
 Reference value :  1.27203e-08
 Reference value :  1.31420e-08
 Reference value :  1.36038e-08
 Reference value :  1.40656e-08
 Reference value :  1.45074e-08
 Reference value :  1.49492e-08
 Reference value :  1.54110e-08
 Reference value :  1.58327e-08
 Reference value :  1.62744e-08
 Reference value :  1.67764e-08
 Reference value :  1.71981e-08
 Reference value :  1.76399e-08
 Reference value :  1.80816e-08
 Reference value :  1.85234e-08
 Reference value :  1.89652e-08
 Reference value :  1.94270e-08
 Reference value :  1.98888e-08
 Reference value :  2.03507e-08
 Reference value :  2.07724e-08
 Reference value :  2.12342e-08
 Reference value :  2.16960e-08
 Reference value :  2.21177e-08
 Reference value :  2.25996e-08
 Reference value :  2.30213e-08
 Reference value :  2.34430e-08
 Reference value :  2.38848e-08
 Reference value :  2.43466e-08
 Reference value :  2.47884e-08
 Reference value :  2.52100e-08
 Reference value :  2.57120e-08
 Reference value :  2.61538e-08
 Reference value :  2.65755e-08
 Reference value :  2.70373e-08
 Reference value :  2.74992e-08
 Reference value :  2.79208e-08
 Reference value :  2.84228e-08
 Reference value :  2.89048e-08
 Reference value :  2.93264e-08
 Reference value :  2.97682e-08
 Reference value :  3.02100e-08
 Reference value :  3.06517e-08
 Reference value :  3.10935e-08
 Reference value :  3.15955e-08
 Reference value :  3.20372e-08
 Reference value :  3.24790e-08
 Reference value :  3.29408e-08
 Reference value :  3.34027e-08
 Reference value :  3.38244e-08
 Reference value :  3.43264e-08
 Reference value :  3.47882e-08
 Reference value :  3.52300e-08
 Reference value :  3.56717e-08
 Reference value :  3.61336e-08
 Reference value :  3.65753e-08
 Reference value :  3.70171e-08
 Reference value :  3.75191e-08
 Reference value :  3.79408e-08
 Reference value :  3.83825e-08
 Reference value :  3.88644e-08
 Reference value :  3.93263e-08
 Reference value :  3.97680e-08
 Reference value :  4.02299e-08
 Reference value :  4.06917e-08
 Reference value :  4.11335e-08
 Reference value :  4.15552e-08
 Reference value :  4.19969e-08
 Reference value :  4.24387e-08
 Reference value :  4.29005e-08
 Reference value :  4.34025e-08
 Reference value :  4.38242e-08
 Reference value :  4.42660e-08
 Reference value :  4.47278e-08
 Reference value :  4.51896e-08
 Reference value :  4.56515e-08
 Reference value :  4.61133e-08
 Reference value :  4.65752e-08
 Reference value :  4.70169e-08
 Reference value :  4.74386e-08
 Reference value :  4.79004e-08
 Reference value :  4.83623e-08
 Reference value :  4.88040e-08
 Reference value :  4.93060e-08
 Reference value :  4.97478e-08
 Reference value :  5.01896e-08
 Reference value :  5.06514e-08
 Reference value :  5.11132e-08
 Reference value :  5.15550e-08
 Reference value :  5.20168e-08
 Reference value :  5.24988e-08
 Reference value :  5.29204e-08
 Reference value :  5.33421e-08
 Reference value :  5.38040e-08
 Reference value :  5.42457e-08
 Reference value :  5.46875e-08
 Reference value :  5.51694e-08
 Reference value :  5.55911e-08
 Reference value :  5.60328e-08
 Reference value :  5.64746e-08
 Reference value :  5.69364e-08
 Reference value :  5.73983e-08
 Reference value :  5.78601e-08
 Reference value :  5.83621e-08
 Reference value :  5.88240e-08
 Reference value :  5.92657e-08
 Reference value :  5.97276e-08
 Reference value :  6.01693e-08
 Reference value :  6.06111e-08
 Reference value :  6.11131e-08
 Reference value :  6.15548e-08
 Reference value :  6.19765e-08
 Reference value :  6.24183e-08
 Reference value :  6.28801e-08
 Reference value :  6.33219e-08
 Reference value :  6.37636e-08
 Reference value :  6.42456e-08
 Reference value :  6.46873e-08
 Reference value :  6.51090e-08
 Reference value :  6.55708e-08
 Reference value :  6.60327e-08
 Reference value :  6.64544e-08
 Reference value :  6.69363e-08
 Reference value :  6.73981e-08
 Reference value :  6.78198e-08
 Reference value :  6.82616e-08
 Reference value :  6.87435e-08
 Reference value :  6.91852e-08
 Reference value :  6.96270e-08
 Reference value :  7.01290e-08
 Reference value :  7.05708e-08
 Reference value :  7.10125e-08
 Reference value :  7.14944e-08
 Reference value :  7.19563e-08
 Reference value :  7.23780e-08
 Reference value :  7.28197e-08
 Reference value :  7.32816e-08
 Reference value :  7.37233e-08
 Reference value :  7.42052e-08
 Reference value :  7.46671e-08
 Reference value :  7.51088e-08
 Reference value :  7.55506e-08
 Reference value :  7.60526e-08
 Reference value :  7.64743e-08
 Reference value :  7.69160e-08
 Reference value :  7.73779e-08
 Reference value :  7.78397e-08
 Reference value :  7.82614e-08
 Reference value :  7.87433e-08
 Reference value :  7.92052e-08
 Reference value :  7.96268e-08
 Reference value :  8.00686e-08
 Reference value :  8.05104e-08
 Reference value :  8.09521e-08
 Reference value :  8.14140e-08
 Reference value :  8.19160e-08
 Reference value :  8.23577e-08
 Reference value :  8.27995e-08
 Reference value :  8.32814e-08
 Reference value :  8.37232e-08
 Reference value :  8.41649e-08
 Reference value :  8.46268e-08
 Reference value :  8.50685e-08
 Reference value :  8.55304e-08
 Reference value :  8.59520e-08
 Reference value :  8.64139e-08
 Reference value :  8.68757e-08
 Reference value :  8.73175e-08
 Reference value :  8.78195e-08
 Reference value :  8.82412e-08
 Reference value :  8.86829e-08
 Reference value :  8.91448e-08
 Reference value :  8.95865e-08
 Reference value :  9.00283e-08
 Reference value :  9.04901e-08
 Reference value :  9.09720e-08
 Reference value :  9.14138e-08
 Reference value :  9.18355e-08
 Reference value :  9.22973e-08
 Reference value :  9.27391e-08
 Reference value :  9.31808e-08
 Reference value :  9.36628e-08
 Reference value :  9.41045e-08
 Reference value :  9.45463e-08
 Reference value :  9.49880e-08
 Reference value :  9.54298e-08
 Reference value :  9.58716e-08
 Reference value :  9.62932e-08
 Reference value :  9.67752e-08
 Reference value :  9.71968e-08
 Reference value :  9.76185e-08
 Reference value :  9.80804e-08
 Reference value :  9.85422e-08
 Reference value :  9.89840e-08
 Reference value :  9.94860e-08
 Reference value :  9.99277e-08
 Reference value :  1.00369e-07
 Reference value :  1.00771e-07
 Reference value :  1.01233e-07
 Reference value :  1.01695e-07
 Reference value :  1.02137e-07
 Reference value :  1.02618e-07
 Reference value :  1.03040e-07
 Reference value :  1.03462e-07
 Reference value :  1.03904e-07
 Reference value :  1.04385e-07
 Reference value :  1.04807e-07
 Reference value :  1.05269e-07
 Reference value :  1.05771e-07
 Reference value :  1.06213e-07
 Reference value :  1.06634e-07
 Reference value :  1.07096e-07
 Reference value :  1.07538e-07
 Reference value :  1.07960e-07
 Reference value :  1.08442e-07
 Reference value :  1.08903e-07
 Reference value :  1.09325e-07
 Reference value :  1.09747e-07
 Reference value :  1.10209e-07
 Reference value :  1.10650e-07
 Reference value :  1.11092e-07
 Reference value :  1.11614e-07
 Reference value :  1.12076e-07
 Reference value :  1.12498e-07
 Reference value :  1.12960e-07
 Reference value :  1.13401e-07
 Reference value :  1.13843e-07
 Reference value :  1.14345e-07
 Reference value :  1.14807e-07
 Reference value :  1.15249e-07
 Reference value :  1.15711e-07
 Reference value :  1.16172e-07
 Reference value :  1.16634e-07
 Reference value :  1.17076e-07
 Reference value :  1.17558e-07
 Reference value :  1.17980e-07
 Reference value :  1.18401e-07
 Reference value :  1.18863e-07
 Reference value :  1.19325e-07
 Reference value :  1.19767e-07
 Reference value :  1.20229e-07
No. of Data Rows : 6015
vhold_min           =  1.20000e+00 at=  1.06022e-10
tfirst              =  7.85570e-09
t1                  =  7.44908e-08
t2                  =  7.74525e-08
t3                  =  8.04145e-08
t4                  =  8.33762e-08
t5                  =  8.63381e-08
t6                  =  8.92999e-08
t7                  =  9.22618e-08
t8                  =  9.52235e-08
t9                  =  9.81855e-08
t10                 =  1.01147e-07
t11                 =  1.04109e-07
t12                 =  1.07071e-07
idd_run             =  -6.04681e-04 from=  7.22900e-08 to=  1.20500e-07
vmax                =  1.21614e+00 at=  1.17337e-07
vmin                =  -1.10206e-02 at=  7.73377e-08
Note: Simulation executed from .control section 
Note: Starting dynamic gmin stepping
Note: Dynamic gmin stepping completed
Note: Starting dynamic gmin stepping
Note: Dynamic gmin stepping completed
