
Note: Compatibility modes selected: hs a


Circuit: * tt_analog_ring, code 8

Doing analysis at TEMP = -40.000000 and TNOM = 27.000000

Using SPARSE 1.3 as Direct Linear Solver
 Reference value :  0.00000e+00
No. of Data Rows : 1
idd_dis=3.32649E-05 vbp=0.768012 vbn=0.399037 clk_dis=1.2
Doing analysis at TEMP = -40.000000 and TNOM = 27.000000

Using SPARSE 1.3 as Direct Linear Solver

Initial Transient Solution
--------------------------

Node                                   Voltage
----                                   -------
vpwr                                       1.2
code[0]                                      0
code[1]                                      0
code[2]                                      0
code[3]                                    1.2
code[4]                                      0
code[5]                                      0
code[6]                                      0
code[7]                                      0
enable                                       0
xdut.vbp                              0.768012
clk_out                                    1.2
xdut.b1                              1.036e-07
xdut.s3                            9.59605e-07
xdut.s2                                    1.2
xdut.n_126                                 1.2
xdut.s1                            9.59605e-07
xdut.n_125                                 1.2
xdut.s10                                   1.2
xdut.s6                                    1.2
xdut.s5                            9.59605e-07
xdut.n_128                                 1.2
xdut.s9                            9.59605e-07
xdut.n_133                                 1.2
xdut.s4                                    1.2
xdut.n_129                                 1.2
xdut.s8                                    1.2
xdut.n_132                                 1.2
xdut.s7                            9.59605e-07
xdut.n_130                                 1.2
xdut.n_127                                 1.2
xdut.n_131                                 1.2
xdut.s0                                    1.2
xdut.n_124                                 1.2
xdut.n_71                          9.28001e-07
xdut.n_72                             9.28e-07
xdut.n_70                          5.05755e-09
xdut.n_77                             9.28e-07
xdut.n_75                          5.05755e-09
xdut.n_73                          5.05755e-09
xdut.n_67                          5.05755e-09
xdut.n_76                          5.05755e-09
xdut.n_69                             9.28e-07
xdut.n_74                             9.28e-07
xdut.n_122                                 1.2
xdut.n_i1005                          0.943494
xdut.n_68                          5.96677e-09
xdut.vbn                              0.399037
ven#branch                         8.20631e-12
vc7#branch                         1.02471e-12
vc6#branch                         5.12356e-13
vc5#branch                         2.56178e-13
vc4#branch                         1.28089e-13
vc3#branch                        -1.06744e-09
vc2#branch                         3.20222e-14
vc1#branch                         1.60111e-14
vc0#branch                         8.00556e-15
vdd#branch                        -3.32649e-05

 Reference value :  0.00000e+00
 Reference value :  3.58302e-08
 Reference value :  6.68549e-08
 Reference value :  9.58993e-08
 Reference value :  1.27584e-07
 Reference value :  1.59269e-07
 Reference value :  1.90954e-07
 Reference value :  2.04930e-07
 Reference value :  2.19452e-07
 Reference value :  2.36615e-07
 Reference value :  2.59877e-07
 Reference value :  2.84522e-07
 Reference value :  3.09538e-07
 Reference value :  3.33398e-07
 Reference value :  3.58482e-07
 Reference value :  3.76951e-07
 Reference value :  3.92794e-07
 Reference value :  4.08636e-07
 Reference value :  4.24438e-07
 Reference value :  4.49522e-07
 Reference value :  4.63709e-07
 Reference value :  4.85493e-07
 Reference value :  5.06207e-07
 Reference value :  5.21390e-07
 Reference value :  5.40044e-07
 Reference value :  5.57866e-07
 Reference value :  5.73709e-07
 Reference value :  5.94854e-07
 Reference value :  6.10036e-07
 Reference value :  6.29612e-07
 Reference value :  6.48095e-07
 Reference value :  6.61808e-07
 Reference value :  6.75806e-07
 Reference value :  6.90328e-07
 Reference value :  7.05359e-07
 Reference value :  7.19746e-07
 Reference value :  7.38228e-07
 Reference value :  7.52247e-07
 Reference value :  7.69409e-07
 Reference value :  7.92982e-07
 Reference value :  8.16085e-07
 Reference value :  8.38644e-07
 Reference value :  8.61747e-07
 Reference value :  8.86775e-07
 Reference value :  9.11199e-07
 Reference value :  9.34977e-07
 Reference value :  9.59048e-07
 Reference value :  9.80765e-07
 Reference value :  1.00131e-06
 Reference value :  1.02442e-06
 Reference value :  1.04686e-06
 Reference value :  1.06600e-06
 Reference value :  1.09040e-06
 Reference value :  1.11284e-06
 Reference value :  1.12832e-06
 Reference value :  1.15208e-06
 Reference value :  1.17599e-06
 Reference value :  1.20041e-06
 Reference value :  1.22462e-06
 Reference value :  1.25037e-06
 Reference value :  1.27373e-06
 Reference value :  1.29838e-06
 Reference value :  1.32346e-06
 Reference value :  1.34816e-06
 Reference value :  1.37324e-06
 Reference value :  1.39716e-06
 Reference value :  1.42123e-06
 Reference value :  1.44548e-06
 Reference value :  1.47038e-06
 Reference value :  1.48886e-06
 Reference value :  1.50892e-06
 Reference value :  1.53466e-06
 Reference value :  1.56063e-06
 Reference value :  1.58308e-06
 Reference value :  1.59919e-06
 Reference value :  1.61767e-06
 Reference value :  1.63962e-06
 Reference value :  1.65414e-06
 Reference value :  1.66998e-06
 Reference value :  1.68937e-06
 Reference value :  1.70455e-06
 Reference value :  1.71925e-06
 Reference value :  1.74170e-06
 Reference value :  1.76418e-06
 Reference value :  1.78465e-06
 Reference value :  1.80049e-06
 Reference value :  1.81417e-06
 Reference value :  1.83067e-06
 Reference value :  1.84993e-06
 Reference value :  1.86644e-06
 Reference value :  1.88870e-06
 Reference value :  1.90983e-06
 Reference value :  1.93121e-06
 Reference value :  1.95233e-06
 Reference value :  1.97169e-06
 Reference value :  1.99480e-06
 Reference value :  2.01750e-06
 Reference value :  2.03599e-06
 Reference value :  2.05859e-06
 Reference value :  2.08236e-06
 Reference value :  2.10043e-06
 Reference value :  2.11825e-06
 Reference value :  2.13805e-06
 Reference value :  2.15342e-06
 Reference value :  2.17058e-06
 Reference value :  2.19173e-06
 Reference value :  2.21549e-06
 Reference value :  2.23904e-06
 Reference value :  2.26346e-06
 Reference value :  2.28527e-06
 Reference value :  2.30949e-06
 Reference value :  2.33325e-06
 Reference value :  2.35576e-06
 Reference value :  2.37886e-06
 Reference value :  2.40391e-06
 Reference value :  2.42833e-06
 Reference value :  2.45158e-06
 Reference value :  2.47584e-06
 Reference value :  2.50124e-06
 Reference value :  2.52442e-06
 Reference value :  2.54818e-06
 Reference value :  2.57322e-06
 Reference value :  2.59764e-06
 Reference value :  2.62022e-06
 Reference value :  2.64448e-06
 Reference value :  2.66725e-06
 Reference value :  2.69045e-06
 Reference value :  2.71355e-06
 Reference value :  2.73929e-06
 Reference value :  2.76372e-06
 Reference value :  2.78611e-06
 Reference value :  2.81119e-06
 Reference value :  2.83597e-06
 Reference value :  2.85428e-06
 Reference value :  2.87914e-06
 Reference value :  2.89794e-06
 Reference value :  2.91164e-06
 Reference value :  2.92748e-06
 Reference value :  2.94534e-06
 Reference value :  2.96976e-06
 Reference value :  2.99468e-06
 Reference value :  3.02042e-06
 Reference value :  3.04376e-06
 Reference value :  3.06771e-06
 Reference value :  3.09082e-06
 Reference value :  3.11529e-06
 Reference value :  3.14170e-06
 Reference value :  3.16729e-06
 Reference value :  3.19199e-06
 Reference value :  3.21770e-06
 Reference value :  3.24295e-06
 Reference value :  3.26870e-06
 Reference value :  3.29257e-06
 Reference value :  3.31832e-06
 Reference value :  3.34336e-06
 Reference value :  3.36777e-06
 Reference value :  3.38956e-06
 Reference value :  3.40386e-06
 Reference value :  3.42221e-06
 Reference value :  3.44135e-06
 Reference value :  3.45613e-06
 Reference value :  3.47000e-06
 Reference value :  3.48518e-06
 Reference value :  3.49788e-06
 Reference value :  3.51241e-06
 Reference value :  3.53551e-06
 Reference value :  3.55993e-06
 Reference value :  3.58541e-06
 Reference value :  3.61050e-06
 Reference value :  3.63429e-06
 Reference value :  3.65905e-06
 Reference value :  3.68018e-06
 Reference value :  3.69536e-06
 Reference value :  3.70938e-06
 Reference value :  3.72984e-06
 Reference value :  3.75464e-06
 Reference value :  3.77972e-06
 Reference value :  3.80234e-06
 Reference value :  3.82281e-06
 Reference value :  3.84841e-06
 Reference value :  3.87242e-06
 Reference value :  3.89618e-06
 Reference value :  3.92077e-06
 Reference value :  3.94189e-06
 Reference value :  3.95850e-06
No. of Data Rows : 6074
vhold_min           =  1.20000e+00 at=  1.50503e-09
tfirst              =  2.39562e-07
t1                  =  2.39078e-06
t2                  =  2.47508e-06
t3                  =  2.55943e-06
t4                  =  2.64373e-06
t5                  =  2.72807e-06
t6                  =  2.81237e-06
t7                  =  2.89670e-06
t8                  =  2.98107e-06
t9                  =  3.06532e-06
t10                 =  3.14968e-06
t11                 =  3.23394e-06
t12                 =  3.31828e-06
idd_run             =  -3.50112e-05 from=  2.37600e-06 to=  3.96000e-06
vmax                =  1.22550e+00 at=  3.90922e-06
vmin                =  -2.83629e-02 at=  3.86605e-06
Note: Simulation executed from .control section 
Warning: m=xx on .subckt line will override multiplier m hierarchy!

Note: Starting dynamic gmin stepping
Note: Dynamic gmin stepping completed
Note: Starting dynamic gmin stepping
Note: Dynamic gmin stepping completed
