
Note: Compatibility modes selected: hs a


Circuit: * tt_analog_ring, code 15

Doing analysis at TEMP = 27.000000 and TNOM = 27.000000

Using SPARSE 1.3 as Direct Linear Solver
 Reference value :  0.00000e+00
No. of Data Rows : 1
idd_dis=4.8095E-05 vbp=0.749993 vbn=0.359324 clk_dis=1.2
Doing analysis at TEMP = 27.000000 and TNOM = 27.000000

Using SPARSE 1.3 as Direct Linear Solver

Initial Transient Solution
--------------------------

Node                                   Voltage
----                                   -------
vpwr                                       1.2
code[0]                                    1.2
code[1]                                    1.2
code[2]                                    1.2
code[3]                                    1.2
code[4]                                      0
code[5]                                      0
code[6]                                      0
code[7]                                      0
enable                                       0
xdut.vbp                              0.749993
clk_out                                    1.2
xdut.b1                            1.36357e-07
xdut.s3                            2.49549e-06
xdut.s2                                    1.2
xdut.n_126                                 1.2
xdut.s1                            1.64458e-06
xdut.n_125                                 1.2
xdut.s10                                   1.2
xdut.s6                                    1.2
xdut.s5                            1.85615e-06
xdut.n_128                                 1.2
xdut.s9                            2.46323e-06
xdut.n_133                                 1.2
xdut.s4                                    1.2
xdut.n_129                                 1.2
xdut.s8                                    1.2
xdut.n_132                                 1.2
xdut.s7                            1.90847e-06
xdut.n_130                                 1.2
xdut.n_127                                 1.2
xdut.n_131                                 1.2
xdut.s0                                    1.2
xdut.n_124                                 1.2
xdut.n_71                          1.57294e-06
xdut.n_72                          1.83606e-06
xdut.n_70                          1.35578e-07
xdut.n_77                          2.37537e-06
xdut.n_75                           2.2956e-07
xdut.n_73                          2.48733e-07
xdut.n_67                          2.68228e-07
xdut.n_76                            2.165e-07
xdut.n_69                          2.35118e-06
xdut.n_74                          1.77059e-06
xdut.n_122                                 1.2
xdut.n_i1005                            1.0424
xdut.n_68                          4.53842e-07
xdut.vbn                              0.359324
ven#branch                         7.22073e-12
vc7#branch                         4.12661e-12
vc6#branch                         2.05905e-12
vc5#branch                         1.02345e-12
vc4#branch                         5.08988e-13
vc3#branch                         -3.4028e-09
vc2#branch                        -1.69582e-09
vc1#branch                        -8.42621e-10
vc0#branch                        -4.33592e-10
vdd#branch                         -4.8095e-05

 Reference value :  0.00000e+00
 Reference value :  1.61975e-08
 Reference value :  3.49694e-08
 Reference value :  5.14427e-08
 Reference value :  6.75329e-08
 Reference value :  8.36231e-08
 Reference value :  1.00096e-07
 Reference value :  1.14965e-07
 Reference value :  1.21571e-07
 Reference value :  1.29616e-07
 Reference value :  1.38427e-07
 Reference value :  1.46234e-07
 Reference value :  1.55811e-07
 Reference value :  1.64622e-07
 Reference value :  1.73051e-07
 Reference value :  1.81479e-07
 Reference value :  1.91056e-07
 Reference value :  1.98201e-07
 Reference value :  2.06246e-07
 Reference value :  2.14674e-07
 Reference value :  2.23468e-07
 Reference value :  2.32279e-07
 Reference value :  2.40324e-07
 Reference value :  2.48018e-07
 Reference value :  2.55899e-07
 Reference value :  2.63944e-07
 Reference value :  2.72755e-07
 Reference value :  2.80704e-07
 Reference value :  2.90281e-07
 Reference value :  3.00560e-07
 Reference value :  3.10219e-07
 Reference value :  3.20563e-07
 Reference value :  3.30871e-07
 Reference value :  3.40449e-07
 Reference value :  3.50409e-07
 Reference value :  3.58729e-07
 Reference value :  3.69072e-07
 Reference value :  3.78650e-07
 Reference value :  3.86584e-07
 Reference value :  3.94629e-07
 Reference value :  4.03057e-07
 Reference value :  4.10797e-07
 Reference value :  4.19225e-07
 Reference value :  4.27653e-07
 Reference value :  4.36458e-07
 Reference value :  4.44886e-07
 Reference value :  4.52931e-07
 Reference value :  4.61620e-07
 Reference value :  4.70815e-07
 Reference value :  4.79626e-07
 Reference value :  4.88404e-07
 Reference value :  4.96449e-07
 Reference value :  5.03728e-07
 Reference value :  5.12156e-07
 Reference value :  5.19333e-07
 Reference value :  5.26995e-07
 Reference value :  5.35040e-07
 Reference value :  5.42983e-07
 Reference value :  5.51028e-07
 Reference value :  5.58690e-07
 Reference value :  5.66295e-07
 Reference value :  5.74059e-07
 Reference value :  5.82104e-07
 Reference value :  5.90915e-07
 Reference value :  5.98938e-07
 Reference value :  6.06600e-07
 Reference value :  6.14262e-07
 Reference value :  6.21813e-07
 Reference value :  6.29858e-07
 Reference value :  6.37903e-07
 Reference value :  6.47098e-07
 Reference value :  6.54672e-07
 Reference value :  6.63100e-07
 Reference value :  6.71528e-07
 Reference value :  6.78808e-07
 Reference value :  6.86853e-07
 Reference value :  6.95282e-07
 Reference value :  7.04439e-07
 Reference value :  7.12867e-07
 Reference value :  7.21295e-07
 Reference value :  7.28874e-07
 Reference value :  7.36919e-07
 Reference value :  7.45347e-07
 Reference value :  7.53724e-07
 Reference value :  7.61727e-07
 Reference value :  7.70155e-07
 Reference value :  7.78902e-07
 Reference value :  7.87030e-07
 Reference value :  7.99289e-07
 Reference value :  8.08835e-07
 Reference value :  8.16880e-07
 Reference value :  8.24925e-07
 Reference value :  8.32651e-07
 Reference value :  8.40539e-07
 Reference value :  8.49734e-07
 Reference value :  8.60369e-07
 Reference value :  8.69947e-07
 Reference value :  8.78758e-07
 Reference value :  8.86433e-07
 Reference value :  8.94479e-07
 Reference value :  9.04439e-07
 Reference value :  9.15134e-07
 Reference value :  9.23179e-07
 Reference value :  9.30841e-07
 Reference value :  9.38406e-07
 Reference value :  9.45694e-07
 Reference value :  9.52973e-07
 Reference value :  9.61018e-07
 Reference value :  9.68975e-07
 Reference value :  9.77020e-07
 Reference value :  9.85065e-07
 Reference value :  9.92350e-07
 Reference value :  1.00040e-06
 Reference value :  1.00844e-06
 Reference value :  1.01725e-06
 Reference value :  1.02488e-06
 Reference value :  1.03292e-06
 Reference value :  1.04097e-06
 Reference value :  1.04779e-06
 Reference value :  1.05583e-06
 Reference value :  1.06349e-06
 Reference value :  1.07230e-06
 Reference value :  1.07988e-06
 Reference value :  1.08754e-06
 Reference value :  1.09597e-06
 Reference value :  1.10248e-06
 Reference value :  1.11014e-06
 Reference value :  1.11819e-06
 Reference value :  1.12658e-06
 Reference value :  1.13463e-06
 Reference value :  1.14229e-06
 Reference value :  1.15033e-06
 Reference value :  1.15716e-06
 Reference value :  1.16482e-06
 Reference value :  1.17248e-06
 Reference value :  1.18045e-06
 Reference value :  1.18849e-06
 Reference value :  1.19616e-06
 Reference value :  1.20413e-06
 Reference value :  1.21147e-06
 Reference value :  1.21875e-06
 Reference value :  1.22679e-06
 Reference value :  1.23518e-06
 Reference value :  1.24323e-06
 Reference value :  1.25089e-06
 Reference value :  1.25812e-06
 Reference value :  1.26615e-06
 Reference value :  1.27381e-06
 Reference value :  1.28262e-06
 Reference value :  1.29021e-06
 Reference value :  1.29787e-06
 Reference value :  1.30554e-06
 Reference value :  1.31279e-06
 Reference value :  1.32084e-06
 Reference value :  1.32850e-06
 Reference value :  1.33731e-06
 Reference value :  1.34490e-06
 Reference value :  1.35256e-06
 Reference value :  1.36099e-06
 Reference value :  1.36786e-06
 Reference value :  1.37591e-06
 Reference value :  1.38357e-06
 Reference value :  1.39162e-06
 Reference value :  1.39962e-06
 Reference value :  1.40729e-06
 Reference value :  1.41571e-06
 Reference value :  1.42255e-06
 Reference value :  1.43022e-06
 Reference value :  1.43826e-06
 Reference value :  1.44665e-06
 Reference value :  1.45470e-06
 Reference value :  1.46274e-06
 Reference value :  1.47021e-06
 Reference value :  1.47763e-06
 Reference value :  1.48491e-06
 Reference value :  1.49295e-06
 Reference value :  1.50097e-06
 Reference value :  1.50901e-06
 Reference value :  1.51667e-06
 Reference value :  1.52391e-06
 Reference value :  1.53156e-06
 Reference value :  1.53884e-06
 Reference value :  1.54727e-06
 Reference value :  1.55528e-06
 Reference value :  1.56294e-06
 Reference value :  1.57060e-06
 Reference value :  1.57745e-06
 Reference value :  1.58549e-06
 Reference value :  1.59315e-06
 Reference value :  1.60158e-06
 Reference value :  1.60922e-06
 Reference value :  1.61688e-06
 Reference value :  1.62454e-06
 Reference value :  1.63178e-06
 Reference value :  1.63944e-06
 Reference value :  1.64672e-06
 Reference value :  1.65515e-06
 Reference value :  1.66280e-06
 Reference value :  1.67047e-06
 Reference value :  1.67813e-06
 Reference value :  1.68536e-06
 Reference value :  1.69302e-06
 Reference value :  1.70106e-06
 Reference value :  1.70949e-06
 Reference value :  1.71677e-06
 Reference value :  1.72405e-06
 Reference value :  1.73095e-06
 Reference value :  1.73818e-06
 Reference value :  1.74546e-06
 Reference value :  1.75350e-06
 Reference value :  1.76193e-06
 Reference value :  1.76876e-06
 Reference value :  1.77642e-06
 Reference value :  1.78370e-06
 Reference value :  1.79056e-06
 Reference value :  1.79822e-06
 Reference value :  1.80626e-06
 Reference value :  1.81507e-06
 Reference value :  1.82271e-06
 Reference value :  1.83037e-06
 Reference value :  1.83803e-06
 Reference value :  1.84492e-06
 Reference value :  1.85258e-06
 Reference value :  1.86024e-06
 Reference value :  1.86906e-06
 Reference value :  1.87658e-06
 Reference value :  1.88425e-06
 Reference value :  1.89268e-06
 Reference value :  1.89961e-06
 Reference value :  1.90766e-06
 Reference value :  1.91609e-06
 Reference value :  1.92399e-06
 Reference value :  1.93204e-06
 Reference value :  1.93970e-06
 Reference value :  1.94813e-06
 Reference value :  1.95506e-06
 Reference value :  1.96311e-06
 Reference value :  1.97153e-06
 Reference value :  1.97944e-06
 Reference value :  1.98749e-06
 Reference value :  1.99515e-06
 Reference value :  2.00323e-06
 Reference value :  2.01089e-06
 Reference value :  2.01894e-06
 Reference value :  2.02813e-06
 Reference value :  2.03565e-06
 Reference value :  2.04370e-06
 Reference value :  2.05213e-06
 Reference value :  2.05945e-06
 Reference value :  2.06711e-06
 Reference value :  2.07515e-06
 Reference value :  2.08343e-06
 Reference value :  2.09148e-06
 Reference value :  2.09914e-06
 Reference value :  2.10757e-06
 Reference value :  2.11489e-06
 Reference value :  2.12255e-06
 Reference value :  2.13060e-06
 Reference value :  2.13888e-06
 Reference value :  2.14692e-06
 Reference value :  2.15458e-06
 Reference value :  2.16305e-06
 Reference value :  2.17301e-06
 Reference value :  2.18297e-06
 Reference value :  2.19163e-06
 Reference value :  2.20006e-06
 Reference value :  2.20849e-06
 Reference value :  2.21697e-06
 Reference value :  2.22578e-06
 Reference value :  2.23383e-06
 Reference value :  2.24178e-06
 Reference value :  2.24938e-06
 Reference value :  2.25704e-06
 Reference value :  2.26509e-06
 Reference value :  2.27165e-06
 Reference value :  2.27931e-06
 Reference value :  2.28697e-06
 Reference value :  2.29494e-06
No. of Data Rows : 6069
vhold_min           =  1.20000e+00 at=  1.22592e-10
tfirst              =  1.40704e-07
t1                  =  1.39090e-06
t2                  =  1.44405e-06
t3                  =  1.49721e-06
t4                  =  1.55037e-06
t5                  =  1.60353e-06
t6                  =  1.65669e-06
t7                  =  1.70984e-06
t8                  =  1.76298e-06
t9                  =  1.81614e-06
t10                 =  1.86927e-06
t11                 =  1.92242e-06
t12                 =  1.97556e-06
idd_run             =  -5.11202e-05 from=  1.37900e-06 to=  2.29900e-06
vmax                =  1.22716e+00 at=  2.18864e-06
vmin                =  -3.50332e-02 at=  1.62943e-06
Note: Simulation executed from .control section 
Warning: m=xx on .subckt line will override multiplier m hierarchy!

Note: Starting dynamic gmin stepping
Note: Dynamic gmin stepping completed
Note: Starting dynamic gmin stepping
Note: Dynamic gmin stepping completed
