
Note: No compatibility mode selected!


Circuit: * tt_analog_ring, code 16

Doing analysis at TEMP = -40.000000 and TNOM = 27.000000

Using SPARSE 1.3 as Direct Linear Solver
 Reference value :  0.00000e+00
No. of Data Rows : 1
idd_dis=7.27012E-05 vbp=0.842761 vbn=0.437391 clk_dis=1.32
Doing analysis at TEMP = -40.000000 and TNOM = 27.000000

Using SPARSE 1.3 as Direct Linear Solver

Initial Transient Solution
--------------------------

Node                                   Voltage
----                                   -------
vpwr                                      1.32
code[0]                                      0
code[1]                                      0
code[2]                                      0
code[3]                                      0
code[4]                                   1.32
code[5]                                      0
code[6]                                      0
code[7]                                      0
enable                                       0
xdut.vbp                              0.842761
xdut.vbn                              0.437391
xdut.n0                            5.25972e-09
xdut.p0                                   1.32
xdut.na0                               1.05153
xdut.s0                                   1.32
xdut.s10                                  1.32
xdut.n1                            7.23349e-07
xdut.p1                                   1.32
xdut.s1                             7.5938e-07
xdut.n2                            4.70207e-09
xdut.p2                                   1.32
xdut.s2                                   1.32
xdut.n3                            7.23349e-07
xdut.p3                                   1.32
xdut.s3                            7.59379e-07
xdut.n4                            4.70207e-09
xdut.p4                                   1.32
xdut.s4                                   1.32
xdut.n5                            7.23349e-07
xdut.p5                                   1.32
xdut.s5                            7.59379e-07
xdut.n6                            4.70207e-09
xdut.p6                                   1.32
xdut.s6                                   1.32
xdut.n7                            7.23349e-07
xdut.p7                                   1.32
xdut.s7                            7.59379e-07
xdut.n8                            4.70207e-09
xdut.p8                                   1.32
xdut.s8                                   1.32
xdut.n9                            7.23349e-07
xdut.p9                                   1.32
xdut.s9                            7.59379e-07
xdut.n10                           4.70207e-09
xdut.p10                                  1.32
xdut.b1                            1.19902e-07
clk_out                                   1.32
ven#branch                         1.15353e-11
vc7#branch                         1.43338e-12
vc6#branch                         7.16689e-13
vc5#branch                         3.58345e-13
vc4#branch                        -3.61027e-09
vc3#branch                         8.95862e-14
vc2#branch                         4.47931e-14
vc1#branch                         2.23965e-14
vc0#branch                         1.11983e-14
vdd#branch                        -7.27012e-05

 Reference value :  0.00000e+00
 Reference value :  5.65230e-09
 Reference value :  1.28803e-08
 Reference value :  1.99276e-08
 Reference value :  2.73363e-08
 Reference value :  3.43836e-08
 Reference value :  4.14309e-08
 Reference value :  4.86589e-08
 Reference value :  5.43070e-08
 Reference value :  5.75889e-08
 Reference value :  6.10222e-08
 Reference value :  6.46362e-08
 Reference value :  6.79047e-08
 Reference value :  7.13380e-08
 Reference value :  7.49520e-08
 Reference value :  7.81411e-08
 Reference value :  8.15744e-08
 Reference value :  8.50077e-08
 Reference value :  8.81285e-08
 Reference value :  9.15618e-08
 Reference value :  9.49951e-08
 Reference value :  9.81821e-08
 Reference value :  1.01435e-07
 Reference value :  1.04868e-07
 Reference value :  1.08253e-07
 Reference value :  1.11438e-07
 Reference value :  1.14872e-07
 Reference value :  1.18305e-07
 Reference value :  1.21493e-07
 Reference value :  1.24927e-07
 Reference value :  1.28541e-07
 Reference value :  1.31721e-07
 Reference value :  1.35154e-07
 Reference value :  1.38587e-07
 Reference value :  1.41773e-07
 Reference value :  1.45206e-07
 Reference value :  1.48640e-07
 Reference value :  1.51572e-07
 Reference value :  1.55006e-07
 Reference value :  1.58620e-07
 Reference value :  1.61999e-07
 Reference value :  1.65428e-07
 Reference value :  1.68861e-07
 Reference value :  1.72253e-07
 Reference value :  1.75497e-07
 Reference value :  1.79111e-07
 Reference value :  1.82545e-07
 Reference value :  1.85727e-07
 Reference value :  1.89160e-07
 Reference value :  1.92594e-07
 Reference value :  1.95520e-07
 Reference value :  1.98954e-07
 Reference value :  2.02387e-07
 Reference value :  2.05760e-07
 Reference value :  2.09193e-07
 Reference value :  2.12626e-07
 Reference value :  2.15639e-07
 Reference value :  2.19072e-07
 Reference value :  2.22686e-07
 Reference value :  2.26234e-07
 Reference value :  2.29667e-07
 Reference value :  2.33281e-07
 Reference value :  2.36511e-07
 Reference value :  2.40179e-07
 Reference value :  2.43613e-07
 Reference value :  2.47195e-07
 Reference value :  2.50605e-07
 Reference value :  2.54038e-07
 Reference value :  2.57609e-07
 Reference value :  2.61030e-07
 Reference value :  2.64464e-07
 Reference value :  2.67897e-07
 Reference value :  2.71083e-07
 Reference value :  2.74516e-07
 Reference value :  2.78130e-07
 Reference value :  2.81049e-07
 Reference value :  2.84482e-07
 Reference value :  2.87915e-07
 Reference value :  2.91116e-07
 Reference value :  2.94369e-07
 Reference value :  2.97802e-07
 Reference value :  3.00815e-07
 Reference value :  3.04248e-07
 Reference value :  3.07862e-07
 Reference value :  3.11257e-07
 Reference value :  3.14663e-07
 Reference value :  3.18096e-07
 Reference value :  3.21529e-07
 Reference value :  3.24444e-07
 Reference value :  3.27877e-07
 Reference value :  3.31310e-07
 Reference value :  3.34519e-07
 Reference value :  3.37953e-07
 Reference value :  3.41386e-07
 Reference value :  3.44207e-07
 Reference value :  3.47641e-07
 Reference value :  3.50893e-07
 Reference value :  3.54259e-07
 Reference value :  3.57693e-07
 Reference value :  3.61126e-07
 Reference value :  3.64435e-07
 Reference value :  3.67835e-07
 Reference value :  3.71269e-07
 Reference value :  3.74883e-07
 Reference value :  3.77922e-07
 Reference value :  3.81536e-07
 Reference value :  3.84970e-07
 Reference value :  3.87951e-07
 Reference value :  3.91384e-07
 Reference value :  3.94818e-07
 Reference value :  3.98005e-07
 Reference value :  4.01257e-07
 Reference value :  4.04691e-07
 Reference value :  4.07805e-07
 Reference value :  4.11419e-07
 Reference value :  4.14853e-07
 Reference value :  4.18066e-07
 Reference value :  4.21317e-07
 Reference value :  4.24750e-07
 Reference value :  4.28316e-07
 Reference value :  4.31535e-07
 Reference value :  4.34968e-07
 Reference value :  4.38582e-07
 Reference value :  4.41768e-07
 Reference value :  4.45201e-07
 Reference value :  4.48635e-07
 Reference value :  4.51734e-07
 Reference value :  4.55348e-07
 Reference value :  4.58782e-07
 Reference value :  4.62200e-07
 Reference value :  4.65452e-07
 Reference value :  4.68885e-07
 Reference value :  4.71993e-07
 Reference value :  4.75788e-07
 Reference value :  4.79402e-07
 Reference value :  4.82805e-07
 Reference value :  4.86238e-07
 Reference value :  4.89852e-07
 Reference value :  4.92825e-07
 Reference value :  4.96433e-07
 Reference value :  4.99685e-07
 Reference value :  5.03119e-07
 Reference value :  5.06308e-07
 Reference value :  5.09742e-07
 Reference value :  5.13356e-07
 Reference value :  5.16149e-07
 Reference value :  5.19583e-07
 Reference value :  5.23016e-07
 Reference value :  5.26204e-07
 Reference value :  5.29637e-07
 Reference value :  5.33251e-07
 Reference value :  5.36563e-07
 Reference value :  5.39996e-07
 Reference value :  5.43430e-07
 Reference value :  5.46452e-07
 Reference value :  5.49885e-07
 Reference value :  5.53499e-07
 Reference value :  5.56561e-07
 Reference value :  5.59910e-07
 Reference value :  5.63344e-07
 Reference value :  5.66777e-07
 Reference value :  5.69965e-07
 Reference value :  5.73398e-07
 Reference value :  5.77012e-07
 Reference value :  5.79947e-07
 Reference value :  5.83380e-07
 Reference value :  5.86814e-07
 Reference value :  5.90231e-07
 Reference value :  5.93664e-07
 Reference value :  5.97278e-07
 Reference value :  6.00540e-07
 Reference value :  6.03973e-07
 Reference value :  6.07407e-07
 Reference value :  6.10840e-07
 Reference value :  6.14273e-07
 Reference value :  6.17707e-07
 Reference value :  6.20824e-07
 Reference value :  6.24603e-07
 Reference value :  6.28037e-07
 Reference value :  6.31464e-07
 Reference value :  6.34717e-07
 Reference value :  6.38331e-07
 Reference value :  6.41815e-07
 Reference value :  6.45206e-07
 Reference value :  6.48820e-07
 Reference value :  6.52434e-07
 Reference value :  6.55687e-07
 Reference value :  6.59301e-07
 Reference value :  6.62915e-07
 Reference value :  6.65840e-07
 Reference value :  6.69273e-07
 Reference value :  6.72887e-07
 Reference value :  6.76314e-07
 Reference value :  6.79747e-07
 Reference value :  6.83361e-07
 Reference value :  6.86256e-07
 Reference value :  6.89689e-07
 Reference value :  6.93123e-07
 Reference value :  6.96556e-07
 Reference value :  6.99989e-07
 Reference value :  7.03423e-07
 Reference value :  7.06546e-07
 Reference value :  7.10160e-07
 Reference value :  7.13593e-07
 Reference value :  7.17191e-07
 Reference value :  7.20443e-07
 Reference value :  7.23876e-07
 Reference value :  7.27173e-07
 Reference value :  7.30375e-07
 Reference value :  7.33989e-07
 Reference value :  7.37603e-07
 Reference value :  7.40856e-07
 Reference value :  7.44289e-07
 Reference value :  7.47903e-07
 Reference value :  7.50882e-07
 Reference value :  7.54315e-07
 Reference value :  7.57929e-07
 Reference value :  7.61122e-07
 Reference value :  7.64555e-07
 Reference value :  7.67988e-07
 Reference value :  7.70901e-07
 Reference value :  7.74515e-07
 Reference value :  7.78129e-07
 Reference value :  7.81563e-07
 Reference value :  7.84996e-07
 Reference value :  7.88429e-07
 Reference value :  7.91527e-07
 Reference value :  7.95122e-07
 Reference value :  7.98375e-07
 Reference value :  8.01989e-07
 Reference value :  8.05241e-07
 Reference value :  8.08675e-07
 Reference value :  8.12108e-07
 Reference value :  8.15051e-07
 Reference value :  8.18484e-07
 Reference value :  8.21736e-07
 Reference value :  8.25337e-07
 Reference value :  8.28770e-07
 Reference value :  8.32204e-07
 Reference value :  8.35439e-07
 Reference value :  8.38872e-07
 Reference value :  8.42306e-07
 Reference value :  8.45916e-07
 Reference value :  8.49169e-07
 Reference value :  8.52602e-07
 Reference value :  8.55618e-07
 Reference value :  8.59051e-07
 Reference value :  8.62484e-07
 Reference value :  8.66061e-07
 Reference value :  8.69285e-07
 Reference value :  8.72718e-07
 Reference value :  8.76332e-07
 Reference value :  8.79384e-07
 Reference value :  8.82817e-07
 Reference value :  8.86251e-07
 Reference value :  8.89858e-07
 Reference value :  8.93291e-07
 Reference value :  8.96905e-07
 Reference value :  8.99734e-07
 Reference value :  9.03167e-07
 Reference value :  9.06781e-07
 Reference value :  9.09973e-07
 Reference value :  9.13225e-07
 Reference value :  9.16659e-07
 Reference value :  9.19564e-07
 Reference value :  9.23158e-07
 Reference value :  9.26592e-07
 Reference value :  9.30206e-07
 Reference value :  9.33458e-07
 Reference value :  9.36892e-07
 Reference value :  9.40325e-07
 Reference value :  9.43134e-07
 Reference value :  9.46567e-07
 Reference value :  9.50000e-07
 Reference value :  9.53193e-07
 Reference value :  9.56446e-07
 Reference value :  9.59879e-07
 Reference value :  9.62945e-07
 Reference value :  9.66559e-07
 Reference value :  9.69992e-07
 Reference value :  9.73424e-07
 Reference value :  9.76857e-07
 Reference value :  9.80291e-07
 Reference value :  9.83356e-07
 Reference value :  9.86720e-07
 Reference value :  9.90153e-07
 Reference value :  9.93586e-07
 Reference value :  9.96598e-07
 Reference value :  1.00003e-06
 Reference value :  1.00347e-06
 Reference value :  1.00634e-06
 Reference value :  1.00978e-06
 Reference value :  1.01321e-06
 Reference value :  1.01663e-06
 Reference value :  1.02007e-06
 Reference value :  1.02350e-06
 Reference value :  1.02650e-06
 Reference value :  1.03011e-06
 Reference value :  1.03355e-06
 Reference value :  1.03693e-06
 Reference value :  1.04018e-06
 Reference value :  1.04362e-06
 Reference value :  1.04705e-06
 Reference value :  1.04994e-06
 Reference value :  1.05337e-06
 Reference value :  1.05698e-06
 Reference value :  1.06041e-06
 Reference value :  1.06385e-06
 Reference value :  1.06728e-06
 Reference value :  1.07010e-06
 Reference value :  1.07353e-06
 Reference value :  1.07715e-06
 Reference value :  1.08034e-06
 Reference value :  1.08359e-06
No. of Data Rows : 6106
vhold_min           =  1.32000e+00 at=  5.78240e-11
tfirst              =  6.53753e-08
t1                  =  6.52416e-07
t2                  =  6.73750e-07
t3                  =  6.95098e-07
t4                  =  7.16427e-07
t5                  =  7.37781e-07
t6                  =  7.59106e-07
t7                  =  7.80452e-07
t8                  =  8.01797e-07
t9                  =  8.23126e-07
t10                 =  8.44484e-07
t11                 =  8.65814e-07
t12                 =  8.87167e-07
idd_run             =  -7.73022e-05 from=  6.50400e-07 to=  1.08400e-06
vmax                =  1.35355e+00 at=  8.66061e-07
vmin                =  -3.81927e-02 at=  7.27064e-07
Note: Simulation executed from .control section 
Note: Starting dynamic gmin stepping
Note: Dynamic gmin stepping completed
Note: Starting dynamic gmin stepping
Note: Dynamic gmin stepping completed
