
Note: No compatibility mode selected!


Circuit: * tt_analog_ring, code 1

Doing analysis at TEMP = 125.000000 and TNOM = 27.000000

Using SPARSE 1.3 as Direct Linear Solver
 Reference value :  0.00000e+00
No. of Data Rows : 1
idd_dis=4.81044E-06 vbp=0.85425 vbn=0.19065 clk_dis=1.08
Doing analysis at TEMP = 125.000000 and TNOM = 27.000000

Using SPARSE 1.3 as Direct Linear Solver

Initial Transient Solution
--------------------------

Node                                   Voltage
----                                   -------
vpwr                                      1.08
code[0]                                   1.08
code[1]                                      0
code[2]                                      0
code[3]                                      0
code[4]                                      0
code[5]                                      0
code[6]                                      0
code[7]                                      0
enable                                       0
xdut.vbp                               0.85425
xdut.vbn                               0.19065
xdut.n0                            0.000100418
xdut.p0                                 1.0799
xdut.na0                              0.911192
xdut.s0                                 1.0799
xdut.s10                               1.07995
xdut.n1                             0.00124647
xdut.p1                                1.07885
xdut.s1                             0.00125739
xdut.n2                            4.83357e-05
xdut.p2                                1.07995
xdut.s2                                1.07995
xdut.n3                             0.00124533
xdut.p3                                1.07885
xdut.s3                             0.00125624
xdut.n4                            4.83345e-05
xdut.p4                                1.07995
xdut.s4                                1.07995
xdut.n5                             0.00124533
xdut.p5                                1.07885
xdut.s5                             0.00125624
xdut.n6                            4.83345e-05
xdut.p6                                1.07995
xdut.s6                                1.07995
xdut.n7                             0.00124533
xdut.p7                                1.07885
xdut.s7                             0.00125624
xdut.n8                            4.83345e-05
xdut.p8                                1.07995
xdut.s8                                1.07995
xdut.n9                             0.00124533
xdut.p9                                1.07885
xdut.s9                             0.00125624
xdut.n10                           4.83345e-05
xdut.p10                               1.07995
xdut.b1                            1.13758e-05
clk_out                                   1.08
ven#branch                         1.43122e-11
vc7#branch                         8.41752e-12
vc6#branch                         4.20876e-12
vc5#branch                         2.10438e-12
vc4#branch                         1.05219e-12
vc3#branch                         5.26095e-13
vc2#branch                         2.63048e-13
vc1#branch                         1.31524e-13
vc0#branch                        -2.20846e-10
vdd#branch                        -4.81044e-06

 Reference value :  0.00000e+00
 Reference value :  3.47917e-08
 Reference value :  7.84537e-08
 Reference value :  1.22116e-07
 Reference value :  1.68076e-07
 Reference value :  2.12887e-07
 Reference value :  2.57698e-07
 Reference value :  3.02509e-07
 Reference value :  3.44810e-07
 Reference value :  3.61622e-07
 Reference value :  3.90347e-07
 Reference value :  4.16774e-07
 Reference value :  4.42052e-07
 Reference value :  4.67330e-07
 Reference value :  4.94906e-07
 Reference value :  5.19460e-07
 Reference value :  5.45887e-07
 Reference value :  5.72314e-07
 Reference value :  5.99890e-07
 Reference value :  6.26317e-07
 Reference value :  6.52744e-07
 Reference value :  6.75402e-07
 Reference value :  7.02978e-07
 Reference value :  7.30554e-07
 Reference value :  7.56981e-07
 Reference value :  7.84557e-07
 Reference value :  8.13282e-07
 Reference value :  8.37470e-07
 Reference value :  8.63897e-07
 Reference value :  8.91473e-07
 Reference value :  9.19049e-07
 Reference value :  9.45476e-07
 Reference value :  9.73052e-07
 Reference value :  9.95602e-07
 Reference value :  1.02433e-06
 Reference value :  1.05075e-06
 Reference value :  1.07718e-06
 Reference value :  1.10476e-06
 Reference value :  1.13233e-06
 Reference value :  1.15416e-06
 Reference value :  1.18173e-06
 Reference value :  1.20816e-06
 Reference value :  1.23459e-06
 Reference value :  1.26101e-06
 Reference value :  1.28859e-06
 Reference value :  1.31248e-06
 Reference value :  1.34121e-06
 Reference value :  1.36763e-06
 Reference value :  1.39406e-06
 Reference value :  1.42049e-06
 Reference value :  1.44806e-06
 Reference value :  1.47120e-06
 Reference value :  1.49992e-06
 Reference value :  1.52635e-06
 Reference value :  1.55392e-06
 Reference value :  1.58035e-06
 Reference value :  1.60793e-06
 Reference value :  1.62920e-06
 Reference value :  1.65792e-06
 Reference value :  1.68435e-06
 Reference value :  1.71193e-06
 Reference value :  1.73835e-06
 Reference value :  1.76593e-06
 Reference value :  1.78891e-06
 Reference value :  1.81764e-06
 Reference value :  1.84407e-06
 Reference value :  1.87164e-06
 Reference value :  1.89922e-06
 Reference value :  1.92565e-06
 Reference value :  1.94950e-06
 Reference value :  1.97938e-06
 Reference value :  2.00580e-06
 Reference value :  2.03223e-06
 Reference value :  2.05981e-06
 Reference value :  2.08738e-06
 Reference value :  2.11048e-06
 Reference value :  2.13921e-06
 Reference value :  2.16563e-06
 Reference value :  2.19206e-06
 Reference value :  2.21849e-06
 Reference value :  2.24491e-06
 Reference value :  2.26853e-06
 Reference value :  2.29610e-06
 Reference value :  2.32253e-06
 Reference value :  2.34896e-06
 Reference value :  2.37653e-06
 Reference value :  2.40411e-06
 Reference value :  2.42822e-06
 Reference value :  2.45580e-06
 Reference value :  2.48223e-06
 Reference value :  2.50865e-06
 Reference value :  2.53623e-06
 Reference value :  2.56266e-06
 Reference value :  2.58659e-06
 Reference value :  2.61416e-06
 Reference value :  2.64173e-06
 Reference value :  2.66816e-06
 Reference value :  2.69459e-06
 Reference value :  2.71987e-06
 Reference value :  2.74421e-06
 Reference value :  2.77408e-06
 Reference value :  2.80051e-06
 Reference value :  2.82694e-06
 Reference value :  2.85451e-06
 Reference value :  2.88209e-06
 Reference value :  2.90566e-06
 Reference value :  2.93323e-06
 Reference value :  2.95966e-06
 Reference value :  2.98609e-06
 Reference value :  3.01366e-06
 Reference value :  3.04009e-06
 Reference value :  3.06323e-06
 Reference value :  3.09311e-06
 Reference value :  3.11953e-06
 Reference value :  3.14711e-06
 Reference value :  3.17239e-06
 Reference value :  3.19882e-06
 Reference value :  3.22497e-06
 Reference value :  3.25227e-06
 Reference value :  3.27870e-06
 Reference value :  3.30513e-06
 Reference value :  3.33155e-06
 Reference value :  3.35798e-06
 Reference value :  3.38130e-06
 Reference value :  3.40973e-06
 Reference value :  3.43615e-06
 Reference value :  3.46258e-06
 Reference value :  3.48901e-06
 Reference value :  3.51544e-06
 Reference value :  3.54071e-06
 Reference value :  3.56448e-06
 Reference value :  3.59206e-06
 Reference value :  3.61963e-06
 Reference value :  3.64721e-06
 Reference value :  3.67363e-06
 Reference value :  3.70006e-06
 Reference value :  3.72654e-06
 Reference value :  3.75412e-06
 Reference value :  3.78054e-06
 Reference value :  3.80697e-06
 Reference value :  3.83455e-06
 Reference value :  3.85982e-06
 Reference value :  3.88242e-06
 Reference value :  3.91000e-06
 Reference value :  3.93643e-06
 Reference value :  3.96285e-06
 Reference value :  3.98928e-06
 Reference value :  4.01686e-06
 Reference value :  4.04103e-06
 Reference value :  4.06746e-06
 Reference value :  4.09388e-06
 Reference value :  4.11916e-06
 Reference value :  4.14559e-06
 Reference value :  4.17317e-06
 Reference value :  4.19579e-06
 Reference value :  4.22451e-06
 Reference value :  4.25094e-06
 Reference value :  4.27736e-06
 Reference value :  4.30379e-06
 Reference value :  4.33137e-06
 Reference value :  4.35441e-06
 Reference value :  4.38198e-06
 Reference value :  4.40841e-06
 Reference value :  4.43599e-06
 Reference value :  4.46241e-06
 Reference value :  4.48999e-06
 Reference value :  4.51258e-06
 Reference value :  4.54015e-06
 Reference value :  4.56658e-06
 Reference value :  4.59301e-06
 Reference value :  4.62058e-06
 Reference value :  4.64816e-06
 Reference value :  4.67118e-06
 Reference value :  4.69991e-06
 Reference value :  4.72633e-06
 Reference value :  4.75276e-06
 Reference value :  4.77919e-06
 Reference value :  4.80561e-06
 Reference value :  4.82828e-06
 Reference value :  4.85582e-06
 Reference value :  4.88225e-06
 Reference value :  4.90982e-06
 Reference value :  4.93740e-06
 Reference value :  4.96268e-06
 Reference value :  4.98573e-06
 Reference value :  5.01445e-06
 Reference value :  5.04088e-06
 Reference value :  5.06731e-06
 Reference value :  5.09259e-06
 Reference value :  5.12016e-06
 Reference value :  5.14544e-06
 Reference value :  5.16916e-06
 Reference value :  5.19558e-06
 Reference value :  5.22086e-06
 Reference value :  5.24844e-06
 Reference value :  5.27601e-06
 Reference value :  5.30200e-06
 Reference value :  5.33006e-06
 Reference value :  5.35648e-06
 Reference value :  5.38176e-06
 Reference value :  5.40934e-06
 Reference value :  5.43577e-06
 Reference value :  5.46219e-06
 Reference value :  5.48598e-06
 Reference value :  5.51356e-06
 Reference value :  5.53998e-06
 Reference value :  5.56641e-06
 Reference value :  5.59284e-06
 Reference value :  5.62041e-06
 Reference value :  5.64464e-06
 Reference value :  5.67106e-06
 Reference value :  5.69864e-06
 Reference value :  5.72621e-06
 Reference value :  5.75379e-06
 Reference value :  5.78022e-06
 Reference value :  5.80161e-06
 Reference value :  5.82803e-06
 Reference value :  5.85446e-06
 Reference value :  5.88204e-06
 Reference value :  5.90961e-06
 Reference value :  5.93719e-06
 Reference value :  5.96021e-06
 Reference value :  5.98779e-06
 Reference value :  6.01421e-06
 Reference value :  6.04064e-06
 Reference value :  6.06592e-06
 Reference value :  6.09235e-06
 Reference value :  6.11501e-06
 Reference value :  6.14258e-06
 Reference value :  6.16901e-06
 Reference value :  6.19544e-06
 Reference value :  6.22301e-06
 Reference value :  6.24829e-06
 Reference value :  6.27141e-06
 Reference value :  6.30013e-06
 Reference value :  6.32656e-06
 Reference value :  6.35299e-06
 Reference value :  6.37941e-06
 Reference value :  6.40469e-06
 Reference value :  6.42745e-06
 Reference value :  6.45360e-06
 Reference value :  6.48003e-06
 Reference value :  6.50646e-06
 Reference value :  6.53403e-06
 Reference value :  6.56046e-06
 Reference value :  6.58381e-06
 Reference value :  6.61339e-06
 Reference value :  6.63981e-06
 Reference value :  6.66624e-06
 Reference value :  6.69267e-06
 Reference value :  6.71909e-06
 Reference value :  6.74437e-06
 Reference value :  6.76813e-06
 Reference value :  6.79571e-06
 Reference value :  6.82214e-06
 Reference value :  6.84971e-06
 Reference value :  6.87614e-06
No. of Data Rows : 6047
vhold_min           =  1.08000e+00 at=  7.35360e-10
tfirst              =  4.96633e-07
t1                  =  4.18432e-06
t2                  =  4.50457e-06
t3                  =  4.82482e-06
t4                  =  5.14506e-06
t5                  =  5.46531e-06
t6                  =  5.78556e-06
t7                  =  6.10581e-06
t8                  =  6.42605e-06
t9                  =  6.74629e-06
idd_run             =  -5.61105e-06 from=  4.13800e-06 to=  6.89700e-06
vmax                =  1.09256e+00 at=  6.42745e-06
vmin                =  -7.55479e-03 at=  5.30200e-06
Note: Simulation executed from .control section 
Note: Starting dynamic gmin stepping
Note: Dynamic gmin stepping completed
Note: Starting dynamic gmin stepping
Note: Dynamic gmin stepping completed

Error: measure  t10  when(WHEN) : out of interval
 meas tran t10 when v(clk_out)=5.400000e-01 rise=10 from=4.138000e-06 failed!


Error: measure  t11  when(WHEN) : out of interval
 meas tran t11 when v(clk_out)=5.400000e-01 rise=11 from=4.138000e-06 failed!


Error: measure  t12  when(WHEN) : out of interval
 meas tran t12 when v(clk_out)=5.400000e-01 rise=12 from=4.138000e-06 failed!

