
Note: No compatibility mode selected!


Circuit: * tt_analog_ring, code 0

Doing analysis at TEMP = 125.000000 and TNOM = 27.000000

Using SPARSE 1.3 as Direct Linear Solver
 Reference value :  0.00000e+00
No. of Data Rows : 1
idd_dis=2.88514E-06 vbp=0.804243 vbn=0.195746 clk_dis=1.08
Doing analysis at TEMP = 125.000000 and TNOM = 27.000000

Using SPARSE 1.3 as Direct Linear Solver

Initial Transient Solution
--------------------------

Node                                   Voltage
----                                   -------
vpwr                                      1.08
code[0]                                      0
code[1]                                      0
code[2]                                      0
code[3]                                      0
code[4]                                      0
code[5]                                      0
code[6]                                      0
code[7]                                      0
enable                                       0
xdut.vbp                              0.804243
xdut.vbn                              0.195746
xdut.n0                            5.54727e-05
xdut.p0                                1.07994
xdut.na0                              0.912608
xdut.s0                                1.07994
xdut.s10                               1.07997
xdut.n1                            0.000137024
xdut.p1                                1.07991
xdut.s1                            0.000137771
xdut.n2                            2.42193e-05
xdut.p2                                1.07997
xdut.s2                                1.07997
xdut.n3                            0.000136963
xdut.p3                                1.07991
xdut.s3                            0.000137709
xdut.n4                            2.42193e-05
xdut.p4                                1.07997
xdut.s4                                1.07997
xdut.n5                            0.000136963
xdut.p5                                1.07991
xdut.s5                            0.000137709
xdut.n6                            2.42193e-05
xdut.p6                                1.07997
xdut.s6                                1.07997
xdut.n7                            0.000136963
xdut.p7                                1.07991
xdut.s7                            0.000137709
xdut.n8                            2.42193e-05
xdut.p8                                1.07997
xdut.s8                                1.07997
xdut.n9                            0.000136963
xdut.p9                                1.07991
xdut.s9                            0.000137709
xdut.n10                           2.42193e-05
xdut.p10                               1.07997
xdut.b1                            7.81353e-07
clk_out                                   1.08
ven#branch                         2.40797e-12
vc7#branch                          3.1666e-12
vc6#branch                          1.5833e-12
vc5#branch                         7.91649e-13
vc4#branch                         3.95825e-13
vc3#branch                         1.97912e-13
vc2#branch                         9.89562e-14
vc1#branch                         4.94781e-14
vc0#branch                          2.4739e-14
vdd#branch                        -2.88514e-06

 Reference value :  0.00000e+00
 Reference value :  5.83731e-08
 Reference value :  1.26779e-07
 Reference value :  1.96939e-07
 Reference value :  2.65345e-07
 Reference value :  3.31997e-07
 Reference value :  4.02157e-07
 Reference value :  4.70563e-07
 Reference value :  5.26400e-07
 Reference value :  5.56249e-07
 Reference value :  5.98345e-07
 Reference value :  6.38687e-07
 Reference value :  6.79029e-07
 Reference value :  7.19371e-07
 Reference value :  7.57959e-07
 Reference value :  8.00644e-07
 Reference value :  8.40986e-07
 Reference value :  8.83082e-07
 Reference value :  9.25178e-07
 Reference value :  9.67274e-07
 Reference value :  1.00496e-06
 Reference value :  1.04705e-06
 Reference value :  1.08564e-06
 Reference value :  1.12949e-06
 Reference value :  1.17159e-06
 Reference value :  1.21368e-06
 Reference value :  1.24711e-06
 Reference value :  1.28920e-06
 Reference value :  1.32954e-06
 Reference value :  1.36989e-06
 Reference value :  1.41023e-06
 Reference value :  1.45232e-06
 Reference value :  1.48823e-06
 Reference value :  1.53208e-06
 Reference value :  1.57242e-06
 Reference value :  1.61276e-06
 Reference value :  1.65311e-06
 Reference value :  1.69520e-06
 Reference value :  1.72876e-06
 Reference value :  1.77086e-06
 Reference value :  1.81120e-06
 Reference value :  1.85329e-06
 Reference value :  1.89539e-06
 Reference value :  1.93749e-06
 Reference value :  1.97515e-06
 Reference value :  2.01549e-06
 Reference value :  2.05583e-06
 Reference value :  2.09968e-06
 Reference value :  2.14178e-06
 Reference value :  2.18179e-06
 Reference value :  2.22261e-06
 Reference value :  2.26295e-06
 Reference value :  2.30505e-06
 Reference value :  2.34539e-06
 Reference value :  2.38749e-06
 Reference value :  2.42555e-06
 Reference value :  2.46725e-06
 Reference value :  2.50759e-06
 Reference value :  2.54618e-06
 Reference value :  2.58827e-06
 Reference value :  2.63037e-06
 Reference value :  2.66218e-06
 Reference value :  2.70603e-06
 Reference value :  2.74637e-06
 Reference value :  2.78671e-06
 Reference value :  2.82881e-06
 Reference value :  2.86915e-06
 Reference value :  2.90682e-06
 Reference value :  2.94891e-06
 Reference value :  2.99101e-06
 Reference value :  3.03135e-06
 Reference value :  3.07345e-06
 Reference value :  3.11379e-06
 Reference value :  3.14723e-06
 Reference value :  3.18933e-06
 Reference value :  3.22967e-06
 Reference value :  3.27001e-06
 Reference value :  3.31036e-06
 Reference value :  3.35245e-06
 Reference value :  3.39015e-06
 Reference value :  3.43224e-06
 Reference value :  3.47258e-06
 Reference value :  3.51293e-06
 Reference value :  3.55502e-06
 Reference value :  3.59712e-06
 Reference value :  3.63066e-06
 Reference value :  3.67101e-06
 Reference value :  3.71310e-06
 Reference value :  3.75520e-06
 Reference value :  3.79554e-06
 Reference value :  3.83588e-06
 Reference value :  3.87357e-06
 Reference value :  3.91567e-06
 Reference value :  3.95601e-06
 Reference value :  3.99811e-06
 Reference value :  4.04020e-06
 Reference value :  4.08019e-06
 Reference value :  4.12273e-06
 Reference value :  4.16307e-06
 Reference value :  4.20341e-06
 Reference value :  4.24551e-06
 Reference value :  4.28760e-06
 Reference value :  4.32709e-06
 Reference value :  4.36743e-06
 Reference value :  4.40777e-06
 Reference value :  4.44636e-06
 Reference value :  4.48670e-06
 Reference value :  4.52704e-06
 Reference value :  4.56055e-06
 Reference value :  4.60440e-06
 Reference value :  4.64299e-06
 Reference value :  4.68508e-06
 Reference value :  4.72543e-06
 Reference value :  4.76752e-06
 Reference value :  4.80525e-06
 Reference value :  4.84734e-06
 Reference value :  4.88944e-06
 Reference value :  4.92978e-06
 Reference value :  4.97012e-06
 Reference value :  5.01046e-06
 Reference value :  5.04209e-06
 Reference value :  5.08419e-06
 Reference value :  5.12453e-06
 Reference value :  5.16663e-06
 Reference value :  5.20872e-06
 Reference value :  5.25433e-06
 Reference value :  5.29035e-06
 Reference value :  5.33244e-06
 Reference value :  5.37278e-06
 Reference value :  5.41137e-06
 Reference value :  5.45171e-06
 Reference value :  5.49206e-06
 Reference value :  5.52550e-06
 Reference value :  5.56760e-06
 Reference value :  5.60969e-06
 Reference value :  5.65179e-06
 Reference value :  5.69213e-06
 Reference value :  5.73598e-06
 Reference value :  5.77200e-06
 Reference value :  5.81234e-06
 Reference value :  5.85268e-06
 Reference value :  5.89302e-06
 Reference value :  5.93337e-06
 Reference value :  5.97371e-06
 Reference value :  6.01057e-06
 Reference value :  6.04915e-06
 Reference value :  6.09125e-06
 Reference value :  6.13335e-06
 Reference value :  6.17544e-06
 Reference value :  6.21578e-06
 Reference value :  6.25012e-06
 Reference value :  6.29222e-06
 Reference value :  6.33256e-06
 Reference value :  6.37466e-06
 Reference value :  6.41675e-06
 Reference value :  6.45320e-06
 Reference value :  6.49567e-06
 Reference value :  6.53426e-06
 Reference value :  6.57635e-06
 Reference value :  6.61845e-06
 Reference value :  6.65879e-06
 Reference value :  6.69706e-06
 Reference value :  6.73705e-06
 Reference value :  6.77739e-06
 Reference value :  6.81598e-06
 Reference value :  6.85632e-06
 Reference value :  6.90017e-06
 Reference value :  6.93511e-06
 Reference value :  6.97721e-06
 Reference value :  7.01580e-06
 Reference value :  7.05789e-06
 Reference value :  7.09824e-06
 Reference value :  7.13858e-06
 Reference value :  7.17313e-06
 Reference value :  7.21347e-06
 Reference value :  7.25381e-06
 Reference value :  7.29416e-06
 Reference value :  7.33450e-06
 Reference value :  7.37659e-06
 Reference value :  7.40963e-06
 Reference value :  7.45348e-06
 Reference value :  7.49382e-06
 Reference value :  7.53416e-06
 Reference value :  7.57626e-06
 Reference value :  7.61660e-06
 Reference value :  7.65326e-06
 Reference value :  7.69536e-06
 Reference value :  7.73746e-06
 Reference value :  7.77955e-06
 Reference value :  7.82165e-06
 Reference value :  7.86374e-06
 Reference value :  7.89471e-06
 Reference value :  7.93681e-06
 Reference value :  7.97539e-06
 Reference value :  8.01574e-06
 Reference value :  8.05608e-06
 Reference value :  8.09817e-06
 Reference value :  8.13489e-06
 Reference value :  8.17523e-06
 Reference value :  8.21558e-06
 Reference value :  8.25592e-06
 Reference value :  8.29801e-06
 Reference value :  8.34011e-06
 Reference value :  8.37105e-06
 Reference value :  8.41315e-06
 Reference value :  8.45349e-06
 Reference value :  8.49208e-06
 Reference value :  8.53242e-06
 Reference value :  8.57276e-06
 Reference value :  8.60776e-06
 Reference value :  8.64986e-06
 Reference value :  8.69195e-06
 Reference value :  8.73405e-06
 Reference value :  8.77615e-06
 Reference value :  8.81824e-06
 Reference value :  8.84916e-06
 Reference value :  8.89125e-06
 Reference value :  8.93160e-06
 Reference value :  8.97194e-06
 Reference value :  9.01403e-06
 Reference value :  9.05438e-06
 Reference value :  9.09116e-06
 Reference value :  9.13150e-06
 Reference value :  9.17360e-06
 Reference value :  9.21394e-06
 Reference value :  9.25428e-06
 Reference value :  9.29638e-06
 Reference value :  9.33077e-06
 Reference value :  9.37287e-06
 Reference value :  9.41321e-06
 Reference value :  9.45355e-06
 Reference value :  9.49565e-06
 Reference value :  9.53424e-06
 Reference value :  9.57104e-06
 Reference value :  9.60788e-06
 Reference value :  9.64647e-06
 Reference value :  9.68856e-06
 Reference value :  9.73066e-06
 Reference value :  9.77275e-06
 Reference value :  9.80690e-06
 Reference value :  9.84900e-06
 Reference value :  9.88934e-06
 Reference value :  9.92968e-06
 Reference value :  9.97002e-06
 Reference value :  1.00104e-05
 Reference value :  1.00490e-05
 Reference value :  1.00893e-05
 Reference value :  1.01296e-05
 Reference value :  1.01700e-05
 Reference value :  1.02103e-05
 Reference value :  1.02501e-05
 Reference value :  1.02905e-05
 Reference value :  1.03326e-05
 Reference value :  1.03729e-05
 Reference value :  1.04133e-05
 Reference value :  1.04554e-05
 Reference value :  1.04940e-05
No. of Data Rows : 6052
vhold_min           =  1.08000e+00 at=  1.40320e-10
tfirst              =  7.56232e-07
t1                  =  6.69484e-06
t2                  =  7.16946e-06
t3                  =  7.64410e-06
t4                  =  8.11873e-06
t5                  =  8.59336e-06
t6                  =  9.06798e-06
t7                  =  9.54261e-06
t8                  =  1.00173e-05
t9                  =  1.04919e-05
idd_run             =  -3.27540e-06 from=  6.31600e-06 to=  1.05300e-05
vmax                =  1.09323e+00 at=  6.69706e-06
vmin                =  -1.25574e-02 at=  7.87720e-06
Note: Simulation executed from .control section 
Note: Starting dynamic gmin stepping
Note: Dynamic gmin stepping completed
Note: Starting dynamic gmin stepping
Note: Dynamic gmin stepping completed

Error: measure  t10  when(WHEN) : out of interval
 meas tran t10 when v(clk_out)=5.400000e-01 rise=10 from=6.316000e-06 failed!


Error: measure  t11  when(WHEN) : out of interval
 meas tran t11 when v(clk_out)=5.400000e-01 rise=11 from=6.316000e-06 failed!


Error: measure  t12  when(WHEN) : out of interval
 meas tran t12 when v(clk_out)=5.400000e-01 rise=12 from=6.316000e-06 failed!

