
Note: Compatibility modes selected: hs a


Circuit: * tt_analog_ring, code 255

Doing analysis at TEMP = 27.000000 and TNOM = 27.000000

Using SPARSE 1.3 as Direct Linear Solver
 Reference value :  0.00000e+00
No. of Data Rows : 1
idd_dis=0.000443632 vbp=0.416724 vbn=0.566504 clk_dis=1.08
Doing analysis at TEMP = 27.000000 and TNOM = 27.000000

Using SPARSE 1.3 as Direct Linear Solver

Initial Transient Solution
--------------------------

Node                                   Voltage
----                                   -------
vpwr                                      1.08
code[0]                                   1.08
code[1]                                   1.08
code[2]                                   1.08
code[3]                                   1.08
code[4]                                   1.08
code[5]                                   1.08
code[6]                                   1.08
code[7]                                   1.08
enable                                       0
xdut.vbp                              0.416724
clk_out                                   1.08
xdut.b1                              3.801e-07
xdut.s3                            1.44187e-06
xdut.s2                                   1.08
xdut.n_126                                1.08
xdut.s1                            1.44187e-06
xdut.n_125                                1.08
xdut.s10                                  1.08
xdut.s6                                   1.08
xdut.s5                            1.44187e-06
xdut.n_128                                1.08
xdut.s9                            1.44187e-06
xdut.n_133                                1.08
xdut.s4                                   1.08
xdut.n_129                                1.08
xdut.s8                                   1.08
xdut.n_132                                1.08
xdut.s7                            1.44187e-06
xdut.n_130                                1.08
xdut.n_127                                1.08
xdut.n_131                                1.08
xdut.s0                                   1.08
xdut.n_124                                1.08
xdut.n_71                          1.16379e-06
xdut.n_72                          1.16378e-06
xdut.n_70                          2.18581e-08
xdut.n_77                          1.16378e-06
xdut.n_75                          2.18581e-08
xdut.n_73                          2.18581e-08
xdut.n_67                          2.18581e-08
xdut.n_76                          2.18581e-08
xdut.n_69                          1.16378e-06
xdut.n_74                          1.16378e-06
xdut.n_122                                1.08
xdut.n_i1005                          0.909274
xdut.n_68                          3.94092e-08
xdut.vbn                              0.566504
ven#branch                         8.80246e-12
vc7#branch                        -1.87815e-08
vc6#branch                        -9.39074e-09
vc5#branch                        -4.69537e-09
vc4#branch                        -2.34768e-09
vc3#branch                        -1.17384e-09
vc2#branch                        -5.86921e-10
vc1#branch                        -2.93461e-10
vc0#branch                         -1.4673e-10
vdd#branch                        -0.000443632

 Reference value :  0.00000e+00
 Reference value :  3.18388e-09
 Reference value :  6.55732e-09
 Reference value :  9.77012e-09
 Reference value :  1.17380e-08
 Reference value :  1.33749e-08
 Reference value :  1.52624e-08
 Reference value :  1.73507e-08
 Reference value :  1.90776e-08
 Reference value :  2.04029e-08
 Reference value :  2.19691e-08
 Reference value :  2.31739e-08
 Reference value :  2.46598e-08
 Reference value :  2.61859e-08
 Reference value :  2.77120e-08
 Reference value :  2.93184e-08
 Reference value :  3.08043e-08
 Reference value :  3.28123e-08
 Reference value :  3.48203e-08
 Reference value :  3.68283e-08
 Reference value :  3.87962e-08
 Reference value :  4.06837e-08
 Reference value :  4.26917e-08
 Reference value :  4.46194e-08
 Reference value :  4.66675e-08
 Reference value :  4.86354e-08
 Reference value :  5.07237e-08
 Reference value :  5.26915e-08
 Reference value :  5.47397e-08
 Reference value :  5.65870e-08
 Reference value :  5.86352e-08
 Reference value :  6.05629e-08
 Reference value :  6.26110e-08
 Reference value :  6.44584e-08
 Reference value :  6.65467e-08
 Reference value :  6.85146e-08
 Reference value :  7.06430e-08
 Reference value :  7.25306e-08
 Reference value :  7.42574e-08
 Reference value :  7.55024e-08
 Reference value :  7.68277e-08
 Reference value :  7.82333e-08
 Reference value :  8.00806e-08
 Reference value :  8.13256e-08
 Reference value :  8.27312e-08
 Reference value :  8.43778e-08
 Reference value :  8.61046e-08
 Reference value :  8.72291e-08
 Reference value :  8.84741e-08
 Reference value :  9.02010e-08
 Reference value :  9.14058e-08
 Reference value :  9.29318e-08
 Reference value :  9.40965e-08
 Reference value :  9.53816e-08
 Reference value :  9.69077e-08
 Reference value :  9.80322e-08
 Reference value :  9.91566e-08
 Reference value :  1.00683e-07
 Reference value :  1.02570e-07
 Reference value :  1.04659e-07
 Reference value :  1.06305e-07
 Reference value :  1.07912e-07
 Reference value :  1.09317e-07
 Reference value :  1.11245e-07
 Reference value :  1.13213e-07
 Reference value :  1.15301e-07
 Reference value :  1.17269e-07
 Reference value :  1.19357e-07
 Reference value :  1.21285e-07
 Reference value :  1.23574e-07
 Reference value :  1.25542e-07
 Reference value :  1.27630e-07
 Reference value :  1.29558e-07
 Reference value :  1.31686e-07
 Reference value :  1.33734e-07
 Reference value :  1.35783e-07
 Reference value :  1.37831e-07
 Reference value :  1.39799e-07
 Reference value :  1.41807e-07
 Reference value :  1.43815e-07
 Reference value :  1.45903e-07
 Reference value :  1.47831e-07
 Reference value :  1.49357e-07
 Reference value :  1.51164e-07
 Reference value :  1.53092e-07
 Reference value :  1.54818e-07
 Reference value :  1.56666e-07
 Reference value :  1.58593e-07
 Reference value :  1.60481e-07
 Reference value :  1.62368e-07
 Reference value :  1.64296e-07
 Reference value :  1.66224e-07
 Reference value :  1.68152e-07
 Reference value :  1.70039e-07
 Reference value :  1.71967e-07
 Reference value :  1.73894e-07
 Reference value :  1.75782e-07
 Reference value :  1.77710e-07
 Reference value :  1.79517e-07
 Reference value :  1.81444e-07
 Reference value :  1.83372e-07
 Reference value :  1.85260e-07
 Reference value :  1.87147e-07
 Reference value :  1.88995e-07
 Reference value :  1.90199e-07
 Reference value :  1.91444e-07
 Reference value :  1.92529e-07
 Reference value :  1.93653e-07
 Reference value :  1.95179e-07
 Reference value :  1.97147e-07
 Reference value :  1.99235e-07
 Reference value :  2.01163e-07
 Reference value :  2.03171e-07
 Reference value :  2.05099e-07
 Reference value :  2.07107e-07
 Reference value :  2.08713e-07
 Reference value :  2.10119e-07
 Reference value :  2.12087e-07
 Reference value :  2.14095e-07
 Reference value :  2.16062e-07
 Reference value :  2.18111e-07
 Reference value :  2.20038e-07
 Reference value :  2.22046e-07
 Reference value :  2.23934e-07
 Reference value :  2.25982e-07
 Reference value :  2.27990e-07
 Reference value :  2.30078e-07
 Reference value :  2.31885e-07
 Reference value :  2.33974e-07
 Reference value :  2.35901e-07
 Reference value :  2.37347e-07
 Reference value :  2.39275e-07
 Reference value :  2.40520e-07
No. of Data Rows : 6014
vhold_min           =  1.08000e+00 at=  2.52205e-10
tfirst              =  1.63877e-08
t1                  =  1.49751e-07
t2                  =  1.57370e-07
t3                  =  1.64989e-07
t4                  =  1.72608e-07
t5                  =  1.80226e-07
t6                  =  1.87845e-07
t7                  =  1.95464e-07
t8                  =  2.03082e-07
t9                  =  2.10701e-07
t10                 =  2.18320e-07
t11                 =  2.25939e-07
t12                 =  2.33557e-07
idd_run             =  -4.55917e-04 from=  1.44600e-07 to=  2.41000e-07
vmax                =  1.08997e+00 at=  2.21886e-07
vmin                =  -6.46598e-03 at=  2.10480e-07
Note: Simulation executed from .control section 
Warning: m=xx on .subckt line will override multiplier m hierarchy!

Note: Starting dynamic gmin stepping
Note: Dynamic gmin stepping completed
Note: Starting dynamic gmin stepping
Note: Dynamic gmin stepping completed
