
Note: Compatibility modes selected: hs a


Circuit: * tt_analog_ring, code 4

Doing analysis at TEMP = 27.000000 and TNOM = 27.000000

Using SPARSE 1.3 as Direct Linear Solver
 Reference value :  0.00000e+00
No. of Data Rows : 1
idd_dis=1.72557E-05 vbp=0.808134 vbn=0.297761 clk_dis=1.2
Doing analysis at TEMP = 27.000000 and TNOM = 27.000000

Using SPARSE 1.3 as Direct Linear Solver

Initial Transient Solution
--------------------------

Node                                   Voltage
----                                   -------
vpwr                                       1.2
code[0]                                      0
code[1]                                      0
code[2]                                    1.2
code[3]                                      0
code[4]                                      0
code[5]                                      0
code[6]                                      0
code[7]                                      0
enable                                       0
xdut.vbp                              0.808134
clk_out                                    1.2
xdut.b1                            1.55521e-07
xdut.s3                            4.86484e-06
xdut.s2                                    1.2
xdut.n_126                                 1.2
xdut.s1                            4.86491e-06
xdut.n_125                                 1.2
xdut.s10                                   1.2
xdut.s6                                    1.2
xdut.s5                            4.86484e-06
xdut.n_128                                 1.2
xdut.s9                            4.86484e-06
xdut.n_133                                 1.2
xdut.s4                                    1.2
xdut.n_129                                 1.2
xdut.s8                                    1.2
xdut.n_132                                 1.2
xdut.s7                            4.86484e-06
xdut.n_130                                 1.2
xdut.n_127                                 1.2
xdut.n_131                                 1.2
xdut.s0                                    1.2
xdut.n_124                                 1.2
xdut.n_71                          4.77452e-06
xdut.n_72                          4.77444e-06
xdut.n_70                          6.43526e-07
xdut.n_77                          4.77444e-06
xdut.n_75                          6.43526e-07
xdut.n_73                          6.43526e-07
xdut.n_67                          6.43526e-07
xdut.n_76                          6.43526e-07
xdut.n_69                          4.77444e-06
xdut.n_74                          4.77444e-06
xdut.n_122                                 1.2
xdut.n_i1005                            1.0259
xdut.n_68                           1.4007e-06
xdut.vbn                              0.297761
ven#branch                         7.40117e-12
vc7#branch                         5.28122e-12
vc6#branch                         2.64061e-12
vc5#branch                         1.32031e-12
vc4#branch                         6.60153e-13
vc3#branch                         3.30076e-13
vc2#branch                        -1.68484e-09
vc1#branch                         8.25191e-14
vc0#branch                         4.12595e-14
vdd#branch                        -1.72557e-05

 Reference value :  0.00000e+00
 Reference value :  4.28736e-08
 Reference value :  9.43936e-08
 Reference value :  1.45914e-07
 Reference value :  1.98554e-07
 Reference value :  2.48954e-07
 Reference value :  2.99354e-07
 Reference value :  3.36249e-07
 Reference value :  3.57025e-07
 Reference value :  3.80545e-07
 Reference value :  4.04065e-07
 Reference value :  4.26806e-07
 Reference value :  4.48086e-07
 Reference value :  4.69366e-07
 Reference value :  4.91766e-07
 Reference value :  5.12364e-07
 Reference value :  5.33644e-07
 Reference value :  5.54924e-07
 Reference value :  5.79564e-07
 Reference value :  6.00203e-07
 Reference value :  6.22603e-07
 Reference value :  6.45003e-07
 Reference value :  6.69354e-07
 Reference value :  6.92533e-07
 Reference value :  7.14933e-07
 Reference value :  7.37333e-07
 Reference value :  7.58966e-07
 Reference value :  7.81366e-07
 Reference value :  8.03766e-07
 Reference value :  8.26166e-07
 Reference value :  8.46907e-07
 Reference value :  8.68187e-07
 Reference value :  8.89467e-07
 Reference value :  9.11867e-07
 Reference value :  9.33020e-07
 Reference value :  9.54300e-07
 Reference value :  9.75580e-07
 Reference value :  1.00022e-06
 Reference value :  1.02079e-06
 Reference value :  1.04207e-06
 Reference value :  1.06447e-06
 Reference value :  1.08604e-06
 Reference value :  1.10815e-06
 Reference value :  1.12943e-06
 Reference value :  1.15071e-06
 Reference value :  1.17306e-06
 Reference value :  1.20442e-06
 Reference value :  1.23802e-06
 Reference value :  1.26959e-06
 Reference value :  1.30431e-06
 Reference value :  1.33876e-06
 Reference value :  1.37226e-06
 Reference value :  1.40698e-06
 Reference value :  1.43715e-06
 Reference value :  1.47075e-06
 Reference value :  1.50400e-06
 Reference value :  1.53838e-06
 Reference value :  1.57422e-06
 Reference value :  1.60835e-06
 Reference value :  1.64195e-06
 Reference value :  1.67603e-06
 Reference value :  1.71187e-06
 Reference value :  1.74771e-06
 Reference value :  1.77928e-06
 Reference value :  1.81176e-06
 Reference value :  1.84277e-06
 Reference value :  1.87525e-06
 Reference value :  1.90661e-06
 Reference value :  1.93927e-06
 Reference value :  1.97287e-06
 Reference value :  2.00751e-06
 Reference value :  2.04111e-06
 Reference value :  2.07695e-06
 Reference value :  2.11229e-06
 Reference value :  2.14813e-06
 Reference value :  2.18114e-06
 Reference value :  2.21586e-06
 Reference value :  2.24946e-06
 Reference value :  2.28367e-06
 Reference value :  2.31615e-06
 Reference value :  2.35029e-06
 Reference value :  2.38501e-06
 Reference value :  2.42075e-06
 Reference value :  2.45505e-06
 Reference value :  2.48977e-06
 Reference value :  2.52616e-06
 Reference value :  2.55976e-06
 Reference value :  2.59261e-06
 Reference value :  2.62845e-06
 Reference value :  2.66429e-06
 Reference value :  2.69853e-06
 Reference value :  2.73101e-06
 Reference value :  2.76597e-06
 Reference value :  2.79509e-06
 Reference value :  2.82085e-06
 Reference value :  2.84549e-06
 Reference value :  2.87461e-06
 Reference value :  2.90149e-06
 Reference value :  2.92903e-06
 Reference value :  2.95591e-06
 Reference value :  2.98279e-06
 Reference value :  3.00794e-06
 Reference value :  3.03258e-06
 Reference value :  3.05610e-06
 Reference value :  3.08074e-06
 Reference value :  3.10720e-06
 Reference value :  3.13184e-06
 Reference value :  3.15536e-06
 Reference value :  3.17824e-06
 Reference value :  3.20176e-06
 Reference value :  3.22416e-06
 Reference value :  3.24992e-06
 Reference value :  3.27185e-06
 Reference value :  3.29537e-06
 Reference value :  3.31777e-06
 Reference value :  3.34067e-06
 Reference value :  3.36419e-06
 Reference value :  3.38771e-06
 Reference value :  3.41235e-06
 Reference value :  3.43427e-06
 Reference value :  3.45555e-06
 Reference value :  3.47795e-06
 Reference value :  3.50371e-06
 Reference value :  3.52550e-06
 Reference value :  3.54902e-06
 Reference value :  3.57142e-06
 Reference value :  3.59558e-06
 Reference value :  3.61910e-06
 Reference value :  3.64150e-06
 Reference value :  3.66614e-06
 Reference value :  3.68905e-06
 Reference value :  3.71145e-06
 Reference value :  3.73497e-06
 Reference value :  3.75800e-06
 Reference value :  3.78152e-06
 Reference value :  3.80392e-06
 Reference value :  3.82744e-06
 Reference value :  3.85036e-06
 Reference value :  3.87388e-06
 Reference value :  3.89740e-06
 Reference value :  3.92182e-06
 Reference value :  3.94619e-06
 Reference value :  3.96859e-06
 Reference value :  3.99211e-06
 Reference value :  4.01503e-06
 Reference value :  4.03855e-06
 Reference value :  4.06095e-06
 Reference value :  4.08559e-06
 Reference value :  4.10751e-06
 Reference value :  4.12991e-06
 Reference value :  4.15119e-06
 Reference value :  4.17444e-06
 Reference value :  4.19651e-06
 Reference value :  4.22003e-06
 Reference value :  4.24355e-06
 Reference value :  4.26770e-06
 Reference value :  4.29010e-06
 Reference value :  4.31250e-06
 Reference value :  4.33826e-06
 Reference value :  4.35895e-06
 Reference value :  4.38135e-06
 Reference value :  4.40487e-06
 Reference value :  4.42902e-06
 Reference value :  4.45254e-06
 Reference value :  4.47606e-06
 Reference value :  4.49846e-06
 Reference value :  4.51912e-06
 Reference value :  4.54040e-06
 Reference value :  4.56056e-06
 Reference value :  4.58296e-06
 Reference value :  4.60376e-06
 Reference value :  4.62504e-06
 Reference value :  4.64632e-06
 Reference value :  4.66984e-06
 Reference value :  4.68937e-06
 Reference value :  4.70953e-06
 Reference value :  4.73081e-06
 Reference value :  4.75321e-06
 Reference value :  4.77289e-06
 Reference value :  4.79417e-06
 Reference value :  4.81433e-06
 Reference value :  4.83673e-06
 Reference value :  4.85514e-06
 Reference value :  4.87530e-06
 Reference value :  4.89546e-06
 Reference value :  4.91674e-06
 Reference value :  4.93643e-06
 Reference value :  4.95659e-06
 Reference value :  4.97899e-06
 Reference value :  5.00587e-06
 Reference value :  5.02986e-06
 Reference value :  5.05338e-06
 Reference value :  5.07802e-06
 Reference value :  5.10219e-06
 Reference value :  5.12571e-06
 Reference value :  5.14811e-06
 Reference value :  5.17387e-06
 Reference value :  5.19564e-06
 Reference value :  5.22028e-06
 Reference value :  5.24268e-06
 Reference value :  5.26462e-06
 Reference value :  5.28478e-06
 Reference value :  5.30382e-06
 Reference value :  5.32398e-06
 Reference value :  5.34351e-06
 Reference value :  5.36585e-06
 Reference value :  5.38825e-06
 Reference value :  5.41177e-06
 Reference value :  5.43597e-06
 Reference value :  5.45837e-06
 Reference value :  5.48077e-06
 Reference value :  5.50541e-06
 Reference value :  5.52496e-06
 Reference value :  5.54736e-06
 Reference value :  5.56976e-06
 Reference value :  5.59170e-06
 Reference value :  5.61634e-06
 Reference value :  5.63874e-06
 Reference value :  5.66226e-06
 Reference value :  5.68503e-06
 Reference value :  5.70855e-06
 Reference value :  5.73207e-06
 Reference value :  5.75671e-06
 Reference value :  5.77870e-06
 Reference value :  5.80222e-06
 Reference value :  5.82686e-06
 Reference value :  5.85092e-06
 Reference value :  5.87332e-06
 Reference value :  5.89572e-06
 Reference value :  5.92036e-06
 Reference value :  5.94342e-06
 Reference value :  5.96694e-06
 Reference value :  5.99046e-06
 Reference value :  6.01327e-06
 Reference value :  6.03679e-06
 Reference value :  6.06031e-06
 Reference value :  6.08607e-06
 Reference value :  6.10804e-06
 Reference value :  6.12932e-06
 Reference value :  6.14948e-06
 Reference value :  6.17188e-06
 Reference value :  6.19018e-06
 Reference value :  6.21146e-06
 Reference value :  6.23162e-06
 Reference value :  6.25402e-06
 Reference value :  6.27490e-06
 Reference value :  6.29618e-06
 Reference value :  6.31970e-06
 Reference value :  6.34404e-06
 Reference value :  6.36721e-06
 Reference value :  6.39073e-06
 Reference value :  6.41425e-06
 Reference value :  6.43847e-06
 Reference value :  6.45863e-06
 Reference value :  6.47991e-06
 Reference value :  6.50231e-06
 Reference value :  6.52280e-06
 Reference value :  6.54520e-06
 Reference value :  6.56872e-06
 Reference value :  6.59207e-06
 Reference value :  6.61651e-06
 Reference value :  6.63891e-06
 Reference value :  6.66355e-06
 Reference value :  6.68643e-06
 Reference value :  6.70995e-06
No. of Data Rows : 6061
vhold_min           =  1.20000e+00 at=  1.79200e-10
tfirst              =  4.15833e-07
t1                  =  4.17286e-06
t2                  =  4.33976e-06
t3                  =  4.50665e-06
t4                  =  4.67354e-06
t5                  =  4.84043e-06
t6                  =  5.00732e-06
t7                  =  5.17421e-06
t8                  =  5.34110e-06
t9                  =  5.50799e-06
t10                 =  5.67486e-06
t11                 =  5.84177e-06
t12                 =  6.00867e-06
idd_run             =  -1.86311e-05 from=  4.03400e-06 to=  6.72300e-06
vmax                =  1.21835e+00 at=  4.17444e-06
vmin                =  -2.27311e-02 at=  5.92463e-06
Note: Simulation executed from .control section 
Warning: m=xx on .subckt line will override multiplier m hierarchy!

Note: Starting dynamic gmin stepping
Note: Dynamic gmin stepping completed
Note: Starting dynamic gmin stepping
Note: Dynamic gmin stepping completed
