
Note: No compatibility mode selected!


Circuit: * tt_analog_ring, code 128

Doing analysis at TEMP = 27.000000 and TNOM = 27.000000

Using SPARSE 1.3 as Direct Linear Solver
 Reference value :  0.00000e+00
No. of Data Rows : 1
idd_dis=0.000328665 vbp=0.557902 vbn=0.494328 clk_dis=1.2
Doing analysis at TEMP = 27.000000 and TNOM = 27.000000

Using SPARSE 1.3 as Direct Linear Solver

Initial Transient Solution
--------------------------

Node                                   Voltage
----                                   -------
vpwr                                       1.2
code[0]                                      0
code[1]                                      0
code[2]                                      0
code[3]                                      0
code[4]                                      0
code[5]                                      0
code[6]                                      0
code[7]                                    1.2
enable                                       0
xdut.vbp                              0.557902
xdut.vbn                              0.494328
xdut.n0                            2.04982e-07
xdut.p0                                    1.2
xdut.na0                                1.0212
xdut.s0                                    1.2
xdut.s10                                   1.2
xdut.n1                            5.23078e-07
xdut.p1                                    1.2
xdut.s1                            5.92661e-07
xdut.n2                            1.46482e-07
xdut.p2                                    1.2
xdut.s2                                    1.2
xdut.n3                             9.5864e-07
xdut.p3                                    1.2
xdut.s3                            1.11671e-06
xdut.n4                            4.22444e-08
xdut.p4                                    1.2
xdut.s4                                    1.2
xdut.n5                            7.42595e-07
xdut.p5                                    1.2
xdut.s5                            8.44937e-07
xdut.n6                            9.88079e-08
xdut.p6                                    1.2
xdut.s6                                    1.2
xdut.n7                            6.35452e-07
xdut.p7                                    1.2
xdut.s7                            7.23021e-07
xdut.n8                            1.04603e-07
xdut.p8                                    1.2
xdut.s8                                    1.2
xdut.n9                            7.32287e-07
xdut.p9                                    1.2
xdut.s9                            8.41888e-07
xdut.n10                           7.89146e-08
xdut.p10                                   1.2
xdut.b1                            1.49569e-07
clk_out                                    1.2
ven#branch                         7.39949e-12
vc7#branch                        -5.85382e-08
vc6#branch                         8.65305e-13
vc5#branch                         4.33687e-13
vc4#branch                         2.16979e-13
vc3#branch                          1.0741e-13
vc2#branch                         5.49381e-14
vc1#branch                          2.6589e-14
vc0#branch                          1.3816e-14
vdd#branch                        -0.000328665

 Reference value :  0.00000e+00
 Reference value :  1.02702e-09
 Reference value :  2.23056e-09
 Reference value :  3.46496e-09
 Reference value :  4.66850e-09
 Reference value :  5.87204e-09
 Reference value :  7.07558e-09
 Reference value :  8.30998e-09
 Reference value :  9.33215e-09
 Reference value :  9.99163e-09
 Reference value :  1.06706e-08
 Reference value :  1.13186e-08
 Reference value :  1.20284e-08
 Reference value :  1.26765e-08
 Reference value :  1.32937e-08
 Reference value :  1.39726e-08
 Reference value :  1.46824e-08
 Reference value :  1.53304e-08
 Reference value :  1.59476e-08
 Reference value :  1.66265e-08
 Reference value :  1.72746e-08
 Reference value :  1.79535e-08
 Reference value :  1.85707e-08
 Reference value :  1.92805e-08
 Reference value :  1.98977e-08
 Reference value :  2.05458e-08
 Reference value :  2.12247e-08
 Reference value :  2.19962e-08
 Reference value :  2.26442e-08
 Reference value :  2.32923e-08
 Reference value :  2.39712e-08
 Reference value :  2.46501e-08
 Reference value :  2.52673e-08
 Reference value :  2.59154e-08
 Reference value :  2.66560e-08
 Reference value :  2.73350e-08
 Reference value :  2.80139e-08
 Reference value :  2.86928e-08
 Reference value :  2.94026e-08
 Reference value :  3.00506e-08
 Reference value :  3.06987e-08
 Reference value :  3.14393e-08
 Reference value :  3.21183e-08
 Reference value :  3.27663e-08
 Reference value :  3.34144e-08
 Reference value :  3.40624e-08
 Reference value :  3.47413e-08
 Reference value :  3.53894e-08
 Reference value :  3.60683e-08
 Reference value :  3.67472e-08
 Reference value :  3.74262e-08
 Reference value :  3.80742e-08
 Reference value :  3.87840e-08
 Reference value :  3.94629e-08
 Reference value :  4.01110e-08
 Reference value :  4.07899e-08
 Reference value :  4.14997e-08
 Reference value :  4.21477e-08
 Reference value :  4.27958e-08
 Reference value :  4.35364e-08
 Reference value :  4.41845e-08
 Reference value :  4.48634e-08
 Reference value :  4.55423e-08
 Reference value :  4.62521e-08
 Reference value :  4.69002e-08
 Reference value :  4.75174e-08
 Reference value :  4.82272e-08
 Reference value :  4.89061e-08
 Reference value :  4.95850e-08
 Reference value :  5.02331e-08
 Reference value :  5.09737e-08
 Reference value :  5.16218e-08
 Reference value :  5.22698e-08
 Reference value :  5.29179e-08
 Reference value :  5.35968e-08
 Reference value :  5.42140e-08
 Reference value :  5.48621e-08
 Reference value :  5.56027e-08
 Reference value :  5.62508e-08
 Reference value :  5.68988e-08
 Reference value :  5.75777e-08
 Reference value :  5.82875e-08
 Reference value :  5.89664e-08
 Reference value :  5.96145e-08
 Reference value :  6.02934e-08
 Reference value :  6.09723e-08
 Reference value :  6.16204e-08
 Reference value :  6.22993e-08
 Reference value :  6.29782e-08
 Reference value :  6.36263e-08
 Reference value :  6.42435e-08
 Reference value :  6.49224e-08
 Reference value :  6.56322e-08
 Reference value :  6.63111e-08
 Reference value :  6.69283e-08
 Reference value :  6.76381e-08
 Reference value :  6.82862e-08
 Reference value :  6.89342e-08
 Reference value :  6.96131e-08
 Reference value :  7.03229e-08
 Reference value :  7.09401e-08
 Reference value :  7.15882e-08
 Reference value :  7.22671e-08
 Reference value :  7.29460e-08
 Reference value :  7.36249e-08
 Reference value :  7.42730e-08
 Reference value :  7.50136e-08
 Reference value :  7.56926e-08
 Reference value :  7.63715e-08
 Reference value :  7.70813e-08
 Reference value :  7.77602e-08
 Reference value :  7.84082e-08
 Reference value :  7.90563e-08
 Reference value :  7.97969e-08
 Reference value :  8.04450e-08
 Reference value :  8.10931e-08
 Reference value :  8.17720e-08
 Reference value :  8.24509e-08
 Reference value :  8.30990e-08
 Reference value :  8.37470e-08
 Reference value :  8.44568e-08
 Reference value :  8.51666e-08
 Reference value :  8.58147e-08
 Reference value :  8.64627e-08
 Reference value :  8.71725e-08
 Reference value :  8.78206e-08
 Reference value :  8.84378e-08
 Reference value :  8.91167e-08
 Reference value :  8.98265e-08
 Reference value :  9.04745e-08
 Reference value :  9.10917e-08
 Reference value :  9.18632e-08
 Reference value :  9.24804e-08
 Reference value :  9.31593e-08
 Reference value :  9.38383e-08
 Reference value :  9.45789e-08
 Reference value :  9.52270e-08
 Reference value :  9.58750e-08
 Reference value :  9.65848e-08
 Reference value :  9.72329e-08
 Reference value :  9.78809e-08
 Reference value :  9.84981e-08
 Reference value :  9.92079e-08
 Reference value :  9.98868e-08
 Reference value :  1.00535e-07
 Reference value :  1.01214e-07
 Reference value :  1.01862e-07
 Reference value :  1.02479e-07
 Reference value :  1.03158e-07
 Reference value :  1.03899e-07
 Reference value :  1.04547e-07
 Reference value :  1.05195e-07
 Reference value :  1.05812e-07
 Reference value :  1.06522e-07
 Reference value :  1.07201e-07
 Reference value :  1.07849e-07
 Reference value :  1.08558e-07
 Reference value :  1.09268e-07
 Reference value :  1.09947e-07
 Reference value :  1.10595e-07
 Reference value :  1.11305e-07
 Reference value :  1.11953e-07
 Reference value :  1.12570e-07
 Reference value :  1.13249e-07
 Reference value :  1.13928e-07
 Reference value :  1.14607e-07
 Reference value :  1.15255e-07
 Reference value :  1.15996e-07
 Reference value :  1.16644e-07
 Reference value :  1.17292e-07
 Reference value :  1.17971e-07
 Reference value :  1.18681e-07
 Reference value :  1.19298e-07
 Reference value :  1.19946e-07
 Reference value :  1.20594e-07
 Reference value :  1.21273e-07
 Reference value :  1.21952e-07
 Reference value :  1.22600e-07
 Reference value :  1.23340e-07
 Reference value :  1.24019e-07
 Reference value :  1.24667e-07
 Reference value :  1.25346e-07
 Reference value :  1.26025e-07
 Reference value :  1.26642e-07
 Reference value :  1.27321e-07
 Reference value :  1.28062e-07
 Reference value :  1.28741e-07
 Reference value :  1.29358e-07
 Reference value :  1.30037e-07
 Reference value :  1.30747e-07
 Reference value :  1.31426e-07
 Reference value :  1.32043e-07
 Reference value :  1.32722e-07
 Reference value :  1.33401e-07
 Reference value :  1.34080e-07
 Reference value :  1.34728e-07
 Reference value :  1.35438e-07
 Reference value :  1.36086e-07
 Reference value :  1.36734e-07
 Reference value :  1.37413e-07
 Reference value :  1.38122e-07
 Reference value :  1.38770e-07
 Reference value :  1.39388e-07
 Reference value :  1.40128e-07
 Reference value :  1.40776e-07
 Reference value :  1.41455e-07
 Reference value :  1.42165e-07
 Reference value :  1.42906e-07
 Reference value :  1.43585e-07
 Reference value :  1.44233e-07
 Reference value :  1.44942e-07
 Reference value :  1.45590e-07
 Reference value :  1.46239e-07
 Reference value :  1.46887e-07
 Reference value :  1.47627e-07
 Reference value :  1.48306e-07
 Reference value :  1.48985e-07
 Reference value :  1.49664e-07
 Reference value :  1.50312e-07
 Reference value :  1.50960e-07
 Reference value :  1.51608e-07
 Reference value :  1.52349e-07
 Reference value :  1.52966e-07
 Reference value :  1.53614e-07
 Reference value :  1.54293e-07
 Reference value :  1.54972e-07
 Reference value :  1.55682e-07
 Reference value :  1.56330e-07
 Reference value :  1.57070e-07
 Reference value :  1.57749e-07
 Reference value :  1.58397e-07
 Reference value :  1.59076e-07
 Reference value :  1.59755e-07
 Reference value :  1.60403e-07
 Reference value :  1.61082e-07
 Reference value :  1.61792e-07
 Reference value :  1.62440e-07
 Reference value :  1.63088e-07
 Reference value :  1.63767e-07
 Reference value :  1.64477e-07
 Reference value :  1.65125e-07
 Reference value :  1.65773e-07
 Reference value :  1.66483e-07
 Reference value :  1.67192e-07
 Reference value :  1.67871e-07
 Reference value :  1.68519e-07
 Reference value :  1.69229e-07
 Reference value :  1.69846e-07
 Reference value :  1.70525e-07
 Reference value :  1.71173e-07
 Reference value :  1.71883e-07
 Reference value :  1.72562e-07
 Reference value :  1.73210e-07
 Reference value :  1.73920e-07
 Reference value :  1.74568e-07
 Reference value :  1.75247e-07
 Reference value :  1.75895e-07
 Reference value :  1.76666e-07
 Reference value :  1.77315e-07
 Reference value :  1.77963e-07
 Reference value :  1.78703e-07
 Reference value :  1.79382e-07
 Reference value :  1.80030e-07
 Reference value :  1.80678e-07
 Reference value :  1.81450e-07
 Reference value :  1.82098e-07
 Reference value :  1.82746e-07
 Reference value :  1.83456e-07
 Reference value :  1.84135e-07
 Reference value :  1.84814e-07
No. of Data Rows : 6015
vhold_min           =  1.20000e+00 at=  1.32081e-10
tfirst              =  1.21358e-08
t1                  =  1.11204e-07
t2                  =  1.16037e-07
t3                  =  1.20870e-07
t4                  =  1.25702e-07
t5                  =  1.30535e-07
t6                  =  1.35367e-07
t7                  =  1.40200e-07
t8                  =  1.45033e-07
t9                  =  1.49865e-07
t10                 =  1.54698e-07
t11                 =  1.59530e-07
t12                 =  1.64363e-07
idd_run             =  -3.43343e-04 from=  1.11100e-07 to=  1.85200e-07
vmax                =  1.21098e+00 at=  1.76296e-07
vmin                =  -7.86180e-03 at=  1.83548e-07
Note: Simulation executed from .control section 
Note: Starting dynamic gmin stepping
Note: Dynamic gmin stepping completed
Note: Starting dynamic gmin stepping
Note: Dynamic gmin stepping completed
