
Note: Compatibility modes selected: hs a


Circuit: * tt_analog_ring, code 4

Doing analysis at TEMP = -40.000000 and TNOM = 27.000000

Using SPARSE 1.3 as Direct Linear Solver
 Reference value :  0.00000e+00
No. of Data Rows : 1
idd_dis=1.57971E-05 vbp=0.68098 vbn=0.369836 clk_dis=1.08
Doing analysis at TEMP = -40.000000 and TNOM = 27.000000

Using SPARSE 1.3 as Direct Linear Solver

Initial Transient Solution
--------------------------

Node                                   Voltage
----                                   -------
vpwr                                      1.08
code[0]                                      0
code[1]                                      0
code[2]                                   1.08
code[3]                                      0
code[4]                                      0
code[5]                                      0
code[6]                                      0
code[7]                                      0
enable                                       0
xdut.vbp                               0.68098
clk_out                                   1.08
xdut.b1                            9.29091e-08
xdut.s3                            1.24487e-06
xdut.s2                                   1.08
xdut.n_126                                1.08
xdut.s1                            1.24487e-06
xdut.n_125                                1.08
xdut.s10                                  1.08
xdut.s6                                   1.08
xdut.s5                            1.24487e-06
xdut.n_128                                1.08
xdut.s9                            1.24487e-06
xdut.n_133                                1.08
xdut.s4                                   1.08
xdut.n_129                                1.08
xdut.s8                                   1.08
xdut.n_132                                1.08
xdut.s7                            1.24487e-06
xdut.n_130                                1.08
xdut.n_127                                1.08
xdut.n_131                                1.08
xdut.s0                                   1.08
xdut.n_124                                1.08
xdut.n_71                          1.21547e-06
xdut.n_72                          1.21547e-06
xdut.n_70                          5.65736e-09
xdut.n_77                          1.21547e-06
xdut.n_75                          5.65736e-09
xdut.n_73                          5.65736e-09
xdut.n_67                          5.65736e-09
xdut.n_76                          5.65736e-09
xdut.n_69                          1.21547e-06
xdut.n_74                          1.21547e-06
xdut.n_122                                1.08
xdut.n_i1005                          0.836013
xdut.n_68                          7.14726e-09
xdut.vbn                              0.369836
ven#branch                         5.64626e-12
vc7#branch                         6.78912e-13
vc6#branch                         3.39456e-13
vc5#branch                         1.69728e-13
vc4#branch                          8.4864e-14
vc3#branch                          4.2432e-14
vc2#branch                        -3.07047e-10
vc1#branch                          1.0608e-14
vc0#branch                           5.304e-15
vdd#branch                        -1.57971e-05

 Reference value :  0.00000e+00
 Reference value :  7.87136e-08
 Reference value :  1.57114e-07
 Reference value :  2.43354e-07
 Reference value :  3.31834e-07
 Reference value :  3.54785e-07
 Reference value :  3.78305e-07
 Reference value :  4.02945e-07
 Reference value :  4.26771e-07
 Reference value :  4.50291e-07
 Reference value :  4.72691e-07
 Reference value :  4.98115e-07
 Reference value :  5.22646e-07
 Reference value :  5.47286e-07
 Reference value :  5.73046e-07
 Reference value :  5.95525e-07
 Reference value :  6.19045e-07
 Reference value :  6.44805e-07
 Reference value :  6.67927e-07
 Reference value :  6.91447e-07
 Reference value :  7.14967e-07
 Reference value :  7.39746e-07
 Reference value :  7.63266e-07
 Reference value :  7.86786e-07
 Reference value :  8.12179e-07
 Reference value :  8.35416e-07
 Reference value :  8.58936e-07
 Reference value :  8.84696e-07
 Reference value :  9.06207e-07
 Reference value :  9.29727e-07
 Reference value :  9.55487e-07
 Reference value :  9.78431e-07
 Reference value :  1.00195e-06
 Reference value :  1.02547e-06
 Reference value :  1.04904e-06
 Reference value :  1.07368e-06
 Reference value :  1.09720e-06
 Reference value :  1.12520e-06
 Reference value :  1.14711e-06
 Reference value :  1.17063e-06
 Reference value :  1.19751e-06
 Reference value :  1.22029e-06
 Reference value :  1.24493e-06
 Reference value :  1.27069e-06
 Reference value :  1.29473e-06
 Reference value :  1.31937e-06
 Reference value :  1.34289e-06
 Reference value :  1.36540e-06
 Reference value :  1.39004e-06
 Reference value :  1.41356e-06
 Reference value :  1.43932e-06
 Reference value :  1.45990e-06
 Reference value :  1.48342e-06
 Reference value :  1.50694e-06
 Reference value :  1.53154e-06
 Reference value :  1.55506e-06
 Reference value :  1.57970e-06
 Reference value :  1.60369e-06
 Reference value :  1.62833e-06
 Reference value :  1.65185e-06
 Reference value :  1.67761e-06
 Reference value :  1.69911e-06
 Reference value :  1.72375e-06
 Reference value :  1.74951e-06
 Reference value :  1.77013e-06
 Reference value :  1.79365e-06
 Reference value :  1.81717e-06
 Reference value :  1.84064e-06
 Reference value :  1.86416e-06
 Reference value :  1.88880e-06
 Reference value :  1.91568e-06
 Reference value :  1.93855e-06
 Reference value :  1.96207e-06
 Reference value :  1.98671e-06
 Reference value :  2.00707e-06
 Reference value :  2.03059e-06
 Reference value :  2.05411e-06
 Reference value :  2.07706e-06
 Reference value :  2.10161e-06
 Reference value :  2.12513e-06
 Reference value :  2.15089e-06
 Reference value :  2.17438e-06
 Reference value :  2.20014e-06
 Reference value :  2.22814e-06
 Reference value :  2.25213e-06
 Reference value :  2.28461e-06
 Reference value :  2.31844e-06
 Reference value :  2.35876e-06
 Reference value :  2.39841e-06
 Reference value :  2.43761e-06
 Reference value :  2.46921e-06
 Reference value :  2.51148e-06
 Reference value :  2.55003e-06
 Reference value :  2.58251e-06
 Reference value :  2.61387e-06
 Reference value :  2.63871e-06
 Reference value :  2.66895e-06
 Reference value :  2.70031e-06
 Reference value :  2.72205e-06
 Reference value :  2.75901e-06
 Reference value :  2.79371e-06
 Reference value :  2.82395e-06
 Reference value :  2.85867e-06
 Reference value :  2.88713e-06
 Reference value :  2.91849e-06
 Reference value :  2.94672e-06
 Reference value :  2.98816e-06
 Reference value :  3.02678e-06
 Reference value :  3.05254e-06
 Reference value :  3.09622e-06
 Reference value :  3.13433e-06
 Reference value :  3.17913e-06
 Reference value :  3.21892e-06
 Reference value :  3.25970e-06
 Reference value :  3.30226e-06
 Reference value :  3.34531e-06
 Reference value :  3.38787e-06
 Reference value :  3.42829e-06
 Reference value :  3.46413e-06
 Reference value :  3.50153e-06
 Reference value :  3.52617e-06
 Reference value :  3.54969e-06
 Reference value :  3.57389e-06
 Reference value :  3.59893e-06
 Reference value :  3.62357e-06
 Reference value :  3.65045e-06
 Reference value :  3.67332e-06
 Reference value :  3.69796e-06
 Reference value :  3.72372e-06
 Reference value :  3.74520e-06
 Reference value :  3.76984e-06
 Reference value :  3.79560e-06
 Reference value :  3.81846e-06
 Reference value :  3.84310e-06
 Reference value :  3.86662e-06
 Reference value :  3.89039e-06
 Reference value :  3.91362e-06
 Reference value :  3.93714e-06
 Reference value :  3.96514e-06
 Reference value :  3.98801e-06
 Reference value :  4.01265e-06
 Reference value :  4.03841e-06
 Reference value :  4.05989e-06
 Reference value :  4.08341e-06
 Reference value :  4.10917e-06
 Reference value :  4.13203e-06
 Reference value :  4.15667e-06
 Reference value :  4.18019e-06
 Reference value :  4.20551e-06
 Reference value :  4.23056e-06
 Reference value :  4.25632e-06
 Reference value :  4.28432e-06
 Reference value :  4.30830e-06
 Reference value :  4.33854e-06
 Reference value :  4.37012e-06
 Reference value :  4.40372e-06
 Reference value :  4.44382e-06
 Reference value :  4.48034e-06
 Reference value :  4.51842e-06
 Reference value :  4.53966e-06
 Reference value :  4.57326e-06
 Reference value :  4.61068e-06
 Reference value :  4.65212e-06
 Reference value :  4.68817e-06
 Reference value :  4.72513e-06
 Reference value :  4.75649e-06
 Reference value :  4.78943e-06
 Reference value :  4.82863e-06
 Reference value :  4.85883e-06
 Reference value :  4.89355e-06
 Reference value :  4.92650e-06
 Reference value :  4.96458e-06
 Reference value :  5.00288e-06
 Reference value :  5.03536e-06
 Reference value :  5.06000e-06
 Reference value :  5.09742e-06
 Reference value :  5.13102e-06
 Reference value :  5.15561e-06
 Reference value :  5.19481e-06
 Reference value :  5.23364e-06
 Reference value :  5.26920e-06
 Reference value :  5.31221e-06
 Reference value :  5.35565e-06
 Reference value :  5.39867e-06
 Reference value :  5.44235e-06
 Reference value :  5.48600e-06
 Reference value :  5.53080e-06
 Reference value :  5.57494e-06
 Reference value :  5.62198e-06
 Reference value :  5.66476e-06
 Reference value :  5.70798e-06
 Reference value :  5.74922e-06
 Reference value :  5.79062e-06
 Reference value :  5.83206e-06
 Reference value :  5.87620e-06
 Reference value :  5.91764e-06
 Reference value :  5.95817e-06
 Reference value :  5.99849e-06
 Reference value :  6.03703e-06
 Reference value :  6.07847e-06
 Reference value :  6.12100e-06
 Reference value :  6.16468e-06
 Reference value :  6.20659e-06
 Reference value :  6.23123e-06
 Reference value :  6.25699e-06
 Reference value :  6.27961e-06
 Reference value :  6.31545e-06
 Reference value :  6.33962e-06
 Reference value :  6.37415e-06
 Reference value :  6.41625e-06
 Reference value :  6.44690e-06
 Reference value :  6.48386e-06
 Reference value :  6.52016e-06
 Reference value :  6.55600e-06
 Reference value :  6.59653e-06
 Reference value :  6.62677e-06
 Reference value :  6.65747e-06
 Reference value :  6.69779e-06
No. of Data Rows : 6080
vhold_min           =  1.08000e+00 at=  7.16800e-10
tfirst              =  4.14199e-07
t1                  =  4.12675e-06
t2                  =  4.28474e-06
t3                  =  4.44256e-06
t4                  =  4.60056e-06
t5                  =  4.75838e-06
t6                  =  4.91638e-06
t7                  =  5.07420e-06
t8                  =  5.23220e-06
t9                  =  5.39003e-06
t10                 =  5.54802e-06
t11                 =  5.70584e-06
t12                 =  5.86384e-06
idd_run             =  -1.65586e-05 from=  4.03400e-06 to=  6.72300e-06
vmax                =  1.09610e+00 at=  6.49693e-06
vmin                =  -1.04556e-02 at=  6.10044e-06
Note: Simulation executed from .control section 
Warning: m=xx on .subckt line will override multiplier m hierarchy!

Note: Starting dynamic gmin stepping
Note: Dynamic gmin stepping completed
Note: Starting dynamic gmin stepping
Note: Dynamic gmin stepping completed
