
Note: No compatibility mode selected!


Circuit: * tt_analog_ring, code 8

Doing analysis at TEMP = -40.000000 and TNOM = 27.000000

Using SPARSE 1.3 as Direct Linear Solver
 Reference value :  0.00000e+00
No. of Data Rows : 1
idd_dis=2.99908E-05 vbp=0.702499 vbn=0.42208 clk_dis=1.2
Doing analysis at TEMP = -40.000000 and TNOM = 27.000000

Using SPARSE 1.3 as Direct Linear Solver

Initial Transient Solution
--------------------------

Node                                   Voltage
----                                   -------
vpwr                                       1.2
code[0]                                      0
code[1]                                      0
code[2]                                      0
code[3]                                    1.2
code[4]                                      0
code[5]                                      0
code[6]                                      0
code[7]                                      0
enable                                       0
xdut.vbp                              0.702499
xdut.vbn                               0.42208
xdut.n0                            3.37077e-09
xdut.p0                                    1.2
xdut.na0                              0.904719
xdut.s0                                    1.2
xdut.s10                                   1.2
xdut.n1                            2.73343e-07
xdut.p1                                    1.2
xdut.s1                            2.81192e-07
xdut.n2                            3.25609e-09
xdut.p2                                    1.2
xdut.s2                                    1.2
xdut.n3                            2.76686e-07
xdut.p3                                    1.2
xdut.s3                            2.84646e-07
xdut.n4                            3.25646e-09
xdut.p4                                1.20945
xdut.s4                                1.20998
xdut.n5                            2.77227e-07
xdut.p5                                    1.2
xdut.s5                               2.85e-07
xdut.n6                            3.25609e-09
xdut.p6                                    1.2
xdut.s6                                    1.2
xdut.n7                            2.73343e-07
xdut.p7                                    1.2
xdut.s7                            2.81192e-07
xdut.n8                            3.25609e-09
xdut.p8                                    1.2
xdut.s8                                    1.2
xdut.n9                            2.73343e-07
xdut.p9                                    1.2
xdut.s9                            2.81192e-07
xdut.n10                           3.25609e-09
xdut.p10                                   1.2
xdut.b1                            2.12625e-08
clk_out                                    1.2
ven#branch                         1.49146e-12
vc7#branch                         3.67707e-13
vc6#branch                         1.83853e-13
vc5#branch                         9.19267e-14
vc4#branch                         4.59634e-14
vc3#branch                        -5.42805e-10
vc2#branch                         1.14908e-14
vc1#branch                         5.74542e-15
vc0#branch                         2.87271e-15
vdd#branch                        -2.99908e-05

 Reference value :  0.00000e+00
 Reference value :  9.00240e-09
 Reference value :  2.08824e-08
 Reference value :  3.27624e-08
 Reference value :  4.46424e-08
 Reference value :  5.58624e-08
 Reference value :  6.80724e-08
 Reference value :  7.99524e-08
 Reference value :  9.15024e-08
 Reference value :  9.92150e-08
 Reference value :  1.04831e-07
 Reference value :  1.10441e-07
 Reference value :  1.16381e-07
 Reference value :  1.22981e-07
 Reference value :  1.28493e-07
 Reference value :  1.34763e-07
 Reference value :  1.40703e-07
 Reference value :  1.46973e-07
 Reference value :  1.52583e-07
 Reference value :  1.58523e-07
 Reference value :  1.64463e-07
 Reference value :  1.70377e-07
 Reference value :  1.76317e-07
 Reference value :  1.82587e-07
 Reference value :  1.89517e-07
 Reference value :  1.95127e-07
 Reference value :  2.00737e-07
 Reference value :  2.06677e-07
 Reference value :  2.13277e-07
 Reference value :  2.18529e-07
 Reference value :  2.24469e-07
 Reference value :  2.30409e-07
 Reference value :  2.37009e-07
 Reference value :  2.42949e-07
 Reference value :  2.48889e-07
 Reference value :  2.55159e-07
 Reference value :  2.60742e-07
 Reference value :  2.66682e-07
 Reference value :  2.72622e-07
 Reference value :  2.78892e-07
 Reference value :  2.84832e-07
 Reference value :  2.90772e-07
 Reference value :  2.97042e-07
 Reference value :  3.03642e-07
 Reference value :  3.08565e-07
 Reference value :  3.14505e-07
 Reference value :  3.20115e-07
 Reference value :  3.26385e-07
 Reference value :  3.32325e-07
 Reference value :  3.38265e-07
 Reference value :  3.44535e-07
 Reference value :  3.50202e-07
 Reference value :  3.56388e-07
 Reference value :  3.62328e-07
 Reference value :  3.68598e-07
 Reference value :  3.74868e-07
 Reference value :  3.80808e-07
 Reference value :  3.86748e-07
 Reference value :  3.93348e-07
 Reference value :  3.98601e-07
 Reference value :  4.04541e-07
 Reference value :  4.10481e-07
 Reference value :  4.17081e-07
 Reference value :  4.22691e-07
 Reference value :  4.28961e-07
 Reference value :  4.35231e-07
 Reference value :  4.40567e-07
 Reference value :  4.47083e-07
 Reference value :  4.53353e-07
 Reference value :  4.59953e-07
 Reference value :  4.65893e-07
 Reference value :  4.71833e-07
 Reference value :  4.77773e-07
 Reference value :  4.84043e-07
 Reference value :  4.89296e-07
 Reference value :  4.95566e-07
 Reference value :  5.01506e-07
 Reference value :  5.08106e-07
 Reference value :  5.13716e-07
 Reference value :  5.19986e-07
 Reference value :  5.26256e-07
 Reference value :  5.32169e-07
 Reference value :  5.38109e-07
 Reference value :  5.44379e-07
 Reference value :  5.50979e-07
 Reference value :  5.56589e-07
 Reference value :  5.62529e-07
 Reference value :  5.68469e-07
 Reference value :  5.75069e-07
 Reference value :  5.79992e-07
 Reference value :  5.86262e-07
 Reference value :  5.92202e-07
 Reference value :  5.98802e-07
 Reference value :  6.04742e-07
 Reference value :  6.11012e-07
 Reference value :  6.17612e-07
 Reference value :  6.23194e-07
 Reference value :  6.29134e-07
 Reference value :  6.35404e-07
 Reference value :  6.42334e-07
 Reference value :  6.48274e-07
 Reference value :  6.54214e-07
 Reference value :  6.60154e-07
 Reference value :  6.66015e-07
 Reference value :  6.71677e-07
 Reference value :  6.77617e-07
 Reference value :  6.83887e-07
 Reference value :  6.90157e-07
 Reference value :  6.96097e-07
 Reference value :  7.02037e-07
 Reference value :  7.08967e-07
 Reference value :  7.14549e-07
 Reference value :  7.20489e-07
 Reference value :  7.26759e-07
 Reference value :  7.33359e-07
 Reference value :  7.38969e-07
 Reference value :  7.44909e-07
 Reference value :  7.51179e-07
 Reference value :  7.56846e-07
 Reference value :  7.63032e-07
 Reference value :  7.68972e-07
 Reference value :  7.75242e-07
 Reference value :  7.81512e-07
 Reference value :  7.87452e-07
 Reference value :  7.93392e-07
 Reference value :  8.00322e-07
 Reference value :  8.05575e-07
 Reference value :  8.11185e-07
 Reference value :  8.17125e-07
 Reference value :  8.23065e-07
 Reference value :  8.29005e-07
 Reference value :  8.34945e-07
 Reference value :  8.40885e-07
 Reference value :  8.46745e-07
 Reference value :  8.52077e-07
 Reference value :  8.57687e-07
 Reference value :  8.63627e-07
 Reference value :  8.69897e-07
 Reference value :  8.75507e-07
 Reference value :  8.81447e-07
 Reference value :  8.87387e-07
 Reference value :  8.92970e-07
 Reference value :  8.98910e-07
 Reference value :  9.04520e-07
 Reference value :  9.10460e-07
 Reference value :  9.16400e-07
 Reference value :  9.22340e-07
 Reference value :  9.27950e-07
 Reference value :  9.34550e-07
 Reference value :  9.40133e-07
 Reference value :  9.45743e-07
 Reference value :  9.51683e-07
 Reference value :  9.58283e-07
 Reference value :  9.64223e-07
 Reference value :  9.70163e-07
 Reference value :  9.76433e-07
 Reference value :  9.82540e-07
 Reference value :  9.87956e-07
 Reference value :  9.93896e-07
 Reference value :  1.00017e-06
 Reference value :  1.00644e-06
 Reference value :  1.01205e-06
 Reference value :  1.01799e-06
 Reference value :  1.02459e-06
 Reference value :  1.03050e-06
 Reference value :  1.03611e-06
 Reference value :  1.04205e-06
 Reference value :  1.04865e-06
 Reference value :  1.05459e-06
 Reference value :  1.06020e-06
 Reference value :  1.06680e-06
 Reference value :  1.07266e-06
 Reference value :  1.07832e-06
 Reference value :  1.08426e-06
 Reference value :  1.09020e-06
 Reference value :  1.09614e-06
 Reference value :  1.10175e-06
 Reference value :  1.10769e-06
 Reference value :  1.11396e-06
 Reference value :  1.11921e-06
 Reference value :  1.12515e-06
 Reference value :  1.13109e-06
 Reference value :  1.13736e-06
 Reference value :  1.14330e-06
 Reference value :  1.14957e-06
 Reference value :  1.15551e-06
 Reference value :  1.16178e-06
 Reference value :  1.16704e-06
 Reference value :  1.17298e-06
 Reference value :  1.17925e-06
 Reference value :  1.18585e-06
 Reference value :  1.19179e-06
 Reference value :  1.19773e-06
 Reference value :  1.20367e-06
 Reference value :  1.20958e-06
 Reference value :  1.21585e-06
 Reference value :  1.22212e-06
 Reference value :  1.22872e-06
 Reference value :  1.23466e-06
 Reference value :  1.24093e-06
 Reference value :  1.24720e-06
 Reference value :  1.25339e-06
 Reference value :  1.25938e-06
 Reference value :  1.26532e-06
 Reference value :  1.27126e-06
 Reference value :  1.27753e-06
 Reference value :  1.28380e-06
 Reference value :  1.28941e-06
 Reference value :  1.29568e-06
 Reference value :  1.30127e-06
 Reference value :  1.30721e-06
 Reference value :  1.31315e-06
 Reference value :  1.31942e-06
 Reference value :  1.32503e-06
 Reference value :  1.33031e-06
 Reference value :  1.33592e-06
 Reference value :  1.34219e-06
 Reference value :  1.34744e-06
 Reference value :  1.35305e-06
 Reference value :  1.35866e-06
 Reference value :  1.36493e-06
 Reference value :  1.37054e-06
 Reference value :  1.37615e-06
 Reference value :  1.38209e-06
 Reference value :  1.38836e-06
 Reference value :  1.39361e-06
 Reference value :  1.39955e-06
 Reference value :  1.40549e-06
 Reference value :  1.41209e-06
 Reference value :  1.41803e-06
 Reference value :  1.42430e-06
 Reference value :  1.43057e-06
 Reference value :  1.43582e-06
 Reference value :  1.44176e-06
 Reference value :  1.44770e-06
 Reference value :  1.45430e-06
 Reference value :  1.46024e-06
 Reference value :  1.46585e-06
 Reference value :  1.47212e-06
 Reference value :  1.47872e-06
 Reference value :  1.48398e-06
 Reference value :  1.48992e-06
 Reference value :  1.49553e-06
 Reference value :  1.50180e-06
 Reference value :  1.50774e-06
 Reference value :  1.51401e-06
 Reference value :  1.52028e-06
 Reference value :  1.52619e-06
 Reference value :  1.53246e-06
 Reference value :  1.53873e-06
 Reference value :  1.54533e-06
 Reference value :  1.55127e-06
 Reference value :  1.55688e-06
 Reference value :  1.56315e-06
 Reference value :  1.56967e-06
 Reference value :  1.57500e-06
 Reference value :  1.58127e-06
 Reference value :  1.58688e-06
 Reference value :  1.59282e-06
 Reference value :  1.59843e-06
 Reference value :  1.60404e-06
 Reference value :  1.60998e-06
 Reference value :  1.61557e-06
 Reference value :  1.62151e-06
 Reference value :  1.62712e-06
 Reference value :  1.63306e-06
 Reference value :  1.63933e-06
 Reference value :  1.64527e-06
 Reference value :  1.65121e-06
 Reference value :  1.65814e-06
 Reference value :  1.66372e-06
 Reference value :  1.66966e-06
 Reference value :  1.67593e-06
 Reference value :  1.68286e-06
 Reference value :  1.68880e-06
 Reference value :  1.69474e-06
 Reference value :  1.70068e-06
 Reference value :  1.70626e-06
 Reference value :  1.71220e-06
 Reference value :  1.71814e-06
 Reference value :  1.72441e-06
 Reference value :  1.73035e-06
 Reference value :  1.73629e-06
 Reference value :  1.74256e-06
 Reference value :  1.74883e-06
 Reference value :  1.75376e-06
 Reference value :  1.75937e-06
 Reference value :  1.76498e-06
 Reference value :  1.77125e-06
 Reference value :  1.77686e-06
 Reference value :  1.78280e-06
 Reference value :  1.78874e-06
 Reference value :  1.79501e-06
 Reference value :  1.80026e-06
 Reference value :  1.80587e-06
 Reference value :  1.81148e-06
 Reference value :  1.81775e-06
 Reference value :  1.82336e-06
 Reference value :  1.82930e-06
 Reference value :  1.83557e-06
 Reference value :  1.84124e-06
 Reference value :  1.84742e-06
 Reference value :  1.85369e-06
 Reference value :  1.86029e-06
 Reference value :  1.86656e-06
 Reference value :  1.87250e-06
 Reference value :  1.87877e-06
 Reference value :  1.88537e-06
 Reference value :  1.89062e-06
 Reference value :  1.89656e-06
 Reference value :  1.90250e-06
 Reference value :  1.90877e-06
 Reference value :  1.91438e-06
 Reference value :  1.91999e-06
 Reference value :  1.92626e-06
 Reference value :  1.93160e-06
 Reference value :  1.93779e-06
 Reference value :  1.94373e-06
 Reference value :  1.95000e-06
 Reference value :  1.95594e-06
 Reference value :  1.96188e-06
 Reference value :  1.96782e-06
 Reference value :  1.97475e-06
 Reference value :  1.98000e-06
No. of Data Rows : 6062
vhold_min           =  1.20000e+00 at=  1.32000e-11
tfirst              =  1.23446e-07
t1                  =  1.23069e-06
t2                  =  1.27587e-06
t3                  =  1.32105e-06
t4                  =  1.36623e-06
t5                  =  1.41142e-06
t6                  =  1.45660e-06
t7                  =  1.50178e-06
t8                  =  1.54697e-06
t9                  =  1.59215e-06
t10                 =  1.63733e-06
t11                 =  1.68252e-06
t12                 =  1.72770e-06
idd_run             =  -3.16493e-05 from=  1.18800e-06 to=  1.98000e-06
vmax                =  1.20935e+00 at=  1.95429e-06
vmin                =  -1.19373e-02 at=  1.20821e-06
Note: Simulation executed from .control section 
Note: Starting dynamic gmin stepping
Note: Dynamic gmin stepping completed
Note: Starting dynamic gmin stepping
Note: Dynamic gmin stepping completed
