
Note: No compatibility mode selected!


Circuit: * tt_analog_ring, code 32

Doing analysis at TEMP = -40.000000 and TNOM = 27.000000

Using SPARSE 1.3 as Direct Linear Solver
 Reference value :  0.00000e+00
No. of Data Rows : 1
idd_dis=0.000124555 vbp=0.731432 vbn=0.497306 clk_dis=1.32
Doing analysis at TEMP = -40.000000 and TNOM = 27.000000

Using SPARSE 1.3 as Direct Linear Solver

Initial Transient Solution
--------------------------

Node                                   Voltage
----                                   -------
vpwr                                      1.32
code[0]                                      0
code[1]                                      0
code[2]                                      0
code[3]                                      0
code[4]                                      0
code[5]                                   1.32
code[6]                                      0
code[7]                                      0
enable                                       0
xdut.vbp                              0.731432
xdut.vbn                              0.497306
xdut.n0                            2.90903e-09
xdut.p0                                   1.32
xdut.na0                               1.01303
xdut.s0                                   1.32
xdut.s10                                  1.32
xdut.n1                            1.40227e-07
xdut.p1                                   1.32
xdut.s1                            1.49252e-07
xdut.n2                            2.86505e-09
xdut.p2                                   1.32
xdut.s2                                   1.32
xdut.n3                            1.40227e-07
xdut.p3                                   1.32
xdut.s3                            1.49252e-07
xdut.n4                            2.86505e-09
xdut.p4                                   1.32
xdut.s4                                   1.32
xdut.n5                            1.40227e-07
xdut.p5                                   1.32
xdut.s5                            1.49252e-07
xdut.n6                            2.86505e-09
xdut.p6                                   1.32
xdut.s6                                   1.32
xdut.n7                            1.40227e-07
xdut.p7                                   1.32
xdut.s7                            1.49252e-07
xdut.n8                            2.86505e-09
xdut.p8                                   1.32
xdut.s8                                   1.32
xdut.n9                            1.40227e-07
xdut.p9                                   1.32
xdut.s9                            1.49252e-07
xdut.n10                           2.86505e-09
xdut.p10                                  1.32
xdut.b1                            2.46224e-08
clk_out                                   1.32
ven#branch                         2.12331e-12
vc7#branch                          4.2336e-13
vc6#branch                          2.1168e-13
vc5#branch                         -3.7092e-09
vc4#branch                           5.292e-14
vc3#branch                           2.646e-14
vc2#branch                           1.323e-14
vc1#branch                           6.615e-15
vc0#branch                          3.3075e-15
vdd#branch                        -0.000124555

 Reference value :  0.00000e+00
 Reference value :  2.75221e-09
 Reference value :  6.06109e-09
 Reference value :  9.46729e-09
 Reference value :  1.27762e-08
 Reference value :  1.59877e-08
 Reference value :  1.92966e-08
 Reference value :  2.26055e-08
 Reference value :  2.61090e-08
 Reference value :  2.92646e-08
 Reference value :  3.08660e-08
 Reference value :  3.27151e-08
 Reference value :  3.45642e-08
 Reference value :  3.63801e-08
 Reference value :  3.81165e-08
 Reference value :  3.99656e-08
 Reference value :  4.18147e-08
 Reference value :  4.35664e-08
 Reference value :  4.55128e-08
 Reference value :  4.73619e-08
 Reference value :  4.90279e-08
 Reference value :  5.07797e-08
 Reference value :  5.26288e-08
 Reference value :  5.45752e-08
 Reference value :  5.64243e-08
 Reference value :  5.82733e-08
 Reference value :  6.01224e-08
 Reference value :  6.19246e-08
 Reference value :  6.36764e-08
 Reference value :  6.54282e-08
 Reference value :  6.72772e-08
 Reference value :  6.90290e-08
 Reference value :  7.07808e-08
 Reference value :  7.26298e-08
 Reference value :  7.41984e-08
 Reference value :  7.60475e-08
 Reference value :  7.78966e-08
 Reference value :  7.96483e-08
 Reference value :  8.14001e-08
 Reference value :  8.32492e-08
 Reference value :  8.50732e-08
 Reference value :  8.68993e-08
 Reference value :  8.87484e-08
 Reference value :  9.06948e-08
 Reference value :  9.23492e-08
 Reference value :  9.41983e-08
 Reference value :  9.59501e-08
 Reference value :  9.76172e-08
 Reference value :  9.93690e-08
 Reference value :  1.01218e-07
 Reference value :  1.03164e-07
 Reference value :  1.05014e-07
 Reference value :  1.06960e-07
 Reference value :  1.08906e-07
 Reference value :  1.10706e-07
 Reference value :  1.12458e-07
 Reference value :  1.14307e-07
 Reference value :  1.16253e-07
 Reference value :  1.17908e-07
 Reference value :  1.19660e-07
 Reference value :  1.21583e-07
 Reference value :  1.23177e-07
 Reference value :  1.24929e-07
 Reference value :  1.26875e-07
 Reference value :  1.28627e-07
 Reference value :  1.30476e-07
 Reference value :  1.32325e-07
 Reference value :  1.34222e-07
 Reference value :  1.36071e-07
 Reference value :  1.37920e-07
 Reference value :  1.39963e-07
 Reference value :  1.41813e-07
 Reference value :  1.43759e-07
 Reference value :  1.45608e-07
 Reference value :  1.47277e-07
 Reference value :  1.49126e-07
 Reference value :  1.51072e-07
 Reference value :  1.52824e-07
 Reference value :  1.54673e-07
 Reference value :  1.56425e-07
 Reference value :  1.58162e-07
 Reference value :  1.59878e-07
 Reference value :  1.61630e-07
 Reference value :  1.63576e-07
 Reference value :  1.65328e-07
 Reference value :  1.67177e-07
 Reference value :  1.68929e-07
 Reference value :  1.70598e-07
 Reference value :  1.72350e-07
 Reference value :  1.74102e-07
 Reference value :  1.75951e-07
 Reference value :  1.77703e-07
 Reference value :  1.79552e-07
 Reference value :  1.81304e-07
 Reference value :  1.83199e-07
 Reference value :  1.85048e-07
 Reference value :  1.86897e-07
 Reference value :  1.88746e-07
 Reference value :  1.90498e-07
 Reference value :  1.92347e-07
 Reference value :  1.94099e-07
 Reference value :  1.95671e-07
 Reference value :  1.97521e-07
 Reference value :  1.99370e-07
 Reference value :  2.01121e-07
 Reference value :  2.02873e-07
 Reference value :  2.04722e-07
 Reference value :  2.06474e-07
 Reference value :  2.08272e-07
 Reference value :  2.10023e-07
 Reference value :  2.11873e-07
 Reference value :  2.13819e-07
 Reference value :  2.15473e-07
 Reference value :  2.17420e-07
 Reference value :  2.19228e-07
 Reference value :  2.20939e-07
 Reference value :  2.22788e-07
 Reference value :  2.24735e-07
 Reference value :  2.26584e-07
 Reference value :  2.28433e-07
 Reference value :  2.30282e-07
 Reference value :  2.32176e-07
 Reference value :  2.34025e-07
 Reference value :  2.35875e-07
 Reference value :  2.37821e-07
 Reference value :  2.39573e-07
 Reference value :  2.41422e-07
 Reference value :  2.43174e-07
 Reference value :  2.44747e-07
 Reference value :  2.46596e-07
 Reference value :  2.48348e-07
 Reference value :  2.50100e-07
 Reference value :  2.51851e-07
 Reference value :  2.53701e-07
 Reference value :  2.55452e-07
 Reference value :  2.57054e-07
 Reference value :  2.58806e-07
 Reference value :  2.60655e-07
 Reference value :  2.62504e-07
 Reference value :  2.64353e-07
 Reference value :  2.66300e-07
 Reference value :  2.68084e-07
 Reference value :  2.70015e-07
 Reference value :  2.71864e-07
 Reference value :  2.73810e-07
 Reference value :  2.75659e-07
 Reference value :  2.77508e-07
 Reference value :  2.79357e-07
 Reference value :  2.81154e-07
 Reference value :  2.82905e-07
 Reference value :  2.84754e-07
 Reference value :  2.86701e-07
 Reference value :  2.88550e-07
 Reference value :  2.90496e-07
 Reference value :  2.92402e-07
 Reference value :  2.94115e-07
 Reference value :  2.96061e-07
 Reference value :  2.98007e-07
 Reference value :  2.99759e-07
 Reference value :  3.01706e-07
 Reference value :  3.03555e-07
 Reference value :  3.05253e-07
 Reference value :  3.07005e-07
 Reference value :  3.08854e-07
 Reference value :  3.10800e-07
 Reference value :  3.12649e-07
 Reference value :  3.14596e-07
 Reference value :  3.16542e-07
 Reference value :  3.18117e-07
 Reference value :  3.19967e-07
 Reference value :  3.21913e-07
 Reference value :  3.23567e-07
 Reference value :  3.25416e-07
 Reference value :  3.27168e-07
 Reference value :  3.28901e-07
 Reference value :  3.30617e-07
 Reference value :  3.32369e-07
 Reference value :  3.34218e-07
 Reference value :  3.35872e-07
 Reference value :  3.37624e-07
 Reference value :  3.39473e-07
 Reference value :  3.41260e-07
 Reference value :  3.43093e-07
 Reference value :  3.44943e-07
 Reference value :  3.46889e-07
 Reference value :  3.48641e-07
 Reference value :  3.50490e-07
 Reference value :  3.52339e-07
 Reference value :  3.54035e-07
 Reference value :  3.55689e-07
 Reference value :  3.57441e-07
 Reference value :  3.59388e-07
 Reference value :  3.61042e-07
 Reference value :  3.62988e-07
 Reference value :  3.64838e-07
 Reference value :  3.66415e-07
 Reference value :  3.68167e-07
 Reference value :  3.70113e-07
 Reference value :  3.71865e-07
 Reference value :  3.73714e-07
 Reference value :  3.75563e-07
 Reference value :  3.77315e-07
 Reference value :  3.79107e-07
 Reference value :  3.80859e-07
 Reference value :  3.82708e-07
 Reference value :  3.84460e-07
 Reference value :  3.86114e-07
 Reference value :  3.87963e-07
 Reference value :  3.89884e-07
 Reference value :  3.91683e-07
 Reference value :  3.93532e-07
 Reference value :  3.95479e-07
 Reference value :  3.97328e-07
 Reference value :  3.99274e-07
 Reference value :  4.01221e-07
 Reference value :  4.02914e-07
 Reference value :  4.04666e-07
 Reference value :  4.06418e-07
 Reference value :  4.08364e-07
 Reference value :  4.10116e-07
 Reference value :  4.11868e-07
 Reference value :  4.13620e-07
 Reference value :  4.15199e-07
 Reference value :  4.16951e-07
 Reference value :  4.18703e-07
 Reference value :  4.20552e-07
 Reference value :  4.22401e-07
 Reference value :  4.24348e-07
 Reference value :  4.26197e-07
 Reference value :  4.27890e-07
 Reference value :  4.29641e-07
 Reference value :  4.31490e-07
 Reference value :  4.33340e-07
 Reference value :  4.35091e-07
 Reference value :  4.36843e-07
 Reference value :  4.38666e-07
 Reference value :  4.40370e-07
 Reference value :  4.42122e-07
 Reference value :  4.43971e-07
 Reference value :  4.45820e-07
 Reference value :  4.47669e-07
 Reference value :  4.49518e-07
 Reference value :  4.51405e-07
 Reference value :  4.53157e-07
 Reference value :  4.55103e-07
 Reference value :  4.57050e-07
 Reference value :  4.58899e-07
 Reference value :  4.60651e-07
 Reference value :  4.62402e-07
 Reference value :  4.63983e-07
 Reference value :  4.65735e-07
 Reference value :  4.67584e-07
 Reference value :  4.69336e-07
 Reference value :  4.71185e-07
 Reference value :  4.73034e-07
 Reference value :  4.74786e-07
 Reference value :  4.76478e-07
 Reference value :  4.78327e-07
 Reference value :  4.80176e-07
 Reference value :  4.82123e-07
 Reference value :  4.83972e-07
 Reference value :  4.85918e-07
 Reference value :  4.87612e-07
 Reference value :  4.89445e-07
 Reference value :  4.91392e-07
 Reference value :  4.93338e-07
 Reference value :  4.95090e-07
 Reference value :  4.96939e-07
 Reference value :  4.98691e-07
 Reference value :  5.00383e-07
 Reference value :  5.02038e-07
 Reference value :  5.03789e-07
 Reference value :  5.05736e-07
 Reference value :  5.07390e-07
 Reference value :  5.09142e-07
 Reference value :  5.10894e-07
 Reference value :  5.12474e-07
 Reference value :  5.14226e-07
 Reference value :  5.16075e-07
 Reference value :  5.17924e-07
 Reference value :  5.19579e-07
 Reference value :  5.21428e-07
 Reference value :  5.23277e-07
 Reference value :  5.24969e-07
 Reference value :  5.26819e-07
 Reference value :  5.28765e-07
 Reference value :  5.30614e-07
 Reference value :  5.32366e-07
 Reference value :  5.34215e-07
 Reference value :  5.35967e-07
 Reference value :  5.37547e-07
 Reference value :  5.39299e-07
 Reference value :  5.41148e-07
 Reference value :  5.42900e-07
 Reference value :  5.44652e-07
 Reference value :  5.46501e-07
 Reference value :  5.48425e-07
 Reference value :  5.50237e-07
 Reference value :  5.51989e-07
 Reference value :  5.53935e-07
 Reference value :  5.55687e-07
 Reference value :  5.57633e-07
 Reference value :  5.59385e-07
 Reference value :  5.61063e-07
 Reference value :  5.62815e-07
 Reference value :  5.64664e-07
 Reference value :  5.66610e-07
 Reference value :  5.68362e-07
 Reference value :  5.70211e-07
 Reference value :  5.72060e-07
 Reference value :  5.73753e-07
 Reference value :  5.75699e-07
 Reference value :  5.77451e-07
 Reference value :  5.79300e-07
 Reference value :  5.81149e-07
 Reference value :  5.82998e-07
No. of Data Rows : 6045
vhold_min           =  1.32000e+00 at=  2.21890e-10
tfirst              =  3.60901e-08
t1                  =  3.59340e-07
t2                  =  3.71535e-07
t3                  =  3.83732e-07
t4                  =  3.95927e-07
t5                  =  4.08123e-07
t6                  =  4.20319e-07
t7                  =  4.32515e-07
t8                  =  4.44710e-07
t9                  =  4.56906e-07
t10                 =  4.69102e-07
t11                 =  4.81298e-07
t12                 =  4.93493e-07
idd_run             =  -1.30777e-04 from=  3.50400e-07 to=  5.83900e-07
vmax                =  1.32750e+00 at=  3.65130e-07
vmin                =  -1.43144e-02 at=  4.02165e-07
Note: Simulation executed from .control section 
Note: Starting dynamic gmin stepping
Warning: Dynamic gmin stepping failed
Note: Starting true gmin stepping
Note: True gmin stepping completed
Note: Starting dynamic gmin stepping
Warning: Dynamic gmin stepping failed
Note: Starting true gmin stepping
Note: True gmin stepping completed
