
Note: No compatibility mode selected!


Circuit: * tt_analog_ring, code 255

Doing analysis at TEMP = 125.000000 and TNOM = 27.000000

Using SPARSE 1.3 as Direct Linear Solver
 Reference value :  0.00000e+00
No. of Data Rows : 1
idd_dis=0.000536021 vbp=0.579404 vbn=0.528688 clk_dis=1.32
Doing analysis at TEMP = 125.000000 and TNOM = 27.000000

Using SPARSE 1.3 as Direct Linear Solver

Initial Transient Solution
--------------------------

Node                                   Voltage
----                                   -------
vpwr                                      1.32
code[0]                                   1.32
code[1]                                   1.32
code[2]                                   1.32
code[3]                                   1.32
code[4]                                   1.32
code[5]                                   1.32
code[6]                                   1.32
code[7]                                   1.32
enable                                       0
xdut.vbp                              0.579404
xdut.vbn                              0.528688
xdut.n0                            2.40639e-05
xdut.p0                                1.31997
xdut.na0                               1.12574
xdut.s0                                1.31996
xdut.s10                               1.31998
xdut.n1                            8.54257e-06
xdut.p1                                1.31999
xdut.s1                            1.00736e-05
xdut.n2                            1.27785e-05
xdut.p2                                1.31998
xdut.s2                                1.31998
xdut.n3                             8.5404e-06
xdut.p3                                1.31999
xdut.s3                             1.0071e-05
xdut.n4                            1.27785e-05
xdut.p4                                1.31998
xdut.s4                                1.31998
xdut.n5                             8.5404e-06
xdut.p5                                1.31999
xdut.s5                             1.0071e-05
xdut.n6                            1.27785e-05
xdut.p6                                1.31998
xdut.s6                                1.31998
xdut.n7                             8.5404e-06
xdut.p7                                1.31999
xdut.s7                             1.0071e-05
xdut.n8                            1.27785e-05
xdut.p8                                1.31998
xdut.s8                                1.31998
xdut.n9                             8.5404e-06
xdut.p9                                1.31999
xdut.s9                             1.0071e-05
xdut.n10                           1.27785e-05
xdut.p10                               1.31998
xdut.b1                            1.62508e-06
clk_out                                   1.32
ven#branch                         1.10217e-11
vc7#branch                        -3.55891e-07
vc6#branch                        -1.77946e-07
vc5#branch                        -8.89728e-08
vc4#branch                        -4.44864e-08
vc3#branch                        -2.22432e-08
vc2#branch                        -1.11216e-08
vc1#branch                         -5.5608e-09
vc0#branch                         -2.7804e-09
vdd#branch                        -0.000536021

 Reference value :  0.00000e+00
 Reference value :  6.28102e-10
 Reference value :  1.41122e-09
 Reference value :  2.19434e-09
 Reference value :  2.97746e-09
 Reference value :  3.76058e-09
 Reference value :  4.54370e-09
 Reference value :  5.30674e-09
 Reference value :  6.03002e-09
 Reference value :  6.45532e-09
 Reference value :  6.89708e-09
 Reference value :  7.33884e-09
 Reference value :  7.80068e-09
 Reference value :  8.26252e-09
 Reference value :  8.68420e-09
 Reference value :  9.12596e-09
 Reference value :  9.62796e-09
 Reference value :  1.00697e-08
 Reference value :  1.05115e-08
 Reference value :  1.09733e-08
 Reference value :  1.14552e-08
 Reference value :  1.18970e-08
 Reference value :  1.23187e-08
 Reference value :  1.28006e-08
 Reference value :  1.32424e-08
 Reference value :  1.36841e-08
 Reference value :  1.41259e-08
 Reference value :  1.46078e-08
 Reference value :  1.50496e-08
 Reference value :  1.54913e-08
 Reference value :  1.59933e-08
 Reference value :  1.64351e-08
 Reference value :  1.68568e-08
 Reference value :  1.72985e-08
 Reference value :  1.78005e-08
 Reference value :  1.82222e-08
 Reference value :  1.86640e-08
 Reference value :  1.91459e-08
 Reference value :  1.95876e-08
 Reference value :  2.00294e-08
 Reference value :  2.04511e-08
 Reference value :  2.09732e-08
 Reference value :  2.13948e-08
 Reference value :  2.18366e-08
 Reference value :  2.22784e-08
 Reference value :  2.27603e-08
 Reference value :  2.32020e-08
 Reference value :  2.36438e-08
 Reference value :  2.41659e-08
 Reference value :  2.46076e-08
 Reference value :  2.50494e-08
 Reference value :  2.55112e-08
 Reference value :  2.59932e-08
 Reference value :  2.64349e-08
 Reference value :  2.68767e-08
 Reference value :  2.73988e-08
 Reference value :  2.78405e-08
 Reference value :  2.82823e-08
 Reference value :  2.87240e-08
 Reference value :  2.92060e-08
 Reference value :  2.96477e-08
 Reference value :  3.00895e-08
 Reference value :  3.06116e-08
 Reference value :  3.10533e-08
 Reference value :  3.14750e-08
 Reference value :  3.19368e-08
 Reference value :  3.24188e-08
 Reference value :  3.28605e-08
 Reference value :  3.33023e-08
 Reference value :  3.38043e-08
 Reference value :  3.42661e-08
 Reference value :  3.47079e-08
 Reference value :  3.51697e-08
 Reference value :  3.56516e-08
 Reference value :  3.60532e-08
 Reference value :  3.64950e-08
 Reference value :  3.69769e-08
 Reference value :  3.74187e-08
 Reference value :  3.78404e-08
 Reference value :  3.82821e-08
 Reference value :  3.87841e-08
 Reference value :  3.92259e-08
 Reference value :  3.96877e-08
 Reference value :  4.01696e-08
 Reference value :  4.06315e-08
 Reference value :  4.10532e-08
 Reference value :  4.14748e-08
 Reference value :  4.19768e-08
 Reference value :  4.24186e-08
 Reference value :  4.28604e-08
 Reference value :  4.33222e-08
 Reference value :  4.38041e-08
 Reference value :  4.42459e-08
 Reference value :  4.46676e-08
 Reference value :  4.51696e-08
 Reference value :  4.56113e-08
 Reference value :  4.60531e-08
 Reference value :  4.65149e-08
 Reference value :  4.70169e-08
 Reference value :  4.74587e-08
 Reference value :  4.79004e-08
 Reference value :  4.84225e-08
 Reference value :  4.88643e-08
 Reference value :  4.93261e-08
 Reference value :  4.98080e-08
 Reference value :  5.02900e-08
 Reference value :  5.07317e-08
 Reference value :  5.11735e-08
 Reference value :  5.16956e-08
 Reference value :  5.21172e-08
 Reference value :  5.25791e-08
 Reference value :  5.30610e-08
 Reference value :  5.35429e-08
 Reference value :  5.40048e-08
 Reference value :  5.44465e-08
 Reference value :  5.49485e-08
 Reference value :  5.53702e-08
 Reference value :  5.58320e-08
 Reference value :  5.63340e-08
 Reference value :  5.68160e-08
 Reference value :  5.72376e-08
 Reference value :  5.76794e-08
 Reference value :  5.81814e-08
 Reference value :  5.86232e-08
 Reference value :  5.90649e-08
 Reference value :  5.95468e-08
 Reference value :  6.00087e-08
 Reference value :  6.04504e-08
 Reference value :  6.09123e-08
 Reference value :  6.14143e-08
 Reference value :  6.18560e-08
 Reference value :  6.22978e-08
 Reference value :  6.27998e-08
 Reference value :  6.32616e-08
 Reference value :  6.36833e-08
 Reference value :  6.41251e-08
 Reference value :  6.46271e-08
 Reference value :  6.50688e-08
 Reference value :  6.55307e-08
 Reference value :  6.60327e-08
 Reference value :  6.65146e-08
 Reference value :  6.69564e-08
 Reference value :  6.74182e-08
 Reference value :  6.79403e-08
 Reference value :  6.84021e-08
 Reference value :  6.88840e-08
 Reference value :  6.94061e-08
 Reference value :  6.98680e-08
 Reference value :  7.03097e-08
 Reference value :  7.08117e-08
 Reference value :  7.13137e-08
 Reference value :  7.17756e-08
 Reference value :  7.22374e-08
 Reference value :  7.27595e-08
 Reference value :  7.32213e-08
 Reference value :  7.36631e-08
 Reference value :  7.41852e-08
 Reference value :  7.46470e-08
 Reference value :  7.51088e-08
 Reference value :  7.55908e-08
 Reference value :  7.60928e-08
 Reference value :  7.65546e-08
 Reference value :  7.70164e-08
 Reference value :  7.75385e-08
 Reference value :  7.80004e-08
 Reference value :  7.84622e-08
 Reference value :  7.89642e-08
 Reference value :  7.94461e-08
 Reference value :  7.98879e-08
 Reference value :  8.03296e-08
 Reference value :  8.08517e-08
 Reference value :  8.13136e-08
 Reference value :  8.17955e-08
 Reference value :  8.23176e-08
 Reference value :  8.27794e-08
 Reference value :  8.32212e-08
 Reference value :  8.37031e-08
 Reference value :  8.41850e-08
 Reference value :  8.46669e-08
 Reference value :  8.51288e-08
 Reference value :  8.56709e-08
 Reference value :  8.61528e-08
 Reference value :  8.65946e-08
 Reference value :  8.71167e-08
 Reference value :  8.75785e-08
 Reference value :  8.80604e-08
 Reference value :  8.85825e-08
 Reference value :  8.90845e-08
 Reference value :  8.95464e-08
 Reference value :  9.00082e-08
 Reference value :  9.05504e-08
 Reference value :  9.10122e-08
 Reference value :  9.14740e-08
 Reference value :  9.19961e-08
 Reference value :  9.24780e-08
 Reference value :  9.29399e-08
 Reference value :  9.34419e-08
 Reference value :  9.39439e-08
 Reference value :  9.44258e-08
 Reference value :  9.49077e-08
 Reference value :  9.54298e-08
 Reference value :  9.58916e-08
 Reference value :  9.63334e-08
 Reference value :  9.68555e-08
 Reference value :  9.73173e-08
 Reference value :  9.77792e-08
 Reference value :  9.82812e-08
 Reference value :  9.87832e-08
 Reference value :  9.92450e-08
 Reference value :  9.97068e-08
 Reference value :  1.00249e-07
 Reference value :  1.00711e-07
 Reference value :  1.01193e-07
 Reference value :  1.01735e-07
 Reference value :  1.02197e-07
 Reference value :  1.02639e-07
 Reference value :  1.03141e-07
 Reference value :  1.03643e-07
 Reference value :  1.04124e-07
 Reference value :  1.04606e-07
 Reference value :  1.05128e-07
 Reference value :  1.05610e-07
 Reference value :  1.06052e-07
 Reference value :  1.06594e-07
 Reference value :  1.07056e-07
 Reference value :  1.07538e-07
 Reference value :  1.08060e-07
 Reference value :  1.08562e-07
 Reference value :  1.09004e-07
 Reference value :  1.09486e-07
 Reference value :  1.10008e-07
 Reference value :  1.10470e-07
 Reference value :  1.10952e-07
 Reference value :  1.11494e-07
 Reference value :  1.11956e-07
 Reference value :  1.12417e-07
 Reference value :  1.12940e-07
 Reference value :  1.13421e-07
 Reference value :  1.13903e-07
 Reference value :  1.14425e-07
 Reference value :  1.14948e-07
 Reference value :  1.15490e-07
 Reference value :  1.16052e-07
 Reference value :  1.16654e-07
 Reference value :  1.17156e-07
 Reference value :  1.17658e-07
 Reference value :  1.18261e-07
 Reference value :  1.18823e-07
 Reference value :  1.19425e-07
 Reference value :  1.19988e-07
No. of Data Rows : 6015
vhold_min           =  1.32000e+00 at=  1.06022e-10
tfirst              =  7.96339e-09
t1                  =  7.42317e-08
t2                  =  7.74646e-08
t3                  =  8.06975e-08
t4                  =  8.39304e-08
t5                  =  8.71633e-08
t6                  =  9.03962e-08
t7                  =  9.36291e-08
t8                  =  9.68620e-08
t9                  =  1.00095e-07
t10                 =  1.03328e-07
t11                 =  1.06561e-07
t12                 =  1.09794e-07
idd_run             =  -5.62093e-04 from=  7.22900e-08 to=  1.20500e-07
vmax                =  1.33018e+00 at=  1.17759e-07
vmin                =  -7.97811e-03 at=  7.41048e-08
Note: Simulation executed from .control section 
Note: Starting dynamic gmin stepping
Note: Dynamic gmin stepping completed
Note: Starting dynamic gmin stepping
Note: Dynamic gmin stepping completed
