
Note: No compatibility mode selected!


Circuit: * tt_analog_ring, code 4

Doing analysis at TEMP = 125.000000 and TNOM = 27.000000

Using SPARSE 1.3 as Direct Linear Solver
 Reference value :  0.00000e+00
No. of Data Rows : 1
idd_dis=1.85754E-05 vbp=1.046 vbn=0.173732 clk_dis=1.31999
Doing analysis at TEMP = 125.000000 and TNOM = 27.000000

Using SPARSE 1.3 as Direct Linear Solver

Initial Transient Solution
--------------------------

Node                                   Voltage
----                                   -------
vpwr                                      1.32
code[0]                                      0
code[1]                                      0
code[2]                                   1.32
code[3]                                      0
code[4]                                      0
code[5]                                      0
code[6]                                      0
code[7]                                      0
enable                                       0
xdut.vbp                                 1.046
xdut.vbn                              0.173732
xdut.n0                            0.000429323
xdut.p0                                1.31953
xdut.na0                               1.12647
xdut.s0                                1.31952
xdut.s10                               1.31971
xdut.n1                             0.00102322
xdut.p1                                1.31893
xdut.s1                             0.00104498
xdut.n2                            0.000249957
xdut.p2                                1.31972
xdut.s2                                1.31971
xdut.n3                             0.00101972
xdut.p3                                1.31894
xdut.s3                              0.0010414
xdut.n4                            0.000249939
xdut.p4                                1.31972
xdut.s4                                1.31971
xdut.n5                             0.00101972
xdut.p5                                1.31894
xdut.s5                              0.0010414
xdut.n6                            0.000249939
xdut.p6                                1.31972
xdut.s6                                1.31971
xdut.n7                             0.00101972
xdut.p7                                1.31894
xdut.s7                              0.0010414
xdut.n8                            0.000249939
xdut.p8                                1.31972
xdut.s8                                1.31971
xdut.n9                             0.00101972
xdut.p9                                1.31894
xdut.s9                              0.0010414
xdut.n10                           0.000249939
xdut.p10                               1.31972
xdut.b1                            2.27035e-05
clk_out                                1.31999
ven#branch                         5.60348e-11
vc7#branch                         1.79816e-10
vc6#branch                          8.9908e-11
vc5#branch                          4.4954e-11
vc4#branch                          2.2477e-11
vc3#branch                         1.12385e-11
vc2#branch                        -1.71044e-08
vc1#branch                         2.80963e-12
vc0#branch                         1.40481e-12
vdd#branch                        -1.85754e-05

 Reference value :  0.00000e+00
 Reference value :  1.80833e-08
 Reference value :  3.99311e-08
 Reference value :  6.12187e-08
 Reference value :  8.36267e-08
 Reference value :  1.06035e-07
 Reference value :  1.27882e-07
 Reference value :  1.49730e-07
 Reference value :  1.68200e-07
 Reference value :  1.77492e-07
 Reference value :  1.89816e-07
 Reference value :  2.01581e-07
 Reference value :  2.13345e-07
 Reference value :  2.23603e-07
 Reference value :  2.35927e-07
 Reference value :  2.48252e-07
 Reference value :  2.60016e-07
 Reference value :  2.71780e-07
 Reference value :  2.81603e-07
 Reference value :  2.93367e-07
 Reference value :  3.04571e-07
 Reference value :  3.16335e-07
 Reference value :  3.28100e-07
 Reference value :  3.37749e-07
 Reference value :  3.50073e-07
 Reference value :  3.61838e-07
 Reference value :  3.73042e-07
 Reference value :  3.84806e-07
 Reference value :  3.95771e-07
 Reference value :  4.07535e-07
 Reference value :  4.19299e-07
 Reference value :  4.31624e-07
 Reference value :  4.42828e-07
 Reference value :  4.54729e-07
 Reference value :  4.66494e-07
 Reference value :  4.78818e-07
 Reference value :  4.90582e-07
 Reference value :  5.00452e-07
 Reference value :  5.13284e-07
 Reference value :  5.25048e-07
 Reference value :  5.36812e-07
 Reference value :  5.49137e-07
 Reference value :  5.59346e-07
 Reference value :  5.72231e-07
 Reference value :  5.83995e-07
 Reference value :  5.95759e-07
 Reference value :  6.08084e-07
 Reference value :  6.19051e-07
 Reference value :  6.30255e-07
 Reference value :  6.42579e-07
 Reference value :  6.54344e-07
 Reference value :  6.65190e-07
 Reference value :  6.77450e-07
 Reference value :  6.89215e-07
 Reference value :  7.01539e-07
 Reference value :  7.13303e-07
 Reference value :  7.23117e-07
 Reference value :  7.36002e-07
 Reference value :  7.47766e-07
 Reference value :  7.58970e-07
 Reference value :  7.71294e-07
 Reference value :  7.82063e-07
 Reference value :  7.93827e-07
 Reference value :  8.05591e-07
 Reference value :  8.17355e-07
 Reference value :  8.29680e-07
 Reference value :  8.40649e-07
 Reference value :  8.51853e-07
 Reference value :  8.64177e-07
 Reference value :  8.75941e-07
 Reference value :  8.86422e-07
 Reference value :  8.98490e-07
 Reference value :  9.10254e-07
 Reference value :  9.22578e-07
 Reference value :  9.34342e-07
 Reference value :  9.44713e-07
 Reference value :  9.57598e-07
 Reference value :  9.69362e-07
 Reference value :  9.81687e-07
 Reference value :  9.94011e-07
 Reference value :  1.00422e-06
 Reference value :  1.01654e-06
 Reference value :  1.02831e-06
 Reference value :  1.04007e-06
 Reference value :  1.05183e-06
 Reference value :  1.06281e-06
 Reference value :  1.07457e-06
 Reference value :  1.08634e-06
 Reference value :  1.09810e-06
 Reference value :  1.10802e-06
 Reference value :  1.11953e-06
 Reference value :  1.13129e-06
 Reference value :  1.14306e-06
 Reference value :  1.15482e-06
 Reference value :  1.16468e-06
 Reference value :  1.17751e-06
 Reference value :  1.18816e-06
 Reference value :  1.19992e-06
 Reference value :  1.21169e-06
 Reference value :  1.22245e-06
 Reference value :  1.23477e-06
 Reference value :  1.24654e-06
 Reference value :  1.25830e-06
 Reference value :  1.27007e-06
 Reference value :  1.28161e-06
 Reference value :  1.29337e-06
 Reference value :  1.30513e-06
 Reference value :  1.31690e-06
 Reference value :  1.32866e-06
 Reference value :  1.34001e-06
 Reference value :  1.35177e-06
 Reference value :  1.36354e-06
 Reference value :  1.37530e-06
 Reference value :  1.38583e-06
 Reference value :  1.39799e-06
 Reference value :  1.40975e-06
 Reference value :  1.42152e-06
 Reference value :  1.43272e-06
 Reference value :  1.44348e-06
 Reference value :  1.45581e-06
 Reference value :  1.46813e-06
 Reference value :  1.47989e-06
 Reference value :  1.49166e-06
 Reference value :  1.50321e-06
 Reference value :  1.51441e-06
 Reference value :  1.52617e-06
 Reference value :  1.53794e-06
 Reference value :  1.54914e-06
 Reference value :  1.55993e-06
 Reference value :  1.57169e-06
 Reference value :  1.58345e-06
 Reference value :  1.59578e-06
 Reference value :  1.60743e-06
 Reference value :  1.61959e-06
 Reference value :  1.63191e-06
 Reference value :  1.64424e-06
 Reference value :  1.65600e-06
 Reference value :  1.66619e-06
 Reference value :  1.67796e-06
 Reference value :  1.68972e-06
 Reference value :  1.70149e-06
 Reference value :  1.71381e-06
 Reference value :  1.72593e-06
 Reference value :  1.73769e-06
 Reference value :  1.75058e-06
 Reference value :  1.76178e-06
 Reference value :  1.77282e-06
 Reference value :  1.78489e-06
 Reference value :  1.79665e-06
 Reference value :  1.80898e-06
 Reference value :  1.82074e-06
 Reference value :  1.83166e-06
 Reference value :  1.84455e-06
 Reference value :  1.85631e-06
 Reference value :  1.86863e-06
 Reference value :  1.88040e-06
 Reference value :  1.89115e-06
 Reference value :  1.90347e-06
 Reference value :  1.91524e-06
 Reference value :  1.92756e-06
 Reference value :  1.93932e-06
 Reference value :  1.95090e-06
 Reference value :  1.96322e-06
 Reference value :  1.97499e-06
 Reference value :  1.98619e-06
 Reference value :  1.99640e-06
 Reference value :  2.00873e-06
 Reference value :  2.02105e-06
 Reference value :  2.03338e-06
 Reference value :  2.04570e-06
 Reference value :  2.05663e-06
 Reference value :  2.06895e-06
 Reference value :  2.08071e-06
 Reference value :  2.09248e-06
 Reference value :  2.10424e-06
 Reference value :  2.11498e-06
 Reference value :  2.12674e-06
 Reference value :  2.13851e-06
 Reference value :  2.15027e-06
 Reference value :  2.16139e-06
 Reference value :  2.17419e-06
 Reference value :  2.18595e-06
 Reference value :  2.19772e-06
 Reference value :  2.20948e-06
 Reference value :  2.22024e-06
 Reference value :  2.23257e-06
 Reference value :  2.24489e-06
 Reference value :  2.25666e-06
 Reference value :  2.26842e-06
 Reference value :  2.27935e-06
 Reference value :  2.29112e-06
 Reference value :  2.30344e-06
 Reference value :  2.31520e-06
 Reference value :  2.32680e-06
 Reference value :  2.33881e-06
 Reference value :  2.35113e-06
 Reference value :  2.36290e-06
 Reference value :  2.37466e-06
 Reference value :  2.38517e-06
 Reference value :  2.39805e-06
 Reference value :  2.40981e-06
 Reference value :  2.42102e-06
 Reference value :  2.43278e-06
 Reference value :  2.44295e-06
 Reference value :  2.45583e-06
 Reference value :  2.46704e-06
 Reference value :  2.47880e-06
 Reference value :  2.49112e-06
 Reference value :  2.50208e-06
 Reference value :  2.51385e-06
 Reference value :  2.52617e-06
 Reference value :  2.53794e-06
 Reference value :  2.54840e-06
 Reference value :  2.56039e-06
 Reference value :  2.57215e-06
 Reference value :  2.58448e-06
 Reference value :  2.59624e-06
 Reference value :  2.60739e-06
 Reference value :  2.61916e-06
 Reference value :  2.63092e-06
 Reference value :  2.64269e-06
 Reference value :  2.65445e-06
 Reference value :  2.66325e-06
 Reference value :  2.67558e-06
 Reference value :  2.68790e-06
 Reference value :  2.69967e-06
 Reference value :  2.71143e-06
 Reference value :  2.72249e-06
 Reference value :  2.73425e-06
 Reference value :  2.74658e-06
 Reference value :  2.75890e-06
 Reference value :  2.76994e-06
 Reference value :  2.78134e-06
 Reference value :  2.79311e-06
 Reference value :  2.80487e-06
 Reference value :  2.81664e-06
 Reference value :  2.82716e-06
 Reference value :  2.83948e-06
 Reference value :  2.85125e-06
 Reference value :  2.86301e-06
 Reference value :  2.87478e-06
 Reference value :  2.88507e-06
 Reference value :  2.89796e-06
 Reference value :  2.90972e-06
 Reference value :  2.92149e-06
 Reference value :  2.93325e-06
 Reference value :  2.94360e-06
 Reference value :  2.95536e-06
 Reference value :  2.96769e-06
 Reference value :  2.97945e-06
 Reference value :  2.99065e-06
 Reference value :  3.00124e-06
 Reference value :  3.01300e-06
 Reference value :  3.02421e-06
 Reference value :  3.03597e-06
 Reference value :  3.04772e-06
 Reference value :  3.05929e-06
 Reference value :  3.07106e-06
 Reference value :  3.08282e-06
 Reference value :  3.09459e-06
 Reference value :  3.10434e-06
 Reference value :  3.11667e-06
 Reference value :  3.12843e-06
 Reference value :  3.14076e-06
 Reference value :  3.15252e-06
 Reference value :  3.16355e-06
 Reference value :  3.17588e-06
 Reference value :  3.18764e-06
 Reference value :  3.19996e-06
 Reference value :  3.21173e-06
 Reference value :  3.22225e-06
 Reference value :  3.23402e-06
 Reference value :  3.24578e-06
 Reference value :  3.25755e-06
 Reference value :  3.26929e-06
 Reference value :  3.28138e-06
 Reference value :  3.29371e-06
 Reference value :  3.30547e-06
 Reference value :  3.31780e-06
 Reference value :  3.32755e-06
 Reference value :  3.33987e-06
 Reference value :  3.35164e-06
No. of Data Rows : 6052
vhold_min           =  1.31999e+00 at=  1.27726e-09
tfirst              =  2.20907e-07
t1                  =  2.05000e-06
t2                  =  2.16080e-06
t3                  =  2.27159e-06
t4                  =  2.38240e-06
t5                  =  2.49319e-06
t6                  =  2.60401e-06
t7                  =  2.71488e-06
t8                  =  2.82567e-06
t9                  =  2.93640e-06
t10                 =  3.04727e-06
t11                 =  3.15798e-06
t12                 =  3.26887e-06
idd_run             =  -2.21057e-05 from=  2.01700e-06 to=  3.36100e-06
vmax                =  1.34026e+00 at=  2.93706e-06
vmin                =  -4.04508e-02 at=  2.76994e-06
Note: Simulation executed from .control section 
Note: Starting dynamic gmin stepping
Note: Dynamic gmin stepping completed
Note: Starting dynamic gmin stepping
Note: Dynamic gmin stepping completed
