
Note: No compatibility mode selected!


Circuit: * stage delay at code 255

Doing analysis at TEMP = 27.000000 and TNOM = 27.000000

Using SPARSE 1.3 as Direct Linear Solver

Initial Transient Solution
--------------------------

Node                                   Voltage
----                                   -------
vpwr                                       1.2
code[0]                                    1.2
code[1]                                    1.2
code[2]                                    1.2
code[3]                                    1.2
code[4]                                    1.2
code[5]                                    1.2
code[6]                                    1.2
code[7]                                    1.2
vbp                                   0.439612
vbn                                   0.612326
a                                            0
xdrv.net1                                  1.2
b                                          1.2
xdrv.net2                          8.15624e-09
xdut.net1                                  1.2
y                                  9.78927e-08
xdut.net2                          8.28413e-08
xload.net1                                 1.2
z                                          1.2
xload.net2                         8.15625e-09
xload2.net1                                1.2
zz                                 6.44733e-08
xload2.net2                        5.54278e-08
vin#branch                         2.27478e-12
vc7#branch                        -1.93683e-08
vc6#branch                        -9.67348e-09
vc5#branch                        -4.82605e-09
vc4#branch                        -2.40234e-09
vc3#branch                        -1.19049e-09
vc2#branch                        -5.84559e-10
vc1#branch                        -2.81595e-10
vc0#branch                        -1.30113e-10
vdd#branch                        -0.000499771

 Reference value :  1.66503e-10
 Reference value :  1.14842e-09
 Reference value :  1.92497e-09
 Reference value :  2.77134e-09
 Reference value :  3.76530e-09
 Reference value :  4.68577e-09
 Reference value :  5.34540e-09
 Reference value :  6.32129e-09
 Reference value :  7.32127e-09
 Reference value :  8.04837e-09
 Reference value :  8.93992e-09
 Reference value :  9.93990e-09
 Reference value :  1.08062e-08
 Reference value :  1.15080e-08
 Reference value :  1.24959e-08
 Reference value :  1.34808e-08
 Reference value :  1.41688e-08
 Reference value :  1.50964e-08
 Reference value :  1.60904e-08
 Reference value :  1.69296e-08
 Reference value :  1.77217e-08
No. of Data Rows : 6046
tin_f               =  7.68191e-09
tout_r              =  7.82360e-09
tin_r               =  1.07212e-08
tout_f              =  1.08862e-08
tplh=1.41696E-10 tphl=1.6506E-10
t40r                =  7.80273e-09
t60r                =  7.84699e-09
t60f                =  1.08629e-08
t40f                =  1.09106e-08
sr_r=5.4225E+09 sr_f=-5.02934E+09
tr                  =  7.76269e-09
tr8                 =  7.92989e-09
tf                  =  1.08174e-08
tf2                 =  1.09752e-08
trise=1.67199E-10 tfall=1.5777E-10
Note: Simulation executed from .control section 
Note: Starting dynamic gmin stepping
Note: Dynamic gmin stepping completed
