
Note: No compatibility mode selected!


Circuit: * tt_analog_ring, code 16

Doing analysis at TEMP = 27.000000 and TNOM = 27.000000

Using SPARSE 1.3 as Direct Linear Solver
 Reference value :  0.00000e+00
No. of Data Rows : 1
idd_dis=5.28095E-05 vbp=0.740797 vbn=0.336767 clk_dis=1.2
Doing analysis at TEMP = 27.000000 and TNOM = 27.000000

Using SPARSE 1.3 as Direct Linear Solver

Initial Transient Solution
--------------------------

Node                                   Voltage
----                                   -------
vpwr                                       1.2
code[0]                                      0
code[1]                                      0
code[2]                                      0
code[3]                                      0
code[4]                                    1.2
code[5]                                      0
code[6]                                      0
code[7]                                      0
enable                                       0
xdut.vbp                              0.740797
xdut.vbn                              0.336767
xdut.n0                            5.67946e-07
xdut.p0                                    1.2
xdut.na0                               1.02927
xdut.s0                                    1.2
xdut.s10                                   1.2
xdut.n1                            1.75995e-06
xdut.p1                                    1.2
xdut.s1                            1.83768e-06
xdut.n2                              3.009e-07
xdut.p2                                    1.2
xdut.s2                                    1.2
xdut.n3                            1.75994e-06
xdut.p3                                    1.2
xdut.s3                            1.83767e-06
xdut.n4                              3.009e-07
xdut.p4                                    1.2
xdut.s4                                    1.2
xdut.n5                            1.75994e-06
xdut.p5                                    1.2
xdut.s5                            1.83767e-06
xdut.n6                              3.009e-07
xdut.p6                                    1.2
xdut.s6                                    1.2
xdut.n7                            1.75994e-06
xdut.p7                                    1.2
xdut.s7                            1.83767e-06
xdut.n8                              3.009e-07
xdut.p8                                    1.2
xdut.s8                                    1.2
xdut.n9                            1.75994e-06
xdut.p9                                    1.2
xdut.s9                            1.83767e-06
xdut.n10                             3.009e-07
xdut.p10                                   1.2
xdut.b1                            1.68045e-07
clk_out                                    1.2
ven#branch                         1.07322e-11
vc7#branch                         5.42776e-12
vc6#branch                         2.71388e-12
vc5#branch                         1.35694e-12
vc4#branch                        -4.79544e-09
vc3#branch                         3.39235e-13
vc2#branch                         1.69617e-13
vc1#branch                         8.48087e-14
vc0#branch                         4.24044e-14
vdd#branch                        -5.28095e-05

 Reference value :  0.00000e+00
 Reference value :  5.65230e-09
 Reference value :  1.26996e-08
 Reference value :  1.99276e-08
 Reference value :  2.69749e-08
 Reference value :  3.40222e-08
 Reference value :  4.10695e-08
 Reference value :  4.81168e-08
 Reference value :  5.42650e-08
 Reference value :  5.74082e-08
 Reference value :  6.10222e-08
 Reference value :  6.48169e-08
 Reference value :  6.84113e-08
 Reference value :  7.21238e-08
 Reference value :  7.59185e-08
 Reference value :  7.95325e-08
 Reference value :  8.33177e-08
 Reference value :  8.69317e-08
 Reference value :  9.05457e-08
 Reference value :  9.43404e-08
 Reference value :  9.78107e-08
 Reference value :  1.01425e-07
 Reference value :  1.05039e-07
 Reference value :  1.08820e-07
 Reference value :  1.12434e-07
 Reference value :  1.16229e-07
 Reference value :  1.20204e-07
 Reference value :  1.23298e-07
 Reference value :  1.26912e-07
 Reference value :  1.30706e-07
 Reference value :  1.34501e-07
 Reference value :  1.38115e-07
 Reference value :  1.41729e-07
 Reference value :  1.45343e-07
 Reference value :  1.48737e-07
 Reference value :  1.52531e-07
 Reference value :  1.56145e-07
 Reference value :  1.59940e-07
 Reference value :  1.63554e-07
 Reference value :  1.67168e-07
 Reference value :  1.70963e-07
 Reference value :  1.74507e-07
 Reference value :  1.77997e-07
 Reference value :  1.81791e-07
 Reference value :  1.85586e-07
 Reference value :  1.89183e-07
 Reference value :  1.93158e-07
 Reference value :  1.97134e-07
 Reference value :  2.00928e-07
 Reference value :  2.04413e-07
 Reference value :  2.08027e-07
 Reference value :  2.11821e-07
 Reference value :  2.15435e-07
 Reference value :  2.19049e-07
 Reference value :  2.22844e-07
 Reference value :  2.26639e-07
 Reference value :  2.30024e-07
 Reference value :  2.33638e-07
 Reference value :  2.37433e-07
 Reference value :  2.41047e-07
 Reference value :  2.44841e-07
 Reference value :  2.48817e-07
 Reference value :  2.52611e-07
 Reference value :  2.55813e-07
 Reference value :  2.59608e-07
 Reference value :  2.63222e-07
 Reference value :  2.67016e-07
 Reference value :  2.70811e-07
 Reference value :  2.74606e-07
 Reference value :  2.78220e-07
 Reference value :  2.81421e-07
 Reference value :  2.85216e-07
 Reference value :  2.89010e-07
 Reference value :  2.92805e-07
 Reference value :  2.96238e-07
 Reference value :  2.99852e-07
 Reference value :  3.03647e-07
 Reference value :  3.07145e-07
 Reference value :  3.10643e-07
 Reference value :  3.14257e-07
 Reference value :  3.17871e-07
 Reference value :  3.21304e-07
 Reference value :  3.25099e-07
 Reference value :  3.28713e-07
 Reference value :  3.32508e-07
 Reference value :  3.35528e-07
 Reference value :  3.39142e-07
 Reference value :  3.42756e-07
 Reference value :  3.46551e-07
 Reference value :  3.50165e-07
 Reference value :  3.53959e-07
 Reference value :  3.57573e-07
 Reference value :  3.60775e-07
 Reference value :  3.64569e-07
 Reference value :  3.68364e-07
 Reference value :  3.72159e-07
 Reference value :  3.75773e-07
 Reference value :  3.79568e-07
 Reference value :  3.83362e-07
 Reference value :  3.86795e-07
 Reference value :  3.90358e-07
 Reference value :  3.93972e-07
 Reference value :  3.97767e-07
 Reference value :  4.01562e-07
 Reference value :  4.05357e-07
 Reference value :  4.08971e-07
 Reference value :  4.12946e-07
 Reference value :  4.16330e-07
 Reference value :  4.20125e-07
 Reference value :  4.23920e-07
 Reference value :  4.27714e-07
 Reference value :  4.31328e-07
 Reference value :  4.34942e-07
 Reference value :  4.38918e-07
 Reference value :  4.42126e-07
 Reference value :  4.45920e-07
 Reference value :  4.49715e-07
 Reference value :  4.53329e-07
 Reference value :  4.56943e-07
 Reference value :  4.60738e-07
 Reference value :  4.64533e-07
 Reference value :  4.67934e-07
 Reference value :  4.71728e-07
 Reference value :  4.75523e-07
 Reference value :  4.79318e-07
 Reference value :  4.83113e-07
 Reference value :  4.86907e-07
 Reference value :  4.90702e-07
 Reference value :  4.94150e-07
 Reference value :  4.97944e-07
 Reference value :  5.01739e-07
 Reference value :  5.05714e-07
 Reference value :  5.09112e-07
 Reference value :  5.12906e-07
 Reference value :  5.16520e-07
 Reference value :  5.20016e-07
 Reference value :  5.23630e-07
 Reference value :  5.27425e-07
 Reference value :  5.31219e-07
 Reference value :  5.34833e-07
 Reference value :  5.38628e-07
 Reference value :  5.42242e-07
 Reference value :  5.45730e-07
 Reference value :  5.49239e-07
 Reference value :  5.52853e-07
 Reference value :  5.56647e-07
 Reference value :  5.60261e-07
 Reference value :  5.63875e-07
 Reference value :  5.67489e-07
 Reference value :  5.71465e-07
 Reference value :  5.74672e-07
 Reference value :  5.78467e-07
 Reference value :  5.82081e-07
 Reference value :  5.85695e-07
 Reference value :  5.89309e-07
 Reference value :  5.92923e-07
 Reference value :  5.96718e-07
 Reference value :  5.99940e-07
 Reference value :  6.03735e-07
 Reference value :  6.07530e-07
 Reference value :  6.11144e-07
 Reference value :  6.14932e-07
 Reference value :  6.18546e-07
 Reference value :  6.22341e-07
 Reference value :  6.25808e-07
 Reference value :  6.29603e-07
 Reference value :  6.33397e-07
 Reference value :  6.37192e-07
 Reference value :  6.40791e-07
 Reference value :  6.44405e-07
 Reference value :  6.48199e-07
 Reference value :  6.51608e-07
 Reference value :  6.54937e-07
 Reference value :  6.58731e-07
 Reference value :  6.62526e-07
 Reference value :  6.66140e-07
 Reference value :  6.69935e-07
 Reference value :  6.73549e-07
 Reference value :  6.77344e-07
 Reference value :  6.80602e-07
 Reference value :  6.84396e-07
 Reference value :  6.88191e-07
 Reference value :  6.91769e-07
 Reference value :  6.95563e-07
 Reference value :  6.99358e-07
 Reference value :  7.03153e-07
 Reference value :  7.06639e-07
 Reference value :  7.10253e-07
 Reference value :  7.14048e-07
 Reference value :  7.17842e-07
 Reference value :  7.21456e-07
 Reference value :  7.25251e-07
 Reference value :  7.28865e-07
 Reference value :  7.32240e-07
 Reference value :  7.36035e-07
 Reference value :  7.39829e-07
 Reference value :  7.43624e-07
 Reference value :  7.47057e-07
 Reference value :  7.50671e-07
 Reference value :  7.54285e-07
 Reference value :  7.57782e-07
 Reference value :  7.61275e-07
 Reference value :  7.65070e-07
 Reference value :  7.68684e-07
 Reference value :  7.72298e-07
 Reference value :  7.76093e-07
 Reference value :  7.79887e-07
 Reference value :  7.83682e-07
 Reference value :  7.87064e-07
 Reference value :  7.90858e-07
 Reference value :  7.94653e-07
 Reference value :  7.98086e-07
 Reference value :  8.01881e-07
 Reference value :  8.05856e-07
 Reference value :  8.09651e-07
 Reference value :  8.12672e-07
 Reference value :  8.16286e-07
 Reference value :  8.20080e-07
 Reference value :  8.23694e-07
 Reference value :  8.27308e-07
 Reference value :  8.31103e-07
 Reference value :  8.34717e-07
 Reference value :  8.37918e-07
 Reference value :  8.41713e-07
 Reference value :  8.45508e-07
 Reference value :  8.49122e-07
 Reference value :  8.52555e-07
 Reference value :  8.56350e-07
 Reference value :  8.60145e-07
 Reference value :  8.63705e-07
 Reference value :  8.67141e-07
 Reference value :  8.70574e-07
 Reference value :  8.74549e-07
 Reference value :  8.78163e-07
 Reference value :  8.82139e-07
 Reference value :  8.85933e-07
 Reference value :  8.89547e-07
 Reference value :  8.92748e-07
 Reference value :  8.96543e-07
 Reference value :  9.00157e-07
 Reference value :  9.03952e-07
 Reference value :  9.07746e-07
 Reference value :  9.11722e-07
 Reference value :  9.15697e-07
 Reference value :  9.18898e-07
 Reference value :  9.22512e-07
 Reference value :  9.26307e-07
 Reference value :  9.30102e-07
 Reference value :  9.33716e-07
 Reference value :  9.37510e-07
 Reference value :  9.41124e-07
 Reference value :  9.44506e-07
 Reference value :  9.48301e-07
 Reference value :  9.52095e-07
 Reference value :  9.55890e-07
 Reference value :  9.59504e-07
 Reference value :  9.63299e-07
 Reference value :  9.66913e-07
 Reference value :  9.70295e-07
 Reference value :  9.74089e-07
 Reference value :  9.77703e-07
 Reference value :  9.81498e-07
 Reference value :  9.85112e-07
 Reference value :  9.88907e-07
 Reference value :  9.92521e-07
 Reference value :  9.96260e-07
 Reference value :  9.99697e-07
 Reference value :  1.00349e-06
 Reference value :  1.00729e-06
 Reference value :  1.01090e-06
 Reference value :  1.01451e-06
 Reference value :  1.01813e-06
 Reference value :  1.02210e-06
 Reference value :  1.02531e-06
 Reference value :  1.02910e-06
 Reference value :  1.03271e-06
 Reference value :  1.03633e-06
 Reference value :  1.04012e-06
 Reference value :  1.04374e-06
 Reference value :  1.04753e-06
 Reference value :  1.05073e-06
 Reference value :  1.05453e-06
 Reference value :  1.05832e-06
 Reference value :  1.06212e-06
 Reference value :  1.06573e-06
 Reference value :  1.06953e-06
 Reference value :  1.07314e-06
 Reference value :  1.07671e-06
 Reference value :  1.08050e-06
No. of Data Rows : 6060
vhold_min           =  1.20000e+00 at=  1.15648e-10
tfirst              =  6.82144e-08
t1                  =  6.64821e-07
t2                  =  6.91334e-07
t3                  =  7.17848e-07
t4                  =  7.44359e-07
t5                  =  7.70869e-07
t6                  =  7.97379e-07
t7                  =  8.23890e-07
t8                  =  8.50400e-07
t9                  =  8.76909e-07
t10                 =  9.03419e-07
t11                 =  9.29928e-07
t12                 =  9.56437e-07
idd_run             =  -5.62468e-05 from=  6.50400e-07 to=  1.08400e-06
vmax                =  1.22326e+00 at=  6.91603e-07
vmin                =  -2.74106e-02 at=  1.07579e-06
Note: Simulation executed from .control section 
Note: Starting dynamic gmin stepping
Note: Dynamic gmin stepping completed
Note: Starting dynamic gmin stepping
Note: Dynamic gmin stepping completed
