
Note: Compatibility modes selected: hs a


Circuit: * tt_analog_ring, code 0

Doing analysis at TEMP = 27.000000 and TNOM = 27.000000

Using SPARSE 1.3 as Direct Linear Solver
 Reference value :  0.00000e+00
No. of Data Rows : 1
idd_dis=5.68322E-06 vbp=0.856122 vbn=0.255218 clk_dis=1.2
Doing analysis at TEMP = 27.000000 and TNOM = 27.000000

Using SPARSE 1.3 as Direct Linear Solver

Initial Transient Solution
--------------------------

Node                                   Voltage
----                                   -------
vpwr                                       1.2
code[0]                                      0
code[1]                                      0
code[2]                                      0
code[3]                                      0
code[4]                                      0
code[5]                                      0
code[6]                                      0
code[7]                                      0
enable                                       0
xdut.vbp                              0.856122
clk_out                                    1.2
xdut.b1                            1.34437e-07
xdut.s3                            1.45269e-05
xdut.s2                                1.19999
xdut.n_126                             1.19999
xdut.s1                            1.63058e-05
xdut.n_125                             1.19999
xdut.s10                                   1.2
xdut.s6                                1.19999
xdut.s5                            1.29319e-05
xdut.n_128                             1.19999
xdut.s9                              1.098e-05
xdut.n_133                                 1.2
xdut.s4                                    1.2
xdut.n_129                             1.19999
xdut.s8                                1.19999
xdut.n_132                             1.19999
xdut.s7                            1.43412e-05
xdut.n_130                             1.19999
xdut.n_127                                 1.2
xdut.n_131                             1.19999
xdut.s0                                1.19999
xdut.n_124                             1.19999
xdut.n_71                          1.61953e-05
xdut.n_72                          1.42559e-05
xdut.n_70                          2.58553e-06
xdut.n_77                          1.44245e-05
xdut.n_75                          1.60556e-06
xdut.n_73                          8.62534e-07
xdut.n_67                          5.41521e-07
xdut.n_76                          1.26081e-06
xdut.n_69                          1.09007e-05
xdut.n_74                          1.28385e-05
xdut.n_122                             1.19999
xdut.n_i1005                           1.01246
xdut.n_68                           5.9658e-06
xdut.vbn                              0.255218
ven#branch                         7.24412e-12
vc7#branch                         6.46411e-12
vc6#branch                         3.23759e-12
vc5#branch                         1.60899e-12
vc4#branch                         8.10329e-13
vc3#branch                         4.02851e-13
vc2#branch                         2.01956e-13
vc1#branch                           1.013e-13
vc0#branch                         4.94729e-14
vdd#branch                        -5.68322e-06

 Reference value :  0.00000e+00
 Reference value :  1.13271e-07
 Reference value :  2.60649e-07
 Reference value :  4.04518e-07
 Reference value :  5.48387e-07
 Reference value :  6.92256e-07
 Reference value :  8.36125e-07
 Reference value :  9.79994e-07
 Reference value :  1.05489e-06
 Reference value :  1.11633e-06
 Reference value :  1.17598e-06
 Reference value :  1.23213e-06
 Reference value :  1.28726e-06
 Reference value :  1.35217e-06
 Reference value :  1.41533e-06
 Reference value :  1.48200e-06
 Reference value :  1.56271e-06
 Reference value :  1.62289e-06
 Reference value :  1.68605e-06
 Reference value :  1.74570e-06
 Reference value :  1.81237e-06
 Reference value :  1.88101e-06
 Reference value :  1.94768e-06
 Reference value :  2.01435e-06
 Reference value :  2.09155e-06
 Reference value :  2.15867e-06
 Reference value :  2.22534e-06
 Reference value :  2.29201e-06
 Reference value :  2.36157e-06
 Reference value :  2.43525e-06
 Reference value :  2.50193e-06
 Reference value :  2.56860e-06
 Reference value :  2.63179e-06
 Reference value :  2.69145e-06
 Reference value :  2.74759e-06
 Reference value :  2.80724e-06
 Reference value :  2.86558e-06
 Reference value :  2.92973e-06
 Reference value :  2.99290e-06
 Reference value :  3.05255e-06
 Reference value :  3.11571e-06
 Reference value :  3.17810e-06
 Reference value :  3.24477e-06
 Reference value :  3.30794e-06
 Reference value :  3.38513e-06
 Reference value :  3.44725e-06
 Reference value :  3.51392e-06
 Reference value :  3.58410e-06
 Reference value :  3.66130e-06
 Reference value :  3.72107e-06
 Reference value :  3.78423e-06
 Reference value :  3.84388e-06
 Reference value :  3.91406e-06
 Reference value :  3.97795e-06
 Reference value :  4.04813e-06
 Reference value :  4.11480e-06
 Reference value :  4.19551e-06
 Reference value :  4.25778e-06
 Reference value :  4.32445e-06
 Reference value :  4.39112e-06
 Reference value :  4.45328e-06
 Reference value :  4.51995e-06
 Reference value :  4.58311e-06
 Reference value :  4.64627e-06
 Reference value :  4.71996e-06
 Reference value :  4.77126e-06
 Reference value :  4.83442e-06
 Reference value :  4.89408e-06
 Reference value :  4.95724e-06
 Reference value :  5.01340e-06
 Reference value :  5.07306e-06
 Reference value :  5.13271e-06
 Reference value :  5.19587e-06
 Reference value :  5.25797e-06
 Reference value :  5.32464e-06
 Reference value :  5.38780e-06
 Reference value :  5.44745e-06
 Reference value :  5.50378e-06
 Reference value :  5.57045e-06
 Reference value :  5.63361e-06
 Reference value :  5.69678e-06
 Reference value :  5.76696e-06
 Reference value :  5.82190e-06
 Reference value :  5.88506e-06
 Reference value :  5.94120e-06
 Reference value :  6.00788e-06
 Reference value :  6.06756e-06
 Reference value :  6.13072e-06
 Reference value :  6.19739e-06
 Reference value :  6.26055e-06
 Reference value :  6.31202e-06
 Reference value :  6.37518e-06
 Reference value :  6.43483e-06
 Reference value :  6.49449e-06
 Reference value :  6.55124e-06
 Reference value :  6.61343e-06
 Reference value :  6.67659e-06
 Reference value :  6.73625e-06
 Reference value :  6.80292e-06
 Reference value :  6.86936e-06
 Reference value :  6.92550e-06
 Reference value :  6.98515e-06
 Reference value :  7.05533e-06
 Reference value :  7.12209e-06
 Reference value :  7.18876e-06
 Reference value :  7.25544e-06
 Reference value :  7.32562e-06
 Reference value :  7.39202e-06
 Reference value :  7.45167e-06
 Reference value :  7.50781e-06
 Reference value :  7.57098e-06
 Reference value :  7.63271e-06
 Reference value :  7.69938e-06
 Reference value :  7.76254e-06
 Reference value :  7.82570e-06
 Reference value :  7.88636e-06
 Reference value :  7.94541e-06
 Reference value :  8.00155e-06
 Reference value :  8.05770e-06
 Reference value :  8.12086e-06
 Reference value :  8.17998e-06
 Reference value :  8.23963e-06
 Reference value :  8.30279e-06
 Reference value :  8.37297e-06
 Reference value :  8.43887e-06
 Reference value :  8.50905e-06
 Reference value :  8.57221e-06
 Reference value :  8.64590e-06
 Reference value :  8.70884e-06
 Reference value :  8.77902e-06
 Reference value :  8.84920e-06
 Reference value :  8.93297e-06
 Reference value :  8.99948e-06
 Reference value :  9.06264e-06
 Reference value :  9.12580e-06
 Reference value :  9.19231e-06
 Reference value :  9.25547e-06
 Reference value :  9.31513e-06
 Reference value :  9.38180e-06
 Reference value :  9.45856e-06
 Reference value :  9.51794e-06
 Reference value :  9.58461e-06
 Reference value :  9.64777e-06
 Reference value :  9.71113e-06
 Reference value :  9.77780e-06
 Reference value :  9.84096e-06
 Reference value :  9.90412e-06
 Reference value :  9.97781e-06
 Reference value :  1.00298e-05
 Reference value :  1.00930e-05
 Reference value :  1.01561e-05
 Reference value :  1.02263e-05
 Reference value :  1.02901e-05
 Reference value :  1.03532e-05
 Reference value :  1.04164e-05
 Reference value :  1.04830e-05
 Reference value :  1.05467e-05
 Reference value :  1.06064e-05
 Reference value :  1.06590e-05
 Reference value :  1.07187e-05
 Reference value :  1.07737e-05
 Reference value :  1.08404e-05
 Reference value :  1.09000e-05
 Reference value :  1.09667e-05
 Reference value :  1.10364e-05
 Reference value :  1.10885e-05
 Reference value :  1.11482e-05
 Reference value :  1.12043e-05
 Reference value :  1.12640e-05
 Reference value :  1.13086e-05
 Reference value :  1.13683e-05
 Reference value :  1.14244e-05
 Reference value :  1.14841e-05
 Reference value :  1.15542e-05
 Reference value :  1.16070e-05
 Reference value :  1.16702e-05
 Reference value :  1.17474e-05
 Reference value :  1.18136e-05
 Reference value :  1.18838e-05
 Reference value :  1.19504e-05
 Reference value :  1.20206e-05
 Reference value :  1.20904e-05
 Reference value :  1.21530e-05
 Reference value :  1.22161e-05
 Reference value :  1.22863e-05
 Reference value :  1.23496e-05
 Reference value :  1.24233e-05
 Reference value :  1.24900e-05
 Reference value :  1.25567e-05
 Reference value :  1.26221e-05
 Reference value :  1.26923e-05
 Reference value :  1.27589e-05
 Reference value :  1.28256e-05
 Reference value :  1.28959e-05
 Reference value :  1.29626e-05
 Reference value :  1.30328e-05
 Reference value :  1.31030e-05
 Reference value :  1.31613e-05
 Reference value :  1.32280e-05
 Reference value :  1.32911e-05
 Reference value :  1.33508e-05
 Reference value :  1.34113e-05
 Reference value :  1.34710e-05
 Reference value :  1.35307e-05
 Reference value :  1.35938e-05
 Reference value :  1.36701e-05
 Reference value :  1.37390e-05
 Reference value :  1.38057e-05
 Reference value :  1.38724e-05
 Reference value :  1.39386e-05
 Reference value :  1.40193e-05
 Reference value :  1.40860e-05
 Reference value :  1.41562e-05
 Reference value :  1.42185e-05
 Reference value :  1.42851e-05
 Reference value :  1.43483e-05
 Reference value :  1.44220e-05
 Reference value :  1.44850e-05
 Reference value :  1.45516e-05
 Reference value :  1.46183e-05
 Reference value :  1.46885e-05
 Reference value :  1.47510e-05
 Reference value :  1.48177e-05
 Reference value :  1.48738e-05
 Reference value :  1.49440e-05
 Reference value :  1.50001e-05
 Reference value :  1.50633e-05
 Reference value :  1.51229e-05
 Reference value :  1.51861e-05
 Reference value :  1.52473e-05
 Reference value :  1.53080e-05
 Reference value :  1.53677e-05
 Reference value :  1.54273e-05
 Reference value :  1.54893e-05
 Reference value :  1.55544e-05
 Reference value :  1.56211e-05
 Reference value :  1.56843e-05
 Reference value :  1.57545e-05
 Reference value :  1.58145e-05
 Reference value :  1.58742e-05
 Reference value :  1.59268e-05
 Reference value :  1.59900e-05
 Reference value :  1.60381e-05
 Reference value :  1.61012e-05
 Reference value :  1.61644e-05
 Reference value :  1.62275e-05
 Reference value :  1.62942e-05
 Reference value :  1.63493e-05
 Reference value :  1.64160e-05
 Reference value :  1.64792e-05
 Reference value :  1.65420e-05
 Reference value :  1.66048e-05
 Reference value :  1.66715e-05
 Reference value :  1.67382e-05
 Reference value :  1.68154e-05
 Reference value :  1.68800e-05
 Reference value :  1.69466e-05
 Reference value :  1.70098e-05
 Reference value :  1.70773e-05
 Reference value :  1.71510e-05
 Reference value :  1.72176e-05
 Reference value :  1.72843e-05
 Reference value :  1.73525e-05
 Reference value :  1.74201e-05
 Reference value :  1.74832e-05
 Reference value :  1.75464e-05
 Reference value :  1.76084e-05
 Reference value :  1.76821e-05
 Reference value :  1.77453e-05
 Reference value :  1.78155e-05
 Reference value :  1.78791e-05
 Reference value :  1.79471e-05
 Reference value :  1.80208e-05
 Reference value :  1.80944e-05
 Reference value :  1.81578e-05
 Reference value :  1.82245e-05
 Reference value :  1.82912e-05
 Reference value :  1.83614e-05
 Reference value :  1.84266e-05
 Reference value :  1.84968e-05
 Reference value :  1.85600e-05
 Reference value :  1.86337e-05
 Reference value :  1.86970e-05
 Reference value :  1.87672e-05
 Reference value :  1.88374e-05
 Reference value :  1.89111e-05
 Reference value :  1.89731e-05
 Reference value :  1.90398e-05
 Reference value :  1.91029e-05
 Reference value :  1.91719e-05
 Reference value :  1.92611e-05
 Reference value :  1.93348e-05
 Reference value :  1.94049e-05
 Reference value :  1.94669e-05
 Reference value :  1.95335e-05
 Reference value :  1.96002e-05
 Reference value :  1.96669e-05
 Reference value :  1.97341e-05
 Reference value :  1.97938e-05
 Reference value :  1.98499e-05
 Reference value :  1.99096e-05
 Reference value :  1.99798e-05
 Reference value :  2.00376e-05
 Reference value :  2.00972e-05
 Reference value :  2.01534e-05
 Reference value :  2.02166e-05
 Reference value :  2.02725e-05
 Reference value :  2.03356e-05
 Reference value :  2.03988e-05
 Reference value :  2.04619e-05
 Reference value :  2.05207e-05
 Reference value :  2.05838e-05
 Reference value :  2.06435e-05
 Reference value :  2.07031e-05
 Reference value :  2.07661e-05
 Reference value :  2.08363e-05
 Reference value :  2.09030e-05
 Reference value :  2.09767e-05
 Reference value :  2.10462e-05
No. of Data Rows : 6099
vhold_min           =  1.20000e+00 at=  1.85275e-08
tfirst              =  1.28301e-06
t1                  =  1.31398e-05
t2                  =  1.36659e-05
t3                  =  1.41928e-05
t4                  =  1.47182e-05
t5                  =  1.52440e-05
t6                  =  1.57703e-05
t7                  =  1.62961e-05
t8                  =  1.68232e-05
t9                  =  1.73490e-05
t10                 =  1.78749e-05
t11                 =  1.84013e-05
t12                 =  1.89267e-05
idd_run             =  -6.40843e-06 from=  1.26300e-05 to=  2.10500e-05
vmax                =  1.21280e+00 at=  1.36701e-05
vmin                =  -9.44210e-03 at=  1.70685e-05
Note: Simulation executed from .control section 
Warning: m=xx on .subckt line will override multiplier m hierarchy!

Note: Starting dynamic gmin stepping
Note: Dynamic gmin stepping completed
Note: Starting dynamic gmin stepping
Note: Dynamic gmin stepping completed
