
Note: No compatibility mode selected!


Circuit: * tt_analog_ring, code 127

Doing analysis at TEMP = 27.000000 and TNOM = 27.000000

Using SPARSE 1.3 as Direct Linear Solver
 Reference value :  0.00000e+00
No. of Data Rows : 1
idd_dis=0.000326588 vbp=0.55895 vbn=0.484061 clk_dis=1.2
Doing analysis at TEMP = 27.000000 and TNOM = 27.000000

Using SPARSE 1.3 as Direct Linear Solver

Initial Transient Solution
--------------------------

Node                                   Voltage
----                                   -------
vpwr                                       1.2
code[0]                                    1.2
code[1]                                    1.2
code[2]                                    1.2
code[3]                                    1.2
code[4]                                    1.2
code[5]                                    1.2
code[6]                                    1.2
code[7]                                      0
enable                                       0
xdut.vbp                               0.55895
xdut.vbn                              0.484061
xdut.n0                            3.51328e-07
xdut.p0                                    1.2
xdut.na0                              0.995862
xdut.s0                                    1.2
xdut.s10                                   1.2
xdut.n1                             6.0201e-07
xdut.p1                                    1.2
xdut.s1                            6.87641e-07
xdut.n2                            6.86829e-08
xdut.p2                                    1.2
xdut.s2                                    1.2
xdut.n3                            6.06737e-07
xdut.p3                                    1.2
xdut.s3                              6.933e-07
xdut.n4                            1.19018e-07
xdut.p4                                    1.2
xdut.s4                                    1.2
xdut.n5                            7.43022e-07
xdut.p5                                    1.2
xdut.s5                            8.52164e-07
xdut.n6                            6.44076e-08
xdut.p6                                    1.2
xdut.s6                                    1.2
xdut.n7                             5.0436e-07
xdut.p7                                    1.2
xdut.s7                            5.73375e-07
xdut.n8                             3.6181e-08
xdut.p8                                    1.2
xdut.s8                                    1.2
xdut.n9                            5.77766e-07
xdut.p9                                    1.2
xdut.s9                              6.621e-07
xdut.n10                           4.64819e-08
xdut.p10                                   1.2
xdut.b1                            1.70983e-07
clk_out                                    1.2
ven#branch                         7.64871e-12
vc7#branch                         1.73931e-12
vc6#branch                        -2.92073e-08
vc5#branch                        -1.46178e-08
vc4#branch                        -7.30179e-09
vc3#branch                         -3.6815e-09
vc2#branch                        -1.80769e-09
vc1#branch                        -8.96094e-10
vc0#branch                        -4.59947e-10
vdd#branch                        -0.000326588

 Reference value :  0.00000e+00
 Reference value :  9.69993e-10
 Reference value :  2.14837e-09
 Reference value :  3.38877e-09
 Reference value :  4.56715e-09
 Reference value :  5.74553e-09
 Reference value :  6.98593e-09
 Reference value :  8.25734e-09
 Reference value :  9.34851e-09
 Reference value :  1.00067e-08
 Reference value :  1.06579e-08
 Reference value :  1.13401e-08
 Reference value :  1.20223e-08
 Reference value :  1.27356e-08
 Reference value :  1.34178e-08
 Reference value :  1.41000e-08
 Reference value :  1.47822e-08
 Reference value :  1.54334e-08
 Reference value :  1.61157e-08
 Reference value :  1.67669e-08
 Reference value :  1.75111e-08
 Reference value :  1.81623e-08
 Reference value :  1.88135e-08
 Reference value :  1.94647e-08
 Reference value :  2.01160e-08
 Reference value :  2.07672e-08
 Reference value :  2.14184e-08
 Reference value :  2.21006e-08
 Reference value :  2.27828e-08
 Reference value :  2.34650e-08
 Reference value :  2.41162e-08
 Reference value :  2.47985e-08
 Reference value :  2.54497e-08
 Reference value :  2.60699e-08
 Reference value :  2.67521e-08
 Reference value :  2.74963e-08
 Reference value :  2.81786e-08
 Reference value :  2.87988e-08
 Reference value :  2.94810e-08
 Reference value :  3.01632e-08
 Reference value :  3.08454e-08
 Reference value :  3.15276e-08
 Reference value :  3.22409e-08
 Reference value :  3.29541e-08
 Reference value :  3.36363e-08
 Reference value :  3.42875e-08
 Reference value :  3.50008e-08
 Reference value :  3.56520e-08
 Reference value :  3.63032e-08
 Reference value :  3.69854e-08
 Reference value :  3.77296e-08
 Reference value :  3.83808e-08
 Reference value :  3.90321e-08
 Reference value :  3.96833e-08
 Reference value :  4.03655e-08
 Reference value :  4.10167e-08
 Reference value :  4.16989e-08
 Reference value :  4.24121e-08
 Reference value :  4.31254e-08
 Reference value :  4.37766e-08
 Reference value :  4.44278e-08
 Reference value :  4.51410e-08
 Reference value :  4.57922e-08
 Reference value :  4.64434e-08
 Reference value :  4.71257e-08
 Reference value :  4.78699e-08
 Reference value :  4.85211e-08
 Reference value :  4.92033e-08
 Reference value :  4.98545e-08
 Reference value :  5.05368e-08
 Reference value :  5.11880e-08
 Reference value :  5.18392e-08
 Reference value :  5.25524e-08
 Reference value :  5.32036e-08
 Reference value :  5.38858e-08
 Reference value :  5.45371e-08
 Reference value :  5.52503e-08
 Reference value :  5.58705e-08
 Reference value :  5.65217e-08
 Reference value :  5.72039e-08
 Reference value :  5.79792e-08
 Reference value :  5.86614e-08
 Reference value :  5.93436e-08
 Reference value :  6.00258e-08
 Reference value :  6.07391e-08
 Reference value :  6.13903e-08
 Reference value :  6.20725e-08
 Reference value :  6.27857e-08
 Reference value :  6.34679e-08
 Reference value :  6.41191e-08
 Reference value :  6.47704e-08
 Reference value :  6.55146e-08
 Reference value :  6.61658e-08
 Reference value :  6.68480e-08
 Reference value :  6.75302e-08
 Reference value :  6.82745e-08
 Reference value :  6.88947e-08
 Reference value :  6.95459e-08
 Reference value :  7.02281e-08
 Reference value :  7.09103e-08
 Reference value :  7.15615e-08
 Reference value :  7.22748e-08
 Reference value :  7.30190e-08
 Reference value :  7.36702e-08
 Reference value :  7.43214e-08
 Reference value :  7.50037e-08
 Reference value :  7.57169e-08
 Reference value :  7.63991e-08
 Reference value :  7.70503e-08
 Reference value :  7.77635e-08
 Reference value :  7.84768e-08
 Reference value :  7.91590e-08
 Reference value :  7.97792e-08
 Reference value :  8.04924e-08
 Reference value :  8.11436e-08
 Reference value :  8.18259e-08
 Reference value :  8.24771e-08
 Reference value :  8.32523e-08
 Reference value :  8.39345e-08
 Reference value :  8.46478e-08
 Reference value :  8.53300e-08
 Reference value :  8.60122e-08
 Reference value :  8.66634e-08
 Reference value :  8.73456e-08
 Reference value :  8.80899e-08
 Reference value :  8.87721e-08
 Reference value :  8.94233e-08
 Reference value :  9.00745e-08
 Reference value :  9.07877e-08
 Reference value :  9.14390e-08
 Reference value :  9.20902e-08
 Reference value :  9.27104e-08
 Reference value :  9.34856e-08
 Reference value :  9.41368e-08
 Reference value :  9.48190e-08
 Reference value :  9.54703e-08
 Reference value :  9.61215e-08
 Reference value :  9.67727e-08
 Reference value :  9.74239e-08
 Reference value :  9.81371e-08
 Reference value :  9.88193e-08
 Reference value :  9.95016e-08
 Reference value :  1.00153e-07
 Reference value :  1.00835e-07
 Reference value :  1.01486e-07
 Reference value :  1.02168e-07
 Reference value :  1.02820e-07
 Reference value :  1.03533e-07
 Reference value :  1.04215e-07
 Reference value :  1.04897e-07
 Reference value :  1.05549e-07
 Reference value :  1.06231e-07
 Reference value :  1.06851e-07
 Reference value :  1.07533e-07
 Reference value :  1.08246e-07
 Reference value :  1.08898e-07
 Reference value :  1.09580e-07
 Reference value :  1.10231e-07
 Reference value :  1.10944e-07
 Reference value :  1.11564e-07
 Reference value :  1.12247e-07
 Reference value :  1.12867e-07
 Reference value :  1.13611e-07
 Reference value :  1.14262e-07
 Reference value :  1.14914e-07
 Reference value :  1.15565e-07
 Reference value :  1.16216e-07
 Reference value :  1.16867e-07
 Reference value :  1.17518e-07
 Reference value :  1.18201e-07
 Reference value :  1.18883e-07
 Reference value :  1.19534e-07
 Reference value :  1.20185e-07
 Reference value :  1.20867e-07
 Reference value :  1.21519e-07
 Reference value :  1.22201e-07
 Reference value :  1.22852e-07
 Reference value :  1.23596e-07
 Reference value :  1.24248e-07
 Reference value :  1.24899e-07
 Reference value :  1.25581e-07
 Reference value :  1.26263e-07
 Reference value :  1.26945e-07
 Reference value :  1.27597e-07
 Reference value :  1.28310e-07
 Reference value :  1.29054e-07
 Reference value :  1.29736e-07
 Reference value :  1.30388e-07
 Reference value :  1.31070e-07
 Reference value :  1.31721e-07
 Reference value :  1.32403e-07
 Reference value :  1.33023e-07
 Reference value :  1.33799e-07
 Reference value :  1.34450e-07
 Reference value :  1.35070e-07
 Reference value :  1.35721e-07
 Reference value :  1.36403e-07
 Reference value :  1.37055e-07
 Reference value :  1.37706e-07
 Reference value :  1.38388e-07
 Reference value :  1.39101e-07
 Reference value :  1.39784e-07
 Reference value :  1.40404e-07
 Reference value :  1.41086e-07
 Reference value :  1.41737e-07
 Reference value :  1.42388e-07
 Reference value :  1.43040e-07
 Reference value :  1.43784e-07
 Reference value :  1.44466e-07
 Reference value :  1.45117e-07
 Reference value :  1.45799e-07
 Reference value :  1.46482e-07
 Reference value :  1.47133e-07
 Reference value :  1.47784e-07
 Reference value :  1.48466e-07
 Reference value :  1.49180e-07
 Reference value :  1.49831e-07
 Reference value :  1.50513e-07
 Reference value :  1.51195e-07
 Reference value :  1.51846e-07
 Reference value :  1.52467e-07
 Reference value :  1.53118e-07
 Reference value :  1.53831e-07
 Reference value :  1.54513e-07
 Reference value :  1.55165e-07
 Reference value :  1.55785e-07
 Reference value :  1.56467e-07
 Reference value :  1.57118e-07
 Reference value :  1.57831e-07
 Reference value :  1.58514e-07
 Reference value :  1.59258e-07
 Reference value :  1.59909e-07
 Reference value :  1.60560e-07
 Reference value :  1.61273e-07
 Reference value :  1.61956e-07
 Reference value :  1.62607e-07
 Reference value :  1.63289e-07
 Reference value :  1.64033e-07
 Reference value :  1.64685e-07
 Reference value :  1.65305e-07
 Reference value :  1.65956e-07
 Reference value :  1.66669e-07
 Reference value :  1.67351e-07
 Reference value :  1.68003e-07
 Reference value :  1.68685e-07
 Reference value :  1.69398e-07
 Reference value :  1.70049e-07
 Reference value :  1.70701e-07
 Reference value :  1.71414e-07
 Reference value :  1.72096e-07
 Reference value :  1.72747e-07
 Reference value :  1.73398e-07
 Reference value :  1.74143e-07
 Reference value :  1.74794e-07
 Reference value :  1.75445e-07
 Reference value :  1.76096e-07
 Reference value :  1.76778e-07
 Reference value :  1.77430e-07
 Reference value :  1.78081e-07
 Reference value :  1.78763e-07
 Reference value :  1.79476e-07
 Reference value :  1.80128e-07
 Reference value :  1.80779e-07
 Reference value :  1.81430e-07
 Reference value :  1.82143e-07
 Reference value :  1.82825e-07
 Reference value :  1.83477e-07
 Reference value :  1.84221e-07
 Reference value :  1.84903e-07
 Reference value :  1.85554e-07
No. of Data Rows : 6012
vhold_min           =  1.20000e+00 at=  1.63733e-10
tfirst              =  1.23900e-08
t1                  =  1.15960e-07
t2                  =  1.21016e-07
t3                  =  1.26072e-07
t4                  =  1.31128e-07
t5                  =  1.36185e-07
t6                  =  1.41241e-07
t7                  =  1.46297e-07
t8                  =  1.51353e-07
t9                  =  1.56410e-07
t10                 =  1.61466e-07
t11                 =  1.66522e-07
t12                 =  1.71578e-07
idd_run             =  -3.40229e-04 from=  1.11600e-07 to=  1.86000e-07
vmax                =  1.21161e+00 at=  1.13363e-07
vmin                =  -7.93404e-03 at=  1.15813e-07
Note: Simulation executed from .control section 
Note: Starting dynamic gmin stepping
Note: Dynamic gmin stepping completed
Note: Starting dynamic gmin stepping
Note: Dynamic gmin stepping completed
