
Note: No compatibility mode selected!


Circuit: * tt_analog_ring, code 4

Doing analysis at TEMP = 27.000000 and TNOM = 27.000000

Using SPARSE 1.3 as Direct Linear Solver
 Reference value :  0.00000e+00
No. of Data Rows : 1
idd_dis=2.22525E-05 vbp=0.891717 vbn=0.280497 clk_dis=1.32
Doing analysis at TEMP = 27.000000 and TNOM = 27.000000

Using SPARSE 1.3 as Direct Linear Solver

Initial Transient Solution
--------------------------

Node                                   Voltage
----                                   -------
vpwr                                      1.32
code[0]                                      0
code[1]                                      0
code[2]                                   1.32
code[3]                                      0
code[4]                                      0
code[5]                                      0
code[6]                                      0
code[7]                                      0
enable                                       0
xdut.vbp                              0.891717
xdut.vbn                              0.280497
xdut.n0                            3.25565e-06
xdut.p0                                1.31999
xdut.na0                               1.13767
xdut.s0                                1.31999
xdut.s10                                  1.32
xdut.n1                            3.33441e-06
xdut.p1                                   1.32
xdut.s1                            3.38691e-06
xdut.n2                            1.61395e-06
xdut.p2                                   1.32
xdut.s2                                   1.32
xdut.n3                            3.33439e-06
xdut.p3                                   1.32
xdut.s3                            3.38689e-06
xdut.n4                            1.61395e-06
xdut.p4                                   1.32
xdut.s4                                   1.32
xdut.n5                            3.33439e-06
xdut.p5                                   1.32
xdut.s5                            3.38689e-06
xdut.n6                            1.61395e-06
xdut.p6                                   1.32
xdut.s6                                   1.32
xdut.n7                            3.33439e-06
xdut.p7                                   1.32
xdut.s7                            3.38689e-06
xdut.n8                            1.61395e-06
xdut.p8                                   1.32
xdut.s8                                   1.32
xdut.n9                            3.33439e-06
xdut.p9                                   1.32
xdut.s9                            3.38689e-06
xdut.n10                           1.61395e-06
xdut.p10                                  1.32
xdut.b1                            9.95307e-08
clk_out                                   1.32
ven#branch                         6.63814e-12
vc7#branch                         1.53283e-11
vc6#branch                         7.66414e-12
vc5#branch                         3.83207e-12
vc4#branch                         1.91604e-12
vc3#branch                         9.58018e-13
vc2#branch                         -5.2857e-09
vc1#branch                         2.39504e-13
vc0#branch                         1.19752e-13
vdd#branch                        -2.22525e-05

 Reference value :  0.00000e+00
 Reference value :  1.80833e-08
 Reference value :  4.10515e-08
 Reference value :  6.28993e-08
 Reference value :  8.47471e-08
 Reference value :  1.07155e-07
 Reference value :  1.29003e-07
 Reference value :  1.51411e-07
 Reference value :  1.68207e-07
 Reference value :  1.77492e-07
 Reference value :  1.87576e-07
 Reference value :  1.97659e-07
 Reference value :  2.07165e-07
 Reference value :  2.17809e-07
 Reference value :  2.27892e-07
 Reference value :  2.38536e-07
 Reference value :  2.47585e-07
 Reference value :  2.58229e-07
 Reference value :  2.68313e-07
 Reference value :  2.78396e-07
 Reference value :  2.87828e-07
 Reference value :  2.97912e-07
 Reference value :  3.07995e-07
 Reference value :  3.17134e-07
 Reference value :  3.27139e-07
 Reference value :  3.37223e-07
 Reference value :  3.47867e-07
 Reference value :  3.58036e-07
 Reference value :  3.68120e-07
 Reference value :  3.78204e-07
 Reference value :  3.88847e-07
 Reference value :  3.97340e-07
 Reference value :  4.07424e-07
 Reference value :  4.17508e-07
 Reference value :  4.26560e-07
 Reference value :  4.37023e-07
 Reference value :  4.46546e-07
 Reference value :  4.56630e-07
 Reference value :  4.65140e-07
 Reference value :  4.75784e-07
 Reference value :  4.85867e-07
 Reference value :  4.96511e-07
 Reference value :  5.06132e-07
 Reference value :  5.16776e-07
 Reference value :  5.26859e-07
 Reference value :  5.36794e-07
 Reference value :  5.46556e-07
 Reference value :  5.57200e-07
 Reference value :  5.67284e-07
 Reference value :  5.76722e-07
 Reference value :  5.87365e-07
 Reference value :  5.98009e-07
 Reference value :  6.08093e-07
 Reference value :  6.16592e-07
 Reference value :  6.26676e-07
 Reference value :  6.37320e-07
 Reference value :  6.47495e-07
 Reference value :  6.58130e-07
 Reference value :  6.68773e-07
 Reference value :  6.78857e-07
 Reference value :  6.87910e-07
 Reference value :  6.98554e-07
 Reference value :  7.08638e-07
 Reference value :  7.19281e-07
 Reference value :  7.29263e-07
 Reference value :  7.39906e-07
 Reference value :  7.49990e-07
 Reference value :  7.59073e-07
 Reference value :  7.69157e-07
 Reference value :  7.79241e-07
 Reference value :  7.90445e-07
 Reference value :  8.00628e-07
 Reference value :  8.10712e-07
 Reference value :  8.20235e-07
 Reference value :  8.30319e-07
 Reference value :  8.39372e-07
 Reference value :  8.49455e-07
 Reference value :  8.59539e-07
 Reference value :  8.68975e-07
 Reference value :  8.80179e-07
 Reference value :  8.90822e-07
 Reference value :  9.00906e-07
 Reference value :  9.09966e-07
 Reference value :  9.20050e-07
 Reference value :  9.30694e-07
 Reference value :  9.40602e-07
 Reference value :  9.51503e-07
 Reference value :  9.62146e-07
 Reference value :  9.72230e-07
 Reference value :  9.81283e-07
 Reference value :  9.91927e-07
 Reference value :  1.00201e-06
 Reference value :  1.01265e-06
 Reference value :  1.02207e-06
 Reference value :  1.03272e-06
 Reference value :  1.04280e-06
 Reference value :  1.05196e-06
 Reference value :  1.06197e-06
 Reference value :  1.07205e-06
 Reference value :  1.08270e-06
 Reference value :  1.09344e-06
 Reference value :  1.10352e-06
 Reference value :  1.11361e-06
 Reference value :  1.12369e-06
 Reference value :  1.13274e-06
 Reference value :  1.14227e-06
 Reference value :  1.15235e-06
 Reference value :  1.16179e-06
 Reference value :  1.17299e-06
 Reference value :  1.18308e-06
 Reference value :  1.19316e-06
 Reference value :  1.20166e-06
 Reference value :  1.21230e-06
 Reference value :  1.22239e-06
 Reference value :  1.23359e-06
 Reference value :  1.24319e-06
 Reference value :  1.25384e-06
 Reference value :  1.26448e-06
 Reference value :  1.27297e-06
 Reference value :  1.28306e-06
 Reference value :  1.29314e-06
 Reference value :  1.30378e-06
 Reference value :  1.31375e-06
 Reference value :  1.32439e-06
 Reference value :  1.33392e-06
 Reference value :  1.34456e-06
 Reference value :  1.35367e-06
 Reference value :  1.36319e-06
 Reference value :  1.37383e-06
 Reference value :  1.38401e-06
 Reference value :  1.39465e-06
 Reference value :  1.40530e-06
 Reference value :  1.41538e-06
 Reference value :  1.42443e-06
 Reference value :  1.43508e-06
 Reference value :  1.44516e-06
 Reference value :  1.45500e-06
 Reference value :  1.46581e-06
 Reference value :  1.47589e-06
 Reference value :  1.48653e-06
 Reference value :  1.49503e-06
 Reference value :  1.50512e-06
 Reference value :  1.51520e-06
 Reference value :  1.52641e-06
 Reference value :  1.53601e-06
 Reference value :  1.54665e-06
 Reference value :  1.55673e-06
 Reference value :  1.56594e-06
 Reference value :  1.57587e-06
 Reference value :  1.58595e-06
 Reference value :  1.59548e-06
 Reference value :  1.60488e-06
 Reference value :  1.61553e-06
 Reference value :  1.62561e-06
 Reference value :  1.63569e-06
 Reference value :  1.64424e-06
 Reference value :  1.65432e-06
 Reference value :  1.66385e-06
 Reference value :  1.67505e-06
 Reference value :  1.68523e-06
 Reference value :  1.69587e-06
 Reference value :  1.70595e-06
 Reference value :  1.71501e-06
 Reference value :  1.72565e-06
 Reference value :  1.73573e-06
 Reference value :  1.74694e-06
 Reference value :  1.75582e-06
 Reference value :  1.76590e-06
 Reference value :  1.77599e-06
 Reference value :  1.78594e-06
 Reference value :  1.79569e-06
 Reference value :  1.80634e-06
 Reference value :  1.81698e-06
 Reference value :  1.82770e-06
 Reference value :  1.83834e-06
 Reference value :  1.84787e-06
 Reference value :  1.85851e-06
 Reference value :  1.86756e-06
 Reference value :  1.87765e-06
 Reference value :  1.88773e-06
 Reference value :  1.89663e-06
 Reference value :  1.90778e-06
 Reference value :  1.91786e-06
 Reference value :  1.92739e-06
 Reference value :  1.93649e-06
 Reference value :  1.94658e-06
 Reference value :  1.95666e-06
 Reference value :  1.96786e-06
 Reference value :  1.97804e-06
 Reference value :  1.98868e-06
 Reference value :  1.99877e-06
 Reference value :  2.00733e-06
 Reference value :  2.01734e-06
 Reference value :  2.02743e-06
 Reference value :  2.03751e-06
 Reference value :  2.04695e-06
 Reference value :  2.05760e-06
 Reference value :  2.06768e-06
 Reference value :  2.07777e-06
 Reference value :  2.08626e-06
 Reference value :  2.09635e-06
 Reference value :  2.10643e-06
 Reference value :  2.11634e-06
 Reference value :  2.12668e-06
 Reference value :  2.13676e-06
 Reference value :  2.14684e-06
 Reference value :  2.15590e-06
 Reference value :  2.16654e-06
 Reference value :  2.17606e-06
 Reference value :  2.18615e-06
 Reference value :  2.19555e-06
 Reference value :  2.20564e-06
 Reference value :  2.21572e-06
 Reference value :  2.22636e-06
 Reference value :  2.23547e-06
 Reference value :  2.24555e-06
 Reference value :  2.25620e-06
 Reference value :  2.26637e-06
 Reference value :  2.27702e-06
 Reference value :  2.28766e-06
 Reference value :  2.29774e-06
 Reference value :  2.30624e-06
 Reference value :  2.31688e-06
 Reference value :  2.32696e-06
 Reference value :  2.33681e-06
 Reference value :  2.34761e-06
 Reference value :  2.35769e-06
 Reference value :  2.36778e-06
 Reference value :  2.37628e-06
 Reference value :  2.38636e-06
 Reference value :  2.39645e-06
 Reference value :  2.40709e-06
 Reference value :  2.41669e-06
 Reference value :  2.42733e-06
 Reference value :  2.43742e-06
 Reference value :  2.44735e-06
 Reference value :  2.45711e-06
 Reference value :  2.46720e-06
 Reference value :  2.47728e-06
 Reference value :  2.48613e-06
 Reference value :  2.49733e-06
 Reference value :  2.50742e-06
 Reference value :  2.51806e-06
 Reference value :  2.52660e-06
 Reference value :  2.53669e-06
 Reference value :  2.54733e-06
 Reference value :  2.55759e-06
 Reference value :  2.56815e-06
 Reference value :  2.57823e-06
 Reference value :  2.58832e-06
 Reference value :  2.59737e-06
 Reference value :  2.60801e-06
 Reference value :  2.61754e-06
 Reference value :  2.62818e-06
 Reference value :  2.63762e-06
 Reference value :  2.64827e-06
 Reference value :  2.65835e-06
 Reference value :  2.66774e-06
 Reference value :  2.67694e-06
 Reference value :  2.68702e-06
 Reference value :  2.69710e-06
 Reference value :  2.70726e-06
 Reference value :  2.71791e-06
 Reference value :  2.72855e-06
 Reference value :  2.73863e-06
 Reference value :  2.74768e-06
 Reference value :  2.75833e-06
 Reference value :  2.76897e-06
 Reference value :  2.77843e-06
 Reference value :  2.78958e-06
 Reference value :  2.79966e-06
 Reference value :  2.81031e-06
 Reference value :  2.81998e-06
 Reference value :  2.83006e-06
 Reference value :  2.84015e-06
 Reference value :  2.85079e-06
 Reference value :  2.86040e-06
 Reference value :  2.87048e-06
 Reference value :  2.88057e-06
 Reference value :  2.88913e-06
 Reference value :  2.89970e-06
 Reference value :  2.90979e-06
 Reference value :  2.91987e-06
 Reference value :  2.92930e-06
 Reference value :  2.93995e-06
 Reference value :  2.95003e-06
 Reference value :  2.96067e-06
 Reference value :  2.96975e-06
 Reference value :  2.97983e-06
 Reference value :  2.99047e-06
 Reference value :  3.00065e-06
 Reference value :  3.01185e-06
 Reference value :  3.02250e-06
 Reference value :  3.03314e-06
 Reference value :  3.04163e-06
 Reference value :  3.05172e-06
 Reference value :  3.06180e-06
 Reference value :  3.07164e-06
 Reference value :  3.08245e-06
 Reference value :  3.09309e-06
 Reference value :  3.10318e-06
 Reference value :  3.11168e-06
 Reference value :  3.12232e-06
 Reference value :  3.13240e-06
 Reference value :  3.14361e-06
 Reference value :  3.15376e-06
 Reference value :  3.16441e-06
 Reference value :  3.17449e-06
 Reference value :  3.18258e-06
 Reference value :  3.19251e-06
 Reference value :  3.20259e-06
 Reference value :  3.21267e-06
 Reference value :  3.22263e-06
 Reference value :  3.23328e-06
 Reference value :  3.24336e-06
 Reference value :  3.25400e-06
 Reference value :  3.26313e-06
 Reference value :  3.27321e-06
 Reference value :  3.28385e-06
 Reference value :  3.29402e-06
 Reference value :  3.30466e-06
 Reference value :  3.31530e-06
 Reference value :  3.32483e-06
 Reference value :  3.33388e-06
 Reference value :  3.34452e-06
 Reference value :  3.35461e-06
No. of Data Rows : 6096
vhold_min           =  1.32000e+00 at=  1.79264e-10
tfirst              =  2.05007e-07
t1                  =  2.07923e-06
t2                  =  2.15275e-06
t3                  =  2.22618e-06
t4                  =  2.29972e-06
t5                  =  2.37316e-06
t6                  =  2.44668e-06
t7                  =  2.52011e-06
t8                  =  2.59366e-06
t9                  =  2.66710e-06
t10                 =  2.74062e-06
t11                 =  2.81405e-06
t12                 =  2.88759e-06
idd_run             =  -2.45527e-05 from=  2.01700e-06 to=  3.36100e-06
vmax                =  1.36350e+00 at=  2.30040e-06
vmin                =  -2.94477e-02 at=  2.99814e-06
Note: Simulation executed from .control section 
Note: Starting dynamic gmin stepping
Note: Dynamic gmin stepping completed
Note: Starting dynamic gmin stepping
Note: Dynamic gmin stepping completed
