
Note: Compatibility modes selected: hs a


Circuit: * tt_analog_ring, code 0

Doing analysis at TEMP = -40.000000 and TNOM = 27.000000

Using SPARSE 1.3 as Direct Linear Solver
 Reference value :  0.00000e+00
No. of Data Rows : 1
idd_dis=7.8692E-06 vbp=0.77861 vbn=0.288062 clk_dis=1.2
Doing analysis at TEMP = -40.000000 and TNOM = 27.000000

Using SPARSE 1.3 as Direct Linear Solver

Initial Transient Solution
--------------------------

Node                                   Voltage
----                                   -------
vpwr                                       1.2
code[0]                                      0
code[1]                                      0
code[2]                                      0
code[3]                                      0
code[4]                                      0
code[5]                                      0
code[6]                                      0
code[7]                                      0
enable                                       0
xdut.vbp                               0.77861
clk_out                                    1.2
xdut.b1                            3.83923e-08
xdut.s3                             2.1314e-06
xdut.s2                                    1.2
xdut.n_126                                 1.2
xdut.s1                             2.1314e-06
xdut.n_125                                 1.2
xdut.s10                                   1.2
xdut.s6                                    1.2
xdut.s5                             2.1314e-06
xdut.n_128                                 1.2
xdut.s9                             2.1314e-06
xdut.n_133                                 1.2
xdut.s4                                    1.2
xdut.n_129                                 1.2
xdut.s8                                    1.2
xdut.n_132                                 1.2
xdut.s7                             2.1314e-06
xdut.n_130                                 1.2
xdut.n_127                                 1.2
xdut.n_131                                 1.2
xdut.s0                                    1.2
xdut.n_124                                 1.2
xdut.n_71                          2.11544e-06
xdut.n_72                          2.11544e-06
xdut.n_70                          7.32481e-08
xdut.n_77                          2.11544e-06
xdut.n_75                          7.32481e-08
xdut.n_73                          7.32481e-08
xdut.n_67                          7.32481e-08
xdut.n_76                          7.32481e-08
xdut.n_69                          2.11544e-06
xdut.n_74                          2.11544e-06
xdut.n_122                                 1.2
xdut.n_i1005                           1.00329
xdut.n_68                          1.43008e-07
xdut.vbn                              0.288062
ven#branch                         2.92116e-12
vc7#branch                         4.45132e-12
vc6#branch                         2.22566e-12
vc5#branch                         1.11283e-12
vc4#branch                         5.56415e-13
vc3#branch                         2.78207e-13
vc2#branch                         1.39104e-13
vc1#branch                         6.95518e-14
vc0#branch                         3.47759e-14
vdd#branch                         -7.8692e-06

 Reference value :  0.00000e+00
 Reference value :  2.46613e-07
 Reference value :  5.13297e-07
 Reference value :  7.86999e-07
 Reference value :  1.05301e-06
 Reference value :  1.13738e-06
 Reference value :  1.25045e-06
 Reference value :  1.35923e-06
 Reference value :  1.46329e-06
 Reference value :  1.57558e-06
 Reference value :  1.66721e-06
 Reference value :  1.77766e-06
 Reference value :  1.88995e-06
 Reference value :  1.99601e-06
 Reference value :  2.11180e-06
 Reference value :  2.22239e-06
 Reference value :  2.32915e-06
 Reference value :  2.43793e-06
 Reference value :  2.55255e-06
 Reference value :  2.64729e-06
 Reference value :  2.71639e-06
 Reference value :  2.81464e-06
 Reference value :  2.91994e-06
 Reference value :  3.04026e-06
 Reference value :  3.15606e-06
 Reference value :  3.27504e-06
 Reference value :  3.39300e-06
 Reference value :  3.50178e-06
 Reference value :  3.62021e-06
 Reference value :  3.73052e-06
 Reference value :  3.84281e-06
 Reference value :  3.96457e-06
 Reference value :  4.07997e-06
 Reference value :  4.19877e-06
 Reference value :  4.31978e-06
 Reference value :  4.43724e-06
 Reference value :  4.55985e-06
 Reference value :  4.66624e-06
 Reference value :  4.78555e-06
 Reference value :  4.90628e-06
 Reference value :  5.01937e-06
 Reference value :  5.13165e-06
 Reference value :  5.23218e-06
 Reference value :  5.34292e-06
 Reference value :  5.45521e-06
 Reference value :  5.56541e-06
 Reference value :  5.68120e-06
 Reference value :  5.79244e-06
 Reference value :  5.91427e-06
 Reference value :  6.03357e-06
 Reference value :  6.13580e-06
 Reference value :  6.25281e-06
 Reference value :  6.36860e-06
 Reference value :  6.47561e-06
 Reference value :  6.58226e-06
 Reference value :  6.69104e-06
 Reference value :  6.80926e-06
 Reference value :  6.92857e-06
 Reference value :  7.04418e-06
 Reference value :  7.15896e-06
 Reference value :  7.28177e-06
 Reference value :  7.38932e-06
 Reference value :  7.50460e-06
 Reference value :  7.61689e-06
 Reference value :  7.71487e-06
 Reference value :  7.78856e-06
 Reference value :  7.86077e-06
 Reference value :  7.97657e-06
 Reference value :  8.08743e-06
 Reference value :  8.19781e-06
 Reference value :  8.31010e-06
 Reference value :  8.42693e-06
 Reference value :  8.53647e-06
 Reference value :  8.64852e-06
 Reference value :  8.75941e-06
 Reference value :  8.87520e-06
 Reference value :  8.98995e-06
 Reference value :  9.09725e-06
 Reference value :  9.21304e-06
 Reference value :  9.33324e-06
 Reference value :  9.45472e-06
 Reference value :  9.57754e-06
 Reference value :  9.68662e-06
 Reference value :  9.79774e-06
 Reference value :  9.90652e-06
 Reference value :  1.00220e-05
 Reference value :  1.01355e-05
 Reference value :  1.02481e-05
 Reference value :  1.03698e-05
 Reference value :  1.04856e-05
 Reference value :  1.05961e-05
 Reference value :  1.07170e-05
 Reference value :  1.08328e-05
 Reference value :  1.09465e-05
 Reference value :  1.10529e-05
 Reference value :  1.11617e-05
 Reference value :  1.12785e-05
 Reference value :  1.13863e-05
 Reference value :  1.14998e-05
 Reference value :  1.16160e-05
 Reference value :  1.17353e-05
 Reference value :  1.18454e-05
 Reference value :  1.19552e-05
 Reference value :  1.20710e-05
 Reference value :  1.21865e-05
 Reference value :  1.23081e-05
 Reference value :  1.24274e-05
 Reference value :  1.25364e-05
 Reference value :  1.26533e-05
 Reference value :  1.27691e-05
 Reference value :  1.28915e-05
 Reference value :  1.30105e-05
 Reference value :  1.31193e-05
 Reference value :  1.32257e-05
 Reference value :  1.33441e-05
 Reference value :  1.34586e-05
 Reference value :  1.35714e-05
 Reference value :  1.36872e-05
 Reference value :  1.37947e-05
 Reference value :  1.39129e-05
 Reference value :  1.40252e-05
 Reference value :  1.41317e-05
 Reference value :  1.42463e-05
 Reference value :  1.43621e-05
 Reference value :  1.44764e-05
 Reference value :  1.45911e-05
 Reference value :  1.46800e-05
 Reference value :  1.47673e-05
 Reference value :  1.48259e-05
 Reference value :  1.48891e-05
 Reference value :  1.49687e-05
 Reference value :  1.50810e-05
 Reference value :  1.51978e-05
 Reference value :  1.53171e-05
 Reference value :  1.54329e-05
 Reference value :  1.55468e-05
 Reference value :  1.56614e-05
 Reference value :  1.57681e-05
 Reference value :  1.58824e-05
 Reference value :  1.59947e-05
 Reference value :  1.61059e-05
 Reference value :  1.62147e-05
 Reference value :  1.63270e-05
 Reference value :  1.64341e-05
 Reference value :  1.65499e-05
 Reference value :  1.66643e-05
 Reference value :  1.67712e-05
 Reference value :  1.68870e-05
 Reference value :  1.70004e-05
 Reference value :  1.71097e-05
 Reference value :  1.72220e-05
 Reference value :  1.73329e-05
 Reference value :  1.74483e-05
 Reference value :  1.75636e-05
 Reference value :  1.76769e-05
 Reference value :  1.77927e-05
 Reference value :  1.79050e-05
 Reference value :  1.80262e-05
 Reference value :  1.81455e-05
 Reference value :  1.82505e-05
 Reference value :  1.83627e-05
 Reference value :  1.84749e-05
 Reference value :  1.85918e-05
 Reference value :  1.87030e-05
 Reference value :  1.88118e-05
 Reference value :  1.89232e-05
 Reference value :  1.90425e-05
 Reference value :  1.91533e-05
 Reference value :  1.92558e-05
 Reference value :  1.93681e-05
 Reference value :  1.94853e-05
 Reference value :  1.95999e-05
 Reference value :  1.97087e-05
 Reference value :  1.98248e-05
 Reference value :  1.99401e-05
 Reference value :  2.00552e-05
 Reference value :  2.01647e-05
 Reference value :  2.02840e-05
 Reference value :  2.03978e-05
 Reference value :  2.05146e-05
 Reference value :  2.06339e-05
 Reference value :  2.07382e-05
 Reference value :  2.08451e-05
 Reference value :  2.09539e-05
No. of Data Rows : 6125
vhold_min           =  1.20000e+00 at=  2.80720e-10
tfirst              =  1.22338e-06
t1                  =  1.28075e-05
t2                  =  1.31638e-05
t3                  =  1.35197e-05
t4                  =  1.38771e-05
t5                  =  1.42320e-05
t6                  =  1.45899e-05
t7                  =  1.49470e-05
t8                  =  1.53028e-05
t9                  =  1.56602e-05
t10                 =  1.60172e-05
t11                 =  1.63741e-05
t12                 =  1.67294e-05
idd_run             =  -8.59891e-06 from=  1.26300e-05 to=  2.10500e-05
vmax                =  1.21683e+00 at=  1.49517e-05
vmin                =  -1.23166e-02 at=  1.92200e-05
Note: Simulation executed from .control section 
Warning: m=xx on .subckt line will override multiplier m hierarchy!

Note: Starting dynamic gmin stepping
Note: Dynamic gmin stepping completed
Note: Starting dynamic gmin stepping
Note: Dynamic gmin stepping completed
