
Note: No compatibility mode selected!


Circuit: * tt_analog_ring, code 0

Doing analysis at TEMP = 27.000000 and TNOM = 27.000000

Using SPARSE 1.3 as Direct Linear Solver
 Reference value :  0.00000e+00
No. of Data Rows : 1
idd_dis=5.53423E-06 vbp=0.881976 vbn=0.283377 clk_dis=1.2
Doing analysis at TEMP = 27.000000 and TNOM = 27.000000

Using SPARSE 1.3 as Direct Linear Solver

Initial Transient Solution
--------------------------

Node                                   Voltage
----                                   -------
vpwr                                       1.2
code[0]                                      0
code[1]                                      0
code[2]                                      0
code[3]                                      0
code[4]                                      0
code[5]                                      0
code[6]                                      0
code[7]                                      0
enable                                       0
xdut.vbp                              0.881976
xdut.vbn                              0.283377
xdut.n0                            1.54008e-06
xdut.p0                                1.19999
xdut.na0                               1.01883
xdut.s0                                1.19999
xdut.s10                                   1.2
xdut.n1                            1.72845e-05
xdut.p1                                1.19999
xdut.s1                            1.74163e-05
xdut.n2                            6.78173e-07
xdut.p2                                    1.2
xdut.s2                                    1.2
xdut.n3                            1.72841e-05
xdut.p3                                1.19999
xdut.s3                            1.74159e-05
xdut.n4                            6.78173e-07
xdut.p4                                    1.2
xdut.s4                                    1.2
xdut.n5                            1.72841e-05
xdut.p5                                1.19999
xdut.s5                            1.74159e-05
xdut.n6                            6.78173e-07
xdut.p6                                    1.2
xdut.s6                                    1.2
xdut.n7                            1.72841e-05
xdut.p7                                1.19999
xdut.s7                            1.74159e-05
xdut.n8                            6.78173e-07
xdut.p8                                    1.2
xdut.s8                                    1.2
xdut.n9                            1.72841e-05
xdut.p9                                1.19999
xdut.s9                            1.74159e-05
xdut.n10                           6.78173e-07
xdut.p10                                   1.2
xdut.b1                            1.89137e-07
clk_out                                    1.2
ven#branch                         6.20406e-12
vc7#branch                         1.09734e-11
vc6#branch                         5.48669e-12
vc5#branch                         2.74334e-12
vc4#branch                         1.37167e-12
vc3#branch                         6.85836e-13
vc2#branch                         3.42918e-13
vc1#branch                         1.71459e-13
vc0#branch                         8.57295e-14
vdd#branch                        -5.53423e-06

 Reference value :  0.00000e+00
 Reference value :  5.66191e-08
 Reference value :  1.21517e-07
 Reference value :  1.91677e-07
 Reference value :  2.60083e-07
 Reference value :  3.28489e-07
 Reference value :  3.96895e-07
 Reference value :  4.65301e-07
 Reference value :  5.26365e-07
 Reference value :  5.49233e-07
 Reference value :  5.82559e-07
 Reference value :  6.15885e-07
 Reference value :  6.50965e-07
 Reference value :  6.81225e-07
 Reference value :  7.14551e-07
 Reference value :  7.49631e-07
 Reference value :  7.82957e-07
 Reference value :  8.14819e-07
 Reference value :  8.46391e-07
 Reference value :  8.81471e-07
 Reference value :  9.14797e-07
 Reference value :  9.46938e-07
 Reference value :  9.83772e-07
 Reference value :  1.01710e-06
 Reference value :  1.05218e-06
 Reference value :  1.08082e-06
 Reference value :  1.11561e-06
 Reference value :  1.15069e-06
 Reference value :  1.18402e-06
 Reference value :  1.21314e-06
 Reference value :  1.24872e-06
 Reference value :  1.28380e-06
 Reference value :  1.31537e-06
 Reference value :  1.35045e-06
 Reference value :  1.38070e-06
 Reference value :  1.41403e-06
 Reference value :  1.44736e-06
 Reference value :  1.48244e-06
 Reference value :  1.51285e-06
 Reference value :  1.54443e-06
 Reference value :  1.57951e-06
 Reference value :  1.61283e-06
 Reference value :  1.64295e-06
 Reference value :  1.67627e-06
 Reference value :  1.71135e-06
 Reference value :  1.74292e-06
 Reference value :  1.77425e-06
 Reference value :  1.80933e-06
 Reference value :  1.84265e-06
 Reference value :  1.87598e-06
 Reference value :  1.90702e-06
 Reference value :  1.94135e-06
 Reference value :  1.97468e-06
 Reference value :  2.00976e-06
 Reference value :  2.04088e-06
 Reference value :  2.07527e-06
 Reference value :  2.10860e-06
 Reference value :  2.14192e-06
 Reference value :  2.17700e-06
 Reference value :  2.20536e-06
 Reference value :  2.24044e-06
 Reference value :  2.27202e-06
 Reference value :  2.30885e-06
 Reference value :  2.34014e-06
 Reference value :  2.37171e-06
 Reference value :  2.40504e-06
 Reference value :  2.43837e-06
 Reference value :  2.47044e-06
 Reference value :  2.50377e-06
 Reference value :  2.53885e-06
 Reference value :  2.56867e-06
 Reference value :  2.59911e-06
 Reference value :  2.63244e-06
 Reference value :  2.66752e-06
 Reference value :  2.70260e-06
 Reference value :  2.73528e-06
 Reference value :  2.76956e-06
 Reference value :  2.80464e-06
 Reference value :  2.83797e-06
 Reference value :  2.86879e-06
 Reference value :  2.90250e-06
 Reference value :  2.93758e-06
 Reference value :  2.96915e-06
 Reference value :  3.00423e-06
 Reference value :  3.03463e-06
 Reference value :  3.06795e-06
 Reference value :  3.10303e-06
 Reference value :  3.13811e-06
 Reference value :  3.16857e-06
 Reference value :  3.20190e-06
 Reference value :  3.23698e-06
 Reference value :  3.27030e-06
 Reference value :  3.30044e-06
 Reference value :  3.33377e-06
 Reference value :  3.36885e-06
 Reference value :  3.40217e-06
 Reference value :  3.43162e-06
 Reference value :  3.46670e-06
 Reference value :  3.50003e-06
 Reference value :  3.53511e-06
 Reference value :  3.56551e-06
 Reference value :  3.60059e-06
 Reference value :  3.63567e-06
 Reference value :  3.66724e-06
 Reference value :  3.69661e-06
 Reference value :  3.73104e-06
 Reference value :  3.76612e-06
 Reference value :  3.79769e-06
 Reference value :  3.83101e-06
 Reference value :  3.85946e-06
 Reference value :  3.89454e-06
 Reference value :  3.92786e-06
 Reference value :  3.96119e-06
 Reference value :  3.99441e-06
 Reference value :  4.02773e-06
 Reference value :  4.06106e-06
 Reference value :  4.09438e-06
 Reference value :  4.12464e-06
 Reference value :  4.15797e-06
 Reference value :  4.19130e-06
 Reference value :  4.22287e-06
 Reference value :  4.25499e-06
 Reference value :  4.29007e-06
 Reference value :  4.32340e-06
 Reference value :  4.35672e-06
 Reference value :  4.39005e-06
 Reference value :  4.42242e-06
 Reference value :  4.45399e-06
 Reference value :  4.48732e-06
 Reference value :  4.52240e-06
 Reference value :  4.55467e-06
 Reference value :  4.58799e-06
 Reference value :  4.62132e-06
 Reference value :  4.65640e-06
 Reference value :  4.68668e-06
 Reference value :  4.72000e-06
 Reference value :  4.75333e-06
 Reference value :  4.79016e-06
 Reference value :  4.82048e-06
 Reference value :  4.85381e-06
 Reference value :  4.88713e-06
 Reference value :  4.92046e-06
 Reference value :  4.95233e-06
 Reference value :  4.98566e-06
 Reference value :  5.02074e-06
 Reference value :  5.05406e-06
 Reference value :  5.08624e-06
 Reference value :  5.12132e-06
 Reference value :  5.15640e-06
 Reference value :  5.18973e-06
 Reference value :  5.21904e-06
 Reference value :  5.25347e-06
 Reference value :  5.28680e-06
 Reference value :  5.32188e-06
 Reference value :  5.35436e-06
 Reference value :  5.39120e-06
 Reference value :  5.42452e-06
 Reference value :  5.45960e-06
 Reference value :  5.49293e-06
 Reference value :  5.52153e-06
 Reference value :  5.55485e-06
 Reference value :  5.58993e-06
 Reference value :  5.62677e-06
 Reference value :  5.65885e-06
 Reference value :  5.69393e-06
 Reference value :  5.72726e-06
 Reference value :  5.76234e-06
 Reference value :  5.79419e-06
 Reference value :  5.82752e-06
 Reference value :  5.86084e-06
 Reference value :  5.89417e-06
 Reference value :  5.92630e-06
 Reference value :  5.95787e-06
 Reference value :  5.99295e-06
 Reference value :  6.02628e-06
 Reference value :  6.05666e-06
 Reference value :  6.08823e-06
 Reference value :  6.12331e-06
 Reference value :  6.15489e-06
 Reference value :  6.18516e-06
 Reference value :  6.21849e-06
 Reference value :  6.25181e-06
 Reference value :  6.28338e-06
 Reference value :  6.31846e-06
 Reference value :  6.34709e-06
 Reference value :  6.38217e-06
 Reference value :  6.41375e-06
 Reference value :  6.44883e-06
 Reference value :  6.48265e-06
 Reference value :  6.51422e-06
 Reference value :  6.54930e-06
 Reference value :  6.58438e-06
 Reference value :  6.61476e-06
 Reference value :  6.64808e-06
 Reference value :  6.68141e-06
 Reference value :  6.71649e-06
 Reference value :  6.74697e-06
 Reference value :  6.78205e-06
 Reference value :  6.81537e-06
 Reference value :  6.85045e-06
 Reference value :  6.88050e-06
 Reference value :  6.91558e-06
 Reference value :  6.95066e-06
 Reference value :  6.98223e-06
 Reference value :  7.01578e-06
 Reference value :  7.05086e-06
 Reference value :  7.08419e-06
 Reference value :  7.11751e-06
 Reference value :  7.15025e-06
 Reference value :  7.18447e-06
 Reference value :  7.21779e-06
 Reference value :  7.25287e-06
 Reference value :  7.28397e-06
 Reference value :  7.31649e-06
 Reference value :  7.34982e-06
 Reference value :  7.38490e-06
 Reference value :  7.41998e-06
 Reference value :  7.44862e-06
 Reference value :  7.48195e-06
 Reference value :  7.51352e-06
 Reference value :  7.54860e-06
 Reference value :  7.58274e-06
 Reference value :  7.61607e-06
 Reference value :  7.64939e-06
 Reference value :  7.68447e-06
 Reference value :  7.71487e-06
 Reference value :  7.74820e-06
 Reference value :  7.78328e-06
 Reference value :  7.81836e-06
 Reference value :  7.84870e-06
 Reference value :  7.88378e-06
 Reference value :  7.91535e-06
 Reference value :  7.95043e-06
 Reference value :  7.98230e-06
 Reference value :  8.01738e-06
 Reference value :  8.05070e-06
 Reference value :  8.08403e-06
 Reference value :  8.11444e-06
 Reference value :  8.14952e-06
 Reference value :  8.18460e-06
 Reference value :  8.21792e-06
 Reference value :  8.25300e-06
 Reference value :  8.28508e-06
 Reference value :  8.31841e-06
 Reference value :  8.35349e-06
 Reference value :  8.38653e-06
 Reference value :  8.42038e-06
 Reference value :  8.45195e-06
 Reference value :  8.48528e-06
 Reference value :  8.51860e-06
 Reference value :  8.54743e-06
 Reference value :  8.58076e-06
 Reference value :  8.61233e-06
 Reference value :  8.64741e-06
 Reference value :  8.68119e-06
 Reference value :  8.71451e-06
 Reference value :  8.74784e-06
 Reference value :  8.78116e-06
 Reference value :  8.81164e-06
 Reference value :  8.84496e-06
 Reference value :  8.87829e-06
 Reference value :  8.90986e-06
 Reference value :  8.94210e-06
 Reference value :  8.97718e-06
 Reference value :  9.01226e-06
 Reference value :  9.04559e-06
 Reference value :  9.07891e-06
 Reference value :  9.10893e-06
 Reference value :  9.14225e-06
 Reference value :  9.17558e-06
 Reference value :  9.21066e-06
 Reference value :  9.24086e-06
 Reference value :  9.27419e-06
 Reference value :  9.30927e-06
 Reference value :  9.34259e-06
 Reference value :  9.37269e-06
 Reference value :  9.40602e-06
 Reference value :  9.43934e-06
 Reference value :  9.47091e-06
 Reference value :  9.50292e-06
 Reference value :  9.53624e-06
 Reference value :  9.56957e-06
 Reference value :  9.60465e-06
 Reference value :  9.63392e-06
 Reference value :  9.66831e-06
 Reference value :  9.69988e-06
 Reference value :  9.73321e-06
 Reference value :  9.76625e-06
 Reference value :  9.79836e-06
 Reference value :  9.83168e-06
 Reference value :  9.86501e-06
 Reference value :  9.89834e-06
 Reference value :  9.92723e-06
 Reference value :  9.96231e-06
 Reference value :  9.99388e-06
 Reference value :  1.00272e-05
 Reference value :  1.00574e-05
 Reference value :  1.00925e-05
 Reference value :  1.01258e-05
 Reference value :  1.01609e-05
 Reference value :  1.01914e-05
 Reference value :  1.02265e-05
 Reference value :  1.02598e-05
 Reference value :  1.02931e-05
 Reference value :  1.03254e-05
 Reference value :  1.03605e-05
 Reference value :  1.03955e-05
 Reference value :  1.04289e-05
 Reference value :  1.04615e-05
 Reference value :  1.04939e-05
 Reference value :  1.05273e-05
No. of Data Rows : 6077
vhold_min           =  1.20000e+00 at=  9.26112e-09
tfirst              =  6.58871e-07
t1                  =  6.31976e-06
t2                  =  6.59585e-06
t3                  =  6.87220e-06
t4                  =  7.14810e-06
t5                  =  7.42397e-06
t6                  =  7.69947e-06
t7                  =  7.97583e-06
t8                  =  8.25177e-06
t9                  =  8.52759e-06
t10                 =  8.80322e-06
t11                 =  9.07969e-06
t12                 =  9.35561e-06
idd_run             =  -6.43971e-06 from=  6.31600e-06 to=  1.05300e-05
vmax                =  1.21825e+00 at=  7.70147e-06
vmin                =  -1.68402e-02 at=  7.83542e-06
Note: Simulation executed from .control section 
Note: Starting dynamic gmin stepping
Note: Dynamic gmin stepping completed
Note: Starting dynamic gmin stepping
Note: Dynamic gmin stepping completed
