
Note: No compatibility mode selected!


Circuit: * nand as inverter: a=1, pulse b

Doing analysis at TEMP = 125.000000 and TNOM = 27.000000

Using SPARSE 1.3 as Direct Linear Solver

Initial Transient Solution
--------------------------

Node                                   Voltage
----                                   -------
vpwr                                      1.32
code[0]                                   1.32
code[1]                                   1.32
code[2]                                   1.32
code[3]                                   1.32
code[4]                                   1.32
code[5]                                   1.32
code[6]                                   1.32
code[7]                                   1.32
vbp                                   0.639114
vbn                                   0.521374
a                                         1.32
p                                            0
xdrv.net1                              1.31997
b                                      1.31996
xdrv.net2                          2.65173e-05
xnand.net1                             1.31976
y                                  0.000267929
xnand.net2                         0.000245775
xnand.net3                         0.000223378
xload.net1                             1.31997
z                                      1.31996
xload.net2                         2.66613e-05
xload2.net1                            1.31988
zz                                 0.000131995
xload2.net2                          0.0001101
vin#branch                         5.59482e-11
va#branch                         -1.91615e-10
vc7#branch                        -7.32303e-07
vc6#branch                        -3.65748e-07
vc5#branch                         -1.8247e-07
vc4#branch                         -9.0831e-08
vc3#branch                        -4.50116e-08
vc2#branch                        -2.21018e-08
vc1#branch                         -1.0647e-08
vc0#branch                        -4.91955e-09
vdd#branch                        -0.000598926

 Reference value :  1.57467e-10
 Reference value :  1.08215e-09
 Reference value :  1.82256e-09
 Reference value :  2.51833e-09
 Reference value :  3.42796e-09
 Reference value :  4.34361e-09
 Reference value :  5.01408e-09
 Reference value :  5.79720e-09
 Reference value :  6.71285e-09
 Reference value :  7.57834e-09
 Reference value :  8.18089e-09
 Reference value :  9.03028e-09
 Reference value :  9.93388e-09
 Reference value :  1.07339e-08
 Reference value :  1.13845e-08
 Reference value :  1.23242e-08
 Reference value :  1.32308e-08
 Reference value :  1.39459e-08
 Reference value :  1.46748e-08
 Reference value :  1.56145e-08
 Reference value :  1.65543e-08
 Reference value :  1.71765e-08
 Reference value :  1.80109e-08
No. of Data Rows : 6046
tin_f               =  7.68358e-09
tout_r              =  7.84042e-09
tin_r               =  1.07206e-08
tout_f              =  1.08628e-08
tplh=1.56836E-10 tphl=1.4221E-10
Note: Simulation executed from .control section 
