
Note: No compatibility mode selected!


Circuit: * tt_analog_ring, code 0

Doing analysis at TEMP = 27.000000 and TNOM = 27.000000

Using SPARSE 1.3 as Direct Linear Solver
 Reference value :  0.00000e+00
No. of Data Rows : 1
idd_dis=5.70455E-06 vbp=0.864118 vbn=0.273322 clk_dis=1.2
Doing analysis at TEMP = 27.000000 and TNOM = 27.000000

Using SPARSE 1.3 as Direct Linear Solver

Initial Transient Solution
--------------------------

Node                                   Voltage
----                                   -------
vpwr                                       1.2
code[0]                                      0
code[1]                                      0
code[2]                                      0
code[3]                                      0
code[4]                                      0
code[5]                                      0
code[6]                                      0
code[7]                                      0
enable                                       0
xdut.vbp                              0.864118
xdut.vbn                              0.273322
xdut.n0                            1.21902e-06
xdut.p0                                1.19999
xdut.na0                               1.02301
xdut.s0                                1.19999
xdut.s10                               1.19999
xdut.n1                              1.681e-05
xdut.p1                                1.19999
xdut.s1                            1.69339e-05
xdut.n2                            5.65604e-07
xdut.p2                                1.19999
xdut.s2                                1.19999
xdut.n3                            1.68096e-05
xdut.p3                                1.19999
xdut.s3                            1.69336e-05
xdut.n4                            5.65604e-07
xdut.p4                                1.19999
xdut.s4                                1.19999
xdut.n5                            1.68096e-05
xdut.p5                                1.19999
xdut.s5                            1.69336e-05
xdut.n6                            5.65604e-07
xdut.p6                                1.19999
xdut.s6                                1.19999
xdut.n7                            1.68096e-05
xdut.p7                                1.19999
xdut.s7                            1.69336e-05
xdut.n8                            5.65604e-07
xdut.p8                                1.19999
xdut.s8                                1.19999
xdut.n9                            1.68096e-05
xdut.p9                                1.19999
xdut.s9                            1.69336e-05
xdut.n10                           5.65604e-07
xdut.p10                               1.19999
xdut.b1                            1.86963e-07
clk_out                                    1.2
ven#branch                         6.76053e-12
vc7#branch                         4.81908e-12
vc6#branch                         2.40954e-12
vc5#branch                         1.20477e-12
vc4#branch                         6.02385e-13
vc3#branch                         3.01192e-13
vc2#branch                         1.50596e-13
vc1#branch                         7.52981e-14
vc0#branch                         3.76491e-14
vdd#branch                        -5.70455e-06

 Reference value :  0.00000e+00
 Reference value :  6.01271e-08
 Reference value :  1.30287e-07
 Reference value :  2.00447e-07
 Reference value :  2.68853e-07
 Reference value :  3.37259e-07
 Reference value :  4.10927e-07
 Reference value :  4.82841e-07
 Reference value :  5.26617e-07
 Reference value :  5.59757e-07
 Reference value :  5.94837e-07
 Reference value :  6.28163e-07
 Reference value :  6.60243e-07
 Reference value :  6.96658e-07
 Reference value :  7.31738e-07
 Reference value :  7.65064e-07
 Reference value :  7.98390e-07
 Reference value :  8.33470e-07
 Reference value :  8.66796e-07
 Reference value :  9.01876e-07
 Reference value :  9.36062e-07
 Reference value :  9.71142e-07
 Reference value :  1.00447e-06
 Reference value :  1.03955e-06
 Reference value :  1.06964e-06
 Reference value :  1.10647e-06
 Reference value :  1.14155e-06
 Reference value :  1.17488e-06
 Reference value :  1.21085e-06
 Reference value :  1.24593e-06
 Reference value :  1.27925e-06
 Reference value :  1.31609e-06
 Reference value :  1.34617e-06
 Reference value :  1.38301e-06
 Reference value :  1.41633e-06
 Reference value :  1.45141e-06
 Reference value :  1.48384e-06
 Reference value :  1.51892e-06
 Reference value :  1.55225e-06
 Reference value :  1.58733e-06
 Reference value :  1.61739e-06
 Reference value :  1.65247e-06
 Reference value :  1.68580e-06
 Reference value :  1.72088e-06
 Reference value :  1.75508e-06
 Reference value :  1.79016e-06
 Reference value :  1.82348e-06
 Reference value :  1.85856e-06
 Reference value :  1.89040e-06
 Reference value :  1.92899e-06
 Reference value :  1.96232e-06
 Reference value :  1.99915e-06
 Reference value :  2.03335e-06
 Reference value :  2.06667e-06
 Reference value :  2.10175e-06
 Reference value :  2.13859e-06
 Reference value :  2.16691e-06
 Reference value :  2.20199e-06
 Reference value :  2.23531e-06
 Reference value :  2.27390e-06
 Reference value :  2.30808e-06
 Reference value :  2.34316e-06
 Reference value :  2.37649e-06
 Reference value :  2.41157e-06
 Reference value :  2.44341e-06
 Reference value :  2.47673e-06
 Reference value :  2.51181e-06
 Reference value :  2.54473e-06
 Reference value :  2.57934e-06
 Reference value :  2.61442e-06
 Reference value :  2.64775e-06
 Reference value :  2.68283e-06
 Reference value :  2.71466e-06
 Reference value :  2.74974e-06
 Reference value :  2.78658e-06
 Reference value :  2.82075e-06
 Reference value :  2.85583e-06
 Reference value :  2.88915e-06
 Reference value :  2.92423e-06
 Reference value :  2.95459e-06
 Reference value :  2.98940e-06
 Reference value :  3.02097e-06
 Reference value :  3.05605e-06
 Reference value :  3.08675e-06
 Reference value :  3.12359e-06
 Reference value :  3.15867e-06
 Reference value :  3.19199e-06
 Reference value :  3.22412e-06
 Reference value :  3.26067e-06
 Reference value :  3.29400e-06
 Reference value :  3.32732e-06
 Reference value :  3.36148e-06
 Reference value :  3.39656e-06
 Reference value :  3.43164e-06
 Reference value :  3.46847e-06
 Reference value :  3.49855e-06
 Reference value :  3.53363e-06
 Reference value :  3.56871e-06
 Reference value :  3.60379e-06
 Reference value :  3.63977e-06
 Reference value :  3.67485e-06
 Reference value :  3.70818e-06
 Reference value :  3.74326e-06
 Reference value :  3.77335e-06
 Reference value :  3.80843e-06
 Reference value :  3.84176e-06
 Reference value :  3.87684e-06
 Reference value :  3.91449e-06
 Reference value :  3.94957e-06
 Reference value :  3.98640e-06
 Reference value :  4.02148e-06
 Reference value :  4.05156e-06
 Reference value :  4.08664e-06
 Reference value :  4.12172e-06
 Reference value :  4.15680e-06
 Reference value :  4.19103e-06
 Reference value :  4.22611e-06
 Reference value :  4.25944e-06
 Reference value :  4.29452e-06
 Reference value :  4.32638e-06
 Reference value :  4.36146e-06
 Reference value :  4.39829e-06
 Reference value :  4.43118e-06
 Reference value :  4.46750e-06
 Reference value :  4.50258e-06
 Reference value :  4.53591e-06
 Reference value :  4.57033e-06
 Reference value :  4.60633e-06
 Reference value :  4.64141e-06
 Reference value :  4.67649e-06
 Reference value :  4.71073e-06
 Reference value :  4.74581e-06
 Reference value :  4.77738e-06
 Reference value :  4.81246e-06
 Reference value :  4.84109e-06
 Reference value :  4.87765e-06
 Reference value :  4.91097e-06
 Reference value :  4.94605e-06
 Reference value :  4.98018e-06
 Reference value :  5.01701e-06
 Reference value :  5.05209e-06
 Reference value :  5.08717e-06
 Reference value :  5.11724e-06
 Reference value :  5.15232e-06
 Reference value :  5.18740e-06
 Reference value :  5.22073e-06
 Reference value :  5.25497e-06
 Reference value :  5.29181e-06
 Reference value :  5.32513e-06
 Reference value :  5.36021e-06
 Reference value :  5.39033e-06
 Reference value :  5.42541e-06
 Reference value :  5.45873e-06
 Reference value :  5.49381e-06
 Reference value :  5.52969e-06
 Reference value :  5.56477e-06
 Reference value :  5.60160e-06
 Reference value :  5.63493e-06
 Reference value :  5.66675e-06
 Reference value :  5.70359e-06
 Reference value :  5.73867e-06
 Reference value :  5.77375e-06
 Reference value :  5.80799e-06
 Reference value :  5.84307e-06
 Reference value :  5.87815e-06
 Reference value :  5.91498e-06
 Reference value :  5.94686e-06
 Reference value :  5.98194e-06
 Reference value :  6.01877e-06
 Reference value :  6.05288e-06
 Reference value :  6.08796e-06
 Reference value :  6.12304e-06
 Reference value :  6.15812e-06
 Reference value :  6.18995e-06
 Reference value :  6.22678e-06
 Reference value :  6.26186e-06
 Reference value :  6.29519e-06
 Reference value :  6.32944e-06
 Reference value :  6.36627e-06
 Reference value :  6.39960e-06
 Reference value :  6.43468e-06
 Reference value :  6.46480e-06
 Reference value :  6.49988e-06
 Reference value :  6.53320e-06
 Reference value :  6.56653e-06
 Reference value :  6.60064e-06
 Reference value :  6.63572e-06
 Reference value :  6.66904e-06
 Reference value :  6.70412e-06
 Reference value :  6.73420e-06
 Reference value :  6.76928e-06
 Reference value :  6.80436e-06
 Reference value :  6.83768e-06
 Reference value :  6.87193e-06
 Reference value :  6.90876e-06
 Reference value :  6.94384e-06
 Reference value :  6.97717e-06
 Reference value :  7.01080e-06
 Reference value :  7.04588e-06
 Reference value :  7.07921e-06
 Reference value :  7.11779e-06
 Reference value :  7.15190e-06
 Reference value :  7.18523e-06
 Reference value :  7.22031e-06
 Reference value :  7.25539e-06
 Reference value :  7.28721e-06
 Reference value :  7.32405e-06
 Reference value :  7.35737e-06
 Reference value :  7.39421e-06
 Reference value :  7.42846e-06
 Reference value :  7.46354e-06
 Reference value :  7.49686e-06
 Reference value :  7.53370e-06
 Reference value :  7.56557e-06
 Reference value :  7.59890e-06
 Reference value :  7.63398e-06
 Reference value :  7.66511e-06
 Reference value :  7.70141e-06
 Reference value :  7.73649e-06
 Reference value :  7.76982e-06
 Reference value :  7.80314e-06
 Reference value :  7.83672e-06
 Reference value :  7.87005e-06
 Reference value :  7.90513e-06
 Reference value :  7.93938e-06
 Reference value :  7.97621e-06
 Reference value :  8.00954e-06
 Reference value :  8.04286e-06
 Reference value :  8.07502e-06
 Reference value :  8.10983e-06
 Reference value :  8.14491e-06
 Reference value :  8.17999e-06
 Reference value :  8.21233e-06
 Reference value :  8.24741e-06
 Reference value :  8.28074e-06
 Reference value :  8.31406e-06
 Reference value :  8.34441e-06
 Reference value :  8.38097e-06
 Reference value :  8.41605e-06
 Reference value :  8.44938e-06
 Reference value :  8.48363e-06
 Reference value :  8.52222e-06
 Reference value :  8.55554e-06
 Reference value :  8.59062e-06
 Reference value :  8.62251e-06
 Reference value :  8.65759e-06
 Reference value :  8.69267e-06
 Reference value :  8.72950e-06
 Reference value :  8.76360e-06
 Reference value :  8.79692e-06
 Reference value :  8.83200e-06
 Reference value :  8.86533e-06
 Reference value :  8.89716e-06
 Reference value :  8.93224e-06
 Reference value :  8.96732e-06
 Reference value :  9.00590e-06
 Reference value :  9.04016e-06
 Reference value :  9.07348e-06
 Reference value :  9.10856e-06
 Reference value :  9.14540e-06
 Reference value :  9.17553e-06
 Reference value :  9.21061e-06
 Reference value :  9.24569e-06
 Reference value :  9.28077e-06
 Reference value :  9.31311e-06
 Reference value :  9.34643e-06
 Reference value :  9.37976e-06
 Reference value :  9.41484e-06
 Reference value :  9.44667e-06
 Reference value :  9.47999e-06
 Reference value :  9.51332e-06
 Reference value :  9.54840e-06
 Reference value :  9.58090e-06
 Reference value :  9.61422e-06
 Reference value :  9.64755e-06
 Reference value :  9.68263e-06
 Reference value :  9.71277e-06
 Reference value :  9.74785e-06
 Reference value :  9.77942e-06
 Reference value :  9.81625e-06
 Reference value :  9.84683e-06
 Reference value :  9.87840e-06
 Reference value :  9.91348e-06
 Reference value :  9.94681e-06
 Reference value :  9.97864e-06
 Reference value :  1.00137e-05
 Reference value :  1.00470e-05
 Reference value :  1.00839e-05
 Reference value :  1.01146e-05
 Reference value :  1.01480e-05
 Reference value :  1.01830e-05
 Reference value :  1.02181e-05
 Reference value :  1.02500e-05
 Reference value :  1.02851e-05
 Reference value :  1.03202e-05
 Reference value :  1.03570e-05
 Reference value :  1.03893e-05
 Reference value :  1.04209e-05
 Reference value :  1.04560e-05
 Reference value :  1.04911e-05
 Reference value :  1.05229e-05
No. of Data Rows : 6073
vhold_min           =  1.20000e+00 at=  5.75312e-09
tfirst              =  6.56956e-07
t1                  =  6.45462e-06
t2                  =  6.72413e-06
t3                  =  6.99360e-06
t4                  =  7.26311e-06
t5                  =  7.53259e-06
t6                  =  7.80210e-06
t7                  =  8.07157e-06
t8                  =  8.34108e-06
t9                  =  8.61056e-06
t10                 =  8.88007e-06
t11                 =  9.14955e-06
t12                 =  9.41906e-06
idd_run             =  -6.59539e-06 from=  6.31600e-06 to=  1.05300e-05
vmax                =  1.21227e+00 at=  6.72627e-06
vmin                =  -1.45233e-02 at=  1.03600e-05
Note: Simulation executed from .control section 
Note: Starting dynamic gmin stepping
Note: Dynamic gmin stepping completed
Note: Starting dynamic gmin stepping
Note: Dynamic gmin stepping completed
