
Note: No compatibility mode selected!


Circuit: * tt_analog_ring, code 255

Doing analysis at TEMP = 27.000000 and TNOM = 27.000000

Using SPARSE 1.3 as Direct Linear Solver
 Reference value :  0.00000e+00
No. of Data Rows : 1
idd_dis=0.00058482 vbp=0.461756 vbn=0.572798 clk_dis=1.2
Doing analysis at TEMP = 27.000000 and TNOM = 27.000000

Using SPARSE 1.3 as Direct Linear Solver

Initial Transient Solution
--------------------------

Node                                   Voltage
----                                   -------
vpwr                                       1.2
code[0]                                    1.2
code[1]                                    1.2
code[2]                                    1.2
code[3]                                    1.2
code[4]                                    1.2
code[5]                                    1.2
code[6]                                    1.2
code[7]                                    1.2
enable                                       0
xdut.vbp                              0.461756
xdut.vbn                              0.572798
xdut.n0                            1.58281e-07
xdut.p0                                    1.2
xdut.na0                               1.02359
xdut.s0                                    1.2
xdut.s10                                   1.2
xdut.n1                            5.13588e-07
xdut.p1                                    1.2
xdut.s1                            6.20713e-07
xdut.n2                             7.8483e-08
xdut.p2                                    1.2
xdut.s2                                    1.2
xdut.n3                            5.13587e-07
xdut.p3                                    1.2
xdut.s3                            6.20711e-07
xdut.n4                             7.8483e-08
xdut.p4                                    1.2
xdut.s4                                    1.2
xdut.n5                            5.13587e-07
xdut.p5                                    1.2
xdut.s5                            6.20711e-07
xdut.n6                             7.8483e-08
xdut.p6                                    1.2
xdut.s6                                    1.2
xdut.n7                            5.13587e-07
xdut.p7                                    1.2
xdut.s7                            6.20711e-07
xdut.n8                             7.8483e-08
xdut.p8                                    1.2
xdut.s8                                    1.2
xdut.n9                            5.13587e-07
xdut.p9                                    1.2
xdut.s9                            6.20711e-07
xdut.n10                            7.8483e-08
xdut.p10                                   1.2
xdut.b1                            2.15741e-07
clk_out                                    1.2
ven#branch                         1.26596e-11
vc7#branch                        -5.73267e-08
vc6#branch                        -2.86633e-08
vc5#branch                        -1.43317e-08
vc4#branch                        -7.16583e-09
vc3#branch                        -3.58291e-09
vc2#branch                        -1.79146e-09
vc1#branch                        -8.95729e-10
vc0#branch                        -4.47864e-10
vdd#branch                         -0.00058482

 Reference value :  0.00000e+00
 Reference value :  6.48182e-10
 Reference value :  1.43130e-09
 Reference value :  2.23450e-09
 Reference value :  2.99754e-09
 Reference value :  3.76058e-09
 Reference value :  4.54370e-09
 Reference value :  5.32682e-09
 Reference value :  6.03806e-09
 Reference value :  6.47540e-09
 Reference value :  6.91716e-09
 Reference value :  7.33884e-09
 Reference value :  7.82076e-09
 Reference value :  8.28260e-09
 Reference value :  8.72436e-09
 Reference value :  9.18620e-09
 Reference value :  9.64804e-09
 Reference value :  1.01099e-08
 Reference value :  1.05516e-08
 Reference value :  1.10737e-08
 Reference value :  1.15155e-08
 Reference value :  1.19572e-08
 Reference value :  1.24392e-08
 Reference value :  1.28809e-08
 Reference value :  1.33428e-08
 Reference value :  1.38247e-08
 Reference value :  1.43066e-08
 Reference value :  1.47684e-08
 Reference value :  1.52102e-08
 Reference value :  1.56921e-08
 Reference value :  1.61540e-08
 Reference value :  1.65957e-08
 Reference value :  1.70977e-08
 Reference value :  1.75395e-08
 Reference value :  1.79612e-08
 Reference value :  1.83828e-08
 Reference value :  1.88447e-08
 Reference value :  1.93065e-08
 Reference value :  1.97684e-08
 Reference value :  2.02503e-08
 Reference value :  2.07121e-08
 Reference value :  2.11539e-08
 Reference value :  2.15956e-08
 Reference value :  2.20776e-08
 Reference value :  2.25394e-08
 Reference value :  2.30012e-08
 Reference value :  2.34832e-08
 Reference value :  2.39249e-08
 Reference value :  2.43868e-08
 Reference value :  2.48486e-08
 Reference value :  2.52904e-08
 Reference value :  2.57522e-08
 Reference value :  2.62341e-08
 Reference value :  2.66960e-08
 Reference value :  2.71377e-08
 Reference value :  2.76196e-08
 Reference value :  2.81016e-08
 Reference value :  2.85634e-08
 Reference value :  2.90052e-08
 Reference value :  2.95072e-08
 Reference value :  2.99489e-08
 Reference value :  3.03907e-08
 Reference value :  3.08525e-08
 Reference value :  3.12943e-08
 Reference value :  3.17561e-08
 Reference value :  3.22180e-08
 Reference value :  3.26999e-08
 Reference value :  3.31416e-08
 Reference value :  3.35633e-08
 Reference value :  3.40452e-08
 Reference value :  3.45071e-08
 Reference value :  3.49488e-08
 Reference value :  3.54308e-08
 Reference value :  3.58725e-08
 Reference value :  3.63143e-08
 Reference value :  3.67761e-08
 Reference value :  3.72580e-08
 Reference value :  3.77199e-08
 Reference value :  3.82018e-08
 Reference value :  3.86837e-08
 Reference value :  3.91054e-08
 Reference value :  3.95472e-08
 Reference value :  4.00090e-08
 Reference value :  4.04708e-08
 Reference value :  4.09126e-08
 Reference value :  4.13544e-08
 Reference value :  4.18564e-08
 Reference value :  4.23182e-08
 Reference value :  4.27399e-08
 Reference value :  4.32218e-08
 Reference value :  4.36636e-08
 Reference value :  4.41254e-08
 Reference value :  4.46073e-08
 Reference value :  4.50692e-08
 Reference value :  4.55109e-08
 Reference value :  4.59527e-08
 Reference value :  4.64346e-08
 Reference value :  4.68964e-08
 Reference value :  4.73382e-08
 Reference value :  4.78402e-08
 Reference value :  4.82820e-08
 Reference value :  4.87237e-08
 Reference value :  4.91856e-08
 Reference value :  4.96474e-08
 Reference value :  5.00892e-08
 Reference value :  5.05510e-08
 Reference value :  5.10530e-08
 Reference value :  5.14948e-08
 Reference value :  5.19365e-08
 Reference value :  5.23984e-08
 Reference value :  5.28602e-08
 Reference value :  5.33421e-08
 Reference value :  5.38040e-08
 Reference value :  5.42658e-08
 Reference value :  5.47076e-08
 Reference value :  5.51493e-08
 Reference value :  5.56312e-08
 Reference value :  5.60730e-08
 Reference value :  5.65348e-08
 Reference value :  5.70168e-08
 Reference value :  5.74786e-08
 Reference value :  5.79204e-08
 Reference value :  5.83822e-08
 Reference value :  5.88440e-08
 Reference value :  5.92657e-08
 Reference value :  5.97276e-08
 Reference value :  6.02095e-08
 Reference value :  6.06512e-08
 Reference value :  6.10729e-08
 Reference value :  6.15147e-08
 Reference value :  6.20167e-08
 Reference value :  6.24785e-08
 Reference value :  6.28801e-08
 Reference value :  6.33821e-08
 Reference value :  6.38239e-08
 Reference value :  6.42656e-08
 Reference value :  6.47476e-08
 Reference value :  6.51893e-08
 Reference value :  6.56311e-08
 Reference value :  6.60929e-08
 Reference value :  6.65748e-08
 Reference value :  6.70166e-08
 Reference value :  6.74584e-08
 Reference value :  6.79403e-08
 Reference value :  6.83620e-08
 Reference value :  6.88238e-08
 Reference value :  6.93057e-08
 Reference value :  6.97475e-08
 Reference value :  7.01892e-08
 Reference value :  7.06310e-08
 Reference value :  7.11129e-08
 Reference value :  7.15547e-08
 Reference value :  7.19964e-08
 Reference value :  7.24984e-08
 Reference value :  7.29603e-08
 Reference value :  7.34020e-08
 Reference value :  7.38438e-08
 Reference value :  7.43056e-08
 Reference value :  7.47675e-08
 Reference value :  7.52092e-08
 Reference value :  7.57112e-08
 Reference value :  7.61530e-08
 Reference value :  7.65747e-08
 Reference value :  7.70566e-08
 Reference value :  7.74984e-08
 Reference value :  7.79602e-08
 Reference value :  7.84421e-08
 Reference value :  7.89441e-08
 Reference value :  7.93859e-08
 Reference value :  7.98276e-08
 Reference value :  8.02895e-08
 Reference value :  8.07513e-08
 Reference value :  8.11931e-08
 Reference value :  8.16750e-08
 Reference value :  8.21168e-08
 Reference value :  8.25585e-08
 Reference value :  8.30003e-08
 Reference value :  8.34822e-08
 Reference value :  8.39039e-08
 Reference value :  8.43456e-08
 Reference value :  8.48476e-08
 Reference value :  8.52894e-08
 Reference value :  8.57312e-08
 Reference value :  8.61729e-08
 Reference value :  8.66348e-08
 Reference value :  8.70966e-08
 Reference value :  8.75384e-08
 Reference value :  8.80404e-08
 Reference value :  8.84821e-08
 Reference value :  8.89038e-08
 Reference value :  8.93656e-08
 Reference value :  8.98074e-08
 Reference value :  9.02692e-08
 Reference value :  9.07512e-08
 Reference value :  9.12130e-08
 Reference value :  9.16548e-08
 Reference value :  9.20965e-08
 Reference value :  9.25985e-08
 Reference value :  9.30604e-08
 Reference value :  9.35222e-08
 Reference value :  9.40242e-08
 Reference value :  9.44459e-08
 Reference value :  9.48676e-08
 Reference value :  9.53294e-08
 Reference value :  9.57912e-08
 Reference value :  9.62330e-08
 Reference value :  9.66948e-08
 Reference value :  9.71968e-08
 Reference value :  9.76386e-08
 Reference value :  9.80804e-08
 Reference value :  9.85020e-08
 Reference value :  9.89639e-08
 Reference value :  9.94056e-08
 Reference value :  9.98474e-08
 Reference value :  1.00349e-07
 Reference value :  1.00811e-07
 Reference value :  1.01233e-07
 Reference value :  1.01715e-07
 Reference value :  1.02137e-07
 Reference value :  1.02598e-07
 Reference value :  1.03080e-07
 Reference value :  1.03542e-07
 Reference value :  1.04004e-07
 Reference value :  1.04426e-07
 Reference value :  1.04928e-07
 Reference value :  1.05389e-07
 Reference value :  1.05831e-07
 Reference value :  1.06333e-07
 Reference value :  1.06795e-07
 Reference value :  1.07237e-07
 Reference value :  1.07659e-07
 Reference value :  1.08120e-07
 Reference value :  1.08582e-07
 Reference value :  1.09024e-07
 Reference value :  1.09506e-07
 Reference value :  1.09948e-07
 Reference value :  1.10389e-07
 Reference value :  1.10831e-07
 Reference value :  1.11293e-07
 Reference value :  1.11735e-07
 Reference value :  1.12177e-07
 Reference value :  1.12658e-07
 Reference value :  1.13120e-07
 Reference value :  1.13542e-07
 Reference value :  1.14024e-07
 Reference value :  1.14486e-07
 Reference value :  1.14907e-07
 Reference value :  1.15409e-07
 Reference value :  1.15871e-07
 Reference value :  1.16313e-07
 Reference value :  1.16755e-07
 Reference value :  1.17217e-07
 Reference value :  1.17658e-07
 Reference value :  1.18080e-07
 Reference value :  1.18542e-07
 Reference value :  1.19004e-07
 Reference value :  1.19445e-07
 Reference value :  1.19887e-07
 Reference value :  1.20369e-07
No. of Data Rows : 6015
vhold_min           =  1.20000e+00 at=  8.59424e-11
tfirst              =  7.91798e-09
t1                  =  7.40735e-08
t2                  =  7.71505e-08
t3                  =  8.02276e-08
t4                  =  8.33047e-08
t5                  =  8.63816e-08
t6                  =  8.94586e-08
t7                  =  9.25356e-08
t8                  =  9.56128e-08
t9                  =  9.86897e-08
t10                 =  1.01767e-07
t11                 =  1.04844e-07
t12                 =  1.07921e-07
idd_run             =  -6.07596e-04 from=  7.22900e-08 to=  1.20500e-07
vmax                =  1.21695e+00 at=  8.16549e-08
vmin                =  -1.13161e-02 at=  1.17036e-07
Note: Simulation executed from .control section 
Note: Starting dynamic gmin stepping
Note: Dynamic gmin stepping completed
Note: Starting dynamic gmin stepping
Note: Dynamic gmin stepping completed
