
Note: No compatibility mode selected!


Circuit: * nand as inverter: a=1, pulse b

Doing analysis at TEMP = 27.000000 and TNOM = 27.000000

Using SPARSE 1.3 as Direct Linear Solver

Initial Transient Solution
--------------------------

Node                                   Voltage
----                                   -------
vpwr                                       1.2
code[0]                                    1.2
code[1]                                    1.2
code[2]                                    1.2
code[3]                                    1.2
code[4]                                    1.2
code[5]                                    1.2
code[6]                                    1.2
code[7]                                    1.2
vbp                                   0.460899
vbn                                   0.572491
a                                          1.2
p                                            0
xdrv.net1                                  1.2
b                                          1.2
xdrv.net2                          7.34256e-08
xnand.net1                                 1.2
y                                    1.202e-06
xnand.net2                         1.11734e-06
xnand.net3                         1.01377e-06
xload.net1                                 1.2
z                                          1.2
xload.net2                         7.34275e-08
xload2.net1                                1.2
zz                                 4.37905e-07
xload2.net2                        3.65439e-07
vin#branch                          7.3914e-12
va#branch                          -1.5964e-11
vc7#branch                        -7.43067e-08
vc6#branch                        -3.71124e-08
vc5#branch                        -1.85152e-08
vc4#branch                         -9.2166e-09
vc3#branch                        -4.56731e-09
vc2#branch                        -2.24266e-09
vc1#branch                        -1.08034e-09
vc0#branch                        -4.99178e-10
vdd#branch                        -0.000581686

 Reference value :  6.71074e-11
 Reference value :  1.02191e-09
 Reference value :  1.81654e-09
 Reference value :  2.53942e-09
 Reference value :  3.45205e-09
 Reference value :  4.37975e-09
 Reference value :  5.04420e-09
 Reference value :  5.83334e-09
 Reference value :  6.76104e-09
 Reference value :  7.62066e-09
 Reference value :  8.24415e-09
 Reference value :  9.13871e-09
 Reference value :  1.00574e-08
 Reference value :  1.08303e-08
 Reference value :  1.14989e-08
 Reference value :  1.24116e-08
 Reference value :  1.33212e-08
 Reference value :  1.40031e-08
 Reference value :  1.47651e-08
 Reference value :  1.56868e-08
 Reference value :  1.66055e-08
 Reference value :  1.72097e-08
 Reference value :  1.80530e-08
No. of Data Rows : 6046
tin_f               =  7.68732e-09
tout_r              =  7.84759e-09
tin_r               =  1.07222e-08
tout_f              =  1.08680e-08
tplh=1.60272E-10 tphl=1.4577E-10
Note: Simulation executed from .control section 
Note: Starting dynamic gmin stepping
Note: Dynamic gmin stepping completed
