
Note: No compatibility mode selected!


Circuit: * output buffer into 15 ff

Doing analysis at TEMP = 125.000000 and TNOM = 27.000000

Using SPARSE 1.3 as Direct Linear Solver

Initial Transient Solution
--------------------------

Node                                   Voltage
----                                   -------
vpwr                                      1.32
s10                                          0
b1                                        1.32
clk_out                            7.38113e-07
vin#branch                         5.15711e-12
vdd#branch                        -9.99296e-10

 Reference value :  6.63000e-10
 Reference value :  1.99700e-09
 Reference value :  3.37300e-09
 Reference value :  4.73300e-09
 Reference value :  6.01900e-09
 Reference value :  7.32700e-09
 Reference value :  8.62700e-09
 Reference value :  9.93100e-09
 Reference value :  1.12310e-08
 Reference value :  1.25310e-08
 Reference value :  1.38790e-08
 Reference value :  1.52410e-08
 Reference value :  1.65650e-08
 Reference value :  1.78630e-08
No. of Data Rows : 9115
vmax                =  1.35677e+00 at=  1.38650e-08
vmin                =  -2.75201e-02 at=  1.23550e-08
tr2                 =  9.38331e-09
tr8                 =  9.43837e-09
tf8                 =  1.08973e-08
tf2                 =  1.09546e-08
trise=5.5059E-11 tfall=5.727E-11
tin_r               =  9.28600e-09
tout_r              =  9.40852e-09
tpd=1.22517E-10
Note: Simulation executed from .control section 
