
Note: Compatibility modes selected: hs a


Circuit: * tt_analog_ring, code 255

Doing analysis at TEMP = 27.000000 and TNOM = 27.000000

Using SPARSE 1.3 as Direct Linear Solver
 Reference value :  0.00000e+00
No. of Data Rows : 1
idd_dis=0.0006286 vbp=0.515627 vbn=0.646634 clk_dis=1.32
Doing analysis at TEMP = 27.000000 and TNOM = 27.000000

Using SPARSE 1.3 as Direct Linear Solver

Initial Transient Solution
--------------------------

Node                                   Voltage
----                                   -------
vpwr                                      1.32
code[0]                                   1.32
code[1]                                   1.32
code[2]                                   1.32
code[3]                                   1.32
code[4]                                   1.32
code[5]                                   1.32
code[6]                                   1.32
code[7]                                   1.32
enable                                       0
xdut.vbp                              0.515627
clk_out                                   1.32
xdut.b1                            4.35721e-08
xdut.s3                            1.20646e-07
xdut.s2                                   1.32
xdut.n_126                                1.32
xdut.s1                            1.20646e-07
xdut.n_125                                1.32
xdut.s10                                  1.32
xdut.s6                                   1.32
xdut.s5                            1.20646e-07
xdut.n_128                                1.32
xdut.s9                            1.20646e-07
xdut.n_133                                1.32
xdut.s4                                   1.32
xdut.n_129                                1.32
xdut.s8                                   1.32
xdut.n_132                                1.32
xdut.s7                            1.20646e-07
xdut.n_130                                1.32
xdut.n_127                                1.32
xdut.n_131                                1.32
xdut.s0                                   1.32
xdut.n_124                                1.32
xdut.n_71                          1.03088e-07
xdut.n_72                          1.03088e-07
xdut.n_70                          8.74005e-09
xdut.n_77                          1.03088e-07
xdut.n_75                          8.74005e-09
xdut.n_73                          8.74005e-09
xdut.n_67                          8.74005e-09
xdut.n_76                          8.74005e-09
xdut.n_69                          1.03088e-07
xdut.n_74                          1.03088e-07
xdut.n_122                                1.32
xdut.n_i1005                           1.10182
xdut.n_68                          1.21901e-08
xdut.vbn                              0.646634
ven#branch                         3.24051e-12
vc7#branch                        -2.74204e-08
vc6#branch                        -1.37102e-08
vc5#branch                         -6.8551e-09
vc4#branch                        -3.42755e-09
vc3#branch                        -1.71377e-09
vc2#branch                        -8.56887e-10
vc1#branch                        -4.28444e-10
vc0#branch                        -2.14222e-10
vdd#branch                          -0.0006286

 Reference value :  0.00000e+00
 Reference value :  2.30036e-09
 Reference value :  4.83044e-09
 Reference value :  7.28020e-09
 Reference value :  9.60948e-09
 Reference value :  1.20620e-08
 Reference value :  1.33749e-08
 Reference value :  1.48206e-08
 Reference value :  1.63066e-08
 Reference value :  1.72302e-08
 Reference value :  1.81138e-08
 Reference value :  1.90374e-08
 Reference value :  1.98808e-08
 Reference value :  2.07643e-08
 Reference value :  2.17683e-08
 Reference value :  2.26518e-08
 Reference value :  2.35354e-08
 Reference value :  2.45394e-08
 Reference value :  2.55032e-08
 Reference value :  2.64269e-08
 Reference value :  2.74309e-08
 Reference value :  2.83546e-08
 Reference value :  2.92782e-08
 Reference value :  3.02019e-08
 Reference value :  3.12461e-08
 Reference value :  3.22099e-08
 Reference value :  3.31738e-08
 Reference value :  3.42179e-08
 Reference value :  3.51014e-08
 Reference value :  3.60653e-08
 Reference value :  3.71496e-08
 Reference value :  3.81134e-08
 Reference value :  3.90773e-08
 Reference value :  4.01214e-08
 Reference value :  4.10451e-08
 Reference value :  4.19286e-08
 Reference value :  4.28925e-08
 Reference value :  4.38965e-08
 Reference value :  4.48202e-08
 Reference value :  4.57840e-08
 Reference value :  4.67880e-08
 Reference value :  4.77117e-08
 Reference value :  4.86354e-08
 Reference value :  4.96795e-08
 Reference value :  5.06032e-08
 Reference value :  5.15269e-08
 Reference value :  5.26112e-08
 Reference value :  5.34947e-08
 Reference value :  5.44586e-08
 Reference value :  5.54626e-08
 Reference value :  5.63862e-08
 Reference value :  5.73501e-08
 Reference value :  5.83541e-08
 Reference value :  5.93179e-08
 Reference value :  6.02014e-08
 Reference value :  6.11251e-08
 Reference value :  6.21693e-08
 Reference value :  6.30930e-08
 Reference value :  6.40166e-08
 Reference value :  6.50206e-08
 Reference value :  6.59042e-08
 Reference value :  6.67877e-08
 Reference value :  6.77515e-08
 Reference value :  6.86752e-08
 Reference value :  6.95989e-08
 Reference value :  7.05226e-08
 Reference value :  7.14864e-08
 Reference value :  7.23298e-08
 Reference value :  7.32133e-08
 Reference value :  7.42173e-08
 Reference value :  7.51008e-08
 Reference value :  7.59843e-08
 Reference value :  7.69482e-08
 Reference value :  7.79120e-08
 Reference value :  7.88357e-08
 Reference value :  7.97192e-08
 Reference value :  8.07232e-08
 Reference value :  8.16870e-08
 Reference value :  8.26107e-08
 Reference value :  8.36950e-08
 Reference value :  8.46187e-08
 Reference value :  8.55424e-08
 Reference value :  8.65464e-08
 Reference value :  8.74299e-08
 Reference value :  8.83536e-08
 Reference value :  8.92773e-08
 Reference value :  9.02411e-08
 Reference value :  9.11246e-08
 Reference value :  9.20082e-08
 Reference value :  9.30523e-08
 Reference value :  9.39760e-08
 Reference value :  9.48997e-08
 Reference value :  9.59438e-08
 Reference value :  9.68675e-08
 Reference value :  9.77510e-08
 Reference value :  9.87149e-08
 Reference value :  9.96787e-08
 Reference value :  1.00643e-07
 Reference value :  1.01606e-07
 Reference value :  1.02570e-07
 Reference value :  1.03494e-07
 Reference value :  1.04418e-07
 Reference value :  1.05462e-07
 Reference value :  1.06426e-07
 Reference value :  1.07389e-07
 Reference value :  1.08434e-07
 Reference value :  1.09317e-07
 Reference value :  1.10201e-07
 Reference value :  1.11245e-07
 Reference value :  1.12168e-07
 Reference value :  1.13092e-07
 Reference value :  1.14096e-07
 Reference value :  1.15020e-07
 Reference value :  1.15944e-07
 Reference value :  1.16867e-07
 Reference value :  1.17871e-07
 Reference value :  1.18795e-07
 Reference value :  1.19719e-07
 Reference value :  1.20723e-07
 Reference value :  1.21566e-07
 Reference value :  1.22490e-07
 Reference value :  1.23453e-07
 Reference value :  1.24417e-07
 Reference value :  1.25261e-07
 Reference value :  1.26224e-07
 Reference value :  1.27228e-07
 Reference value :  1.28112e-07
 Reference value :  1.29036e-07
 Reference value :  1.30080e-07
 Reference value :  1.30963e-07
 Reference value :  1.31887e-07
 Reference value :  1.32891e-07
 Reference value :  1.33815e-07
 Reference value :  1.34698e-07
 Reference value :  1.35662e-07
 Reference value :  1.36626e-07
 Reference value :  1.37590e-07
 Reference value :  1.38594e-07
 Reference value :  1.39558e-07
 Reference value :  1.40521e-07
 Reference value :  1.41405e-07
 Reference value :  1.42409e-07
 Reference value :  1.43292e-07
 Reference value :  1.44216e-07
 Reference value :  1.45220e-07
 Reference value :  1.46104e-07
 Reference value :  1.47068e-07
 Reference value :  1.48072e-07
 Reference value :  1.49035e-07
 Reference value :  1.49999e-07
 Reference value :  1.50963e-07
 Reference value :  1.51967e-07
 Reference value :  1.52931e-07
 Reference value :  1.53895e-07
 Reference value :  1.54939e-07
 Reference value :  1.55863e-07
 Reference value :  1.56826e-07
 Reference value :  1.57871e-07
 Reference value :  1.58794e-07
 Reference value :  1.59758e-07
 Reference value :  1.60802e-07
 Reference value :  1.61726e-07
 Reference value :  1.62690e-07
 Reference value :  1.63694e-07
 Reference value :  1.64617e-07
 Reference value :  1.65541e-07
 Reference value :  1.66505e-07
 Reference value :  1.67469e-07
 Reference value :  1.68433e-07
 Reference value :  1.69356e-07
 Reference value :  1.70400e-07
 Reference value :  1.71284e-07
 Reference value :  1.72208e-07
 Reference value :  1.73292e-07
 Reference value :  1.74216e-07
 Reference value :  1.75139e-07
 Reference value :  1.76184e-07
 Reference value :  1.77147e-07
 Reference value :  1.78111e-07
 Reference value :  1.79115e-07
 Reference value :  1.80079e-07
 Reference value :  1.81003e-07
 Reference value :  1.82007e-07
 Reference value :  1.83011e-07
 Reference value :  1.83975e-07
 Reference value :  1.84938e-07
 Reference value :  1.85942e-07
 Reference value :  1.86906e-07
 Reference value :  1.87830e-07
 Reference value :  1.88834e-07
 Reference value :  1.89758e-07
 Reference value :  1.90681e-07
 Reference value :  1.91725e-07
 Reference value :  1.92649e-07
 Reference value :  1.93613e-07
 Reference value :  1.94617e-07
 Reference value :  1.95541e-07
 Reference value :  1.96424e-07
 Reference value :  1.97308e-07
 Reference value :  1.98231e-07
 Reference value :  1.98994e-07
 Reference value :  1.99958e-07
 Reference value :  2.00882e-07
 Reference value :  2.01765e-07
 Reference value :  2.02609e-07
 Reference value :  2.03452e-07
 Reference value :  2.04376e-07
 Reference value :  2.05179e-07
 Reference value :  2.06022e-07
 Reference value :  2.06906e-07
 Reference value :  2.07709e-07
 Reference value :  2.08512e-07
 Reference value :  2.09316e-07
 Reference value :  2.10279e-07
 Reference value :  2.11083e-07
 Reference value :  2.11886e-07
 Reference value :  2.12769e-07
 Reference value :  2.13693e-07
 Reference value :  2.14536e-07
 Reference value :  2.15380e-07
 Reference value :  2.16263e-07
 Reference value :  2.17107e-07
 Reference value :  2.17910e-07
 Reference value :  2.18713e-07
 Reference value :  2.19637e-07
 Reference value :  2.20480e-07
 Reference value :  2.21404e-07
 Reference value :  2.22327e-07
 Reference value :  2.23251e-07
 Reference value :  2.24135e-07
 Reference value :  2.25018e-07
 Reference value :  2.25982e-07
 Reference value :  2.26865e-07
 Reference value :  2.27749e-07
 Reference value :  2.28713e-07
 Reference value :  2.29596e-07
 Reference value :  2.30440e-07
 Reference value :  2.31323e-07
 Reference value :  2.32327e-07
 Reference value :  2.33291e-07
 Reference value :  2.34255e-07
 Reference value :  2.35339e-07
 Reference value :  2.36223e-07
 Reference value :  2.37106e-07
 Reference value :  2.38070e-07
 Reference value :  2.38913e-07
 Reference value :  2.39757e-07
 Reference value :  2.40680e-07
No. of Data Rows : 6014
vhold_min           =  1.32000e+00 at=  1.71885e-10
tfirst              =  1.55953e-08
t1                  =  1.48601e-07
t2                  =  1.54786e-07
t3                  =  1.60972e-07
t4                  =  1.67157e-07
t5                  =  1.73343e-07
t6                  =  1.79529e-07
t7                  =  1.85714e-07
t8                  =  1.91900e-07
t9                  =  1.98086e-07
t10                 =  2.04271e-07
t11                 =  2.10457e-07
t12                 =  2.16643e-07
idd_run             =  -6.47137e-04 from=  1.44600e-07 to=  2.41000e-07
vmax                =  1.33084e+00 at=  2.38110e-07
vmin                =  -7.12722e-03 at=  2.16464e-07
Note: Simulation executed from .control section 
Warning: m=xx on .subckt line will override multiplier m hierarchy!

Note: Starting dynamic gmin stepping
Note: Dynamic gmin stepping completed
Note: Starting dynamic gmin stepping
Note: Dynamic gmin stepping completed
