
Note: No compatibility mode selected!


Circuit: * tt_analog_ring, code 16

Doing analysis at TEMP = 27.000000 and TNOM = 27.000000

Using SPARSE 1.3 as Direct Linear Solver
 Reference value :  0.00000e+00
No. of Data Rows : 1
idd_dis=5.32604E-05 vbp=0.732662 vbn=0.297507 clk_dis=1.2
Doing analysis at TEMP = 27.000000 and TNOM = 27.000000

Using SPARSE 1.3 as Direct Linear Solver

Initial Transient Solution
--------------------------

Node                                   Voltage
----                                   -------
vpwr                                       1.2
code[0]                                      0
code[1]                                      0
code[2]                                      0
code[3]                                      0
code[4]                                    1.2
code[5]                                      0
code[6]                                      0
code[7]                                      0
enable                                       0
xdut.vbp                              0.732662
xdut.vbn                              0.297507
xdut.n0                            2.30846e-06
xdut.p0                                    1.2
xdut.na0                               1.03176
xdut.s0                                    1.2
xdut.s10                                   1.2
xdut.n1                            9.59162e-07
xdut.p1                                    1.2
xdut.s1                            1.00031e-06
xdut.n2                            9.95899e-07
xdut.p2                                    1.2
xdut.s2                                    1.2
xdut.n3                            9.59147e-07
xdut.p3                                    1.2
xdut.s3                             1.0003e-06
xdut.n4                            9.95899e-07
xdut.p4                                    1.2
xdut.s4                                    1.2
xdut.n5                            9.59147e-07
xdut.p5                                    1.2
xdut.s5                             1.0003e-06
xdut.n6                            9.95899e-07
xdut.p6                                    1.2
xdut.s6                                    1.2
xdut.n7                            9.59147e-07
xdut.p7                                    1.2
xdut.s7                             1.0003e-06
xdut.n8                            9.95899e-07
xdut.p8                                    1.2
xdut.s8                                    1.2
xdut.n9                            9.59147e-07
xdut.p9                                    1.2
xdut.s9                             1.0003e-06
xdut.n10                           9.95899e-07
xdut.p10                                   1.2
xdut.b1                            1.02762e-07
clk_out                                    1.2
ven#branch                         7.82293e-12
vc7#branch                         2.75126e-12
vc6#branch                         1.37563e-12
vc5#branch                         6.87815e-13
vc4#branch                        -3.14766e-09
vc3#branch                         1.71954e-13
vc2#branch                         8.59769e-14
vc1#branch                         4.29884e-14
vc0#branch                         2.14942e-14
vdd#branch                        -5.32604e-05

 Reference value :  0.00000e+00
 Reference value :  5.65230e-09
 Reference value :  1.26996e-08
 Reference value :  1.97469e-08
 Reference value :  2.69749e-08
 Reference value :  3.40222e-08
 Reference value :  4.07081e-08
 Reference value :  4.79361e-08
 Reference value :  5.42650e-08
 Reference value :  5.74082e-08
 Reference value :  6.10222e-08
 Reference value :  6.46362e-08
 Reference value :  6.83929e-08
 Reference value :  7.18668e-08
 Reference value :  7.54808e-08
 Reference value :  7.90948e-08
 Reference value :  8.26962e-08
 Reference value :  8.63102e-08
 Reference value :  8.99242e-08
 Reference value :  9.38996e-08
 Reference value :  9.71019e-08
 Reference value :  1.00716e-07
 Reference value :  1.04511e-07
 Reference value :  1.08125e-07
 Reference value :  1.11545e-07
 Reference value :  1.15340e-07
 Reference value :  1.18954e-07
 Reference value :  1.22337e-07
 Reference value :  1.25951e-07
 Reference value :  1.29565e-07
 Reference value :  1.33179e-07
 Reference value :  1.36600e-07
 Reference value :  1.40214e-07
 Reference value :  1.43828e-07
 Reference value :  1.47382e-07
 Reference value :  1.50824e-07
 Reference value :  1.54438e-07
 Reference value :  1.58233e-07
 Reference value :  1.61834e-07
 Reference value :  1.65448e-07
 Reference value :  1.69243e-07
 Reference value :  1.72857e-07
 Reference value :  1.75878e-07
 Reference value :  1.79492e-07
 Reference value :  1.83106e-07
 Reference value :  1.86720e-07
 Reference value :  1.90321e-07
 Reference value :  1.93935e-07
 Reference value :  1.97729e-07
 Reference value :  2.01111e-07
 Reference value :  2.04906e-07
 Reference value :  2.08700e-07
 Reference value :  2.12314e-07
 Reference value :  2.15914e-07
 Reference value :  2.19347e-07
 Reference value :  2.22961e-07
 Reference value :  2.26337e-07
 Reference value :  2.29775e-07
 Reference value :  2.33389e-07
 Reference value :  2.37003e-07
 Reference value :  2.40601e-07
 Reference value :  2.44215e-07
 Reference value :  2.47829e-07
 Reference value :  2.51623e-07
 Reference value :  2.54822e-07
 Reference value :  2.58436e-07
 Reference value :  2.62050e-07
 Reference value :  2.65664e-07
 Reference value :  2.69065e-07
 Reference value :  2.72859e-07
 Reference value :  2.76473e-07
 Reference value :  2.79700e-07
 Reference value :  2.83314e-07
 Reference value :  2.86928e-07
 Reference value :  2.90723e-07
 Reference value :  2.94319e-07
 Reference value :  2.97752e-07
 Reference value :  3.01366e-07
 Reference value :  3.05161e-07
 Reference value :  3.08364e-07
 Reference value :  3.12159e-07
 Reference value :  3.15773e-07
 Reference value :  3.19173e-07
 Reference value :  3.22787e-07
 Reference value :  3.26401e-07
 Reference value :  3.30377e-07
 Reference value :  3.33423e-07
 Reference value :  3.37037e-07
 Reference value :  3.40651e-07
 Reference value :  3.44265e-07
 Reference value :  3.47681e-07
 Reference value :  3.51295e-07
 Reference value :  3.54909e-07
 Reference value :  3.58165e-07
 Reference value :  3.62088e-07
 Reference value :  3.65702e-07
 Reference value :  3.69497e-07
 Reference value :  3.72897e-07
 Reference value :  3.76511e-07
 Reference value :  3.80125e-07
 Reference value :  3.83920e-07
 Reference value :  3.87146e-07
 Reference value :  3.90941e-07
 Reference value :  3.94555e-07
 Reference value :  3.98151e-07
 Reference value :  4.01584e-07
 Reference value :  4.05198e-07
 Reference value :  4.08993e-07
 Reference value :  4.11836e-07
 Reference value :  4.15450e-07
 Reference value :  4.19245e-07
 Reference value :  4.22859e-07
 Reference value :  4.26440e-07
 Reference value :  4.30054e-07
 Reference value :  4.33849e-07
 Reference value :  4.37123e-07
 Reference value :  4.40869e-07
 Reference value :  4.44483e-07
 Reference value :  4.48097e-07
 Reference value :  4.51512e-07
 Reference value :  4.55126e-07
 Reference value :  4.58740e-07
 Reference value :  4.62354e-07
 Reference value :  4.65560e-07
 Reference value :  4.69174e-07
 Reference value :  4.72788e-07
 Reference value :  4.76402e-07
 Reference value :  4.79802e-07
 Reference value :  4.83416e-07
 Reference value :  4.87030e-07
 Reference value :  4.90255e-07
 Reference value :  4.94050e-07
 Reference value :  4.97664e-07
 Reference value :  5.01278e-07
 Reference value :  5.04679e-07
 Reference value :  5.08293e-07
 Reference value :  5.11907e-07
 Reference value :  5.15702e-07
 Reference value :  5.18924e-07
 Reference value :  5.22719e-07
 Reference value :  5.26514e-07
 Reference value :  5.29734e-07
 Reference value :  5.33348e-07
 Reference value :  5.36962e-07
 Reference value :  5.40757e-07
 Reference value :  5.44159e-07
 Reference value :  5.47773e-07
 Reference value :  5.51567e-07
 Reference value :  5.55362e-07
 Reference value :  5.58763e-07
 Reference value :  5.62377e-07
 Reference value :  5.65991e-07
 Reference value :  5.69396e-07
 Reference value :  5.73010e-07
 Reference value :  5.76624e-07
 Reference value :  5.80238e-07
 Reference value :  5.83834e-07
 Reference value :  5.87448e-07
 Reference value :  5.91243e-07
 Reference value :  5.94803e-07
 Reference value :  5.98061e-07
 Reference value :  6.01855e-07
 Reference value :  6.05469e-07
 Reference value :  6.08869e-07
 Reference value :  6.12483e-07
 Reference value :  6.16097e-07
 Reference value :  6.19711e-07
 Reference value :  6.22579e-07
 Reference value :  6.26193e-07
 Reference value :  6.29807e-07
 Reference value :  6.33601e-07
 Reference value :  6.37198e-07
 Reference value :  6.40812e-07
 Reference value :  6.44426e-07
 Reference value :  6.47681e-07
 Reference value :  6.51423e-07
 Reference value :  6.54856e-07
 Reference value :  6.58470e-07
 Reference value :  6.61871e-07
 Reference value :  6.65485e-07
 Reference value :  6.68918e-07
 Reference value :  6.72713e-07
 Reference value :  6.75940e-07
 Reference value :  6.79554e-07
 Reference value :  6.83349e-07
 Reference value :  6.86963e-07
 Reference value :  6.90559e-07
 Reference value :  6.94173e-07
 Reference value :  6.97787e-07
 Reference value :  7.01171e-07
 Reference value :  7.04966e-07
 Reference value :  7.08580e-07
 Reference value :  7.12194e-07
 Reference value :  7.15595e-07
 Reference value :  7.19028e-07
 Reference value :  7.22823e-07
 Reference value :  7.26390e-07
 Reference value :  7.29663e-07
 Reference value :  7.33277e-07
 Reference value :  7.36710e-07
 Reference value :  7.40306e-07
 Reference value :  7.43920e-07
 Reference value :  7.47715e-07
 Reference value :  7.51510e-07
 Reference value :  7.54714e-07
 Reference value :  7.58328e-07
 Reference value :  7.62123e-07
 Reference value :  7.65918e-07
 Reference value :  7.69318e-07
 Reference value :  7.73113e-07
 Reference value :  7.76908e-07
 Reference value :  7.80314e-07
 Reference value :  7.83928e-07
 Reference value :  7.87361e-07
 Reference value :  7.90975e-07
 Reference value :  7.94571e-07
 Reference value :  7.98185e-07
 Reference value :  8.01799e-07
 Reference value :  8.05360e-07
 Reference value :  8.08799e-07
 Reference value :  8.12413e-07
 Reference value :  8.16208e-07
 Reference value :  8.19608e-07
 Reference value :  8.23222e-07
 Reference value :  8.27017e-07
 Reference value :  8.30812e-07
 Reference value :  8.34037e-07
 Reference value :  8.37651e-07
 Reference value :  8.41084e-07
 Reference value :  8.44698e-07
 Reference value :  8.48099e-07
 Reference value :  8.51713e-07
 Reference value :  8.55508e-07
 Reference value :  8.58730e-07
 Reference value :  8.62525e-07
 Reference value :  8.66320e-07
 Reference value :  8.69934e-07
 Reference value :  8.73335e-07
 Reference value :  8.76768e-07
 Reference value :  8.80382e-07
 Reference value :  8.84177e-07
 Reference value :  8.87217e-07
 Reference value :  8.90831e-07
 Reference value :  8.94445e-07
 Reference value :  8.97680e-07
 Reference value :  9.01280e-07
 Reference value :  9.04894e-07
 Reference value :  9.08688e-07
 Reference value :  9.11913e-07
 Reference value :  9.15527e-07
 Reference value :  9.19141e-07
 Reference value :  9.22755e-07
 Reference value :  9.26170e-07
 Reference value :  9.29784e-07
 Reference value :  9.33398e-07
 Reference value :  9.36959e-07
 Reference value :  9.40397e-07
 Reference value :  9.44011e-07
 Reference value :  9.47806e-07
 Reference value :  9.51206e-07
 Reference value :  9.54820e-07
 Reference value :  9.58434e-07
 Reference value :  9.62048e-07
 Reference value :  9.65095e-07
 Reference value :  9.68709e-07
 Reference value :  9.72504e-07
 Reference value :  9.76118e-07
 Reference value :  9.79714e-07
 Reference value :  9.83328e-07
 Reference value :  9.86762e-07
 Reference value :  9.90145e-07
 Reference value :  9.93759e-07
 Reference value :  9.97373e-07
 Reference value :  1.00099e-06
 Reference value :  1.00457e-06
 Reference value :  1.00818e-06
 Reference value :  1.01198e-06
 Reference value :  1.01577e-06
 Reference value :  1.01882e-06
 Reference value :  1.02243e-06
 Reference value :  1.02605e-06
 Reference value :  1.02964e-06
 Reference value :  1.03326e-06
 Reference value :  1.03705e-06
 Reference value :  1.04085e-06
 Reference value :  1.04405e-06
 Reference value :  1.04748e-06
 Reference value :  1.05128e-06
 Reference value :  1.05489e-06
 Reference value :  1.05811e-06
 Reference value :  1.06154e-06
 Reference value :  1.06534e-06
 Reference value :  1.06879e-06
 Reference value :  1.07218e-06
 Reference value :  1.07579e-06
 Reference value :  1.07959e-06
 Reference value :  1.08318e-06
No. of Data Rows : 6067
vhold_min           =  1.20000e+00 at=  1.15648e-10
tfirst              =  6.81826e-08
t1                  =  6.60508e-07
t2                  =  6.86828e-07
t3                  =  7.13147e-07
t4                  =  7.39467e-07
t5                  =  7.65786e-07
t6                  =  7.92106e-07
t7                  =  8.18425e-07
t8                  =  8.44745e-07
t9                  =  8.71065e-07
t10                 =  8.97385e-07
t11                 =  9.23705e-07
t12                 =  9.50024e-07
idd_run             =  -5.68218e-05 from=  6.50400e-07 to=  1.08400e-06
vmax                =  1.22888e+00 at=  7.92421e-07
vmin                =  -2.51123e-02 at=  9.89599e-07
Note: Simulation executed from .control section 
Note: Starting dynamic gmin stepping
Note: Dynamic gmin stepping completed
Note: Starting dynamic gmin stepping
Note: Dynamic gmin stepping completed
