
Note: No compatibility mode selected!


Circuit: * tt_analog_ring, code 15

Doing analysis at TEMP = 27.000000 and TNOM = 27.000000

Using SPARSE 1.3 as Direct Linear Solver
 Reference value :  0.00000e+00
No. of Data Rows : 1
idd_dis=4.80327E-05 vbp=0.749825 vbn=0.342624 clk_dis=1.2
Doing analysis at TEMP = 27.000000 and TNOM = 27.000000

Using SPARSE 1.3 as Direct Linear Solver

Initial Transient Solution
--------------------------

Node                                   Voltage
----                                   -------
vpwr                                       1.2
code[0]                                    1.2
code[1]                                    1.2
code[2]                                    1.2
code[3]                                    1.2
code[4]                                      0
code[5]                                      0
code[6]                                      0
code[7]                                      0
enable                                       0
xdut.vbp                              0.749825
xdut.vbn                              0.342624
xdut.n0                            6.12871e-07
xdut.p0                                    1.2
xdut.na0                               1.01957
xdut.s0                                    1.2
xdut.s10                                   1.2
xdut.n1                            2.00671e-06
xdut.p1                                    1.2
xdut.s1                            2.08682e-06
xdut.n2                            2.58177e-07
xdut.p2                                    1.2
xdut.s2                                    1.2
xdut.n3                            2.27643e-06
xdut.p3                                    1.2
xdut.s3                             2.3629e-06
xdut.n4                            3.27648e-07
xdut.p4                                    1.2
xdut.s4                                    1.2
xdut.n5                            2.24585e-06
xdut.p5                                    1.2
xdut.s5                            2.33497e-06
xdut.n6                            3.88083e-07
xdut.p6                                    1.2
xdut.s6                                    1.2
xdut.n7                            2.04952e-06
xdut.p7                                    1.2
xdut.s7                            2.13286e-06
xdut.n8                            4.85831e-07
xdut.p8                                    1.2
xdut.s8                                    1.2
xdut.n9                             1.9409e-06
xdut.p9                                    1.2
xdut.s9                            2.01819e-06
xdut.n10                           2.76128e-07
xdut.p10                                   1.2
xdut.b1                            1.46888e-07
clk_out                                    1.2
ven#branch                         7.57256e-12
vc7#branch                          4.1164e-12
vc6#branch                         2.06761e-12
vc5#branch                         1.02605e-12
vc4#branch                         5.16318e-13
vc3#branch                        -3.39719e-09
vc2#branch                        -1.70618e-09
vc1#branch                        -8.56534e-10
vc0#branch                        -4.23178e-10
vdd#branch                        -4.80327e-05

 Reference value :  0.00000e+00
 Reference value :  6.18485e-09
 Reference value :  1.38488e-08
 Reference value :  2.11296e-08
 Reference value :  2.87936e-08
 Reference value :  3.62660e-08
 Reference value :  4.39300e-08
 Reference value :  5.14024e-08
 Reference value :  5.75700e-08
 Reference value :  6.12358e-08
 Reference value :  6.50678e-08
 Reference value :  6.90914e-08
 Reference value :  7.29844e-08
 Reference value :  7.68991e-08
 Reference value :  8.09227e-08
 Reference value :  8.47547e-08
 Reference value :  8.85678e-08
 Reference value :  9.25914e-08
 Reference value :  9.66150e-08
 Reference value :  1.00639e-07
 Reference value :  1.04034e-07
 Reference value :  1.08058e-07
 Reference value :  1.12082e-07
 Reference value :  1.16105e-07
 Reference value :  1.20123e-07
 Reference value :  1.24147e-07
 Reference value :  1.28171e-07
 Reference value :  1.32194e-07
 Reference value :  1.35603e-07
 Reference value :  1.39819e-07
 Reference value :  1.43842e-07
 Reference value :  1.47674e-07
 Reference value :  1.51502e-07
 Reference value :  1.55334e-07
 Reference value :  1.59357e-07
 Reference value :  1.62769e-07
 Reference value :  1.66792e-07
 Reference value :  1.70816e-07
 Reference value :  1.74839e-07
 Reference value :  1.78666e-07
 Reference value :  1.82689e-07
 Reference value :  1.86713e-07
 Reference value :  1.90736e-07
 Reference value :  1.94145e-07
 Reference value :  1.98169e-07
 Reference value :  2.02193e-07
 Reference value :  2.06216e-07
 Reference value :  2.10044e-07
 Reference value :  2.14067e-07
 Reference value :  2.18091e-07
 Reference value :  2.21923e-07
 Reference value :  2.25143e-07
 Reference value :  2.29166e-07
 Reference value :  2.32807e-07
 Reference value :  2.36639e-07
 Reference value :  2.40273e-07
 Reference value :  2.44105e-07
 Reference value :  2.47937e-07
 Reference value :  2.51769e-07
 Reference value :  2.55178e-07
 Reference value :  2.59394e-07
 Reference value :  2.63417e-07
 Reference value :  2.67441e-07
 Reference value :  2.71268e-07
 Reference value :  2.75100e-07
 Reference value :  2.78932e-07
 Reference value :  2.82343e-07
 Reference value :  2.86367e-07
 Reference value :  2.90391e-07
 Reference value :  2.94414e-07
 Reference value :  2.98241e-07
 Reference value :  3.02264e-07
 Reference value :  3.06096e-07
 Reference value :  3.10120e-07
 Reference value :  3.13529e-07
 Reference value :  3.17552e-07
 Reference value :  3.21576e-07
 Reference value :  3.25408e-07
 Reference value :  3.29235e-07
 Reference value :  3.33259e-07
 Reference value :  3.37283e-07
 Reference value :  3.41306e-07
 Reference value :  3.44718e-07
 Reference value :  3.48933e-07
 Reference value :  3.52956e-07
 Reference value :  3.56980e-07
 Reference value :  3.60998e-07
 Reference value :  3.65213e-07
 Reference value :  3.69237e-07
 Reference value :  3.72646e-07
 Reference value :  3.76669e-07
 Reference value :  3.80501e-07
 Reference value :  3.84525e-07
 Reference value :  3.88352e-07
 Reference value :  3.92184e-07
 Reference value :  3.96208e-07
 Reference value :  4.00232e-07
 Reference value :  4.03451e-07
 Reference value :  4.07283e-07
 Reference value :  4.11307e-07
 Reference value :  4.15139e-07
 Reference value :  4.18965e-07
 Reference value :  4.23180e-07
 Reference value :  4.27204e-07
 Reference value :  4.30983e-07
 Reference value :  4.34637e-07
 Reference value :  4.38469e-07
 Reference value :  4.42492e-07
 Reference value :  4.46516e-07
 Reference value :  4.50152e-07
 Reference value :  4.54175e-07
 Reference value :  4.57816e-07
 Reference value :  4.61227e-07
 Reference value :  4.65251e-07
 Reference value :  4.69274e-07
 Reference value :  4.73298e-07
 Reference value :  4.77124e-07
 Reference value :  4.81148e-07
 Reference value :  4.85171e-07
 Reference value :  4.89195e-07
 Reference value :  4.92604e-07
 Reference value :  4.96436e-07
 Reference value :  5.00460e-07
 Reference value :  5.04483e-07
 Reference value :  5.08311e-07
 Reference value :  5.12334e-07
 Reference value :  5.16358e-07
 Reference value :  5.20190e-07
 Reference value :  5.23601e-07
 Reference value :  5.27625e-07
 Reference value :  5.31648e-07
 Reference value :  5.35480e-07
 Reference value :  5.39307e-07
 Reference value :  5.43139e-07
 Reference value :  5.47162e-07
 Reference value :  5.50625e-07
 Reference value :  5.54595e-07
 Reference value :  5.58619e-07
 Reference value :  5.62642e-07
 Reference value :  5.66470e-07
 Reference value :  5.70493e-07
 Reference value :  5.74517e-07
 Reference value :  5.78349e-07
 Reference value :  5.81568e-07
 Reference value :  5.85592e-07
 Reference value :  5.89424e-07
 Reference value :  5.93448e-07
 Reference value :  5.97274e-07
 Reference value :  6.01297e-07
 Reference value :  6.05321e-07
 Reference value :  6.09153e-07
 Reference value :  6.12562e-07
 Reference value :  6.16394e-07
 Reference value :  6.20418e-07
 Reference value :  6.24442e-07
 Reference value :  6.28269e-07
 Reference value :  6.32292e-07
 Reference value :  6.36124e-07
 Reference value :  6.39904e-07
 Reference value :  6.43559e-07
 Reference value :  6.47583e-07
 Reference value :  6.51606e-07
 Reference value :  6.55624e-07
 Reference value :  6.59648e-07
 Reference value :  6.63672e-07
 Reference value :  6.67695e-07
 Reference value :  6.70913e-07
 Reference value :  6.74937e-07
 Reference value :  6.78960e-07
 Reference value :  6.82984e-07
 Reference value :  6.86619e-07
 Reference value :  6.90643e-07
 Reference value :  6.94667e-07
 Reference value :  6.98690e-07
 Reference value :  7.02101e-07
 Reference value :  7.06125e-07
 Reference value :  7.10149e-07
 Reference value :  7.14172e-07
 Reference value :  7.18190e-07
 Reference value :  7.22214e-07
 Reference value :  7.26237e-07
 Reference value :  7.29700e-07
 Reference value :  7.33670e-07
 Reference value :  7.37502e-07
 Reference value :  7.41526e-07
 Reference value :  7.45353e-07
 Reference value :  7.49185e-07
 Reference value :  7.53209e-07
 Reference value :  7.57041e-07
 Reference value :  7.60260e-07
 Reference value :  7.64284e-07
 Reference value :  7.68116e-07
 Reference value :  7.72139e-07
 Reference value :  7.75966e-07
 Reference value :  7.79989e-07
 Reference value :  7.83821e-07
 Reference value :  7.87845e-07
 Reference value :  7.91255e-07
 Reference value :  7.95278e-07
 Reference value :  7.99110e-07
 Reference value :  8.02942e-07
 Reference value :  8.06769e-07
 Reference value :  8.10793e-07
 Reference value :  8.14816e-07
 Reference value :  8.18648e-07
 Reference value :  8.22059e-07
 Reference value :  8.26083e-07
 Reference value :  8.30107e-07
 Reference value :  8.34130e-07
 Reference value :  8.37957e-07
 Reference value :  8.41789e-07
 Reference value :  8.45812e-07
 Reference value :  8.49222e-07
 Reference value :  8.53245e-07
 Reference value :  8.57269e-07
 Reference value :  8.61293e-07
 Reference value :  8.65120e-07
 Reference value :  8.68952e-07
 Reference value :  8.72975e-07
 Reference value :  8.76999e-07
 Reference value :  8.80218e-07
 Reference value :  8.84242e-07
 Reference value :  8.88266e-07
 Reference value :  8.92289e-07
 Reference value :  8.96307e-07
 Reference value :  9.00331e-07
 Reference value :  9.04354e-07
 Reference value :  9.08186e-07
 Reference value :  9.11788e-07
 Reference value :  9.15811e-07
 Reference value :  9.19835e-07
 Reference value :  9.23858e-07
 Reference value :  9.27686e-07
 Reference value :  9.31901e-07
 Reference value :  9.35924e-07
 Reference value :  9.39335e-07
 Reference value :  9.43359e-07
 Reference value :  9.47382e-07
 Reference value :  9.51406e-07
 Reference value :  9.55424e-07
 Reference value :  9.59448e-07
 Reference value :  9.63280e-07
 Reference value :  9.67495e-07
 Reference value :  9.70905e-07
 Reference value :  9.74928e-07
 Reference value :  9.78952e-07
 Reference value :  9.82975e-07
 Reference value :  9.86802e-07
 Reference value :  9.90634e-07
 Reference value :  9.94466e-07
 Reference value :  9.98189e-07
 Reference value :  1.00190e-06
 Reference value :  1.00592e-06
 Reference value :  1.00995e-06
 Reference value :  1.01397e-06
 Reference value :  1.01818e-06
 Reference value :  1.02240e-06
 Reference value :  1.02661e-06
 Reference value :  1.03021e-06
 Reference value :  1.03424e-06
 Reference value :  1.03807e-06
 Reference value :  1.04209e-06
 Reference value :  1.04573e-06
 Reference value :  1.04975e-06
 Reference value :  1.05378e-06
 Reference value :  1.05761e-06
 Reference value :  1.06121e-06
 Reference value :  1.06523e-06
 Reference value :  1.06926e-06
 Reference value :  1.07309e-06
 Reference value :  1.07711e-06
 Reference value :  1.08113e-06
 Reference value :  1.08515e-06
 Reference value :  1.08876e-06
 Reference value :  1.09297e-06
 Reference value :  1.09699e-06
 Reference value :  1.10102e-06
 Reference value :  1.10484e-06
 Reference value :  1.10887e-06
 Reference value :  1.11289e-06
 Reference value :  1.11692e-06
 Reference value :  1.12033e-06
 Reference value :  1.12416e-06
 Reference value :  1.12818e-06
 Reference value :  1.13221e-06
 Reference value :  1.13622e-06
 Reference value :  1.14025e-06
 Reference value :  1.14427e-06
 Reference value :  1.14768e-06
No. of Data Rows : 6058
vhold_min           =  1.20000e+00 at=  4.36848e-10
tfirst              =  7.26077e-08
t1                  =  7.14870e-07
t2                  =  7.44716e-07
t3                  =  7.74562e-07
t4                  =  8.04407e-07
t5                  =  8.34253e-07
t6                  =  8.64099e-07
t7                  =  8.93945e-07
t8                  =  9.23791e-07
t9                  =  9.53637e-07
t10                 =  9.83483e-07
t11                 =  1.01333e-06
t12                 =  1.04317e-06
idd_run             =  -5.09940e-05 from=  6.89700e-07 to=  1.14900e-06
vmax                =  1.20305e+00 at=  7.15508e-07
vmin                =  -2.10887e-02 at=  7.29442e-07
Note: Simulation executed from .control section 
Note: Starting dynamic gmin stepping
Note: Dynamic gmin stepping completed
Note: Starting dynamic gmin stepping
Note: Dynamic gmin stepping completed
