
Note: Compatibility modes selected: hs a


Circuit: * tt_analog_ring, code 0

Doing analysis at TEMP = 27.000000 and TNOM = 27.000000

Using SPARSE 1.3 as Direct Linear Solver
 Reference value :  0.00000e+00
No. of Data Rows : 1
idd_dis=5.89509E-06 vbp=0.854805 vbn=0.262182 clk_dis=1.2
Doing analysis at TEMP = 27.000000 and TNOM = 27.000000

Using SPARSE 1.3 as Direct Linear Solver

Initial Transient Solution
--------------------------

Node                                   Voltage
----                                   -------
vpwr                                       1.2
code[0]                                      0
code[1]                                      0
code[2]                                      0
code[3]                                      0
code[4]                                      0
code[5]                                      0
code[6]                                      0
code[7]                                      0
enable                                       0
xdut.vbp                              0.854805
clk_out                                    1.2
xdut.b1                            1.69534e-07
xdut.s3                            1.16978e-05
xdut.s2                                    1.2
xdut.n_126                             1.19999
xdut.s1                            1.30793e-05
xdut.n_125                                 1.2
xdut.s10                               1.19999
xdut.s6                                1.19999
xdut.s5                            1.22484e-05
xdut.n_128                             1.19999
xdut.s9                            8.13021e-06
xdut.n_133                             1.19999
xdut.s4                                1.19999
xdut.n_129                             1.19999
xdut.s8                                    1.2
xdut.n_132                             1.19999
xdut.s7                            1.33959e-05
xdut.n_130                             1.19999
xdut.n_127                             1.19999
xdut.n_131                                 1.2
xdut.s0                                1.19999
xdut.n_124                             1.19999
xdut.n_71                           1.3006e-05
xdut.n_72                          1.32831e-05
xdut.n_70                            1.014e-06
xdut.n_77                          1.16053e-05
xdut.n_75                          9.82036e-07
xdut.n_73                          2.60708e-06
xdut.n_67                          2.27139e-06
xdut.n_76                          1.45199e-06
xdut.n_69                          8.04792e-06
xdut.n_74                          1.21421e-05
xdut.n_122                             1.19999
xdut.n_i1005                           1.03169
xdut.n_68                          3.43846e-06
xdut.vbn                              0.262182
ven#branch                          6.9857e-12
vc7#branch                         6.41677e-12
vc6#branch                         3.20501e-12
vc5#branch                         1.60854e-12
vc4#branch                         8.01428e-13
vc3#branch                         4.01828e-13
vc2#branch                         2.00339e-13
vc1#branch                         9.85553e-14
vc0#branch                         4.93192e-14
vdd#branch                        -5.89509e-06

 Reference value :  0.00000e+00
 Reference value :  1.20289e-07
 Reference value :  2.67667e-07
 Reference value :  4.11536e-07
 Reference value :  5.55405e-07
 Reference value :  7.02783e-07
 Reference value :  8.53670e-07
 Reference value :  1.00456e-06
 Reference value :  1.06720e-06
 Reference value :  1.13388e-06
 Reference value :  1.20055e-06
 Reference value :  1.27073e-06
 Reference value :  1.33114e-06
 Reference value :  1.39430e-06
 Reference value :  1.46097e-06
 Reference value :  1.53057e-06
 Reference value :  1.59652e-06
 Reference value :  1.66670e-06
 Reference value :  1.73337e-06
 Reference value :  1.78640e-06
 Reference value :  1.85307e-06
 Reference value :  1.92325e-06
 Reference value :  1.99694e-06
 Reference value :  2.05656e-06
 Reference value :  2.12323e-06
 Reference value :  2.18639e-06
 Reference value :  2.24950e-06
 Reference value :  2.31617e-06
 Reference value :  2.37933e-06
 Reference value :  2.44601e-06
 Reference value :  2.50817e-06
 Reference value :  2.57484e-06
 Reference value :  2.64151e-06
 Reference value :  2.70772e-06
 Reference value :  2.76993e-06
 Reference value :  2.83660e-06
 Reference value :  2.89977e-06
 Reference value :  2.96071e-06
 Reference value :  3.02671e-06
 Reference value :  3.09338e-06
 Reference value :  3.16005e-06
 Reference value :  3.22371e-06
 Reference value :  3.28688e-06
 Reference value :  3.35355e-06
 Reference value :  3.42373e-06
 Reference value :  3.48554e-06
 Reference value :  3.55572e-06
 Reference value :  3.62239e-06
 Reference value :  3.67560e-06
 Reference value :  3.74227e-06
 Reference value :  3.80894e-06
 Reference value :  3.87210e-06
 Reference value :  3.92830e-06
 Reference value :  3.99147e-06
 Reference value :  4.05112e-06
 Reference value :  4.11077e-06
 Reference value :  4.16697e-06
 Reference value :  4.22662e-06
 Reference value :  4.28628e-06
 Reference value :  4.34242e-06
 Reference value :  4.40087e-06
 Reference value :  4.46052e-06
 Reference value :  4.52369e-06
 Reference value :  4.58685e-06
 Reference value :  4.63776e-06
 Reference value :  4.70093e-06
 Reference value :  4.76058e-06
 Reference value :  4.81672e-06
 Reference value :  4.87188e-06
 Reference value :  4.93505e-06
 Reference value :  4.99470e-06
 Reference value :  5.05084e-06
 Reference value :  5.10769e-06
 Reference value :  5.17086e-06
 Reference value :  5.23051e-06
 Reference value :  5.29016e-06
 Reference value :  5.35214e-06
 Reference value :  5.41179e-06
 Reference value :  5.47495e-06
 Reference value :  5.54163e-06
 Reference value :  5.59309e-06
 Reference value :  5.65626e-06
 Reference value :  5.71942e-06
 Reference value :  5.77907e-06
 Reference value :  5.83590e-06
 Reference value :  5.89906e-06
 Reference value :  5.95871e-06
 Reference value :  6.02187e-06
 Reference value :  6.07848e-06
 Reference value :  6.13813e-06
 Reference value :  6.20129e-06
 Reference value :  6.26094e-06
 Reference value :  6.32273e-06
 Reference value :  6.38589e-06
 Reference value :  6.44554e-06
 Reference value :  6.50520e-06
 Reference value :  6.55147e-06
 Reference value :  6.60761e-06
 Reference value :  6.66375e-06
 Reference value :  6.71990e-06
 Reference value :  6.77636e-06
 Reference value :  6.83250e-06
 Reference value :  6.89566e-06
 Reference value :  6.95181e-06
 Reference value :  7.00820e-06
 Reference value :  7.07136e-06
 Reference value :  7.12750e-06
 Reference value :  7.19067e-06
 Reference value :  7.25250e-06
 Reference value :  7.31215e-06
 Reference value :  7.37532e-06
 Reference value :  7.43497e-06
 Reference value :  7.48545e-06
 Reference value :  7.54861e-06
 Reference value :  7.60826e-06
 Reference value :  7.66792e-06
 Reference value :  7.72402e-06
 Reference value :  7.78367e-06
 Reference value :  7.84683e-06
 Reference value :  7.90298e-06
 Reference value :  7.96272e-06
 Reference value :  8.02939e-06
 Reference value :  8.08904e-06
 Reference value :  8.14869e-06
 Reference value :  8.21075e-06
 Reference value :  8.27391e-06
 Reference value :  8.33707e-06
 Reference value :  8.40024e-06
 Reference value :  8.44773e-06
 Reference value :  8.50739e-06
 Reference value :  8.57055e-06
 Reference value :  8.63020e-06
 Reference value :  8.68990e-06
 Reference value :  8.76008e-06
 Reference value :  8.82324e-06
 Reference value :  8.89342e-06
 Reference value :  8.95679e-06
 Reference value :  9.01644e-06
 Reference value :  9.07609e-06
 Reference value :  9.14221e-06
 Reference value :  9.20821e-06
 Reference value :  9.27839e-06
 Reference value :  9.34857e-06
 Reference value :  9.39926e-06
 Reference value :  9.45891e-06
 Reference value :  9.51857e-06
 Reference value :  9.57822e-06
 Reference value :  9.63650e-06
 Reference value :  9.69615e-06
 Reference value :  9.75580e-06
 Reference value :  9.81195e-06
 Reference value :  9.86694e-06
 Reference value :  9.93010e-06
 Reference value :  9.98274e-06
 Reference value :  1.00424e-05
 Reference value :  1.01037e-05
 Reference value :  1.01633e-05
 Reference value :  1.02335e-05
 Reference value :  1.03037e-05
 Reference value :  1.03648e-05
 Reference value :  1.04315e-05
 Reference value :  1.04982e-05
 Reference value :  1.05679e-05
 Reference value :  1.06268e-05
 Reference value :  1.06970e-05
 Reference value :  1.07601e-05
 Reference value :  1.08236e-05
 Reference value :  1.08902e-05
 Reference value :  1.09569e-05
 Reference value :  1.10236e-05
 Reference value :  1.10803e-05
 Reference value :  1.11470e-05
 Reference value :  1.12136e-05
 Reference value :  1.12726e-05
 Reference value :  1.13341e-05
 Reference value :  1.14007e-05
 Reference value :  1.14709e-05
 Reference value :  1.15352e-05
 Reference value :  1.16018e-05
 Reference value :  1.16720e-05
 Reference value :  1.17422e-05
 Reference value :  1.18090e-05
 Reference value :  1.18757e-05
 Reference value :  1.19423e-05
 Reference value :  1.20074e-05
 Reference value :  1.20741e-05
 Reference value :  1.21442e-05
 Reference value :  1.22144e-05
 Reference value :  1.22754e-05
 Reference value :  1.23385e-05
 Reference value :  1.24017e-05
 Reference value :  1.24719e-05
 Reference value :  1.25350e-05
 Reference value :  1.26052e-05
 Reference value :  1.26719e-05
 Reference value :  1.27350e-05
 Reference value :  1.28016e-05
 Reference value :  1.28683e-05
 Reference value :  1.29420e-05
 Reference value :  1.30037e-05
 Reference value :  1.30739e-05
 Reference value :  1.31406e-05
 Reference value :  1.31985e-05
 Reference value :  1.32687e-05
 Reference value :  1.33354e-05
 Reference value :  1.34091e-05
 Reference value :  1.34657e-05
 Reference value :  1.35323e-05
 Reference value :  1.35990e-05
 Reference value :  1.36628e-05
 Reference value :  1.37330e-05
 Reference value :  1.37962e-05
 Reference value :  1.38628e-05
 Reference value :  1.39282e-05
 Reference value :  1.39949e-05
 Reference value :  1.40616e-05
 Reference value :  1.41275e-05
 Reference value :  1.41916e-05
 Reference value :  1.42583e-05
 Reference value :  1.43249e-05
 Reference value :  1.43872e-05
 Reference value :  1.44574e-05
 Reference value :  1.45275e-05
 Reference value :  1.45977e-05
 Reference value :  1.46579e-05
 Reference value :  1.47281e-05
 Reference value :  1.47948e-05
 Reference value :  1.48584e-05
 Reference value :  1.49251e-05
 Reference value :  1.49917e-05
 Reference value :  1.50619e-05
 Reference value :  1.51223e-05
 Reference value :  1.51890e-05
 Reference value :  1.52556e-05
 Reference value :  1.53258e-05
 Reference value :  1.53860e-05
 Reference value :  1.54562e-05
 Reference value :  1.55228e-05
 Reference value :  1.55895e-05
 Reference value :  1.56562e-05
 Reference value :  1.57193e-05
 Reference value :  1.57930e-05
 Reference value :  1.58547e-05
 Reference value :  1.59214e-05
 Reference value :  1.59880e-05
 Reference value :  1.60496e-05
 Reference value :  1.61163e-05
 Reference value :  1.61829e-05
 Reference value :  1.62496e-05
 Reference value :  1.63140e-05
 Reference value :  1.63842e-05
 Reference value :  1.64509e-05
 Reference value :  1.65146e-05
 Reference value :  1.65883e-05
 Reference value :  1.66479e-05
 Reference value :  1.67076e-05
 Reference value :  1.67647e-05
 Reference value :  1.68244e-05
 Reference value :  1.68910e-05
 Reference value :  1.69472e-05
 Reference value :  1.70020e-05
 Reference value :  1.70686e-05
 Reference value :  1.71318e-05
 Reference value :  1.71950e-05
 Reference value :  1.72568e-05
 Reference value :  1.73235e-05
 Reference value :  1.73867e-05
 Reference value :  1.74565e-05
 Reference value :  1.75189e-05
 Reference value :  1.75856e-05
 Reference value :  1.76487e-05
 Reference value :  1.77131e-05
 Reference value :  1.77868e-05
 Reference value :  1.78569e-05
 Reference value :  1.79271e-05
 Reference value :  1.79909e-05
 Reference value :  1.80646e-05
 Reference value :  1.81278e-05
 Reference value :  1.81855e-05
 Reference value :  1.82448e-05
 Reference value :  1.83079e-05
 Reference value :  1.83676e-05
 Reference value :  1.84224e-05
 Reference value :  1.84855e-05
 Reference value :  1.85487e-05
 Reference value :  1.86189e-05
 Reference value :  1.86874e-05
 Reference value :  1.87576e-05
 Reference value :  1.88243e-05
 Reference value :  1.88855e-05
 Reference value :  1.89529e-05
 Reference value :  1.90196e-05
 Reference value :  1.90862e-05
 Reference value :  1.91498e-05
 Reference value :  1.92165e-05
 Reference value :  1.92831e-05
 Reference value :  1.93568e-05
 Reference value :  1.94171e-05
 Reference value :  1.94802e-05
 Reference value :  1.95469e-05
 Reference value :  1.96123e-05
 Reference value :  1.96790e-05
 Reference value :  1.97492e-05
 Reference value :  1.98159e-05
 Reference value :  1.98724e-05
 Reference value :  1.99391e-05
 Reference value :  2.00057e-05
 Reference value :  2.00724e-05
 Reference value :  2.01240e-05
 Reference value :  2.01872e-05
 Reference value :  2.02469e-05
 Reference value :  2.03095e-05
 Reference value :  2.03737e-05
 Reference value :  2.04474e-05
 Reference value :  2.05140e-05
 Reference value :  2.05812e-05
 Reference value :  2.06513e-05
 Reference value :  2.07180e-05
 Reference value :  2.07847e-05
 Reference value :  2.08450e-05
 Reference value :  2.09117e-05
 Reference value :  2.09784e-05
 Reference value :  2.10391e-05
No. of Data Rows : 6102
vhold_min           =  1.20000e+00 at=  1.85275e-08
tfirst              =  1.27951e-06
t1                  =  1.29438e-05
t2                  =  1.34208e-05
t3                  =  1.38962e-05
t4                  =  1.43721e-05
t5                  =  1.48479e-05
t6                  =  1.53235e-05
t7                  =  1.57984e-05
t8                  =  1.62750e-05
t9                  =  1.67504e-05
t10                 =  1.72251e-05
t11                 =  1.77022e-05
t12                 =  1.81776e-05
idd_run             =  -6.70601e-06 from=  1.26300e-05 to=  2.10500e-05
vmax                =  1.21628e+00 at=  1.58029e-05
vmin                =  -8.42154e-03 at=  1.36541e-05
Note: Simulation executed from .control section 
Warning: m=xx on .subckt line will override multiplier m hierarchy!

Note: Starting dynamic gmin stepping
Note: Dynamic gmin stepping completed
Note: Starting dynamic gmin stepping
Note: Dynamic gmin stepping completed
