
Note: Compatibility modes selected: hs a


Circuit: * tt_analog_ring, code 0

Doing analysis at TEMP = 27.000000 and TNOM = 27.000000

Using SPARSE 1.3 as Direct Linear Solver
 Reference value :  0.00000e+00
No. of Data Rows : 1
idd_dis=5.53629E-06 vbp=0.856926 vbn=0.248696 clk_dis=1.2
Doing analysis at TEMP = 27.000000 and TNOM = 27.000000

Using SPARSE 1.3 as Direct Linear Solver

Initial Transient Solution
--------------------------

Node                                   Voltage
----                                   -------
vpwr                                       1.2
code[0]                                      0
code[1]                                      0
code[2]                                      0
code[3]                                      0
code[4]                                      0
code[5]                                      0
code[6]                                      0
code[7]                                      0
enable                                       0
xdut.vbp                              0.856926
clk_out                                    1.2
xdut.b1                            1.64687e-07
xdut.s3                            1.68172e-05
xdut.s2                                1.19999
xdut.n_126                             1.19999
xdut.s1                            1.67967e-05
xdut.n_125                             1.19999
xdut.s10                               1.19999
xdut.s6                                1.19999
xdut.s5                            1.23412e-05
xdut.n_128                             1.19999
xdut.s9                            2.12351e-05
xdut.n_133                             1.19999
xdut.s4                                1.19999
xdut.n_129                             1.19999
xdut.s8                                1.19999
xdut.n_132                             1.19999
xdut.s7                            1.54986e-05
xdut.n_130                             1.19999
xdut.n_127                             1.19999
xdut.n_131                             1.19999
xdut.s0                                1.19999
xdut.n_124                             1.19999
xdut.n_71                          1.67105e-05
xdut.n_72                          1.54092e-05
xdut.n_70                          2.69495e-06
xdut.n_77                          1.67198e-05
xdut.n_75                          5.44252e-06
xdut.n_73                          2.62193e-06
xdut.n_67                          2.13042e-06
xdut.n_76                          1.45017e-06
xdut.n_69                          2.11397e-05
xdut.n_74                            1.225e-05
xdut.n_122                             1.19999
xdut.n_i1005                           1.02923
xdut.n_68                          3.93024e-06
xdut.vbn                              0.248696
ven#branch                         7.29948e-12
vc7#branch                         6.44183e-12
vc6#branch                         3.24697e-12
vc5#branch                         1.61482e-12
vc4#branch                         8.04293e-13
vc3#branch                         4.06276e-13
vc2#branch                         2.02138e-13
vc1#branch                         9.90313e-14
vc0#branch                         5.26371e-14
vdd#branch                        -5.53629e-06

 Reference value :  0.00000e+00
 Reference value :  1.51870e-07
 Reference value :  2.95739e-07
 Reference value :  4.43117e-07
 Reference value :  5.90495e-07
 Reference value :  7.37873e-07
 Reference value :  8.85251e-07
 Reference value :  1.03263e-06
 Reference value :  1.08124e-06
 Reference value :  1.15142e-06
 Reference value :  1.21458e-06
 Reference value :  1.27774e-06
 Reference value :  1.33905e-06
 Reference value :  1.40923e-06
 Reference value :  1.47240e-06
 Reference value :  1.53556e-06
 Reference value :  1.60574e-06
 Reference value :  1.66544e-06
 Reference value :  1.72860e-06
 Reference value :  1.79176e-06
 Reference value :  1.85843e-06
 Reference value :  1.93859e-06
 Reference value :  2.02983e-06
 Reference value :  2.09650e-06
 Reference value :  2.17370e-06
 Reference value :  2.23738e-06
 Reference value :  2.30405e-06
 Reference value :  2.37072e-06
 Reference value :  2.44441e-06
 Reference value :  2.51326e-06
 Reference value :  2.58344e-06
 Reference value :  2.65362e-06
 Reference value :  2.72380e-06
 Reference value :  2.78571e-06
 Reference value :  2.85589e-06
 Reference value :  2.92256e-06
 Reference value :  2.99625e-06
 Reference value :  3.06613e-06
 Reference value :  3.13281e-06
 Reference value :  3.19948e-06
 Reference value :  3.26966e-06
 Reference value :  3.33197e-06
 Reference value :  3.40215e-06
 Reference value :  3.46882e-06
 Reference value :  3.53549e-06
 Reference value :  3.60174e-06
 Reference value :  3.67543e-06
 Reference value :  3.74210e-06
 Reference value :  3.81228e-06
 Reference value :  3.88209e-06
 Reference value :  3.94486e-06
 Reference value :  4.00101e-06
 Reference value :  4.06066e-06
 Reference value :  4.12733e-06
 Reference value :  4.19012e-06
 Reference value :  4.25328e-06
 Reference value :  4.31293e-06
 Reference value :  4.37960e-06
 Reference value :  4.44941e-06
 Reference value :  4.50874e-06
 Reference value :  4.57190e-06
 Reference value :  4.63857e-06
 Reference value :  4.70875e-06
 Reference value :  4.77154e-06
 Reference value :  4.83821e-06
 Reference value :  4.90488e-06
 Reference value :  4.97155e-06
 Reference value :  5.03060e-06
 Reference value :  5.10078e-06
 Reference value :  5.16043e-06
 Reference value :  5.22360e-06
 Reference value :  5.28892e-06
 Reference value :  5.35653e-06
 Reference value :  5.41969e-06
 Reference value :  5.48285e-06
 Reference value :  5.54952e-06
 Reference value :  5.61279e-06
 Reference value :  5.67946e-06
 Reference value :  5.74263e-06
 Reference value :  5.80579e-06
 Reference value :  5.86420e-06
 Reference value :  5.93087e-06
 Reference value :  5.99755e-06
 Reference value :  6.06071e-06
 Reference value :  6.13089e-06
 Reference value :  6.19088e-06
 Reference value :  6.25755e-06
 Reference value :  6.32071e-06
 Reference value :  6.38738e-06
 Reference value :  6.44569e-06
 Reference value :  6.51587e-06
 Reference value :  6.57903e-06
 Reference value :  6.64570e-06
 Reference value :  6.71588e-06
 Reference value :  6.77596e-06
 Reference value :  6.83912e-06
 Reference value :  6.90228e-06
 Reference value :  6.96895e-06
 Reference value :  7.03076e-06
 Reference value :  7.10094e-06
 Reference value :  7.16410e-06
 Reference value :  7.23077e-06
 Reference value :  7.28924e-06
 Reference value :  7.35404e-06
 Reference value :  7.41369e-06
 Reference value :  7.47686e-06
 Reference value :  7.54002e-06
 Reference value :  7.59829e-06
 Reference value :  7.66496e-06
 Reference value :  7.72461e-06
 Reference value :  7.78777e-06
 Reference value :  7.85444e-06
 Reference value :  7.91810e-06
 Reference value :  7.98126e-06
 Reference value :  8.04793e-06
 Reference value :  8.11461e-06
 Reference value :  8.17635e-06
 Reference value :  8.24302e-06
 Reference value :  8.30969e-06
 Reference value :  8.37636e-06
 Reference value :  8.44006e-06
 Reference value :  8.50674e-06
 Reference value :  8.56990e-06
 Reference value :  8.63306e-06
 Reference value :  8.69619e-06
 Reference value :  8.76847e-06
 Reference value :  8.83514e-06
 Reference value :  8.89830e-06
 Reference value :  8.96848e-06
 Reference value :  9.02871e-06
 Reference value :  9.09187e-06
 Reference value :  9.15504e-06
 Reference value :  9.21820e-06
 Reference value :  9.27568e-06
 Reference value :  9.34235e-06
 Reference value :  9.40902e-06
 Reference value :  9.47218e-06
 Reference value :  9.54587e-06
 Reference value :  9.61015e-06
 Reference value :  9.68033e-06
 Reference value :  9.75402e-06
 Reference value :  9.82771e-06
 Reference value :  9.89736e-06
 Reference value :  9.96754e-06
 Reference value :  1.00342e-05
 Reference value :  1.01114e-05
 Reference value :  1.01748e-05
 Reference value :  1.02449e-05
 Reference value :  1.03116e-05
 Reference value :  1.03853e-05
 Reference value :  1.04512e-05
 Reference value :  1.05214e-05
 Reference value :  1.05915e-05
 Reference value :  1.06687e-05
 Reference value :  1.07364e-05
 Reference value :  1.08066e-05
 Reference value :  1.08768e-05
 Reference value :  1.09505e-05
 Reference value :  1.10194e-05
 Reference value :  1.10896e-05
 Reference value :  1.11598e-05
 Reference value :  1.12335e-05
 Reference value :  1.13004e-05
 Reference value :  1.13705e-05
 Reference value :  1.14372e-05
 Reference value :  1.15074e-05
 Reference value :  1.15719e-05
 Reference value :  1.16421e-05
 Reference value :  1.17087e-05
 Reference value :  1.17824e-05
 Reference value :  1.18493e-05
 Reference value :  1.19195e-05
 Reference value :  1.19861e-05
 Reference value :  1.20528e-05
 Reference value :  1.21223e-05
 Reference value :  1.21925e-05
 Reference value :  1.22557e-05
 Reference value :  1.23223e-05
 Reference value :  1.23925e-05
 Reference value :  1.24533e-05
 Reference value :  1.25164e-05
 Reference value :  1.25796e-05
 Reference value :  1.26463e-05
 Reference value :  1.27117e-05
 Reference value :  1.27748e-05
 Reference value :  1.28380e-05
 Reference value :  1.29082e-05
 Reference value :  1.29720e-05
 Reference value :  1.30492e-05
 Reference value :  1.31159e-05
 Reference value :  1.31825e-05
 Reference value :  1.32531e-05
 Reference value :  1.33268e-05
 Reference value :  1.33970e-05
 Reference value :  1.34847e-05
 Reference value :  1.35551e-05
 Reference value :  1.36217e-05
 Reference value :  1.36919e-05
 Reference value :  1.37621e-05
 Reference value :  1.38263e-05
 Reference value :  1.39035e-05
 Reference value :  1.39737e-05
 Reference value :  1.40474e-05
 Reference value :  1.41119e-05
 Reference value :  1.41856e-05
 Reference value :  1.42593e-05
 Reference value :  1.43435e-05
 Reference value :  1.44133e-05
 Reference value :  1.44834e-05
 Reference value :  1.45501e-05
 Reference value :  1.46238e-05
 Reference value :  1.46907e-05
 Reference value :  1.47609e-05
 Reference value :  1.48311e-05
 Reference value :  1.49012e-05
 Reference value :  1.49678e-05
 Reference value :  1.50415e-05
 Reference value :  1.51082e-05
 Reference value :  1.51819e-05
 Reference value :  1.52460e-05
 Reference value :  1.53232e-05
 Reference value :  1.53934e-05
 Reference value :  1.54671e-05
 Reference value :  1.55393e-05
 Reference value :  1.56130e-05
 Reference value :  1.56796e-05
 Reference value :  1.57498e-05
 Reference value :  1.58190e-05
 Reference value :  1.58927e-05
 Reference value :  1.59628e-05
 Reference value :  1.60330e-05
 Reference value :  1.60989e-05
 Reference value :  1.61761e-05
 Reference value :  1.62603e-05
 Reference value :  1.63340e-05
 Reference value :  1.64193e-05
 Reference value :  1.65035e-05
 Reference value :  1.65702e-05
 Reference value :  1.66399e-05
 Reference value :  1.67164e-05
 Reference value :  1.67866e-05
 Reference value :  1.68533e-05
 Reference value :  1.69305e-05
 Reference value :  1.69942e-05
 Reference value :  1.70609e-05
 Reference value :  1.71276e-05
 Reference value :  1.72013e-05
 Reference value :  1.72682e-05
 Reference value :  1.73384e-05
 Reference value :  1.74086e-05
 Reference value :  1.74822e-05
 Reference value :  1.75529e-05
 Reference value :  1.76265e-05
 Reference value :  1.77037e-05
 Reference value :  1.77749e-05
 Reference value :  1.78482e-05
 Reference value :  1.79184e-05
 Reference value :  1.79816e-05
 Reference value :  1.80588e-05
 Reference value :  1.81233e-05
 Reference value :  1.81900e-05
 Reference value :  1.82636e-05
 Reference value :  1.83338e-05
 Reference value :  1.84008e-05
 Reference value :  1.84675e-05
 Reference value :  1.85377e-05
 Reference value :  1.86114e-05
 Reference value :  1.86781e-05
 Reference value :  1.87483e-05
 Reference value :  1.88080e-05
 Reference value :  1.88711e-05
 Reference value :  1.89377e-05
 Reference value :  1.90043e-05
 Reference value :  1.90675e-05
 Reference value :  1.91307e-05
 Reference value :  1.92043e-05
 Reference value :  1.92658e-05
 Reference value :  1.93290e-05
 Reference value :  1.93921e-05
 Reference value :  1.94588e-05
 Reference value :  1.95182e-05
 Reference value :  1.95813e-05
 Reference value :  1.96410e-05
 Reference value :  1.97077e-05
 Reference value :  1.97743e-05
 Reference value :  1.98343e-05
 Reference value :  1.98974e-05
 Reference value :  1.99571e-05
 Reference value :  2.00238e-05
 Reference value :  2.00853e-05
 Reference value :  2.01519e-05
 Reference value :  2.02151e-05
 Reference value :  2.02818e-05
 Reference value :  2.03430e-05
 Reference value :  2.04073e-05
 Reference value :  2.04669e-05
 Reference value :  2.05301e-05
 Reference value :  2.05967e-05
 Reference value :  2.06640e-05
 Reference value :  2.07271e-05
 Reference value :  2.07903e-05
 Reference value :  2.08605e-05
 Reference value :  2.09181e-05
 Reference value :  2.09883e-05
 Reference value :  2.10472e-05
No. of Data Rows : 6086
vhold_min           =  1.20000e+00 at=  4.65995e-08
tfirst              =  1.31147e-06
t1                  =  1.29619e-05
t2                  =  1.35286e-05
t3                  =  1.40956e-05
t4                  =  1.46642e-05
t5                  =  1.52322e-05
t6                  =  1.57992e-05
t7                  =  1.63673e-05
t8                  =  1.69351e-05
t9                  =  1.75016e-05
t10                 =  1.80698e-05
t11                 =  1.86376e-05
t12                 =  1.92049e-05
idd_run             =  -6.37249e-06 from=  1.26300e-05 to=  2.10500e-05
vmax                =  1.21315e+00 at=  2.03430e-05
vmin                =  -1.08957e-02 at=  1.26667e-05
Note: Simulation executed from .control section 
Warning: m=xx on .subckt line will override multiplier m hierarchy!

Note: Starting dynamic gmin stepping
Note: Dynamic gmin stepping completed
Note: Starting dynamic gmin stepping
Note: Dynamic gmin stepping completed
