
Note: No compatibility mode selected!


Circuit: * nand as inverter: a=1, pulse b

Doing analysis at TEMP = 27.000000 and TNOM = 27.000000

Using SPARSE 1.3 as Direct Linear Solver

Initial Transient Solution
--------------------------

Node                                   Voltage
----                                   -------
vpwr                                      1.32
code[0]                                      0
code[1]                                      0
code[2]                                      0
code[3]                                      0
code[4]                                      0
code[5]                                      0
code[6]                                      0
code[7]                                      0
vbp                                   0.926631
vbn                                   0.314691
a                                         1.32
p                                            0
xdrv.net1                                 1.32
b                                         1.32
xdrv.net2                          6.96901e-08
xnand.net1                                1.32
y                                  8.03529e-06
xnand.net2                         8.02036e-06
xnand.net3                         7.99705e-06
xload.net1                                1.32
z                                         1.32
xload.net2                         6.97058e-08
xload2.net1                               1.32
zz                                 1.93734e-06
xload2.net2                        1.92707e-06
vin#branch                         3.25691e-12
va#branch                         -7.70928e-12
vc7#branch                         2.11936e-12
vc6#branch                         1.05967e-12
vc5#branch                         5.29831e-13
vc4#branch                         2.64908e-13
vc3#branch                         1.32447e-13
vc2#branch                         6.62168e-14
vc1#branch                         3.31016e-14
vc0#branch                         1.65439e-14
vdd#branch                        -5.97832e-06

 Reference value :  0.00000e+00
 Reference value :  7.82441e-08
 Reference value :  1.46044e-07
 Reference value :  2.10791e-07
 Reference value :  2.93699e-07
 Reference value :  3.74765e-07
 Reference value :  4.32982e-07
 Reference value :  5.08257e-07
 Reference value :  5.92218e-07
 Reference value :  6.66554e-07
 Reference value :  7.26037e-07
 Reference value :  8.07103e-07
 Reference value :  8.88958e-07
 Reference value :  9.50860e-07
 Reference value :  1.02087e-06
 Reference value :  1.10141e-06
 Reference value :  1.18221e-06
 Reference value :  1.23418e-06
 Reference value :  1.31208e-06
 Reference value :  1.39262e-06
 Reference value :  1.46268e-06
 Reference value :  1.52585e-06
No. of Data Rows : 6065
tin_f               =  6.65970e-07
tout_r              =  6.80014e-07
tin_r               =  9.32758e-07
tout_f              =  9.44439e-07
tplh=1.40444E-08 tphl=1.16808E-08
Note: Simulation executed from .control section 
Note: Starting dynamic gmin stepping
Note: Dynamic gmin stepping completed
