
Note: Compatibility modes selected: hs a


Circuit: * tt_analog_ring, code 32

Doing analysis at TEMP = -40.000000 and TNOM = 27.000000

Using SPARSE 1.3 as Direct Linear Solver
 Reference value :  0.00000e+00
No. of Data Rows : 1
idd_dis=0.000141058 vbp=0.696412 vbn=0.390878 clk_dis=1.2
Doing analysis at TEMP = -40.000000 and TNOM = 27.000000

Using SPARSE 1.3 as Direct Linear Solver

Initial Transient Solution
--------------------------

Node                                   Voltage
----                                   -------
vpwr                                       1.2
code[0]                                      0
code[1]                                      0
code[2]                                      0
code[3]                                      0
code[4]                                      0
code[5]                                    1.2
code[6]                                      0
code[7]                                      0
enable                                       0
xdut.vbp                              0.696412
clk_out                                    1.2
xdut.b1                            1.90657e-07
xdut.s3                            9.65896e-07
xdut.s2                                    1.2
xdut.n_126                                 1.2
xdut.s1                            9.65897e-07
xdut.n_125                                 1.2
xdut.s10                                   1.2
xdut.s6                                    1.2
xdut.s5                            9.65896e-07
xdut.n_128                                 1.2
xdut.s9                            9.65896e-07
xdut.n_133                                 1.2
xdut.s4                                    1.2
xdut.n_129                                 1.2
xdut.s8                                    1.2
xdut.n_132                                 1.2
xdut.s7                            9.65896e-07
xdut.n_130                                 1.2
xdut.n_127                                 1.2
xdut.n_131                                 1.2
xdut.s0                                    1.2
xdut.n_124                                 1.2
xdut.n_71                          8.92096e-07
xdut.n_72                          8.92095e-07
xdut.n_70                          4.02261e-08
xdut.n_77                          8.92095e-07
xdut.n_75                          4.02261e-08
xdut.n_73                          4.02261e-08
xdut.n_67                          4.02261e-08
xdut.n_76                          4.02261e-08
xdut.n_69                          8.92095e-07
xdut.n_74                          8.92095e-07
xdut.n_122                                 1.2
xdut.n_i1005                           1.02115
xdut.n_68                           6.3804e-08
xdut.vbn                              0.390878
ven#branch                         1.49858e-11
vc7#branch                         6.40579e-12
vc6#branch                         3.20289e-12
vc5#branch                        -2.85458e-08
vc4#branch                         8.00723e-13
vc3#branch                         4.00362e-13
vc2#branch                         2.00181e-13
vc1#branch                          1.0009e-13
vc0#branch                         5.00452e-14
vdd#branch                        -0.000141058

 Reference value :  0.00000e+00
 Reference value :  7.06009e-09
 Reference value :  1.93199e-08
 Reference value :  2.90499e-08
 Reference value :  3.89745e-08
 Reference value :  4.90937e-08
 Reference value :  5.82176e-08
 Reference value :  6.12368e-08
 Reference value :  6.53234e-08
 Reference value :  6.93954e-08
 Reference value :  7.45705e-08
 Reference value :  7.93936e-08
 Reference value :  8.28670e-08
 Reference value :  8.69536e-08
 Reference value :  9.08633e-08
 Reference value :  9.47553e-08
 Reference value :  9.95852e-08
 Reference value :  1.03645e-07
 Reference value :  1.07537e-07
 Reference value :  1.11346e-07
 Reference value :  1.16016e-07
 Reference value :  1.20811e-07
 Reference value :  1.25481e-07
 Reference value :  1.30003e-07
 Reference value :  1.34479e-07
 Reference value :  1.38760e-07
 Reference value :  1.42410e-07
 Reference value :  1.46302e-07
 Reference value :  1.49991e-07
 Reference value :  1.53830e-07
 Reference value :  1.57916e-07
 Reference value :  1.61947e-07
 Reference value :  1.67006e-07
 Reference value :  1.70808e-07
 Reference value :  1.74700e-07
 Reference value :  1.78787e-07
 Reference value :  1.82608e-07
 Reference value :  1.86694e-07
 Reference value :  1.90606e-07
 Reference value :  1.94693e-07
 Reference value :  1.98974e-07
 Reference value :  2.02415e-07
 Reference value :  2.06112e-07
 Reference value :  2.10004e-07
 Reference value :  2.13036e-07
 Reference value :  2.16539e-07
 Reference value :  2.20390e-07
 Reference value :  2.24058e-07
 Reference value :  2.27756e-07
 Reference value :  2.31296e-07
 Reference value :  2.34993e-07
 Reference value :  2.39080e-07
 Reference value :  2.42919e-07
 Reference value :  2.47005e-07
 Reference value :  2.50821e-07
 Reference value :  2.54890e-07
 Reference value :  2.58977e-07
 Reference value :  2.62992e-07
 Reference value :  2.66884e-07
 Reference value :  2.70841e-07
 Reference value :  2.74682e-07
 Reference value :  2.79937e-07
 Reference value :  2.83960e-07
 Reference value :  2.88047e-07
 Reference value :  2.91860e-07
 Reference value :  2.95752e-07
 Reference value :  3.00033e-07
 Reference value :  3.03854e-07
 Reference value :  3.07941e-07
 Reference value :  3.12072e-07
 Reference value :  3.15964e-07
 Reference value :  3.20245e-07
 Reference value :  3.23893e-07
 Reference value :  3.27980e-07
 Reference value :  3.31995e-07
 Reference value :  3.36471e-07
 Reference value :  3.40947e-07
 Reference value :  3.44774e-07
 Reference value :  3.48861e-07
 Reference value :  3.52683e-07
 Reference value :  3.56770e-07
 Reference value :  3.60856e-07
 Reference value :  3.64678e-07
 Reference value :  3.68570e-07
 Reference value :  3.72489e-07
 Reference value :  3.76575e-07
 Reference value :  3.80856e-07
 Reference value :  3.84689e-07
 Reference value :  3.88581e-07
 Reference value :  3.92580e-07
 Reference value :  3.96472e-07
 Reference value :  4.01685e-07
 Reference value :  4.05549e-07
 Reference value :  4.09635e-07
 Reference value :  4.13365e-07
 Reference value :  4.17257e-07
 Reference value :  4.21538e-07
 Reference value :  4.25179e-07
 Reference value :  4.29266e-07
 Reference value :  4.33066e-07
 Reference value :  4.36958e-07
 Reference value :  4.41239e-07
 Reference value :  4.45060e-07
 Reference value :  4.49147e-07
 Reference value :  4.54233e-07
 Reference value :  4.58125e-07
 Reference value :  4.62179e-07
 Reference value :  4.66240e-07
 Reference value :  4.70521e-07
 Reference value :  4.74127e-07
 Reference value :  4.78214e-07
 Reference value :  4.82259e-07
 Reference value :  4.86317e-07
 Reference value :  4.90598e-07
 Reference value :  4.94530e-07
 Reference value :  4.98616e-07
 Reference value :  5.02652e-07
 Reference value :  5.06738e-07
 Reference value :  5.10825e-07
 Reference value :  5.14436e-07
 Reference value :  5.18522e-07
 Reference value :  5.22568e-07
 Reference value :  5.26625e-07
 Reference value :  5.30906e-07
 Reference value :  5.34591e-07
 Reference value :  5.38483e-07
 Reference value :  5.42725e-07
 Reference value :  5.46782e-07
 Reference value :  5.51063e-07
 Reference value :  5.54723e-07
 Reference value :  5.58809e-07
 Reference value :  5.63603e-07
 Reference value :  5.68857e-07
 Reference value :  5.73720e-07
 Reference value :  5.78391e-07
 Reference value :  5.82866e-07
 Reference value :  5.86691e-07
 Reference value :  5.90973e-07
 Reference value :  5.94810e-07
 Reference value :  5.98896e-07
 Reference value :  6.03136e-07
 Reference value :  6.07193e-07
 Reference value :  6.11669e-07
 Reference value :  6.15387e-07
 Reference value :  6.19474e-07
 Reference value :  6.23695e-07
 Reference value :  6.27587e-07
 Reference value :  6.32063e-07
 Reference value :  6.35668e-07
 Reference value :  6.39755e-07
 Reference value :  6.43774e-07
 Reference value :  6.47858e-07
 Reference value :  6.52139e-07
 Reference value :  6.55893e-07
 Reference value :  6.59785e-07
 Reference value :  6.63832e-07
 Reference value :  6.67724e-07
 Reference value :  6.72005e-07
 Reference value :  6.75671e-07
 Reference value :  6.79757e-07
 Reference value :  6.84038e-07
 Reference value :  6.87930e-07
 Reference value :  6.92212e-07
 Reference value :  6.96204e-07
 Reference value :  7.00096e-07
 Reference value :  7.04377e-07
 Reference value :  7.08464e-07
 Reference value :  7.12745e-07
 Reference value :  7.16536e-07
 Reference value :  7.20622e-07
 Reference value :  7.25098e-07
 Reference value :  7.30352e-07
 Reference value :  7.34732e-07
 Reference value :  7.39208e-07
 Reference value :  7.44268e-07
 Reference value :  7.49911e-07
 Reference value :  7.54870e-07
 Reference value :  7.60319e-07
 Reference value :  7.65573e-07
 Reference value :  7.70827e-07
 Reference value :  7.75791e-07
 Reference value :  7.80850e-07
 Reference value :  7.86104e-07
 Reference value :  7.90969e-07
 Reference value :  7.95735e-07
 Reference value :  8.00405e-07
 Reference value :  8.04686e-07
 Reference value :  8.08384e-07
 Reference value :  8.12081e-07
 Reference value :  8.15682e-07
 Reference value :  8.19184e-07
 Reference value :  8.22882e-07
 Reference value :  8.26579e-07
 Reference value :  8.30277e-07
 Reference value :  8.34169e-07
 Reference value :  8.38351e-07
 Reference value :  8.43605e-07
 Reference value :  8.47886e-07
 Reference value :  8.52167e-07
 Reference value :  8.57130e-07
 Reference value :  8.62384e-07
 Reference value :  8.66665e-07
 Reference value :  8.70752e-07
 Reference value :  8.75016e-07
 Reference value :  8.79021e-07
 Reference value :  8.83691e-07
 Reference value :  8.87778e-07
 Reference value :  8.92059e-07
 Reference value :  8.96243e-07
 Reference value :  9.00329e-07
 Reference value :  9.04805e-07
 Reference value :  9.09670e-07
 Reference value :  9.14924e-07
 Reference value :  9.19886e-07
 Reference value :  9.24945e-07
 Reference value :  9.30005e-07
 Reference value :  9.35259e-07
 Reference value :  9.38859e-07
 Reference value :  9.42556e-07
 Reference value :  9.46448e-07
 Reference value :  9.50146e-07
 Reference value :  9.54038e-07
 Reference value :  9.57442e-07
 Reference value :  9.61140e-07
 Reference value :  9.65032e-07
 Reference value :  9.68729e-07
 Reference value :  9.72427e-07
 Reference value :  9.76026e-07
 Reference value :  9.79724e-07
 Reference value :  9.83810e-07
 Reference value :  9.89065e-07
 Reference value :  9.94124e-07
 Reference value :  9.98502e-07
 Reference value :  1.00220e-06
 Reference value :  1.00629e-06
 Reference value :  1.01057e-06
 Reference value :  1.01485e-06
 Reference value :  1.01864e-06
 Reference value :  1.02273e-06
 Reference value :  1.02779e-06
 Reference value :  1.03324e-06
 Reference value :  1.03762e-06
 Reference value :  1.04170e-06
 Reference value :  1.04598e-06
 Reference value :  1.05143e-06
 Reference value :  1.05628e-06
 Reference value :  1.06087e-06
 Reference value :  1.06613e-06
 Reference value :  1.07060e-06
 Reference value :  1.07488e-06
 Reference value :  1.07887e-06
 Reference value :  1.08452e-06
 Reference value :  1.08938e-06
 Reference value :  1.09347e-06
 Reference value :  1.09765e-06
 Reference value :  1.10174e-06
 Reference value :  1.10602e-06
 Reference value :  1.11011e-06
 Reference value :  1.11439e-06
 Reference value :  1.11838e-06
 Reference value :  1.12246e-06
 Reference value :  1.12674e-06
 Reference value :  1.13083e-06
 Reference value :  1.13511e-06
 Reference value :  1.13910e-06
 Reference value :  1.14319e-06
 Reference value :  1.14747e-06
 Reference value :  1.15156e-06
 Reference value :  1.15584e-06
 Reference value :  1.15983e-06
 Reference value :  1.16411e-06
No. of Data Rows : 6075
vhold_min           =  1.20000e+00 at=  6.22720e-11
tfirst              =  6.89034e-08
t1                  =  7.03593e-07
t2                  =  7.23734e-07
t3                  =  7.43872e-07
t4                  =  7.64013e-07
t5                  =  7.84151e-07
t6                  =  8.04292e-07
t7                  =  8.24431e-07
t8                  =  8.44571e-07
t9                  =  8.64710e-07
t10                 =  8.84850e-07
t11                 =  9.04989e-07
t12                 =  9.25129e-07
idd_run             =  -1.47831e-04 from=  7.00700e-07 to=  1.16800e-06
vmax                =  1.20753e+00 at=  7.24125e-07
vmin                =  -1.62042e-02 at=  1.15681e-06
Note: Simulation executed from .control section 
Warning: m=xx on .subckt line will override multiplier m hierarchy!

Note: Starting dynamic gmin stepping
Note: Dynamic gmin stepping completed
Note: Starting dynamic gmin stepping
Note: Dynamic gmin stepping completed
