
Note: No compatibility mode selected!


Circuit: * tt_analog_ring, code 8

Doing analysis at TEMP = 125.000000 and TNOM = 27.000000

Using SPARSE 1.3 as Direct Linear Solver
 Reference value :  0.00000e+00
No. of Data Rows : 1
idd_dis=1.4061E-05 vbp=0.722766 vbn=0.270306 clk_dis=1.08
Doing analysis at TEMP = 125.000000 and TNOM = 27.000000

Using SPARSE 1.3 as Direct Linear Solver

Initial Transient Solution
--------------------------

Node                                   Voltage
----                                   -------
vpwr                                      1.08
code[0]                                      0
code[1]                                      0
code[2]                                      0
code[3]                                   1.08
code[4]                                      0
code[5]                                      0
code[6]                                      0
code[7]                                      0
enable                                       0
xdut.vbp                              0.722766
xdut.vbn                              0.270306
xdut.n0                            1.40469e-05
xdut.p0                                1.07999
xdut.na0                              0.912596
xdut.s0                                1.07998
xdut.s10                               1.07999
xdut.n1                             3.4652e-05
xdut.p1                                1.07998
xdut.s1                            3.53994e-05
xdut.n2                            6.11855e-06
xdut.p2                                1.07999
xdut.s2                                1.07999
xdut.n3                            3.46479e-05
xdut.p3                                1.07998
xdut.s3                            3.53951e-05
xdut.n4                            6.11855e-06
xdut.p4                                1.07999
xdut.s4                                1.07999
xdut.n5                            3.46479e-05
xdut.p5                                1.07998
xdut.s5                            3.53951e-05
xdut.n6                            6.11855e-06
xdut.p6                                1.07999
xdut.s6                                1.07999
xdut.n7                            3.46479e-05
xdut.p7                                1.07998
xdut.s7                            3.53951e-05
xdut.n8                            6.11855e-06
xdut.p8                                1.07999
xdut.s8                                1.07999
xdut.n9                            3.46479e-05
xdut.p9                                1.07998
xdut.s9                            3.53951e-05
xdut.n10                           6.11855e-06
xdut.p10                               1.07999
xdut.b1                             7.8112e-07
clk_out                                   1.08
ven#branch                         2.40829e-12
vc7#branch                         2.30104e-12
vc6#branch                         1.15052e-12
vc5#branch                         5.75261e-13
vc4#branch                          2.8763e-13
vc3#branch                         -9.0783e-10
vc2#branch                         7.19076e-14
vc1#branch                         3.59538e-14
vc0#branch                         1.79769e-14
vdd#branch                         -1.4061e-05

 Reference value :  0.00000e+00
 Reference value :  1.03224e-08
 Reference value :  2.31924e-08
 Reference value :  3.63924e-08
 Reference value :  4.99224e-08
 Reference value :  6.34524e-08
 Reference value :  7.63224e-08
 Reference value :  8.98524e-08
 Reference value :  9.91310e-08
 Reference value :  1.05821e-07
 Reference value :  1.13741e-07
 Reference value :  1.21001e-07
 Reference value :  1.28261e-07
 Reference value :  1.35851e-07
 Reference value :  1.44101e-07
 Reference value :  1.51907e-07
 Reference value :  1.59497e-07
 Reference value :  1.67087e-07
 Reference value :  1.74677e-07
 Reference value :  1.82267e-07
 Reference value :  1.90187e-07
 Reference value :  1.97777e-07
 Reference value :  2.05037e-07
 Reference value :  2.12957e-07
 Reference value :  2.20547e-07
 Reference value :  2.28137e-07
 Reference value :  2.35238e-07
 Reference value :  2.43488e-07
 Reference value :  2.50748e-07
 Reference value :  2.58668e-07
 Reference value :  2.66258e-07
 Reference value :  2.74838e-07
 Reference value :  2.82758e-07
 Reference value :  2.90348e-07
 Reference value :  2.98268e-07
 Reference value :  3.06188e-07
 Reference value :  3.13778e-07
 Reference value :  3.21698e-07
 Reference value :  3.28721e-07
 Reference value :  3.36311e-07
 Reference value :  3.44231e-07
 Reference value :  3.51821e-07
 Reference value :  3.59411e-07
 Reference value :  3.67331e-07
 Reference value :  3.75251e-07
 Reference value :  3.82841e-07
 Reference value :  3.90431e-07
 Reference value :  3.98351e-07
 Reference value :  4.05941e-07
 Reference value :  4.12633e-07
 Reference value :  4.21213e-07
 Reference value :  4.28803e-07
 Reference value :  4.36393e-07
 Reference value :  4.43983e-07
 Reference value :  4.51903e-07
 Reference value :  4.59823e-07
 Reference value :  4.67083e-07
 Reference value :  4.74673e-07
 Reference value :  4.81933e-07
 Reference value :  4.89523e-07
 Reference value :  4.97773e-07
 Reference value :  5.04466e-07
 Reference value :  5.12056e-07
 Reference value :  5.19976e-07
 Reference value :  5.27896e-07
 Reference value :  5.35486e-07
 Reference value :  5.43406e-07
 Reference value :  5.51326e-07
 Reference value :  5.58586e-07
 Reference value :  5.66176e-07
 Reference value :  5.73766e-07
 Reference value :  5.81356e-07
 Reference value :  5.89182e-07
 Reference value :  5.97288e-07
 Reference value :  6.04878e-07
 Reference value :  6.12468e-07
 Reference value :  6.20058e-07
 Reference value :  6.27648e-07
 Reference value :  6.35898e-07
 Reference value :  6.43488e-07
 Reference value :  6.51408e-07
 Reference value :  6.58998e-07
 Reference value :  6.66588e-07
 Reference value :  6.74178e-07
 Reference value :  6.80871e-07
 Reference value :  6.88791e-07
 Reference value :  6.96381e-07
 Reference value :  7.03641e-07
 Reference value :  7.11561e-07
 Reference value :  7.19481e-07
 Reference value :  7.27731e-07
 Reference value :  7.34991e-07
 Reference value :  7.42581e-07
 Reference value :  7.50171e-07
 Reference value :  7.57761e-07
 Reference value :  7.65351e-07
 Reference value :  7.72374e-07
 Reference value :  7.80294e-07
 Reference value :  7.88214e-07
 Reference value :  7.95804e-07
 Reference value :  8.03064e-07
 Reference value :  8.10984e-07
 Reference value :  8.18574e-07
 Reference value :  8.25834e-07
 Reference value :  8.33424e-07
 Reference value :  8.41014e-07
 Reference value :  8.48604e-07
 Reference value :  8.55770e-07
 Reference value :  8.63548e-07
 Reference value :  8.71138e-07
 Reference value :  8.78728e-07
 Reference value :  8.86318e-07
 Reference value :  8.93578e-07
 Reference value :  9.01828e-07
 Reference value :  9.09748e-07
 Reference value :  9.17668e-07
 Reference value :  9.25258e-07
 Reference value :  9.32848e-07
 Reference value :  9.40108e-07
 Reference value :  9.47132e-07
 Reference value :  9.55052e-07
 Reference value :  9.62642e-07
 Reference value :  9.70232e-07
 Reference value :  9.78152e-07
 Reference value :  9.86072e-07
 Reference value :  9.93992e-07
 Reference value :  1.00125e-06
 Reference value :  1.00884e-06
 Reference value :  1.01676e-06
 Reference value :  1.02435e-06
 Reference value :  1.03227e-06
 Reference value :  1.03897e-06
 Reference value :  1.04689e-06
 Reference value :  1.05448e-06
 Reference value :  1.06174e-06
 Reference value :  1.06933e-06
 Reference value :  1.07725e-06
 Reference value :  1.08484e-06
 Reference value :  1.09243e-06
 Reference value :  1.10035e-06
 Reference value :  1.10794e-06
 Reference value :  1.11520e-06
 Reference value :  1.12263e-06
 Reference value :  1.13048e-06
 Reference value :  1.13807e-06
 Reference value :  1.14566e-06
 Reference value :  1.15325e-06
 Reference value :  1.16084e-06
 Reference value :  1.16876e-06
 Reference value :  1.17635e-06
 Reference value :  1.18427e-06
 Reference value :  1.19153e-06
 Reference value :  1.19912e-06
 Reference value :  1.20671e-06
 Reference value :  1.21374e-06
 Reference value :  1.22166e-06
 Reference value :  1.22925e-06
 Reference value :  1.23684e-06
 Reference value :  1.24443e-06
 Reference value :  1.25235e-06
 Reference value :  1.26027e-06
 Reference value :  1.26819e-06
 Reference value :  1.27611e-06
 Reference value :  1.28370e-06
 Reference value :  1.29096e-06
 Reference value :  1.29888e-06
 Reference value :  1.30661e-06
 Reference value :  1.31420e-06
 Reference value :  1.32212e-06
 Reference value :  1.32971e-06
 Reference value :  1.33730e-06
 Reference value :  1.34555e-06
 Reference value :  1.35314e-06
 Reference value :  1.36040e-06
 Reference value :  1.36832e-06
 Reference value :  1.37591e-06
 Reference value :  1.38284e-06
 Reference value :  1.39028e-06
 Reference value :  1.39853e-06
 Reference value :  1.40612e-06
 Reference value :  1.41371e-06
 Reference value :  1.42097e-06
 Reference value :  1.42856e-06
 Reference value :  1.43681e-06
 Reference value :  1.44473e-06
 Reference value :  1.45232e-06
 Reference value :  1.45991e-06
 Reference value :  1.46717e-06
 Reference value :  1.47542e-06
 Reference value :  1.48300e-06
 Reference value :  1.49059e-06
 Reference value :  1.49818e-06
 Reference value :  1.50577e-06
 Reference value :  1.51336e-06
 Reference value :  1.52161e-06
 Reference value :  1.52920e-06
 Reference value :  1.53646e-06
 Reference value :  1.54372e-06
 Reference value :  1.55098e-06
 Reference value :  1.55857e-06
 Reference value :  1.56649e-06
 Reference value :  1.57426e-06
 Reference value :  1.58152e-06
 Reference value :  1.58911e-06
 Reference value :  1.59670e-06
 Reference value :  1.60396e-06
 Reference value :  1.61188e-06
 Reference value :  1.61947e-06
 Reference value :  1.62706e-06
 Reference value :  1.63465e-06
 Reference value :  1.64224e-06
 Reference value :  1.64950e-06
 Reference value :  1.65739e-06
 Reference value :  1.66531e-06
 Reference value :  1.67290e-06
 Reference value :  1.68049e-06
 Reference value :  1.68808e-06
 Reference value :  1.69567e-06
 Reference value :  1.70326e-06
 Reference value :  1.71118e-06
 Reference value :  1.71877e-06
 Reference value :  1.72636e-06
 Reference value :  1.73395e-06
 Reference value :  1.74187e-06
 Reference value :  1.74927e-06
 Reference value :  1.75653e-06
 Reference value :  1.76412e-06
 Reference value :  1.77204e-06
 Reference value :  1.77996e-06
 Reference value :  1.78788e-06
 Reference value :  1.79547e-06
 Reference value :  1.80306e-06
 Reference value :  1.81032e-06
 Reference value :  1.81791e-06
 Reference value :  1.82550e-06
 Reference value :  1.83335e-06
 Reference value :  1.84187e-06
 Reference value :  1.84946e-06
 Reference value :  1.85705e-06
 Reference value :  1.86497e-06
 Reference value :  1.87223e-06
 Reference value :  1.87982e-06
 Reference value :  1.88741e-06
 Reference value :  1.89500e-06
 Reference value :  1.90292e-06
 Reference value :  1.91051e-06
 Reference value :  1.91810e-06
 Reference value :  1.92565e-06
 Reference value :  1.93324e-06
 Reference value :  1.94083e-06
 Reference value :  1.94842e-06
 Reference value :  1.95634e-06
 Reference value :  1.96459e-06
 Reference value :  1.97317e-06
No. of Data Rows : 6028
vhold_min           =  1.08000e+00 at=  2.11200e-10
tfirst              =  1.44436e-07
t1                  =  1.25608e-06
t2                  =  1.34494e-06
t3                  =  1.43380e-06
t4                  =  1.52266e-06
t5                  =  1.61152e-06
t6                  =  1.70038e-06
t7                  =  1.78925e-06
t8                  =  1.87810e-06
t9                  =  1.96697e-06
idd_run             =  -1.50482e-05 from=  1.18800e-06 to=  1.98000e-06
vmax                =  1.09474e+00 at=  1.61221e-06
vmin                =  -1.57251e-02 at=  1.56673e-06
Note: Simulation executed from .control section 
Note: Starting dynamic gmin stepping
Note: Dynamic gmin stepping completed
Note: Starting dynamic gmin stepping
Note: Dynamic gmin stepping completed

Error: measure  t10  when(WHEN) : out of interval
 meas tran t10 when v(clk_out)=5.400000e-01 rise=10 from=1.188000e-06 failed!


Error: measure  t11  when(WHEN) : out of interval
 meas tran t11 when v(clk_out)=5.400000e-01 rise=11 from=1.188000e-06 failed!


Error: measure  t12  when(WHEN) : out of interval
 meas tran t12 when v(clk_out)=5.400000e-01 rise=12 from=1.188000e-06 failed!

