
Note: No compatibility mode selected!


Circuit: * tt_analog_ring, code 16

Doing analysis at TEMP = 125.000000 and TNOM = 27.000000

Using SPARSE 1.3 as Direct Linear Solver
 Reference value :  0.00000e+00
No. of Data Rows : 1
idd_dis=3.62753E-05 vbp=0.760801 vbn=0.213592 clk_dis=1.07999
Doing analysis at TEMP = 125.000000 and TNOM = 27.000000

Using SPARSE 1.3 as Direct Linear Solver

Initial Transient Solution
--------------------------

Node                                   Voltage
----                                   -------
vpwr                                      1.08
code[0]                                      0
code[1]                                      0
code[2]                                      0
code[3]                                      0
code[4]                                   1.08
code[5]                                      0
code[6]                                      0
code[7]                                      0
enable                                       0
xdut.vbp                              0.760801
xdut.vbn                              0.213592
xdut.n0                            0.000231897
xdut.p0                                1.07975
xdut.na0                              0.910471
xdut.s0                                1.07974
xdut.s10                               1.07984
xdut.n1                            0.000536025
xdut.p1                                1.07944
xdut.s1                            0.000559401
xdut.n2                            0.000136115
xdut.p2                                1.07985
xdut.s2                                1.07984
xdut.n3                            0.000535011
xdut.p3                                1.07944
xdut.s3                             0.00055834
xdut.n4                            0.000136112
xdut.p4                                1.07985
xdut.s4                                1.07984
xdut.n5                            0.000535011
xdut.p5                                1.07944
xdut.s5                             0.00055834
xdut.n6                            0.000136112
xdut.p6                                1.07985
xdut.s6                                1.07984
xdut.n7                            0.000535011
xdut.p7                                1.07944
xdut.s7                             0.00055834
xdut.n8                            0.000136112
xdut.p8                                1.07985
xdut.s8                                1.07984
xdut.n9                            0.000535011
xdut.p9                                1.07944
xdut.s9                             0.00055834
xdut.n10                           0.000136112
xdut.p10                               1.07985
xdut.b1                            2.39338e-05
clk_out                                1.07999
ven#branch                         2.77509e-11
vc7#branch                         1.01429e-10
vc6#branch                         5.07145e-11
vc5#branch                         2.53572e-11
vc4#branch                        -2.43397e-08
vc3#branch                         6.33931e-12
vc2#branch                         3.16965e-12
vc1#branch                         1.58483e-12
vc0#branch                         7.92414e-13
vdd#branch                        -3.62753e-05

 Reference value :  0.00000e+00
 Reference value :  5.65230e-09
 Reference value :  1.26996e-08
 Reference value :  1.97469e-08
 Reference value :  2.67942e-08
 Reference value :  3.38415e-08
 Reference value :  4.08888e-08
 Reference value :  4.79361e-08
 Reference value :  5.42650e-08
 Reference value :  5.77696e-08
 Reference value :  6.15643e-08
 Reference value :  6.59011e-08
 Reference value :  6.98765e-08
 Reference value :  7.40326e-08
 Reference value :  7.76763e-08
 Reference value :  8.18324e-08
 Reference value :  8.58078e-08
 Reference value :  8.97832e-08
 Reference value :  9.39393e-08
 Reference value :  9.79147e-08
 Reference value :  1.02071e-07
 Reference value :  1.06046e-07
 Reference value :  1.10202e-07
 Reference value :  1.14358e-07
 Reference value :  1.18257e-07
 Reference value :  1.22594e-07
 Reference value :  1.26750e-07
 Reference value :  1.30545e-07
 Reference value :  1.34339e-07
 Reference value :  1.38495e-07
 Reference value :  1.42652e-07
 Reference value :  1.46627e-07
 Reference value :  1.50602e-07
 Reference value :  1.54758e-07
 Reference value :  1.58468e-07
 Reference value :  1.62624e-07
 Reference value :  1.66599e-07
 Reference value :  1.70755e-07
 Reference value :  1.74731e-07
 Reference value :  1.78706e-07
 Reference value :  1.82682e-07
 Reference value :  1.86657e-07
 Reference value :  1.90813e-07
 Reference value :  1.94789e-07
 Reference value :  1.98764e-07
 Reference value :  2.02240e-07
 Reference value :  2.06396e-07
 Reference value :  2.10371e-07
 Reference value :  2.14528e-07
 Reference value :  2.18684e-07
 Reference value :  2.22659e-07
 Reference value :  2.26815e-07
 Reference value :  2.30610e-07
 Reference value :  2.34585e-07
 Reference value :  2.38561e-07
 Reference value :  2.42219e-07
 Reference value :  2.46375e-07
 Reference value :  2.50169e-07
 Reference value :  2.54145e-07
 Reference value :  2.58301e-07
 Reference value :  2.62276e-07
 Reference value :  2.66432e-07
 Reference value :  2.70408e-07
 Reference value :  2.74202e-07
 Reference value :  2.77997e-07
 Reference value :  2.82153e-07
 Reference value :  2.86238e-07
 Reference value :  2.90033e-07
 Reference value :  2.94009e-07
 Reference value :  2.97984e-07
 Reference value :  3.02321e-07
 Reference value :  3.06477e-07
 Reference value :  3.10452e-07
 Reference value :  3.14608e-07
 Reference value :  3.18764e-07
 Reference value :  3.22921e-07
 Reference value :  3.26639e-07
 Reference value :  3.30795e-07
 Reference value :  3.34771e-07
 Reference value :  3.38746e-07
 Reference value :  3.42721e-07
 Reference value :  3.46697e-07
 Reference value :  3.50853e-07
 Reference value :  3.54828e-07
 Reference value :  3.58804e-07
 Reference value :  3.63140e-07
 Reference value :  3.67031e-07
 Reference value :  3.71187e-07
 Reference value :  3.75343e-07
 Reference value :  3.79499e-07
 Reference value :  3.83655e-07
 Reference value :  3.87812e-07
 Reference value :  3.91968e-07
 Reference value :  3.95943e-07
 Reference value :  3.99918e-07
 Reference value :  4.04255e-07
 Reference value :  4.07915e-07
 Reference value :  4.12071e-07
 Reference value :  4.15866e-07
 Reference value :  4.19841e-07
 Reference value :  4.23817e-07
 Reference value :  4.27973e-07
 Reference value :  4.32129e-07
 Reference value :  4.36285e-07
 Reference value :  4.40260e-07
 Reference value :  4.44236e-07
 Reference value :  4.48392e-07
 Reference value :  4.52220e-07
 Reference value :  4.56014e-07
 Reference value :  4.59809e-07
 Reference value :  4.63784e-07
 Reference value :  4.67940e-07
 Reference value :  4.71916e-07
 Reference value :  4.75891e-07
 Reference value :  4.79867e-07
 Reference value :  4.84023e-07
 Reference value :  4.88179e-07
 Reference value :  4.91897e-07
 Reference value :  4.96053e-07
 Reference value :  5.00209e-07
 Reference value :  5.04004e-07
 Reference value :  5.07799e-07
 Reference value :  5.11955e-07
 Reference value :  5.16111e-07
 Reference value :  5.20086e-07
 Reference value :  5.24062e-07
 Reference value :  5.28037e-07
 Reference value :  5.31927e-07
 Reference value :  5.36445e-07
 Reference value :  5.40240e-07
 Reference value :  5.44396e-07
 Reference value :  5.48371e-07
 Reference value :  5.52527e-07
 Reference value :  5.56683e-07
 Reference value :  5.60659e-07
 Reference value :  5.64453e-07
 Reference value :  5.68429e-07
 Reference value :  5.72766e-07
 Reference value :  5.76604e-07
 Reference value :  5.80399e-07
 Reference value :  5.84193e-07
 Reference value :  5.88350e-07
 Reference value :  5.92506e-07
 Reference value :  5.96481e-07
 Reference value :  6.00456e-07
 Reference value :  6.04251e-07
 Reference value :  6.08227e-07
 Reference value :  6.12383e-07
 Reference value :  6.16034e-07
 Reference value :  6.20191e-07
 Reference value :  6.24347e-07
 Reference value :  6.28322e-07
 Reference value :  6.32117e-07
 Reference value :  6.36092e-07
 Reference value :  6.40248e-07
 Reference value :  6.44585e-07
 Reference value :  6.48741e-07
 Reference value :  6.52717e-07
 Reference value :  6.56617e-07
 Reference value :  6.60954e-07
 Reference value :  6.64749e-07
 Reference value :  6.68724e-07
 Reference value :  6.73061e-07
 Reference value :  6.77217e-07
 Reference value :  6.81373e-07
 Reference value :  6.85529e-07
 Reference value :  6.89505e-07
 Reference value :  6.93480e-07
 Reference value :  6.97590e-07
 Reference value :  7.01890e-07
 Reference value :  7.05866e-07
 Reference value :  7.09841e-07
 Reference value :  7.14178e-07
 Reference value :  7.18334e-07
 Reference value :  7.22671e-07
 Reference value :  7.26827e-07
 Reference value :  7.30802e-07
 Reference value :  7.34597e-07
 Reference value :  7.38753e-07
 Reference value :  7.42619e-07
 Reference value :  7.46594e-07
 Reference value :  7.50389e-07
 Reference value :  7.54183e-07
 Reference value :  7.58159e-07
 Reference value :  7.62134e-07
 Reference value :  7.66290e-07
 Reference value :  7.70266e-07
 Reference value :  7.74241e-07
 Reference value :  7.78578e-07
 Reference value :  7.82023e-07
 Reference value :  7.85998e-07
 Reference value :  7.90155e-07
 Reference value :  7.94130e-07
 Reference value :  7.98105e-07
 Reference value :  8.02081e-07
 Reference value :  8.06237e-07
 Reference value :  8.10393e-07
 Reference value :  8.14368e-07
 Reference value :  8.18163e-07
 Reference value :  8.22101e-07
 Reference value :  8.26408e-07
 Reference value :  8.30383e-07
 Reference value :  8.34178e-07
 Reference value :  8.38334e-07
 Reference value :  8.42490e-07
 Reference value :  8.46646e-07
 Reference value :  8.50802e-07
 Reference value :  8.54958e-07
 Reference value :  8.58753e-07
 Reference value :  8.62909e-07
 Reference value :  8.66995e-07
 Reference value :  8.70970e-07
 Reference value :  8.75126e-07
 Reference value :  8.79102e-07
 Reference value :  8.83438e-07
 Reference value :  8.87414e-07
 Reference value :  8.91389e-07
 Reference value :  8.95365e-07
 Reference value :  8.99521e-07
 Reference value :  9.03496e-07
 Reference value :  9.07396e-07
 Reference value :  9.11372e-07
 Reference value :  9.15347e-07
 Reference value :  9.19322e-07
 Reference value :  9.23117e-07
 Reference value :  9.27273e-07
 Reference value :  9.31429e-07
 Reference value :  9.35405e-07
 Reference value :  9.39199e-07
 Reference value :  9.43175e-07
 Reference value :  9.47247e-07
 Reference value :  9.51584e-07
 Reference value :  9.55379e-07
 Reference value :  9.59535e-07
 Reference value :  9.63510e-07
 Reference value :  9.67486e-07
 Reference value :  9.71461e-07
 Reference value :  9.75437e-07
 Reference value :  9.79412e-07
 Reference value :  9.83207e-07
 Reference value :  9.87543e-07
 Reference value :  9.91390e-07
 Reference value :  9.95366e-07
 Reference value :  9.99341e-07
 Reference value :  1.00332e-06
 Reference value :  1.00747e-06
 Reference value :  1.01145e-06
 Reference value :  1.01542e-06
 Reference value :  1.01940e-06
 Reference value :  1.02337e-06
 Reference value :  1.02753e-06
 Reference value :  1.03117e-06
 Reference value :  1.03514e-06
 Reference value :  1.03930e-06
 Reference value :  1.04328e-06
 Reference value :  1.04707e-06
 Reference value :  1.05087e-06
 Reference value :  1.05520e-06
 Reference value :  1.05936e-06
 Reference value :  1.06351e-06
 Reference value :  1.06731e-06
 Reference value :  1.07139e-06
 Reference value :  1.07573e-06
 Reference value :  1.07970e-06
 Reference value :  1.08368e-06
No. of Data Rows : 6029
vhold_min           =  1.07999e+00 at=  2.89120e-11
tfirst              =  7.48549e-08
t1                  =  6.76918e-07
t2                  =  7.18411e-07
t3                  =  7.59903e-07
t4                  =  8.01408e-07
t5                  =  8.42903e-07
t6                  =  8.84397e-07
t7                  =  9.25891e-07
t8                  =  9.67383e-07
t9                  =  1.00888e-06
t10                 =  1.05038e-06
idd_run             =  -3.94400e-05 from=  6.50400e-07 to=  1.08400e-06
vmax                =  1.09678e+00 at=  8.01719e-07
vmin                =  -1.94056e-02 at=  9.88032e-07
Note: Simulation executed from .control section 
Note: Starting dynamic gmin stepping
Note: Dynamic gmin stepping completed
Note: Starting dynamic gmin stepping
Note: Dynamic gmin stepping completed

Error: measure  t11  when(WHEN) : out of interval
 meas tran t11 when v(clk_out)=5.400000e-01 rise=11 from=6.504000e-07 failed!


Error: measure  t12  when(WHEN) : out of interval
 meas tran t12 when v(clk_out)=5.400000e-01 rise=12 from=6.504000e-07 failed!

