
Note: Compatibility modes selected: hs a


Circuit: * tt_analog_ring, code 1

Doing analysis at TEMP = -40.000000 and TNOM = 27.000000

Using SPARSE 1.3 as Direct Linear Solver
 Reference value :  0.00000e+00
No. of Data Rows : 1
idd_dis=1.41298E-05 vbp=0.877949 vbn=0.307395 clk_dis=1.32
Doing analysis at TEMP = -40.000000 and TNOM = 27.000000

Using SPARSE 1.3 as Direct Linear Solver

Initial Transient Solution
--------------------------

Node                                   Voltage
----                                   -------
vpwr                                      1.32
code[0]                                   1.32
code[1]                                      0
code[2]                                      0
code[3]                                      0
code[4]                                      0
code[5]                                      0
code[6]                                      0
code[7]                                      0
enable                                       0
xdut.vbp                              0.877949
clk_out                                   1.32
xdut.b1                            4.91302e-08
xdut.s3                            2.17246e-06
xdut.s2                                   1.32
xdut.n_126                                1.32
xdut.s1                            2.17246e-06
xdut.n_125                                1.32
xdut.s10                                  1.32
xdut.s6                                   1.32
xdut.s5                            2.17246e-06
xdut.n_128                                1.32
xdut.s9                            2.17246e-06
xdut.n_133                                1.32
xdut.s4                                   1.32
xdut.n_129                                1.32
xdut.s8                                   1.32
xdut.n_132                                1.32
xdut.s7                            2.17246e-06
xdut.n_130                                1.32
xdut.n_127                                1.32
xdut.n_131                                1.32
xdut.s0                                   1.32
xdut.n_124                                1.32
xdut.n_71                          2.15059e-06
xdut.n_72                          2.15059e-06
xdut.n_70                          5.00399e-08
xdut.n_77                          2.15059e-06
xdut.n_75                          5.00399e-08
xdut.n_73                          5.00399e-08
xdut.n_67                          5.00399e-08
xdut.n_76                          5.00399e-08
xdut.n_69                          2.15059e-06
xdut.n_74                          2.15059e-06
xdut.n_122                                1.32
xdut.n_i1005                           1.11171
xdut.n_68                          9.61248e-08
xdut.vbn                              0.307395
ven#branch                         4.15755e-12
vc7#branch                         6.74998e-12
vc6#branch                         3.37499e-12
vc5#branch                         1.68749e-12
vc4#branch                         8.43747e-13
vc3#branch                         4.21874e-13
vc2#branch                         2.10937e-13
vc1#branch                         1.05468e-13
vc0#branch                        -8.02122e-10
vdd#branch                        -1.41298e-05

 Reference value :  0.00000e+00
 Reference value :  1.73069e-07
 Reference value :  3.56989e-07
 Reference value :  5.38610e-07
 Reference value :  6.46663e-07
 Reference value :  6.97975e-07
 Reference value :  7.39357e-07
 Reference value :  7.94533e-07
 Reference value :  8.52536e-07
 Reference value :  9.00815e-07
 Reference value :  9.38442e-07
 Reference value :  9.84422e-07
 Reference value :  1.02700e-06
 Reference value :  1.06838e-06
 Reference value :  1.13045e-06
 Reference value :  1.19078e-06
 Reference value :  1.25810e-06
 Reference value :  1.30178e-06
 Reference value :  1.35006e-06
 Reference value :  1.41672e-06
 Reference value :  1.49752e-06
 Reference value :  1.57516e-06
 Reference value :  1.64327e-06
 Reference value :  1.71798e-06
 Reference value :  1.79385e-06
 Reference value :  1.86566e-06
 Reference value :  1.91023e-06
 Reference value :  1.96741e-06
 Reference value :  2.03861e-06
 Reference value :  2.11447e-06
 Reference value :  2.18594e-06
 Reference value :  2.25826e-06
 Reference value :  2.32723e-06
 Reference value :  2.40197e-06
 Reference value :  2.47648e-06
 Reference value :  2.55004e-06
 Reference value :  2.62428e-06
 Reference value :  2.70015e-06
 Reference value :  2.77142e-06
 Reference value :  2.84486e-06
 Reference value :  2.91291e-06
 Reference value :  2.98647e-06
 Reference value :  3.05894e-06
 Reference value :  3.13615e-06
 Reference value :  3.20741e-06
 Reference value :  3.27785e-06
 Reference value :  3.35291e-06
 Reference value :  3.42511e-06
 Reference value :  3.49627e-06
 Reference value :  3.56984e-06
 Reference value :  3.63227e-06
 Reference value :  3.70405e-06
 Reference value :  3.77992e-06
 Reference value :  3.85563e-06
 Reference value :  3.92580e-06
 Reference value :  3.99937e-06
 Reference value :  4.07658e-06
 Reference value :  4.14677e-06
 Reference value :  4.22033e-06
 Reference value :  4.29073e-06
 Reference value :  4.36331e-06
 Reference value :  4.43458e-06
 Reference value :  4.50465e-06
 Reference value :  4.57828e-06
 Reference value :  4.65184e-06
 Reference value :  4.72150e-06
 Reference value :  4.79815e-06
 Reference value :  4.87172e-06
 Reference value :  4.94617e-06
 Reference value :  5.01869e-06
 Reference value :  5.09456e-06
 Reference value :  5.16817e-06
 Reference value :  5.24233e-06
 Reference value :  5.31360e-06
 Reference value :  5.38540e-06
 Reference value :  5.45437e-06
 Reference value :  5.51060e-06
 Reference value :  5.55658e-06
 Reference value :  5.59857e-06
 Reference value :  5.64455e-06
 Reference value :  5.70329e-06
 Reference value :  5.75387e-06
 Reference value :  5.81356e-06
 Reference value :  5.88253e-06
 Reference value :  5.94743e-06
 Reference value :  6.01180e-06
 Reference value :  6.06066e-06
 Reference value :  6.12273e-06
 Reference value :  6.19047e-06
 Reference value :  6.26462e-06
 Reference value :  6.34049e-06
 Reference value :  6.41072e-06
 Reference value :  6.48184e-06
 Reference value :  6.55771e-06
 Reference value :  6.62712e-06
 Reference value :  6.69673e-06
 Reference value :  6.76800e-06
 Reference value :  6.84263e-06
 Reference value :  6.91677e-06
 Reference value :  6.99034e-06
 Reference value :  7.04678e-06
 Reference value :  7.11115e-06
 Reference value :  7.15925e-06
 Reference value :  7.22592e-06
 Reference value :  7.27000e-06
 Reference value :  7.34126e-06
 Reference value :  7.40403e-06
 Reference value :  7.47406e-06
 Reference value :  7.54303e-06
 Reference value :  7.60800e-06
 Reference value :  7.68280e-06
 Reference value :  7.75407e-06
 Reference value :  7.82058e-06
 Reference value :  7.86656e-06
 Reference value :  7.92672e-06
 Reference value :  7.96581e-06
 Reference value :  8.02631e-06
 Reference value :  8.08609e-06
 Reference value :  8.13775e-06
 Reference value :  8.18373e-06
 Reference value :  8.23375e-06
 Reference value :  8.29016e-06
 Reference value :  8.36262e-06
 Reference value :  8.43159e-06
 Reference value :  8.50300e-06
 Reference value :  8.57484e-06
 Reference value :  8.64381e-06
 Reference value :  8.71115e-06
 Reference value :  8.78012e-06
 Reference value :  8.84789e-06
 Reference value :  8.90761e-06
 Reference value :  8.96968e-06
 Reference value :  9.01589e-06
 Reference value :  9.05957e-06
 Reference value :  9.12962e-06
 Reference value :  9.19859e-06
 Reference value :  9.25271e-06
 Reference value :  9.32398e-06
 Reference value :  9.39754e-06
 Reference value :  9.47033e-06
 Reference value :  9.53930e-06
 Reference value :  9.61320e-06
 Reference value :  9.68095e-06
 Reference value :  9.73842e-06
 Reference value :  9.81018e-06
 Reference value :  9.87225e-06
 Reference value :  9.93269e-06
 Reference value :  9.97637e-06
 Reference value :  1.00206e-05
 Reference value :  1.00826e-05
 Reference value :  1.01413e-05
 Reference value :  1.01918e-05
 Reference value :  1.02462e-05
 Reference value :  1.02875e-05
 Reference value :  1.03335e-05
 Reference value :  1.03786e-05
 Reference value :  1.04200e-05
 Reference value :  1.04727e-05
 Reference value :  1.05486e-05
 Reference value :  1.06167e-05
 Reference value :  1.06890e-05
 Reference value :  1.07603e-05
 Reference value :  1.08371e-05
 Reference value :  1.09159e-05
 Reference value :  1.09895e-05
 Reference value :  1.10436e-05
 Reference value :  1.11172e-05
 Reference value :  1.11862e-05
 Reference value :  1.12672e-05
 Reference value :  1.13402e-05
 Reference value :  1.14059e-05
 Reference value :  1.14805e-05
 Reference value :  1.15610e-05
 Reference value :  1.16278e-05
 Reference value :  1.17017e-05
 Reference value :  1.17753e-05
 Reference value :  1.18429e-05
 Reference value :  1.19177e-05
 Reference value :  1.19936e-05
 Reference value :  1.20694e-05
 Reference value :  1.21399e-05
 Reference value :  1.22135e-05
 Reference value :  1.22852e-05
 Reference value :  1.23599e-05
 Reference value :  1.24334e-05
 Reference value :  1.25014e-05
 Reference value :  1.25742e-05
 Reference value :  1.26455e-05
 Reference value :  1.27116e-05
 Reference value :  1.27817e-05
 Reference value :  1.28510e-05
 Reference value :  1.29208e-05
 Reference value :  1.29943e-05
 Reference value :  1.30687e-05
 Reference value :  1.31407e-05
 Reference value :  1.32166e-05
 Reference value :  1.32914e-05
 Reference value :  1.33630e-05
 Reference value :  1.34389e-05
 Reference value :  1.35112e-05
 Reference value :  1.35831e-05
 Reference value :  1.36589e-05
 Reference value :  1.37291e-05
No. of Data Rows : 6141
vhold_min           =  1.32000e+00 at=  2.29900e-11
tfirst              =  7.95700e-07
t1                  =  8.45542e-06
t2                  =  8.67685e-06
t3                  =  8.89943e-06
t4                  =  9.12030e-06
t5                  =  9.34212e-06
t6                  =  9.56503e-06
t7                  =  9.78703e-06
t8                  =  1.00092e-05
t9                  =  1.02309e-05
t10                 =  1.04523e-05
t11                 =  1.06729e-05
t12                 =  1.08954e-05
idd_run             =  -1.55937e-05 from=  8.27600e-06 to=  1.37900e-05
vmax                =  1.34210e+00 at=  9.56792e-06
vmin                =  -1.37195e-02 at=  8.78880e-06
Note: Simulation executed from .control section 
Warning: m=xx on .subckt line will override multiplier m hierarchy!

Note: Starting dynamic gmin stepping
Warning: Dynamic gmin stepping failed
Note: Starting true gmin stepping
Note: True gmin stepping completed
Note: Starting dynamic gmin stepping
Warning: Dynamic gmin stepping failed
Note: Starting true gmin stepping
Note: True gmin stepping completed
