
Note: Compatibility modes selected: hs a


Circuit: * tt_analog_ring, code 32

Doing analysis at TEMP = -40.000000 and TNOM = 27.000000

Using SPARSE 1.3 as Direct Linear Solver
 Reference value :  0.00000e+00
No. of Data Rows : 1
idd_dis=9.53118E-05 vbp=0.558939 vbn=0.420854 clk_dis=1.08
Doing analysis at TEMP = -40.000000 and TNOM = 27.000000

Using SPARSE 1.3 as Direct Linear Solver

Initial Transient Solution
--------------------------

Node                                   Voltage
----                                   -------
vpwr                                      1.08
code[0]                                      0
code[1]                                      0
code[2]                                      0
code[3]                                      0
code[4]                                      0
code[5]                                   1.08
code[6]                                      0
code[7]                                      0
enable                                       0
xdut.vbp                              0.558939
clk_out                                   1.08
xdut.b1                            4.99522e-08
xdut.s3                            2.21365e-07
xdut.s2                                   1.08
xdut.n_126                                1.08
xdut.s1                            2.21365e-07
xdut.n_125                                1.08
xdut.s10                                  1.08
xdut.s6                                   1.08
xdut.s5                            2.21365e-07
xdut.n_128                                1.08
xdut.s9                            2.21365e-07
xdut.n_133                                1.08
xdut.s4                                   1.08
xdut.n_129                                1.08
xdut.s8                                   1.08
xdut.n_132                                1.08
xdut.s7                            2.21365e-07
xdut.n_130                                1.08
xdut.n_127                                1.08
xdut.n_131                                1.08
xdut.s0                                   1.08
xdut.n_124                                1.08
xdut.n_71                          2.05277e-07
xdut.n_72                          2.05277e-07
xdut.n_70                           8.5711e-09
xdut.n_77                          2.05277e-07
xdut.n_75                           8.5711e-09
xdut.n_73                           8.5711e-09
xdut.n_67                           8.5711e-09
xdut.n_76                           8.5711e-09
xdut.n_69                          2.05277e-07
xdut.n_74                          2.05277e-07
xdut.n_122                                1.08
xdut.n_i1005                          0.873068
xdut.n_68                          1.13864e-08
xdut.vbn                              0.420854
ven#branch                         3.25353e-12
vc7#branch                         7.62706e-13
vc6#branch                         3.81353e-13
vc5#branch                        -4.89067e-09
vc4#branch                         9.53382e-14
vc3#branch                         4.76691e-14
vc2#branch                         2.38346e-14
vc1#branch                         1.19173e-14
vc0#branch                         5.95864e-15
vdd#branch                        -9.53118e-05

 Reference value :  0.00000e+00
 Reference value :  6.08709e-09
 Reference value :  1.38711e-08
 Reference value :  2.24335e-08
 Reference value :  3.09959e-08
 Reference value :  3.93637e-08
 Reference value :  4.75369e-08
 Reference value :  5.57101e-08
 Reference value :  6.00692e-08
 Reference value :  6.45450e-08
 Reference value :  6.90208e-08
 Reference value :  7.36912e-08
 Reference value :  7.81495e-08
 Reference value :  8.26253e-08
 Reference value :  8.72957e-08
 Reference value :  9.15769e-08
 Reference value :  9.58581e-08
 Reference value :  1.00529e-07
 Reference value :  1.04483e-07
 Reference value :  1.09153e-07
 Reference value :  1.14018e-07
 Reference value :  1.18689e-07
 Reference value :  1.23359e-07
 Reference value :  1.28224e-07
 Reference value :  1.32381e-07
 Reference value :  1.37052e-07
 Reference value :  1.41917e-07
 Reference value :  1.46587e-07
 Reference value :  1.51063e-07
 Reference value :  1.55539e-07
 Reference value :  1.59907e-07
 Reference value :  1.64577e-07
 Reference value :  1.69053e-07
 Reference value :  1.73724e-07
 Reference value :  1.78394e-07
 Reference value :  1.83064e-07
 Reference value :  1.87303e-07
 Reference value :  1.90934e-07
 Reference value :  1.95020e-07
 Reference value :  1.99301e-07
 Reference value :  2.03388e-07
 Reference value :  2.07475e-07
 Reference value :  2.11561e-07
 Reference value :  2.15777e-07
 Reference value :  2.19820e-07
 Reference value :  2.24101e-07
 Reference value :  2.28577e-07
 Reference value :  2.32858e-07
 Reference value :  2.37140e-07
 Reference value :  2.41615e-07
 Reference value :  2.45398e-07
 Reference value :  2.49679e-07
 Reference value :  2.53766e-07
 Reference value :  2.58047e-07
 Reference value :  2.62134e-07
 Reference value :  2.66220e-07
 Reference value :  2.70696e-07
 Reference value :  2.74285e-07
 Reference value :  2.78371e-07
 Reference value :  2.82458e-07
 Reference value :  2.86739e-07
 Reference value :  2.90826e-07
 Reference value :  2.94912e-07
 Reference value :  2.99193e-07
 Reference value :  3.02587e-07
 Reference value :  3.06674e-07
 Reference value :  3.10566e-07
 Reference value :  3.14847e-07
 Reference value :  3.18934e-07
 Reference value :  3.23215e-07
 Reference value :  3.27496e-07
 Reference value :  3.30890e-07
 Reference value :  3.34976e-07
 Reference value :  3.38868e-07
 Reference value :  3.43150e-07
 Reference value :  3.47236e-07
 Reference value :  3.51323e-07
 Reference value :  3.55604e-07
 Reference value :  3.58998e-07
 Reference value :  3.63084e-07
 Reference value :  3.67171e-07
 Reference value :  3.71452e-07
 Reference value :  3.75539e-07
 Reference value :  3.79431e-07
 Reference value :  3.83712e-07
 Reference value :  3.87106e-07
 Reference value :  3.91192e-07
 Reference value :  3.95279e-07
 Reference value :  3.99560e-07
 Reference value :  4.03452e-07
 Reference value :  4.07539e-07
 Reference value :  4.11820e-07
 Reference value :  4.15214e-07
 Reference value :  4.19300e-07
 Reference value :  4.23387e-07
 Reference value :  4.27668e-07
 Reference value :  4.31560e-07
 Reference value :  4.35647e-07
 Reference value :  4.39928e-07
 Reference value :  4.43516e-07
 Reference value :  4.47603e-07
 Reference value :  4.51884e-07
 Reference value :  4.56360e-07
 Reference value :  4.60447e-07
 Reference value :  4.64728e-07
 Reference value :  4.69204e-07
 Reference value :  4.72792e-07
 Reference value :  4.76879e-07
 Reference value :  4.80965e-07
 Reference value :  4.85052e-07
 Reference value :  4.88944e-07
 Reference value :  4.93031e-07
 Reference value :  4.97312e-07
 Reference value :  5.00706e-07
 Reference value :  5.04792e-07
 Reference value :  5.08879e-07
 Reference value :  5.13160e-07
 Reference value :  5.17247e-07
 Reference value :  5.21333e-07
 Reference value :  5.25614e-07
 Reference value :  5.29203e-07
 Reference value :  5.33289e-07
 Reference value :  5.37571e-07
 Reference value :  5.42046e-07
 Reference value :  5.46328e-07
 Reference value :  5.50609e-07
 Reference value :  5.55085e-07
 Reference value :  5.58868e-07
 Reference value :  5.63343e-07
 Reference value :  5.68208e-07
 Reference value :  5.72684e-07
 Reference value :  5.77355e-07
 Reference value :  5.82220e-07
 Reference value :  5.86197e-07
 Reference value :  5.90673e-07
 Reference value :  5.95343e-07
 Reference value :  6.00014e-07
 Reference value :  6.04490e-07
 Reference value :  6.09355e-07
 Reference value :  6.13332e-07
 Reference value :  6.17614e-07
 Reference value :  6.22089e-07
 Reference value :  6.27344e-07
 Reference value :  6.31819e-07
 Reference value :  6.36490e-07
 Reference value :  6.41051e-07
 Reference value :  6.45722e-07
 Reference value :  6.50392e-07
 Reference value :  6.55257e-07
 Reference value :  6.59927e-07
 Reference value :  6.64403e-07
 Reference value :  6.68788e-07
 Reference value :  6.73246e-07
 Reference value :  6.77722e-07
 Reference value :  6.82587e-07
 Reference value :  6.87062e-07
 Reference value :  6.91733e-07
 Reference value :  6.96750e-07
 Reference value :  7.00965e-07
 Reference value :  7.05635e-07
 Reference value :  7.10695e-07
 Reference value :  7.15170e-07
 Reference value :  7.19841e-07
 Reference value :  7.24900e-07
 Reference value :  7.29073e-07
 Reference value :  7.33743e-07
 Reference value :  7.38803e-07
 Reference value :  7.43278e-07
 Reference value :  7.47949e-07
 Reference value :  7.53008e-07
 Reference value :  7.57764e-07
 Reference value :  7.62435e-07
 Reference value :  7.67494e-07
 Reference value :  7.72165e-07
 Reference value :  7.76835e-07
 Reference value :  7.81658e-07
 Reference value :  7.86067e-07
 Reference value :  7.90543e-07
 Reference value :  7.95408e-07
 Reference value :  7.99884e-07
 Reference value :  8.04360e-07
 Reference value :  8.09419e-07
 Reference value :  8.13397e-07
 Reference value :  8.18067e-07
 Reference value :  8.22932e-07
 Reference value :  8.27408e-07
 Reference value :  8.31884e-07
 Reference value :  8.36749e-07
 Reference value :  8.40726e-07
 Reference value :  8.45202e-07
 Reference value :  8.49678e-07
 Reference value :  8.54348e-07
 Reference value :  8.59019e-07
 Reference value :  8.63495e-07
 Reference value :  8.67472e-07
 Reference value :  8.71559e-07
 Reference value :  8.75645e-07
 Reference value :  8.80316e-07
 Reference value :  8.84402e-07
 Reference value :  8.88489e-07
 Reference value :  8.92965e-07
 Reference value :  8.96553e-07
 Reference value :  9.00835e-07
 Reference value :  9.05116e-07
 Reference value :  9.09592e-07
 Reference value :  9.13678e-07
 Reference value :  9.17765e-07
 Reference value :  9.22435e-07
 Reference value :  9.26218e-07
 Reference value :  9.30499e-07
 Reference value :  9.34781e-07
 Reference value :  9.39256e-07
 Reference value :  9.43927e-07
 Reference value :  9.48597e-07
 Reference value :  9.52964e-07
 Reference value :  9.57634e-07
 Reference value :  9.62110e-07
 Reference value :  9.66197e-07
 Reference value :  9.70089e-07
 Reference value :  9.73981e-07
 Reference value :  9.78067e-07
 Reference value :  9.81656e-07
 Reference value :  9.85742e-07
 Reference value :  9.90413e-07
 Reference value :  9.94694e-07
 Reference value :  9.98781e-07
 Reference value :  1.00306e-06
 Reference value :  1.00754e-06
 Reference value :  1.01093e-06
 Reference value :  1.01502e-06
 Reference value :  1.01910e-06
 Reference value :  1.02319e-06
 Reference value :  1.02728e-06
 Reference value :  1.03136e-06
 Reference value :  1.03584e-06
 Reference value :  1.03982e-06
 Reference value :  1.04429e-06
 Reference value :  1.04857e-06
 Reference value :  1.05266e-06
 Reference value :  1.05675e-06
 Reference value :  1.06103e-06
 Reference value :  1.06502e-06
 Reference value :  1.06909e-06
 Reference value :  1.07337e-06
 Reference value :  1.07785e-06
 Reference value :  1.08194e-06
 Reference value :  1.08622e-06
 Reference value :  1.09069e-06
 Reference value :  1.09448e-06
 Reference value :  1.09876e-06
 Reference value :  1.10304e-06
 Reference value :  1.10752e-06
 Reference value :  1.11160e-06
 Reference value :  1.11608e-06
 Reference value :  1.12114e-06
 Reference value :  1.12512e-06
 Reference value :  1.12959e-06
 Reference value :  1.13446e-06
 Reference value :  1.13893e-06
 Reference value :  1.14360e-06
 Reference value :  1.14847e-06
 Reference value :  1.15264e-06
 Reference value :  1.15712e-06
 Reference value :  1.16140e-06
 Reference value :  1.16548e-06
No. of Data Rows : 6039
vhold_min           =  1.08000e+00 at=  8.32888e-10
tfirst              =  7.38326e-08
t1                  =  7.10820e-07
t2                  =  7.39123e-07
t3                  =  7.67425e-07
t4                  =  7.95728e-07
t5                  =  8.24030e-07
t6                  =  8.52333e-07
t7                  =  8.80636e-07
t8                  =  9.08938e-07
t9                  =  9.37241e-07
t10                 =  9.65544e-07
t11                 =  9.93846e-07
t12                 =  1.02215e-06
idd_run             =  -9.87091e-05 from=  7.00700e-07 to=  1.16800e-06
vmax                =  1.08578e+00 at=  7.11278e-07
vmin                =  -3.28889e-03 at=  9.08424e-07
Note: Simulation executed from .control section 
Warning: m=xx on .subckt line will override multiplier m hierarchy!

Note: Starting dynamic gmin stepping
Note: Dynamic gmin stepping completed
Note: Starting dynamic gmin stepping
Note: Dynamic gmin stepping completed
