
Note: No compatibility mode selected!


Circuit: * stage delay at code 16

Doing analysis at TEMP = -40.000000 and TNOM = 27.000000

Using SPARSE 1.3 as Direct Linear Solver

Initial Transient Solution
--------------------------

Node                                   Voltage
----                                   -------
vpwr                                      1.32
code[0]                                      0
code[1]                                      0
code[2]                                      0
code[3]                                      0
code[4]                                   1.32
code[5]                                      0
code[6]                                      0
code[7]                                      0
vbp                                   0.842761
vbn                                   0.437391
a                                            0
xdrv.net1                                 1.32
b                                         1.32
xdrv.net2                          4.70206e-09
xdut.net1                                 1.32
y                                  7.59381e-07
xdut.net2                          7.23351e-07
xload.net1                                1.32
z                                         1.32
xload.net2                         4.70207e-09
xload2.net1                               1.32
zz                                 3.25804e-07
xload2.net2                        3.12257e-07
vin#branch                         1.15685e-11
vc7#branch                         1.43356e-12
vc6#branch                         7.16781e-13
vc5#branch                          3.5839e-13
vc4#branch                        -4.16618e-09
vc3#branch                         8.95963e-14
vc2#branch                         4.47974e-14
vc1#branch                          2.2398e-14
vc0#branch                         1.11983e-14
vdd#branch                        -7.27007e-05

 Reference value :  2.63629e-09
 Reference value :  1.12812e-08
 Reference value :  1.75701e-08
 Reference value :  2.59440e-08
 Reference value :  3.44806e-08
 Reference value :  4.20373e-08
 Reference value :  4.88123e-08
 Reference value :  5.72404e-08
 Reference value :  6.57227e-08
 Reference value :  7.18785e-08
 Reference value :  8.01711e-08
 Reference value :  8.87076e-08
 Reference value :  9.63185e-08
 Reference value :  1.03175e-07
 Reference value :  1.11711e-07
 Reference value :  1.20221e-07
 Reference value :  1.26295e-07
 Reference value :  1.34696e-07
 Reference value :  1.43233e-07
 Reference value :  1.50735e-07
 Reference value :  1.57646e-07
No. of Data Rows : 6044
tin_f               =  6.84412e-08
tout_r              =  6.91772e-08
tin_r               =  9.56788e-08
tout_f              =  9.66721e-08
tplh=7.3599E-10 tphl=9.9339E-10
t40r                =  6.90153e-08
t60r                =  6.93660e-08
t60f                =  9.65304e-08
t40f                =  9.68050e-08
sr_r=7.52651E+08 sr_f=-9.61468E+08
tr                  =  6.87138e-08
tr8                 =  7.01140e-08
tf                  =  9.62155e-08
tf2                 =  9.73468e-08
trise=1.40017E-09 tfall=1.13124E-09
Note: Simulation executed from .control section 
