
Note: Compatibility modes selected: hs a


Circuit: * tt_analog_ring, code 255

Doing analysis at TEMP = 27.000000 and TNOM = 27.000000

Using SPARSE 1.3 as Direct Linear Solver
 Reference value :  0.00000e+00
No. of Data Rows : 1
idd_dis=0.000580224 vbp=0.462133 vbn=0.566597 clk_dis=1.2
Doing analysis at TEMP = 27.000000 and TNOM = 27.000000

Using SPARSE 1.3 as Direct Linear Solver

Initial Transient Solution
--------------------------

Node                                   Voltage
----                                   -------
vpwr                                       1.2
code[0]                                    1.2
code[1]                                    1.2
code[2]                                    1.2
code[3]                                    1.2
code[4]                                    1.2
code[5]                                    1.2
code[6]                                    1.2
code[7]                                    1.2
enable                                       0
xdut.vbp                              0.462133
clk_out                                    1.2
xdut.b1                            1.56032e-07
xdut.s3                            4.65993e-07
xdut.s2                                    1.2
xdut.n_126                                 1.2
xdut.s1                            6.24929e-07
xdut.n_125                                 1.2
xdut.s10                                   1.2
xdut.s6                                    1.2
xdut.s5                            6.44312e-07
xdut.n_128                                 1.2
xdut.s9                            4.52617e-07
xdut.n_133                                 1.2
xdut.s4                                    1.2
xdut.n_129                                 1.2
xdut.s8                                    1.2
xdut.n_132                                 1.2
xdut.s7                            5.67613e-07
xdut.n_130                                 1.2
xdut.n_127                                 1.2
xdut.n_131                                 1.2
xdut.s0                                    1.2
xdut.n_124                                 1.2
xdut.n_71                          5.17967e-07
xdut.n_72                          4.76564e-07
xdut.n_70                          3.60188e-08
xdut.n_77                          3.92672e-07
xdut.n_75                          1.40394e-07
xdut.n_73                          5.14454e-08
xdut.n_67                          7.51594e-08
xdut.n_76                          1.25263e-07
xdut.n_69                          3.79178e-07
xdut.n_74                          5.40466e-07
xdut.n_122                                 1.2
xdut.n_i1005                           1.02663
xdut.n_68                          2.10674e-07
xdut.vbn                              0.566597
ven#branch                         7.32056e-12
vc7#branch                        -6.38192e-08
vc6#branch                        -3.18812e-08
vc5#branch                        -1.59714e-08
vc4#branch                        -7.99503e-09
vc3#branch                        -3.98243e-09
vc2#branch                        -1.99542e-09
vc1#branch                          -9.822e-10
vc0#branch                        -4.80558e-10
vdd#branch                        -0.000580224

 Reference value :  0.00000e+00
 Reference value :  1.25620e-09
 Reference value :  2.78228e-09
 Reference value :  4.30836e-09
 Reference value :  5.79428e-09
 Reference value :  7.36052e-09
 Reference value :  8.88660e-09
 Reference value :  1.04528e-08
 Reference value :  1.19789e-08
 Reference value :  1.27323e-08
 Reference value :  1.35757e-08
 Reference value :  1.44190e-08
 Reference value :  1.54230e-08
 Reference value :  1.63066e-08
 Reference value :  1.71499e-08
 Reference value :  1.79531e-08
 Reference value :  1.88768e-08
 Reference value :  1.97603e-08
 Reference value :  2.06037e-08
 Reference value :  2.15675e-08
 Reference value :  2.24109e-08
 Reference value :  2.32542e-08
 Reference value :  2.41378e-08
 Reference value :  2.51016e-08
 Reference value :  2.59851e-08
 Reference value :  2.68686e-08
 Reference value :  2.78325e-08
 Reference value :  2.86758e-08
 Reference value :  2.94790e-08
 Reference value :  3.03626e-08
 Reference value :  3.12862e-08
 Reference value :  3.21296e-08
 Reference value :  3.30131e-08
 Reference value :  3.39770e-08
 Reference value :  3.48605e-08
 Reference value :  3.57038e-08
 Reference value :  3.65472e-08
 Reference value :  3.74709e-08
 Reference value :  3.82741e-08
 Reference value :  3.90773e-08
 Reference value :  4.00411e-08
 Reference value :  4.08845e-08
 Reference value :  4.17278e-08
 Reference value :  4.25712e-08
 Reference value :  4.35350e-08
 Reference value :  4.43784e-08
 Reference value :  4.52218e-08
 Reference value :  4.61856e-08
 Reference value :  4.70290e-08
 Reference value :  4.78322e-08
 Reference value :  4.85952e-08
 Reference value :  4.95590e-08
 Reference value :  5.04024e-08
 Reference value :  5.12458e-08
 Reference value :  5.21694e-08
 Reference value :  5.30530e-08
 Reference value :  5.39365e-08
 Reference value :  5.47397e-08
 Reference value :  5.56634e-08
 Reference value :  5.65067e-08
 Reference value :  5.73501e-08
 Reference value :  5.82336e-08
 Reference value :  5.91171e-08
 Reference value :  5.99605e-08
 Reference value :  6.07637e-08
 Reference value :  6.17275e-08
 Reference value :  6.25709e-08
 Reference value :  6.34142e-08
 Reference value :  6.42978e-08
 Reference value :  6.52616e-08
 Reference value :  6.61050e-08
 Reference value :  6.69483e-08
 Reference value :  6.79523e-08
 Reference value :  6.87957e-08
 Reference value :  6.96390e-08
 Reference value :  7.05627e-08
 Reference value :  7.14864e-08
 Reference value :  7.23298e-08
 Reference value :  7.31330e-08
 Reference value :  7.40968e-08
 Reference value :  7.49402e-08
 Reference value :  7.58237e-08
 Reference value :  7.67072e-08
 Reference value :  7.76309e-08
 Reference value :  7.85144e-08
 Reference value :  7.93176e-08
 Reference value :  8.02814e-08
 Reference value :  8.10846e-08
 Reference value :  8.18878e-08
 Reference value :  8.27312e-08
 Reference value :  8.37352e-08
 Reference value :  8.46589e-08
 Reference value :  8.55424e-08
 Reference value :  8.65866e-08
 Reference value :  8.74701e-08
 Reference value :  8.83536e-08
 Reference value :  8.93576e-08
 Reference value :  9.02813e-08
 Reference value :  9.12050e-08
 Reference value :  9.21688e-08
 Reference value :  9.31728e-08
 Reference value :  9.40965e-08
 Reference value :  9.50603e-08
 Reference value :  9.61045e-08
 Reference value :  9.70282e-08
 Reference value :  9.79117e-08
 Reference value :  9.89558e-08
 Reference value :  9.98795e-08
 Reference value :  1.00803e-07
 Reference value :  1.01807e-07
 Reference value :  1.02731e-07
 Reference value :  1.03614e-07
 Reference value :  1.04538e-07
 Reference value :  1.05582e-07
 Reference value :  1.06506e-07
 Reference value :  1.07430e-07
 Reference value :  1.08434e-07
 Reference value :  1.09397e-07
 Reference value :  1.10281e-07
 Reference value :  1.11245e-07
 Reference value :  1.12168e-07
 Reference value :  1.13092e-07
 Reference value :  1.14136e-07
 Reference value :  1.15100e-07
 Reference value :  1.16024e-07
 Reference value :  1.16988e-07
 Reference value :  1.17952e-07
 Reference value :  1.18875e-07
 Reference value :  1.19839e-07
 Reference value :  1.20843e-07
 Reference value :  1.21686e-07
 Reference value :  1.22490e-07
 Reference value :  1.23453e-07
 Reference value :  1.24297e-07
 Reference value :  1.25140e-07
 Reference value :  1.26024e-07
 Reference value :  1.26988e-07
 Reference value :  1.27791e-07
 Reference value :  1.28554e-07
 Reference value :  1.29397e-07
 Reference value :  1.30240e-07
 Reference value :  1.31044e-07
 Reference value :  1.31887e-07
 Reference value :  1.32811e-07
 Reference value :  1.33654e-07
 Reference value :  1.34457e-07
 Reference value :  1.35301e-07
 Reference value :  1.36224e-07
 Reference value :  1.37108e-07
 Reference value :  1.37951e-07
 Reference value :  1.38915e-07
 Reference value :  1.39758e-07
 Reference value :  1.40602e-07
 Reference value :  1.41485e-07
 Reference value :  1.42409e-07
 Reference value :  1.43292e-07
 Reference value :  1.44136e-07
 Reference value :  1.45100e-07
 Reference value :  1.45943e-07
 Reference value :  1.46746e-07
 Reference value :  1.47549e-07
 Reference value :  1.48473e-07
 Reference value :  1.49236e-07
 Reference value :  1.49999e-07
 Reference value :  1.50883e-07
 Reference value :  1.51766e-07
 Reference value :  1.52650e-07
 Reference value :  1.53533e-07
 Reference value :  1.54618e-07
 Reference value :  1.55541e-07
 Reference value :  1.56465e-07
 Reference value :  1.57549e-07
 Reference value :  1.58473e-07
 Reference value :  1.59356e-07
 Reference value :  1.60240e-07
 Reference value :  1.61324e-07
 Reference value :  1.62288e-07
 Reference value :  1.63292e-07
 Reference value :  1.64256e-07
 Reference value :  1.65180e-07
 Reference value :  1.66063e-07
 Reference value :  1.67107e-07
 Reference value :  1.68071e-07
 Reference value :  1.68995e-07
 Reference value :  1.70039e-07
 Reference value :  1.70963e-07
 Reference value :  1.71846e-07
 Reference value :  1.72931e-07
 Reference value :  1.73894e-07
 Reference value :  1.74818e-07
 Reference value :  1.75862e-07
 Reference value :  1.76786e-07
 Reference value :  1.77669e-07
 Reference value :  1.78593e-07
 Reference value :  1.79557e-07
 Reference value :  1.80440e-07
 Reference value :  1.81364e-07
 Reference value :  1.82408e-07
 Reference value :  1.83372e-07
 Reference value :  1.84256e-07
 Reference value :  1.85340e-07
 Reference value :  1.86264e-07
 Reference value :  1.87187e-07
 Reference value :  1.88151e-07
 Reference value :  1.89075e-07
 Reference value :  1.89918e-07
 Reference value :  1.90721e-07
 Reference value :  1.91685e-07
 Reference value :  1.92529e-07
 Reference value :  1.93412e-07
 Reference value :  1.94456e-07
 Reference value :  1.95420e-07
 Reference value :  1.96384e-07
 Reference value :  1.97468e-07
 Reference value :  1.98352e-07
 Reference value :  1.99195e-07
 Reference value :  2.00079e-07
 Reference value :  2.01043e-07
 Reference value :  2.01886e-07
 Reference value :  2.02689e-07
 Reference value :  2.03613e-07
 Reference value :  2.04456e-07
 Reference value :  2.05300e-07
 Reference value :  2.06103e-07
 Reference value :  2.07026e-07
 Reference value :  2.07830e-07
 Reference value :  2.08633e-07
 Reference value :  2.09516e-07
 Reference value :  2.10440e-07
 Reference value :  2.11283e-07
 Reference value :  2.12087e-07
 Reference value :  2.12970e-07
 Reference value :  2.13773e-07
 Reference value :  2.14576e-07
 Reference value :  2.15340e-07
 Reference value :  2.16303e-07
 Reference value :  2.17187e-07
 Reference value :  2.18151e-07
 Reference value :  2.19235e-07
 Reference value :  2.20199e-07
 Reference value :  2.21123e-07
 Reference value :  2.22127e-07
 Reference value :  2.23090e-07
 Reference value :  2.24014e-07
 Reference value :  2.25018e-07
 Reference value :  2.25982e-07
 Reference value :  2.26946e-07
 Reference value :  2.27869e-07
 Reference value :  2.28914e-07
 Reference value :  2.29877e-07
 Reference value :  2.30881e-07
 Reference value :  2.31926e-07
 Reference value :  2.32849e-07
 Reference value :  2.33733e-07
 Reference value :  2.34777e-07
 Reference value :  2.35741e-07
 Reference value :  2.36705e-07
 Reference value :  2.37789e-07
 Reference value :  2.38753e-07
 Reference value :  2.39676e-07
 Reference value :  2.40721e-07
No. of Data Rows : 6014
vhold_min           =  1.20000e+00 at=  2.12045e-10
tfirst              =  1.56264e-08
t1                  =  1.48434e-07
t2                  =  1.54610e-07
t3                  =  1.60786e-07
t4                  =  1.66963e-07
t5                  =  1.73139e-07
t6                  =  1.79316e-07
t7                  =  1.85491e-07
t8                  =  1.91667e-07
t9                  =  1.97844e-07
t10                 =  2.04021e-07
t11                 =  2.10197e-07
t12                 =  2.16373e-07
idd_run             =  -5.97514e-04 from=  1.44600e-07 to=  2.41000e-07
vmax                =  1.20893e+00 at=  2.31604e-07
vmin                =  -6.08255e-03 at=  2.16183e-07
Note: Simulation executed from .control section 
Warning: m=xx on .subckt line will override multiplier m hierarchy!

Note: Starting dynamic gmin stepping
Note: Dynamic gmin stepping completed
Note: Starting dynamic gmin stepping
Note: Dynamic gmin stepping completed
