
Note: Compatibility modes selected: hs a


Circuit: * tt_analog_ring, code 16

Doing analysis at TEMP = 27.000000 and TNOM = 27.000000

Using SPARSE 1.3 as Direct Linear Solver
 Reference value :  0.00000e+00
No. of Data Rows : 1
idd_dis=5.15884E-05 vbp=0.744538 vbn=0.347485 clk_dis=1.2
Doing analysis at TEMP = 27.000000 and TNOM = 27.000000

Using SPARSE 1.3 as Direct Linear Solver

Initial Transient Solution
--------------------------

Node                                   Voltage
----                                   -------
vpwr                                       1.2
code[0]                                      0
code[1]                                      0
code[2]                                      0
code[3]                                      0
code[4]                                    1.2
code[5]                                      0
code[6]                                      0
code[7]                                      0
enable                                       0
xdut.vbp                              0.744538
clk_out                                    1.2
xdut.b1                             1.5181e-07
xdut.s3                            3.03572e-06
xdut.s2                                    1.2
xdut.n_126                                 1.2
xdut.s1                            1.64612e-06
xdut.n_125                                 1.2
xdut.s10                                   1.2
xdut.s6                                    1.2
xdut.s5                            1.80116e-06
xdut.n_128                                 1.2
xdut.s9                            1.71086e-06
xdut.n_133                                 1.2
xdut.s4                                    1.2
xdut.n_129                                 1.2
xdut.s8                                    1.2
xdut.n_132                                 1.2
xdut.s7                            2.43969e-06
xdut.n_130                                 1.2
xdut.n_127                                 1.2
xdut.n_131                                 1.2
xdut.s0                                    1.2
xdut.n_124                                 1.2
xdut.n_71                          1.57077e-06
xdut.n_72                          2.33686e-06
xdut.n_70                           3.0679e-07
xdut.n_77                          2.91429e-06
xdut.n_75                          1.90912e-07
xdut.n_73                           2.2073e-07
xdut.n_67                          2.06862e-07
xdut.n_76                          3.57153e-07
xdut.n_69                          1.64544e-06
xdut.n_74                          1.72082e-06
xdut.n_122                                 1.2
xdut.n_i1005                           1.00404
xdut.n_68                          7.73338e-07
xdut.vbn                              0.347485
ven#branch                         7.67846e-12
vc7#branch                         4.02835e-12
vc6#branch                         2.01927e-12
vc5#branch                         1.00956e-12
vc4#branch                        -6.80736e-09
vc3#branch                         2.53947e-13
vc2#branch                         1.24403e-13
vc1#branch                         6.25899e-14
vc0#branch                         3.07527e-14
vdd#branch                        -5.15884e-05

 Reference value :  0.00000e+00
 Reference value :  1.27467e-08
 Reference value :  2.82826e-08
 Reference value :  4.34572e-08
 Reference value :  5.86318e-08
 Reference value :  7.34451e-08
 Reference value :  9.15101e-08
 Reference value :  1.08400e-07
 Reference value :  1.13999e-07
 Reference value :  1.21586e-07
 Reference value :  1.29535e-07
 Reference value :  1.37577e-07
 Reference value :  1.45526e-07
 Reference value :  1.53475e-07
 Reference value :  1.61784e-07
 Reference value :  1.69366e-07
 Reference value :  1.76953e-07
 Reference value :  1.84540e-07
 Reference value :  1.93103e-07
 Reference value :  2.01413e-07
 Reference value :  2.09361e-07
 Reference value :  2.18755e-07
 Reference value :  2.25946e-07
 Reference value :  2.33172e-07
 Reference value :  2.40037e-07
 Reference value :  2.47369e-07
 Reference value :  2.54869e-07
 Reference value :  2.62095e-07
 Reference value :  2.69321e-07
 Reference value :  2.76897e-07
 Reference value :  2.84845e-07
 Reference value :  2.92794e-07
 Reference value :  3.01465e-07
 Reference value :  3.08269e-07
 Reference value :  3.16218e-07
 Reference value :  3.24166e-07
 Reference value :  3.32038e-07
 Reference value :  3.39626e-07
 Reference value :  3.47213e-07
 Reference value :  3.55884e-07
 Reference value :  3.63309e-07
 Reference value :  3.71258e-07
 Reference value :  3.79568e-07
 Reference value :  3.87027e-07
 Reference value :  3.94975e-07
 Reference value :  4.02924e-07
 Reference value :  4.11957e-07
 Reference value :  4.19093e-07
 Reference value :  4.27041e-07
 Reference value :  4.34990e-07
 Reference value :  4.42494e-07
 Reference value :  4.50443e-07
 Reference value :  4.58391e-07
 Reference value :  4.66701e-07
 Reference value :  4.74151e-07
 Reference value :  4.81739e-07
 Reference value :  4.89326e-07
 Reference value :  4.97139e-07
 Reference value :  5.05088e-07
 Reference value :  5.12675e-07
 Reference value :  5.21346e-07
 Reference value :  5.28473e-07
 Reference value :  5.36422e-07
 Reference value :  5.44370e-07
 Reference value :  5.52233e-07
 Reference value :  5.59820e-07
 Reference value :  5.67768e-07
 Reference value :  5.76440e-07
 Reference value :  5.83826e-07
 Reference value :  5.91413e-07
 Reference value :  5.99361e-07
 Reference value :  6.06895e-07
 Reference value :  6.14844e-07
 Reference value :  6.22792e-07
 Reference value :  6.31825e-07
 Reference value :  6.38581e-07
 Reference value :  6.46530e-07
 Reference value :  6.54478e-07
 Reference value :  6.62341e-07
 Reference value :  6.70289e-07
 Reference value :  6.78238e-07
 Reference value :  6.86909e-07
 Reference value :  6.93932e-07
 Reference value :  7.01520e-07
 Reference value :  7.09107e-07
 Reference value :  7.17021e-07
 Reference value :  7.24969e-07
 Reference value :  7.32557e-07
 Reference value :  7.41228e-07
 Reference value :  7.47972e-07
 Reference value :  7.55920e-07
 Reference value :  7.63508e-07
 Reference value :  7.71817e-07
 Reference value :  7.78962e-07
 Reference value :  7.86549e-07
 Reference value :  7.94859e-07
 Reference value :  8.02666e-07
 Reference value :  8.10253e-07
 Reference value :  8.18201e-07
 Reference value :  8.26511e-07
 Reference value :  8.33603e-07
 Reference value :  8.41552e-07
 Reference value :  8.49500e-07
 Reference value :  8.56618e-07
 Reference value :  8.64205e-07
 Reference value :  8.71792e-07
 Reference value :  8.79741e-07
 Reference value :  8.86869e-07
 Reference value :  8.94457e-07
 Reference value :  9.02044e-07
 Reference value :  9.09900e-07
 Reference value :  9.17686e-07
 Reference value :  9.25274e-07
 Reference value :  9.33584e-07
 Reference value :  9.41517e-07
 Reference value :  9.49466e-07
 Reference value :  9.57414e-07
 Reference value :  9.65395e-07
 Reference value :  9.73243e-07
 Reference value :  9.81191e-07
 Reference value :  9.89862e-07
 Reference value :  9.97356e-07
 Reference value :  1.00530e-06
 Reference value :  1.01289e-06
 Reference value :  1.02132e-06
 Reference value :  1.02927e-06
 Reference value :  1.03722e-06
 Reference value :  1.04553e-06
 Reference value :  1.05312e-06
 Reference value :  1.06071e-06
 Reference value :  1.06865e-06
 Reference value :  1.07649e-06
 Reference value :  1.08444e-06
 Reference value :  1.09239e-06
 Reference value :  1.10070e-06
 Reference value :  1.10783e-06
 Reference value :  1.11578e-06
 Reference value :  1.12373e-06
 Reference value :  1.13179e-06
 Reference value :  1.13974e-06
 Reference value :  1.14769e-06
 Reference value :  1.15599e-06
 Reference value :  1.16358e-06
 Reference value :  1.17225e-06
 Reference value :  1.17948e-06
 Reference value :  1.18635e-06
 Reference value :  1.19347e-06
 Reference value :  1.20070e-06
 Reference value :  1.20756e-06
 Reference value :  1.21469e-06
 Reference value :  1.22191e-06
 Reference value :  1.22914e-06
 Reference value :  1.23673e-06
 Reference value :  1.24370e-06
 Reference value :  1.25056e-06
 Reference value :  1.25779e-06
 Reference value :  1.26538e-06
 Reference value :  1.27259e-06
 Reference value :  1.27981e-06
 Reference value :  1.28704e-06
 Reference value :  1.29499e-06
 Reference value :  1.30106e-06
 Reference value :  1.30829e-06
 Reference value :  1.31515e-06
 Reference value :  1.32274e-06
 Reference value :  1.32915e-06
 Reference value :  1.33566e-06
 Reference value :  1.34216e-06
 Reference value :  1.34975e-06
 Reference value :  1.35602e-06
 Reference value :  1.36325e-06
 Reference value :  1.37011e-06
 Reference value :  1.37734e-06
 Reference value :  1.38384e-06
 Reference value :  1.39035e-06
 Reference value :  1.39685e-06
 Reference value :  1.40480e-06
 Reference value :  1.41082e-06
 Reference value :  1.41768e-06
 Reference value :  1.42491e-06
 Reference value :  1.43250e-06
 Reference value :  1.43891e-06
 Reference value :  1.44614e-06
 Reference value :  1.45300e-06
 Reference value :  1.46095e-06
 Reference value :  1.46724e-06
 Reference value :  1.47446e-06
 Reference value :  1.48133e-06
 Reference value :  1.48891e-06
 Reference value :  1.49577e-06
 Reference value :  1.50299e-06
 Reference value :  1.50986e-06
 Reference value :  1.51732e-06
 Reference value :  1.52382e-06
 Reference value :  1.53068e-06
 Reference value :  1.53791e-06
 Reference value :  1.54514e-06
 Reference value :  1.55155e-06
 Reference value :  1.55878e-06
 Reference value :  1.56600e-06
 Reference value :  1.57338e-06
 Reference value :  1.58097e-06
 Reference value :  1.58855e-06
 Reference value :  1.59614e-06
 Reference value :  1.60298e-06
 Reference value :  1.60985e-06
 Reference value :  1.61671e-06
 Reference value :  1.62466e-06
 Reference value :  1.63104e-06
 Reference value :  1.63826e-06
 Reference value :  1.64549e-06
 Reference value :  1.65344e-06
 Reference value :  1.65985e-06
 Reference value :  1.66708e-06
 Reference value :  1.67394e-06
 Reference value :  1.68189e-06
 Reference value :  1.68853e-06
 Reference value :  1.69575e-06
 Reference value :  1.70298e-06
 Reference value :  1.71056e-06
 Reference value :  1.71743e-06
 Reference value :  1.72466e-06
 Reference value :  1.73188e-06
 Reference value :  1.73872e-06
 Reference value :  1.74584e-06
 Reference value :  1.75307e-06
 Reference value :  1.76138e-06
 Reference value :  1.76851e-06
 Reference value :  1.77646e-06
 Reference value :  1.78405e-06
 Reference value :  1.79200e-06
 Reference value :  1.79862e-06
 Reference value :  1.80548e-06
 Reference value :  1.81235e-06
 Reference value :  1.81994e-06
 Reference value :  1.82680e-06
 Reference value :  1.83367e-06
 Reference value :  1.84089e-06
 Reference value :  1.84873e-06
 Reference value :  1.85559e-06
 Reference value :  1.86282e-06
 Reference value :  1.87004e-06
 Reference value :  1.87717e-06
 Reference value :  1.88403e-06
 Reference value :  1.89126e-06
 Reference value :  1.89848e-06
 Reference value :  1.90544e-06
 Reference value :  1.91267e-06
 Reference value :  1.91953e-06
 Reference value :  1.92676e-06
 Reference value :  1.93395e-06
 Reference value :  1.94118e-06
 Reference value :  1.94804e-06
 Reference value :  1.95563e-06
 Reference value :  1.96213e-06
 Reference value :  1.96899e-06
 Reference value :  1.97803e-06
 Reference value :  1.98633e-06
 Reference value :  1.99389e-06
 Reference value :  2.00184e-06
 Reference value :  2.01051e-06
 Reference value :  2.01773e-06
 Reference value :  2.02568e-06
 Reference value :  2.03362e-06
 Reference value :  2.04193e-06
 Reference value :  2.04949e-06
 Reference value :  2.05707e-06
 Reference value :  2.06538e-06
 Reference value :  2.07225e-06
 Reference value :  2.07948e-06
 Reference value :  2.08706e-06
 Reference value :  2.09501e-06
 Reference value :  2.10221e-06
 Reference value :  2.10980e-06
 Reference value :  2.11774e-06
 Reference value :  2.12541e-06
 Reference value :  2.13326e-06
 Reference value :  2.14121e-06
 Reference value :  2.14952e-06
 Reference value :  2.15776e-06
 Reference value :  2.16607e-06
No. of Data Rows : 6059
vhold_min           =  1.20000e+00 at=  4.62464e-10
tfirst              =  1.35957e-07
t1                  =  1.32389e-06
t2                  =  1.37911e-06
t3                  =  1.43437e-06
t4                  =  1.48958e-06
t5                  =  1.54484e-06
t6                  =  1.60005e-06
t7                  =  1.65531e-06
t8                  =  1.71053e-06
t9                  =  1.76578e-06
t10                 =  1.82101e-06
t11                 =  1.87626e-06
t12                 =  1.93150e-06
idd_run             =  -5.45627e-05 from=  1.30100e-06 to=  2.16800e-06
vmax                =  1.21938e+00 at=  1.87685e-06
vmin                =  -2.55117e-02 at=  1.40685e-06
Note: Simulation executed from .control section 
Warning: m=xx on .subckt line will override multiplier m hierarchy!

Note: Starting dynamic gmin stepping
Note: Dynamic gmin stepping completed
Note: Starting dynamic gmin stepping
Note: Dynamic gmin stepping completed
