
Note: No compatibility mode selected!


Circuit: * tt_analog_ring, code 255

Doing analysis at TEMP = 27.000000 and TNOM = 27.000000

Using SPARSE 1.3 as Direct Linear Solver
 Reference value :  0.00000e+00
No. of Data Rows : 1
idd_dis=0.000591477 vbp=0.448453 vbn=0.554355 clk_dis=1.2
Doing analysis at TEMP = 27.000000 and TNOM = 27.000000

Using SPARSE 1.3 as Direct Linear Solver

Initial Transient Solution
--------------------------

Node                                   Voltage
----                                   -------
vpwr                                       1.2
code[0]                                    1.2
code[1]                                    1.2
code[2]                                    1.2
code[3]                                    1.2
code[4]                                    1.2
code[5]                                    1.2
code[6]                                    1.2
code[7]                                    1.2
enable                                       0
xdut.vbp                              0.448453
xdut.vbn                              0.554355
xdut.n0                            1.76728e-07
xdut.p0                                    1.2
xdut.na0                               1.03032
xdut.s0                                    1.2
xdut.s10                                   1.2
xdut.n1                            3.32297e-07
xdut.p1                                    1.2
xdut.s1                            3.95438e-07
xdut.n2                            9.75063e-08
xdut.p2                                    1.2
xdut.s2                                    1.2
xdut.n3                            3.32296e-07
xdut.p3                                    1.2
xdut.s3                            3.95437e-07
xdut.n4                            9.75063e-08
xdut.p4                                    1.2
xdut.s4                                    1.2
xdut.n5                            3.32296e-07
xdut.p5                                    1.2
xdut.s5                            3.95437e-07
xdut.n6                            9.75063e-08
xdut.p6                                    1.2
xdut.s6                                    1.2
xdut.n7                            3.32296e-07
xdut.p7                                    1.2
xdut.s7                            3.95437e-07
xdut.n8                            9.75063e-08
xdut.p8                                    1.2
xdut.s8                                    1.2
xdut.n9                            3.32296e-07
xdut.p9                                    1.2
xdut.s9                            3.95437e-07
xdut.n10                           9.75063e-08
xdut.p10                                   1.2
xdut.b1                            1.13434e-07
clk_out                                    1.2
ven#branch                         6.17928e-12
vc7#branch                        -6.31195e-08
vc6#branch                        -3.15597e-08
vc5#branch                        -1.57799e-08
vc4#branch                        -7.88993e-09
vc3#branch                        -3.94496e-09
vc2#branch                        -1.97248e-09
vc1#branch                        -9.86241e-10
vc0#branch                        -4.93121e-10
vdd#branch                        -0.000591477

 Reference value :  0.00000e+00
 Reference value :  6.48182e-10
 Reference value :  1.45138e-09
 Reference value :  2.25458e-09
 Reference value :  3.05778e-09
 Reference value :  3.86098e-09
 Reference value :  4.68426e-09
 Reference value :  5.46738e-09
 Reference value :  6.10914e-09
 Reference value :  6.53564e-09
 Reference value :  6.97740e-09
 Reference value :  7.39908e-09
 Reference value :  7.88100e-09
 Reference value :  8.30268e-09
 Reference value :  8.72436e-09
 Reference value :  9.18620e-09
 Reference value :  9.62796e-09
 Reference value :  1.00898e-08
 Reference value :  1.05516e-08
 Reference value :  1.10135e-08
 Reference value :  1.14753e-08
 Reference value :  1.19171e-08
 Reference value :  1.23588e-08
 Reference value :  1.28006e-08
 Reference value :  1.32424e-08
 Reference value :  1.37444e-08
 Reference value :  1.41861e-08
 Reference value :  1.46078e-08
 Reference value :  1.50696e-08
 Reference value :  1.55114e-08
 Reference value :  1.59331e-08
 Reference value :  1.63949e-08
 Reference value :  1.68568e-08
 Reference value :  1.72784e-08
 Reference value :  1.77001e-08
 Reference value :  1.81820e-08
 Reference value :  1.86037e-08
 Reference value :  1.90656e-08
 Reference value :  1.95475e-08
 Reference value :  1.99491e-08
 Reference value :  2.03908e-08
 Reference value :  2.08527e-08
 Reference value :  2.12744e-08
 Reference value :  2.17161e-08
 Reference value :  2.21980e-08
 Reference value :  2.26599e-08
 Reference value :  2.31016e-08
 Reference value :  2.35635e-08
 Reference value :  2.40454e-08
 Reference value :  2.44671e-08
 Reference value :  2.48888e-08
 Reference value :  2.53908e-08
 Reference value :  2.58124e-08
 Reference value :  2.62341e-08
 Reference value :  2.66960e-08
 Reference value :  2.71377e-08
 Reference value :  2.75795e-08
 Reference value :  2.80413e-08
 Reference value :  2.85032e-08
 Reference value :  2.89449e-08
 Reference value :  2.93867e-08
 Reference value :  2.98284e-08
 Reference value :  3.02501e-08
 Reference value :  3.06919e-08
 Reference value :  3.11738e-08
 Reference value :  3.16156e-08
 Reference value :  3.20573e-08
 Reference value :  3.25392e-08
 Reference value :  3.29609e-08
 Reference value :  3.34027e-08
 Reference value :  3.38444e-08
 Reference value :  3.43264e-08
 Reference value :  3.47280e-08
 Reference value :  3.51496e-08
 Reference value :  3.56115e-08
 Reference value :  3.60532e-08
 Reference value :  3.65151e-08
 Reference value :  3.70171e-08
 Reference value :  3.74588e-08
 Reference value :  3.79006e-08
 Reference value :  3.83825e-08
 Reference value :  3.88243e-08
 Reference value :  3.92460e-08
 Reference value :  3.97279e-08
 Reference value :  4.01897e-08
 Reference value :  4.06114e-08
 Reference value :  4.10532e-08
 Reference value :  4.15150e-08
 Reference value :  4.19568e-08
 Reference value :  4.23784e-08
 Reference value :  4.28804e-08
 Reference value :  4.33021e-08
 Reference value :  4.37439e-08
 Reference value :  4.42258e-08
 Reference value :  4.46676e-08
 Reference value :  4.50892e-08
 Reference value :  4.55712e-08
 Reference value :  4.60330e-08
 Reference value :  4.64547e-08
 Reference value :  4.68964e-08
 Reference value :  4.73583e-08
 Reference value :  4.78000e-08
 Reference value :  4.82418e-08
 Reference value :  4.87438e-08
 Reference value :  4.91856e-08
 Reference value :  4.96072e-08
 Reference value :  5.00490e-08
 Reference value :  5.04908e-08
 Reference value :  5.09526e-08
 Reference value :  5.14144e-08
 Reference value :  5.18562e-08
 Reference value :  5.22779e-08
 Reference value :  5.27196e-08
 Reference value :  5.31815e-08
 Reference value :  5.36232e-08
 Reference value :  5.40449e-08
 Reference value :  5.45268e-08
 Reference value :  5.49485e-08
 Reference value :  5.53903e-08
 Reference value :  5.58521e-08
 Reference value :  5.63140e-08
 Reference value :  5.67557e-08
 Reference value :  5.72376e-08
 Reference value :  5.76995e-08
 Reference value :  5.81212e-08
 Reference value :  5.85629e-08
 Reference value :  5.90248e-08
 Reference value :  5.94665e-08
 Reference value :  5.99083e-08
 Reference value :  6.03902e-08
 Reference value :  6.08119e-08
 Reference value :  6.12336e-08
 Reference value :  6.16954e-08
 Reference value :  6.21372e-08
 Reference value :  6.25789e-08
 Reference value :  6.30408e-08
 Reference value :  6.34825e-08
 Reference value :  6.38841e-08
 Reference value :  6.42857e-08
 Reference value :  6.47476e-08
 Reference value :  6.51893e-08
 Reference value :  6.56311e-08
 Reference value :  6.60929e-08
 Reference value :  6.65347e-08
 Reference value :  6.69764e-08
 Reference value :  6.74383e-08
 Reference value :  6.78600e-08
 Reference value :  6.82816e-08
 Reference value :  6.87435e-08
 Reference value :  6.92053e-08
 Reference value :  6.96270e-08
 Reference value :  7.00487e-08
 Reference value :  7.05105e-08
 Reference value :  7.09322e-08
 Reference value :  7.13740e-08
 Reference value :  7.18559e-08
 Reference value :  7.22976e-08
 Reference value :  7.27394e-08
 Reference value :  7.31812e-08
 Reference value :  7.36631e-08
 Reference value :  7.41048e-08
 Reference value :  7.45466e-08
 Reference value :  7.50486e-08
 Reference value :  7.54904e-08
 Reference value :  7.59120e-08
 Reference value :  7.63739e-08
 Reference value :  7.68156e-08
 Reference value :  7.72574e-08
 Reference value :  7.77594e-08
 Reference value :  7.82012e-08
 Reference value :  7.86228e-08
 Reference value :  7.90847e-08
 Reference value :  7.95264e-08
 Reference value :  7.99682e-08
 Reference value :  8.03899e-08
 Reference value :  8.08517e-08
 Reference value :  8.12734e-08
 Reference value :  8.17152e-08
 Reference value :  8.21770e-08
 Reference value :  8.25987e-08
 Reference value :  8.30404e-08
 Reference value :  8.35224e-08
 Reference value :  8.39641e-08
 Reference value :  8.43858e-08
 Reference value :  8.48276e-08
 Reference value :  8.52693e-08
 Reference value :  8.57111e-08
 Reference value :  8.61528e-08
 Reference value :  8.66348e-08
 Reference value :  8.70765e-08
 Reference value :  8.74982e-08
 Reference value :  8.79801e-08
 Reference value :  8.84018e-08
 Reference value :  8.88436e-08
 Reference value :  8.93054e-08
 Reference value :  8.97472e-08
 Reference value :  9.01488e-08
 Reference value :  9.05905e-08
 Reference value :  9.10724e-08
 Reference value :  9.15142e-08
 Reference value :  9.19359e-08
 Reference value :  9.24178e-08
 Reference value :  9.28596e-08
 Reference value :  9.33013e-08
 Reference value :  9.37632e-08
 Reference value :  9.41848e-08
 Reference value :  9.46065e-08
 Reference value :  9.50684e-08
 Reference value :  9.55101e-08
 Reference value :  9.59318e-08
 Reference value :  9.63736e-08
 Reference value :  9.68354e-08
 Reference value :  9.72571e-08
 Reference value :  9.76788e-08
 Reference value :  9.81808e-08
 Reference value :  9.85824e-08
 Reference value :  9.90040e-08
 Reference value :  9.94659e-08
 Reference value :  9.99076e-08
 Reference value :  1.00349e-07
 Reference value :  1.00791e-07
 Reference value :  1.01273e-07
 Reference value :  1.01695e-07
 Reference value :  1.02116e-07
 Reference value :  1.02598e-07
 Reference value :  1.03040e-07
 Reference value :  1.03482e-07
 Reference value :  1.03984e-07
 Reference value :  1.04426e-07
 Reference value :  1.04867e-07
 Reference value :  1.05309e-07
 Reference value :  1.05751e-07
 Reference value :  1.06193e-07
 Reference value :  1.06634e-07
 Reference value :  1.07096e-07
 Reference value :  1.07518e-07
 Reference value :  1.07940e-07
 Reference value :  1.08381e-07
 Reference value :  1.08823e-07
 Reference value :  1.09265e-07
 Reference value :  1.09747e-07
 Reference value :  1.10189e-07
 Reference value :  1.10630e-07
 Reference value :  1.11072e-07
 Reference value :  1.11514e-07
 Reference value :  1.11956e-07
 Reference value :  1.12377e-07
 Reference value :  1.12879e-07
 Reference value :  1.13321e-07
 Reference value :  1.13743e-07
 Reference value :  1.14205e-07
 Reference value :  1.14646e-07
 Reference value :  1.15088e-07
 Reference value :  1.15570e-07
 Reference value :  1.16012e-07
 Reference value :  1.16433e-07
 Reference value :  1.16875e-07
 Reference value :  1.17337e-07
 Reference value :  1.17779e-07
 Reference value :  1.18201e-07
 Reference value :  1.18682e-07
 Reference value :  1.19084e-07
 Reference value :  1.19506e-07
 Reference value :  1.19947e-07
 Reference value :  1.20389e-07
No. of Data Rows : 6015
vhold_min           =  1.20000e+00 at=  8.59424e-11
tfirst              =  7.82310e-09
t1                  =  7.33997e-08
t2                  =  7.63146e-08
t3                  =  7.92294e-08
t4                  =  8.21440e-08
t5                  =  8.50586e-08
t6                  =  8.79733e-08
t7                  =  9.08882e-08
t8                  =  9.38032e-08
t9                  =  9.67180e-08
t10                 =  9.96327e-08
t11                 =  1.02547e-07
t12                 =  1.05462e-07
idd_run             =  -6.15423e-04 from=  7.22900e-08 to=  1.20500e-07
vmax                =  1.21606e+00 at=  8.64139e-08
vmin                =  -1.12230e-02 at=  1.02438e-07
Note: Simulation executed from .control section 
Note: Starting dynamic gmin stepping
Note: Dynamic gmin stepping completed
Note: Starting dynamic gmin stepping
Note: Dynamic gmin stepping completed
