
Note: No compatibility mode selected!


Circuit: * tt_analog_ring, code 16

Doing analysis at TEMP = 27.000000 and TNOM = 27.000000

Using SPARSE 1.3 as Direct Linear Solver
 Reference value :  0.00000e+00
No. of Data Rows : 1
idd_dis=5.11943E-05 vbp=0.746253 vbn=0.358189 clk_dis=1.2
Doing analysis at TEMP = 27.000000 and TNOM = 27.000000

Using SPARSE 1.3 as Direct Linear Solver

Initial Transient Solution
--------------------------

Node                                   Voltage
----                                   -------
vpwr                                       1.2
code[0]                                      0
code[1]                                      0
code[2]                                      0
code[3]                                      0
code[4]                                    1.2
code[5]                                      0
code[6]                                      0
code[7]                                      0
enable                                       0
xdut.vbp                              0.746253
xdut.vbn                              0.358189
xdut.n0                            4.21321e-07
xdut.p0                                    1.2
xdut.na0                               1.02048
xdut.s0                                    1.2
xdut.s10                                   1.2
xdut.n1                            2.30015e-06
xdut.p1                                    1.2
xdut.s1                            2.41792e-06
xdut.n2                            3.96223e-07
xdut.p2                                    1.2
xdut.s2                                    1.2
xdut.n3                            1.94742e-06
xdut.p3                                    1.2
xdut.s3                            2.04535e-06
xdut.n4                             3.2937e-07
xdut.p4                                    1.2
xdut.s4                                    1.2
xdut.n5                            1.77613e-06
xdut.p5                                    1.2
xdut.s5                            1.87879e-06
xdut.n6                            6.81007e-07
xdut.p6                                    1.2
xdut.s6                                    1.2
xdut.n7                             2.3587e-06
xdut.p7                                    1.2
xdut.s7                             2.4614e-06
xdut.n8                            6.48063e-07
xdut.p8                                    1.2
xdut.s8                                    1.2
xdut.n9                            1.93927e-06
xdut.p9                                    1.2
xdut.s9                            2.03491e-06
xdut.n10                            3.1619e-07
xdut.p10                                   1.2
xdut.b1                            1.47921e-07
clk_out                                    1.2
ven#branch                         7.46998e-12
vc7#branch                         4.04875e-12
vc6#branch                         2.03372e-12
vc5#branch                         1.00795e-12
vc4#branch                        -6.73838e-09
vc3#branch                         2.53216e-13
vc2#branch                          1.2648e-13
vc1#branch                         6.18108e-14
vc0#branch                          3.1224e-14
vdd#branch                        -5.11943e-05

 Reference value :  0.00000e+00
 Reference value :  6.01370e-09
 Reference value :  1.30610e-08
 Reference value :  1.99276e-08
 Reference value :  2.69749e-08
 Reference value :  3.38415e-08
 Reference value :  4.10695e-08
 Reference value :  4.81168e-08
 Reference value :  5.42650e-08
 Reference value :  5.74082e-08
 Reference value :  6.12029e-08
 Reference value :  6.49976e-08
 Reference value :  6.84367e-08
 Reference value :  7.21795e-08
 Reference value :  7.59742e-08
 Reference value :  7.97689e-08
 Reference value :  8.33829e-08
 Reference value :  8.69969e-08
 Reference value :  9.06109e-08
 Reference value :  9.44056e-08
 Reference value :  9.74715e-08
 Reference value :  1.01266e-07
 Reference value :  1.05061e-07
 Reference value :  1.08462e-07
 Reference value :  1.12076e-07
 Reference value :  1.16051e-07
 Reference value :  1.19846e-07
 Reference value :  1.23549e-07
 Reference value :  1.27343e-07
 Reference value :  1.31319e-07
 Reference value :  1.35105e-07
 Reference value :  1.38719e-07
 Reference value :  1.42513e-07
 Reference value :  1.46489e-07
 Reference value :  1.49811e-07
 Reference value :  1.53605e-07
 Reference value :  1.57219e-07
 Reference value :  1.61014e-07
 Reference value :  1.64628e-07
 Reference value :  1.68423e-07
 Reference value :  1.72398e-07
 Reference value :  1.75884e-07
 Reference value :  1.79679e-07
 Reference value :  1.83293e-07
 Reference value :  1.87088e-07
 Reference value :  1.90702e-07
 Reference value :  1.94316e-07
 Reference value :  1.97930e-07
 Reference value :  2.01357e-07
 Reference value :  2.05152e-07
 Reference value :  2.08766e-07
 Reference value :  2.12380e-07
 Reference value :  2.15961e-07
 Reference value :  2.19756e-07
 Reference value :  2.23551e-07
 Reference value :  2.27134e-07
 Reference value :  2.30868e-07
 Reference value :  2.34301e-07
 Reference value :  2.38096e-07
 Reference value :  2.41701e-07
 Reference value :  2.45315e-07
 Reference value :  2.48929e-07
 Reference value :  2.52723e-07
 Reference value :  2.56045e-07
 Reference value :  2.60021e-07
 Reference value :  2.63815e-07
 Reference value :  2.67249e-07
 Reference value :  2.70682e-07
 Reference value :  2.74296e-07
 Reference value :  2.78091e-07
 Reference value :  2.81577e-07
 Reference value :  2.85191e-07
 Reference value :  2.88986e-07
 Reference value :  2.92600e-07
 Reference value :  2.96214e-07
 Reference value :  2.99828e-07
 Reference value :  3.03442e-07
 Reference value :  3.06717e-07
 Reference value :  3.10482e-07
 Reference value :  3.14096e-07
 Reference value :  3.17710e-07
 Reference value :  3.21111e-07
 Reference value :  3.24725e-07
 Reference value :  3.28159e-07
 Reference value :  3.31953e-07
 Reference value :  3.35294e-07
 Reference value :  3.38908e-07
 Reference value :  3.42703e-07
 Reference value :  3.46489e-07
 Reference value :  3.50103e-07
 Reference value :  3.53898e-07
 Reference value :  3.57873e-07
 Reference value :  3.61194e-07
 Reference value :  3.64808e-07
 Reference value :  3.68603e-07
 Reference value :  3.72398e-07
 Reference value :  3.75831e-07
 Reference value :  3.79445e-07
 Reference value :  3.83059e-07
 Reference value :  3.86545e-07
 Reference value :  3.90340e-07
 Reference value :  3.94134e-07
 Reference value :  3.97748e-07
 Reference value :  4.01182e-07
 Reference value :  4.04615e-07
 Reference value :  4.08229e-07
 Reference value :  4.12024e-07
 Reference value :  4.15086e-07
 Reference value :  4.18881e-07
 Reference value :  4.22675e-07
 Reference value :  4.25897e-07
 Reference value :  4.29511e-07
 Reference value :  4.33125e-07
 Reference value :  4.37100e-07
 Reference value :  4.40615e-07
 Reference value :  4.44409e-07
 Reference value :  4.48023e-07
 Reference value :  4.51818e-07
 Reference value :  4.55249e-07
 Reference value :  4.59044e-07
 Reference value :  4.62658e-07
 Reference value :  4.66155e-07
 Reference value :  4.69769e-07
 Reference value :  4.73564e-07
 Reference value :  4.77178e-07
 Reference value :  4.80792e-07
 Reference value :  4.84225e-07
 Reference value :  4.87839e-07
 Reference value :  4.91453e-07
 Reference value :  4.94757e-07
 Reference value :  4.98552e-07
 Reference value :  5.02166e-07
 Reference value :  5.05599e-07
 Reference value :  5.09213e-07
 Reference value :  5.13008e-07
 Reference value :  5.16983e-07
 Reference value :  5.20213e-07
 Reference value :  5.24008e-07
 Reference value :  5.27622e-07
 Reference value :  5.31416e-07
 Reference value :  5.34837e-07
 Reference value :  5.38631e-07
 Reference value :  5.42245e-07
 Reference value :  5.45755e-07
 Reference value :  5.49550e-07
 Reference value :  5.53344e-07
 Reference value :  5.56958e-07
 Reference value :  5.60572e-07
 Reference value :  5.64186e-07
 Reference value :  5.67981e-07
 Reference value :  5.71474e-07
 Reference value :  5.75269e-07
 Reference value :  5.78883e-07
 Reference value :  5.82497e-07
 Reference value :  5.85930e-07
 Reference value :  5.89544e-07
 Reference value :  5.93158e-07
 Reference value :  5.97133e-07
 Reference value :  6.00608e-07
 Reference value :  6.04041e-07
 Reference value :  6.07836e-07
 Reference value :  6.11445e-07
 Reference value :  6.15059e-07
 Reference value :  6.18673e-07
 Reference value :  6.22287e-07
 Reference value :  6.25488e-07
 Reference value :  6.29283e-07
 Reference value :  6.33078e-07
 Reference value :  6.36872e-07
 Reference value :  6.40306e-07
 Reference value :  6.44100e-07
 Reference value :  6.47895e-07
 Reference value :  6.51378e-07
 Reference value :  6.54992e-07
 Reference value :  6.58606e-07
 Reference value :  6.62401e-07
 Reference value :  6.66015e-07
 Reference value :  6.69629e-07
 Reference value :  6.73423e-07
 Reference value :  6.76971e-07
 Reference value :  6.80261e-07
 Reference value :  6.83875e-07
 Reference value :  6.87670e-07
 Reference value :  6.91275e-07
 Reference value :  6.95070e-07
 Reference value :  6.98865e-07
 Reference value :  7.02840e-07
 Reference value :  7.06342e-07
 Reference value :  7.10137e-07
 Reference value :  7.13931e-07
 Reference value :  7.17726e-07
 Reference value :  7.21340e-07
 Reference value :  7.24773e-07
 Reference value :  7.28568e-07
 Reference value :  7.31873e-07
 Reference value :  7.35668e-07
 Reference value :  7.39463e-07
 Reference value :  7.43077e-07
 Reference value :  7.46510e-07
 Reference value :  7.50305e-07
 Reference value :  7.53919e-07
 Reference value :  7.56981e-07
 Reference value :  7.60775e-07
 Reference value :  7.64389e-07
 Reference value :  7.68003e-07
 Reference value :  7.71406e-07
 Reference value :  7.75200e-07
 Reference value :  7.78995e-07
 Reference value :  7.82790e-07
 Reference value :  7.86304e-07
 Reference value :  7.89918e-07
 Reference value :  7.93893e-07
 Reference value :  7.97505e-07
 Reference value :  8.01119e-07
 Reference value :  8.04733e-07
 Reference value :  8.08709e-07
 Reference value :  8.12026e-07
 Reference value :  8.15820e-07
 Reference value :  8.19615e-07
 Reference value :  8.23229e-07
 Reference value :  8.26843e-07
 Reference value :  8.30638e-07
 Reference value :  8.34432e-07
 Reference value :  8.37555e-07
 Reference value :  8.41350e-07
 Reference value :  8.45145e-07
 Reference value :  8.48759e-07
 Reference value :  8.52192e-07
 Reference value :  8.55987e-07
 Reference value :  8.59781e-07
 Reference value :  8.63008e-07
 Reference value :  8.66803e-07
 Reference value :  8.70417e-07
 Reference value :  8.74211e-07
 Reference value :  8.77814e-07
 Reference value :  8.81609e-07
 Reference value :  8.85584e-07
 Reference value :  8.89091e-07
 Reference value :  8.92885e-07
 Reference value :  8.96499e-07
 Reference value :  9.00294e-07
 Reference value :  9.03908e-07
 Reference value :  9.07703e-07
 Reference value :  9.11678e-07
 Reference value :  9.15239e-07
 Reference value :  9.19143e-07
 Reference value :  9.22938e-07
 Reference value :  9.26552e-07
 Reference value :  9.30166e-07
 Reference value :  9.33780e-07
 Reference value :  9.37394e-07
 Reference value :  9.41008e-07
 Reference value :  9.44292e-07
 Reference value :  9.48087e-07
 Reference value :  9.52062e-07
 Reference value :  9.55664e-07
 Reference value :  9.59278e-07
 Reference value :  9.63073e-07
 Reference value :  9.66867e-07
 Reference value :  9.70078e-07
 Reference value :  9.73872e-07
 Reference value :  9.77667e-07
 Reference value :  9.81462e-07
 Reference value :  9.84895e-07
 Reference value :  9.88690e-07
 Reference value :  9.92485e-07
 Reference value :  9.95737e-07
 Reference value :  9.99532e-07
 Reference value :  1.00333e-06
 Reference value :  1.00694e-06
 Reference value :  1.01034e-06
 Reference value :  1.01414e-06
 Reference value :  1.01793e-06
 Reference value :  1.02166e-06
 Reference value :  1.02545e-06
 Reference value :  1.02943e-06
 Reference value :  1.03322e-06
 Reference value :  1.03681e-06
 Reference value :  1.04060e-06
 Reference value :  1.04440e-06
 Reference value :  1.04792e-06
 Reference value :  1.05171e-06
 Reference value :  1.05533e-06
 Reference value :  1.05912e-06
 Reference value :  1.06273e-06
 Reference value :  1.06652e-06
 Reference value :  1.07013e-06
 Reference value :  1.07393e-06
 Reference value :  1.07761e-06
 Reference value :  1.08141e-06
No. of Data Rows : 6047
vhold_min           =  1.20000e+00 at=  2.31296e-10
tfirst              =  6.79736e-08
t1                  =  6.63678e-07
t2                  =  6.90125e-07
t3                  =  7.16598e-07
t4                  =  7.43075e-07
t5                  =  7.69528e-07
t6                  =  7.95997e-07
t7                  =  8.22471e-07
t8                  =  8.48947e-07
t9                  =  8.75395e-07
t10                 =  9.01868e-07
t11                 =  9.28344e-07
t12                 =  9.54812e-07
idd_run             =  -5.45824e-05 from=  6.50400e-07 to=  1.08400e-06
vmax                =  1.22599e+00 at=  9.55134e-07
vmin                =  -2.43620e-02 at=  9.68081e-07
Note: Simulation executed from .control section 
Note: Starting dynamic gmin stepping
Note: Dynamic gmin stepping completed
Note: Starting dynamic gmin stepping
Note: Dynamic gmin stepping completed
