
Note: No compatibility mode selected!


Circuit: * tt_analog_ring, code 127

Doing analysis at TEMP = 27.000000 and TNOM = 27.000000

Using SPARSE 1.3 as Direct Linear Solver
 Reference value :  0.00000e+00
No. of Data Rows : 1
idd_dis=0.000326942 vbp=0.557961 vbn=0.505005 clk_dis=1.2
Doing analysis at TEMP = 27.000000 and TNOM = 27.000000

Using SPARSE 1.3 as Direct Linear Solver

Initial Transient Solution
--------------------------

Node                                   Voltage
----                                   -------
vpwr                                       1.2
code[0]                                    1.2
code[1]                                    1.2
code[2]                                    1.2
code[3]                                    1.2
code[4]                                    1.2
code[5]                                    1.2
code[6]                                    1.2
code[7]                                      0
enable                                       0
xdut.vbp                              0.557961
xdut.vbn                              0.505005
xdut.n0                            1.48937e-07
xdut.p0                                    1.2
xdut.na0                                1.0425
xdut.s0                                    1.2
xdut.s10                                   1.2
xdut.n1                            5.40254e-07
xdut.p1                                    1.2
xdut.s1                            6.26079e-07
xdut.n2                            8.18237e-08
xdut.p2                                    1.2
xdut.s2                                    1.2
xdut.n3                            6.44826e-07
xdut.p3                                    1.2
xdut.s3                            7.33514e-07
xdut.n4                            7.36024e-08
xdut.p4                                    1.2
xdut.s4                                    1.2
xdut.n5                            5.92184e-07
xdut.p5                                    1.2
xdut.s5                             6.8265e-07
xdut.n6                            1.15434e-07
xdut.p6                                    1.2
xdut.s6                                    1.2
xdut.n7                            5.20472e-07
xdut.p7                                    1.2
xdut.s7                            5.94271e-07
xdut.n8                            1.66022e-07
xdut.p8                                    1.2
xdut.s8                                    1.2
xdut.n9                            8.00808e-07
xdut.p9                                    1.2
xdut.s9                            9.27779e-07
xdut.n10                           6.44301e-08
xdut.p10                                   1.2
xdut.b1                            1.54253e-07
clk_out                                    1.2
ven#branch                         7.26768e-12
vc7#branch                         1.72985e-12
vc6#branch                        -2.93625e-08
vc5#branch                        -1.46694e-08
vc4#branch                        -7.33514e-09
vc3#branch                        -3.66095e-09
vc2#branch                        -1.85477e-09
vc1#branch                        -9.10395e-10
vc0#branch                        -4.66018e-10
vdd#branch                        -0.000326942

 Reference value :  0.00000e+00
 Reference value :  9.69993e-10
 Reference value :  2.21039e-09
 Reference value :  3.41978e-09
 Reference value :  4.62917e-09
 Reference value :  5.77654e-09
 Reference value :  6.95492e-09
 Reference value :  8.16431e-09
 Reference value :  9.31130e-09
 Reference value :  9.88266e-09
 Reference value :  1.05029e-08
 Reference value :  1.11851e-08
 Reference value :  1.19293e-08
 Reference value :  1.26115e-08
 Reference value :  1.32627e-08
 Reference value :  1.39140e-08
 Reference value :  1.45962e-08
 Reference value :  1.52474e-08
 Reference value :  1.58986e-08
 Reference value :  1.66738e-08
 Reference value :  1.72940e-08
 Reference value :  1.79763e-08
 Reference value :  1.86585e-08
 Reference value :  1.93407e-08
 Reference value :  1.99919e-08
 Reference value :  2.06431e-08
 Reference value :  2.13874e-08
 Reference value :  2.20386e-08
 Reference value :  2.26898e-08
 Reference value :  2.34030e-08
 Reference value :  2.40852e-08
 Reference value :  2.47364e-08
 Reference value :  2.54187e-08
 Reference value :  2.61009e-08
 Reference value :  2.67831e-08
 Reference value :  2.74343e-08
 Reference value :  2.81475e-08
 Reference value :  2.87988e-08
 Reference value :  2.94810e-08
 Reference value :  3.01942e-08
 Reference value :  3.09074e-08
 Reference value :  3.15586e-08
 Reference value :  3.22719e-08
 Reference value :  3.29541e-08
 Reference value :  3.35743e-08
 Reference value :  3.42565e-08
 Reference value :  3.50318e-08
 Reference value :  3.56830e-08
 Reference value :  3.63342e-08
 Reference value :  3.69854e-08
 Reference value :  3.76366e-08
 Reference value :  3.82878e-08
 Reference value :  3.89080e-08
 Reference value :  3.96523e-08
 Reference value :  4.03035e-08
 Reference value :  4.09857e-08
 Reference value :  4.16989e-08
 Reference value :  4.23501e-08
 Reference value :  4.30013e-08
 Reference value :  4.36836e-08
 Reference value :  4.43968e-08
 Reference value :  4.50480e-08
 Reference value :  4.57302e-08
 Reference value :  4.64434e-08
 Reference value :  4.70947e-08
 Reference value :  4.77459e-08
 Reference value :  4.84281e-08
 Reference value :  4.91103e-08
 Reference value :  4.97925e-08
 Reference value :  5.04747e-08
 Reference value :  5.11880e-08
 Reference value :  5.18392e-08
 Reference value :  5.24904e-08
 Reference value :  5.32036e-08
 Reference value :  5.38858e-08
 Reference value :  5.45681e-08
 Reference value :  5.52193e-08
 Reference value :  5.59015e-08
 Reference value :  5.65527e-08
 Reference value :  5.72039e-08
 Reference value :  5.79482e-08
 Reference value :  5.86304e-08
 Reference value :  5.93126e-08
 Reference value :  6.00258e-08
 Reference value :  6.07080e-08
 Reference value :  6.13903e-08
 Reference value :  6.20725e-08
 Reference value :  6.27857e-08
 Reference value :  6.34679e-08
 Reference value :  6.41191e-08
 Reference value :  6.48324e-08
 Reference value :  6.55146e-08
 Reference value :  6.61658e-08
 Reference value :  6.69100e-08
 Reference value :  6.75923e-08
 Reference value :  6.82435e-08
 Reference value :  6.89257e-08
 Reference value :  6.96389e-08
 Reference value :  7.02901e-08
 Reference value :  7.09413e-08
 Reference value :  7.17166e-08
 Reference value :  7.23678e-08
 Reference value :  7.30500e-08
 Reference value :  7.37322e-08
 Reference value :  7.43835e-08
 Reference value :  7.50347e-08
 Reference value :  7.57169e-08
 Reference value :  7.64611e-08
 Reference value :  7.71433e-08
 Reference value :  7.77946e-08
 Reference value :  7.85078e-08
 Reference value :  7.91900e-08
 Reference value :  7.98412e-08
 Reference value :  8.05544e-08
 Reference value :  8.12677e-08
 Reference value :  8.19189e-08
 Reference value :  8.26011e-08
 Reference value :  8.33143e-08
 Reference value :  8.39655e-08
 Reference value :  8.46168e-08
 Reference value :  8.53920e-08
 Reference value :  8.60742e-08
 Reference value :  8.67254e-08
 Reference value :  8.74387e-08
 Reference value :  8.80589e-08
 Reference value :  8.87101e-08
 Reference value :  8.93613e-08
 Reference value :  9.01055e-08
 Reference value :  9.07567e-08
 Reference value :  9.14079e-08
 Reference value :  9.21212e-08
 Reference value :  9.27724e-08
 Reference value :  9.34546e-08
 Reference value :  9.41368e-08
 Reference value :  9.48501e-08
 Reference value :  9.55323e-08
 Reference value :  9.62145e-08
 Reference value :  9.68967e-08
 Reference value :  9.75789e-08
 Reference value :  9.82612e-08
 Reference value :  9.90364e-08
 Reference value :  9.96876e-08
 Reference value :  1.00339e-07
 Reference value :  1.00959e-07
 Reference value :  1.01672e-07
 Reference value :  1.02354e-07
 Reference value :  1.02975e-07
 Reference value :  1.03719e-07
 Reference value :  1.04370e-07
 Reference value :  1.05021e-07
 Reference value :  1.05704e-07
 Reference value :  1.06355e-07
 Reference value :  1.07006e-07
 Reference value :  1.07657e-07
 Reference value :  1.08401e-07
 Reference value :  1.09084e-07
 Reference value :  1.09766e-07
 Reference value :  1.10479e-07
 Reference value :  1.11161e-07
 Reference value :  1.11813e-07
 Reference value :  1.12526e-07
 Reference value :  1.13208e-07
 Reference value :  1.13859e-07
 Reference value :  1.14510e-07
 Reference value :  1.15224e-07
 Reference value :  1.15875e-07
 Reference value :  1.16526e-07
 Reference value :  1.17239e-07
 Reference value :  1.17921e-07
 Reference value :  1.18573e-07
 Reference value :  1.19255e-07
 Reference value :  1.19937e-07
 Reference value :  1.20557e-07
 Reference value :  1.21209e-07
 Reference value :  1.21984e-07
 Reference value :  1.22666e-07
 Reference value :  1.23348e-07
 Reference value :  1.24092e-07
 Reference value :  1.24775e-07
 Reference value :  1.25426e-07
 Reference value :  1.26139e-07
 Reference value :  1.26852e-07
 Reference value :  1.27504e-07
 Reference value :  1.28186e-07
 Reference value :  1.28899e-07
 Reference value :  1.29581e-07
 Reference value :  1.30263e-07
 Reference value :  1.30977e-07
 Reference value :  1.31659e-07
 Reference value :  1.32341e-07
 Reference value :  1.32992e-07
 Reference value :  1.33675e-07
 Reference value :  1.34326e-07
 Reference value :  1.34977e-07
 Reference value :  1.35721e-07
 Reference value :  1.36403e-07
 Reference value :  1.37086e-07
 Reference value :  1.37737e-07
 Reference value :  1.38419e-07
 Reference value :  1.39070e-07
 Reference value :  1.39722e-07
 Reference value :  1.40466e-07
 Reference value :  1.41117e-07
 Reference value :  1.41768e-07
 Reference value :  1.42481e-07
 Reference value :  1.43164e-07
 Reference value :  1.43815e-07
 Reference value :  1.44497e-07
 Reference value :  1.45210e-07
 Reference value :  1.45862e-07
 Reference value :  1.46544e-07
 Reference value :  1.47257e-07
 Reference value :  1.47939e-07
 Reference value :  1.48621e-07
 Reference value :  1.49397e-07
 Reference value :  1.50079e-07
 Reference value :  1.50730e-07
 Reference value :  1.51381e-07
 Reference value :  1.52064e-07
 Reference value :  1.52746e-07
 Reference value :  1.53428e-07
 Reference value :  1.54172e-07
 Reference value :  1.54823e-07
 Reference value :  1.55475e-07
 Reference value :  1.56188e-07
 Reference value :  1.56839e-07
 Reference value :  1.57490e-07
 Reference value :  1.58172e-07
 Reference value :  1.58886e-07
 Reference value :  1.59568e-07
 Reference value :  1.60250e-07
 Reference value :  1.60963e-07
 Reference value :  1.61615e-07
 Reference value :  1.62297e-07
 Reference value :  1.63041e-07
 Reference value :  1.63723e-07
 Reference value :  1.64405e-07
 Reference value :  1.65057e-07
 Reference value :  1.65739e-07
 Reference value :  1.66421e-07
 Reference value :  1.67041e-07
 Reference value :  1.67817e-07
 Reference value :  1.68468e-07
 Reference value :  1.69150e-07
 Reference value :  1.69894e-07
 Reference value :  1.70545e-07
 Reference value :  1.71197e-07
 Reference value :  1.71879e-07
 Reference value :  1.72623e-07
 Reference value :  1.73305e-07
 Reference value :  1.73957e-07
 Reference value :  1.74670e-07
 Reference value :  1.75352e-07
 Reference value :  1.76034e-07
 Reference value :  1.76747e-07
 Reference value :  1.77430e-07
 Reference value :  1.78112e-07
 Reference value :  1.78763e-07
 Reference value :  1.79445e-07
 Reference value :  1.80128e-07
 Reference value :  1.80779e-07
 Reference value :  1.81523e-07
 Reference value :  1.82174e-07
 Reference value :  1.82856e-07
 Reference value :  1.83570e-07
 Reference value :  1.84221e-07
 Reference value :  1.84841e-07
 Reference value :  1.85492e-07
No. of Data Rows : 6012
vhold_min           =  1.20000e+00 at=  1.32723e-10
tfirst              =  1.20479e-08
t1                  =  1.15063e-07
t2                  =  1.19642e-07
t3                  =  1.24220e-07
t4                  =  1.28798e-07
t5                  =  1.33377e-07
t6                  =  1.37955e-07
t7                  =  1.42533e-07
t8                  =  1.47112e-07
t9                  =  1.51690e-07
t10                 =  1.56269e-07
t11                 =  1.60847e-07
t12                 =  1.65425e-07
idd_run             =  -3.42235e-04 from=  1.11600e-07 to=  1.86000e-07
vmax                =  1.21148e+00 at=  1.53831e-07
vmin                =  -7.62674e-03 at=  1.14914e-07
Note: Simulation executed from .control section 
Note: Starting dynamic gmin stepping
Note: Dynamic gmin stepping completed
Note: Starting dynamic gmin stepping
Note: Dynamic gmin stepping completed
