
Note: No compatibility mode selected!


Circuit: * tt_analog_ring, code 16

Doing analysis at TEMP = 27.000000 and TNOM = 27.000000

Using SPARSE 1.3 as Direct Linear Solver
 Reference value :  0.00000e+00
No. of Data Rows : 1
idd_dis=5.12858E-05 vbp=0.744539 vbn=0.355189 clk_dis=1.2
Doing analysis at TEMP = 27.000000 and TNOM = 27.000000

Using SPARSE 1.3 as Direct Linear Solver

Initial Transient Solution
--------------------------

Node                                   Voltage
----                                   -------
vpwr                                       1.2
code[0]                                      0
code[1]                                      0
code[2]                                      0
code[3]                                      0
code[4]                                    1.2
code[5]                                      0
code[6]                                      0
code[7]                                      0
enable                                       0
xdut.vbp                              0.744539
xdut.vbn                              0.355189
xdut.n0                            6.25694e-07
xdut.p0                                    1.2
xdut.na0                               1.00828
xdut.s0                                    1.2
xdut.s10                                   1.2
xdut.n1                             1.6159e-06
xdut.p1                                    1.2
xdut.s1                            1.70669e-06
xdut.n2                            1.88737e-07
xdut.p2                                    1.2
xdut.s2                                    1.2
xdut.n3                            2.14078e-06
xdut.p3                                    1.2
xdut.s3                            2.24419e-06
xdut.n4                            2.16361e-07
xdut.p4                                1.20294
xdut.s4                                1.20312
xdut.n5                            2.16111e-06
xdut.p5                                    1.2
xdut.s5                            2.24944e-06
xdut.n6                            2.98611e-07
xdut.p6                                    1.2
xdut.s6                                    1.2
xdut.n7                            1.53238e-06
xdut.p7                                    1.2
xdut.s7                            1.60104e-06
xdut.n8                            5.40465e-07
xdut.p8                                    1.2
xdut.s8                                    1.2
xdut.n9                            1.77936e-06
xdut.p9                                    1.2
xdut.s9                            1.85611e-06
xdut.n10                           6.24758e-07
xdut.p10                                   1.2
xdut.b1                            1.41193e-07
clk_out                                    1.2
ven#branch                          7.4527e-12
vc7#branch                         4.02121e-12
vc6#branch                         2.00943e-12
vc5#branch                          1.0038e-12
vc4#branch                         -6.8423e-09
vc3#branch                           2.492e-13
vc2#branch                         1.25153e-13
vc1#branch                         6.29814e-14
vc0#branch                         3.22895e-14
vdd#branch                        -5.12858e-05

 Reference value :  0.00000e+00
 Reference value :  5.47160e-09
 Reference value :  1.25189e-08
 Reference value :  1.95662e-08
 Reference value :  2.66135e-08
 Reference value :  3.36608e-08
 Reference value :  4.07081e-08
 Reference value :  4.77554e-08
 Reference value :  5.42300e-08
 Reference value :  5.72275e-08
 Reference value :  6.08415e-08
 Reference value :  6.44555e-08
 Reference value :  6.82502e-08
 Reference value :  7.11598e-08
 Reference value :  7.47738e-08
 Reference value :  7.83878e-08
 Reference value :  8.18170e-08
 Reference value :  8.54310e-08
 Reference value :  8.90450e-08
 Reference value :  9.30204e-08
 Reference value :  9.62216e-08
 Reference value :  1.00016e-07
 Reference value :  1.03811e-07
 Reference value :  1.07425e-07
 Reference value :  1.11007e-07
 Reference value :  1.14982e-07
 Reference value :  1.18596e-07
 Reference value :  1.21845e-07
 Reference value :  1.25459e-07
 Reference value :  1.29254e-07
 Reference value :  1.32868e-07
 Reference value :  1.36482e-07
 Reference value :  1.40277e-07
 Reference value :  1.44252e-07
 Reference value :  1.47704e-07
 Reference value :  1.51269e-07
 Reference value :  1.55063e-07
 Reference value :  1.58858e-07
 Reference value :  1.62258e-07
 Reference value :  1.65872e-07
 Reference value :  1.69667e-07
 Reference value :  1.73462e-07
 Reference value :  1.76511e-07
 Reference value :  1.80306e-07
 Reference value :  1.84100e-07
 Reference value :  1.87714e-07
 Reference value :  1.91328e-07
 Reference value :  1.94942e-07
 Reference value :  1.98737e-07
 Reference value :  2.02017e-07
 Reference value :  2.05450e-07
 Reference value :  2.08883e-07
 Reference value :  2.12497e-07
 Reference value :  2.16097e-07
 Reference value :  2.19892e-07
 Reference value :  2.23506e-07
 Reference value :  2.27001e-07
 Reference value :  2.30434e-07
 Reference value :  2.34409e-07
 Reference value :  2.38204e-07
 Reference value :  2.41800e-07
 Reference value :  2.45414e-07
 Reference value :  2.49209e-07
 Reference value :  2.52715e-07
 Reference value :  2.56309e-07
 Reference value :  2.60104e-07
 Reference value :  2.63898e-07
 Reference value :  2.67480e-07
 Reference value :  2.71094e-07
 Reference value :  2.74889e-07
 Reference value :  2.78683e-07
 Reference value :  2.81719e-07
 Reference value :  2.85333e-07
 Reference value :  2.89128e-07
 Reference value :  2.92734e-07
 Reference value :  2.96529e-07
 Reference value :  3.00143e-07
 Reference value :  3.03937e-07
 Reference value :  3.07491e-07
 Reference value :  3.11105e-07
 Reference value :  3.14899e-07
 Reference value :  3.18513e-07
 Reference value :  3.22308e-07
 Reference value :  3.26103e-07
 Reference value :  3.29897e-07
 Reference value :  3.33119e-07
 Reference value :  3.36733e-07
 Reference value :  3.40347e-07
 Reference value :  3.44142e-07
 Reference value :  3.47542e-07
 Reference value :  3.51337e-07
 Reference value :  3.55132e-07
 Reference value :  3.58180e-07
 Reference value :  3.61794e-07
 Reference value :  3.65408e-07
 Reference value :  3.69203e-07
 Reference value :  3.72817e-07
 Reference value :  3.76611e-07
 Reference value :  3.80406e-07
 Reference value :  3.83809e-07
 Reference value :  3.87124e-07
 Reference value :  3.90558e-07
 Reference value :  3.94172e-07
 Reference value :  3.97773e-07
 Reference value :  4.01387e-07
 Reference value :  4.05181e-07
 Reference value :  4.08976e-07
 Reference value :  4.12295e-07
 Reference value :  4.16090e-07
 Reference value :  4.19704e-07
 Reference value :  4.23302e-07
 Reference value :  4.26916e-07
 Reference value :  4.30530e-07
 Reference value :  4.34144e-07
 Reference value :  4.37815e-07
 Reference value :  4.41429e-07
 Reference value :  4.45043e-07
 Reference value :  4.48838e-07
 Reference value :  4.52420e-07
 Reference value :  4.56214e-07
 Reference value :  4.59648e-07
 Reference value :  4.62919e-07
 Reference value :  4.66502e-07
 Reference value :  4.70116e-07
 Reference value :  4.73730e-07
 Reference value :  4.77344e-07
 Reference value :  4.81138e-07
 Reference value :  4.84933e-07
 Reference value :  4.88728e-07
 Reference value :  4.91787e-07
 Reference value :  4.95582e-07
 Reference value :  4.99196e-07
 Reference value :  5.02597e-07
 Reference value :  5.06211e-07
 Reference value :  5.10006e-07
 Reference value :  5.13800e-07
 Reference value :  5.16861e-07
 Reference value :  5.20475e-07
 Reference value :  5.24269e-07
 Reference value :  5.28064e-07
 Reference value :  5.31859e-07
 Reference value :  5.35653e-07
 Reference value :  5.39629e-07
 Reference value :  5.42875e-07
 Reference value :  5.46489e-07
 Reference value :  5.50283e-07
 Reference value :  5.54078e-07
 Reference value :  5.57480e-07
 Reference value :  5.61094e-07
 Reference value :  5.64708e-07
 Reference value :  5.67994e-07
 Reference value :  5.71585e-07
 Reference value :  5.75380e-07
 Reference value :  5.78994e-07
 Reference value :  5.82608e-07
 Reference value :  5.86403e-07
 Reference value :  5.90197e-07
 Reference value :  5.93935e-07
 Reference value :  5.97190e-07
 Reference value :  6.00804e-07
 Reference value :  6.04599e-07
 Reference value :  6.07999e-07
 Reference value :  6.11794e-07
 Reference value :  6.15589e-07
 Reference value :  6.19383e-07
 Reference value :  6.22431e-07
 Reference value :  6.26225e-07
 Reference value :  6.29839e-07
 Reference value :  6.33453e-07
 Reference value :  6.37067e-07
 Reference value :  6.40681e-07
 Reference value :  6.44476e-07
 Reference value :  6.47770e-07
 Reference value :  6.51204e-07
 Reference value :  6.54818e-07
 Reference value :  6.58612e-07
 Reference value :  6.62216e-07
 Reference value :  6.65830e-07
 Reference value :  6.69625e-07
 Reference value :  6.72989e-07
 Reference value :  6.76571e-07
 Reference value :  6.80185e-07
 Reference value :  6.84161e-07
 Reference value :  6.87586e-07
 Reference value :  6.91200e-07
 Reference value :  6.94995e-07
 Reference value :  6.98790e-07
 Reference value :  7.02347e-07
 Reference value :  7.05961e-07
 Reference value :  7.09575e-07
 Reference value :  7.13369e-07
 Reference value :  7.17164e-07
 Reference value :  7.20959e-07
 Reference value :  7.24753e-07
 Reference value :  7.27795e-07
 Reference value :  7.31228e-07
 Reference value :  7.35023e-07
 Reference value :  7.38604e-07
 Reference value :  7.42399e-07
 Reference value :  7.46374e-07
 Reference value :  7.50169e-07
 Reference value :  7.53228e-07
 Reference value :  7.56842e-07
 Reference value :  7.60456e-07
 Reference value :  7.64070e-07
 Reference value :  7.67684e-07
 Reference value :  7.71479e-07
 Reference value :  7.75093e-07
 Reference value :  7.78332e-07
 Reference value :  7.81765e-07
 Reference value :  7.85560e-07
 Reference value :  7.89174e-07
 Reference value :  7.92394e-07
 Reference value :  7.96008e-07
 Reference value :  7.99802e-07
 Reference value :  8.03597e-07
 Reference value :  8.06654e-07
 Reference value :  8.10268e-07
 Reference value :  8.13882e-07
 Reference value :  8.17496e-07
 Reference value :  8.21110e-07
 Reference value :  8.24724e-07
 Reference value :  8.28700e-07
 Reference value :  8.31777e-07
 Reference value :  8.35391e-07
 Reference value :  8.39186e-07
 Reference value :  8.42981e-07
 Reference value :  8.46578e-07
 Reference value :  8.50373e-07
 Reference value :  8.53987e-07
 Reference value :  8.57474e-07
 Reference value :  8.60907e-07
 Reference value :  8.64702e-07
 Reference value :  8.68496e-07
 Reference value :  8.72077e-07
 Reference value :  8.75872e-07
 Reference value :  8.79667e-07
 Reference value :  8.83108e-07
 Reference value :  8.86683e-07
 Reference value :  8.90116e-07
 Reference value :  8.93730e-07
 Reference value :  8.97161e-07
 Reference value :  9.00775e-07
 Reference value :  9.04569e-07
 Reference value :  9.08545e-07
 Reference value :  9.11866e-07
 Reference value :  9.15480e-07
 Reference value :  9.19094e-07
 Reference value :  9.22705e-07
 Reference value :  9.26500e-07
 Reference value :  9.30114e-07
 Reference value :  9.33909e-07
 Reference value :  9.37408e-07
 Reference value :  9.41022e-07
 Reference value :  9.44456e-07
 Reference value :  9.48070e-07
 Reference value :  9.51681e-07
 Reference value :  9.55295e-07
 Reference value :  9.59090e-07
 Reference value :  9.62592e-07
 Reference value :  9.66206e-07
 Reference value :  9.69820e-07
 Reference value :  9.73614e-07
 Reference value :  9.77227e-07
 Reference value :  9.80841e-07
 Reference value :  9.84636e-07
 Reference value :  9.88021e-07
 Reference value :  9.91374e-07
 Reference value :  9.94988e-07
 Reference value :  9.98783e-07
 Reference value :  1.00239e-06
 Reference value :  1.00618e-06
 Reference value :  1.00980e-06
 Reference value :  1.01359e-06
 Reference value :  1.01694e-06
 Reference value :  1.02073e-06
 Reference value :  1.02453e-06
 Reference value :  1.02814e-06
 Reference value :  1.03175e-06
 Reference value :  1.03555e-06
 Reference value :  1.03952e-06
 Reference value :  1.04263e-06
 Reference value :  1.04642e-06
 Reference value :  1.05022e-06
 Reference value :  1.05400e-06
 Reference value :  1.05779e-06
 Reference value :  1.06158e-06
 Reference value :  1.06538e-06
 Reference value :  1.06869e-06
 Reference value :  1.07249e-06
 Reference value :  1.07610e-06
 Reference value :  1.07988e-06
 Reference value :  1.08349e-06
No. of Data Rows : 6052
vhold_min           =  1.20000e+00 at=  1.44560e-11
tfirst              =  6.84692e-08
t1                  =  6.59190e-07
t2                  =  6.85456e-07
t3                  =  7.11706e-07
t4                  =  7.37975e-07
t5                  =  7.64237e-07
t6                  =  7.90500e-07
t7                  =  8.16766e-07
t8                  =  8.43032e-07
t9                  =  8.69286e-07
t10                 =  8.95559e-07
t11                 =  9.21825e-07
t12                 =  9.48091e-07
idd_run             =  -5.47155e-05 from=  6.50400e-07 to=  1.08400e-06
vmax                =  1.22789e+00 at=  1.07972e-06
vmin                =  -2.31606e-02 at=  8.82850e-07
Note: Simulation executed from .control section 
Note: Starting dynamic gmin stepping
Note: Dynamic gmin stepping completed
Note: Starting dynamic gmin stepping
Note: Dynamic gmin stepping completed
