
Note: No compatibility mode selected!


Circuit: * tt_analog_ring, code 15

Doing analysis at TEMP = 27.000000 and TNOM = 27.000000

Using SPARSE 1.3 as Direct Linear Solver
 Reference value :  0.00000e+00
No. of Data Rows : 1
idd_dis=4.81213E-05 vbp=0.749119 vbn=0.365822 clk_dis=1.2
Doing analysis at TEMP = 27.000000 and TNOM = 27.000000

Using SPARSE 1.3 as Direct Linear Solver

Initial Transient Solution
--------------------------

Node                                   Voltage
----                                   -------
vpwr                                       1.2
code[0]                                    1.2
code[1]                                    1.2
code[2]                                    1.2
code[3]                                    1.2
code[4]                                      0
code[5]                                      0
code[6]                                      0
code[7]                                      0
enable                                       0
xdut.vbp                              0.749119
xdut.vbn                              0.365822
xdut.n0                            4.56267e-07
xdut.p0                                    1.2
xdut.na0                               1.03905
xdut.s0                                    1.2
xdut.s10                                   1.2
xdut.n1                            1.37099e-06
xdut.p1                                    1.2
xdut.s1                            1.45175e-06
xdut.n2                            2.10208e-07
xdut.p2                                    1.2
xdut.s2                                    1.2
xdut.n3                            1.44846e-06
xdut.p3                                    1.2
xdut.s3                             1.5245e-06
xdut.n4                            2.35279e-07
xdut.p4                                    1.2
xdut.s4                                    1.2
xdut.n5                            1.77445e-06
xdut.p5                                    1.2
xdut.s5                            1.85905e-06
xdut.n6                            6.83319e-07
xdut.p6                                    1.2
xdut.s6                                    1.2
xdut.n7                            1.62429e-06
xdut.p7                                    1.2
xdut.s7                             1.7114e-06
xdut.n8                            3.13181e-07
xdut.p8                                    1.2
xdut.s8                                    1.2
xdut.n9                            1.97694e-06
xdut.p9                                    1.2
xdut.s9                            2.07192e-06
xdut.n10                           1.70807e-07
xdut.p10                                   1.2
xdut.b1                            1.35397e-07
clk_out                                    1.2
ven#branch                         7.62937e-12
vc7#branch                         4.10769e-12
vc6#branch                         2.05299e-12
vc5#branch                         1.02665e-12
vc4#branch                         5.14255e-13
vc3#branch                        -3.38419e-09
vc2#branch                        -1.69533e-09
vc1#branch                        -8.54321e-10
vc0#branch                        -4.34077e-10
vdd#branch                        -4.81213e-05

 Reference value :  0.00000e+00
 Reference value :  6.18485e-09
 Reference value :  1.34656e-08
 Reference value :  2.11296e-08
 Reference value :  2.87936e-08
 Reference value :  3.60744e-08
 Reference value :  4.37384e-08
 Reference value :  5.12108e-08
 Reference value :  5.75700e-08
 Reference value :  6.08526e-08
 Reference value :  6.46846e-08
 Reference value :  6.85166e-08
 Reference value :  7.20813e-08
 Reference value :  7.59133e-08
 Reference value :  7.99369e-08
 Reference value :  8.39605e-08
 Reference value :  8.77808e-08
 Reference value :  9.18044e-08
 Reference value :  9.58280e-08
 Reference value :  9.93260e-08
 Reference value :  1.03350e-07
 Reference value :  1.07373e-07
 Reference value :  1.11201e-07
 Reference value :  1.15224e-07
 Reference value :  1.19248e-07
 Reference value :  1.22668e-07
 Reference value :  1.26691e-07
 Reference value :  1.30523e-07
 Reference value :  1.34547e-07
 Reference value :  1.38365e-07
 Reference value :  1.42388e-07
 Reference value :  1.46220e-07
 Reference value :  1.49734e-07
 Reference value :  1.53757e-07
 Reference value :  1.57973e-07
 Reference value :  1.61606e-07
 Reference value :  1.65438e-07
 Reference value :  1.69462e-07
 Reference value :  1.73256e-07
 Reference value :  1.76730e-07
 Reference value :  1.80562e-07
 Reference value :  1.84585e-07
 Reference value :  1.88404e-07
 Reference value :  1.92236e-07
 Reference value :  1.96260e-07
 Reference value :  2.00009e-07
 Reference value :  2.03841e-07
 Reference value :  2.08056e-07
 Reference value :  2.12079e-07
 Reference value :  2.15911e-07
 Reference value :  2.19935e-07
 Reference value :  2.24150e-07
 Reference value :  2.27509e-07
 Reference value :  2.31341e-07
 Reference value :  2.35173e-07
 Reference value :  2.38991e-07
 Reference value :  2.43014e-07
 Reference value :  2.47038e-07
 Reference value :  2.50908e-07
 Reference value :  2.54740e-07
 Reference value :  2.58572e-07
 Reference value :  2.62595e-07
 Reference value :  2.66413e-07
 Reference value :  2.70245e-07
 Reference value :  2.74077e-07
 Reference value :  2.77763e-07
 Reference value :  2.81595e-07
 Reference value :  2.85427e-07
 Reference value :  2.89451e-07
 Reference value :  2.93269e-07
 Reference value :  2.97293e-07
 Reference value :  3.01316e-07
 Reference value :  3.05255e-07
 Reference value :  3.09279e-07
 Reference value :  3.13302e-07
 Reference value :  3.17134e-07
 Reference value :  3.20966e-07
 Reference value :  3.24990e-07
 Reference value :  3.28546e-07
 Reference value :  3.32378e-07
 Reference value :  3.36210e-07
 Reference value :  3.40233e-07
 Reference value :  3.44051e-07
 Reference value :  3.47883e-07
 Reference value :  3.51715e-07
 Reference value :  3.55395e-07
 Reference value :  3.59227e-07
 Reference value :  3.63251e-07
 Reference value :  3.67069e-07
 Reference value :  3.71092e-07
 Reference value :  3.75116e-07
 Reference value :  3.78899e-07
 Reference value :  3.82835e-07
 Reference value :  3.86667e-07
 Reference value :  3.90690e-07
 Reference value :  3.94512e-07
 Reference value :  3.98535e-07
 Reference value :  4.02367e-07
 Reference value :  4.05833e-07
 Reference value :  4.09665e-07
 Reference value :  4.13689e-07
 Reference value :  4.17712e-07
 Reference value :  4.21533e-07
 Reference value :  4.25556e-07
 Reference value :  4.29580e-07
 Reference value :  4.33086e-07
 Reference value :  4.37110e-07
 Reference value :  4.41133e-07
 Reference value :  4.44965e-07
 Reference value :  4.48797e-07
 Reference value :  4.52821e-07
 Reference value :  4.56208e-07
 Reference value :  4.60024e-07
 Reference value :  4.63856e-07
 Reference value :  4.67880e-07
 Reference value :  4.71507e-07
 Reference value :  4.75339e-07
 Reference value :  4.79171e-07
 Reference value :  4.82837e-07
 Reference value :  4.86477e-07
 Reference value :  4.90309e-07
 Reference value :  4.94333e-07
 Reference value :  4.98153e-07
 Reference value :  5.02177e-07
 Reference value :  5.06200e-07
 Reference value :  5.09665e-07
 Reference value :  5.13688e-07
 Reference value :  5.17712e-07
 Reference value :  5.21538e-07
 Reference value :  5.25561e-07
 Reference value :  5.29393e-07
 Reference value :  5.32956e-07
 Reference value :  5.36654e-07
 Reference value :  5.40486e-07
 Reference value :  5.44701e-07
 Reference value :  5.48533e-07
 Reference value :  5.52174e-07
 Reference value :  5.56006e-07
 Reference value :  5.59367e-07
 Reference value :  5.63199e-07
 Reference value :  5.67223e-07
 Reference value :  5.71246e-07
 Reference value :  5.75063e-07
 Reference value :  5.78895e-07
 Reference value :  5.82727e-07
 Reference value :  5.86220e-07
 Reference value :  5.90052e-07
 Reference value :  5.93884e-07
 Reference value :  5.97908e-07
 Reference value :  6.01726e-07
 Reference value :  6.05558e-07
 Reference value :  6.09390e-07
 Reference value :  6.12914e-07
 Reference value :  6.16937e-07
 Reference value :  6.20961e-07
 Reference value :  6.24792e-07
 Reference value :  6.28624e-07
 Reference value :  6.32456e-07
 Reference value :  6.35911e-07
 Reference value :  6.39857e-07
 Reference value :  6.43689e-07
 Reference value :  6.47713e-07
 Reference value :  6.51531e-07
 Reference value :  6.55363e-07
 Reference value :  6.59387e-07
 Reference value :  6.63060e-07
 Reference value :  6.66892e-07
 Reference value :  6.70724e-07
 Reference value :  6.74556e-07
 Reference value :  6.78183e-07
 Reference value :  6.82206e-07
 Reference value :  6.86230e-07
 Reference value :  6.89520e-07
 Reference value :  6.93352e-07
 Reference value :  6.97184e-07
 Reference value :  7.01002e-07
 Reference value :  7.05026e-07
 Reference value :  7.08858e-07
 Reference value :  7.12690e-07
 Reference value :  7.16364e-07
 Reference value :  7.20196e-07
 Reference value :  7.24220e-07
 Reference value :  7.28037e-07
 Reference value :  7.31869e-07
 Reference value :  7.35701e-07
 Reference value :  7.39377e-07
 Reference value :  7.43209e-07
 Reference value :  7.47233e-07
 Reference value :  7.51256e-07
 Reference value :  7.54882e-07
 Reference value :  7.58714e-07
 Reference value :  7.62546e-07
 Reference value :  7.66226e-07
 Reference value :  7.70058e-07
 Reference value :  7.73890e-07
 Reference value :  7.77913e-07
 Reference value :  7.81731e-07
 Reference value :  7.85563e-07
 Reference value :  7.89203e-07
 Reference value :  7.92703e-07
 Reference value :  7.96535e-07
 Reference value :  8.00558e-07
 Reference value :  8.04378e-07
 Reference value :  8.08210e-07
 Reference value :  8.12234e-07
 Reference value :  8.15964e-07
 Reference value :  8.19796e-07
 Reference value :  8.23819e-07
 Reference value :  8.27843e-07
 Reference value :  8.31675e-07
 Reference value :  8.35507e-07
 Reference value :  8.39722e-07
 Reference value :  8.43066e-07
 Reference value :  8.47089e-07
 Reference value :  8.50921e-07
 Reference value :  8.54945e-07
 Reference value :  8.58957e-07
 Reference value :  8.62981e-07
 Reference value :  8.66813e-07
 Reference value :  8.70468e-07
 Reference value :  8.74300e-07
 Reference value :  8.78323e-07
 Reference value :  8.81958e-07
 Reference value :  8.85982e-07
 Reference value :  8.89814e-07
 Reference value :  8.93242e-07
 Reference value :  8.97074e-07
 Reference value :  9.01097e-07
 Reference value :  9.05121e-07
 Reference value :  9.08953e-07
 Reference value :  9.12785e-07
 Reference value :  9.16808e-07
 Reference value :  9.20150e-07
 Reference value :  9.24174e-07
 Reference value :  9.27814e-07
 Reference value :  9.31646e-07
 Reference value :  9.35465e-07
 Reference value :  9.39297e-07
 Reference value :  9.43129e-07
 Reference value :  9.46609e-07
 Reference value :  9.50250e-07
 Reference value :  9.54082e-07
 Reference value :  9.58092e-07
 Reference value :  9.61924e-07
 Reference value :  9.65756e-07
 Reference value :  9.69588e-07
 Reference value :  9.73261e-07
 Reference value :  9.76901e-07
 Reference value :  9.80925e-07
 Reference value :  9.84743e-07
 Reference value :  9.88575e-07
 Reference value :  9.92407e-07
 Reference value :  9.96081e-07
 Reference value :  9.99913e-07
 Reference value :  1.00374e-06
 Reference value :  1.00758e-06
 Reference value :  1.01120e-06
 Reference value :  1.01503e-06
 Reference value :  1.01887e-06
 Reference value :  1.02254e-06
 Reference value :  1.02637e-06
 Reference value :  1.03021e-06
 Reference value :  1.03404e-06
 Reference value :  1.03785e-06
 Reference value :  1.04188e-06
 Reference value :  1.04571e-06
 Reference value :  1.04920e-06
 Reference value :  1.05303e-06
 Reference value :  1.05705e-06
 Reference value :  1.06106e-06
 Reference value :  1.06508e-06
 Reference value :  1.06911e-06
 Reference value :  1.07279e-06
 Reference value :  1.07681e-06
 Reference value :  1.08083e-06
 Reference value :  1.08486e-06
 Reference value :  1.08868e-06
 Reference value :  1.09251e-06
 Reference value :  1.09634e-06
 Reference value :  1.10003e-06
 Reference value :  1.10406e-06
 Reference value :  1.10808e-06
 Reference value :  1.11191e-06
 Reference value :  1.11573e-06
 Reference value :  1.11976e-06
 Reference value :  1.12375e-06
 Reference value :  1.12746e-06
 Reference value :  1.13148e-06
 Reference value :  1.13569e-06
 Reference value :  1.13952e-06
 Reference value :  1.14354e-06
 Reference value :  1.14757e-06
No. of Data Rows : 6054
vhold_min           =  1.20000e+00 at=  2.45248e-10
tfirst              =  7.03087e-08
t1                  =  7.00517e-07
t2                  =  7.26208e-07
t3                  =  7.51900e-07
t4                  =  7.77593e-07
t5                  =  8.03289e-07
t6                  =  8.28985e-07
t7                  =  8.54650e-07
t8                  =  8.80342e-07
t9                  =  9.06053e-07
t10                 =  9.31727e-07
t11                 =  9.57418e-07
t12                 =  9.83110e-07
idd_run             =  -5.17151e-05 from=  6.89700e-07 to=  1.14900e-06
vmax                =  1.22496e+00 at=  8.03624e-07
vmin                =  -3.69139e-02 at=  8.41195e-07
Note: Simulation executed from .control section 
Note: Starting dynamic gmin stepping
Note: Dynamic gmin stepping completed
Note: Starting dynamic gmin stepping
Note: Dynamic gmin stepping completed
