
Note: No compatibility mode selected!


Circuit: * tt_analog_ring, code 16

Doing analysis at TEMP = 27.000000 and TNOM = 27.000000

Using SPARSE 1.3 as Direct Linear Solver
 Reference value :  0.00000e+00
No. of Data Rows : 1
idd_dis=5.12073E-05 vbp=0.745174 vbn=0.349388 clk_dis=1.2
Doing analysis at TEMP = 27.000000 and TNOM = 27.000000

Using SPARSE 1.3 as Direct Linear Solver

Initial Transient Solution
--------------------------

Node                                   Voltage
----                                   -------
vpwr                                       1.2
code[0]                                      0
code[1]                                      0
code[2]                                      0
code[3]                                      0
code[4]                                    1.2
code[5]                                      0
code[6]                                      0
code[7]                                      0
enable                                       0
xdut.vbp                              0.745174
xdut.vbn                              0.349388
xdut.n0                            5.07148e-07
xdut.p0                                    1.2
xdut.na0                               1.05091
xdut.s0                                    1.2
xdut.s10                                   1.2
xdut.n1                            2.43983e-06
xdut.p1                                    1.2
xdut.s1                            2.52853e-06
xdut.n2                            5.40995e-07
xdut.p2                                    1.2
xdut.s2                                    1.2
xdut.n3                            2.61418e-06
xdut.p3                                    1.2
xdut.s3                            2.71384e-06
xdut.n4                            2.86804e-07
xdut.p4                                    1.2
xdut.s4                                    1.2
xdut.n5                            2.31156e-06
xdut.p5                                    1.2
xdut.s5                            2.41591e-06
xdut.n6                            6.11587e-07
xdut.p6                                    1.2
xdut.s6                                    1.2
xdut.n7                            1.94178e-06
xdut.p7                                    1.2
xdut.s7                            2.00936e-06
xdut.n8                            4.12263e-07
xdut.p8                                    1.2
xdut.s8                                    1.2
xdut.n9                            1.94692e-06
xdut.p9                                    1.2
xdut.s9                            2.02161e-06
xdut.n10                           3.01446e-07
xdut.p10                                   1.2
xdut.b1                             1.6976e-07
clk_out                                    1.2
ven#branch                         7.43947e-12
vc7#branch                         4.03664e-12
vc6#branch                         2.01161e-12
vc5#branch                         1.00516e-12
vc4#branch                         -6.7795e-09
vc3#branch                         2.50199e-13
vc2#branch                         1.26449e-13
vc1#branch                         6.35828e-14
vc0#branch                         3.01887e-14
vdd#branch                        -5.12073e-05

 Reference value :  0.00000e+00
 Reference value :  5.83300e-09
 Reference value :  1.30610e-08
 Reference value :  2.01083e-08
 Reference value :  2.69749e-08
 Reference value :  3.40222e-08
 Reference value :  4.12502e-08
 Reference value :  4.82975e-08
 Reference value :  5.42650e-08
 Reference value :  5.74082e-08
 Reference value :  6.10222e-08
 Reference value :  6.48169e-08
 Reference value :  6.84309e-08
 Reference value :  7.17183e-08
 Reference value :  7.55130e-08
 Reference value :  7.93077e-08
 Reference value :  8.31024e-08
 Reference value :  8.68971e-08
 Reference value :  9.06918e-08
 Reference value :  9.43058e-08
 Reference value :  9.77416e-08
 Reference value :  1.01674e-07
 Reference value :  1.05650e-07
 Reference value :  1.09625e-07
 Reference value :  1.13420e-07
 Reference value :  1.16853e-07
 Reference value :  1.20648e-07
 Reference value :  1.24443e-07
 Reference value :  1.27684e-07
 Reference value :  1.31478e-07
 Reference value :  1.35273e-07
 Reference value :  1.39068e-07
 Reference value :  1.42497e-07
 Reference value :  1.46291e-07
 Reference value :  1.50086e-07
 Reference value :  1.53700e-07
 Reference value :  1.57186e-07
 Reference value :  1.60981e-07
 Reference value :  1.64776e-07
 Reference value :  1.68570e-07
 Reference value :  1.72184e-07
 Reference value :  1.75798e-07
 Reference value :  1.79593e-07
 Reference value :  1.83083e-07
 Reference value :  1.86757e-07
 Reference value :  1.90552e-07
 Reference value :  1.94166e-07
 Reference value :  1.97960e-07
 Reference value :  2.01574e-07
 Reference value :  2.05369e-07
 Reference value :  2.08983e-07
 Reference value :  2.12176e-07
 Reference value :  2.15971e-07
 Reference value :  2.19585e-07
 Reference value :  2.23380e-07
 Reference value :  2.26991e-07
 Reference value :  2.30786e-07
 Reference value :  2.34581e-07
 Reference value :  2.38376e-07
 Reference value :  2.41573e-07
 Reference value :  2.45368e-07
 Reference value :  2.48982e-07
 Reference value :  2.52776e-07
 Reference value :  2.56206e-07
 Reference value :  2.60001e-07
 Reference value :  2.63795e-07
 Reference value :  2.67590e-07
 Reference value :  2.70793e-07
 Reference value :  2.74407e-07
 Reference value :  2.78202e-07
 Reference value :  2.81997e-07
 Reference value :  2.85427e-07
 Reference value :  2.89222e-07
 Reference value :  2.93016e-07
 Reference value :  2.96811e-07
 Reference value :  3.00191e-07
 Reference value :  3.03985e-07
 Reference value :  3.07780e-07
 Reference value :  3.11575e-07
 Reference value :  3.15004e-07
 Reference value :  3.18618e-07
 Reference value :  3.22232e-07
 Reference value :  3.25671e-07
 Reference value :  3.29411e-07
 Reference value :  3.33206e-07
 Reference value :  3.37001e-07
 Reference value :  3.40612e-07
 Reference value :  3.44226e-07
 Reference value :  3.48020e-07
 Reference value :  3.51634e-07
 Reference value :  3.54833e-07
 Reference value :  3.58628e-07
 Reference value :  3.62242e-07
 Reference value :  3.66037e-07
 Reference value :  3.69466e-07
 Reference value :  3.73080e-07
 Reference value :  3.76875e-07
 Reference value :  3.80669e-07
 Reference value :  3.83873e-07
 Reference value :  3.87668e-07
 Reference value :  3.91282e-07
 Reference value :  3.95077e-07
 Reference value :  3.98688e-07
 Reference value :  4.02482e-07
 Reference value :  4.06277e-07
 Reference value :  4.09891e-07
 Reference value :  4.12909e-07
 Reference value :  4.16523e-07
 Reference value :  4.20318e-07
 Reference value :  4.23932e-07
 Reference value :  4.27542e-07
 Reference value :  4.31156e-07
 Reference value :  4.34950e-07
 Reference value :  4.38745e-07
 Reference value :  4.41949e-07
 Reference value :  4.45744e-07
 Reference value :  4.49358e-07
 Reference value :  4.52972e-07
 Reference value :  4.56583e-07
 Reference value :  4.60197e-07
 Reference value :  4.63811e-07
 Reference value :  4.67425e-07
 Reference value :  4.70623e-07
 Reference value :  4.74237e-07
 Reference value :  4.78032e-07
 Reference value :  4.81827e-07
 Reference value :  4.85437e-07
 Reference value :  4.89051e-07
 Reference value :  4.92665e-07
 Reference value :  4.96408e-07
 Reference value :  5.00025e-07
 Reference value :  5.03820e-07
 Reference value :  5.07434e-07
 Reference value :  5.11228e-07
 Reference value :  5.14840e-07
 Reference value :  5.18634e-07
 Reference value :  5.22248e-07
 Reference value :  5.25447e-07
 Reference value :  5.29241e-07
 Reference value :  5.33036e-07
 Reference value :  5.36650e-07
 Reference value :  5.40079e-07
 Reference value :  5.43693e-07
 Reference value :  5.47307e-07
 Reference value :  5.50921e-07
 Reference value :  5.54125e-07
 Reference value :  5.57920e-07
 Reference value :  5.61534e-07
 Reference value :  5.65329e-07
 Reference value :  5.68940e-07
 Reference value :  5.72735e-07
 Reference value :  5.76710e-07
 Reference value :  5.80324e-07
 Reference value :  5.83522e-07
 Reference value :  5.87498e-07
 Reference value :  5.91293e-07
 Reference value :  5.95087e-07
 Reference value :  5.98697e-07
 Reference value :  6.02311e-07
 Reference value :  6.06106e-07
 Reference value :  6.09901e-07
 Reference value :  6.13105e-07
 Reference value :  6.16719e-07
 Reference value :  6.20514e-07
 Reference value :  6.24308e-07
 Reference value :  6.27919e-07
 Reference value :  6.31533e-07
 Reference value :  6.35328e-07
 Reference value :  6.38889e-07
 Reference value :  6.42321e-07
 Reference value :  6.46296e-07
 Reference value :  6.49910e-07
 Reference value :  6.53705e-07
 Reference value :  6.57315e-07
 Reference value :  6.61110e-07
 Reference value :  6.64543e-07
 Reference value :  6.67928e-07
 Reference value :  6.71723e-07
 Reference value :  6.75518e-07
 Reference value :  6.79493e-07
 Reference value :  6.83285e-07
 Reference value :  6.87080e-07
 Reference value :  6.90874e-07
 Reference value :  6.94669e-07
 Reference value :  6.98048e-07
 Reference value :  7.01842e-07
 Reference value :  7.05456e-07
 Reference value :  7.09251e-07
 Reference value :  7.12680e-07
 Reference value :  7.16294e-07
 Reference value :  7.20089e-07
 Reference value :  7.23703e-07
 Reference value :  7.27088e-07
 Reference value :  7.30883e-07
 Reference value :  7.34497e-07
 Reference value :  7.38292e-07
 Reference value :  7.41722e-07
 Reference value :  7.45336e-07
 Reference value :  7.49131e-07
 Reference value :  7.52745e-07
 Reference value :  7.56123e-07
 Reference value :  7.59918e-07
 Reference value :  7.63532e-07
 Reference value :  7.67327e-07
 Reference value :  7.70937e-07
 Reference value :  7.74551e-07
 Reference value :  7.78165e-07
 Reference value :  7.81604e-07
 Reference value :  7.85345e-07
 Reference value :  7.89140e-07
 Reference value :  7.92934e-07
 Reference value :  7.96546e-07
 Reference value :  8.00340e-07
 Reference value :  8.04135e-07
 Reference value :  8.07930e-07
 Reference value :  8.11127e-07
 Reference value :  8.15103e-07
 Reference value :  8.18897e-07
 Reference value :  8.22692e-07
 Reference value :  8.26302e-07
 Reference value :  8.29916e-07
 Reference value :  8.33711e-07
 Reference value :  8.37505e-07
 Reference value :  8.40891e-07
 Reference value :  8.44505e-07
 Reference value :  8.48480e-07
 Reference value :  8.52275e-07
 Reference value :  8.55886e-07
 Reference value :  8.59681e-07
 Reference value :  8.63476e-07
 Reference value :  8.66977e-07
 Reference value :  8.70649e-07
 Reference value :  8.74443e-07
 Reference value :  8.78238e-07
 Reference value :  8.82029e-07
 Reference value :  8.85643e-07
 Reference value :  8.89618e-07
 Reference value :  8.93413e-07
 Reference value :  8.96798e-07
 Reference value :  9.00593e-07
 Reference value :  9.04388e-07
 Reference value :  9.08002e-07
 Reference value :  9.11613e-07
 Reference value :  9.15408e-07
 Reference value :  9.19203e-07
 Reference value :  9.22997e-07
 Reference value :  9.26375e-07
 Reference value :  9.30170e-07
 Reference value :  9.33784e-07
 Reference value :  9.37398e-07
 Reference value :  9.41008e-07
 Reference value :  9.44622e-07
 Reference value :  9.48236e-07
 Reference value :  9.51850e-07
 Reference value :  9.55055e-07
 Reference value :  9.58669e-07
 Reference value :  9.62464e-07
 Reference value :  9.66258e-07
 Reference value :  9.69870e-07
 Reference value :  9.73484e-07
 Reference value :  9.77279e-07
 Reference value :  9.80839e-07
 Reference value :  9.84451e-07
 Reference value :  9.88427e-07
 Reference value :  9.92221e-07
 Reference value :  9.96012e-07
 Reference value :  9.99626e-07
 Reference value :  1.00324e-06
 Reference value :  1.00685e-06
 Reference value :  1.01006e-06
 Reference value :  1.01403e-06
 Reference value :  1.01783e-06
 Reference value :  1.02162e-06
 Reference value :  1.02505e-06
 Reference value :  1.02867e-06
 Reference value :  1.03246e-06
 Reference value :  1.03626e-06
 Reference value :  1.03927e-06
 Reference value :  1.04307e-06
 Reference value :  1.04686e-06
 Reference value :  1.05048e-06
 Reference value :  1.05409e-06
 Reference value :  1.05770e-06
 Reference value :  1.06132e-06
 Reference value :  1.06511e-06
 Reference value :  1.06832e-06
 Reference value :  1.07211e-06
 Reference value :  1.07591e-06
 Reference value :  1.07970e-06
 Reference value :  1.08331e-06
No. of Data Rows : 6060
vhold_min           =  1.20000e+00 at=  5.92696e-10
tfirst              =  6.87453e-08
t1                  =  6.53554e-07
t2                  =  6.82050e-07
t3                  =  7.10546e-07
t4                  =  7.39042e-07
t5                  =  7.67538e-07
t6                  =  7.96034e-07
t7                  =  8.24529e-07
t8                  =  8.53025e-07
t9                  =  8.81521e-07
t10                 =  9.10017e-07
t11                 =  9.38512e-07
t12                 =  9.67009e-07
idd_run             =  -5.44693e-05 from=  6.50400e-07 to=  1.08400e-06
vmax                =  1.22367e+00 at=  1.05283e-06
vmin                =  -2.92174e-02 at=  1.03783e-06
Note: Simulation executed from .control section 
Note: Starting dynamic gmin stepping
Note: Dynamic gmin stepping completed
Note: Starting dynamic gmin stepping
Note: Dynamic gmin stepping completed
