
Note: No compatibility mode selected!


Circuit: * stage delay at code 255

Doing analysis at TEMP = 125.000000 and TNOM = 27.000000

Using SPARSE 1.3 as Direct Linear Solver

Initial Transient Solution
--------------------------

Node                                   Voltage
----                                   -------
vpwr                                       1.2
code[0]                                    1.2
code[1]                                    1.2
code[2]                                    1.2
code[3]                                    1.2
code[4]                                    1.2
code[5]                                    1.2
code[6]                                    1.2
code[7]                                    1.2
vbp                                   0.563273
vbn                                    0.55103
a                                            0
xdrv.net1                                  1.2
b                                          1.2
xdrv.net2                          1.99566e-06
xdut.net1                              1.19994
y                                  6.42957e-05
xdut.net2                          5.40936e-05
xload.net1                                 1.2
z                                          1.2
xload.net2                         1.99838e-06
xload2.net1                            1.19994
zz                                 6.38933e-05
xload2.net2                        5.37552e-05
vin#branch                         2.07743e-11
vc7#branch                        -6.52179e-08
vc6#branch                         -3.2573e-08
vc5#branch                        -1.62505e-08
vc4#branch                        -8.08928e-09
vc3#branch                        -4.00866e-09
vc2#branch                        -1.96836e-09
vc1#branch                        -9.48202e-10
vc0#branch                        -4.38125e-10
vdd#branch                        -0.000421559

 Reference value :  2.62887e-10
 Reference value :  1.19661e-09
 Reference value :  1.92497e-09
 Reference value :  2.69303e-09
 Reference value :  3.63579e-09
 Reference value :  4.57011e-09
 Reference value :  5.18877e-09
 Reference value :  5.98997e-09
 Reference value :  6.93573e-09
 Reference value :  7.75018e-09
 Reference value :  8.42788e-09
 Reference value :  9.37967e-09
 Reference value :  1.03315e-08
 Reference value :  1.10531e-08
 Reference value :  1.18031e-08
 Reference value :  1.27881e-08
 Reference value :  1.36838e-08
 Reference value :  1.43675e-08
 Reference value :  1.53495e-08
 Reference value :  1.63374e-08
 Reference value :  1.70862e-08
 Reference value :  1.78512e-08
No. of Data Rows : 6046
tin_f               =  7.69199e-09
tout_r              =  7.81551e-09
tin_r               =  1.07196e-08
tout_f              =  1.09153e-08
tplh=1.23513E-10 tphl=1.9573E-10
t40r                =  7.79112e-09
t60r                =  7.84526e-09
t60f                =  1.08868e-08
t40f                =  1.09449e-08
sr_r=4.43295E+09 sr_f=-4.13437E+09
tr                  =  7.74719e-09
tr8                 =  7.96434e-09
tf                  =  1.08310e-08
tf2                 =  1.10289e-08
trise=2.17152E-10 tfall=1.9796E-10
Note: Simulation executed from .control section 
