
Note: No compatibility mode selected!


Circuit: * tt_analog_ring, code 16

Doing analysis at TEMP = 27.000000 and TNOM = 27.000000

Using SPARSE 1.3 as Direct Linear Solver
 Reference value :  0.00000e+00
No. of Data Rows : 1
idd_dis=5.05301E-05 vbp=0.746298 vbn=0.349999 clk_dis=1.2
Doing analysis at TEMP = 27.000000 and TNOM = 27.000000

Using SPARSE 1.3 as Direct Linear Solver

Initial Transient Solution
--------------------------

Node                                   Voltage
----                                   -------
vpwr                                       1.2
code[0]                                      0
code[1]                                      0
code[2]                                      0
code[3]                                      0
code[4]                                    1.2
code[5]                                      0
code[6]                                      0
code[7]                                      0
enable                                       0
xdut.vbp                              0.746298
xdut.vbn                              0.349999
xdut.n0                            3.09026e-07
xdut.p0                                    1.2
xdut.na0                               1.03576
xdut.s0                                    1.2
xdut.s10                                   1.2
xdut.n1                            1.66461e-06
xdut.p1                                    1.2
xdut.s1                            1.72568e-06
xdut.n2                            4.26369e-07
xdut.p2                                    1.2
xdut.s2                                    1.2
xdut.n3                            1.79103e-06
xdut.p3                                    1.2
xdut.s3                            1.86979e-06
xdut.n4                            3.22541e-07
xdut.p4                                    1.2
xdut.s4                                    1.2
xdut.n5                            2.54833e-06
xdut.p5                                    1.2
xdut.s5                             2.6545e-06
xdut.n6                            4.73081e-07
xdut.p6                                    1.2
xdut.s6                                    1.2
xdut.n7                            1.72569e-06
xdut.p7                                    1.2
xdut.s7                            1.81691e-06
xdut.n8                            2.99314e-07
xdut.p8                                    1.2
xdut.s8                                    1.2
xdut.n9                            2.56017e-06
xdut.p9                                    1.2
xdut.s9                            2.65643e-06
xdut.n10                           1.34867e-07
xdut.p10                                   1.2
xdut.b1                            1.70442e-07
clk_out                                    1.2
ven#branch                         7.49459e-12
vc7#branch                         4.05761e-12
vc6#branch                         2.01956e-12
vc5#branch                         1.01442e-12
vc4#branch                        -6.75455e-09
vc3#branch                         2.56179e-13
vc2#branch                         1.26926e-13
vc1#branch                         6.43459e-14
vc0#branch                         3.15058e-14
vdd#branch                        -5.05301e-05

 Reference value :  0.00000e+00
 Reference value :  6.01370e-09
 Reference value :  1.30610e-08
 Reference value :  2.01083e-08
 Reference value :  2.71556e-08
 Reference value :  3.43836e-08
 Reference value :  4.14309e-08
 Reference value :  4.82975e-08
 Reference value :  5.42650e-08
 Reference value :  5.74082e-08
 Reference value :  6.12029e-08
 Reference value :  6.49976e-08
 Reference value :  6.87923e-08
 Reference value :  7.23122e-08
 Reference value :  7.62876e-08
 Reference value :  7.99016e-08
 Reference value :  8.36963e-08
 Reference value :  8.74776e-08
 Reference value :  9.12723e-08
 Reference value :  9.50670e-08
 Reference value :  9.85142e-08
 Reference value :  1.02490e-07
 Reference value :  1.06284e-07
 Reference value :  1.10079e-07
 Reference value :  1.13693e-07
 Reference value :  1.17488e-07
 Reference value :  1.21463e-07
 Reference value :  1.25438e-07
 Reference value :  1.28930e-07
 Reference value :  1.32906e-07
 Reference value :  1.36701e-07
 Reference value :  1.40495e-07
 Reference value :  1.43918e-07
 Reference value :  1.47893e-07
 Reference value :  1.51507e-07
 Reference value :  1.54911e-07
 Reference value :  1.58525e-07
 Reference value :  1.62320e-07
 Reference value :  1.66115e-07
 Reference value :  1.69537e-07
 Reference value :  1.73151e-07
 Reference value :  1.77126e-07
 Reference value :  1.80921e-07
 Reference value :  1.83966e-07
 Reference value :  1.87760e-07
 Reference value :  1.91736e-07
 Reference value :  1.95711e-07
 Reference value :  1.99313e-07
 Reference value :  2.03108e-07
 Reference value :  2.06902e-07
 Reference value :  2.10697e-07
 Reference value :  2.13928e-07
 Reference value :  2.17903e-07
 Reference value :  2.21698e-07
 Reference value :  2.25492e-07
 Reference value :  2.29274e-07
 Reference value :  2.33249e-07
 Reference value :  2.36863e-07
 Reference value :  2.40112e-07
 Reference value :  2.44087e-07
 Reference value :  2.47882e-07
 Reference value :  2.51676e-07
 Reference value :  2.55281e-07
 Reference value :  2.59076e-07
 Reference value :  2.62871e-07
 Reference value :  2.66846e-07
 Reference value :  2.70347e-07
 Reference value :  2.74322e-07
 Reference value :  2.78117e-07
 Reference value :  2.82092e-07
 Reference value :  2.85887e-07
 Reference value :  2.89862e-07
 Reference value :  2.93476e-07
 Reference value :  2.96505e-07
 Reference value :  3.00300e-07
 Reference value :  3.03914e-07
 Reference value :  3.07709e-07
 Reference value :  3.11503e-07
 Reference value :  3.15298e-07
 Reference value :  3.19093e-07
 Reference value :  3.23068e-07
 Reference value :  3.26278e-07
 Reference value :  3.30072e-07
 Reference value :  3.33867e-07
 Reference value :  3.37842e-07
 Reference value :  3.41456e-07
 Reference value :  3.45251e-07
 Reference value :  3.49227e-07
 Reference value :  3.52782e-07
 Reference value :  3.56231e-07
 Reference value :  3.60206e-07
 Reference value :  3.64001e-07
 Reference value :  3.67795e-07
 Reference value :  3.71409e-07
 Reference value :  3.75204e-07
 Reference value :  3.78999e-07
 Reference value :  3.82208e-07
 Reference value :  3.85822e-07
 Reference value :  3.89617e-07
 Reference value :  3.93592e-07
 Reference value :  3.97206e-07
 Reference value :  4.01001e-07
 Reference value :  4.04976e-07
 Reference value :  4.08771e-07
 Reference value :  4.11980e-07
 Reference value :  4.15955e-07
 Reference value :  4.19569e-07
 Reference value :  4.23544e-07
 Reference value :  4.27158e-07
 Reference value :  4.31134e-07
 Reference value :  4.34928e-07
 Reference value :  4.38318e-07
 Reference value :  4.42293e-07
 Reference value :  4.46088e-07
 Reference value :  4.49882e-07
 Reference value :  4.53496e-07
 Reference value :  4.57291e-07
 Reference value :  4.61086e-07
 Reference value :  4.65061e-07
 Reference value :  4.68088e-07
 Reference value :  4.71883e-07
 Reference value :  4.75678e-07
 Reference value :  4.79472e-07
 Reference value :  4.83267e-07
 Reference value :  4.87062e-07
 Reference value :  4.90857e-07
 Reference value :  4.94412e-07
 Reference value :  4.97859e-07
 Reference value :  5.01653e-07
 Reference value :  5.05629e-07
 Reference value :  5.09423e-07
 Reference value :  5.13218e-07
 Reference value :  5.17013e-07
 Reference value :  5.20988e-07
 Reference value :  5.24195e-07
 Reference value :  5.27990e-07
 Reference value :  5.31965e-07
 Reference value :  5.35940e-07
 Reference value :  5.39735e-07
 Reference value :  5.43530e-07
 Reference value :  5.47324e-07
 Reference value :  5.51061e-07
 Reference value :  5.54506e-07
 Reference value :  5.58481e-07
 Reference value :  5.62457e-07
 Reference value :  5.66071e-07
 Reference value :  5.69685e-07
 Reference value :  5.73660e-07
 Reference value :  5.77636e-07
 Reference value :  5.80841e-07
 Reference value :  5.84636e-07
 Reference value :  5.88431e-07
 Reference value :  5.92225e-07
 Reference value :  5.96201e-07
 Reference value :  5.99815e-07
 Reference value :  6.03790e-07
 Reference value :  6.07708e-07
 Reference value :  6.11151e-07
 Reference value :  6.14946e-07
 Reference value :  6.18741e-07
 Reference value :  6.22535e-07
 Reference value :  6.26330e-07
 Reference value :  6.30125e-07
 Reference value :  6.34100e-07
 Reference value :  6.37305e-07
 Reference value :  6.41100e-07
 Reference value :  6.44895e-07
 Reference value :  6.48870e-07
 Reference value :  6.52665e-07
 Reference value :  6.56279e-07
 Reference value :  6.60254e-07
 Reference value :  6.64230e-07
 Reference value :  6.67254e-07
 Reference value :  6.70868e-07
 Reference value :  6.74482e-07
 Reference value :  6.78457e-07
 Reference value :  6.82071e-07
 Reference value :  6.85866e-07
 Reference value :  6.89661e-07
 Reference value :  6.93046e-07
 Reference value :  6.97022e-07
 Reference value :  7.00816e-07
 Reference value :  7.04792e-07
 Reference value :  7.08587e-07
 Reference value :  7.12381e-07
 Reference value :  7.16176e-07
 Reference value :  7.20151e-07
 Reference value :  7.23357e-07
 Reference value :  7.27151e-07
 Reference value :  7.30765e-07
 Reference value :  7.34560e-07
 Reference value :  7.38174e-07
 Reference value :  7.41788e-07
 Reference value :  7.45583e-07
 Reference value :  7.49322e-07
 Reference value :  7.52944e-07
 Reference value :  7.56919e-07
 Reference value :  7.60714e-07
 Reference value :  7.64509e-07
 Reference value :  7.68303e-07
 Reference value :  7.72098e-07
 Reference value :  7.76074e-07
 Reference value :  7.79279e-07
 Reference value :  7.83074e-07
 Reference value :  7.86868e-07
 Reference value :  7.90663e-07
 Reference value :  7.94277e-07
 Reference value :  7.98072e-07
 Reference value :  8.02047e-07
 Reference value :  8.05967e-07
 Reference value :  8.09408e-07
 Reference value :  8.13203e-07
 Reference value :  8.16998e-07
 Reference value :  8.20612e-07
 Reference value :  8.24226e-07
 Reference value :  8.28201e-07
 Reference value :  8.31996e-07
 Reference value :  8.35382e-07
 Reference value :  8.39177e-07
 Reference value :  8.42971e-07
 Reference value :  8.46766e-07
 Reference value :  8.50380e-07
 Reference value :  8.54175e-07
 Reference value :  8.57789e-07
 Reference value :  8.61764e-07
 Reference value :  8.65150e-07
 Reference value :  8.68945e-07
 Reference value :  8.72559e-07
 Reference value :  8.76715e-07
 Reference value :  8.80329e-07
 Reference value :  8.84124e-07
 Reference value :  8.87738e-07
 Reference value :  8.91174e-07
 Reference value :  8.94918e-07
 Reference value :  8.98713e-07
 Reference value :  9.02508e-07
 Reference value :  9.06122e-07
 Reference value :  9.09916e-07
 Reference value :  9.13530e-07
 Reference value :  9.17325e-07
 Reference value :  9.20711e-07
 Reference value :  9.24506e-07
 Reference value :  9.28120e-07
 Reference value :  9.32095e-07
 Reference value :  9.35709e-07
 Reference value :  9.39504e-07
 Reference value :  9.43479e-07
 Reference value :  9.47455e-07
 Reference value :  9.50660e-07
 Reference value :  9.54635e-07
 Reference value :  9.58249e-07
 Reference value :  9.62044e-07
 Reference value :  9.65839e-07
 Reference value :  9.69633e-07
 Reference value :  9.73247e-07
 Reference value :  9.76633e-07
 Reference value :  9.80247e-07
 Reference value :  9.83861e-07
 Reference value :  9.87837e-07
 Reference value :  9.91631e-07
 Reference value :  9.95426e-07
 Reference value :  9.99221e-07
 Reference value :  1.00320e-06
 Reference value :  1.00658e-06
 Reference value :  1.01038e-06
 Reference value :  1.01399e-06
 Reference value :  1.01779e-06
 Reference value :  1.02140e-06
 Reference value :  1.02519e-06
 Reference value :  1.02899e-06
 Reference value :  1.03267e-06
 Reference value :  1.03617e-06
 Reference value :  1.03996e-06
 Reference value :  1.04376e-06
 Reference value :  1.04755e-06
 Reference value :  1.05117e-06
 Reference value :  1.05496e-06
 Reference value :  1.05876e-06
 Reference value :  1.06214e-06
 Reference value :  1.06594e-06
 Reference value :  1.06955e-06
 Reference value :  1.07353e-06
 Reference value :  1.07714e-06
 Reference value :  1.08094e-06
No. of Data Rows : 6057
vhold_min           =  1.20000e+00 at=  1.15648e-10
tfirst              =  6.92993e-08
t1                  =  6.78401e-07
t2                  =  7.06724e-07
t3                  =  7.35048e-07
t4                  =  7.63371e-07
t5                  =  7.91694e-07
t6                  =  8.20017e-07
t7                  =  8.48340e-07
t8                  =  8.76663e-07
t9                  =  9.04986e-07
t10                 =  9.33309e-07
t11                 =  9.61631e-07
t12                 =  9.89954e-07
idd_run             =  -5.35926e-05 from=  6.50400e-07 to=  1.08400e-06
vmax                =  1.20418e+00 at=  1.07533e-06
vmin                =  -2.29956e-02 at=  6.64354e-07
Note: Simulation executed from .control section 
Note: Starting dynamic gmin stepping
Note: Dynamic gmin stepping completed
Note: Starting dynamic gmin stepping
Note: Dynamic gmin stepping completed
