
Note: Compatibility modes selected: hs a


Circuit: * tt_analog_ring, code 255

Doing analysis at TEMP = 27.000000 and TNOM = 27.000000

Using SPARSE 1.3 as Direct Linear Solver
 Reference value :  0.00000e+00
No. of Data Rows : 1
idd_dis=0.000817202 vbp=0.564135 vbn=0.566918 clk_dis=1.32
Doing analysis at TEMP = 27.000000 and TNOM = 27.000000

Using SPARSE 1.3 as Direct Linear Solver

Initial Transient Solution
--------------------------

Node                                   Voltage
----                                   -------
vpwr                                      1.32
code[0]                                   1.32
code[1]                                   1.32
code[2]                                   1.32
code[3]                                   1.32
code[4]                                   1.32
code[5]                                   1.32
code[6]                                   1.32
code[7]                                   1.32
enable                                       0
xdut.vbp                              0.564135
clk_out                                   1.32
xdut.b1                            1.00391e-06
xdut.s3                            4.09718e-06
xdut.s2                                   1.32
xdut.n_126                                1.32
xdut.s1                            4.09722e-06
xdut.n_125                                1.32
xdut.s10                                  1.32
xdut.s6                                   1.32
xdut.s5                            4.09718e-06
xdut.n_128                                1.32
xdut.s9                            4.09718e-06
xdut.n_133                                1.32
xdut.s4                                   1.32
xdut.n_129                                1.32
xdut.s8                                   1.32
xdut.n_132                                1.32
xdut.s7                            4.09718e-06
xdut.n_130                                1.32
xdut.n_127                                1.32
xdut.n_131                                1.32
xdut.s0                                   1.32
xdut.n_124                                1.32
xdut.n_71                          3.34293e-06
xdut.n_72                           3.3429e-06
xdut.n_70                          4.72701e-07
xdut.n_77                           3.3429e-06
xdut.n_75                          4.72701e-07
xdut.n_73                          4.72701e-07
xdut.n_67                          4.72701e-07
xdut.n_76                          4.72701e-07
xdut.n_69                           3.3429e-06
xdut.n_74                           3.3429e-06
xdut.n_122                                1.32
xdut.n_i1005                           1.13945
xdut.n_68                          8.32663e-07
xdut.vbn                              0.566918
ven#branch                         3.36358e-11
vc7#branch                        -3.54731e-07
vc6#branch                        -1.77366e-07
vc5#branch                        -8.86828e-08
vc4#branch                        -4.43414e-08
vc3#branch                        -2.21707e-08
vc2#branch                        -1.10853e-08
vc1#branch                        -5.54267e-09
vc0#branch                        -2.77134e-09
vdd#branch                        -0.000817202

 Reference value :  0.00000e+00
 Reference value :  2.38068e-09
 Reference value :  4.99108e-09
 Reference value :  7.72196e-09
 Reference value :  1.03324e-08
 Reference value :  1.23709e-08
 Reference value :  1.37363e-08
 Reference value :  1.51808e-08
 Reference value :  1.66667e-08
 Reference value :  1.79920e-08
 Reference value :  1.94767e-08
 Reference value :  2.09225e-08
 Reference value :  2.23281e-08
 Reference value :  2.38130e-08
 Reference value :  2.52186e-08
 Reference value :  2.66242e-08
 Reference value :  2.80290e-08
 Reference value :  2.94346e-08
 Reference value :  3.09205e-08
 Reference value :  3.23657e-08
 Reference value :  3.37713e-08
 Reference value :  3.52170e-08
 Reference value :  3.67029e-08
 Reference value :  3.81084e-08
 Reference value :  3.95541e-08
 Reference value :  4.11204e-08
 Reference value :  4.25661e-08
 Reference value :  4.40922e-08
 Reference value :  4.56183e-08
 Reference value :  4.70640e-08
 Reference value :  4.85500e-08
 Reference value :  5.00760e-08
 Reference value :  5.15620e-08
 Reference value :  5.30077e-08
 Reference value :  5.45338e-08
 Reference value :  5.59394e-08
 Reference value :  5.69434e-08
 Reference value :  5.78269e-08
 Reference value :  5.87908e-08
 Reference value :  5.96743e-08
 Reference value :  6.05578e-08
 Reference value :  6.14815e-08
 Reference value :  6.24052e-08
 Reference value :  6.34092e-08
 Reference value :  6.43328e-08
 Reference value :  6.53368e-08
 Reference value :  6.62204e-08
 Reference value :  6.71842e-08
 Reference value :  6.81079e-08
 Reference value :  6.89914e-08
 Reference value :  6.99552e-08
 Reference value :  7.08388e-08
 Reference value :  7.18026e-08
 Reference value :  7.27263e-08
 Reference value :  7.36098e-08
 Reference value :  7.48146e-08
 Reference value :  7.63407e-08
 Reference value :  7.77463e-08
 Reference value :  7.92724e-08
 Reference value :  8.07984e-08
 Reference value :  8.22438e-08
 Reference value :  8.37297e-08
 Reference value :  8.51755e-08
 Reference value :  8.65802e-08
 Reference value :  8.80661e-08
 Reference value :  8.95922e-08
 Reference value :  9.10368e-08
 Reference value :  9.24825e-08
 Reference value :  9.39685e-08
 Reference value :  9.53727e-08
 Reference value :  9.68587e-08
 Reference value :  9.83446e-08
 Reference value :  9.96684e-08
 Reference value :  1.01074e-07
 Reference value :  1.02359e-07
 Reference value :  1.03803e-07
 Reference value :  1.05249e-07
 Reference value :  1.06615e-07
 Reference value :  1.08179e-07
 Reference value :  1.09625e-07
 Reference value :  1.11031e-07
 Reference value :  1.12515e-07
 Reference value :  1.14001e-07
 Reference value :  1.15407e-07
 Reference value :  1.16931e-07
 Reference value :  1.18417e-07
 Reference value :  1.19823e-07
 Reference value :  1.21387e-07
 Reference value :  1.22913e-07
 Reference value :  1.24319e-07
 Reference value :  1.25843e-07
 Reference value :  1.27289e-07
 Reference value :  1.28293e-07
 Reference value :  1.29297e-07
 Reference value :  1.30219e-07
 Reference value :  1.31183e-07
 Reference value :  1.32147e-07
 Reference value :  1.33111e-07
 Reference value :  1.34153e-07
 Reference value :  1.35117e-07
 Reference value :  1.36161e-07
 Reference value :  1.37125e-07
 Reference value :  1.38169e-07
 Reference value :  1.39132e-07
 Reference value :  1.40136e-07
 Reference value :  1.41100e-07
 Reference value :  1.42023e-07
 Reference value :  1.43026e-07
 Reference value :  1.43950e-07
 Reference value :  1.44954e-07
 Reference value :  1.45877e-07
 Reference value :  1.46921e-07
 Reference value :  1.47884e-07
 Reference value :  1.48888e-07
 Reference value :  1.49812e-07
 Reference value :  1.50735e-07
 Reference value :  1.51738e-07
 Reference value :  1.52702e-07
 Reference value :  1.53706e-07
 Reference value :  1.54629e-07
 Reference value :  1.55674e-07
 Reference value :  1.56636e-07
 Reference value :  1.57600e-07
 Reference value :  1.58604e-07
 Reference value :  1.59528e-07
 Reference value :  1.60571e-07
 Reference value :  1.61535e-07
 Reference value :  1.62539e-07
 Reference value :  1.63462e-07
 Reference value :  1.64506e-07
 Reference value :  1.65469e-07
 Reference value :  1.66433e-07
 Reference value :  1.67919e-07
 Reference value :  1.69485e-07
 Reference value :  1.71091e-07
 Reference value :  1.72657e-07
 Reference value :  1.74344e-07
 Reference value :  1.75950e-07
 Reference value :  1.77557e-07
 Reference value :  1.79163e-07
 Reference value :  1.80809e-07
 Reference value :  1.82416e-07
 Reference value :  1.83982e-07
 Reference value :  1.85629e-07
 Reference value :  1.87275e-07
 Reference value :  1.88962e-07
 Reference value :  1.90568e-07
 Reference value :  1.92255e-07
 Reference value :  1.93821e-07
 Reference value :  1.95428e-07
 Reference value :  1.96954e-07
 Reference value :  1.98560e-07
 Reference value :  1.99765e-07
 Reference value :  2.01130e-07
 Reference value :  2.02737e-07
 Reference value :  2.04343e-07
 Reference value :  2.05829e-07
 Reference value :  2.07436e-07
 Reference value :  2.09082e-07
 Reference value :  2.10448e-07
 Reference value :  2.12014e-07
 Reference value :  2.13620e-07
 Reference value :  2.15186e-07
 Reference value :  2.16632e-07
 Reference value :  2.18198e-07
 Reference value :  2.19724e-07
 Reference value :  2.21130e-07
 Reference value :  2.22455e-07
 Reference value :  2.23378e-07
 Reference value :  2.24382e-07
 Reference value :  2.25266e-07
 Reference value :  2.26189e-07
 Reference value :  2.27112e-07
 Reference value :  2.28036e-07
 Reference value :  2.29040e-07
 Reference value :  2.29923e-07
 Reference value :  2.30927e-07
 Reference value :  2.31810e-07
 Reference value :  2.32733e-07
 Reference value :  2.33657e-07
 Reference value :  2.34540e-07
 Reference value :  2.35623e-07
 Reference value :  2.36587e-07
 Reference value :  2.37993e-07
 Reference value :  2.39077e-07
 Reference value :  2.40080e-07
 Reference value :  2.40963e-07
No. of Data Rows : 6015
vhold_min           =  1.32000e+00 at=  9.15648e-11
tfirst              =  1.45466e-08
t1                  =  1.44813e-07
t2                  =  1.49229e-07
t3                  =  1.53644e-07
t4                  =  1.58060e-07
t5                  =  1.62476e-07
t6                  =  1.66892e-07
t7                  =  1.71307e-07
t8                  =  1.75723e-07
t9                  =  1.80139e-07
t10                 =  1.84554e-07
t11                 =  1.88970e-07
t12                 =  1.93385e-07
idd_run             =  -8.47153e-04 from=  1.44600e-07 to=  2.41000e-07
vmax                =  1.32735e+00 at=  2.08681e-07
vmin                =  -8.13595e-03 at=  2.00086e-07
Note: Simulation executed from .control section 
Warning: m=xx on .subckt line will override multiplier m hierarchy!

Note: Starting dynamic gmin stepping
Note: Dynamic gmin stepping completed
Note: Starting dynamic gmin stepping
Note: Dynamic gmin stepping completed
