
Note: No compatibility mode selected!


Circuit: * nand as inverter: a=1, pulse b

Doing analysis at TEMP = 27.000000 and TNOM = 27.000000

Using SPARSE 1.3 as Direct Linear Solver

Initial Transient Solution
--------------------------

Node                                   Voltage
----                                   -------
vpwr                                       1.2
code[0]                                      0
code[1]                                      0
code[2]                                      0
code[3]                                      0
code[4]                                      0
code[5]                                      0
code[6]                                      0
code[7]                                      0
vbp                                    0.81448
vbn                                   0.307158
a                                          1.2
p                                            0
xdrv.net1                                  1.2
b                                          1.2
xdrv.net2                          7.91085e-08
xnand.net1                                 1.2
y                                  6.08381e-06
xnand.net2                         6.07124e-06
xnand.net3                         6.05365e-06
xload.net1                                 1.2
z                                          1.2
xload.net2                          7.9122e-08
xload2.net1                                1.2
zz                                 1.62092e-06
xload2.net2                        1.61187e-06
vin#branch                         2.27476e-12
va#branch                         -3.98856e-12
vc7#branch                         1.29595e-12
vc6#branch                         6.47969e-13
vc5#branch                         3.23978e-13
vc4#branch                         1.61982e-13
vc3#branch                         8.09841e-14
vc2#branch                         4.04852e-14
vc1#branch                         2.02358e-14
vc0#branch                          1.0111e-14
vdd#branch                        -4.86568e-06

 Reference value :  5.33770e-09
 Reference value :  8.50873e-08
 Reference value :  1.52624e-07
 Reference value :  2.17108e-07
 Reference value :  2.96594e-07
 Reference value :  3.77397e-07
 Reference value :  4.35877e-07
 Reference value :  5.10100e-07
 Reference value :  5.90376e-07
 Reference value :  6.64185e-07
 Reference value :  7.21826e-07
 Reference value :  8.02628e-07
 Reference value :  8.82904e-07
 Reference value :  9.47701e-07
 Reference value :  1.01508e-06
 Reference value :  1.09536e-06
 Reference value :  1.17669e-06
 Reference value :  1.23312e-06
 Reference value :  1.31050e-06
 Reference value :  1.38999e-06
 Reference value :  1.46321e-06
 Reference value :  1.52743e-06
No. of Data Rows : 6065
tin_f               =  6.67652e-07
tout_r              =  6.82804e-07
tin_r               =  9.34170e-07
tout_f              =  9.47220e-07
tplh=1.51521E-08 tphl=1.30507E-08
Note: Simulation executed from .control section 
Note: Starting dynamic gmin stepping
Note: Dynamic gmin stepping completed
