
Note: No compatibility mode selected!


Circuit: * stage delay at code 16

Doing analysis at TEMP = -40.000000 and TNOM = 27.000000

Using SPARSE 1.3 as Direct Linear Solver

Initial Transient Solution
--------------------------

Node                                   Voltage
----                                   -------
vpwr                                      1.32
code[0]                                      0
code[1]                                      0
code[2]                                      0
code[3]                                      0
code[4]                                   1.32
code[5]                                      0
code[6]                                      0
code[7]                                      0
vbp                                   0.778054
vbn                                    0.45988
a                                            0
xdrv.net1                                 1.32
b                                         1.32
xdrv.net2                          2.97216e-09
xdut.net1                                 1.32
y                                  2.26209e-07
xdut.net2                          2.17185e-07
xload.net1                                1.32
z                                         1.32
xload.net2                         2.97216e-09
xload2.net1                               1.32
zz                                 1.36442e-07
xload2.net2                        1.31725e-07
vin#branch                         2.14875e-12
vc7#branch                         5.28419e-13
vc6#branch                         2.64209e-13
vc5#branch                         1.32104e-13
vc4#branch                        -2.13941e-09
vc3#branch                         3.30259e-14
vc2#branch                         1.65128e-14
vc1#branch                         8.25625e-15
vc0#branch                         4.12798e-15
vdd#branch                        -6.65085e-05

 Reference value :  1.22709e-09
 Reference value :  1.04411e-08
 Reference value :  1.73533e-08
 Reference value :  2.56188e-08
 Reference value :  3.46432e-08
 Reference value :  4.24980e-08
 Reference value :  4.98421e-08
 Reference value :  5.87851e-08
 Reference value :  6.76739e-08
 Reference value :  7.39110e-08
 Reference value :  8.27998e-08
 Reference value :  9.16886e-08
 Reference value :  9.85949e-08
 Reference value :  1.07023e-07
 Reference value :  1.16047e-07
 Reference value :  1.23829e-07
 Reference value :  1.31173e-07
 Reference value :  1.40035e-07
 Reference value :  1.49005e-07
 Reference value :  1.55098e-07
No. of Data Rows : 6044
tin_f               =  6.85538e-08
tout_r              =  6.93892e-08
tin_r               =  9.57618e-08
tout_f              =  9.67544e-08
tplh=8.3539E-10 tphl=9.9261E-10
t40r                =  6.92102e-08
t60r                =  6.95685e-08
t60f                =  9.65750e-08
t40f                =  9.69184e-08
sr_r=7.36751E+08 sr_f=-7.68716E+08
tr                  =  6.88748e-08
tr8                 =  7.03514e-08
tf                  =  9.62227e-08
tf2                 =  9.75170e-08
trise=1.4766E-09 tfall=1.29426E-09
Note: Simulation executed from .control section 
Note: Starting dynamic gmin stepping
Note: Dynamic gmin stepping completed
