
Note: No compatibility mode selected!


Circuit: * tt_analog_ring, code 128

Doing analysis at TEMP = 125.000000 and TNOM = 27.000000

Using SPARSE 1.3 as Direct Linear Solver
 Reference value :  0.00000e+00
No. of Data Rows : 1
idd_dis=0.000278096 vbp=0.662863 vbn=0.402329 clk_dis=1.19999
Doing analysis at TEMP = 125.000000 and TNOM = 27.000000

Using SPARSE 1.3 as Direct Linear Solver

Initial Transient Solution
--------------------------

Node                                   Voltage
----                                   -------
vpwr                                       1.2
code[0]                                      0
code[1]                                      0
code[2]                                      0
code[3]                                      0
code[4]                                      0
code[5]                                      0
code[6]                                      0
code[7]                                    1.2
enable                                       0
xdut.vbp                              0.662863
xdut.vbn                              0.402329
xdut.n0                            6.71231e-05
xdut.p0                                1.19992
xdut.na0                               1.01809
xdut.s0                                1.19991
xdut.s10                               1.19995
xdut.n1                            0.000156919
xdut.p1                                1.19983
xdut.s1                            0.000179343
xdut.n2                            3.86885e-05
xdut.p2                                1.19996
xdut.s2                                1.19995
xdut.n3                            0.000156819
xdut.p3                                1.19983
xdut.s3                            0.000179228
xdut.n4                            3.86884e-05
xdut.p4                                1.19996
xdut.s4                                1.19995
xdut.n5                            0.000156819
xdut.p5                                1.19983
xdut.s5                            0.000179228
xdut.n6                            3.86884e-05
xdut.p6                                1.19996
xdut.s6                                1.19995
xdut.n7                            0.000156819
xdut.p7                                1.19983
xdut.s7                            0.000179228
xdut.n8                            3.86884e-05
xdut.p8                                1.19996
xdut.s8                                1.19995
xdut.n9                            0.000156819
xdut.p9                                1.19983
xdut.s9                            0.000179228
xdut.n10                           3.86884e-05
xdut.p10                               1.19996
xdut.b1                            2.28914e-05
clk_out                                1.19999
ven#branch                         4.00219e-11
vc7#branch                        -3.61451e-07
vc6#branch                         4.40309e-11
vc5#branch                         2.20154e-11
vc4#branch                         1.10077e-11
vc3#branch                         5.50386e-12
vc2#branch                         2.75193e-12
vc1#branch                         1.37596e-12
vc0#branch                         6.87982e-13
vdd#branch                        -0.000278096

 Reference value :  0.00000e+00
 Reference value :  9.96161e-10
 Reference value :  2.23056e-09
 Reference value :  3.46496e-09
 Reference value :  4.69936e-09
 Reference value :  5.93376e-09
 Reference value :  7.13730e-09
 Reference value :  8.37170e-09
 Reference value :  9.35900e-09
 Reference value :  1.00842e-08
 Reference value :  1.07631e-08
 Reference value :  1.14729e-08
 Reference value :  1.22444e-08
 Reference value :  1.29542e-08
 Reference value :  1.36331e-08
 Reference value :  1.43120e-08
 Reference value :  1.50527e-08
 Reference value :  1.57316e-08
 Reference value :  1.64105e-08
 Reference value :  1.70894e-08
 Reference value :  1.78301e-08
 Reference value :  1.85090e-08
 Reference value :  1.92188e-08
 Reference value :  1.98668e-08
 Reference value :  2.06075e-08
 Reference value :  2.12864e-08
 Reference value :  2.19653e-08
 Reference value :  2.26442e-08
 Reference value :  2.33849e-08
 Reference value :  2.40947e-08
 Reference value :  2.48353e-08
 Reference value :  2.55142e-08
 Reference value :  2.62549e-08
 Reference value :  2.69338e-08
 Reference value :  2.76127e-08
 Reference value :  2.82916e-08
 Reference value :  2.90631e-08
 Reference value :  2.97729e-08
 Reference value :  3.04518e-08
 Reference value :  3.11616e-08
 Reference value :  3.19331e-08
 Reference value :  3.26429e-08
 Reference value :  3.33218e-08
 Reference value :  3.40007e-08
 Reference value :  3.47722e-08
 Reference value :  3.54820e-08
 Reference value :  3.61609e-08
 Reference value :  3.68707e-08
 Reference value :  3.76422e-08
 Reference value :  3.83520e-08
 Reference value :  3.90000e-08
 Reference value :  3.96789e-08
 Reference value :  4.04196e-08
 Reference value :  4.10985e-08
 Reference value :  4.17774e-08
 Reference value :  4.24872e-08
 Reference value :  4.32587e-08
 Reference value :  4.39685e-08
 Reference value :  4.46165e-08
 Reference value :  4.53572e-08
 Reference value :  4.60978e-08
 Reference value :  4.67767e-08
 Reference value :  4.74557e-08
 Reference value :  4.81654e-08
 Reference value :  4.89061e-08
 Reference value :  4.95850e-08
 Reference value :  5.03256e-08
 Reference value :  5.10663e-08
 Reference value :  5.17452e-08
 Reference value :  5.23933e-08
 Reference value :  5.30722e-08
 Reference value :  5.38128e-08
 Reference value :  5.45226e-08
 Reference value :  5.52015e-08
 Reference value :  5.59113e-08
 Reference value :  5.66519e-08
 Reference value :  5.73617e-08
 Reference value :  5.80715e-08
 Reference value :  5.87196e-08
 Reference value :  5.94602e-08
 Reference value :  6.02008e-08
 Reference value :  6.08489e-08
 Reference value :  6.15278e-08
 Reference value :  6.22993e-08
 Reference value :  6.29782e-08
 Reference value :  6.37189e-08
 Reference value :  6.43669e-08
 Reference value :  6.51384e-08
 Reference value :  6.58482e-08
 Reference value :  6.65580e-08
 Reference value :  6.72369e-08
 Reference value :  6.80084e-08
 Reference value :  6.87182e-08
 Reference value :  6.93971e-08
 Reference value :  7.01069e-08
 Reference value :  7.08784e-08
 Reference value :  7.15573e-08
 Reference value :  7.22054e-08
 Reference value :  7.28534e-08
 Reference value :  7.35941e-08
 Reference value :  7.42730e-08
 Reference value :  7.49519e-08
 Reference value :  7.56308e-08
 Reference value :  7.64023e-08
 Reference value :  7.70813e-08
 Reference value :  7.77910e-08
 Reference value :  7.84391e-08
 Reference value :  7.92106e-08
 Reference value :  7.99204e-08
 Reference value :  8.05685e-08
 Reference value :  8.12474e-08
 Reference value :  8.19880e-08
 Reference value :  8.26669e-08
 Reference value :  8.33767e-08
 Reference value :  8.40248e-08
 Reference value :  8.47963e-08
 Reference value :  8.54752e-08
 Reference value :  8.61541e-08
 Reference value :  8.68330e-08
 Reference value :  8.75737e-08
 Reference value :  8.82835e-08
 Reference value :  8.89315e-08
 Reference value :  8.95796e-08
 Reference value :  9.03511e-08
 Reference value :  9.10300e-08
 Reference value :  9.16781e-08
 Reference value :  9.23570e-08
 Reference value :  9.30976e-08
 Reference value :  9.38074e-08
 Reference value :  9.44863e-08
 Reference value :  9.51344e-08
 Reference value :  9.58750e-08
 Reference value :  9.65539e-08
 Reference value :  9.72329e-08
 Reference value :  9.79426e-08
 Reference value :  9.86524e-08
 Reference value :  9.93313e-08
 Reference value :  1.00041e-07
 Reference value :  1.00689e-07
 Reference value :  1.01492e-07
 Reference value :  1.02201e-07
 Reference value :  1.02849e-07
 Reference value :  1.03559e-07
 Reference value :  1.04300e-07
 Reference value :  1.05010e-07
 Reference value :  1.05719e-07
 Reference value :  1.06367e-07
 Reference value :  1.07108e-07
 Reference value :  1.07756e-07
 Reference value :  1.08466e-07
 Reference value :  1.09145e-07
 Reference value :  1.09885e-07
 Reference value :  1.10564e-07
 Reference value :  1.11274e-07
 Reference value :  1.11984e-07
 Reference value :  1.12755e-07
 Reference value :  1.13465e-07
 Reference value :  1.14175e-07
 Reference value :  1.14885e-07
 Reference value :  1.15595e-07
 Reference value :  1.16304e-07
 Reference value :  1.17014e-07
 Reference value :  1.17724e-07
 Reference value :  1.18434e-07
 Reference value :  1.19113e-07
 Reference value :  1.19792e-07
 Reference value :  1.20501e-07
 Reference value :  1.21211e-07
 Reference value :  1.21890e-07
 Reference value :  1.22569e-07
 Reference value :  1.23310e-07
 Reference value :  1.24019e-07
 Reference value :  1.24698e-07
 Reference value :  1.25377e-07
 Reference value :  1.26118e-07
 Reference value :  1.26828e-07
 Reference value :  1.27537e-07
 Reference value :  1.28247e-07
 Reference value :  1.28988e-07
 Reference value :  1.29698e-07
 Reference value :  1.30407e-07
 Reference value :  1.31086e-07
 Reference value :  1.31858e-07
 Reference value :  1.32537e-07
 Reference value :  1.33246e-07
 Reference value :  1.33925e-07
 Reference value :  1.34666e-07
 Reference value :  1.35314e-07
 Reference value :  1.35962e-07
 Reference value :  1.36672e-07
 Reference value :  1.37443e-07
 Reference value :  1.38153e-07
 Reference value :  1.38832e-07
 Reference value :  1.39511e-07
 Reference value :  1.40252e-07
 Reference value :  1.40961e-07
 Reference value :  1.41640e-07
 Reference value :  1.42350e-07
 Reference value :  1.43122e-07
 Reference value :  1.43801e-07
 Reference value :  1.44480e-07
 Reference value :  1.45158e-07
 Reference value :  1.45899e-07
 Reference value :  1.46578e-07
 Reference value :  1.47257e-07
 Reference value :  1.47936e-07
 Reference value :  1.48676e-07
 Reference value :  1.49355e-07
 Reference value :  1.50065e-07
 Reference value :  1.50775e-07
 Reference value :  1.51546e-07
 Reference value :  1.52256e-07
 Reference value :  1.52966e-07
 Reference value :  1.53645e-07
 Reference value :  1.54386e-07
 Reference value :  1.55064e-07
 Reference value :  1.55743e-07
 Reference value :  1.56453e-07
 Reference value :  1.57194e-07
 Reference value :  1.57904e-07
 Reference value :  1.58613e-07
 Reference value :  1.59292e-07
 Reference value :  1.60033e-07
 Reference value :  1.60712e-07
 Reference value :  1.61391e-07
 Reference value :  1.62101e-07
 Reference value :  1.62810e-07
 Reference value :  1.63489e-07
 Reference value :  1.64106e-07
 Reference value :  1.64816e-07
 Reference value :  1.65526e-07
 Reference value :  1.66236e-07
 Reference value :  1.66915e-07
 Reference value :  1.67625e-07
 Reference value :  1.68365e-07
 Reference value :  1.69044e-07
 Reference value :  1.69723e-07
 Reference value :  1.70402e-07
 Reference value :  1.71143e-07
 Reference value :  1.71821e-07
 Reference value :  1.72500e-07
 Reference value :  1.73210e-07
 Reference value :  1.73920e-07
 Reference value :  1.74599e-07
 Reference value :  1.75278e-07
 Reference value :  1.75988e-07
 Reference value :  1.76728e-07
 Reference value :  1.77438e-07
 Reference value :  1.78117e-07
 Reference value :  1.78888e-07
 Reference value :  1.79567e-07
 Reference value :  1.80246e-07
 Reference value :  1.80925e-07
 Reference value :  1.81635e-07
 Reference value :  1.82376e-07
 Reference value :  1.83085e-07
 Reference value :  1.83764e-07
 Reference value :  1.84536e-07
 Reference value :  1.85200e-07
No. of Data Rows : 6015
vhold_min           =  1.19999e+00 at=  3.95008e-11
tfirst              =  1.23619e-08
t1                  =  1.15178e-07
t2                  =  1.20734e-07
t3                  =  1.26290e-07
t4                  =  1.31846e-07
t5                  =  1.37402e-07
t6                  =  1.42958e-07
t7                  =  1.48514e-07
t8                  =  1.54070e-07
t9                  =  1.59626e-07
t10                 =  1.65182e-07
t11                 =  1.70738e-07
t12                 =  1.76294e-07
idd_run             =  -2.94440e-04 from=  1.11100e-07 to=  1.85200e-07
vmax                =  1.20557e+00 at=  1.12200e-07
vmin                =  -3.06388e-03 at=  1.81666e-07
Note: Simulation executed from .control section 
Note: Starting dynamic gmin stepping
Note: Dynamic gmin stepping completed
Note: Starting dynamic gmin stepping
Note: Dynamic gmin stepping completed
