
Note: No compatibility mode selected!


Circuit: * tt_analog_ring, code 127

Doing analysis at TEMP = 27.000000 and TNOM = 27.000000

Using SPARSE 1.3 as Direct Linear Solver
 Reference value :  0.00000e+00
No. of Data Rows : 1
idd_dis=0.000328345 vbp=0.557925 vbn=0.4923 clk_dis=1.2
Doing analysis at TEMP = 27.000000 and TNOM = 27.000000

Using SPARSE 1.3 as Direct Linear Solver

Initial Transient Solution
--------------------------

Node                                   Voltage
----                                   -------
vpwr                                       1.2
code[0]                                    1.2
code[1]                                    1.2
code[2]                                    1.2
code[3]                                    1.2
code[4]                                    1.2
code[5]                                    1.2
code[6]                                    1.2
code[7]                                      0
enable                                       0
xdut.vbp                              0.557925
xdut.vbn                                0.4923
xdut.n0                            1.54969e-07
xdut.p0                                    1.2
xdut.na0                               1.05973
xdut.s0                                    1.2
xdut.s10                                   1.2
xdut.n1                             6.3019e-07
xdut.p1                                    1.2
xdut.s1                            7.15332e-07
xdut.n2                            9.51505e-08
xdut.p2                                    1.2
xdut.s2                                    1.2
xdut.n3                            6.27982e-07
xdut.p3                                    1.2
xdut.s3                            7.09746e-07
xdut.n4                            1.46584e-07
xdut.p4                                    1.2
xdut.s4                                    1.2
xdut.n5                            4.85244e-07
xdut.p5                                    1.2
xdut.s5                            5.48975e-07
xdut.n6                            1.20786e-07
xdut.p6                                    1.2
xdut.s6                                    1.2
xdut.n7                            5.74126e-07
xdut.p7                                    1.2
xdut.s7                            6.61697e-07
xdut.n8                            5.30751e-08
xdut.p8                                    1.2
xdut.s8                                    1.2
xdut.n9                            6.88026e-07
xdut.p9                                    1.2
xdut.s9                            7.85037e-07
xdut.n10                           1.63404e-07
xdut.p10                                   1.2
xdut.b1                            1.82373e-07
clk_out                                    1.2
ven#branch                         7.33579e-12
vc7#branch                         1.72561e-12
vc6#branch                        -2.93048e-08
vc5#branch                        -1.46981e-08
vc4#branch                        -7.30899e-09
vc3#branch                        -3.67943e-09
vc2#branch                        -1.85506e-09
vc1#branch                        -9.18999e-10
vc0#branch                        -4.69492e-10
vdd#branch                        -0.000328345

 Reference value :  0.00000e+00
 Reference value :  9.69993e-10
 Reference value :  2.24140e-09
 Reference value :  3.45079e-09
 Reference value :  4.69119e-09
 Reference value :  5.90058e-09
 Reference value :  7.10997e-09
 Reference value :  8.35037e-09
 Reference value :  9.37526e-09
 Reference value :  1.00687e-08
 Reference value :  1.07199e-08
 Reference value :  1.13401e-08
 Reference value :  1.20223e-08
 Reference value :  1.27666e-08
 Reference value :  1.34488e-08
 Reference value :  1.41000e-08
 Reference value :  1.48443e-08
 Reference value :  1.54955e-08
 Reference value :  1.61467e-08
 Reference value :  1.67979e-08
 Reference value :  1.75731e-08
 Reference value :  1.82243e-08
 Reference value :  1.89066e-08
 Reference value :  1.96198e-08
 Reference value :  2.03020e-08
 Reference value :  2.09842e-08
 Reference value :  2.16044e-08
 Reference value :  2.24107e-08
 Reference value :  2.30929e-08
 Reference value :  2.37441e-08
 Reference value :  2.43953e-08
 Reference value :  2.50465e-08
 Reference value :  2.56978e-08
 Reference value :  2.63490e-08
 Reference value :  2.70312e-08
 Reference value :  2.77754e-08
 Reference value :  2.84576e-08
 Reference value :  2.91399e-08
 Reference value :  2.98221e-08
 Reference value :  3.04423e-08
 Reference value :  3.11245e-08
 Reference value :  3.18067e-08
 Reference value :  3.25510e-08
 Reference value :  3.32022e-08
 Reference value :  3.38534e-08
 Reference value :  3.45356e-08
 Reference value :  3.52178e-08
 Reference value :  3.58380e-08
 Reference value :  3.64892e-08
 Reference value :  3.72335e-08
 Reference value :  3.79157e-08
 Reference value :  3.85669e-08
 Reference value :  3.91871e-08
 Reference value :  3.99003e-08
 Reference value :  4.05826e-08
 Reference value :  4.12338e-08
 Reference value :  4.19470e-08
 Reference value :  4.26602e-08
 Reference value :  4.33424e-08
 Reference value :  4.39937e-08
 Reference value :  4.47379e-08
 Reference value :  4.53891e-08
 Reference value :  4.60403e-08
 Reference value :  4.66605e-08
 Reference value :  4.74358e-08
 Reference value :  4.80560e-08
 Reference value :  4.87382e-08
 Reference value :  4.93894e-08
 Reference value :  5.00716e-08
 Reference value :  5.07228e-08
 Reference value :  5.13740e-08
 Reference value :  5.21183e-08
 Reference value :  5.28315e-08
 Reference value :  5.34827e-08
 Reference value :  5.41339e-08
 Reference value :  5.48472e-08
 Reference value :  5.55294e-08
 Reference value :  5.61806e-08
 Reference value :  5.68938e-08
 Reference value :  5.76381e-08
 Reference value :  5.83203e-08
 Reference value :  5.89715e-08
 Reference value :  5.96537e-08
 Reference value :  6.02739e-08
 Reference value :  6.09561e-08
 Reference value :  6.16073e-08
 Reference value :  6.23826e-08
 Reference value :  6.30338e-08
 Reference value :  6.36850e-08
 Reference value :  6.43052e-08
 Reference value :  6.49564e-08
 Reference value :  6.56076e-08
 Reference value :  6.62278e-08
 Reference value :  6.69100e-08
 Reference value :  6.76543e-08
 Reference value :  6.83365e-08
 Reference value :  6.89567e-08
 Reference value :  6.96699e-08
 Reference value :  7.03211e-08
 Reference value :  7.10034e-08
 Reference value :  7.16856e-08
 Reference value :  7.24608e-08
 Reference value :  7.31431e-08
 Reference value :  7.37943e-08
 Reference value :  7.45075e-08
 Reference value :  7.51587e-08
 Reference value :  7.57789e-08
 Reference value :  7.64301e-08
 Reference value :  7.72054e-08
 Reference value :  7.78876e-08
 Reference value :  7.85698e-08
 Reference value :  7.92520e-08
 Reference value :  7.99653e-08
 Reference value :  8.05855e-08
 Reference value :  8.12367e-08
 Reference value :  8.19499e-08
 Reference value :  8.26321e-08
 Reference value :  8.33143e-08
 Reference value :  8.39655e-08
 Reference value :  8.46788e-08
 Reference value :  8.53300e-08
 Reference value :  8.59812e-08
 Reference value :  8.66324e-08
 Reference value :  8.74387e-08
 Reference value :  8.80899e-08
 Reference value :  8.87411e-08
 Reference value :  8.94543e-08
 Reference value :  9.01365e-08
 Reference value :  9.08188e-08
 Reference value :  9.14390e-08
 Reference value :  9.22142e-08
 Reference value :  9.28964e-08
 Reference value :  9.35786e-08
 Reference value :  9.42609e-08
 Reference value :  9.49431e-08
 Reference value :  9.55633e-08
 Reference value :  9.62145e-08
 Reference value :  9.68967e-08
 Reference value :  9.75789e-08
 Reference value :  9.82612e-08
 Reference value :  9.88814e-08
 Reference value :  9.95636e-08
 Reference value :  1.00215e-07
 Reference value :  1.00897e-07
 Reference value :  1.01548e-07
 Reference value :  1.02354e-07
 Reference value :  1.03006e-07
 Reference value :  1.03657e-07
 Reference value :  1.04339e-07
 Reference value :  1.04990e-07
 Reference value :  1.05642e-07
 Reference value :  1.06293e-07
 Reference value :  1.07037e-07
 Reference value :  1.07719e-07
 Reference value :  1.08370e-07
 Reference value :  1.09022e-07
 Reference value :  1.09735e-07
 Reference value :  1.10355e-07
 Reference value :  1.11006e-07
 Reference value :  1.11688e-07
 Reference value :  1.12402e-07
 Reference value :  1.13053e-07
 Reference value :  1.13704e-07
 Reference value :  1.14448e-07
 Reference value :  1.15100e-07
 Reference value :  1.15720e-07
 Reference value :  1.16340e-07
 Reference value :  1.17146e-07
 Reference value :  1.17797e-07
 Reference value :  1.18449e-07
 Reference value :  1.19100e-07
 Reference value :  1.19813e-07
 Reference value :  1.20464e-07
 Reference value :  1.21085e-07
 Reference value :  1.21798e-07
 Reference value :  1.22511e-07
 Reference value :  1.23193e-07
 Reference value :  1.23813e-07
 Reference value :  1.24527e-07
 Reference value :  1.25147e-07
 Reference value :  1.25829e-07
 Reference value :  1.26480e-07
 Reference value :  1.27287e-07
 Reference value :  1.27969e-07
 Reference value :  1.28620e-07
 Reference value :  1.29302e-07
 Reference value :  1.29953e-07
 Reference value :  1.30605e-07
 Reference value :  1.31287e-07
 Reference value :  1.32062e-07
 Reference value :  1.32713e-07
 Reference value :  1.33364e-07
 Reference value :  1.34016e-07
 Reference value :  1.34698e-07
 Reference value :  1.35349e-07
 Reference value :  1.36000e-07
 Reference value :  1.36652e-07
 Reference value :  1.37396e-07
 Reference value :  1.38078e-07
 Reference value :  1.38729e-07
 Reference value :  1.39442e-07
 Reference value :  1.40063e-07
 Reference value :  1.40745e-07
 Reference value :  1.41427e-07
 Reference value :  1.42202e-07
 Reference value :  1.42854e-07
 Reference value :  1.43505e-07
 Reference value :  1.44187e-07
 Reference value :  1.44869e-07
 Reference value :  1.45520e-07
 Reference value :  1.46172e-07
 Reference value :  1.46978e-07
 Reference value :  1.47629e-07
 Reference value :  1.48311e-07
 Reference value :  1.48994e-07
 Reference value :  1.49707e-07
 Reference value :  1.50358e-07
 Reference value :  1.50978e-07
 Reference value :  1.51691e-07
 Reference value :  1.52405e-07
 Reference value :  1.53087e-07
 Reference value :  1.53707e-07
 Reference value :  1.54389e-07
 Reference value :  1.55040e-07
 Reference value :  1.55692e-07
 Reference value :  1.56312e-07
 Reference value :  1.57118e-07
 Reference value :  1.57769e-07
 Reference value :  1.58452e-07
 Reference value :  1.59103e-07
 Reference value :  1.59816e-07
 Reference value :  1.60467e-07
 Reference value :  1.61118e-07
 Reference value :  1.61863e-07
 Reference value :  1.62545e-07
 Reference value :  1.63196e-07
 Reference value :  1.63816e-07
 Reference value :  1.64499e-07
 Reference value :  1.65150e-07
 Reference value :  1.65832e-07
 Reference value :  1.66483e-07
 Reference value :  1.67227e-07
 Reference value :  1.67879e-07
 Reference value :  1.68499e-07
 Reference value :  1.69181e-07
 Reference value :  1.69863e-07
 Reference value :  1.70514e-07
 Reference value :  1.71166e-07
 Reference value :  1.71941e-07
 Reference value :  1.72623e-07
 Reference value :  1.73243e-07
 Reference value :  1.73895e-07
 Reference value :  1.74608e-07
 Reference value :  1.75290e-07
 Reference value :  1.75941e-07
 Reference value :  1.76654e-07
 Reference value :  1.77399e-07
 Reference value :  1.78081e-07
 Reference value :  1.78670e-07
 Reference value :  1.79414e-07
 Reference value :  1.80035e-07
 Reference value :  1.80686e-07
 Reference value :  1.81368e-07
 Reference value :  1.82112e-07
 Reference value :  1.82794e-07
 Reference value :  1.83446e-07
 Reference value :  1.84128e-07
 Reference value :  1.84810e-07
 Reference value :  1.85492e-07
No. of Data Rows : 6012
vhold_min           =  1.20000e+00 at=  1.32723e-10
tfirst              =  1.24048e-08
t1                  =  1.14587e-07
t2                  =  1.19575e-07
t3                  =  1.24563e-07
t4                  =  1.29551e-07
t5                  =  1.34539e-07
t6                  =  1.39527e-07
t7                  =  1.44515e-07
t8                  =  1.49504e-07
t9                  =  1.54492e-07
t10                 =  1.59481e-07
t11                 =  1.64469e-07
t12                 =  1.69457e-07
idd_run             =  -3.42623e-04 from=  1.11600e-07 to=  1.86000e-07
vmax                =  1.20973e+00 at=  1.56901e-07
vmin                =  -7.55489e-03 at=  1.39380e-07
Note: Simulation executed from .control section 
Note: Starting dynamic gmin stepping
Note: Dynamic gmin stepping completed
Note: Starting dynamic gmin stepping
Note: Dynamic gmin stepping completed
