
Note: No compatibility mode selected!


Circuit: * tt_analog_ring, code 0

Doing analysis at TEMP = 125.000000 and TNOM = 27.000000

Using SPARSE 1.3 as Direct Linear Solver
 Reference value :  0.00000e+00
No. of Data Rows : 1
idd_dis=5.33682E-06 vbp=1.06357 vbn=0.164806 clk_dis=1.32
Doing analysis at TEMP = 125.000000 and TNOM = 27.000000

Using SPARSE 1.3 as Direct Linear Solver

Initial Transient Solution
--------------------------

Node                                   Voltage
----                                   -------
vpwr                                      1.32
code[0]                                      0
code[1]                                      0
code[2]                                      0
code[3]                                      0
code[4]                                      0
code[5]                                      0
code[6]                                      0
code[7]                                      0
enable                                       0
xdut.vbp                               1.06357
xdut.vbn                              0.164806
xdut.n0                            0.000296136
xdut.p0                                1.31969
xdut.na0                               1.12517
xdut.s0                                1.31969
xdut.s10                               1.31984
xdut.n1                            0.000554574
xdut.p1                                1.31949
xdut.s1                            0.000558475
xdut.n2                            0.000148076
xdut.p2                                1.31984
xdut.s2                                1.31984
xdut.n3                            0.000553109
xdut.p3                                1.31949
xdut.s3                            0.000556999
xdut.n4                            0.000148072
xdut.p4                                1.31984
xdut.s4                                1.31984
xdut.n5                            0.000553109
xdut.p5                                1.31949
xdut.s5                            0.000556999
xdut.n6                            0.000148072
xdut.p6                                1.31984
xdut.s6                                1.31984
xdut.n7                            0.000553109
xdut.p7                                1.31949
xdut.s7                            0.000556999
xdut.n8                            0.000148072
xdut.p8                                1.31984
xdut.s8                                1.31984
xdut.n9                            0.000553109
xdut.p9                                1.31949
xdut.s9                            0.000556999
xdut.n10                           0.000148072
xdut.p10                               1.31984
xdut.b1                            4.08979e-06
clk_out                                   1.32
ven#branch                         1.69899e-11
vc7#branch                         3.72524e-11
vc6#branch                         1.86262e-11
vc5#branch                          9.3131e-12
vc4#branch                         4.65655e-12
vc3#branch                         2.32828e-12
vc2#branch                         1.16414e-12
vc1#branch                         5.82069e-13
vc0#branch                         2.91034e-13
vdd#branch                        -5.33682e-06

 Reference value :  0.00000e+00
 Reference value :  4.78491e-08
 Reference value :  1.09239e-07
 Reference value :  1.70629e-07
 Reference value :  2.28511e-07
 Reference value :  2.88147e-07
 Reference value :  3.51291e-07
 Reference value :  4.10927e-07
 Reference value :  4.70563e-07
 Reference value :  5.26330e-07
 Reference value :  5.45725e-07
 Reference value :  5.79051e-07
 Reference value :  6.12377e-07
 Reference value :  6.43949e-07
 Reference value :  6.77275e-07
 Reference value :  7.05701e-07
 Reference value :  7.38402e-07
 Reference value :  7.69974e-07
 Reference value :  8.03300e-07
 Reference value :  8.34872e-07
 Reference value :  8.68198e-07
 Reference value :  8.99662e-07
 Reference value :  9.38250e-07
 Reference value :  9.71576e-07
 Reference value :  1.00666e-06
 Reference value :  1.03998e-06
 Reference value :  1.07506e-06
 Reference value :  1.10498e-06
 Reference value :  1.13830e-06
 Reference value :  1.17163e-06
 Reference value :  1.20495e-06
 Reference value :  1.23828e-06
 Reference value :  1.26763e-06
 Reference value :  1.30215e-06
 Reference value :  1.33373e-06
 Reference value :  1.36530e-06
 Reference value :  1.39687e-06
 Reference value :  1.42844e-06
 Reference value :  1.45801e-06
 Reference value :  1.49484e-06
 Reference value :  1.52992e-06
 Reference value :  1.56500e-06
 Reference value :  1.60184e-06
 Reference value :  1.63516e-06
 Reference value :  1.67024e-06
 Reference value :  1.70532e-06
 Reference value :  1.74040e-06
 Reference value :  1.77548e-06
 Reference value :  1.81056e-06
 Reference value :  1.83750e-06
 Reference value :  1.87434e-06
 Reference value :  1.91117e-06
 Reference value :  1.94625e-06
 Reference value :  1.97958e-06
 Reference value :  2.01290e-06
 Reference value :  2.04503e-06
 Reference value :  2.08011e-06
 Reference value :  2.11343e-06
 Reference value :  2.14676e-06
 Reference value :  2.18008e-06
 Reference value :  2.20706e-06
 Reference value :  2.24214e-06
 Reference value :  2.27546e-06
 Reference value :  2.30879e-06
 Reference value :  2.34387e-06
 Reference value :  2.37720e-06
 Reference value :  2.40931e-06
 Reference value :  2.44614e-06
 Reference value :  2.48122e-06
 Reference value :  2.51455e-06
 Reference value :  2.54788e-06
 Reference value :  2.57476e-06
 Reference value :  2.60984e-06
 Reference value :  2.64317e-06
 Reference value :  2.67649e-06
 Reference value :  2.70982e-06
 Reference value :  2.74315e-06
 Reference value :  2.77351e-06
 Reference value :  2.81034e-06
 Reference value :  2.84542e-06
 Reference value :  2.87699e-06
 Reference value :  2.91032e-06
 Reference value :  2.94136e-06
 Reference value :  2.97577e-06
 Reference value :  3.00910e-06
 Reference value :  3.04242e-06
 Reference value :  3.07750e-06
 Reference value :  3.11083e-06
 Reference value :  3.13945e-06
 Reference value :  3.17629e-06
 Reference value :  3.20961e-06
 Reference value :  3.24294e-06
 Reference value :  3.27451e-06
 Reference value :  3.30784e-06
 Reference value :  3.33469e-06
 Reference value :  3.36977e-06
 Reference value :  3.40309e-06
 Reference value :  3.43817e-06
 Reference value :  3.46974e-06
 Reference value :  3.50307e-06
 Reference value :  3.53522e-06
 Reference value :  3.57030e-06
 Reference value :  3.60538e-06
 Reference value :  3.63870e-06
 Reference value :  3.67203e-06
 Reference value :  3.69536e-06
 Reference value :  3.72868e-06
 Reference value :  3.76025e-06
 Reference value :  3.79358e-06
 Reference value :  3.82691e-06
 Reference value :  3.85848e-06
 Reference value :  3.88889e-06
 Reference value :  3.92572e-06
 Reference value :  3.96080e-06
 Reference value :  3.99588e-06
 Reference value :  4.02921e-06
 Reference value :  4.06022e-06
 Reference value :  4.09460e-06
 Reference value :  4.12968e-06
 Reference value :  4.16300e-06
 Reference value :  4.19458e-06
 Reference value :  4.22615e-06
 Reference value :  4.25482e-06
 Reference value :  4.28815e-06
 Reference value :  4.32147e-06
 Reference value :  4.35655e-06
 Reference value :  4.38988e-06
 Reference value :  4.42496e-06
 Reference value :  4.45169e-06
 Reference value :  4.48853e-06
 Reference value :  4.52361e-06
 Reference value :  4.55693e-06
 Reference value :  4.58850e-06
 Reference value :  4.62008e-06
 Reference value :  4.65056e-06
 Reference value :  4.68389e-06
 Reference value :  4.71721e-06
 Reference value :  4.74878e-06
 Reference value :  4.78211e-06
 Reference value :  4.80870e-06
 Reference value :  4.84171e-06
 Reference value :  4.87503e-06
 Reference value :  4.90661e-06
 Reference value :  4.93993e-06
 Reference value :  4.97326e-06
 Reference value :  5.00046e-06
 Reference value :  5.03379e-06
 Reference value :  5.06711e-06
 Reference value :  5.09869e-06
 Reference value :  5.13026e-06
 Reference value :  5.16358e-06
 Reference value :  5.18744e-06
 Reference value :  5.22252e-06
 Reference value :  5.25760e-06
 Reference value :  5.29268e-06
 Reference value :  5.32600e-06
 Reference value :  5.36108e-06
 Reference value :  5.38990e-06
 Reference value :  5.42673e-06
 Reference value :  5.46181e-06
 Reference value :  5.49514e-06
 Reference value :  5.52671e-06
 Reference value :  5.55563e-06
 Reference value :  5.59071e-06
 Reference value :  5.62404e-06
 Reference value :  5.65561e-06
 Reference value :  5.68718e-06
 Reference value :  5.71875e-06
 Reference value :  5.74841e-06
 Reference value :  5.78173e-06
 Reference value :  5.81506e-06
 Reference value :  5.84839e-06
 Reference value :  5.88171e-06
 Reference value :  5.91504e-06
 Reference value :  5.93929e-06
 Reference value :  5.97612e-06
 Reference value :  6.00945e-06
 Reference value :  6.04277e-06
 Reference value :  6.07610e-06
 Reference value :  6.11118e-06
 Reference value :  6.14209e-06
 Reference value :  6.17717e-06
 Reference value :  6.21050e-06
 Reference value :  6.24382e-06
 Reference value :  6.27715e-06
 Reference value :  6.30278e-06
 Reference value :  6.33961e-06
 Reference value :  6.37294e-06
 Reference value :  6.40451e-06
 Reference value :  6.43608e-06
 Reference value :  6.46941e-06
 Reference value :  6.49636e-06
 Reference value :  6.53319e-06
 Reference value :  6.56652e-06
 Reference value :  6.59984e-06
 Reference value :  6.63142e-06
 Reference value :  6.66474e-06
 Reference value :  6.69548e-06
 Reference value :  6.73056e-06
 Reference value :  6.76564e-06
 Reference value :  6.79896e-06
 Reference value :  6.83404e-06
 Reference value :  6.86384e-06
 Reference value :  6.89892e-06
 Reference value :  6.93400e-06
 Reference value :  6.96733e-06
 Reference value :  7.00241e-06
 Reference value :  7.03749e-06
 Reference value :  7.05731e-06
 Reference value :  7.09414e-06
 Reference value :  7.12571e-06
 Reference value :  7.15728e-06
 Reference value :  7.19061e-06
 Reference value :  7.22394e-06
 Reference value :  7.25244e-06
 Reference value :  7.28576e-06
 Reference value :  7.31909e-06
 Reference value :  7.35066e-06
 Reference value :  7.38223e-06
 Reference value :  7.41556e-06
 Reference value :  7.44657e-06
 Reference value :  7.47989e-06
 Reference value :  7.51147e-06
 Reference value :  7.54479e-06
 Reference value :  7.57987e-06
 Reference value :  7.61320e-06
 Reference value :  7.65003e-06
 Reference value :  7.68511e-06
 Reference value :  7.71844e-06
 Reference value :  7.75352e-06
 Reference value :  7.78841e-06
 Reference value :  7.81747e-06
 Reference value :  7.85430e-06
 Reference value :  7.88763e-06
 Reference value :  7.92096e-06
 Reference value :  7.95253e-06
 Reference value :  7.98184e-06
 Reference value :  8.01639e-06
 Reference value :  8.04971e-06
 Reference value :  8.08304e-06
 Reference value :  8.11461e-06
 Reference value :  8.14969e-06
 Reference value :  8.17866e-06
 Reference value :  8.21199e-06
 Reference value :  8.24532e-06
 Reference value :  8.27513e-06
 Reference value :  8.30846e-06
 Reference value :  8.34003e-06
 Reference value :  8.36972e-06
 Reference value :  8.40305e-06
 Reference value :  8.43462e-06
 Reference value :  8.46794e-06
 Reference value :  8.50127e-06
 Reference value :  8.53439e-06
 Reference value :  8.55967e-06
 Reference value :  8.59300e-06
 Reference value :  8.62632e-06
 Reference value :  8.65965e-06
 Reference value :  8.69297e-06
 Reference value :  8.72630e-06
 Reference value :  8.75830e-06
 Reference value :  8.79338e-06
 Reference value :  8.82670e-06
 Reference value :  8.85828e-06
 Reference value :  8.88985e-06
 Reference value :  8.91743e-06
 Reference value :  8.95251e-06
 Reference value :  8.98408e-06
 Reference value :  9.01566e-06
 Reference value :  9.04898e-06
 Reference value :  9.08231e-06
 Reference value :  9.11563e-06
 Reference value :  9.15071e-06
 Reference value :  9.18404e-06
 Reference value :  9.21737e-06
 Reference value :  9.24894e-06
 Reference value :  9.28032e-06
 Reference value :  9.30564e-06
 Reference value :  9.33896e-06
 Reference value :  9.37404e-06
 Reference value :  9.40737e-06
 Reference value :  9.44069e-06
 Reference value :  9.47227e-06
 Reference value :  9.50429e-06
 Reference value :  9.53761e-06
 Reference value :  9.57094e-06
 Reference value :  9.60602e-06
 Reference value :  9.64110e-06
 Reference value :  9.66855e-06
 Reference value :  9.70539e-06
 Reference value :  9.73871e-06
 Reference value :  9.77555e-06
 Reference value :  9.80887e-06
 Reference value :  9.84220e-06
 Reference value :  9.87552e-06
 Reference value :  9.91060e-06
 Reference value :  9.94393e-06
 Reference value :  9.97901e-06
 Reference value :  1.00141e-05
 Reference value :  1.00356e-05
 Reference value :  1.00724e-05
 Reference value :  1.01040e-05
 Reference value :  1.01356e-05
 Reference value :  1.01689e-05
 Reference value :  1.02022e-05
 Reference value :  1.02307e-05
 Reference value :  1.02640e-05
 Reference value :  1.02956e-05
 Reference value :  1.03272e-05
 Reference value :  1.03587e-05
 Reference value :  1.03921e-05
 Reference value :  1.04188e-05
 Reference value :  1.04539e-05
 Reference value :  1.04890e-05
 Reference value :  1.05240e-05
No. of Data Rows : 6060
vhold_min           =  1.32000e+00 at=  3.99912e-09
tfirst              =  7.02128e-07
t1                  =  6.48750e-06
t2                  =  6.85999e-06
t3                  =  7.23343e-06
t4                  =  7.60602e-06
t5                  =  7.97934e-06
t6                  =  8.35180e-06
t7                  =  8.72528e-06
t8                  =  9.09781e-06
t9                  =  9.47122e-06
t10                 =  9.84383e-06
t11                 =  1.02171e-05
idd_run             =  -7.03241e-06 from=  6.31600e-06 to=  1.05300e-05
vmax                =  1.33785e+00 at=  1.02191e-05
vmin                =  -1.80547e-02 at=  8.16334e-06
Note: Simulation executed from .control section 
Note: Starting dynamic gmin stepping
Note: Dynamic gmin stepping completed
Note: Starting dynamic gmin stepping
Note: Dynamic gmin stepping completed

Error: measure  t12  when(WHEN) : out of interval
 meas tran t12 when v(clk_out)=6.600000e-01 rise=12 from=6.316000e-06 failed!

