
Note: No compatibility mode selected!


Circuit: * tt_analog_ring, code 2

Doing analysis at TEMP = -40.000000 and TNOM = 27.000000

Using SPARSE 1.3 as Direct Linear Solver
 Reference value :  0.00000e+00
No. of Data Rows : 1
idd_dis=1.15974E-05 vbp=0.668289 vbn=0.32892 clk_dis=1.08
Doing analysis at TEMP = -40.000000 and TNOM = 27.000000

Using SPARSE 1.3 as Direct Linear Solver

Initial Transient Solution
--------------------------

Node                                   Voltage
----                                   -------
vpwr                                      1.08
code[0]                                      0
code[1]                                   1.08
code[2]                                      0
code[3]                                      0
code[4]                                      0
code[5]                                      0
code[6]                                      0
code[7]                                      0
enable                                       0
xdut.vbp                              0.668289
xdut.vbn                               0.32892
xdut.n0                            3.13379e-08
xdut.p0                                   1.08
xdut.na0                              0.873068
xdut.s0                                   1.08
xdut.s10                                  1.08
xdut.n1                            9.94559e-07
xdut.p1                                   1.08
xdut.s1                            1.01065e-06
xdut.n2                            1.73524e-08
xdut.p2                                   1.08
xdut.s2                                   1.08
xdut.n3                            9.94558e-07
xdut.p3                                   1.08
xdut.s3                            1.01065e-06
xdut.n4                            1.73524e-08
xdut.p4                                   1.08
xdut.s4                                   1.08
xdut.n5                            9.94558e-07
xdut.p5                                   1.08
xdut.s5                            1.01065e-06
xdut.n6                            1.73524e-08
xdut.p6                                   1.08
xdut.s6                                   1.08
xdut.n7                            9.94558e-07
xdut.p7                                   1.08
xdut.s7                            1.01065e-06
xdut.n8                            1.73524e-08
xdut.p8                                   1.08
xdut.s8                                   1.08
xdut.n9                            9.94558e-07
xdut.p9                                   1.08
xdut.s9                            1.01065e-06
xdut.n10                           1.73524e-08
xdut.p10                                  1.08
xdut.b1                            4.99523e-08
clk_out                                   1.08
ven#branch                         3.25352e-12
vc7#branch                         1.31442e-12
vc6#branch                         6.57212e-13
vc5#branch                         3.28606e-13
vc4#branch                         1.64303e-13
vc3#branch                         8.21515e-14
vc2#branch                         4.10757e-14
vc1#branch                        -2.98947e-10
vc0#branch                         1.02689e-14
vdd#branch                        -1.15974e-05

 Reference value :  0.00000e+00
 Reference value :  2.50256e-08
 Reference value :  5.57948e-08
 Reference value :  8.74187e-08
 Reference value :  1.17333e-07
 Reference value :  1.47248e-07
 Reference value :  1.78017e-07
 Reference value :  2.08786e-07
 Reference value :  2.39555e-07
 Reference value :  2.56717e-07
 Reference value :  2.71919e-07
 Reference value :  2.87304e-07
 Reference value :  3.02688e-07
 Reference value :  3.18096e-07
 Reference value :  3.34335e-07
 Reference value :  3.50574e-07
 Reference value :  3.65485e-07
 Reference value :  3.80821e-07
 Reference value :  3.96205e-07
 Reference value :  4.11590e-07
 Reference value :  4.25627e-07
 Reference value :  4.41012e-07
 Reference value :  4.56396e-07
 Reference value :  4.70445e-07
 Reference value :  4.85827e-07
 Reference value :  5.00357e-07
 Reference value :  5.15741e-07
 Reference value :  5.30511e-07
 Reference value :  5.46751e-07
 Reference value :  5.62990e-07
 Reference value :  5.77039e-07
 Reference value :  5.91569e-07
 Reference value :  6.05244e-07
 Reference value :  6.20629e-07
 Reference value :  6.34542e-07
 Reference value :  6.49072e-07
 Reference value :  6.64456e-07
 Reference value :  6.79609e-07
 Reference value :  6.94747e-07
 Reference value :  7.09277e-07
 Reference value :  7.24661e-07
 Reference value :  7.40272e-07
 Reference value :  7.56511e-07
 Reference value :  7.72751e-07
 Reference value :  7.86804e-07
 Reference value :  8.01334e-07
 Reference value :  8.15009e-07
 Reference value :  8.30394e-07
 Reference value :  8.44290e-07
 Reference value :  8.58820e-07
 Reference value :  8.73350e-07
 Reference value :  8.87880e-07
 Reference value :  9.01936e-07
 Reference value :  9.15611e-07
 Reference value :  9.30996e-07
 Reference value :  9.46594e-07
 Reference value :  9.61978e-07
 Reference value :  9.77363e-07
 Reference value :  9.92748e-07
 Reference value :  1.00681e-06
 Reference value :  1.02134e-06
 Reference value :  1.03672e-06
 Reference value :  1.05146e-06
 Reference value :  1.06684e-06
 Reference value :  1.08308e-06
 Reference value :  1.09847e-06
 Reference value :  1.11168e-06
 Reference value :  1.12706e-06
 Reference value :  1.14159e-06
 Reference value :  1.15718e-06
 Reference value :  1.17256e-06
 Reference value :  1.18880e-06
 Reference value :  1.20395e-06
 Reference value :  1.21911e-06
 Reference value :  1.23450e-06
 Reference value :  1.24988e-06
 Reference value :  1.26375e-06
 Reference value :  1.27913e-06
 Reference value :  1.29366e-06
 Reference value :  1.30881e-06
 Reference value :  1.32313e-06
 Reference value :  1.33766e-06
 Reference value :  1.35390e-06
 Reference value :  1.36861e-06
 Reference value :  1.38400e-06
 Reference value :  1.39938e-06
 Reference value :  1.41368e-06
 Reference value :  1.42800e-06
 Reference value :  1.44339e-06
 Reference value :  1.45962e-06
 Reference value :  1.47348e-06
 Reference value :  1.48886e-06
 Reference value :  1.50339e-06
 Reference value :  1.51854e-06
 Reference value :  1.53287e-06
 Reference value :  1.54825e-06
 Reference value :  1.56364e-06
 Reference value :  1.57835e-06
 Reference value :  1.59373e-06
 Reference value :  1.60826e-06
 Reference value :  1.62341e-06
 Reference value :  1.63859e-06
 Reference value :  1.65398e-06
 Reference value :  1.67022e-06
 Reference value :  1.68407e-06
 Reference value :  1.70031e-06
 Reference value :  1.71570e-06
 Reference value :  1.72892e-06
 Reference value :  1.74342e-06
 Reference value :  1.75881e-06
 Reference value :  1.77505e-06
 Reference value :  1.78893e-06
 Reference value :  1.80517e-06
 Reference value :  1.81970e-06
 Reference value :  1.83372e-06
 Reference value :  1.84818e-06
 Reference value :  1.86357e-06
 Reference value :  1.87895e-06
 Reference value :  1.89289e-06
 Reference value :  1.90828e-06
 Reference value :  1.92281e-06
 Reference value :  1.93777e-06
 Reference value :  1.95203e-06
 Reference value :  1.96656e-06
 Reference value :  1.98280e-06
 Reference value :  1.99766e-06
 Reference value :  2.01390e-06
 Reference value :  2.02843e-06
 Reference value :  2.04245e-06
 Reference value :  2.05751e-06
 Reference value :  2.07204e-06
 Reference value :  2.08743e-06
 Reference value :  2.10238e-06
 Reference value :  2.11776e-06
 Reference value :  2.13229e-06
 Reference value :  2.14654e-06
 Reference value :  2.16039e-06
 Reference value :  2.17578e-06
 Reference value :  2.19116e-06
 Reference value :  2.20699e-06
 Reference value :  2.22152e-06
 Reference value :  2.23691e-06
 Reference value :  2.25118e-06
 Reference value :  2.26422e-06
 Reference value :  2.27875e-06
 Reference value :  2.29328e-06
 Reference value :  2.30825e-06
 Reference value :  2.32449e-06
 Reference value :  2.33988e-06
 Reference value :  2.35441e-06
 Reference value :  2.36626e-06
 Reference value :  2.37994e-06
 Reference value :  2.39361e-06
 Reference value :  2.40796e-06
 Reference value :  2.42313e-06
 Reference value :  2.43681e-06
 Reference value :  2.45134e-06
 Reference value :  2.46410e-06
 Reference value :  2.47778e-06
 Reference value :  2.49231e-06
 Reference value :  2.50769e-06
 Reference value :  2.52182e-06
 Reference value :  2.53721e-06
 Reference value :  2.55088e-06
 Reference value :  2.56511e-06
 Reference value :  2.57810e-06
 Reference value :  2.59263e-06
 Reference value :  2.60631e-06
 Reference value :  2.62045e-06
 Reference value :  2.63669e-06
 Reference value :  2.65208e-06
 Reference value :  2.66746e-06
 Reference value :  2.68022e-06
 Reference value :  2.69389e-06
 Reference value :  2.70842e-06
 Reference value :  2.72342e-06
 Reference value :  2.73880e-06
 Reference value :  2.75419e-06
 Reference value :  2.76872e-06
 Reference value :  2.78139e-06
 Reference value :  2.79592e-06
 Reference value :  2.80959e-06
 Reference value :  2.82583e-06
 Reference value :  2.84085e-06
 Reference value :  2.85623e-06
 Reference value :  2.87076e-06
 Reference value :  2.88351e-06
 Reference value :  2.89889e-06
 Reference value :  2.91257e-06
 Reference value :  2.92881e-06
 Reference value :  2.94295e-06
 Reference value :  2.95748e-06
 Reference value :  2.97201e-06
 Reference value :  2.98421e-06
 Reference value :  2.99834e-06
 Reference value :  3.01287e-06
 Reference value :  3.02655e-06
 Reference value :  3.04157e-06
 Reference value :  3.05610e-06
 Reference value :  3.07063e-06
 Reference value :  3.08516e-06
 Reference value :  3.09790e-06
 Reference value :  3.11243e-06
 Reference value :  3.12696e-06
 Reference value :  3.14197e-06
 Reference value :  3.15821e-06
 Reference value :  3.17189e-06
 Reference value :  3.18556e-06
 Reference value :  3.19735e-06
 Reference value :  3.21273e-06
 Reference value :  3.22641e-06
 Reference value :  3.24179e-06
 Reference value :  3.25597e-06
 Reference value :  3.27136e-06
 Reference value :  3.28674e-06
 Reference value :  3.29873e-06
 Reference value :  3.31316e-06
 Reference value :  3.32769e-06
 Reference value :  3.34308e-06
 Reference value :  3.35810e-06
 Reference value :  3.37263e-06
 Reference value :  3.38716e-06
 Reference value :  3.40148e-06
 Reference value :  3.41517e-06
 Reference value :  3.43055e-06
 Reference value :  3.44508e-06
 Reference value :  3.46012e-06
 Reference value :  3.47551e-06
 Reference value :  3.49089e-06
 Reference value :  3.50607e-06
 Reference value :  3.51985e-06
 Reference value :  3.53438e-06
 Reference value :  3.54891e-06
 Reference value :  3.56394e-06
 Reference value :  3.57762e-06
 Reference value :  3.59215e-06
 Reference value :  3.60582e-06
 Reference value :  3.61845e-06
 Reference value :  3.63298e-06
 Reference value :  3.64751e-06
 Reference value :  3.66289e-06
 Reference value :  3.67709e-06
 Reference value :  3.69162e-06
 Reference value :  3.70700e-06
 Reference value :  3.71969e-06
 Reference value :  3.73422e-06
 Reference value :  3.74789e-06
 Reference value :  3.76242e-06
 Reference value :  3.77746e-06
 Reference value :  3.79199e-06
 Reference value :  3.80481e-06
 Reference value :  3.81998e-06
 Reference value :  3.83283e-06
 Reference value :  3.84736e-06
 Reference value :  3.86104e-06
 Reference value :  3.87524e-06
 Reference value :  3.88976e-06
 Reference value :  3.90515e-06
 Reference value :  3.91968e-06
 Reference value :  3.93234e-06
 Reference value :  3.94687e-06
 Reference value :  3.96055e-06
 Reference value :  3.97593e-06
 Reference value :  3.99013e-06
 Reference value :  4.00466e-06
 Reference value :  4.01919e-06
 Reference value :  4.03182e-06
 Reference value :  4.04635e-06
 Reference value :  4.06003e-06
 Reference value :  4.07456e-06
 Reference value :  4.08791e-06
 Reference value :  4.10244e-06
 Reference value :  4.11697e-06
 Reference value :  4.13150e-06
 Reference value :  4.14414e-06
 Reference value :  4.15867e-06
 Reference value :  4.17320e-06
 Reference value :  4.18826e-06
 Reference value :  4.20365e-06
 Reference value :  4.21732e-06
 Reference value :  4.23185e-06
 Reference value :  4.24449e-06
 Reference value :  4.25987e-06
 Reference value :  4.27440e-06
 Reference value :  4.29064e-06
 Reference value :  4.30570e-06
 Reference value :  4.32109e-06
 Reference value :  4.33562e-06
 Reference value :  4.34911e-06
 Reference value :  4.36449e-06
 Reference value :  4.37817e-06
 Reference value :  4.39441e-06
 Reference value :  4.40862e-06
 Reference value :  4.42315e-06
 Reference value :  4.43853e-06
 Reference value :  4.45116e-06
 Reference value :  4.46484e-06
 Reference value :  4.47851e-06
 Reference value :  4.49304e-06
 Reference value :  4.50812e-06
 Reference value :  4.52179e-06
 Reference value :  4.53718e-06
 Reference value :  4.55232e-06
 Reference value :  4.56604e-06
 Reference value :  4.58143e-06
 Reference value :  4.59510e-06
 Reference value :  4.61018e-06
 Reference value :  4.62556e-06
 Reference value :  4.64009e-06
 Reference value :  4.65548e-06
 Reference value :  4.66810e-06
 Reference value :  4.68263e-06
 Reference value :  4.69716e-06
 Reference value :  4.71224e-06
 Reference value :  4.72762e-06
 Reference value :  4.74215e-06
 Reference value :  4.75668e-06
 Reference value :  4.76845e-06
 Reference value :  4.78298e-06
 Reference value :  4.79666e-06
 Reference value :  4.81290e-06
 Reference value :  4.82627e-06
 Reference value :  4.83994e-06
 Reference value :  4.85362e-06
 Reference value :  4.86750e-06
 Reference value :  4.88077e-06
 Reference value :  4.89530e-06
 Reference value :  4.90897e-06
 Reference value :  4.92320e-06
 Reference value :  4.93858e-06
 Reference value :  4.95311e-06
 Reference value :  4.96850e-06
 Reference value :  4.98026e-06
 Reference value :  4.99479e-06
 Reference value :  5.00932e-06
 Reference value :  5.02372e-06
 Reference value :  5.03808e-06
 Reference value :  5.05347e-06
 Reference value :  5.06800e-06
 Reference value :  5.08062e-06
 Reference value :  5.09515e-06
 Reference value :  5.10968e-06
 Reference value :  5.12506e-06
No. of Data Rows : 6087
vhold_min           =  1.08000e+00 at=  1.56239e-08
tfirst              =  3.10707e-07
t1                  =  3.08774e-06
t2                  =  3.19237e-06
t3                  =  3.29701e-06
t4                  =  3.40164e-06
t5                  =  3.50628e-06
t6                  =  3.61090e-06
t7                  =  3.71553e-06
t8                  =  3.82015e-06
t9                  =  3.92477e-06
t10                 =  4.02940e-06
t11                 =  4.13402e-06
t12                 =  4.23864e-06
idd_run             =  -1.23324e-05 from=  3.07700e-06 to=  5.12800e-06
vmax                =  1.09244e+00 at=  3.29814e-06
vmin                =  -2.24969e-02 at=  3.45433e-06
Note: Simulation executed from .control section 
Note: Starting dynamic gmin stepping
Note: Dynamic gmin stepping completed
Note: Starting dynamic gmin stepping
Note: Dynamic gmin stepping completed
