
Note: Compatibility modes selected: hs a


Circuit: * tt_analog_ring, code 255

Doing analysis at TEMP = 27.000000 and TNOM = 27.000000

Using SPARSE 1.3 as Direct Linear Solver
 Reference value :  0.00000e+00
No. of Data Rows : 1
idd_dis=0.000581993 vbp=0.461243 vbn=0.568404 clk_dis=1.2
Doing analysis at TEMP = 27.000000 and TNOM = 27.000000

Using SPARSE 1.3 as Direct Linear Solver

Initial Transient Solution
--------------------------

Node                                   Voltage
----                                   -------
vpwr                                       1.2
code[0]                                    1.2
code[1]                                    1.2
code[2]                                    1.2
code[3]                                    1.2
code[4]                                    1.2
code[5]                                    1.2
code[6]                                    1.2
code[7]                                    1.2
enable                                       0
xdut.vbp                              0.461243
clk_out                                    1.2
xdut.b1                            1.56448e-07
xdut.s3                            4.13625e-07
xdut.s2                                    1.2
xdut.n_126                                 1.2
xdut.s1                             5.7044e-07
xdut.n_125                                 1.2
xdut.s10                                   1.2
xdut.s6                                    1.2
xdut.s5                            5.37175e-07
xdut.n_128                                 1.2
xdut.s9                            4.83726e-07
xdut.n_133                                 1.2
xdut.s4                                    1.2
xdut.n_129                                 1.2
xdut.s8                                    1.2
xdut.n_132                                 1.2
xdut.s7                            6.51156e-07
xdut.n_130                                 1.2
xdut.n_127                                 1.2
xdut.n_131                                 1.2
xdut.s0                                    1.2
xdut.n_124                                 1.2
xdut.n_71                          4.74443e-07
xdut.n_72                          5.37549e-07
xdut.n_70                          7.01676e-08
xdut.n_77                          3.43572e-07
xdut.n_75                          1.15288e-07
xdut.n_73                          6.49965e-08
xdut.n_67                          7.56935e-08
xdut.n_76                          1.12154e-07
xdut.n_69                          4.03772e-07
xdut.n_74                          4.45152e-07
xdut.n_122                                 1.2
xdut.n_i1005                           1.02135
xdut.n_68                          1.68011e-07
xdut.vbn                              0.568404
ven#branch                         7.44744e-12
vc7#branch                        -6.40596e-08
vc6#branch                        -3.20043e-08
vc5#branch                        -1.59852e-08
vc4#branch                         -7.9526e-09
vc3#branch                        -3.97618e-09
vc2#branch                        -1.99484e-09
vc1#branch                        -9.94761e-10
vc0#branch                        -4.92964e-10
vdd#branch                        -0.000581993

 Reference value :  0.00000e+00
 Reference value :  2.82244e-09
 Reference value :  5.91476e-09
 Reference value :  9.00708e-09
 Reference value :  1.20540e-08
 Reference value :  1.36158e-08
 Reference value :  1.54230e-08
 Reference value :  1.71499e-08
 Reference value :  1.89973e-08
 Reference value :  2.06840e-08
 Reference value :  2.24510e-08
 Reference value :  2.41378e-08
 Reference value :  2.57040e-08
 Reference value :  2.75112e-08
 Reference value :  2.91979e-08
 Reference value :  3.10051e-08
 Reference value :  3.20091e-08
 Reference value :  3.32541e-08
 Reference value :  3.43384e-08
 Reference value :  3.53424e-08
 Reference value :  3.64267e-08
 Reference value :  3.75110e-08
 Reference value :  3.85150e-08
 Reference value :  3.95994e-08
 Reference value :  4.06034e-08
 Reference value :  4.18483e-08
 Reference value :  4.34547e-08
 Reference value :  4.47398e-08
 Reference value :  4.59045e-08
 Reference value :  4.69486e-08
 Reference value :  4.79928e-08
 Reference value :  4.97197e-08
 Reference value :  5.07638e-08
 Reference value :  5.19285e-08
 Reference value :  5.29726e-08
 Reference value :  5.39766e-08
 Reference value :  5.51413e-08
 Reference value :  5.61453e-08
 Reference value :  5.71493e-08
 Reference value :  5.84746e-08
 Reference value :  6.00006e-08
 Reference value :  6.18078e-08
 Reference value :  6.33339e-08
 Reference value :  6.45387e-08
 Reference value :  6.63058e-08
 Reference value :  6.81531e-08
 Reference value :  7.00005e-08
 Reference value :  7.17675e-08
 Reference value :  7.36550e-08
 Reference value :  7.54221e-08
 Reference value :  7.72694e-08
 Reference value :  7.90365e-08
 Reference value :  8.08437e-08
 Reference value :  8.26910e-08
 Reference value :  8.44179e-08
 Reference value :  8.62251e-08
 Reference value :  8.79922e-08
 Reference value :  8.98395e-08
 Reference value :  9.16869e-08
 Reference value :  9.34138e-08
 Reference value :  9.52210e-08
 Reference value :  9.69478e-08
 Reference value :  9.88354e-08
 Reference value :  1.00683e-07
 Reference value :  1.02450e-07
 Reference value :  1.04217e-07
 Reference value :  1.05984e-07
 Reference value :  1.07871e-07
 Reference value :  1.09719e-07
 Reference value :  1.11526e-07
 Reference value :  1.13373e-07
 Reference value :  1.15140e-07
 Reference value :  1.16948e-07
 Reference value :  1.18755e-07
 Reference value :  1.20522e-07
 Reference value :  1.22409e-07
 Reference value :  1.24136e-07
 Reference value :  1.25984e-07
 Reference value :  1.27791e-07
 Reference value :  1.29638e-07
 Reference value :  1.31606e-07
 Reference value :  1.33293e-07
 Reference value :  1.35060e-07
 Reference value :  1.36706e-07
 Reference value :  1.38513e-07
 Reference value :  1.40361e-07
 Reference value :  1.42128e-07
 Reference value :  1.43975e-07
 Reference value :  1.45742e-07
 Reference value :  1.47590e-07
 Reference value :  1.49236e-07
 Reference value :  1.51003e-07
 Reference value :  1.52851e-07
 Reference value :  1.54577e-07
 Reference value :  1.56425e-07
 Reference value :  1.58152e-07
 Reference value :  1.60039e-07
 Reference value :  1.61887e-07
 Reference value :  1.63654e-07
 Reference value :  1.65501e-07
 Reference value :  1.67228e-07
 Reference value :  1.69115e-07
 Reference value :  1.70963e-07
 Reference value :  1.72730e-07
 Reference value :  1.74577e-07
 Reference value :  1.76304e-07
 Reference value :  1.78111e-07
 Reference value :  1.79959e-07
 Reference value :  1.81726e-07
 Reference value :  1.83533e-07
 Reference value :  1.85300e-07
 Reference value :  1.87147e-07
 Reference value :  1.88914e-07
 Reference value :  1.90721e-07
 Reference value :  1.92569e-07
 Reference value :  1.94296e-07
 Reference value :  1.96063e-07
 Reference value :  1.97830e-07
 Reference value :  1.99717e-07
 Reference value :  2.01565e-07
 Reference value :  2.03332e-07
 Reference value :  2.05179e-07
 Reference value :  2.06946e-07
 Reference value :  2.08834e-07
 Reference value :  2.10641e-07
 Reference value :  2.12448e-07
 Reference value :  2.14295e-07
 Reference value :  2.16062e-07
 Reference value :  2.17910e-07
 Reference value :  2.19677e-07
 Reference value :  2.21484e-07
 Reference value :  2.23331e-07
 Reference value :  2.25058e-07
 Reference value :  2.26584e-07
 Reference value :  2.27628e-07
 Reference value :  2.29155e-07
 Reference value :  2.30841e-07
 Reference value :  2.32648e-07
 Reference value :  2.34295e-07
 Reference value :  2.36102e-07
 Reference value :  2.37950e-07
 Reference value :  2.39757e-07
No. of Data Rows : 6014
vhold_min           =  1.20000e+00 at=  1.31725e-10
tfirst              =  1.55302e-08
t1                  =  1.46833e-07
t2                  =  1.52939e-07
t3                  =  1.59045e-07
t4                  =  1.65152e-07
t5                  =  1.71258e-07
t6                  =  1.77364e-07
t7                  =  1.83471e-07
t8                  =  1.89577e-07
t9                  =  1.95683e-07
t10                 =  2.01790e-07
t11                 =  2.07896e-07
t12                 =  2.14003e-07
idd_run             =  -5.99561e-04 from=  1.44600e-07 to=  2.41000e-07
vmax                =  1.20931e+00 at=  2.29074e-07
vmin                =  -6.54221e-03 at=  1.95500e-07
Note: Simulation executed from .control section 
Warning: m=xx on .subckt line will override multiplier m hierarchy!

Note: Starting dynamic gmin stepping
Note: Dynamic gmin stepping completed
Note: Starting dynamic gmin stepping
Note: Dynamic gmin stepping completed
