
Note: No compatibility mode selected!


Circuit: * stage delay at code 16

Doing analysis at TEMP = 125.000000 and TNOM = 27.000000

Using SPARSE 1.3 as Direct Linear Solver

Initial Transient Solution
--------------------------

Node                                   Voltage
----                                   -------
vpwr                                       1.2
code[0]                                      0
code[1]                                      0
code[2]                                      0
code[3]                                      0
code[4]                                    1.2
code[5]                                      0
code[6]                                      0
code[7]                                      0
vbp                                   0.866054
vbn                                   0.227239
a                                            0
xdrv.net1                              1.19986
b                                      1.19986
xdrv.net2                           0.00012408
xdut.net1                              1.19947
y                                  0.000526171
xdut.net2                          0.000503901
xload.net1                             1.19986
z                                      1.19985
xload.net2                         0.000125407
xload2.net1                            1.19947
zz                                 0.000523504
xload2.net2                        0.000501347
vin#branch                         3.99221e-11
vc7#branch                          1.3251e-10
vc6#branch                         6.62146e-11
vc5#branch                         3.30667e-11
vc4#branch                        -4.78628e-08
vc3#branch                         8.20575e-12
vc2#branch                         4.06226e-12
vc1#branch                         1.99052e-12
vc0#branch                         9.54645e-13
vdd#branch                        -4.40335e-05

 Reference value :  2.58209e-09
 Reference value :  1.14980e-08
 Reference value :  1.81121e-08
 Reference value :  2.62421e-08
 Reference value :  3.51039e-08
 Reference value :  4.26335e-08
 Reference value :  4.86768e-08
 Reference value :  5.75656e-08
 Reference value :  6.64815e-08
 Reference value :  7.26644e-08
 Reference value :  8.01440e-08
 Reference value :  8.86263e-08
 Reference value :  9.62914e-08
 Reference value :  1.02010e-07
 Reference value :  1.10194e-07
 Reference value :  1.18649e-07
 Reference value :  1.25293e-07
 Reference value :  1.32095e-07
 Reference value :  1.40631e-07
 Reference value :  1.49108e-07
 Reference value :  1.54719e-07
 Reference value :  1.62280e-07
No. of Data Rows : 6044
tin_f               =  6.86118e-08
tout_r              =  7.00843e-08
tin_r               =  9.60992e-08
tout_f              =  9.76371e-08
tplh=1.47254E-09 tphl=1.53786E-09
t40r                =  6.97409e-08
t60r                =  7.05279e-08
t60f                =  9.74514e-08
t40f                =  9.78692e-08
sr_r=3.04956E+08 sr_f=-5.74451E+08
tr                  =  6.92543e-08
tr8                 =  7.14526e-08
tf                  =  9.69702e-08
tf2                 =  9.85692e-08
trise=2.19825E-09 tfall=1.59892E-09
Note: Simulation executed from .control section 
