
Note: Compatibility modes selected: hs a


Circuit: * tt_analog_ring, code 16

Doing analysis at TEMP = -40.000000 and TNOM = 27.000000

Using SPARSE 1.3 as Direct Linear Solver
 Reference value :  0.00000e+00
No. of Data Rows : 1
idd_dis=5.96314E-05 vbp=0.735521 vbn=0.426255 clk_dis=1.2
Doing analysis at TEMP = -40.000000 and TNOM = 27.000000

Using SPARSE 1.3 as Direct Linear Solver

Initial Transient Solution
--------------------------

Node                                   Voltage
----                                   -------
vpwr                                       1.2
code[0]                                      0
code[1]                                      0
code[2]                                      0
code[3]                                      0
code[4]                                    1.2
code[5]                                      0
code[6]                                      0
code[7]                                      0
enable                                       0
xdut.vbp                              0.735521
clk_out                                    1.2
xdut.b1                              1.036e-07
xdut.s3                            6.36615e-07
xdut.s2                                    1.2
xdut.n_126                                 1.2
xdut.s1                            6.36615e-07
xdut.n_125                                 1.2
xdut.s10                                   1.2
xdut.s6                                    1.2
xdut.s5                            6.36615e-07
xdut.n_128                                 1.2
xdut.s9                            6.36615e-07
xdut.n_133                                 1.2
xdut.s4                                    1.2
xdut.n_129                                 1.2
xdut.s8                                    1.2
xdut.n_132                                 1.2
xdut.s7                            6.36615e-07
xdut.n_130                                 1.2
xdut.n_127                                 1.2
xdut.n_131                                 1.2
xdut.s0                                    1.2
xdut.n_124                                 1.2
xdut.n_71                           6.0501e-07
xdut.n_72                           6.0501e-07
xdut.n_70                          4.75017e-09
xdut.n_77                           6.0501e-07
xdut.n_75                          4.75017e-09
xdut.n_73                          4.75017e-09
xdut.n_67                          4.75017e-09
xdut.n_76                          4.75017e-09
xdut.n_69                           6.0501e-07
xdut.n_74                           6.0501e-07
xdut.n_122                                 1.2
xdut.n_i1005                          0.943494
xdut.n_68                          5.34152e-09
xdut.vbn                              0.426255
ven#branch                         8.20631e-12
vc7#branch                         8.81152e-13
vc6#branch                         4.40576e-13
vc5#branch                         2.20288e-13
vc4#branch                        -2.13572e-09
vc3#branch                          5.5072e-14
vc2#branch                          2.7536e-14
vc1#branch                          1.3768e-14
vc0#branch                           6.884e-15
vdd#branch                        -5.96314e-05

 Reference value :  0.00000e+00
 Reference value :  2.61148e-08
 Reference value :  5.53801e-08
 Reference value :  8.39228e-08
 Reference value :  1.08549e-07
 Reference value :  1.22309e-07
 Reference value :  1.33332e-07
 Reference value :  1.41556e-07
 Reference value :  1.53118e-07
 Reference value :  1.62358e-07
 Reference value :  1.74281e-07
 Reference value :  1.87527e-07
 Reference value :  2.00172e-07
 Reference value :  2.10526e-07
 Reference value :  2.20643e-07
 Reference value :  2.28574e-07
 Reference value :  2.36884e-07
 Reference value :  2.44833e-07
 Reference value :  2.54082e-07
 Reference value :  2.64198e-07
 Reference value :  2.74232e-07
 Reference value :  2.83664e-07
 Reference value :  2.93780e-07
 Reference value :  3.02673e-07
 Reference value :  3.15680e-07
 Reference value :  3.25763e-07
 Reference value :  3.39492e-07
 Reference value :  3.53081e-07
 Reference value :  3.66811e-07
 Reference value :  3.79416e-07
 Reference value :  3.93378e-07
 Reference value :  4.07099e-07
 Reference value :  4.21148e-07
 Reference value :  4.35600e-07
 Reference value :  4.45582e-07
 Reference value :  4.59311e-07
 Reference value :  4.70829e-07
 Reference value :  4.79139e-07
 Reference value :  4.90207e-07
 Reference value :  5.04298e-07
 Reference value :  5.16895e-07
 Reference value :  5.25205e-07
 Reference value :  5.35556e-07
 Reference value :  5.46395e-07
 Reference value :  5.58987e-07
 Reference value :  5.70549e-07
 Reference value :  5.83436e-07
 Reference value :  5.96442e-07
 Reference value :  6.06136e-07
 Reference value :  6.16975e-07
 Reference value :  6.32761e-07
 Reference value :  6.46490e-07
 Reference value :  6.59787e-07
 Reference value :  6.74600e-07
 Reference value :  6.85339e-07
 Reference value :  6.94010e-07
 Reference value :  7.02598e-07
 Reference value :  7.11269e-07
 Reference value :  7.23827e-07
 Reference value :  7.36472e-07
 Reference value :  7.46493e-07
 Reference value :  7.55164e-07
 Reference value :  7.68532e-07
 Reference value :  7.81464e-07
 Reference value :  7.90858e-07
 Reference value :  8.01950e-07
 Reference value :  8.12427e-07
 Reference value :  8.21425e-07
 Reference value :  8.31902e-07
 Reference value :  8.40540e-07
 Reference value :  8.51957e-07
 Reference value :  8.62796e-07
 Reference value :  8.75441e-07
 Reference value :  8.87480e-07
 Reference value :  8.98030e-07
 Reference value :  9.08869e-07
 Reference value :  9.22599e-07
 Reference value :  9.34160e-07
 Reference value :  9.41205e-07
 Reference value :  9.49515e-07
 Reference value :  9.61438e-07
 Reference value :  9.75890e-07
 Reference value :  9.89452e-07
 Reference value :  1.00427e-06
 Reference value :  1.01836e-06
 Reference value :  1.03226e-06
 Reference value :  1.04635e-06
 Reference value :  1.06116e-06
 Reference value :  1.07453e-06
 Reference value :  1.08197e-06
 Reference value :  1.09028e-06
 Reference value :  1.09967e-06
 Reference value :  1.10833e-06
 Reference value :  1.11953e-06
 Reference value :  1.13270e-06
 Reference value :  1.14679e-06
 Reference value :  1.15799e-06
 Reference value :  1.17159e-06
 Reference value :  1.18568e-06
 Reference value :  1.19904e-06
 Reference value :  1.20735e-06
 Reference value :  1.21674e-06
 Reference value :  1.22990e-06
 Reference value :  1.24471e-06
 Reference value :  1.25881e-06
 Reference value :  1.27240e-06
 Reference value :  1.28686e-06
 Reference value :  1.30094e-06
 Reference value :  1.31482e-06
 Reference value :  1.32891e-06
 Reference value :  1.34372e-06
 Reference value :  1.35817e-06
 Reference value :  1.37142e-06
 Reference value :  1.38586e-06
 Reference value :  1.40104e-06
 Reference value :  1.41455e-06
 Reference value :  1.42900e-06
 Reference value :  1.44308e-06
 Reference value :  1.45672e-06
 Reference value :  1.47081e-06
 Reference value :  1.48560e-06
 Reference value :  1.50029e-06
 Reference value :  1.51392e-06
 Reference value :  1.52835e-06
 Reference value :  1.54280e-06
 Reference value :  1.55649e-06
 Reference value :  1.57094e-06
 Reference value :  1.58495e-06
 Reference value :  1.59924e-06
 Reference value :  1.61333e-06
 Reference value :  1.62779e-06
 Reference value :  1.64198e-06
 Reference value :  1.65614e-06
 Reference value :  1.67095e-06
 Reference value :  1.68504e-06
 Reference value :  1.69826e-06
 Reference value :  1.71235e-06
 Reference value :  1.72644e-06
 Reference value :  1.74034e-06
 Reference value :  1.75443e-06
 Reference value :  1.76888e-06
 Reference value :  1.78346e-06
 Reference value :  1.79764e-06
 Reference value :  1.81245e-06
 Reference value :  1.82726e-06
 Reference value :  1.84080e-06
 Reference value :  1.85597e-06
 Reference value :  1.87151e-06
 Reference value :  1.88509e-06
 Reference value :  1.89954e-06
 Reference value :  1.91363e-06
 Reference value :  1.92826e-06
 Reference value :  1.94271e-06
 Reference value :  1.95753e-06
 Reference value :  1.97186e-06
 Reference value :  1.98555e-06
 Reference value :  2.00036e-06
 Reference value :  2.01445e-06
 Reference value :  2.02764e-06
 Reference value :  2.04318e-06
 Reference value :  2.05727e-06
 Reference value :  2.07083e-06
 Reference value :  2.08528e-06
 Reference value :  2.10010e-06
 Reference value :  2.11378e-06
 Reference value :  2.12811e-06
 Reference value :  2.14292e-06
 Reference value :  2.15737e-06
No. of Data Rows : 6082
vhold_min           =  1.20000e+00 at=  5.78080e-11
tfirst              =  1.32363e-07
t1                  =  1.33541e-06
t2                  =  1.38255e-06
t3                  =  1.42973e-06
t4                  =  1.47687e-06
t5                  =  1.52406e-06
t6                  =  1.57118e-06
t7                  =  1.61836e-06
t8                  =  1.66553e-06
t9                  =  1.71268e-06
t10                 =  1.75985e-06
t11                 =  1.80700e-06
t12                 =  1.85417e-06
idd_run             =  -6.23729e-05 from=  1.30100e-06 to=  2.16800e-06
vmax                =  1.21246e+00 at=  1.57162e-06
vmin                =  -2.69579e-02 at=  1.50029e-06
Note: Simulation executed from .control section 
Warning: m=xx on .subckt line will override multiplier m hierarchy!

Note: Starting dynamic gmin stepping
Note: Dynamic gmin stepping completed
Note: Starting dynamic gmin stepping
Note: Dynamic gmin stepping completed
