
Note: Compatibility modes selected: hs a


Circuit: * tt_analog_ring, code 128

Doing analysis at TEMP = -40.000000 and TNOM = 27.000000

Using SPARSE 1.3 as Direct Linear Solver
 Reference value :  0.00000e+00
No. of Data Rows : 1
idd_dis=0.000338606 vbp=0.408386 vbn=0.487079 clk_dis=1.08
Doing analysis at TEMP = -40.000000 and TNOM = 27.000000

Using SPARSE 1.3 as Direct Linear Solver

Initial Transient Solution
--------------------------

Node                                   Voltage
----                                   -------
vpwr                                      1.08
code[0]                                      0
code[1]                                      0
code[2]                                      0
code[3]                                      0
code[4]                                      0
code[5]                                      0
code[6]                                      0
code[7]                                   1.08
enable                                       0
xdut.vbp                              0.408386
clk_out                                   1.08
xdut.b1                            3.11228e-08
xdut.s3                            1.04256e-07
xdut.s2                                   1.08
xdut.n_126                                1.08
xdut.s1                            1.04256e-07
xdut.n_125                                1.08
xdut.s10                                  1.08
xdut.s6                                   1.08
xdut.s5                            1.04256e-07
xdut.n_128                                1.08
xdut.s9                            1.04256e-07
xdut.n_133                                1.08
xdut.s4                                   1.08
xdut.n_129                                1.08
xdut.s8                                   1.08
xdut.n_132                                1.08
xdut.s7                            1.04256e-07
xdut.n_130                                1.08
xdut.n_127                                1.08
xdut.n_131                                1.08
xdut.s0                                   1.08
xdut.n_124                                1.08
xdut.n_71                          9.19101e-08
xdut.n_72                          9.19101e-08
xdut.n_70                          1.53167e-08
xdut.n_77                          9.19101e-08
xdut.n_75                          1.53167e-08
xdut.n_73                          1.53167e-08
xdut.n_67                          1.53167e-08
xdut.n_76                          1.53167e-08
xdut.n_69                          9.19101e-08
xdut.n_74                          9.19101e-08
xdut.n_122                                1.08
xdut.n_i1005                          0.896151
xdut.n_68                          1.93782e-08
xdut.vbn                              0.487079
ven#branch                         1.98657e-12
vc7#branch                        -4.23917e-08
vc6#branch                         3.55638e-13
vc5#branch                         1.77819e-13
vc4#branch                         8.89095e-14
vc3#branch                         4.44547e-14
vc2#branch                         2.22274e-14
vc1#branch                         1.11137e-14
vc0#branch                         5.55684e-15
vdd#branch                        -0.000338606

 Reference value :  0.00000e+00
 Reference value :  2.91859e-09
 Reference value :  7.85699e-09
 Reference value :  1.28571e-08
 Reference value :  1.78573e-08
 Reference value :  2.06188e-08
 Reference value :  2.35201e-08
 Reference value :  2.62980e-08
 Reference value :  2.91993e-08
 Reference value :  3.20389e-08
 Reference value :  3.50019e-08
 Reference value :  3.78415e-08
 Reference value :  4.06811e-08
 Reference value :  4.36441e-08
 Reference value :  4.64220e-08
 Reference value :  4.93233e-08
 Reference value :  5.21628e-08
 Reference value :  5.50024e-08
 Reference value :  5.79037e-08
 Reference value :  6.06816e-08
 Reference value :  6.35829e-08
 Reference value :  6.63607e-08
 Reference value :  6.92003e-08
 Reference value :  7.21016e-08
 Reference value :  7.48795e-08
 Reference value :  7.77191e-08
 Reference value :  8.05586e-08
 Reference value :  8.34600e-08
 Reference value :  8.64230e-08
 Reference value :  8.92626e-08
 Reference value :  9.22873e-08
 Reference value :  9.50652e-08
 Reference value :  9.80282e-08
 Reference value :  1.00991e-07
 Reference value :  1.03769e-07
 Reference value :  1.06732e-07
 Reference value :  1.09510e-07
 Reference value :  1.12473e-07
 Reference value :  1.15313e-07
 Reference value :  1.18152e-07
 Reference value :  1.21115e-07
 Reference value :  1.23955e-07
 Reference value :  1.26918e-07
 Reference value :  1.29819e-07
 Reference value :  1.32659e-07
 Reference value :  1.35622e-07
 Reference value :  1.38214e-07
 Reference value :  1.40931e-07
 Reference value :  1.43585e-07
 Reference value :  1.45992e-07
 Reference value :  1.48462e-07
 Reference value :  1.50807e-07
 Reference value :  1.53153e-07
 Reference value :  1.55931e-07
 Reference value :  1.58771e-07
 Reference value :  1.61734e-07
 Reference value :  1.64758e-07
 Reference value :  1.67413e-07
 Reference value :  1.70191e-07
 Reference value :  1.73030e-07
 Reference value :  1.75808e-07
 Reference value :  1.78709e-07
 Reference value :  1.81549e-07
 Reference value :  1.84450e-07
 Reference value :  1.87228e-07
 Reference value :  1.90068e-07
 Reference value :  1.92846e-07
 Reference value :  1.95562e-07
 Reference value :  1.98525e-07
 Reference value :  2.01179e-07
 Reference value :  2.03957e-07
 Reference value :  2.06735e-07
 Reference value :  2.09574e-07
 Reference value :  2.12476e-07
 Reference value :  2.15254e-07
 Reference value :  2.18155e-07
 Reference value :  2.20933e-07
 Reference value :  2.23834e-07
 Reference value :  2.26674e-07
 Reference value :  2.28587e-07
 Reference value :  2.31118e-07
 Reference value :  2.33587e-07
 Reference value :  2.35624e-07
 Reference value :  2.37847e-07
 Reference value :  2.40316e-07
 Reference value :  2.42723e-07
 Reference value :  2.44760e-07
 Reference value :  2.46674e-07
 Reference value :  2.48341e-07
 Reference value :  2.50007e-07
 Reference value :  2.51921e-07
 Reference value :  2.53526e-07
 Reference value :  2.55193e-07
 Reference value :  2.57600e-07
 Reference value :  2.60440e-07
 Reference value :  2.63403e-07
 Reference value :  2.66428e-07
 Reference value :  2.69329e-07
 Reference value :  2.72354e-07
 Reference value :  2.75132e-07
 Reference value :  2.77971e-07
 Reference value :  2.80934e-07
 Reference value :  2.83650e-07
 Reference value :  2.86675e-07
 Reference value :  2.89576e-07
 Reference value :  2.92416e-07
 Reference value :  2.95379e-07
 Reference value :  2.98157e-07
 Reference value :  3.01120e-07
 Reference value :  3.03898e-07
 Reference value :  3.06737e-07
 Reference value :  3.09700e-07
 Reference value :  3.12417e-07
 Reference value :  3.15256e-07
 Reference value :  3.18034e-07
 Reference value :  3.21059e-07
 Reference value :  3.23898e-07
 Reference value :  3.26738e-07
 Reference value :  3.29701e-07
 Reference value :  3.32479e-07
 Reference value :  3.35318e-07
 Reference value :  3.38220e-07
 Reference value :  3.41059e-07
 Reference value :  3.43961e-07
 Reference value :  3.46738e-07
 Reference value :  3.49701e-07
 Reference value :  3.52479e-07
 Reference value :  3.55381e-07
 Reference value :  3.58344e-07
 Reference value :  3.61060e-07
 Reference value :  3.63961e-07
 Reference value :  3.66801e-07
 Reference value :  3.69702e-07
No. of Data Rows : 6015
vhold_min           =  1.08000e+00 at=  1.40744e-10
tfirst              =  2.40783e-08
t1                  =  2.22759e-07
t2                  =  2.32451e-07
t3                  =  2.42144e-07
t4                  =  2.51836e-07
t5                  =  2.61528e-07
t6                  =  2.71220e-07
t7                  =  2.80912e-07
t8                  =  2.90604e-07
t9                  =  3.00296e-07
t10                 =  3.09988e-07
t11                 =  3.19681e-07
t12                 =  3.29373e-07
idd_run             =  -3.48310e-04 from=  2.22200e-07 to=  3.70400e-07
vmax                =  1.08940e+00 at=  3.63097e-07
vmin                =  -8.96200e-03 at=  2.70996e-07
Note: Simulation executed from .control section 
Warning: m=xx on .subckt line will override multiplier m hierarchy!

Note: Starting dynamic gmin stepping
Note: Dynamic gmin stepping completed
Note: Starting dynamic gmin stepping
Note: Dynamic gmin stepping completed
