
Note: No compatibility mode selected!


Circuit: * stage delay at code 16

Doing analysis at TEMP = -40.000000 and TNOM = 27.000000

Using SPARSE 1.3 as Direct Linear Solver

Initial Transient Solution
--------------------------

Node                                   Voltage
----                                   -------
vpwr                                      1.08
code[0]                                      0
code[1]                                      0
code[2]                                      0
code[3]                                      0
code[4]                                   1.08
code[5]                                      0
code[6]                                      0
code[7]                                      0
vbp                                   0.565576
vbn                                   0.435723
a                                            0
xdrv.net1                                 1.08
b                                         1.08
xdrv.net2                          3.12519e-09
xdut.net1                                 1.08
y                                   1.5954e-07
xdut.net2                          1.52124e-07
xload.net1                                1.08
z                                         1.08
xload.net2                         3.12519e-09
xload2.net1                               1.08
zz                                 9.76281e-08
xload2.net2                         9.3398e-08
vin#branch                         1.02471e-12
vc7#branch                         1.81357e-13
vc6#branch                         9.06785e-14
vc5#branch                         4.53391e-14
vc4#branch                        -7.19022e-10
vc3#branch                         1.13346e-14
vc2#branch                         5.66713e-15
vc1#branch                         2.83342e-15
vc0#branch                         1.41656e-15
vdd#branch                        -4.18852e-05

 Reference value :  1.25419e-09
 Reference value :  1.02514e-08
 Reference value :  1.72178e-08
 Reference value :  2.46703e-08
 Reference value :  3.36405e-08
 Reference value :  4.18747e-08
 Reference value :  4.79722e-08
 Reference value :  5.69694e-08
 Reference value :  6.58311e-08
 Reference value :  7.23392e-08
 Reference value :  8.02253e-08
 Reference value :  8.91141e-08
 Reference value :  9.71586e-08
 Reference value :  1.03934e-07
 Reference value :  1.12985e-07
 Reference value :  1.21958e-07
 Reference value :  1.27976e-07
 Reference value :  1.36431e-07
 Reference value :  1.45509e-07
 Reference value :  1.52551e-07
 Reference value :  1.59760e-07
No. of Data Rows : 6044
tin_f               =  6.89955e-08
tout_r              =  7.01968e-08
tin_r               =  9.61356e-08
tout_f              =  9.75648e-08
tplh=1.20138E-09 tphl=1.42916E-09
t40r                =  6.99725e-08
t60r                =  7.04262e-08
t60f                =  9.73272e-08
t40f                =  9.78102e-08
sr_r=4.76065E+08 sr_f=-4.47149E+08
tr                  =  6.95217e-08
tr8                 =  7.12766e-08
tf                  =  9.68328e-08
tf2                 =  9.85867e-08
trise=1.75489E-09 tfall=1.75391E-09
Note: Simulation executed from .control section 
Note: Starting dynamic gmin stepping
Note: Dynamic gmin stepping completed
