
Note: Compatibility modes selected: hs a


Circuit: * tt_analog_ring, code 255

Doing analysis at TEMP = 27.000000 and TNOM = 27.000000

Using SPARSE 1.3 as Direct Linear Solver
 Reference value :  0.00000e+00
No. of Data Rows : 1
idd_dis=0.000581241 vbp=0.461015 vbn=0.572388 clk_dis=1.2
Doing analysis at TEMP = 27.000000 and TNOM = 27.000000

Using SPARSE 1.3 as Direct Linear Solver

Initial Transient Solution
--------------------------

Node                                   Voltage
----                                   -------
vpwr                                       1.2
code[0]                                    1.2
code[1]                                    1.2
code[2]                                    1.2
code[3]                                    1.2
code[4]                                    1.2
code[5]                                    1.2
code[6]                                    1.2
code[7]                                    1.2
enable                                       0
xdut.vbp                              0.461015
clk_out                                    1.2
xdut.b1                            1.67734e-07
xdut.s3                            5.56349e-07
xdut.s2                                    1.2
xdut.n_126                                 1.2
xdut.s1                            5.17842e-07
xdut.n_125                                 1.2
xdut.s10                                   1.2
xdut.s6                                    1.2
xdut.s5                              4.431e-07
xdut.n_128                                 1.2
xdut.s9                            5.01104e-07
xdut.n_133                                 1.2
xdut.s4                                    1.2
xdut.n_129                                 1.2
xdut.s8                                    1.2
xdut.n_132                                 1.2
xdut.s7                            5.04983e-07
xdut.n_130                                 1.2
xdut.n_127                                 1.2
xdut.n_131                                 1.2
xdut.s0                                    1.2
xdut.n_124                                 1.2
xdut.n_71                          4.27628e-07
xdut.n_72                          4.22884e-07
xdut.n_70                           3.8081e-08
xdut.n_77                          4.64539e-07
xdut.n_75                          5.46261e-08
xdut.n_73                          3.42213e-08
xdut.n_67                          4.31521e-08
xdut.n_76                          7.54903e-08
xdut.n_69                          4.14501e-07
xdut.n_74                          3.69979e-07
xdut.n_122                                 1.2
xdut.n_i1005                            1.0234
xdut.n_68                          1.54335e-07
xdut.vbn                              0.572388
ven#branch                         7.33907e-12
vc7#branch                        -6.38773e-08
vc6#branch                        -3.18303e-08
vc5#branch                        -1.59633e-08
vc4#branch                         -8.0034e-09
vc3#branch                        -3.97973e-09
vc2#branch                        -2.00441e-09
vc1#branch                         -9.8355e-10
vc0#branch                        -4.97263e-10
vdd#branch                        -0.000581241

 Reference value :  0.00000e+00
 Reference value :  2.13972e-09
 Reference value :  4.42884e-09
 Reference value :  6.63764e-09
 Reference value :  8.80628e-09
 Reference value :  1.05332e-08
 Reference value :  1.21102e-08
 Reference value :  1.30536e-08
 Reference value :  1.44190e-08
 Reference value :  1.57845e-08
 Reference value :  1.71098e-08
 Reference value :  1.85154e-08
 Reference value :  1.95997e-08
 Reference value :  2.06438e-08
 Reference value :  2.17282e-08
 Reference value :  2.26920e-08
 Reference value :  2.36558e-08
 Reference value :  2.47402e-08
 Reference value :  2.57442e-08
 Reference value :  2.67080e-08
 Reference value :  2.78325e-08
 Reference value :  2.87562e-08
 Reference value :  2.97602e-08
 Reference value :  3.08445e-08
 Reference value :  3.20493e-08
 Reference value :  3.32942e-08
 Reference value :  3.43384e-08
 Reference value :  3.53022e-08
 Reference value :  3.63062e-08
 Reference value :  3.73504e-08
 Reference value :  3.83544e-08
 Reference value :  3.97600e-08
 Reference value :  4.12861e-08
 Reference value :  4.26917e-08
 Reference value :  4.41776e-08
 Reference value :  4.54627e-08
 Reference value :  4.65069e-08
 Reference value :  4.74707e-08
 Reference value :  4.84747e-08
 Reference value :  4.95189e-08
 Reference value :  5.05229e-08
 Reference value :  5.15670e-08
 Reference value :  5.26112e-08
 Reference value :  5.38562e-08
 Reference value :  5.54626e-08
 Reference value :  5.69083e-08
 Reference value :  5.83942e-08
 Reference value :  5.97597e-08
 Reference value :  6.12456e-08
 Reference value :  6.26110e-08
 Reference value :  6.39765e-08
 Reference value :  6.53419e-08
 Reference value :  6.67475e-08
 Reference value :  6.80326e-08
 Reference value :  6.94382e-08
 Reference value :  7.08037e-08
 Reference value :  7.21290e-08
 Reference value :  7.36149e-08
 Reference value :  7.49000e-08
 Reference value :  7.63056e-08
 Reference value :  7.75907e-08
 Reference value :  7.88758e-08
 Reference value :  8.02011e-08
 Reference value :  8.12854e-08
 Reference value :  8.26509e-08
 Reference value :  8.39360e-08
 Reference value :  8.53014e-08
 Reference value :  8.65866e-08
 Reference value :  8.79118e-08
 Reference value :  8.93576e-08
 Reference value :  9.07230e-08
 Reference value :  9.18475e-08
 Reference value :  9.28114e-08
 Reference value :  9.38555e-08
 Reference value :  9.49398e-08
 Reference value :  9.59438e-08
 Reference value :  9.69478e-08
 Reference value :  9.80322e-08
 Reference value :  9.90362e-08
 Reference value :  1.00040e-07
 Reference value :  1.01124e-07
 Reference value :  1.02128e-07
 Reference value :  1.03132e-07
 Reference value :  1.04257e-07
 Reference value :  1.05261e-07
 Reference value :  1.06305e-07
 Reference value :  1.07590e-07
 Reference value :  1.08996e-07
 Reference value :  1.10602e-07
 Reference value :  1.12008e-07
 Reference value :  1.13574e-07
 Reference value :  1.14980e-07
 Reference value :  1.16506e-07
 Reference value :  1.18032e-07
 Reference value :  1.19518e-07
 Reference value :  1.21004e-07
 Reference value :  1.22490e-07
 Reference value :  1.24016e-07
 Reference value :  1.25542e-07
 Reference value :  1.26827e-07
 Reference value :  1.28112e-07
 Reference value :  1.29116e-07
 Reference value :  1.30120e-07
 Reference value :  1.31204e-07
 Reference value :  1.32208e-07
 Reference value :  1.33172e-07
 Reference value :  1.34256e-07
 Reference value :  1.35260e-07
 Reference value :  1.36264e-07
 Reference value :  1.37389e-07
 Reference value :  1.38393e-07
 Reference value :  1.39357e-07
 Reference value :  1.40481e-07
 Reference value :  1.41485e-07
 Reference value :  1.42489e-07
 Reference value :  1.43614e-07
 Reference value :  1.44578e-07
 Reference value :  1.45582e-07
 Reference value :  1.46706e-07
 Reference value :  1.47710e-07
 Reference value :  1.48714e-07
 Reference value :  1.49839e-07
 Reference value :  1.50843e-07
 Reference value :  1.51847e-07
 Reference value :  1.52971e-07
 Reference value :  1.54015e-07
 Reference value :  1.55059e-07
 Reference value :  1.56144e-07
 Reference value :  1.57188e-07
 Reference value :  1.58232e-07
 Reference value :  1.59356e-07
 Reference value :  1.60401e-07
 Reference value :  1.61485e-07
 Reference value :  1.62529e-07
 Reference value :  1.63573e-07
 Reference value :  1.64658e-07
 Reference value :  1.65742e-07
 Reference value :  1.66746e-07
 Reference value :  1.67870e-07
 Reference value :  1.68915e-07
 Reference value :  1.69959e-07
 Reference value :  1.71083e-07
 Reference value :  1.72087e-07
 Reference value :  1.73131e-07
 Reference value :  1.74296e-07
 Reference value :  1.75461e-07
 Reference value :  1.76947e-07
 Reference value :  1.78272e-07
 Reference value :  1.79918e-07
 Reference value :  1.81404e-07
 Reference value :  1.82971e-07
 Reference value :  1.84577e-07
 Reference value :  1.86103e-07
 Reference value :  1.87669e-07
 Reference value :  1.89155e-07
 Reference value :  1.90641e-07
 Reference value :  1.92167e-07
 Reference value :  1.93653e-07
 Reference value :  1.95139e-07
 Reference value :  1.96545e-07
 Reference value :  1.98031e-07
 Reference value :  1.99516e-07
 Reference value :  2.00962e-07
 Reference value :  2.02488e-07
 Reference value :  2.03974e-07
 Reference value :  2.05581e-07
 Reference value :  2.06906e-07
 Reference value :  2.08552e-07
 Reference value :  2.10038e-07
 Reference value :  2.11524e-07
 Reference value :  2.13010e-07
 Reference value :  2.14576e-07
 Reference value :  2.16062e-07
 Reference value :  2.17629e-07
 Reference value :  2.18472e-07
 Reference value :  2.19516e-07
 Reference value :  2.20560e-07
 Reference value :  2.21604e-07
 Reference value :  2.22689e-07
 Reference value :  2.23733e-07
 Reference value :  2.24657e-07
 Reference value :  2.25661e-07
 Reference value :  2.26624e-07
 Reference value :  2.27628e-07
 Reference value :  2.28753e-07
 Reference value :  2.29797e-07
 Reference value :  2.30801e-07
 Reference value :  2.31926e-07
 Reference value :  2.32930e-07
 Reference value :  2.33974e-07
 Reference value :  2.35058e-07
 Reference value :  2.36102e-07
 Reference value :  2.36986e-07
 Reference value :  2.37990e-07
 Reference value :  2.38913e-07
 Reference value :  2.39797e-07
 Reference value :  2.40761e-07
No. of Data Rows : 6014
vhold_min           =  1.20000e+00 at=  1.71885e-10
tfirst              =  1.55831e-08
t1                  =  1.46742e-07
t2                  =  1.52845e-07
t3                  =  1.58948e-07
t4                  =  1.65051e-07
t5                  =  1.71154e-07
t6                  =  1.77257e-07
t7                  =  1.83360e-07
t8                  =  1.89463e-07
t9                  =  1.95566e-07
t10                 =  2.01669e-07
t11                 =  2.07772e-07
t12                 =  2.13875e-07
idd_run             =  -5.98802e-04 from=  1.44600e-07 to=  2.41000e-07
vmax                =  1.20994e+00 at=  1.49678e-07
vmin                =  -6.66982e-03 at=  2.25902e-07
Note: Simulation executed from .control section 
Warning: m=xx on .subckt line will override multiplier m hierarchy!

Note: Starting dynamic gmin stepping
Note: Dynamic gmin stepping completed
Note: Starting dynamic gmin stepping
Note: Dynamic gmin stepping completed
