
Note: No compatibility mode selected!


Circuit: * tt_analog_ring, code 128

Doing analysis at TEMP = 27.000000 and TNOM = 27.000000

Using SPARSE 1.3 as Direct Linear Solver
 Reference value :  0.00000e+00
No. of Data Rows : 1
idd_dis=0.000328795 vbp=0.557619 vbn=0.509442 clk_dis=1.2
Doing analysis at TEMP = 27.000000 and TNOM = 27.000000

Using SPARSE 1.3 as Direct Linear Solver

Initial Transient Solution
--------------------------

Node                                   Voltage
----                                   -------
vpwr                                       1.2
code[0]                                      0
code[1]                                      0
code[2]                                      0
code[3]                                      0
code[4]                                      0
code[5]                                      0
code[6]                                      0
code[7]                                    1.2
enable                                       0
xdut.vbp                              0.557619
xdut.vbn                              0.509442
xdut.n0                            1.74272e-07
xdut.p0                                    1.2
xdut.na0                               1.03571
xdut.s0                                    1.2
xdut.s10                                   1.2
xdut.n1                            5.82882e-07
xdut.p1                                    1.2
xdut.s1                            6.67823e-07
xdut.n2                            7.52061e-08
xdut.p2                                    1.2
xdut.s2                                    1.2
xdut.n3                            4.81335e-07
xdut.p3                                    1.2
xdut.s3                            5.58913e-07
xdut.n4                            1.43771e-07
xdut.p4                                    1.2
xdut.s4                                    1.2
xdut.n5                            5.89022e-07
xdut.p5                                    1.2
xdut.s5                            6.86962e-07
xdut.n6                               5.29e-08
xdut.p6                                    1.2
xdut.s6                                    1.2
xdut.n7                            6.99067e-07
xdut.p7                                    1.2
xdut.s7                            8.07036e-07
xdut.n8                            6.74816e-08
xdut.p8                                    1.2
xdut.s8                                    1.2
xdut.n9                            7.44751e-07
xdut.p9                                    1.2
xdut.s9                            8.63032e-07
xdut.n10                           6.45881e-08
xdut.p10                                   1.2
xdut.b1                            1.50434e-07
clk_out                                    1.2
ven#branch                         7.33581e-12
vc7#branch                         -5.8611e-08
vc6#branch                         8.66186e-13
vc5#branch                         4.31063e-13
vc4#branch                         2.14364e-13
vc3#branch                         1.07475e-13
vc2#branch                         5.45848e-14
vc1#branch                           2.669e-14
vc0#branch                         1.34384e-14
vdd#branch                        -0.000328795

 Reference value :  0.00000e+00
 Reference value :  9.34441e-10
 Reference value :  2.16884e-09
 Reference value :  3.34152e-09
 Reference value :  4.54506e-09
 Reference value :  5.74860e-09
 Reference value :  6.98300e-09
 Reference value :  8.21740e-09
 Reference value :  9.28060e-09
 Reference value :  9.89905e-09
 Reference value :  1.06088e-08
 Reference value :  1.12878e-08
 Reference value :  1.20593e-08
 Reference value :  1.27382e-08
 Reference value :  1.34171e-08
 Reference value :  1.40960e-08
 Reference value :  1.47441e-08
 Reference value :  1.53921e-08
 Reference value :  1.61019e-08
 Reference value :  1.68117e-08
 Reference value :  1.74906e-08
 Reference value :  1.81695e-08
 Reference value :  1.88793e-08
 Reference value :  1.95891e-08
 Reference value :  2.02372e-08
 Reference value :  2.10087e-08
 Reference value :  2.16876e-08
 Reference value :  2.23665e-08
 Reference value :  2.31071e-08
 Reference value :  2.37861e-08
 Reference value :  2.44341e-08
 Reference value :  2.51130e-08
 Reference value :  2.58228e-08
 Reference value :  2.64709e-08
 Reference value :  2.71498e-08
 Reference value :  2.78596e-08
 Reference value :  2.85076e-08
 Reference value :  2.91248e-08
 Reference value :  2.98655e-08
 Reference value :  3.05135e-08
 Reference value :  3.11925e-08
 Reference value :  3.18714e-08
 Reference value :  3.25812e-08
 Reference value :  3.32601e-08
 Reference value :  3.39081e-08
 Reference value :  3.46796e-08
 Reference value :  3.53277e-08
 Reference value :  3.59757e-08
 Reference value :  3.66855e-08
 Reference value :  3.73336e-08
 Reference value :  3.80125e-08
 Reference value :  3.87223e-08
 Reference value :  3.94629e-08
 Reference value :  4.01110e-08
 Reference value :  4.07590e-08
 Reference value :  4.14688e-08
 Reference value :  4.21169e-08
 Reference value :  4.27649e-08
 Reference value :  4.34747e-08
 Reference value :  4.41536e-08
 Reference value :  4.48017e-08
 Reference value :  4.54498e-08
 Reference value :  4.61595e-08
 Reference value :  4.68076e-08
 Reference value :  4.74557e-08
 Reference value :  4.82272e-08
 Reference value :  4.89061e-08
 Reference value :  4.95850e-08
 Reference value :  5.02948e-08
 Reference value :  5.09428e-08
 Reference value :  5.16218e-08
 Reference value :  5.23624e-08
 Reference value :  5.30722e-08
 Reference value :  5.37511e-08
 Reference value :  5.43992e-08
 Reference value :  5.51089e-08
 Reference value :  5.57879e-08
 Reference value :  5.64668e-08
 Reference value :  5.72691e-08
 Reference value :  5.78863e-08
 Reference value :  5.85344e-08
 Reference value :  5.92133e-08
 Reference value :  5.99231e-08
 Reference value :  6.05712e-08
 Reference value :  6.12809e-08
 Reference value :  6.20216e-08
 Reference value :  6.27005e-08
 Reference value :  6.33486e-08
 Reference value :  6.40892e-08
 Reference value :  6.47681e-08
 Reference value :  6.54162e-08
 Reference value :  6.61568e-08
 Reference value :  6.68357e-08
 Reference value :  6.75147e-08
 Reference value :  6.81936e-08
 Reference value :  6.88725e-08
 Reference value :  6.95514e-08
 Reference value :  7.02303e-08
 Reference value :  7.10327e-08
 Reference value :  7.17116e-08
 Reference value :  7.23597e-08
 Reference value :  7.31003e-08
 Reference value :  7.37792e-08
 Reference value :  7.44582e-08
 Reference value :  7.51988e-08
 Reference value :  7.58469e-08
 Reference value :  7.64641e-08
 Reference value :  7.71430e-08
 Reference value :  7.78219e-08
 Reference value :  7.84391e-08
 Reference value :  7.90872e-08
 Reference value :  7.98587e-08
 Reference value :  8.05376e-08
 Reference value :  8.12165e-08
 Reference value :  8.18646e-08
 Reference value :  8.25126e-08
 Reference value :  8.31607e-08
 Reference value :  8.38396e-08
 Reference value :  8.45494e-08
 Reference value :  8.52283e-08
 Reference value :  8.58764e-08
 Reference value :  8.65862e-08
 Reference value :  8.72651e-08
 Reference value :  8.79131e-08
 Reference value :  8.86538e-08
 Reference value :  8.93327e-08
 Reference value :  9.00116e-08
 Reference value :  9.07214e-08
 Reference value :  9.14312e-08
 Reference value :  9.21410e-08
 Reference value :  9.27890e-08
 Reference value :  9.35605e-08
 Reference value :  9.42394e-08
 Reference value :  9.48875e-08
 Reference value :  9.55664e-08
 Reference value :  9.62453e-08
 Reference value :  9.68934e-08
 Reference value :  9.76032e-08
 Reference value :  9.83130e-08
 Reference value :  9.89919e-08
 Reference value :  9.96708e-08
 Reference value :  1.00381e-07
 Reference value :  1.01090e-07
 Reference value :  1.01738e-07
 Reference value :  1.02479e-07
 Reference value :  1.03158e-07
 Reference value :  1.03837e-07
 Reference value :  1.04547e-07
 Reference value :  1.05226e-07
 Reference value :  1.05874e-07
 Reference value :  1.06583e-07
 Reference value :  1.07324e-07
 Reference value :  1.08003e-07
 Reference value :  1.08620e-07
 Reference value :  1.09330e-07
 Reference value :  1.10009e-07
 Reference value :  1.10657e-07
 Reference value :  1.11398e-07
 Reference value :  1.12077e-07
 Reference value :  1.12755e-07
 Reference value :  1.13403e-07
 Reference value :  1.14082e-07
 Reference value :  1.14761e-07
 Reference value :  1.15409e-07
 Reference value :  1.16181e-07
 Reference value :  1.16860e-07
 Reference value :  1.17508e-07
 Reference value :  1.18218e-07
 Reference value :  1.18897e-07
 Reference value :  1.19514e-07
 Reference value :  1.20254e-07
 Reference value :  1.20964e-07
 Reference value :  1.21643e-07
 Reference value :  1.22291e-07
 Reference value :  1.23001e-07
 Reference value :  1.23680e-07
 Reference value :  1.24328e-07
 Reference value :  1.25099e-07
 Reference value :  1.25747e-07
 Reference value :  1.26426e-07
 Reference value :  1.27167e-07
 Reference value :  1.27846e-07
 Reference value :  1.28494e-07
 Reference value :  1.29235e-07
 Reference value :  1.29944e-07
 Reference value :  1.30654e-07
 Reference value :  1.31333e-07
 Reference value :  1.32043e-07
 Reference value :  1.32722e-07
 Reference value :  1.33401e-07
 Reference value :  1.34172e-07
 Reference value :  1.34789e-07
 Reference value :  1.35438e-07
 Reference value :  1.36147e-07
 Reference value :  1.36826e-07
 Reference value :  1.37505e-07
 Reference value :  1.38215e-07
 Reference value :  1.38956e-07
 Reference value :  1.39634e-07
 Reference value :  1.40283e-07
 Reference value :  1.41023e-07
 Reference value :  1.41733e-07
 Reference value :  1.42381e-07
 Reference value :  1.43183e-07
 Reference value :  1.43862e-07
 Reference value :  1.44541e-07
 Reference value :  1.45251e-07
 Reference value :  1.45899e-07
 Reference value :  1.46578e-07
 Reference value :  1.47319e-07
 Reference value :  1.48028e-07
 Reference value :  1.48707e-07
 Reference value :  1.49386e-07
 Reference value :  1.50065e-07
 Reference value :  1.50744e-07
 Reference value :  1.51361e-07
 Reference value :  1.52133e-07
 Reference value :  1.52812e-07
 Reference value :  1.53491e-07
 Reference value :  1.54139e-07
 Reference value :  1.54818e-07
 Reference value :  1.55497e-07
 Reference value :  1.56175e-07
 Reference value :  1.56916e-07
 Reference value :  1.57626e-07
 Reference value :  1.58274e-07
 Reference value :  1.59015e-07
 Reference value :  1.59693e-07
 Reference value :  1.60342e-07
 Reference value :  1.61051e-07
 Reference value :  1.61730e-07
 Reference value :  1.62378e-07
 Reference value :  1.63057e-07
 Reference value :  1.63767e-07
 Reference value :  1.64415e-07
 Reference value :  1.65063e-07
 Reference value :  1.65865e-07
 Reference value :  1.66514e-07
 Reference value :  1.67192e-07
 Reference value :  1.67902e-07
 Reference value :  1.68581e-07
 Reference value :  1.69229e-07
 Reference value :  1.69939e-07
 Reference value :  1.70618e-07
 Reference value :  1.71297e-07
 Reference value :  1.71976e-07
 Reference value :  1.72655e-07
 Reference value :  1.73334e-07
 Reference value :  1.73982e-07
 Reference value :  1.74753e-07
 Reference value :  1.75432e-07
 Reference value :  1.76111e-07
 Reference value :  1.76790e-07
 Reference value :  1.77469e-07
 Reference value :  1.78117e-07
 Reference value :  1.78796e-07
 Reference value :  1.79536e-07
 Reference value :  1.80215e-07
 Reference value :  1.80894e-07
 Reference value :  1.81604e-07
 Reference value :  1.82283e-07
 Reference value :  1.82900e-07
 Reference value :  1.83610e-07
 Reference value :  1.84289e-07
 Reference value :  1.84906e-07
No. of Data Rows : 6015
vhold_min           =  1.20000e+00 at=  1.32081e-10
tfirst              =  1.19732e-08
t1                  =  1.13708e-07
t2                  =  1.18230e-07
t3                  =  1.22753e-07
t4                  =  1.27275e-07
t5                  =  1.31797e-07
t6                  =  1.36319e-07
t7                  =  1.40842e-07
t8                  =  1.45364e-07
t9                  =  1.49887e-07
t10                 =  1.54409e-07
t11                 =  1.58931e-07
t12                 =  1.63453e-07
idd_run             =  -3.44291e-04 from=  1.11100e-07 to=  1.85200e-07
vmax                =  1.21097e+00 at=  1.33925e-07
vmin                =  -7.58126e-03 at=  1.63304e-07
Note: Simulation executed from .control section 
Note: Starting dynamic gmin stepping
Note: Dynamic gmin stepping completed
Note: Starting dynamic gmin stepping
Note: Dynamic gmin stepping completed
