
Note: No compatibility mode selected!


Circuit: * tt_analog_ring, code 127

Doing analysis at TEMP = 27.000000 and TNOM = 27.000000

Using SPARSE 1.3 as Direct Linear Solver
 Reference value :  0.00000e+00
No. of Data Rows : 1
idd_dis=0.000328485 vbp=0.556702 vbn=0.507547 clk_dis=1.2
Doing analysis at TEMP = 27.000000 and TNOM = 27.000000

Using SPARSE 1.3 as Direct Linear Solver

Initial Transient Solution
--------------------------

Node                                   Voltage
----                                   -------
vpwr                                       1.2
code[0]                                    1.2
code[1]                                    1.2
code[2]                                    1.2
code[3]                                    1.2
code[4]                                    1.2
code[5]                                    1.2
code[6]                                    1.2
code[7]                                      0
enable                                       0
xdut.vbp                              0.556702
xdut.vbn                              0.507547
xdut.n0                            1.96269e-07
xdut.p0                                    1.2
xdut.na0                               1.01628
xdut.s0                                    1.2
xdut.s10                                   1.2
xdut.n1                            5.81418e-07
xdut.p1                                    1.2
xdut.s1                            6.73209e-07
xdut.n2                            6.60334e-08
xdut.p2                                    1.2
xdut.s2                                    1.2
xdut.n3                            5.38615e-07
xdut.p3                                    1.2
xdut.s3                            6.15667e-07
xdut.n4                            4.79022e-08
xdut.p4                                    1.2
xdut.s4                                    1.2
xdut.n5                            5.86589e-07
xdut.p5                                    1.2
xdut.s5                            6.78139e-07
xdut.n6                            1.21524e-07
xdut.p6                                    1.2
xdut.s6                                    1.2
xdut.n7                            5.33687e-07
xdut.p7                                    1.2
xdut.s7                            6.13087e-07
xdut.n8                            1.35865e-07
xdut.p8                                    1.2
xdut.s8                                    1.2
xdut.n9                            4.82441e-07
xdut.p9                                    1.2
xdut.s9                            5.56961e-07
xdut.n10                           7.40446e-08
xdut.p10                                   1.2
xdut.b1                            1.38052e-07
clk_out                                    1.2
ven#branch                         7.35385e-12
vc7#branch                          1.7158e-12
vc6#branch                        -2.93516e-08
vc5#branch                         -1.4683e-08
vc4#branch                        -7.33381e-09
vc3#branch                        -3.68496e-09
vc2#branch                        -1.84167e-09
vc1#branch                        -9.20621e-10
vc0#branch                        -4.68764e-10
vdd#branch                        -0.000328485

 Reference value :  0.00000e+00
 Reference value :  9.69993e-10
 Reference value :  2.21039e-09
 Reference value :  3.45079e-09
 Reference value :  4.66018e-09
 Reference value :  5.86957e-09
 Reference value :  7.07896e-09
 Reference value :  8.25734e-09
 Reference value :  9.34851e-09
 Reference value :  9.97569e-09
 Reference value :  1.06269e-08
 Reference value :  1.13091e-08
 Reference value :  1.20534e-08
 Reference value :  1.27046e-08
 Reference value :  1.33558e-08
 Reference value :  1.40690e-08
 Reference value :  1.47202e-08
 Reference value :  1.53714e-08
 Reference value :  1.60536e-08
 Reference value :  1.67359e-08
 Reference value :  1.73871e-08
 Reference value :  1.80383e-08
 Reference value :  1.86895e-08
 Reference value :  1.93407e-08
 Reference value :  1.99919e-08
 Reference value :  2.06741e-08
 Reference value :  2.13564e-08
 Reference value :  2.20076e-08
 Reference value :  2.26588e-08
 Reference value :  2.33410e-08
 Reference value :  2.40232e-08
 Reference value :  2.46744e-08
 Reference value :  2.53877e-08
 Reference value :  2.60389e-08
 Reference value :  2.66901e-08
 Reference value :  2.73103e-08
 Reference value :  2.79925e-08
 Reference value :  2.86437e-08
 Reference value :  2.92639e-08
 Reference value :  2.99771e-08
 Reference value :  3.06283e-08
 Reference value :  3.12796e-08
 Reference value :  3.19928e-08
 Reference value :  3.26440e-08
 Reference value :  3.32952e-08
 Reference value :  3.39774e-08
 Reference value :  3.46596e-08
 Reference value :  3.53419e-08
 Reference value :  3.59931e-08
 Reference value :  3.67063e-08
 Reference value :  3.73265e-08
 Reference value :  3.79777e-08
 Reference value :  3.86909e-08
 Reference value :  3.93732e-08
 Reference value :  4.00244e-08
 Reference value :  4.06446e-08
 Reference value :  4.13268e-08
 Reference value :  4.19780e-08
 Reference value :  4.25982e-08
 Reference value :  4.33424e-08
 Reference value :  4.39937e-08
 Reference value :  4.46449e-08
 Reference value :  4.52961e-08
 Reference value :  4.59783e-08
 Reference value :  4.66295e-08
 Reference value :  4.72807e-08
 Reference value :  4.79939e-08
 Reference value :  4.86762e-08
 Reference value :  4.93274e-08
 Reference value :  5.00096e-08
 Reference value :  5.06608e-08
 Reference value :  5.12810e-08
 Reference value :  5.19942e-08
 Reference value :  5.26454e-08
 Reference value :  5.33277e-08
 Reference value :  5.39789e-08
 Reference value :  5.46611e-08
 Reference value :  5.53123e-08
 Reference value :  5.59635e-08
 Reference value :  5.66767e-08
 Reference value :  5.73590e-08
 Reference value :  5.80102e-08
 Reference value :  5.86614e-08
 Reference value :  5.93436e-08
 Reference value :  5.99948e-08
 Reference value :  6.06460e-08
 Reference value :  6.13593e-08
 Reference value :  6.20415e-08
 Reference value :  6.26617e-08
 Reference value :  6.33439e-08
 Reference value :  6.39951e-08
 Reference value :  6.46463e-08
 Reference value :  6.53285e-08
 Reference value :  6.60418e-08
 Reference value :  6.67240e-08
 Reference value :  6.73752e-08
 Reference value :  6.80574e-08
 Reference value :  6.87396e-08
 Reference value :  6.94219e-08
 Reference value :  7.01661e-08
 Reference value :  7.08483e-08
 Reference value :  7.14685e-08
 Reference value :  7.21197e-08
 Reference value :  7.27709e-08
 Reference value :  7.34221e-08
 Reference value :  7.40734e-08
 Reference value :  7.47866e-08
 Reference value :  7.54068e-08
 Reference value :  7.60580e-08
 Reference value :  7.67402e-08
 Reference value :  7.73914e-08
 Reference value :  7.80116e-08
 Reference value :  7.86318e-08
 Reference value :  7.93140e-08
 Reference value :  7.99963e-08
 Reference value :  8.06475e-08
 Reference value :  8.13607e-08
 Reference value :  8.20429e-08
 Reference value :  8.26941e-08
 Reference value :  8.33764e-08
 Reference value :  8.40586e-08
 Reference value :  8.47098e-08
 Reference value :  8.53610e-08
 Reference value :  8.60432e-08
 Reference value :  8.66944e-08
 Reference value :  8.73456e-08
 Reference value :  8.80899e-08
 Reference value :  8.87411e-08
 Reference value :  8.93923e-08
 Reference value :  9.00745e-08
 Reference value :  9.07257e-08
 Reference value :  9.13769e-08
 Reference value :  9.20592e-08
 Reference value :  9.27414e-08
 Reference value :  9.33926e-08
 Reference value :  9.40438e-08
 Reference value :  9.46950e-08
 Reference value :  9.53772e-08
 Reference value :  9.60594e-08
 Reference value :  9.67417e-08
 Reference value :  9.74239e-08
 Reference value :  9.80441e-08
 Reference value :  9.86953e-08
 Reference value :  9.94085e-08
 Reference value :  1.00029e-07
 Reference value :  1.00649e-07
 Reference value :  1.01331e-07
 Reference value :  1.01982e-07
 Reference value :  1.02603e-07
 Reference value :  1.03254e-07
 Reference value :  1.03936e-07
 Reference value :  1.04587e-07
 Reference value :  1.05238e-07
 Reference value :  1.05952e-07
 Reference value :  1.06603e-07
 Reference value :  1.07254e-07
 Reference value :  1.07874e-07
 Reference value :  1.08587e-07
 Reference value :  1.09270e-07
 Reference value :  1.09983e-07
 Reference value :  1.10696e-07
 Reference value :  1.11347e-07
 Reference value :  1.11999e-07
 Reference value :  1.12681e-07
 Reference value :  1.13363e-07
 Reference value :  1.14014e-07
 Reference value :  1.14727e-07
 Reference value :  1.15410e-07
 Reference value :  1.16061e-07
 Reference value :  1.16712e-07
 Reference value :  1.17394e-07
 Reference value :  1.18015e-07
 Reference value :  1.18635e-07
 Reference value :  1.19348e-07
 Reference value :  1.20030e-07
 Reference value :  1.20712e-07
 Reference value :  1.21395e-07
 Reference value :  1.22046e-07
 Reference value :  1.22697e-07
 Reference value :  1.23348e-07
 Reference value :  1.24030e-07
 Reference value :  1.24682e-07
 Reference value :  1.25333e-07
 Reference value :  1.26046e-07
 Reference value :  1.26728e-07
 Reference value :  1.27411e-07
 Reference value :  1.28124e-07
 Reference value :  1.28806e-07
 Reference value :  1.29457e-07
 Reference value :  1.30108e-07
 Reference value :  1.30791e-07
 Reference value :  1.31442e-07
 Reference value :  1.32093e-07
 Reference value :  1.32837e-07
 Reference value :  1.33489e-07
 Reference value :  1.34140e-07
 Reference value :  1.34822e-07
 Reference value :  1.35504e-07
 Reference value :  1.36124e-07
 Reference value :  1.36807e-07
 Reference value :  1.37520e-07
 Reference value :  1.38202e-07
 Reference value :  1.38853e-07
 Reference value :  1.39535e-07
 Reference value :  1.40187e-07
 Reference value :  1.40838e-07
 Reference value :  1.41520e-07
 Reference value :  1.42202e-07
 Reference value :  1.42823e-07
 Reference value :  1.43505e-07
 Reference value :  1.44187e-07
 Reference value :  1.44838e-07
 Reference value :  1.45520e-07
 Reference value :  1.46265e-07
 Reference value :  1.46916e-07
 Reference value :  1.47598e-07
 Reference value :  1.48311e-07
 Reference value :  1.48963e-07
 Reference value :  1.49614e-07
 Reference value :  1.50327e-07
 Reference value :  1.50978e-07
 Reference value :  1.51660e-07
 Reference value :  1.52312e-07
 Reference value :  1.52994e-07
 Reference value :  1.53676e-07
 Reference value :  1.54358e-07
 Reference value :  1.55071e-07
 Reference value :  1.55723e-07
 Reference value :  1.56405e-07
 Reference value :  1.57056e-07
 Reference value :  1.57707e-07
 Reference value :  1.58359e-07
 Reference value :  1.59010e-07
 Reference value :  1.59723e-07
 Reference value :  1.60405e-07
 Reference value :  1.61025e-07
 Reference value :  1.61677e-07
 Reference value :  1.62297e-07
 Reference value :  1.62948e-07
 Reference value :  1.63661e-07
 Reference value :  1.64374e-07
 Reference value :  1.65026e-07
 Reference value :  1.65646e-07
 Reference value :  1.66359e-07
 Reference value :  1.67010e-07
 Reference value :  1.67662e-07
 Reference value :  1.68375e-07
 Reference value :  1.69057e-07
 Reference value :  1.69708e-07
 Reference value :  1.70390e-07
 Reference value :  1.71073e-07
 Reference value :  1.71755e-07
 Reference value :  1.72406e-07
 Reference value :  1.73119e-07
 Reference value :  1.73833e-07
 Reference value :  1.74453e-07
 Reference value :  1.75135e-07
 Reference value :  1.75786e-07
 Reference value :  1.76437e-07
 Reference value :  1.77120e-07
 Reference value :  1.77771e-07
 Reference value :  1.78422e-07
 Reference value :  1.79104e-07
 Reference value :  1.79817e-07
 Reference value :  1.80500e-07
 Reference value :  1.81151e-07
 Reference value :  1.81864e-07
 Reference value :  1.82515e-07
 Reference value :  1.83167e-07
 Reference value :  1.83818e-07
 Reference value :  1.84500e-07
 Reference value :  1.85151e-07
 Reference value :  1.85802e-07
No. of Data Rows : 6012
vhold_min           =  1.20000e+00 at=  1.01713e-10
tfirst              =  1.19894e-08
t1                  =  1.12583e-07
t2                  =  1.17055e-07
t3                  =  1.21527e-07
t4                  =  1.25998e-07
t5                  =  1.30470e-07
t6                  =  1.34941e-07
t7                  =  1.39414e-07
t8                  =  1.43885e-07
t9                  =  1.48357e-07
t10                 =  1.52828e-07
t11                 =  1.57300e-07
t12                 =  1.61772e-07
idd_run             =  -3.44228e-04 from=  1.11600e-07 to=  1.86000e-07
vmax                =  1.21191e+00 at=  1.77306e-07
vmin                =  -7.45729e-03 at=  1.12433e-07
Note: Simulation executed from .control section 
Note: Starting dynamic gmin stepping
Note: Dynamic gmin stepping completed
Note: Starting dynamic gmin stepping
Note: Dynamic gmin stepping completed
