
Note: No compatibility mode selected!


Circuit: * tt_analog_ring, code 127

Doing analysis at TEMP = 27.000000 and TNOM = 27.000000

Using SPARSE 1.3 as Direct Linear Solver
 Reference value :  0.00000e+00
No. of Data Rows : 1
idd_dis=0.000325961 vbp=0.558834 vbn=0.501542 clk_dis=1.2
Doing analysis at TEMP = 27.000000 and TNOM = 27.000000

Using SPARSE 1.3 as Direct Linear Solver

Initial Transient Solution
--------------------------

Node                                   Voltage
----                                   -------
vpwr                                       1.2
code[0]                                    1.2
code[1]                                    1.2
code[2]                                    1.2
code[3]                                    1.2
code[4]                                    1.2
code[5]                                    1.2
code[6]                                    1.2
code[7]                                      0
enable                                       0
xdut.vbp                              0.558834
xdut.vbn                              0.501542
xdut.n0                            1.51426e-07
xdut.p0                                    1.2
xdut.na0                               1.02695
xdut.s0                                    1.2
xdut.s10                                   1.2
xdut.n1                            5.89894e-07
xdut.p1                                    1.2
xdut.s1                            6.73217e-07
xdut.n2                            8.32279e-08
xdut.p2                                    1.2
xdut.s2                                    1.2
xdut.n3                            6.00718e-07
xdut.p3                                    1.2
xdut.s3                            6.92667e-07
xdut.n4                            6.10902e-08
xdut.p4                                    1.2
xdut.s4                                    1.2
xdut.n5                            6.39712e-07
xdut.p5                                    1.2
xdut.s5                            7.39793e-07
xdut.n6                            2.51428e-07
xdut.p6                                    1.2
xdut.s6                                    1.2
xdut.n7                            5.09236e-07
xdut.p7                                    1.2
xdut.s7                            5.81563e-07
xdut.n8                            1.05482e-07
xdut.p8                                    1.2
xdut.s8                                    1.2
xdut.n9                            6.09009e-07
xdut.p9                                    1.2
xdut.s9                            7.01761e-07
xdut.n10                           8.20978e-08
xdut.p10                                   1.2
xdut.b1                            1.44147e-07
clk_out                                    1.2
ven#branch                         7.35305e-12
vc7#branch                          1.7394e-12
vc6#branch                         -2.9235e-08
vc5#branch                        -1.46033e-08
vc4#branch                        -7.29954e-09
vc3#branch                        -3.64121e-09
vc2#branch                        -1.81742e-09
vc1#branch                        -9.09884e-10
vc0#branch                         -4.5308e-10
vdd#branch                        -0.000325961

 Reference value :  0.00000e+00
 Reference value :  1.03201e-09
 Reference value :  2.27241e-09
 Reference value :  3.54382e-09
 Reference value :  4.75321e-09
 Reference value :  5.96260e-09
 Reference value :  7.20300e-09
 Reference value :  8.44340e-09
 Reference value :  9.41130e-09
 Reference value :  1.00997e-08
 Reference value :  1.07509e-08
 Reference value :  1.14021e-08
 Reference value :  1.21464e-08
 Reference value :  1.27976e-08
 Reference value :  1.34798e-08
 Reference value :  1.41620e-08
 Reference value :  1.48132e-08
 Reference value :  1.54955e-08
 Reference value :  1.61777e-08
 Reference value :  1.68909e-08
 Reference value :  1.75731e-08
 Reference value :  1.82243e-08
 Reference value :  1.89066e-08
 Reference value :  1.95268e-08
 Reference value :  2.02090e-08
 Reference value :  2.09222e-08
 Reference value :  2.16044e-08
 Reference value :  2.22867e-08
 Reference value :  2.29689e-08
 Reference value :  2.36821e-08
 Reference value :  2.43643e-08
 Reference value :  2.50465e-08
 Reference value :  2.58218e-08
 Reference value :  2.65040e-08
 Reference value :  2.71862e-08
 Reference value :  2.78685e-08
 Reference value :  2.85507e-08
 Reference value :  2.92019e-08
 Reference value :  2.98531e-08
 Reference value :  3.05663e-08
 Reference value :  3.12175e-08
 Reference value :  3.18998e-08
 Reference value :  3.26130e-08
 Reference value :  3.32952e-08
 Reference value :  3.39464e-08
 Reference value :  3.46596e-08
 Reference value :  3.53729e-08
 Reference value :  3.60241e-08
 Reference value :  3.66753e-08
 Reference value :  3.73885e-08
 Reference value :  3.80707e-08
 Reference value :  3.87220e-08
 Reference value :  3.94662e-08
 Reference value :  4.01484e-08
 Reference value :  4.08306e-08
 Reference value :  4.14818e-08
 Reference value :  4.21641e-08
 Reference value :  4.28153e-08
 Reference value :  4.34665e-08
 Reference value :  4.42107e-08
 Reference value :  4.48619e-08
 Reference value :  4.55131e-08
 Reference value :  4.61954e-08
 Reference value :  4.68776e-08
 Reference value :  4.75598e-08
 Reference value :  4.82420e-08
 Reference value :  4.89863e-08
 Reference value :  4.96375e-08
 Reference value :  5.02887e-08
 Reference value :  5.10019e-08
 Reference value :  5.16531e-08
 Reference value :  5.23043e-08
 Reference value :  5.30176e-08
 Reference value :  5.37308e-08
 Reference value :  5.43820e-08
 Reference value :  5.50022e-08
 Reference value :  5.57154e-08
 Reference value :  5.63977e-08
 Reference value :  5.70489e-08
 Reference value :  5.77621e-08
 Reference value :  5.84753e-08
 Reference value :  5.90955e-08
 Reference value :  5.97467e-08
 Reference value :  6.04290e-08
 Reference value :  6.10802e-08
 Reference value :  6.17314e-08
 Reference value :  6.25376e-08
 Reference value :  6.32199e-08
 Reference value :  6.39021e-08
 Reference value :  6.46153e-08
 Reference value :  6.52975e-08
 Reference value :  6.59797e-08
 Reference value :  6.66310e-08
 Reference value :  6.73442e-08
 Reference value :  6.80264e-08
 Reference value :  6.86776e-08
 Reference value :  6.93908e-08
 Reference value :  7.00421e-08
 Reference value :  7.06933e-08
 Reference value :  7.14065e-08
 Reference value :  7.21197e-08
 Reference value :  7.28019e-08
 Reference value :  7.34532e-08
 Reference value :  7.41664e-08
 Reference value :  7.48486e-08
 Reference value :  7.54998e-08
 Reference value :  7.62130e-08
 Reference value :  7.69263e-08
 Reference value :  7.75775e-08
 Reference value :  7.82287e-08
 Reference value :  7.88799e-08
 Reference value :  7.95621e-08
 Reference value :  8.02133e-08
 Reference value :  8.09576e-08
 Reference value :  8.16398e-08
 Reference value :  8.22910e-08
 Reference value :  8.29422e-08
 Reference value :  8.36244e-08
 Reference value :  8.43067e-08
 Reference value :  8.49579e-08
 Reference value :  8.56711e-08
 Reference value :  8.63533e-08
 Reference value :  8.70045e-08
 Reference value :  8.77178e-08
 Reference value :  8.83380e-08
 Reference value :  8.89892e-08
 Reference value :  8.96404e-08
 Reference value :  9.03536e-08
 Reference value :  9.10358e-08
 Reference value :  9.16870e-08
 Reference value :  9.24003e-08
 Reference value :  9.30515e-08
 Reference value :  9.37027e-08
 Reference value :  9.44159e-08
 Reference value :  9.51291e-08
 Reference value :  9.58114e-08
 Reference value :  9.64626e-08
 Reference value :  9.71758e-08
 Reference value :  9.78580e-08
 Reference value :  9.85092e-08
 Reference value :  9.92845e-08
 Reference value :  9.99977e-08
 Reference value :  1.00680e-07
 Reference value :  1.01331e-07
 Reference value :  1.02013e-07
 Reference value :  1.02665e-07
 Reference value :  1.03285e-07
 Reference value :  1.04029e-07
 Reference value :  1.04711e-07
 Reference value :  1.05362e-07
 Reference value :  1.06045e-07
 Reference value :  1.06696e-07
 Reference value :  1.07347e-07
 Reference value :  1.08029e-07
 Reference value :  1.08743e-07
 Reference value :  1.09425e-07
 Reference value :  1.10076e-07
 Reference value :  1.10789e-07
 Reference value :  1.11440e-07
 Reference value :  1.12092e-07
 Reference value :  1.12774e-07
 Reference value :  1.13487e-07
 Reference value :  1.14169e-07
 Reference value :  1.14820e-07
 Reference value :  1.15503e-07
 Reference value :  1.16185e-07
 Reference value :  1.16836e-07
 Reference value :  1.17549e-07
 Reference value :  1.18263e-07
 Reference value :  1.18945e-07
 Reference value :  1.19596e-07
 Reference value :  1.20247e-07
 Reference value :  1.20929e-07
 Reference value :  1.21581e-07
 Reference value :  1.22325e-07
 Reference value :  1.22976e-07
 Reference value :  1.23658e-07
 Reference value :  1.24279e-07
 Reference value :  1.24961e-07
 Reference value :  1.25643e-07
 Reference value :  1.26294e-07
 Reference value :  1.27038e-07
 Reference value :  1.27721e-07
 Reference value :  1.28403e-07
 Reference value :  1.29116e-07
 Reference value :  1.29736e-07
 Reference value :  1.30419e-07
 Reference value :  1.31132e-07
 Reference value :  1.31845e-07
 Reference value :  1.32527e-07
 Reference value :  1.33209e-07
 Reference value :  1.33892e-07
 Reference value :  1.34574e-07
 Reference value :  1.35256e-07
 Reference value :  1.35907e-07
 Reference value :  1.36590e-07
 Reference value :  1.37241e-07
 Reference value :  1.37892e-07
 Reference value :  1.38574e-07
 Reference value :  1.39256e-07
 Reference value :  1.39877e-07
 Reference value :  1.40621e-07
 Reference value :  1.41303e-07
 Reference value :  1.41954e-07
 Reference value :  1.42605e-07
 Reference value :  1.43319e-07
 Reference value :  1.43970e-07
 Reference value :  1.44621e-07
 Reference value :  1.45365e-07
 Reference value :  1.46017e-07
 Reference value :  1.46699e-07
 Reference value :  1.47412e-07
 Reference value :  1.48094e-07
 Reference value :  1.48776e-07
 Reference value :  1.49459e-07
 Reference value :  1.50172e-07
 Reference value :  1.50854e-07
 Reference value :  1.51505e-07
 Reference value :  1.52219e-07
 Reference value :  1.52870e-07
 Reference value :  1.53490e-07
 Reference value :  1.54203e-07
 Reference value :  1.54885e-07
 Reference value :  1.55568e-07
 Reference value :  1.56219e-07
 Reference value :  1.56932e-07
 Reference value :  1.57614e-07
 Reference value :  1.58266e-07
 Reference value :  1.58979e-07
 Reference value :  1.59661e-07
 Reference value :  1.60312e-07
 Reference value :  1.60994e-07
 Reference value :  1.61677e-07
 Reference value :  1.62297e-07
 Reference value :  1.62979e-07
 Reference value :  1.63723e-07
 Reference value :  1.64405e-07
 Reference value :  1.65088e-07
 Reference value :  1.65770e-07
 Reference value :  1.66421e-07
 Reference value :  1.67103e-07
 Reference value :  1.67755e-07
 Reference value :  1.68468e-07
 Reference value :  1.69119e-07
 Reference value :  1.69801e-07
 Reference value :  1.70545e-07
 Reference value :  1.71197e-07
 Reference value :  1.71879e-07
 Reference value :  1.72623e-07
 Reference value :  1.73305e-07
 Reference value :  1.73957e-07
 Reference value :  1.74608e-07
 Reference value :  1.75321e-07
 Reference value :  1.76003e-07
 Reference value :  1.76654e-07
 Reference value :  1.77399e-07
 Reference value :  1.78081e-07
 Reference value :  1.78732e-07
 Reference value :  1.79383e-07
 Reference value :  1.80066e-07
 Reference value :  1.80717e-07
 Reference value :  1.81368e-07
 Reference value :  1.82112e-07
 Reference value :  1.82794e-07
 Reference value :  1.83446e-07
 Reference value :  1.84159e-07
 Reference value :  1.84841e-07
 Reference value :  1.85523e-07
No. of Data Rows : 6012
vhold_min           =  1.20000e+00 at=  1.01713e-10
tfirst              =  1.20005e-08
t1                  =  1.15446e-07
t2                  =  1.20042e-07
t3                  =  1.24638e-07
t4                  =  1.29234e-07
t5                  =  1.33831e-07
t6                  =  1.38427e-07
t7                  =  1.43024e-07
t8                  =  1.47620e-07
t9                  =  1.52216e-07
t10                 =  1.56813e-07
t11                 =  1.61409e-07
t12                 =  1.66005e-07
idd_run             =  -3.41165e-04 from=  1.11600e-07 to=  1.86000e-07
vmax                =  1.21181e+00 at=  1.63537e-07
vmin                =  -7.58006e-03 at=  1.29085e-07
Note: Simulation executed from .control section 
Note: Starting dynamic gmin stepping
Note: Dynamic gmin stepping completed
Note: Starting dynamic gmin stepping
Note: Dynamic gmin stepping completed
