
Note: Compatibility modes selected: hs a


Circuit: * tt_analog_ring, code 1

Doing analysis at TEMP = 125.000000 and TNOM = 27.000000

Using SPARSE 1.3 as Direct Linear Solver
 Reference value :  0.00000e+00
No. of Data Rows : 1
idd_dis=7.21248E-06 vbp=1.07375 vbn=0.209945 clk_dis=1.32
Doing analysis at TEMP = 125.000000 and TNOM = 27.000000

Using SPARSE 1.3 as Direct Linear Solver

Initial Transient Solution
--------------------------

Node                                   Voltage
----                                   -------
vpwr                                      1.32
code[0]                                   1.32
code[1]                                      0
code[2]                                      0
code[3]                                      0
code[4]                                      0
code[5]                                      0
code[6]                                      0
code[7]                                      0
enable                                       0
xdut.vbp                               1.07375
clk_out                                   1.32
xdut.b1                            1.00078e-05
xdut.s3                             0.00104077
xdut.s2                                1.31995
xdut.n_126                             1.31904
xdut.s1                             0.00104156
xdut.n_125                             1.31995
xdut.s10                               1.31995
xdut.s6                                1.31995
xdut.s5                             0.00104077
xdut.n_128                             1.31995
xdut.s9                             0.00104077
xdut.n_133                             1.31995
xdut.s4                                1.31995
xdut.n_129                             1.31904
xdut.s8                                1.31995
xdut.n_132                             1.31904
xdut.s7                             0.00104077
xdut.n_130                             1.31904
xdut.n_127                             1.31995
xdut.n_131                             1.31995
xdut.s0                                1.31991
xdut.n_124                             1.31904
xdut.n_71                           0.00103203
xdut.n_72                           0.00103125
xdut.n_70                          3.78382e-05
xdut.n_77                           0.00103125
xdut.n_75                          3.78388e-05
xdut.n_73                          3.78382e-05
xdut.n_67                          3.78382e-05
xdut.n_76                          3.78382e-05
xdut.n_69                           0.00103125
xdut.n_74                           0.00103125
xdut.n_122                             1.31991
xdut.n_i1005                           1.12706
xdut.n_68                          8.05329e-05
xdut.vbn                              0.209945
ven#branch                         2.92349e-11
vc7#branch                         1.83563e-11
vc6#branch                         9.17813e-12
vc5#branch                         4.58906e-12
vc4#branch                         2.29453e-12
vc3#branch                         1.14727e-12
vc2#branch                         5.73633e-13
vc1#branch                         2.86816e-13
vc0#branch                        -6.60816e-10
vdd#branch                        -7.21248e-06

 Reference value :  0.00000e+00
 Reference value :  1.59275e-07
 Reference value :  3.43195e-07
 Reference value :  5.27115e-07
 Reference value :  6.89807e-07
 Reference value :  7.78440e-07
 Reference value :  8.72699e-07
 Reference value :  9.66530e-07
 Reference value :  1.05389e-06
 Reference value :  1.14815e-06
 Reference value :  1.25139e-06
 Reference value :  1.31116e-06
 Reference value :  1.38703e-06
 Reference value :  1.43788e-06
 Reference value :  1.50225e-06
 Reference value :  1.55973e-06
 Reference value :  1.61950e-06
 Reference value :  1.69662e-06
 Reference value :  1.79318e-06
 Reference value :  1.87824e-06
 Reference value :  1.97296e-06
 Reference value :  2.06722e-06
 Reference value :  2.16378e-06
 Reference value :  2.25507e-06
 Reference value :  2.34933e-06
 Reference value :  2.43714e-06
 Reference value :  2.53830e-06
 Reference value :  2.63486e-06
 Reference value :  2.73055e-06
 Reference value :  2.82251e-06
 Reference value :  2.91494e-06
 Reference value :  3.01610e-06
 Reference value :  3.10806e-06
 Reference value :  3.21077e-06
 Reference value :  3.30503e-06
 Reference value :  3.39631e-06
 Reference value :  3.49402e-06
 Reference value :  3.59287e-06
 Reference value :  3.69321e-06
 Reference value :  3.78977e-06
 Reference value :  3.88633e-06
 Reference value :  3.97876e-06
 Reference value :  4.07072e-06
 Reference value :  4.16880e-06
 Reference value :  4.26536e-06
 Reference value :  4.36191e-06
 Reference value :  4.45435e-06
 Reference value :  4.54861e-06
 Reference value :  4.64711e-06
 Reference value :  4.74553e-06
 Reference value :  4.83979e-06
 Reference value :  4.93221e-06
 Reference value :  5.02417e-06
 Reference value :  5.12073e-06
 Reference value :  5.21650e-06
 Reference value :  5.26938e-06
 Reference value :  5.32685e-06
 Reference value :  5.38283e-06
 Reference value :  5.49286e-06
 Reference value :  5.58941e-06
 Reference value :  5.67370e-06
 Reference value :  5.77715e-06
 Reference value :  5.87371e-06
 Reference value :  5.96383e-06
 Reference value :  6.04200e-06
 Reference value :  6.10637e-06
 Reference value :  6.16765e-06
 Reference value :  6.24811e-06
 Reference value :  6.31248e-06
 Reference value :  6.37226e-06
 Reference value :  6.44170e-06
 Reference value :  6.53596e-06
 Reference value :  6.63022e-06
 Reference value :  6.71681e-06
 Reference value :  6.81566e-06
 Reference value :  6.90809e-06
 Reference value :  7.00465e-06
 Reference value :  7.09890e-06
 Reference value :  7.19236e-06
 Reference value :  7.28662e-06
 Reference value :  7.36479e-06
 Reference value :  7.43653e-06
 Reference value :  7.53539e-06
 Reference value :  7.63577e-06
 Reference value :  7.73693e-06
 Reference value :  7.83578e-06
 Reference value :  7.93281e-06
 Reference value :  8.03626e-06
 Reference value :  8.11673e-06
 Reference value :  8.17340e-06
 Reference value :  8.23087e-06
 Reference value :  8.30444e-06
 Reference value :  8.39918e-06
 Reference value :  8.49803e-06
 Reference value :  8.60149e-06
 Reference value :  8.68577e-06
 Reference value :  8.74325e-06
 Reference value :  8.80302e-06
 Reference value :  8.85669e-06
 Reference value :  8.95063e-06
 Reference value :  9.04948e-06
 Reference value :  9.14984e-06
 Reference value :  9.24869e-06
 Reference value :  9.34525e-06
 Reference value :  9.44688e-06
 Reference value :  9.54574e-06
 Reference value :  9.65072e-06
 Reference value :  9.75187e-06
 Reference value :  9.84774e-06
 Reference value :  9.95005e-06
 Reference value :  1.00512e-05
 Reference value :  1.01631e-05
 Reference value :  1.02596e-05
 Reference value :  1.03566e-05
 Reference value :  1.04693e-05
 Reference value :  1.05751e-05
 Reference value :  1.06731e-05
 Reference value :  1.07674e-05
 Reference value :  1.08598e-05
 Reference value :  1.09610e-05
 Reference value :  1.10552e-05
 Reference value :  1.11579e-05
 Reference value :  1.12498e-05
 Reference value :  1.13211e-05
 Reference value :  1.14181e-05
 Reference value :  1.15147e-05
 Reference value :  1.16266e-05
 Reference value :  1.17162e-05
 Reference value :  1.18059e-05
 Reference value :  1.18684e-05
 Reference value :  1.19650e-05
 Reference value :  1.20340e-05
 Reference value :  1.21113e-05
 Reference value :  1.22033e-05
 Reference value :  1.22723e-05
 Reference value :  1.23509e-05
 Reference value :  1.24521e-05
 Reference value :  1.25509e-05
 Reference value :  1.26536e-05
 Reference value :  1.27478e-05
 Reference value :  1.28403e-05
 Reference value :  1.29368e-05
 Reference value :  1.30334e-05
 Reference value :  1.31315e-05
 Reference value :  1.32280e-05
 Reference value :  1.33200e-05
 Reference value :  1.34170e-05
 Reference value :  1.35136e-05
 Reference value :  1.36116e-05
 Reference value :  1.37082e-05
No. of Data Rows : 6048
vhold_min           =  1.32000e+00 at=  3.67840e-10
tfirst              =  9.12613e-07
t1                  =  8.61465e-06
t2                  =  9.11091e-06
t3                  =  9.60718e-06
t4                  =  1.01034e-05
t5                  =  1.05997e-05
t6                  =  1.10960e-05
t7                  =  1.15922e-05
t8                  =  1.20885e-05
t9                  =  1.25848e-05
t10                 =  1.30810e-05
t11                 =  1.35773e-05
idd_run             =  -9.24723e-06 from=  8.27600e-06 to=  1.37900e-05
vmax                =  1.32586e+00 at=  1.30878e-05
vmin                =  -1.51629e-02 at=  8.35893e-06
Note: Simulation executed from .control section 
Warning: m=xx on .subckt line will override multiplier m hierarchy!

Note: Starting dynamic gmin stepping
Note: Dynamic gmin stepping completed
Note: Starting dynamic gmin stepping
Note: Dynamic gmin stepping completed

Error: measure  t12  when(WHEN) : out of interval
 meas tran t12 when v(clk_out)=6.600000e-01 rise=12 from=8.276000e-06 failed!

