
Note: No compatibility mode selected!


Circuit: * tt_analog_ring, code 4

Doing analysis at TEMP = -40.000000 and TNOM = 27.000000

Using SPARSE 1.3 as Direct Linear Solver
 Reference value :  0.00000e+00
No. of Data Rows : 1
idd_dis=2.00073E-05 vbp=0.791355 vbn=0.378834 clk_dis=1.2
Doing analysis at TEMP = -40.000000 and TNOM = 27.000000

Using SPARSE 1.3 as Direct Linear Solver

Initial Transient Solution
--------------------------

Node                                   Voltage
----                                   -------
vpwr                                       1.2
code[0]                                      0
code[1]                                      0
code[2]                                    1.2
code[3]                                      0
code[4]                                      0
code[5]                                      0
code[6]                                      0
code[7]                                      0
enable                                       0
xdut.vbp                              0.791355
xdut.vbn                              0.378834
xdut.n0                            6.81756e-09
xdut.p0                                    1.2
xdut.na0                              0.943493
xdut.s0                                    1.2
xdut.s10                                   1.2
xdut.n1                            1.37442e-06
xdut.p1                                    1.2
xdut.s1                            1.40602e-06
xdut.n2                            5.46899e-09
xdut.p2                                    1.2
xdut.s2                                    1.2
xdut.n3                            1.37442e-06
xdut.p3                                    1.2
xdut.s3                            1.40602e-06
xdut.n4                            5.46899e-09
xdut.p4                                    1.2
xdut.s4                                    1.2
xdut.n5                            1.37442e-06
xdut.p5                                    1.2
xdut.s5                            1.40602e-06
xdut.n6                            5.46899e-09
xdut.p6                                    1.2
xdut.s6                                    1.2
xdut.n7                            1.37442e-06
xdut.p7                                    1.2
xdut.s7                            1.40602e-06
xdut.n8                            5.46899e-09
xdut.p8                                    1.2
xdut.s8                                    1.2
xdut.n9                            1.37442e-06
xdut.p9                                    1.2
xdut.s9                            1.40602e-06
xdut.n10                           5.46899e-09
xdut.p10                                   1.2
xdut.b1                            1.03601e-07
clk_out                                    1.2
ven#branch                          8.2063e-12
vc7#branch                         1.13989e-12
vc6#branch                         5.69943e-13
vc5#branch                         2.84972e-13
vc4#branch                         1.42486e-13
vc3#branch                         7.12429e-14
vc2#branch                        -5.33674e-10
vc1#branch                         1.78107e-14
vc0#branch                         8.90537e-15
vdd#branch                        -2.00073e-05

 Reference value :  0.00000e+00
 Reference value :  1.80833e-08
 Reference value :  3.88107e-08
 Reference value :  6.00983e-08
 Reference value :  8.19461e-08
 Reference value :  1.04354e-07
 Reference value :  1.26762e-07
 Reference value :  1.48610e-07
 Reference value :  1.68165e-07
 Reference value :  1.75811e-07
 Reference value :  1.86455e-07
 Reference value :  1.97099e-07
 Reference value :  2.07398e-07
 Reference value :  2.18041e-07
 Reference value :  2.27565e-07
 Reference value :  2.38209e-07
 Reference value :  2.48247e-07
 Reference value :  2.59451e-07
 Reference value :  2.70655e-07
 Reference value :  2.79752e-07
 Reference value :  2.90395e-07
 Reference value :  3.01039e-07
 Reference value :  3.11011e-07
 Reference value :  3.21655e-07
 Reference value :  3.31738e-07
 Reference value :  3.42942e-07
 Reference value :  3.53239e-07
 Reference value :  3.62762e-07
 Reference value :  3.73406e-07
 Reference value :  3.84006e-07
 Reference value :  3.95210e-07
 Reference value :  4.05853e-07
 Reference value :  4.15510e-07
 Reference value :  4.26153e-07
 Reference value :  4.36797e-07
 Reference value :  4.48001e-07
 Reference value :  4.57971e-07
 Reference value :  4.68054e-07
 Reference value :  4.78698e-07
 Reference value :  4.88430e-07
 Reference value :  4.99074e-07
 Reference value :  5.09157e-07
 Reference value :  5.19194e-07
 Reference value :  5.29278e-07
 Reference value :  5.39921e-07
 Reference value :  5.51125e-07
 Reference value :  5.60791e-07
 Reference value :  5.70874e-07
 Reference value :  5.80958e-07
 Reference value :  5.90986e-07
 Reference value :  6.01069e-07
 Reference value :  6.11713e-07
 Reference value :  6.21677e-07
 Reference value :  6.31471e-07
 Reference value :  6.41554e-07
 Reference value :  6.52198e-07
 Reference value :  6.61667e-07
 Reference value :  6.72311e-07
 Reference value :  6.82395e-07
 Reference value :  6.92079e-07
 Reference value :  7.02722e-07
 Reference value :  7.13366e-07
 Reference value :  7.24010e-07
 Reference value :  7.34043e-07
 Reference value :  7.44687e-07
 Reference value :  7.54771e-07
 Reference value :  7.64988e-07
 Reference value :  7.75632e-07
 Reference value :  7.85716e-07
 Reference value :  7.96300e-07
 Reference value :  8.06887e-07
 Reference value :  8.17531e-07
 Reference value :  8.28735e-07
 Reference value :  8.37899e-07
 Reference value :  8.48542e-07
 Reference value :  8.58626e-07
 Reference value :  8.69218e-07
 Reference value :  8.79862e-07
 Reference value :  8.90506e-07
 Reference value :  9.00310e-07
 Reference value :  9.10816e-07
 Reference value :  9.20900e-07
 Reference value :  9.30983e-07
 Reference value :  9.41011e-07
 Reference value :  9.51655e-07
 Reference value :  9.62299e-07
 Reference value :  9.72547e-07
 Reference value :  9.82630e-07
 Reference value :  9.93274e-07
 Reference value :  1.00448e-06
 Reference value :  1.01451e-06
 Reference value :  1.02516e-06
 Reference value :  1.03692e-06
 Reference value :  1.04602e-06
 Reference value :  1.05610e-06
 Reference value :  1.06674e-06
 Reference value :  1.07671e-06
 Reference value :  1.08791e-06
 Reference value :  1.09856e-06
 Reference value :  1.10853e-06
 Reference value :  1.11948e-06
 Reference value :  1.12957e-06
 Reference value :  1.13965e-06
 Reference value :  1.14968e-06
 Reference value :  1.16032e-06
 Reference value :  1.17097e-06
 Reference value :  1.18064e-06
 Reference value :  1.19072e-06
 Reference value :  1.20137e-06
 Reference value :  1.21257e-06
 Reference value :  1.22204e-06
 Reference value :  1.23269e-06
 Reference value :  1.24389e-06
 Reference value :  1.25357e-06
 Reference value :  1.26365e-06
 Reference value :  1.27373e-06
 Reference value :  1.28433e-06
 Reference value :  1.29553e-06
 Reference value :  1.30618e-06
 Reference value :  1.31675e-06
 Reference value :  1.32648e-06
 Reference value :  1.33657e-06
 Reference value :  1.34665e-06
 Reference value :  1.35668e-06
 Reference value :  1.36732e-06
 Reference value :  1.37797e-06
 Reference value :  1.38765e-06
 Reference value :  1.39830e-06
 Reference value :  1.40838e-06
 Reference value :  1.41846e-06
 Reference value :  1.42850e-06
 Reference value :  1.43914e-06
 Reference value :  1.44978e-06
 Reference value :  1.45944e-06
 Reference value :  1.46953e-06
 Reference value :  1.48017e-06
 Reference value :  1.49081e-06
 Reference value :  1.50023e-06
 Reference value :  1.51087e-06
 Reference value :  1.52151e-06
 Reference value :  1.53125e-06
 Reference value :  1.54189e-06
 Reference value :  1.55198e-06
 Reference value :  1.56314e-06
 Reference value :  1.57378e-06
 Reference value :  1.58498e-06
 Reference value :  1.59500e-06
 Reference value :  1.60528e-06
 Reference value :  1.61536e-06
 Reference value :  1.62601e-06
 Reference value :  1.63541e-06
 Reference value :  1.64606e-06
 Reference value :  1.65670e-06
 Reference value :  1.66698e-06
 Reference value :  1.67762e-06
 Reference value :  1.68827e-06
 Reference value :  1.69947e-06
 Reference value :  1.70950e-06
 Reference value :  1.72071e-06
 Reference value :  1.73191e-06
 Reference value :  1.74103e-06
 Reference value :  1.75167e-06
 Reference value :  1.76231e-06
 Reference value :  1.77235e-06
 Reference value :  1.78299e-06
 Reference value :  1.79419e-06
 Reference value :  1.80416e-06
 Reference value :  1.81451e-06
 Reference value :  1.82459e-06
 Reference value :  1.83467e-06
 Reference value :  1.84470e-06
 Reference value :  1.85535e-06
 Reference value :  1.86599e-06
 Reference value :  1.87567e-06
 Reference value :  1.88575e-06
 Reference value :  1.89639e-06
 Reference value :  1.90648e-06
 Reference value :  1.91651e-06
 Reference value :  1.92715e-06
 Reference value :  1.93780e-06
 Reference value :  1.94747e-06
 Reference value :  1.95755e-06
 Reference value :  1.96764e-06
 Reference value :  1.97828e-06
 Reference value :  1.98831e-06
 Reference value :  1.99895e-06
 Reference value :  2.01072e-06
 Reference value :  2.01983e-06
 Reference value :  2.02991e-06
 Reference value :  2.04056e-06
 Reference value :  2.05059e-06
 Reference value :  2.06123e-06
 Reference value :  2.07244e-06
 Reference value :  2.08240e-06
 Reference value :  2.09275e-06
 Reference value :  2.10284e-06
 Reference value :  2.11348e-06
 Reference value :  2.12351e-06
 Reference value :  2.13416e-06
 Reference value :  2.14480e-06
 Reference value :  2.15391e-06
 Reference value :  2.16400e-06
 Reference value :  2.17464e-06
 Reference value :  2.18472e-06
 Reference value :  2.19475e-06
 Reference value :  2.20540e-06
 Reference value :  2.21604e-06
 Reference value :  2.22516e-06
 Reference value :  2.23524e-06
 Reference value :  2.24588e-06
 Reference value :  2.25653e-06
 Reference value :  2.26656e-06
 Reference value :  2.27776e-06
 Reference value :  2.28897e-06
 Reference value :  2.29808e-06
 Reference value :  2.30872e-06
 Reference value :  2.31880e-06
 Reference value :  2.32883e-06
 Reference value :  2.33948e-06
 Reference value :  2.35068e-06
 Reference value :  2.36065e-06
 Reference value :  2.37100e-06
 Reference value :  2.38109e-06
 Reference value :  2.39173e-06
 Reference value :  2.40232e-06
 Reference value :  2.41297e-06
 Reference value :  2.42361e-06
 Reference value :  2.43328e-06
 Reference value :  2.44336e-06
 Reference value :  2.45344e-06
 Reference value :  2.46409e-06
 Reference value :  2.47412e-06
 Reference value :  2.48476e-06
 Reference value :  2.49596e-06
 Reference value :  2.50508e-06
 Reference value :  2.51517e-06
 Reference value :  2.52525e-06
 Reference value :  2.53533e-06
 Reference value :  2.54593e-06
 Reference value :  2.55713e-06
 Reference value :  2.56834e-06
 Reference value :  2.57744e-06
 Reference value :  2.58753e-06
 Reference value :  2.59817e-06
 Reference value :  2.60820e-06
 Reference value :  2.61884e-06
 Reference value :  2.63005e-06
 Reference value :  2.64029e-06
 Reference value :  2.65037e-06
 Reference value :  2.66101e-06
 Reference value :  2.67166e-06
 Reference value :  2.68225e-06
 Reference value :  2.69345e-06
 Reference value :  2.70466e-06
 Reference value :  2.71432e-06
 Reference value :  2.72441e-06
 Reference value :  2.73449e-06
 Reference value :  2.74508e-06
 Reference value :  2.75516e-06
 Reference value :  2.76581e-06
 Reference value :  2.77701e-06
 Reference value :  2.78613e-06
 Reference value :  2.79677e-06
 Reference value :  2.80742e-06
 Reference value :  2.81801e-06
 Reference value :  2.82866e-06
 Reference value :  2.83986e-06
 Reference value :  2.84897e-06
 Reference value :  2.85961e-06
 Reference value :  2.87025e-06
 Reference value :  2.88090e-06
 Reference value :  2.89037e-06
 Reference value :  2.90101e-06
 Reference value :  2.91221e-06
 Reference value :  2.92189e-06
 Reference value :  2.93198e-06
 Reference value :  2.94206e-06
 Reference value :  2.95270e-06
 Reference value :  2.96274e-06
 Reference value :  2.97338e-06
 Reference value :  2.98458e-06
 Reference value :  2.99369e-06
 Reference value :  3.00378e-06
 Reference value :  3.01442e-06
 Reference value :  3.02501e-06
 Reference value :  3.03509e-06
 Reference value :  3.04574e-06
 Reference value :  3.05576e-06
 Reference value :  3.06550e-06
 Reference value :  3.07558e-06
 Reference value :  3.08622e-06
 Reference value :  3.09682e-06
 Reference value :  3.10746e-06
 Reference value :  3.11810e-06
 Reference value :  3.12721e-06
 Reference value :  3.13786e-06
 Reference value :  3.14906e-06
 Reference value :  3.16027e-06
 Reference value :  3.16974e-06
 Reference value :  3.18094e-06
 Reference value :  3.19214e-06
 Reference value :  3.20126e-06
 Reference value :  3.21190e-06
 Reference value :  3.22199e-06
 Reference value :  3.23258e-06
 Reference value :  3.24322e-06
 Reference value :  3.25443e-06
 Reference value :  3.26445e-06
 Reference value :  3.27474e-06
 Reference value :  3.28482e-06
 Reference value :  3.29547e-06
 Reference value :  3.30550e-06
 Reference value :  3.31614e-06
 Reference value :  3.32679e-06
 Reference value :  3.33646e-06
 Reference value :  3.34710e-06
 Reference value :  3.35775e-06
No. of Data Rows : 6055
vhold_min           =  1.20000e+00 at=  2.24080e-11
tfirst              =  2.03233e-07
t1                  =  2.04733e-06
t2                  =  2.11689e-06
t3                  =  2.18645e-06
t4                  =  2.25602e-06
t5                  =  2.32558e-06
t6                  =  2.39514e-06
t7                  =  2.46470e-06
t8                  =  2.53426e-06
t9                  =  2.60382e-06
t10                 =  2.67339e-06
t11                 =  2.74295e-06
t12                 =  2.81251e-06
idd_run             =  -2.13340e-05 from=  2.01700e-06 to=  3.36100e-06
vmax                =  1.20508e+00 at=  2.60489e-06
vmin                =  -5.52553e-03 at=  2.70795e-06
Note: Simulation executed from .control section 
Note: Starting dynamic gmin stepping
Note: Dynamic gmin stepping completed
Note: Starting dynamic gmin stepping
Note: Dynamic gmin stepping completed
