
Note: No compatibility mode selected!


Circuit: * stage delay at code 0

Doing analysis at TEMP = 125.000000 and TNOM = 27.000000

Using SPARSE 1.3 as Direct Linear Solver

Initial Transient Solution
--------------------------

Node                                   Voltage
----                                   -------
vpwr                                      1.32
code[0]                                      0
code[1]                                      0
code[2]                                      0
code[3]                                      0
code[4]                                      0
code[5]                                      0
code[6]                                      0
code[7]                                      0
vbp                                    1.06357
vbn                                   0.164803
a                                            0
xdrv.net1                              1.31984
b                                      1.31984
xdrv.net2                          0.000146387
xdut.net1                              1.31949
y                                  0.000557011
xdut.net2                          0.000553121
xload.net1                             1.31984
z                                      1.31984
xload.net2                         0.000148079
xload2.net1                            1.31949
zz                                 0.000550663
xload2.net2                        0.000546818
vin#branch                         1.70013e-11
vc7#branch                         3.81278e-11
vc6#branch                         1.90605e-11
vc5#branch                         9.52678e-12
vc4#branch                         4.75995e-12
vc3#branch                         2.37653e-12
vc2#branch                         1.18482e-12
vc1#branch                         5.88965e-13
vc0#branch                         2.91037e-13
vdd#branch                        -5.32689e-06

 Reference value :  1.84977e-08
 Reference value :  1.06406e-07
 Reference value :  1.71311e-07
 Reference value :  2.49745e-07
 Reference value :  3.36601e-07
 Reference value :  4.11400e-07
 Reference value :  4.81411e-07
 Reference value :  5.68004e-07
 Reference value :  6.55386e-07
 Reference value :  7.13403e-07
 Reference value :  7.97627e-07
 Reference value :  8.84747e-07
 Reference value :  9.52702e-07
 Reference value :  1.03219e-06
 Reference value :  1.11957e-06
 Reference value :  1.19680e-06
 Reference value :  1.26313e-06
 Reference value :  1.34998e-06
 Reference value :  1.43710e-06
 Reference value :  1.49795e-06
No. of Data Rows : 6065
tin_f               =  6.63158e-07
tout_r              =  6.78876e-07
tin_r               =  9.32449e-07
tout_f              =  9.45640e-07
tplh=1.57182E-08 tphl=1.31911E-08
t40r                =  6.74814e-07
t60r                =  6.82795e-07
t60f                =  9.44001e-07
t40f                =  9.47891e-07
sr_r=3.30794E+07 sr_f=-6.78646E+07
tr                  =  6.70260e-07
tr8                 =  6.91199e-07
tf                  =  9.39861e-07
tf2                 =  9.53991e-07
trise=2.09394E-08 tfall=1.41302E-08
Note: Simulation executed from .control section 
