
Note: No compatibility mode selected!


Circuit: * tt_analog_ring, code 128

Doing analysis at TEMP = 125.000000 and TNOM = 27.000000

Using SPARSE 1.3 as Direct Linear Solver
 Reference value :  0.00000e+00
No. of Data Rows : 1
idd_dis=0.000256435 vbp=0.689195 vbn=0.509271 clk_dis=1.32
Doing analysis at TEMP = 125.000000 and TNOM = 27.000000

Using SPARSE 1.3 as Direct Linear Solver

Initial Transient Solution
--------------------------

Node                                   Voltage
----                                   -------
vpwr                                      1.32
code[0]                                      0
code[1]                                      0
code[2]                                      0
code[3]                                      0
code[4]                                      0
code[5]                                      0
code[6]                                      0
code[7]                                   1.32
enable                                       0
xdut.vbp                              0.689195
xdut.vbn                              0.509271
xdut.n0                            2.00999e-06
xdut.p0                                   1.32
xdut.na0                               1.12859
xdut.s0                                   1.32
xdut.s10                                  1.32
xdut.n1                            5.31893e-06
xdut.p1                                   1.32
xdut.s1                            5.97511e-06
xdut.n2                            8.62258e-07
xdut.p2                                   1.32
xdut.s2                                   1.32
xdut.n3                            5.31882e-06
xdut.p3                                   1.32
xdut.s3                            5.97498e-06
xdut.n4                            8.62258e-07
xdut.p4                                   1.32
xdut.s4                                   1.32
xdut.n5                            5.31882e-06
xdut.p5                                   1.32
xdut.s5                            5.97498e-06
xdut.n6                            8.62258e-07
xdut.p6                                   1.32
xdut.s6                                   1.32
xdut.n7                            5.31882e-06
xdut.p7                                   1.32
xdut.s7                            5.97498e-06
xdut.n8                            8.62258e-07
xdut.p8                                   1.32
xdut.s8                                   1.32
xdut.n9                            5.31882e-06
xdut.p9                                   1.32
xdut.s9                            5.97498e-06
xdut.n10                           8.62258e-07
xdut.p10                                  1.32
xdut.b1                            7.06376e-07
clk_out                                   1.32
ven#branch                         5.14921e-12
vc7#branch                        -4.61043e-08
vc6#branch                          1.0106e-12
vc5#branch                         5.05302e-13
vc4#branch                         2.52651e-13
vc3#branch                         1.26326e-13
vc2#branch                         6.31628e-14
vc1#branch                         3.15814e-14
vc0#branch                         1.57907e-14
vdd#branch                        -0.000256435

 Reference value :  0.00000e+00
 Reference value :  1.02702e-09
 Reference value :  2.26142e-09
 Reference value :  3.49582e-09
 Reference value :  4.66850e-09
 Reference value :  5.90290e-09
 Reference value :  7.13730e-09
 Reference value :  8.37170e-09
 Reference value :  9.36826e-09
 Reference value :  1.01459e-08
 Reference value :  1.08866e-08
 Reference value :  1.15964e-08
 Reference value :  1.23370e-08
 Reference value :  1.31085e-08
 Reference value :  1.38491e-08
 Reference value :  1.45589e-08
 Reference value :  1.52687e-08
 Reference value :  1.60093e-08
 Reference value :  1.67191e-08
 Reference value :  1.74598e-08
 Reference value :  1.82004e-08
 Reference value :  1.90028e-08
 Reference value :  1.97434e-08
 Reference value :  2.04532e-08
 Reference value :  2.11012e-08
 Reference value :  2.18727e-08
 Reference value :  2.26134e-08
 Reference value :  2.32923e-08
 Reference value :  2.40021e-08
 Reference value :  2.47427e-08
 Reference value :  2.55142e-08
 Reference value :  2.62240e-08
 Reference value :  2.69646e-08
 Reference value :  2.76744e-08
 Reference value :  2.84151e-08
 Reference value :  2.91866e-08
 Reference value :  2.98655e-08
 Reference value :  3.05753e-08
 Reference value :  3.13468e-08
 Reference value :  3.20565e-08
 Reference value :  3.27663e-08
 Reference value :  3.35069e-08
 Reference value :  3.42784e-08
 Reference value :  3.49882e-08
 Reference value :  3.56671e-08
 Reference value :  3.63769e-08
 Reference value :  3.71793e-08
 Reference value :  3.78891e-08
 Reference value :  3.86297e-08
 Reference value :  3.92778e-08
 Reference value :  4.00184e-08
 Reference value :  4.07590e-08
 Reference value :  4.14688e-08
 Reference value :  4.21477e-08
 Reference value :  4.28884e-08
 Reference value :  4.36599e-08
 Reference value :  4.43388e-08
 Reference value :  4.50486e-08
 Reference value :  4.57275e-08
 Reference value :  4.64990e-08
 Reference value :  4.72396e-08
 Reference value :  4.79803e-08
 Reference value :  4.86901e-08
 Reference value :  4.94924e-08
 Reference value :  5.02022e-08
 Reference value :  5.09120e-08
 Reference value :  5.15909e-08
 Reference value :  5.23315e-08
 Reference value :  5.31030e-08
 Reference value :  5.38128e-08
 Reference value :  5.45226e-08
 Reference value :  5.52324e-08
 Reference value :  5.60039e-08
 Reference value :  5.67137e-08
 Reference value :  5.74234e-08
 Reference value :  5.81332e-08
 Reference value :  5.89356e-08
 Reference value :  5.96454e-08
 Reference value :  6.03551e-08
 Reference value :  6.10649e-08
 Reference value :  6.18364e-08
 Reference value :  6.25771e-08
 Reference value :  6.32868e-08
 Reference value :  6.39966e-08
 Reference value :  6.47990e-08
 Reference value :  6.55396e-08
 Reference value :  6.62803e-08
 Reference value :  6.69900e-08
 Reference value :  6.77924e-08
 Reference value :  6.85330e-08
 Reference value :  6.92428e-08
 Reference value :  6.99526e-08
 Reference value :  7.06932e-08
 Reference value :  7.14339e-08
 Reference value :  7.21437e-08
 Reference value :  7.28843e-08
 Reference value :  7.36249e-08
 Reference value :  7.44273e-08
 Reference value :  7.51371e-08
 Reference value :  7.58777e-08
 Reference value :  7.65875e-08
 Reference value :  7.73899e-08
 Reference value :  7.81305e-08
 Reference value :  7.88403e-08
 Reference value :  7.95192e-08
 Reference value :  8.03216e-08
 Reference value :  8.10314e-08
 Reference value :  8.17720e-08
 Reference value :  8.25126e-08
 Reference value :  8.33459e-08
 Reference value :  8.40248e-08
 Reference value :  8.47654e-08
 Reference value :  8.54752e-08
 Reference value :  8.62776e-08
 Reference value :  8.69873e-08
 Reference value :  8.76663e-08
 Reference value :  8.83143e-08
 Reference value :  8.90550e-08
 Reference value :  8.97647e-08
 Reference value :  9.04745e-08
 Reference value :  9.11534e-08
 Reference value :  9.18632e-08
 Reference value :  9.26964e-08
 Reference value :  9.34062e-08
 Reference value :  9.41160e-08
 Reference value :  9.47949e-08
 Reference value :  9.55973e-08
 Reference value :  9.63071e-08
 Reference value :  9.70477e-08
 Reference value :  9.77266e-08
 Reference value :  9.84981e-08
 Reference value :  9.92079e-08
 Reference value :  9.99177e-08
 Reference value :  1.00627e-07
 Reference value :  1.01337e-07
 Reference value :  1.02078e-07
 Reference value :  1.02788e-07
 Reference value :  1.03528e-07
 Reference value :  1.04269e-07
 Reference value :  1.05040e-07
 Reference value :  1.05781e-07
 Reference value :  1.06460e-07
 Reference value :  1.07170e-07
 Reference value :  1.07941e-07
 Reference value :  1.08651e-07
 Reference value :  1.09361e-07
 Reference value :  1.10071e-07
 Reference value :  1.10873e-07
 Reference value :  1.11583e-07
 Reference value :  1.12354e-07
 Reference value :  1.13033e-07
 Reference value :  1.13774e-07
 Reference value :  1.14514e-07
 Reference value :  1.15255e-07
 Reference value :  1.15965e-07
 Reference value :  1.16675e-07
 Reference value :  1.17446e-07
 Reference value :  1.18156e-07
 Reference value :  1.18866e-07
 Reference value :  1.19575e-07
 Reference value :  1.20316e-07
 Reference value :  1.21057e-07
 Reference value :  1.21767e-07
 Reference value :  1.22507e-07
 Reference value :  1.23310e-07
 Reference value :  1.24019e-07
 Reference value :  1.24760e-07
 Reference value :  1.25470e-07
 Reference value :  1.26272e-07
 Reference value :  1.26982e-07
 Reference value :  1.27723e-07
 Reference value :  1.28432e-07
 Reference value :  1.29266e-07
 Reference value :  1.30006e-07
 Reference value :  1.30747e-07
 Reference value :  1.31457e-07
 Reference value :  1.32228e-07
 Reference value :  1.33000e-07
 Reference value :  1.33740e-07
 Reference value :  1.34419e-07
 Reference value :  1.35160e-07
 Reference value :  1.35870e-07
 Reference value :  1.36548e-07
 Reference value :  1.37258e-07
 Reference value :  1.37968e-07
 Reference value :  1.38740e-07
 Reference value :  1.39480e-07
 Reference value :  1.40221e-07
 Reference value :  1.40961e-07
 Reference value :  1.41733e-07
 Reference value :  1.42474e-07
 Reference value :  1.43153e-07
 Reference value :  1.43862e-07
 Reference value :  1.44665e-07
 Reference value :  1.45405e-07
 Reference value :  1.46115e-07
 Reference value :  1.46794e-07
 Reference value :  1.47596e-07
 Reference value :  1.48306e-07
 Reference value :  1.49047e-07
 Reference value :  1.49787e-07
 Reference value :  1.50559e-07
 Reference value :  1.51300e-07
 Reference value :  1.52009e-07
 Reference value :  1.52750e-07
 Reference value :  1.53521e-07
 Reference value :  1.54293e-07
 Reference value :  1.55003e-07
 Reference value :  1.55713e-07
 Reference value :  1.56453e-07
 Reference value :  1.57194e-07
 Reference value :  1.57934e-07
 Reference value :  1.58675e-07
 Reference value :  1.59447e-07
 Reference value :  1.60249e-07
 Reference value :  1.60959e-07
 Reference value :  1.61699e-07
 Reference value :  1.62409e-07
 Reference value :  1.63212e-07
 Reference value :  1.63921e-07
 Reference value :  1.64600e-07
 Reference value :  1.65310e-07
 Reference value :  1.66143e-07
 Reference value :  1.66853e-07
 Reference value :  1.67563e-07
 Reference value :  1.68334e-07
 Reference value :  1.69137e-07
 Reference value :  1.69846e-07
 Reference value :  1.70587e-07
 Reference value :  1.71328e-07
 Reference value :  1.72130e-07
 Reference value :  1.72840e-07
 Reference value :  1.73550e-07
 Reference value :  1.74229e-07
 Reference value :  1.75000e-07
 Reference value :  1.75741e-07
 Reference value :  1.76420e-07
 Reference value :  1.77099e-07
 Reference value :  1.77870e-07
 Reference value :  1.78642e-07
 Reference value :  1.79320e-07
 Reference value :  1.80030e-07
 Reference value :  1.80740e-07
 Reference value :  1.81542e-07
 Reference value :  1.82252e-07
 Reference value :  1.82962e-07
 Reference value :  1.83641e-07
 Reference value :  1.84443e-07
 Reference value :  1.85153e-07
No. of Data Rows : 6015
vhold_min           =  1.32000e+00 at=  2.55521e-10
tfirst              =  1.28181e-08
t1                  =  1.13988e-07
t2                  =  1.20117e-07
t3                  =  1.26248e-07
t4                  =  1.32378e-07
t5                  =  1.38508e-07
t6                  =  1.44638e-07
t7                  =  1.50768e-07
t8                  =  1.56898e-07
t9                  =  1.63029e-07
t10                 =  1.69158e-07
t11                 =  1.75289e-07
t12                 =  1.81419e-07
idd_run             =  -2.69743e-04 from=  1.11100e-07 to=  1.85200e-07
vmax                =  1.32937e+00 at=  1.78148e-07
vmin                =  -5.54952e-03 at=  1.26056e-07
Note: Simulation executed from .control section 
Note: Starting dynamic gmin stepping
Note: Dynamic gmin stepping completed
Note: Starting dynamic gmin stepping
Note: Dynamic gmin stepping completed
