
Note: No compatibility mode selected!


Circuit: * tt_analog_ring, code 1

Doing analysis at TEMP = 27.000000 and TNOM = 27.000000

Using SPARSE 1.3 as Direct Linear Solver
 Reference value :  0.00000e+00
No. of Data Rows : 1
idd_dis=9.74464E-06 vbp=0.978966 vbn=0.305447 clk_dis=1.32
Doing analysis at TEMP = 27.000000 and TNOM = 27.000000

Using SPARSE 1.3 as Direct Linear Solver

Initial Transient Solution
--------------------------

Node                                   Voltage
----                                   -------
vpwr                                      1.32
code[0]                                   1.32
code[1]                                      0
code[2]                                      0
code[3]                                      0
code[4]                                      0
code[5]                                      0
code[6]                                      0
code[7]                                      0
enable                                       0
xdut.vbp                              0.978966
xdut.vbn                              0.305447
xdut.n0                              5.387e-07
xdut.p0                                1.31999
xdut.na0                               1.12475
xdut.s0                                1.31999
xdut.s10                                  1.32
xdut.n1                            2.35959e-05
xdut.p1                                1.31998
xdut.s1                            2.38561e-05
xdut.n2                            2.26815e-07
xdut.p2                                   1.32
xdut.s2                                   1.32
xdut.n3                            2.35956e-05
xdut.p3                                1.31998
xdut.s3                            2.38558e-05
xdut.n4                            2.26815e-07
xdut.p4                                   1.32
xdut.s4                                   1.32
xdut.n5                            2.35956e-05
xdut.p5                                1.31998
xdut.s5                            2.38558e-05
xdut.n6                            2.26815e-07
xdut.p6                                   1.32
xdut.s6                                   1.32
xdut.n7                            2.35956e-05
xdut.p7                                1.31998
xdut.s7                            2.38558e-05
xdut.n8                            2.26815e-07
xdut.p8                                   1.32
xdut.s8                                   1.32
xdut.n9                            2.35956e-05
xdut.p9                                1.31998
xdut.s9                            2.38558e-05
xdut.n10                           2.26815e-07
xdut.p10                                  1.32
xdut.b1                            4.03183e-07
clk_out                                   1.32
ven#branch                         1.80232e-11
vc7#branch                         5.26198e-12
vc6#branch                         2.63099e-12
vc5#branch                         1.31549e-12
vc4#branch                         6.57747e-13
vc3#branch                         3.28874e-13
vc2#branch                         1.64437e-13
vc1#branch                         8.22184e-14
vc0#branch                        -3.71308e-10
vdd#branch                        -9.74464e-06

 Reference value :  0.00000e+00
 Reference value :  3.59407e-08
 Reference value :  8.07517e-08
 Reference value :  1.24414e-07
 Reference value :  1.66927e-07
 Reference value :  2.11738e-07
 Reference value :  2.57698e-07
 Reference value :  3.02509e-07
 Reference value :  3.44830e-07
 Reference value :  3.59324e-07
 Reference value :  3.81155e-07
 Reference value :  4.01837e-07
 Reference value :  4.24817e-07
 Reference value :  4.45830e-07
 Reference value :  4.67661e-07
 Reference value :  4.89492e-07
 Reference value :  5.10174e-07
 Reference value :  5.30135e-07
 Reference value :  5.51966e-07
 Reference value :  5.73797e-07
 Reference value :  5.94479e-07
 Reference value :  6.15328e-07
 Reference value :  6.38308e-07
 Reference value :  6.58990e-07
 Reference value :  6.81970e-07
 Reference value :  7.00777e-07
 Reference value :  7.22608e-07
 Reference value :  7.43290e-07
 Reference value :  7.65121e-07
 Reference value :  7.86461e-07
 Reference value :  8.08567e-07
 Reference value :  8.31547e-07
 Reference value :  8.52229e-07
 Reference value :  8.75209e-07
 Reference value :  8.94061e-07
 Reference value :  9.15892e-07
 Reference value :  9.37723e-07
 Reference value :  9.60703e-07
 Reference value :  9.81554e-07
 Reference value :  1.00224e-06
 Reference value :  1.02522e-06
 Reference value :  1.04590e-06
 Reference value :  1.06589e-06
 Reference value :  1.08772e-06
 Reference value :  1.10840e-06
 Reference value :  1.12908e-06
 Reference value :  1.14729e-06
 Reference value :  1.17027e-06
 Reference value :  1.19095e-06
 Reference value :  1.21393e-06
 Reference value :  1.23285e-06
 Reference value :  1.25583e-06
 Reference value :  1.27766e-06
 Reference value :  1.29949e-06
 Reference value :  1.32024e-06
 Reference value :  1.34322e-06
 Reference value :  1.36505e-06
 Reference value :  1.38688e-06
 Reference value :  1.40872e-06
 Reference value :  1.42988e-06
 Reference value :  1.45171e-06
 Reference value :  1.47354e-06
 Reference value :  1.49422e-06
 Reference value :  1.51345e-06
 Reference value :  1.53528e-06
 Reference value :  1.55711e-06
 Reference value :  1.57780e-06
 Reference value :  1.59790e-06
 Reference value :  1.62088e-06
 Reference value :  1.64156e-06
 Reference value :  1.66454e-06
 Reference value :  1.68416e-06
 Reference value :  1.70599e-06
 Reference value :  1.72667e-06
 Reference value :  1.74850e-06
 Reference value :  1.76740e-06
 Reference value :  1.78923e-06
 Reference value :  1.80991e-06
 Reference value :  1.83174e-06
 Reference value :  1.85139e-06
 Reference value :  1.87281e-06
 Reference value :  1.89579e-06
 Reference value :  1.91648e-06
 Reference value :  1.93946e-06
 Reference value :  1.95960e-06
 Reference value :  1.98143e-06
 Reference value :  2.00441e-06
 Reference value :  2.02625e-06
 Reference value :  2.04694e-06
 Reference value :  2.06763e-06
 Reference value :  2.08946e-06
 Reference value :  2.11129e-06
 Reference value :  2.13136e-06
 Reference value :  2.15319e-06
 Reference value :  2.17388e-06
 Reference value :  2.19686e-06
 Reference value :  2.21592e-06
 Reference value :  2.23776e-06
 Reference value :  2.25844e-06
 Reference value :  2.28027e-06
 Reference value :  2.30088e-06
 Reference value :  2.32271e-06
 Reference value :  2.34339e-06
 Reference value :  2.36522e-06
 Reference value :  2.38545e-06
 Reference value :  2.40728e-06
 Reference value :  2.42911e-06
 Reference value :  2.44980e-06
 Reference value :  2.47278e-06
 Reference value :  2.49014e-06
 Reference value :  2.51082e-06
 Reference value :  2.53151e-06
 Reference value :  2.55334e-06
 Reference value :  2.57452e-06
 Reference value :  2.59635e-06
 Reference value :  2.61818e-06
 Reference value :  2.63886e-06
 Reference value :  2.65863e-06
 Reference value :  2.67816e-06
 Reference value :  2.70114e-06
 Reference value :  2.72182e-06
 Reference value :  2.74176e-06
 Reference value :  2.76359e-06
 Reference value :  2.78542e-06
 Reference value :  2.80725e-06
 Reference value :  2.82869e-06
 Reference value :  2.85123e-06
 Reference value :  2.87192e-06
 Reference value :  2.89260e-06
 Reference value :  2.91328e-06
 Reference value :  2.93423e-06
 Reference value :  2.95491e-06
 Reference value :  2.97674e-06
 Reference value :  2.99742e-06
 Reference value :  3.01723e-06
 Reference value :  3.03906e-06
 Reference value :  3.06089e-06
 Reference value :  3.08157e-06
 Reference value :  3.10238e-06
 Reference value :  3.12421e-06
 Reference value :  3.14489e-06
 Reference value :  3.16787e-06
 Reference value :  3.18773e-06
 Reference value :  3.20956e-06
 Reference value :  3.23139e-06
 Reference value :  3.25207e-06
 Reference value :  3.27404e-06
 Reference value :  3.29702e-06
 Reference value :  3.31770e-06
 Reference value :  3.33839e-06
 Reference value :  3.36022e-06
 Reference value :  3.38123e-06
 Reference value :  3.40191e-06
 Reference value :  3.42374e-06
 Reference value :  3.44557e-06
 Reference value :  3.46521e-06
 Reference value :  3.48704e-06
 Reference value :  3.51002e-06
 Reference value :  3.53185e-06
 Reference value :  3.55174e-06
 Reference value :  3.57472e-06
 Reference value :  3.59540e-06
 Reference value :  3.61838e-06
 Reference value :  3.63914e-06
 Reference value :  3.65982e-06
 Reference value :  3.68166e-06
 Reference value :  3.70349e-06
 Reference value :  3.72340e-06
 Reference value :  3.74523e-06
 Reference value :  3.76821e-06
 Reference value :  3.78889e-06
 Reference value :  3.81078e-06
 Reference value :  3.83376e-06
 Reference value :  3.85445e-06
 Reference value :  3.87743e-06
 Reference value :  3.89735e-06
 Reference value :  3.92033e-06
 Reference value :  3.94216e-06
 Reference value :  3.96284e-06
 Reference value :  3.98241e-06
 Reference value :  4.00539e-06
 Reference value :  4.02722e-06
 Reference value :  4.04790e-06
 Reference value :  4.06973e-06
 Reference value :  4.08967e-06
 Reference value :  4.11036e-06
 Reference value :  4.13219e-06
 Reference value :  4.15517e-06
 Reference value :  4.17589e-06
 Reference value :  4.19658e-06
 Reference value :  4.21841e-06
 Reference value :  4.23909e-06
 Reference value :  4.25789e-06
 Reference value :  4.27972e-06
 Reference value :  4.30155e-06
 Reference value :  4.32224e-06
 Reference value :  4.34280e-06
 Reference value :  4.36578e-06
 Reference value :  4.38646e-06
 Reference value :  4.40944e-06
 Reference value :  4.42944e-06
 Reference value :  4.45242e-06
 Reference value :  4.47426e-06
 Reference value :  4.49494e-06
 Reference value :  4.51576e-06
 Reference value :  4.53874e-06
 Reference value :  4.56057e-06
 Reference value :  4.58240e-06
 Reference value :  4.60276e-06
 Reference value :  4.62535e-06
 Reference value :  4.64718e-06
 Reference value :  4.66786e-06
 Reference value :  4.68919e-06
 Reference value :  4.71128e-06
 Reference value :  4.73426e-06
 Reference value :  4.75494e-06
 Reference value :  4.77792e-06
 Reference value :  4.79793e-06
 Reference value :  4.81976e-06
 Reference value :  4.84159e-06
 Reference value :  4.86457e-06
 Reference value :  4.88427e-06
 Reference value :  4.90610e-06
 Reference value :  4.92908e-06
 Reference value :  4.95206e-06
 Reference value :  4.97206e-06
 Reference value :  4.99389e-06
 Reference value :  5.01457e-06
 Reference value :  5.03755e-06
 Reference value :  5.05806e-06
 Reference value :  5.07990e-06
 Reference value :  5.10173e-06
 Reference value :  5.12356e-06
 Reference value :  5.14363e-06
 Reference value :  5.16661e-06
 Reference value :  5.18844e-06
 Reference value :  5.21028e-06
 Reference value :  5.23100e-06
 Reference value :  5.25398e-06
 Reference value :  5.27581e-06
 Reference value :  5.29765e-06
 Reference value :  5.31653e-06
 Reference value :  5.33836e-06
 Reference value :  5.36019e-06
 Reference value :  5.38202e-06
 Reference value :  5.40238e-06
 Reference value :  5.42421e-06
 Reference value :  5.44604e-06
 Reference value :  5.46672e-06
 Reference value :  5.48856e-06
 Reference value :  5.50984e-06
 Reference value :  5.53053e-06
 Reference value :  5.55236e-06
 Reference value :  5.57534e-06
 Reference value :  5.59723e-06
 Reference value :  5.61906e-06
 Reference value :  5.64089e-06
 Reference value :  5.66387e-06
 Reference value :  5.68277e-06
 Reference value :  5.70461e-06
 Reference value :  5.72529e-06
 Reference value :  5.74942e-06
 Reference value :  5.76741e-06
 Reference value :  5.78809e-06
 Reference value :  5.80877e-06
 Reference value :  5.83060e-06
 Reference value :  5.85090e-06
 Reference value :  5.87273e-06
 Reference value :  5.89456e-06
 Reference value :  5.91524e-06
 Reference value :  5.93456e-06
 Reference value :  5.95754e-06
 Reference value :  5.97937e-06
 Reference value :  6.00006e-06
 Reference value :  6.02164e-06
 Reference value :  6.04434e-06
 Reference value :  6.06502e-06
 Reference value :  6.08685e-06
 Reference value :  6.10818e-06
 Reference value :  6.13029e-06
 Reference value :  6.15327e-06
 Reference value :  6.17395e-06
 Reference value :  6.19693e-06
 Reference value :  6.21711e-06
 Reference value :  6.23779e-06
 Reference value :  6.25962e-06
 Reference value :  6.28260e-06
 Reference value :  6.30190e-06
 Reference value :  6.32373e-06
 Reference value :  6.34556e-06
 Reference value :  6.36739e-06
 Reference value :  6.38758e-06
 Reference value :  6.41056e-06
 Reference value :  6.43125e-06
 Reference value :  6.45423e-06
 Reference value :  6.47461e-06
 Reference value :  6.49644e-06
 Reference value :  6.51827e-06
 Reference value :  6.53895e-06
 Reference value :  6.55807e-06
 Reference value :  6.57990e-06
 Reference value :  6.60173e-06
 Reference value :  6.62356e-06
 Reference value :  6.64161e-06
 Reference value :  6.66332e-06
 Reference value :  6.68515e-06
 Reference value :  6.70583e-06
 Reference value :  6.72766e-06
 Reference value :  6.74830e-06
 Reference value :  6.77013e-06
 Reference value :  6.79196e-06
 Reference value :  6.81264e-06
 Reference value :  6.83437e-06
 Reference value :  6.85505e-06
 Reference value :  6.87688e-06
 Reference value :  6.89700e-06
No. of Data Rows : 6078
vhold_min           =  1.32000e+00 at=  1.47072e-09
tfirst              =  4.30004e-07
t1                  =  4.24659e-06
t2                  =  4.42388e-06
t3                  =  4.60140e-06
t4                  =  4.77862e-06
t5                  =  4.95613e-06
t6                  =  5.13343e-06
t7                  =  5.31091e-06
t8                  =  5.48818e-06
t9                  =  5.66566e-06
t10                 =  5.84296e-06
t11                 =  6.02030e-06
t12                 =  6.19766e-06
idd_run             =  -1.12926e-05 from=  4.13800e-06 to=  6.89700e-06
vmax                =  1.34537e+00 at=  4.24794e-06
vmin                =  -2.09342e-02 at=  4.86650e-06
Note: Simulation executed from .control section 
Note: Starting dynamic gmin stepping
Note: Dynamic gmin stepping completed
Note: Starting dynamic gmin stepping
Note: Dynamic gmin stepping completed
