
Note: No compatibility mode selected!


Circuit: * tt_analog_ring, code 0

Doing analysis at TEMP = 27.000000 and TNOM = 27.000000

Using SPARSE 1.3 as Direct Linear Solver
 Reference value :  0.00000e+00
No. of Data Rows : 1
idd_dis=8.14833E-06 vbp=1.01135 vbn=0.213318 clk_dis=1.32
Doing analysis at TEMP = 27.000000 and TNOM = 27.000000

Using SPARSE 1.3 as Direct Linear Solver

Initial Transient Solution
--------------------------

Node                                   Voltage
----                                   -------
vpwr                                      1.32
code[0]                                      0
code[1]                                      0
code[2]                                      0
code[3]                                      0
code[4]                                      0
code[5]                                      0
code[6]                                      0
code[7]                                      0
enable                                       0
xdut.vbp                               1.01135
xdut.vbn                              0.213318
xdut.n0                            1.79893e-05
xdut.p0                                1.31997
xdut.na0                               1.13944
xdut.s0                                1.31997
xdut.s10                               1.31997
xdut.n1                            7.56706e-05
xdut.p1                                1.31994
xdut.s1                            7.64243e-05
xdut.n2                            9.74193e-06
xdut.p2                                1.31998
xdut.s2                                1.31997
xdut.n3                            7.56582e-05
xdut.p3                                1.31994
xdut.s3                            7.64117e-05
xdut.n4                            9.74193e-06
xdut.p4                                1.31998
xdut.s4                                1.31997
xdut.n5                            7.56582e-05
xdut.p5                                1.31994
xdut.s5                            7.64117e-05
xdut.n6                            9.74193e-06
xdut.p6                                1.31998
xdut.s6                                1.31997
xdut.n7                            7.56582e-05
xdut.p7                                1.31994
xdut.s7                            7.64117e-05
xdut.n8                            9.74193e-06
xdut.p8                                1.31998
xdut.s8                                1.31997
xdut.n9                            7.56582e-05
xdut.p9                                1.31994
xdut.s9                            7.64117e-05
xdut.n10                           9.74193e-06
xdut.p10                               1.31998
xdut.b1                            1.00427e-06
clk_out                                   1.32
ven#branch                         3.36331e-11
vc7#branch                         4.90676e-11
vc6#branch                         2.45338e-11
vc5#branch                         1.22669e-11
vc4#branch                         6.13345e-12
vc3#branch                         3.06672e-12
vc2#branch                         1.53336e-12
vc1#branch                         7.66681e-13
vc0#branch                          3.8334e-13
vdd#branch                        -8.14833e-06

 Reference value :  0.00000e+00
 Reference value :  5.83731e-08
 Reference value :  1.25025e-07
 Reference value :  1.89923e-07
 Reference value :  2.58329e-07
 Reference value :  3.28489e-07
 Reference value :  3.98649e-07
 Reference value :  4.67055e-07
 Reference value :  5.26365e-07
 Reference value :  5.47479e-07
 Reference value :  5.79051e-07
 Reference value :  6.12377e-07
 Reference value :  6.39135e-07
 Reference value :  6.72461e-07
 Reference value :  7.02279e-07
 Reference value :  7.33851e-07
 Reference value :  7.62851e-07
 Reference value :  7.96177e-07
 Reference value :  8.27749e-07
 Reference value :  8.57567e-07
 Reference value :  8.85140e-07
 Reference value :  9.16712e-07
 Reference value :  9.46530e-07
 Reference value :  9.76348e-07
 Reference value :  1.00652e-06
 Reference value :  1.03634e-06
 Reference value :  1.06966e-06
 Reference value :  1.09972e-06
 Reference value :  1.13305e-06
 Reference value :  1.16286e-06
 Reference value :  1.19444e-06
 Reference value :  1.22516e-06
 Reference value :  1.25673e-06
 Reference value :  1.28831e-06
 Reference value :  1.31794e-06
 Reference value :  1.34759e-06
 Reference value :  1.38092e-06
 Reference value :  1.41249e-06
 Reference value :  1.43931e-06
 Reference value :  1.47089e-06
 Reference value :  1.50246e-06
 Reference value :  1.53228e-06
 Reference value :  1.56240e-06
 Reference value :  1.59222e-06
 Reference value :  1.62379e-06
 Reference value :  1.65536e-06
 Reference value :  1.68609e-06
 Reference value :  1.71591e-06
 Reference value :  1.74748e-06
 Reference value :  1.77464e-06
 Reference value :  1.80660e-06
 Reference value :  1.83817e-06
 Reference value :  1.86974e-06
 Reference value :  1.89733e-06
 Reference value :  1.92890e-06
 Reference value :  1.95872e-06
 Reference value :  1.99029e-06
 Reference value :  2.01871e-06
 Reference value :  2.04853e-06
 Reference value :  2.08010e-06
 Reference value :  2.10992e-06
 Reference value :  2.13897e-06
 Reference value :  2.17054e-06
 Reference value :  2.20036e-06
 Reference value :  2.22822e-06
 Reference value :  2.25646e-06
 Reference value :  2.28628e-06
 Reference value :  2.31610e-06
 Reference value :  2.34592e-06
 Reference value :  2.37628e-06
 Reference value :  2.40610e-06
 Reference value :  2.43591e-06
 Reference value :  2.46392e-06
 Reference value :  2.49725e-06
 Reference value :  2.52707e-06
 Reference value :  2.55688e-06
 Reference value :  2.58583e-06
 Reference value :  2.61741e-06
 Reference value :  2.64722e-06
 Reference value :  2.67880e-06
 Reference value :  2.70876e-06
 Reference value :  2.74033e-06
 Reference value :  2.77190e-06
 Reference value :  2.80143e-06
 Reference value :  2.83618e-06
 Reference value :  2.86776e-06
 Reference value :  2.89933e-06
 Reference value :  2.92772e-06
 Reference value :  2.95753e-06
 Reference value :  2.98735e-06
 Reference value :  3.01717e-06
 Reference value :  3.04614e-06
 Reference value :  3.07771e-06
 Reference value :  3.10753e-06
 Reference value :  3.13735e-06
 Reference value :  3.16537e-06
 Reference value :  3.19519e-06
 Reference value :  3.22501e-06
 Reference value :  3.25482e-06
 Reference value :  3.28516e-06
 Reference value :  3.31498e-06
 Reference value :  3.34655e-06
 Reference value :  3.37463e-06
 Reference value :  3.40796e-06
 Reference value :  3.43778e-06
 Reference value :  3.46759e-06
 Reference value :  3.49659e-06
 Reference value :  3.52992e-06
 Reference value :  3.55974e-06
 Reference value :  3.59131e-06
 Reference value :  3.61475e-06
 Reference value :  3.64457e-06
 Reference value :  3.67790e-06
 Reference value :  3.70947e-06
 Reference value :  3.73967e-06
 Reference value :  3.76948e-06
 Reference value :  3.79930e-06
 Reference value :  3.82790e-06
 Reference value :  3.86122e-06
 Reference value :  3.89104e-06
 Reference value :  3.92261e-06
 Reference value :  3.94709e-06
 Reference value :  3.97866e-06
 Reference value :  4.01023e-06
 Reference value :  4.04181e-06
 Reference value :  4.06978e-06
 Reference value :  4.09960e-06
 Reference value :  4.13117e-06
 Reference value :  4.16099e-06
 Reference value :  4.19173e-06
 Reference value :  4.22330e-06
 Reference value :  4.25487e-06
 Reference value :  4.28134e-06
 Reference value :  4.31237e-06
 Reference value :  4.34219e-06
 Reference value :  4.37376e-06
 Reference value :  4.40025e-06
 Reference value :  4.43358e-06
 Reference value :  4.46339e-06
 Reference value :  4.49497e-06
 Reference value :  4.52127e-06
 Reference value :  4.55285e-06
 Reference value :  4.58442e-06
 Reference value :  4.61424e-06
 Reference value :  4.64295e-06
 Reference value :  4.67453e-06
 Reference value :  4.70610e-06
 Reference value :  4.73539e-06
 Reference value :  4.76430e-06
 Reference value :  4.79412e-06
 Reference value :  4.82394e-06
 Reference value :  4.85292e-06
 Reference value :  4.88624e-06
 Reference value :  4.91606e-06
 Reference value :  4.94587e-06
 Reference value :  4.97161e-06
 Reference value :  5.00142e-06
 Reference value :  5.02949e-06
 Reference value :  5.06106e-06
 Reference value :  5.09247e-06
 Reference value :  5.12404e-06
 Reference value :  5.15561e-06
 Reference value :  5.18718e-06
 Reference value :  5.21723e-06
 Reference value :  5.24880e-06
 Reference value :  5.27687e-06
 Reference value :  5.30633e-06
 Reference value :  5.33922e-06
 Reference value :  5.36904e-06
 Reference value :  5.39885e-06
 Reference value :  5.42260e-06
 Reference value :  5.45417e-06
 Reference value :  5.48399e-06
 Reference value :  5.51381e-06
 Reference value :  5.54211e-06
 Reference value :  5.57543e-06
 Reference value :  5.60525e-06
 Reference value :  5.63858e-06
 Reference value :  5.66508e-06
 Reference value :  5.69665e-06
 Reference value :  5.72647e-06
 Reference value :  5.75804e-06
 Reference value :  5.78625e-06
 Reference value :  5.81607e-06
 Reference value :  5.84764e-06
 Reference value :  5.87300e-06
 Reference value :  5.90493e-06
 Reference value :  5.93650e-06
 Reference value :  5.96808e-06
 Reference value :  5.99474e-06
 Reference value :  6.02632e-06
 Reference value :  6.05964e-06
 Reference value :  6.09121e-06
 Reference value :  6.11587e-06
 Reference value :  6.14744e-06
 Reference value :  6.17902e-06
 Reference value :  6.20883e-06
 Reference value :  6.23951e-06
 Reference value :  6.27108e-06
 Reference value :  6.30265e-06
 Reference value :  6.32837e-06
 Reference value :  6.35898e-06
 Reference value :  6.38880e-06
 Reference value :  6.41862e-06
 Reference value :  6.44601e-06
 Reference value :  6.47758e-06
 Reference value :  6.50740e-06
 Reference value :  6.53546e-06
 Reference value :  6.55763e-06
 Reference value :  6.58837e-06
 Reference value :  6.61819e-06
 Reference value :  6.64976e-06
 Reference value :  6.67890e-06
 Reference value :  6.71223e-06
 Reference value :  6.74380e-06
 Reference value :  6.77537e-06
 Reference value :  6.80160e-06
 Reference value :  6.83317e-06
 Reference value :  6.86299e-06
 Reference value :  6.89281e-06
 Reference value :  6.92152e-06
 Reference value :  6.95309e-06
 Reference value :  6.98466e-06
 Reference value :  7.01177e-06
 Reference value :  7.04542e-06
 Reference value :  7.07699e-06
 Reference value :  7.11032e-06
 Reference value :  7.14004e-06
 Reference value :  7.17161e-06
 Reference value :  7.19967e-06
 Reference value :  7.22949e-06
 Reference value :  7.25982e-06
 Reference value :  7.29139e-06
 Reference value :  7.32296e-06
 Reference value :  7.35453e-06
 Reference value :  7.38714e-06
 Reference value :  7.41696e-06
 Reference value :  7.44853e-06
 Reference value :  7.47566e-06
 Reference value :  7.50723e-06
 Reference value :  7.53880e-06
 Reference value :  7.57037e-06
 Reference value :  7.59863e-06
 Reference value :  7.63020e-06
 Reference value :  7.66177e-06
 Reference value :  7.69310e-06
 Reference value :  7.71808e-06
 Reference value :  7.74790e-06
 Reference value :  7.77772e-06
 Reference value :  7.80929e-06
 Reference value :  7.83854e-06
 Reference value :  7.86836e-06
 Reference value :  7.89993e-06
 Reference value :  7.92289e-06
 Reference value :  7.95273e-06
 Reference value :  7.98430e-06
 Reference value :  8.01763e-06
 Reference value :  8.04733e-06
 Reference value :  8.07890e-06
 Reference value :  8.10872e-06
 Reference value :  8.14029e-06
 Reference value :  8.16602e-06
 Reference value :  8.19759e-06
 Reference value :  8.22917e-06
 Reference value :  8.25723e-06
 Reference value :  8.28553e-06
 Reference value :  8.31710e-06
 Reference value :  8.34867e-06
 Reference value :  8.37651e-06
 Reference value :  8.40416e-06
 Reference value :  8.43573e-06
 Reference value :  8.46730e-06
 Reference value :  8.49592e-06
 Reference value :  8.52894e-06
 Reference value :  8.56052e-06
 Reference value :  8.59209e-06
 Reference value :  8.61314e-06
 Reference value :  8.64647e-06
 Reference value :  8.67629e-06
 Reference value :  8.70611e-06
 Reference value :  8.73530e-06
 Reference value :  8.76687e-06
 Reference value :  8.79669e-06
 Reference value :  8.82826e-06
 Reference value :  8.85479e-06
 Reference value :  8.88636e-06
 Reference value :  8.91794e-06
 Reference value :  8.94728e-06
 Reference value :  8.97962e-06
 Reference value :  9.00768e-06
 Reference value :  9.03925e-06
 Reference value :  9.06422e-06
 Reference value :  9.09579e-06
 Reference value :  9.12561e-06
 Reference value :  9.15542e-06
 Reference value :  9.18390e-06
 Reference value :  9.21722e-06
 Reference value :  9.24704e-06
 Reference value :  9.27686e-06
 Reference value :  9.30323e-06
 Reference value :  9.33480e-06
 Reference value :  9.36462e-06
 Reference value :  9.39619e-06
 Reference value :  9.42275e-06
 Reference value :  9.45257e-06
 Reference value :  9.48414e-06
 Reference value :  9.51534e-06
 Reference value :  9.54576e-06
 Reference value :  9.57558e-06
 Reference value :  9.60715e-06
 Reference value :  9.63418e-06
 Reference value :  9.66734e-06
 Reference value :  9.69716e-06
 Reference value :  9.72697e-06
 Reference value :  9.75198e-06
 Reference value :  9.78355e-06
 Reference value :  9.81337e-06
 Reference value :  9.84494e-06
 Reference value :  9.87047e-06
 Reference value :  9.90204e-06
 Reference value :  9.93186e-06
 Reference value :  9.96343e-06
 Reference value :  9.98440e-06
 Reference value :  1.00160e-05
 Reference value :  1.00475e-05
 Reference value :  1.00774e-05
 Reference value :  1.01089e-05
 Reference value :  1.01405e-05
 Reference value :  1.01721e-05
 Reference value :  1.01991e-05
 Reference value :  1.02290e-05
 Reference value :  1.02605e-05
 Reference value :  1.02903e-05
 Reference value :  1.03189e-05
 Reference value :  1.03523e-05
 Reference value :  1.03838e-05
 Reference value :  1.04137e-05
 Reference value :  1.04342e-05
 Reference value :  1.04657e-05
 Reference value :  1.04973e-05
 Reference value :  1.05271e-05
No. of Data Rows : 6102
vhold_min           =  1.32000e+00 at=  2.80640e-10
tfirst              =  6.34323e-07
t1                  =  6.44245e-06
t2                  =  6.67015e-06
t3                  =  6.89875e-06
t4                  =  7.12583e-06
t5                  =  7.35367e-06
t6                  =  7.58173e-06
t7                  =  7.80870e-06
t8                  =  8.03647e-06
t9                  =  8.26493e-06
t10                 =  8.49266e-06
t11                 =  8.71957e-06
t12                 =  8.94806e-06
idd_run             =  -1.03912e-05 from=  6.31600e-06 to=  1.05300e-05
vmax                =  1.34053e+00 at=  7.35596e-06
vmin                =  -1.73779e-02 at=  1.01991e-05
Note: Simulation executed from .control section 
Note: Starting dynamic gmin stepping
Note: Dynamic gmin stepping completed
Note: Starting dynamic gmin stepping
Note: Dynamic gmin stepping completed
