
Note: No compatibility mode selected!


Circuit: * tt_analog_ring, code 128

Doing analysis at TEMP = 27.000000 and TNOM = 27.000000

Using SPARSE 1.3 as Direct Linear Solver
 Reference value :  0.00000e+00
No. of Data Rows : 1
idd_dis=0.000328608 vbp=0.557502 vbn=0.504125 clk_dis=1.2
Doing analysis at TEMP = 27.000000 and TNOM = 27.000000

Using SPARSE 1.3 as Direct Linear Solver

Initial Transient Solution
--------------------------

Node                                   Voltage
----                                   -------
vpwr                                       1.2
code[0]                                      0
code[1]                                      0
code[2]                                      0
code[3]                                      0
code[4]                                      0
code[5]                                      0
code[6]                                      0
code[7]                                    1.2
enable                                       0
xdut.vbp                              0.557502
xdut.vbn                              0.504125
xdut.n0                            1.97082e-07
xdut.p0                                    1.2
xdut.na0                               1.03941
xdut.s0                                    1.2
xdut.s10                                   1.2
xdut.n1                            5.53639e-07
xdut.p1                                    1.2
xdut.s1                            6.37365e-07
xdut.n2                            7.25105e-08
xdut.p2                                    1.2
xdut.s2                                    1.2
xdut.n3                            5.98661e-07
xdut.p3                                    1.2
xdut.s3                            6.88457e-07
xdut.n4                            1.53124e-07
xdut.p4                                    1.2
xdut.s4                                    1.2
xdut.n5                            6.26392e-07
xdut.p5                                    1.2
xdut.s5                            7.24203e-07
xdut.n6                            1.25248e-07
xdut.p6                                    1.2
xdut.s6                                    1.2
xdut.n7                            6.45466e-07
xdut.p7                                    1.2
xdut.s7                            7.44575e-07
xdut.n8                             4.7608e-08
xdut.p8                                    1.2
xdut.s8                                    1.2
xdut.n9                            5.70159e-07
xdut.p9                                    1.2
xdut.s9                            6.57016e-07
xdut.n10                            9.0133e-08
xdut.p10                                   1.2
xdut.b1                            1.54751e-07
clk_out                                    1.2
ven#branch                         7.42171e-12
vc7#branch                        -5.84959e-08
vc6#branch                         8.65905e-13
vc5#branch                         4.31795e-13
vc4#branch                         2.15614e-13
vc3#branch                         1.07489e-13
vc2#branch                         5.38358e-14
vc1#branch                         2.65691e-14
vc0#branch                         1.35512e-14
vdd#branch                        -0.000328608

 Reference value :  0.00000e+00
 Reference value :  1.02702e-09
 Reference value :  2.26142e-09
 Reference value :  3.43410e-09
 Reference value :  4.57592e-09
 Reference value :  5.77946e-09
 Reference value :  6.98300e-09
 Reference value :  8.18654e-09
 Reference value :  9.28060e-09
 Reference value :  9.89905e-09
 Reference value :  1.05780e-08
 Reference value :  1.12569e-08
 Reference value :  1.19667e-08
 Reference value :  1.26456e-08
 Reference value :  1.33245e-08
 Reference value :  1.39726e-08
 Reference value :  1.46515e-08
 Reference value :  1.52687e-08
 Reference value :  1.59476e-08
 Reference value :  1.66574e-08
 Reference value :  1.73363e-08
 Reference value :  1.79844e-08
 Reference value :  1.86633e-08
 Reference value :  1.93422e-08
 Reference value :  1.99903e-08
 Reference value :  2.06692e-08
 Reference value :  2.13481e-08
 Reference value :  2.20270e-08
 Reference value :  2.26751e-08
 Reference value :  2.33232e-08
 Reference value :  2.40021e-08
 Reference value :  2.46501e-08
 Reference value :  2.52982e-08
 Reference value :  2.60080e-08
 Reference value :  2.66560e-08
 Reference value :  2.72732e-08
 Reference value :  2.79213e-08
 Reference value :  2.86002e-08
 Reference value :  2.92483e-08
 Reference value :  2.98963e-08
 Reference value :  3.06370e-08
 Reference value :  3.12850e-08
 Reference value :  3.19331e-08
 Reference value :  3.26429e-08
 Reference value :  3.32601e-08
 Reference value :  3.39081e-08
 Reference value :  3.45562e-08
 Reference value :  3.52968e-08
 Reference value :  3.59757e-08
 Reference value :  3.65929e-08
 Reference value :  3.72719e-08
 Reference value :  3.78891e-08
 Reference value :  3.85371e-08
 Reference value :  3.92160e-08
 Reference value :  3.99258e-08
 Reference value :  4.06047e-08
 Reference value :  4.12528e-08
 Reference value :  4.19934e-08
 Reference value :  4.26415e-08
 Reference value :  4.32896e-08
 Reference value :  4.39685e-08
 Reference value :  4.46783e-08
 Reference value :  4.53572e-08
 Reference value :  4.60052e-08
 Reference value :  4.67150e-08
 Reference value :  4.73631e-08
 Reference value :  4.80420e-08
 Reference value :  4.87826e-08
 Reference value :  4.94616e-08
 Reference value :  5.01096e-08
 Reference value :  5.07577e-08
 Reference value :  5.14366e-08
 Reference value :  5.21155e-08
 Reference value :  5.27636e-08
 Reference value :  5.34734e-08
 Reference value :  5.41214e-08
 Reference value :  5.48003e-08
 Reference value :  5.54484e-08
 Reference value :  5.61273e-08
 Reference value :  5.67754e-08
 Reference value :  5.74234e-08
 Reference value :  5.81641e-08
 Reference value :  5.88121e-08
 Reference value :  5.94602e-08
 Reference value :  6.01391e-08
 Reference value :  6.08180e-08
 Reference value :  6.14661e-08
 Reference value :  6.21142e-08
 Reference value :  6.28548e-08
 Reference value :  6.35337e-08
 Reference value :  6.41818e-08
 Reference value :  6.48916e-08
 Reference value :  6.55088e-08
 Reference value :  6.61568e-08
 Reference value :  6.68049e-08
 Reference value :  6.75147e-08
 Reference value :  6.81627e-08
 Reference value :  6.88108e-08
 Reference value :  6.94897e-08
 Reference value :  7.01378e-08
 Reference value :  7.07858e-08
 Reference value :  7.14339e-08
 Reference value :  7.21437e-08
 Reference value :  7.28226e-08
 Reference value :  7.34398e-08
 Reference value :  7.41496e-08
 Reference value :  7.47976e-08
 Reference value :  7.54457e-08
 Reference value :  7.60937e-08
 Reference value :  7.67727e-08
 Reference value :  7.74516e-08
 Reference value :  7.80996e-08
 Reference value :  7.87786e-08
 Reference value :  7.94266e-08
 Reference value :  8.01056e-08
 Reference value :  8.07845e-08
 Reference value :  8.14634e-08
 Reference value :  8.21423e-08
 Reference value :  8.28212e-08
 Reference value :  8.35002e-08
 Reference value :  8.41791e-08
 Reference value :  8.48271e-08
 Reference value :  8.55369e-08
 Reference value :  8.62158e-08
 Reference value :  8.68639e-08
 Reference value :  8.75120e-08
 Reference value :  8.81909e-08
 Reference value :  8.88698e-08
 Reference value :  8.95487e-08
 Reference value :  9.02894e-08
 Reference value :  9.09683e-08
 Reference value :  9.16163e-08
 Reference value :  9.22953e-08
 Reference value :  9.29742e-08
 Reference value :  9.36222e-08
 Reference value :  9.43012e-08
 Reference value :  9.50727e-08
 Reference value :  9.56899e-08
 Reference value :  9.63071e-08
 Reference value :  9.69551e-08
 Reference value :  9.76340e-08
 Reference value :  9.83130e-08
 Reference value :  9.89610e-08
 Reference value :  9.97017e-08
 Reference value :  1.00381e-07
 Reference value :  1.01059e-07
 Reference value :  1.01769e-07
 Reference value :  1.02417e-07
 Reference value :  1.03035e-07
 Reference value :  1.03683e-07
 Reference value :  1.04392e-07
 Reference value :  1.05071e-07
 Reference value :  1.05719e-07
 Reference value :  1.06398e-07
 Reference value :  1.07046e-07
 Reference value :  1.07694e-07
 Reference value :  1.08373e-07
 Reference value :  1.09052e-07
 Reference value :  1.09700e-07
 Reference value :  1.10317e-07
 Reference value :  1.10996e-07
 Reference value :  1.11644e-07
 Reference value :  1.12293e-07
 Reference value :  1.12971e-07
 Reference value :  1.13712e-07
 Reference value :  1.14391e-07
 Reference value :  1.15039e-07
 Reference value :  1.15749e-07
 Reference value :  1.16397e-07
 Reference value :  1.17045e-07
 Reference value :  1.17755e-07
 Reference value :  1.18434e-07
 Reference value :  1.19082e-07
 Reference value :  1.19761e-07
 Reference value :  1.20440e-07
 Reference value :  1.21118e-07
 Reference value :  1.21767e-07
 Reference value :  1.22507e-07
 Reference value :  1.23155e-07
 Reference value :  1.23772e-07
 Reference value :  1.24421e-07
 Reference value :  1.25099e-07
 Reference value :  1.25747e-07
 Reference value :  1.26396e-07
 Reference value :  1.27105e-07
 Reference value :  1.27753e-07
 Reference value :  1.28432e-07
 Reference value :  1.29080e-07
 Reference value :  1.29759e-07
 Reference value :  1.30407e-07
 Reference value :  1.31055e-07
 Reference value :  1.31796e-07
 Reference value :  1.32413e-07
 Reference value :  1.33061e-07
 Reference value :  1.33709e-07
 Reference value :  1.34388e-07
 Reference value :  1.35005e-07
 Reference value :  1.35654e-07
 Reference value :  1.36363e-07
 Reference value :  1.37042e-07
 Reference value :  1.37690e-07
 Reference value :  1.38338e-07
 Reference value :  1.39017e-07
 Reference value :  1.39665e-07
 Reference value :  1.40313e-07
 Reference value :  1.41054e-07
 Reference value :  1.41733e-07
 Reference value :  1.42381e-07
 Reference value :  1.43060e-07
 Reference value :  1.43708e-07
 Reference value :  1.44387e-07
 Reference value :  1.45035e-07
 Reference value :  1.45745e-07
 Reference value :  1.46393e-07
 Reference value :  1.47041e-07
 Reference value :  1.47751e-07
 Reference value :  1.48399e-07
 Reference value :  1.49047e-07
 Reference value :  1.49726e-07
 Reference value :  1.50435e-07
 Reference value :  1.51145e-07
 Reference value :  1.51793e-07
 Reference value :  1.52503e-07
 Reference value :  1.53182e-07
 Reference value :  1.53830e-07
 Reference value :  1.54540e-07
 Reference value :  1.55250e-07
 Reference value :  1.55929e-07
 Reference value :  1.56577e-07
 Reference value :  1.57286e-07
 Reference value :  1.57934e-07
 Reference value :  1.58583e-07
 Reference value :  1.59261e-07
 Reference value :  1.59940e-07
 Reference value :  1.60558e-07
 Reference value :  1.61206e-07
 Reference value :  1.61915e-07
 Reference value :  1.62563e-07
 Reference value :  1.63212e-07
 Reference value :  1.63921e-07
 Reference value :  1.64600e-07
 Reference value :  1.65248e-07
 Reference value :  1.65927e-07
 Reference value :  1.66637e-07
 Reference value :  1.67254e-07
 Reference value :  1.67902e-07
 Reference value :  1.68643e-07
 Reference value :  1.69291e-07
 Reference value :  1.69939e-07
 Reference value :  1.70618e-07
 Reference value :  1.71297e-07
 Reference value :  1.71945e-07
 Reference value :  1.72593e-07
 Reference value :  1.73303e-07
 Reference value :  1.73951e-07
 Reference value :  1.74630e-07
 Reference value :  1.75340e-07
 Reference value :  1.75988e-07
 Reference value :  1.76666e-07
 Reference value :  1.77345e-07
 Reference value :  1.78055e-07
 Reference value :  1.78703e-07
 Reference value :  1.79351e-07
 Reference value :  1.80061e-07
 Reference value :  1.80709e-07
 Reference value :  1.81357e-07
 Reference value :  1.82005e-07
 Reference value :  1.82684e-07
 Reference value :  1.83363e-07
 Reference value :  1.84011e-07
 Reference value :  1.84690e-07
No. of Data Rows : 6015
vhold_min           =  1.20000e+00 at=  1.01221e-10
tfirst              =  1.20624e-08
t1                  =  1.15649e-07
t2                  =  1.20253e-07
t3                  =  1.24857e-07
t4                  =  1.29461e-07
t5                  =  1.34064e-07
t6                  =  1.38668e-07
t7                  =  1.43272e-07
t8                  =  1.47876e-07
t9                  =  1.52480e-07
t10                 =  1.57083e-07
t11                 =  1.61687e-07
t12                 =  1.66291e-07
idd_run             =  -3.43824e-04 from=  1.11100e-07 to=  1.85200e-07
vmax                =  1.21136e+00 at=  1.50034e-07
vmin                =  -7.11024e-03 at=  1.70741e-07
Note: Simulation executed from .control section 
Note: Starting dynamic gmin stepping
Note: Dynamic gmin stepping completed
Note: Starting dynamic gmin stepping
Note: Dynamic gmin stepping completed
