
Note: No compatibility mode selected!


Circuit: * stage delay at code 255

Doing analysis at TEMP = 27.000000 and TNOM = 27.000000

Using SPARSE 1.3 as Direct Linear Solver

Initial Transient Solution
--------------------------

Node                                   Voltage
----                                   -------
vpwr                                      1.08
code[0]                                   1.08
code[1]                                   1.08
code[2]                                   1.08
code[3]                                   1.08
code[4]                                   1.08
code[5]                                   1.08
code[6]                                   1.08
code[7]                                   1.08
vbp                                   0.386708
vbn                                   0.537254
a                                            0
xdrv.net1                                 1.08
b                                         1.08
xdrv.net2                          7.65059e-08
xdut.net1                                 1.08
y                                   5.0439e-07
xdut.net2                          4.14692e-07
xload.net1                                1.08
z                                         1.08
xload.net2                         7.65068e-08
xload2.net1                               1.08
zz                                 4.26536e-07
xload2.net2                        3.51561e-07
vin#branch                         5.04366e-12
vc7#branch                        -4.49478e-08
vc6#branch                        -2.24491e-08
vc5#branch                        -1.11998e-08
vc4#branch                        -5.57509e-09
vc3#branch                        -2.76275e-09
vc2#branch                        -1.35658e-09
vc1#branch                        -6.53493e-10
vc0#branch                        -3.01951e-10
vdd#branch                        -0.000452427

 Reference value :  2.17707e-10
 Reference value :  1.32311e-09
 Reference value :  2.05449e-09
 Reference value :  2.96712e-09
 Reference value :  3.98819e-09
 Reference value :  4.84541e-09
 Reference value :  5.58937e-09
 Reference value :  6.61345e-09
 Reference value :  7.58090e-09
 Reference value :  8.27427e-09
 Reference value :  9.26823e-09
 Reference value :  1.02712e-08
 Reference value :  1.10321e-08
 Reference value :  1.18543e-08
 Reference value :  1.28694e-08
 Reference value :  1.37621e-08
 Reference value :  1.45061e-08
 Reference value :  1.55181e-08
 Reference value :  1.65181e-08
 Reference value :  1.72067e-08
No. of Data Rows : 6046
tin_f               =  7.68273e-09
tout_r              =  7.82417e-09
tin_r               =  1.07218e-08
tout_f              =  1.08897e-08
tplh=1.41448E-10 tphl=1.6785E-10
t40r                =  7.80287e-09
t60r                =  7.84821e-09
t60f                =  1.08659e-08
t40f                =  1.09145e-08
sr_r=4.76348E+09 sr_f=-4.44627E+09
tr                  =  7.76227e-09
tr8                 =  7.93491e-09
tf                  =  1.08195e-08
tf2                 =  1.09802e-08
trise=1.72641E-10 tfall=1.6068E-10
Note: Simulation executed from .control section 
Note: Starting dynamic gmin stepping
Note: Dynamic gmin stepping completed
