
Note: Compatibility modes selected: hs a


Circuit: * tt_analog_ring, code 16

Doing analysis at TEMP = 27.000000 and TNOM = 27.000000

Using SPARSE 1.3 as Direct Linear Solver
 Reference value :  0.00000e+00
No. of Data Rows : 1
idd_dis=5.14641E-05 vbp=0.745608 vbn=0.354194 clk_dis=1.2
Doing analysis at TEMP = 27.000000 and TNOM = 27.000000

Using SPARSE 1.3 as Direct Linear Solver

Initial Transient Solution
--------------------------

Node                                   Voltage
----                                   -------
vpwr                                       1.2
code[0]                                      0
code[1]                                      0
code[2]                                      0
code[3]                                      0
code[4]                                    1.2
code[5]                                      0
code[6]                                      0
code[7]                                      0
enable                                       0
xdut.vbp                              0.745608
clk_out                                    1.2
xdut.b1                            1.51723e-07
xdut.s3                            2.78701e-06
xdut.s2                                    1.2
xdut.n_126                                 1.2
xdut.s1                            2.35942e-06
xdut.n_125                                 1.2
xdut.s10                                   1.2
xdut.s6                                    1.2
xdut.s5                            2.38603e-06
xdut.n_128                                 1.2
xdut.s9                            1.53853e-06
xdut.n_133                                 1.2
xdut.s4                                    1.2
xdut.n_129                                 1.2
xdut.s8                                    1.2
xdut.n_132                                 1.2
xdut.s7                            1.93892e-06
xdut.n_130                                 1.2
xdut.n_127                                 1.2
xdut.n_131                                 1.2
xdut.s0                                    1.2
xdut.n_124                                 1.2
xdut.n_71                           2.2534e-06
xdut.n_72                          1.84741e-06
xdut.n_70                           1.7427e-07
xdut.n_77                           2.6598e-06
xdut.n_75                          3.81694e-07
xdut.n_73                            2.566e-07
xdut.n_67                          2.04771e-07
xdut.n_76                          2.13125e-07
xdut.n_69                           1.4685e-06
xdut.n_74                          2.29639e-06
xdut.n_122                                 1.2
xdut.n_i1005                           1.01432
xdut.n_68                          7.63902e-07
xdut.vbn                              0.354194
ven#branch                         7.42701e-12
vc7#branch                         4.04985e-12
vc6#branch                         2.02195e-12
vc5#branch                         1.01395e-12
vc4#branch                        -6.72244e-09
vc3#branch                         2.54311e-13
vc2#branch                         1.24074e-13
vc1#branch                         6.42685e-14
vc0#branch                           3.161e-14
vdd#branch                        -5.14641e-05

 Reference value :  0.00000e+00
 Reference value :  2.06953e-08
 Reference value :  4.63476e-08
 Reference value :  7.16386e-08
 Reference value :  9.69296e-08
 Reference value :  1.12915e-07
 Reference value :  1.25561e-07
 Reference value :  1.38125e-07
 Reference value :  1.51493e-07
 Reference value :  1.65197e-07
 Reference value :  1.78565e-07
 Reference value :  1.87236e-07
 Reference value :  1.94645e-07
 Reference value :  2.02955e-07
 Reference value :  2.15600e-07
 Reference value :  2.26689e-07
 Reference value :  2.34638e-07
 Reference value :  2.42052e-07
 Reference value :  2.49767e-07
 Reference value :  2.57716e-07
 Reference value :  2.66387e-07
 Reference value :  2.75359e-07
 Reference value :  2.88727e-07
 Reference value :  3.01523e-07
 Reference value :  3.14530e-07
 Reference value :  3.27777e-07
 Reference value :  3.41506e-07
 Reference value :  3.54593e-07
 Reference value :  3.67961e-07
 Reference value :  3.81575e-07
 Reference value :  3.95304e-07
 Reference value :  4.08864e-07
 Reference value :  4.22232e-07
 Reference value :  4.35494e-07
 Reference value :  4.48500e-07
 Reference value :  4.61464e-07
 Reference value :  4.75194e-07
 Reference value :  4.88485e-07
 Reference value :  5.02576e-07
 Reference value :  5.15368e-07
 Reference value :  5.28375e-07
 Reference value :  5.40899e-07
 Reference value :  5.54267e-07
 Reference value :  5.67022e-07
 Reference value :  5.80390e-07
 Reference value :  5.93637e-07
 Reference value :  6.07367e-07
 Reference value :  6.20119e-07
 Reference value :  6.33487e-07
 Reference value :  6.47095e-07
 Reference value :  6.59740e-07
 Reference value :  6.73220e-07
 Reference value :  6.85143e-07
 Reference value :  6.98028e-07
 Reference value :  7.11396e-07
 Reference value :  7.24506e-07
 Reference value :  7.38235e-07
 Reference value :  7.51843e-07
 Reference value :  7.65211e-07
 Reference value :  7.78397e-07
 Reference value :  7.91403e-07
 Reference value :  8.05030e-07
 Reference value :  8.18037e-07
 Reference value :  8.30676e-07
 Reference value :  8.43322e-07
 Reference value :  8.56937e-07
 Reference value :  8.69583e-07
 Reference value :  8.83171e-07
 Reference value :  8.96539e-07
 Reference value :  9.10524e-07
 Reference value :  9.24254e-07
 Reference value :  9.36901e-07
 Reference value :  9.50269e-07
 Reference value :  9.63879e-07
 Reference value :  9.76885e-07
 Reference value :  9.89731e-07
 Reference value :  1.00274e-06
 Reference value :  1.01636e-06
 Reference value :  1.02973e-06
 Reference value :  1.04276e-06
 Reference value :  1.05576e-06
 Reference value :  1.06937e-06
 Reference value :  1.08310e-06
 Reference value :  1.09630e-06
 Reference value :  1.10930e-06
 Reference value :  1.12257e-06
 Reference value :  1.13593e-06
 Reference value :  1.14898e-06
 Reference value :  1.16127e-06
 Reference value :  1.17524e-06
 Reference value :  1.18824e-06
 Reference value :  1.20098e-06
 Reference value :  1.21399e-06
 Reference value :  1.22759e-06
 Reference value :  1.24096e-06
 Reference value :  1.25452e-06
 Reference value :  1.26789e-06
 Reference value :  1.28223e-06
 Reference value :  1.29415e-06
 Reference value :  1.30615e-06
 Reference value :  1.31879e-06
 Reference value :  1.33278e-06
 Reference value :  1.34579e-06
 Reference value :  1.35887e-06
 Reference value :  1.37260e-06
 Reference value :  1.38586e-06
 Reference value :  1.39958e-06
 Reference value :  1.41196e-06
 Reference value :  1.42532e-06
 Reference value :  1.43930e-06
 Reference value :  1.45303e-06
 Reference value :  1.46651e-06
 Reference value :  1.47951e-06
 Reference value :  1.49349e-06
 Reference value :  1.50541e-06
 Reference value :  1.51816e-06
 Reference value :  1.53009e-06
 Reference value :  1.54346e-06
 Reference value :  1.55599e-06
 Reference value :  1.56931e-06
 Reference value :  1.58284e-06
 Reference value :  1.59477e-06
 Reference value :  1.60225e-06
 Reference value :  1.61056e-06
 Reference value :  1.61923e-06
 Reference value :  1.63021e-06
 Reference value :  1.64357e-06
 Reference value :  1.65756e-06
 Reference value :  1.67201e-06
 Reference value :  1.68375e-06
 Reference value :  1.69604e-06
 Reference value :  1.70722e-06
 Reference value :  1.71914e-06
 Reference value :  1.72817e-06
 Reference value :  1.74160e-06
 Reference value :  1.75604e-06
 Reference value :  1.76941e-06
 Reference value :  1.78232e-06
 Reference value :  1.79532e-06
 Reference value :  1.80935e-06
 Reference value :  1.82268e-06
 Reference value :  1.83623e-06
 Reference value :  1.84959e-06
 Reference value :  1.86330e-06
 Reference value :  1.87739e-06
 Reference value :  1.89154e-06
 Reference value :  1.90491e-06
 Reference value :  1.91935e-06
 Reference value :  1.93308e-06
 Reference value :  1.94635e-06
 Reference value :  1.95972e-06
 Reference value :  1.97371e-06
 Reference value :  1.98743e-06
 Reference value :  2.00098e-06
 Reference value :  2.01435e-06
 Reference value :  2.02842e-06
 Reference value :  2.04287e-06
 Reference value :  2.05666e-06
 Reference value :  2.07075e-06
 Reference value :  2.08447e-06
 Reference value :  2.09784e-06
 Reference value :  2.11074e-06
 Reference value :  2.12447e-06
 Reference value :  2.13774e-06
 Reference value :  2.15183e-06
 Reference value :  2.16538e-06
No. of Data Rows : 6057
vhold_min           =  1.20000e+00 at=  4.62464e-10
tfirst              =  1.35154e-07
t1                  =  1.33081e-06
t2                  =  1.38391e-06
t3                  =  1.43700e-06
t4                  =  1.49010e-06
t5                  =  1.54320e-06
t6                  =  1.59630e-06
t7                  =  1.64941e-06
t8                  =  1.70252e-06
t9                  =  1.75563e-06
t10                 =  1.80875e-06
t11                 =  1.86186e-06
t12                 =  1.91496e-06
idd_run             =  -5.43111e-05 from=  1.30100e-06 to=  2.16800e-06
vmax                =  1.22445e+00 at=  1.43754e-06
vmin                =  -3.23830e-02 at=  1.67555e-06
Note: Simulation executed from .control section 
Warning: m=xx on .subckt line will override multiplier m hierarchy!

Note: Starting dynamic gmin stepping
Note: Dynamic gmin stepping completed
Note: Starting dynamic gmin stepping
Note: Dynamic gmin stepping completed
