
Note: No compatibility mode selected!


Circuit: * tt_analog_ring, code 64

Doing analysis at TEMP = 125.000000 and TNOM = 27.000000

Using SPARSE 1.3 as Direct Linear Solver
 Reference value :  0.00000e+00
No. of Data Rows : 1
idd_dis=0.000103756 vbp=0.616332 vbn=0.349569 clk_dis=1.08
Doing analysis at TEMP = 125.000000 and TNOM = 27.000000

Using SPARSE 1.3 as Direct Linear Solver

Initial Transient Solution
--------------------------

Node                                   Voltage
----                                   -------
vpwr                                      1.08
code[0]                                      0
code[1]                                      0
code[2]                                      0
code[3]                                      0
code[4]                                      0
code[5]                                      0
code[6]                                   1.08
code[7]                                      0
enable                                       0
xdut.vbp                              0.616332
xdut.vbn                              0.349569
xdut.n0                              2.704e-05
xdut.p0                                1.07997
xdut.na0                               0.90935
xdut.s0                                1.07997
xdut.s10                               1.07998
xdut.n1                            4.82558e-05
xdut.p1                                1.07995
xdut.s1                            5.26094e-05
xdut.n2                            1.36269e-05
xdut.p2                                1.07999
xdut.s2                                1.07998
xdut.n3                             4.8242e-05
xdut.p3                                1.07995
xdut.s3                            5.25942e-05
xdut.n4                            1.36269e-05
xdut.p4                                1.07999
xdut.s4                                1.07998
xdut.n5                             4.8242e-05
xdut.p5                                1.07995
xdut.s5                            5.25942e-05
xdut.n6                            1.36269e-05
xdut.p6                                1.07999
xdut.s6                                1.07998
xdut.n7                             4.8242e-05
xdut.p7                                1.07995
xdut.s7                            5.25942e-05
xdut.n8                            1.36269e-05
xdut.p8                                1.07999
xdut.s8                                1.07998
xdut.n9                             4.8242e-05
xdut.p9                                1.07995
xdut.s9                            5.25942e-05
xdut.n10                           1.36269e-05
xdut.p10                               1.07999
xdut.b1                            4.45787e-06
clk_out                                   1.08
ven#branch                         8.16929e-12
vc7#branch                         1.00321e-11
vc6#branch                         -2.9084e-08
vc5#branch                         2.50803e-12
vc4#branch                         1.25402e-12
vc3#branch                         6.27008e-13
vc2#branch                         3.13504e-13
vc1#branch                         1.56752e-13
vc0#branch                          7.8376e-14
vdd#branch                        -0.000103756

 Reference value :  0.00000e+00
 Reference value :  1.49629e-09
 Reference value :  3.34814e-09
 Reference value :  5.19999e-09
 Reference value :  7.05184e-09
 Reference value :  8.90369e-09
 Reference value :  1.07555e-08
 Reference value :  1.27661e-08
 Reference value :  1.47238e-08
 Reference value :  1.60070e-08
 Reference value :  1.72134e-08
 Reference value :  1.83245e-08
 Reference value :  1.94356e-08
 Reference value :  2.05467e-08
 Reference value :  2.17107e-08
 Reference value :  2.29277e-08
 Reference value :  2.40917e-08
 Reference value :  2.52028e-08
 Reference value :  2.64197e-08
 Reference value :  2.75837e-08
 Reference value :  2.88007e-08
 Reference value :  2.99647e-08
 Reference value :  3.11287e-08
 Reference value :  3.22398e-08
 Reference value :  3.33509e-08
 Reference value :  3.45150e-08
 Reference value :  3.56790e-08
 Reference value :  3.67901e-08
 Reference value :  3.79541e-08
 Reference value :  3.90652e-08
 Reference value :  4.02292e-08
 Reference value :  4.14462e-08
 Reference value :  4.26102e-08
 Reference value :  4.37213e-08
 Reference value :  4.47795e-08
 Reference value :  4.58377e-08
 Reference value :  4.69488e-08
 Reference value :  4.81128e-08
 Reference value :  4.92239e-08
 Reference value :  5.03350e-08
 Reference value :  5.13932e-08
 Reference value :  5.25044e-08
 Reference value :  5.37213e-08
 Reference value :  5.47795e-08
 Reference value :  5.58906e-08
 Reference value :  5.70017e-08
 Reference value :  5.81128e-08
 Reference value :  5.92239e-08
 Reference value :  6.04409e-08
 Reference value :  6.16578e-08
 Reference value :  6.28218e-08
 Reference value :  6.39858e-08
 Reference value :  6.51498e-08
 Reference value :  6.64197e-08
 Reference value :  6.75837e-08
 Reference value :  6.86948e-08
 Reference value :  6.99117e-08
 Reference value :  7.10229e-08
 Reference value :  7.22398e-08
 Reference value :  7.34567e-08
 Reference value :  7.46207e-08
 Reference value :  7.57318e-08
 Reference value :  7.67900e-08
 Reference value :  7.78482e-08
 Reference value :  7.90652e-08
 Reference value :  8.01763e-08
 Reference value :  8.13403e-08
 Reference value :  8.25043e-08
 Reference value :  8.36683e-08
 Reference value :  8.48324e-08
 Reference value :  8.59435e-08
 Reference value :  8.70546e-08
 Reference value :  8.81128e-08
 Reference value :  8.92239e-08
 Reference value :  9.03879e-08
 Reference value :  9.15519e-08
 Reference value :  9.27160e-08
 Reference value :  9.38800e-08
 Reference value :  9.49382e-08
 Reference value :  9.59964e-08
 Reference value :  9.71604e-08
 Reference value :  9.83244e-08
 Reference value :  9.94355e-08
 Reference value :  1.00494e-07
 Reference value :  1.01605e-07
 Reference value :  1.02663e-07
 Reference value :  1.03827e-07
 Reference value :  1.04938e-07
 Reference value :  1.06102e-07
 Reference value :  1.07160e-07
 Reference value :  1.08271e-07
 Reference value :  1.09488e-07
 Reference value :  1.10705e-07
 Reference value :  1.11869e-07
 Reference value :  1.12980e-07
 Reference value :  1.14145e-07
 Reference value :  1.15309e-07
 Reference value :  1.16473e-07
 Reference value :  1.17637e-07
 Reference value :  1.18748e-07
 Reference value :  1.19859e-07
 Reference value :  1.20970e-07
 Reference value :  1.22134e-07
 Reference value :  1.23245e-07
 Reference value :  1.24409e-07
 Reference value :  1.25520e-07
 Reference value :  1.26631e-07
 Reference value :  1.27795e-07
 Reference value :  1.29012e-07
 Reference value :  1.30176e-07
 Reference value :  1.31340e-07
 Reference value :  1.32557e-07
 Reference value :  1.33721e-07
 Reference value :  1.34885e-07
 Reference value :  1.36049e-07
 Reference value :  1.37213e-07
 Reference value :  1.38324e-07
 Reference value :  1.39383e-07
 Reference value :  1.40547e-07
 Reference value :  1.41658e-07
 Reference value :  1.42769e-07
 Reference value :  1.43880e-07
 Reference value :  1.45044e-07
 Reference value :  1.46208e-07
 Reference value :  1.47372e-07
 Reference value :  1.48536e-07
 Reference value :  1.49700e-07
 Reference value :  1.50864e-07
 Reference value :  1.52028e-07
 Reference value :  1.53298e-07
 Reference value :  1.54409e-07
 Reference value :  1.55573e-07
 Reference value :  1.56684e-07
 Reference value :  1.57848e-07
 Reference value :  1.59118e-07
 Reference value :  1.60282e-07
 Reference value :  1.61393e-07
 Reference value :  1.62557e-07
 Reference value :  1.63668e-07
 Reference value :  1.64779e-07
 Reference value :  1.65996e-07
 Reference value :  1.67160e-07
 Reference value :  1.68324e-07
 Reference value :  1.69488e-07
 Reference value :  1.70599e-07
 Reference value :  1.71816e-07
 Reference value :  1.73033e-07
 Reference value :  1.74197e-07
 Reference value :  1.75361e-07
 Reference value :  1.76472e-07
 Reference value :  1.77637e-07
 Reference value :  1.78748e-07
 Reference value :  1.79912e-07
 Reference value :  1.80970e-07
 Reference value :  1.82081e-07
 Reference value :  1.83192e-07
 Reference value :  1.84356e-07
 Reference value :  1.85414e-07
 Reference value :  1.86578e-07
 Reference value :  1.87742e-07
 Reference value :  1.88853e-07
 Reference value :  1.90017e-07
 Reference value :  1.91181e-07
 Reference value :  1.92345e-07
 Reference value :  1.93457e-07
 Reference value :  1.94621e-07
 Reference value :  1.95732e-07
 Reference value :  1.96896e-07
 Reference value :  1.98060e-07
 Reference value :  1.99224e-07
 Reference value :  2.00282e-07
 Reference value :  2.01393e-07
 Reference value :  2.02610e-07
 Reference value :  2.03774e-07
 Reference value :  2.04885e-07
 Reference value :  2.05996e-07
 Reference value :  2.07054e-07
 Reference value :  2.08166e-07
 Reference value :  2.09383e-07
 Reference value :  2.10494e-07
 Reference value :  2.11605e-07
 Reference value :  2.12716e-07
 Reference value :  2.13880e-07
 Reference value :  2.15097e-07
 Reference value :  2.16261e-07
 Reference value :  2.17372e-07
 Reference value :  2.18483e-07
 Reference value :  2.19594e-07
 Reference value :  2.20652e-07
 Reference value :  2.21816e-07
 Reference value :  2.22980e-07
 Reference value :  2.24144e-07
 Reference value :  2.25308e-07
 Reference value :  2.26420e-07
 Reference value :  2.27689e-07
 Reference value :  2.28906e-07
 Reference value :  2.30070e-07
 Reference value :  2.31234e-07
 Reference value :  2.32398e-07
 Reference value :  2.33562e-07
 Reference value :  2.34726e-07
 Reference value :  2.35943e-07
 Reference value :  2.37107e-07
 Reference value :  2.38324e-07
 Reference value :  2.39488e-07
 Reference value :  2.40705e-07
 Reference value :  2.41869e-07
 Reference value :  2.42980e-07
 Reference value :  2.44144e-07
 Reference value :  2.45203e-07
 Reference value :  2.46420e-07
 Reference value :  2.47584e-07
 Reference value :  2.48695e-07
 Reference value :  2.49806e-07
 Reference value :  2.50970e-07
 Reference value :  2.52187e-07
 Reference value :  2.53351e-07
 Reference value :  2.54515e-07
 Reference value :  2.55679e-07
 Reference value :  2.56790e-07
 Reference value :  2.57901e-07
 Reference value :  2.59118e-07
 Reference value :  2.60335e-07
 Reference value :  2.61446e-07
 Reference value :  2.62557e-07
 Reference value :  2.63774e-07
 Reference value :  2.64991e-07
 Reference value :  2.66102e-07
 Reference value :  2.67266e-07
 Reference value :  2.68430e-07
 Reference value :  2.69594e-07
 Reference value :  2.70758e-07
 Reference value :  2.71975e-07
 Reference value :  2.73139e-07
 Reference value :  2.74356e-07
 Reference value :  2.75520e-07
 Reference value :  2.76631e-07
 Reference value :  2.77848e-07
 Reference value :  2.79012e-07
 Reference value :  2.80176e-07
 Reference value :  2.81340e-07
 Reference value :  2.82451e-07
 Reference value :  2.83668e-07
 Reference value :  2.84832e-07
 Reference value :  2.85996e-07
 Reference value :  2.87107e-07
 Reference value :  2.88218e-07
 Reference value :  2.89382e-07
 Reference value :  2.90546e-07
 Reference value :  2.91710e-07
 Reference value :  2.92874e-07
 Reference value :  2.94091e-07
 Reference value :  2.95255e-07
 Reference value :  2.96472e-07
 Reference value :  2.97636e-07
 Reference value :  2.98800e-07
 Reference value :  2.99964e-07
 Reference value :  3.01076e-07
 Reference value :  3.02292e-07
 Reference value :  3.03404e-07
 Reference value :  3.04515e-07
 Reference value :  3.05679e-07
 Reference value :  3.06843e-07
 Reference value :  3.08007e-07
 Reference value :  3.09224e-07
 Reference value :  3.10388e-07
 Reference value :  3.11552e-07
 Reference value :  3.12716e-07
 Reference value :  3.13880e-07
 Reference value :  3.15097e-07
 Reference value :  3.16261e-07
 Reference value :  3.17425e-07
No. of Data Rows : 6015
vhold_min           =  1.08000e+00 at=  1.20635e-10
tfirst              =  2.27528e-08
t1                  =  1.90645e-07
t2                  =  2.03075e-07
t3                  =  2.15504e-07
t4                  =  2.27934e-07
t5                  =  2.40364e-07
t6                  =  2.52794e-07
t7                  =  2.65224e-07
t8                  =  2.77654e-07
t9                  =  2.90084e-07
t10                 =  3.02514e-07
t11                 =  3.14944e-07
idd_run             =  -1.09756e-04 from=  1.90500e-07 to=  3.17500e-07
vmax                =  1.08501e+00 at=  2.08906e-07
vmin                =  -2.80047e-03 at=  2.89753e-07
Note: Simulation executed from .control section 
Note: Starting dynamic gmin stepping
Note: Dynamic gmin stepping completed
Note: Starting dynamic gmin stepping
Note: Dynamic gmin stepping completed

Error: measure  t12  when(WHEN) : out of interval
 meas tran t12 when v(clk_out)=5.400000e-01 rise=12 from=1.905000e-07 failed!

